[33mYour global Angular CLI version (12.0.3) is greater than your local version (10.2.1). The local Angular CLI version is used.[39m
[33m[39m
[33mTo disable this warning use "ng config -g cli.warnings.versionMismatch false".[39m
- Generating browser application bundles...
[32m✔[39m Browser application bundle generation complete.
[1m[33m[39m[22m
[1m[33m[0m[93mWarning: /Users/zefram/Documents/GitHub/astrodrop-frontend/src/app/create/create.component.ts depends on 'bignumber.js'. CommonJS or AMD dependencies can cause optimization bailouts.[39m[33m[0m[39m[22m
[1m[33m[0m[93mFor more info see: https://angular.io/guide/build#configuring-commonjs-dependencies[39m[33m[0m[39m[22m
[1m[33m[0m[93m[39m[33m[0m[39m[22m
[1m[33m[0m[93m[39m[33m[0m[0m[93mWarning: /Users/zefram/Documents/GitHub/astrodrop-frontend/src/app/create/create.component.ts depends on 'papaparse'. CommonJS or AMD dependencies can cause optimization bailouts.[39m[33m[0m[39m[22m
[1m[33m[0m[93mFor more info see: https://angular.io/guide/build#configuring-commonjs-dependencies[39m[33m[0m[39m[22m
[1m[33m[0m[93m[39m[33m[0m[39m[22m
[1m[33m[0m[93m[39m[33m[0m[0m[93mWarning: /Users/zefram/Documents/GitHub/astrodrop-frontend/src/app/profile/profile.component.ts depends on 'graphql-request'. CommonJS or AMD dependencies can cause optimization bailouts.[39m[33m[0m[39m[22m
[1m[33m[0m[93mFor more info see: https://angular.io/guide/build#configuring-commonjs-dependencies[39m[33m[0m[39m[22m
[1m[33m[0m[93m[39m[33m[0m[39m[22m
[1m[33m[0m[93m[39m[33m[0m[0m[93mWarning: /Users/zefram/Documents/GitHub/astrodrop-frontend/src/libs/merkle-tree/merkle-tree.ts depends on 'ethereumjs-util'. CommonJS or AMD dependencies can cause optimization bailouts.[39m[33m[0m[39m[22m
[1m[33m[0m[93mFor more info see: https://angular.io/guide/build#configuring-commonjs-dependencies[39m[33m[0m[39m[22m
[1m[33m[0m[93m[39m[33m[0m[39m[22m
[1m[33m[0m[93m[39m[33m[0m[0m[93mWarning: /Users/zefram/Documents/GitHub/astrodrop-frontend/node_modules/bnc-onboard/dist/esm/providerEngine-771e7e5b.js depends on 'web3-provider-engine/subproviders/filters'. CommonJS or AMD dependencies can cause optimization bailouts.[39m[33m[0m[39m[22m
[1m[33m[0m[93mFor more info see: https://angular.io/guide/build#configuring-commonjs-dependencies[39m[33m[0m[39m[22m
[1m[33m[0m[93m[39m[33m[0m[39m[22m
[1m[33m[0m[93m[39m[33m[0m[0m[93mWarning: /Users/zefram/Documents/GitHub/astrodrop-frontend/node_modules/bnc-onboard/dist/esm/providerEngine-771e7e5b.js depends on 'web3-provider-engine/subproviders/subscriptions'. CommonJS or AMD dependencies can cause optimiza[39m[22m[1m[33mtion bailouts.[39m[33m[0m[39m[22m
[1m[33m[0m[93mFor more info see: https://angular.io/guide/build#configuring-commonjs-dependencies[39m[33m[0m[39m[22m
[1m[33m[0m[93m[39m[33m[0m[39m[22m
[1m[33m[0m[93m[39m[33m[0m[0m[93mWarning: /Users/zefram/Documents/GitHub/astrodrop-frontend/node_modules/bnc-onboard/dist/esm/providerEngine-771e7e5b.js depends on 'web3-provider-engine/subproviders/hooked-wallet'. CommonJS or AMD dependencies can cause optimization bailouts.[39m[33m[0m[39m[22m
[1m[33m[0m[93mFor more info see: https://angular.io/guide/build#configuring-commonjs-dependencies[39m[33m[0m[39m[22m
[1m[33m[0m[93m[39m[33m[0m[39m[22m
[1m[33m[0m[93m[39m[33m[0m[0m[93mWarning: /Users/zefram/Documents/GitHub/astrodrop-frontend/node_modules/bnc-onboard/dist/esm/providerEngine-771e7e5b.js depends on 'web3-provider-engine/subproviders/rpc'. CommonJS or AMD dependencies can cause optimization bailouts.[39m[33m[0m[39m[22m
[1m[33m[0m[93mFor more info see: https://angular.io/guide/build#configuring-commonjs-dependencies[39m[33m[0m[39m[22m
[1m[33m[0m[93m[39m[33m[0m[39m[22m
[1m[33m[0m[93m[39m[33m[0m[0m[93mWarning: /Users/zefram/Documents/GitHub/astrodrop-frontend/node_modules/bnc-onboard/dist/esm/providerEngine-771e7e5b.js depends on 'web3-provider-engine'. CommonJS or AMD dependencies can cause optimization bailouts.[39m[33m[0m[39m[22m
[1m[33m[0m[93mFor more info see: https://angular.io/guide/build#configuring-commonjs-dependencies[39m[33m[0m[39m[22m
[1m[33m[0m[93m[39m[33m[0m[39m[22m
[1m[33m[0m[93m[39m[33m[0m[0m[93mWarning: /Users/zefram/Documents/GitHub/astrodrop-frontend/node_modules/bnc-onboard/dist/esm/hd-wallet-51018814.js depends on 'hdkey'. CommonJS or AMD dependencies can cause optimization bailouts.[39m[33m[0m[39m[22m
[1m[33m[0m[93mFor more info see: https://angular.io/guide/build#configuring-commonjs-dependencies[39m[33m[0m[39m[22m
[1m[33m[0m[93m[39m[33m[0m[39m[22m
[1m[33m[0m[93m[39m[33m[0m[0m[93mWarning: /Users/zefram/Documents/GitHub/astrodrop-frontend/node_modules/eth-sig-util/dist/index.js depends on 'ethereumjs-util'. CommonJS or AMD dependencies can cause optimization bailouts.[39m[33m[0m[39m[22m
[1m[33m[0m[93mFor more info see: https://angular.io/guide/build#configuring-commonjs-dependencies[39m[33m[0m[39m[22m
[1m[33m[0m[[39m[22m[1m[33m93m[39m[33m[0m[39m[22m
[1m[33m[0m[93m[39m[33m[0m[0m[93mWarning: /Users/zefram/Documents/GitHub/astrodrop-frontend/node_modules/eth-sig-util/dist/index.js depends on 'tweetnacl'. CommonJS or AMD dependencies can cause optimization bailouts.[39m[33m[0m[39m[22m
[1m[33m[0m[93mFor more info see: https://angular.io/guide/build#configuring-commonjs-dependencies[39m[33m[0m[39m[22m
[1m[33m[0m[93m[39m[33m[0m[39m[22m
[1m[33m[0m[93m[39m[33m[0m[0m[93mWarning: /Users/zefram/Documents/GitHub/astrodrop-frontend/node_modules/eth-sig-util/dist/index.js depends on 'ethereumjs-abi'. CommonJS or AMD dependencies can cause optimization bailouts.[39m[33m[0m[39m[22m
[1m[33m[0m[93mFor more info see: https://angular.io/guide/build#configuring-commonjs-dependencies[39m[33m[0m[39m[22m
[1m[33m[0m[93m[39m[33m[0m[39m[22m
[1m[33m[0m[93m[39m[33m[0m[0m[93mWarning: /Users/zefram/Documents/GitHub/astrodrop-frontend/node_modules/@ledgerhq/hw-transport-u2f/lib-es/TransportU2F.js depends on 'u2f-api'. CommonJS or AMD dependencies can cause optimization bailouts.[39m[33m[0m[39m[22m
[1m[33m[0m[93mFor more info see: https://angular.io/guide/build#configuring-commonjs-dependencies[39m[33m[0m[39m[22m
[1m[33m[0m[93m[39m[33m[0m[39m[22m
[1m[33m[0m[93m[39m[33m[0m[0m[93mWarning: /Users/zefram/Documents/GitHub/astrodrop-frontend/node_modules/@walletconnect/utils/dist/esm/encoding.js depends on 'bn.js'. CommonJS or AMD dependencies can cause optimization bailouts.[39m[33m[0m[39m[22m
[1m[33m[0m[93mFor more info see: https://angular.io/guide/build#configuring-commonjs-dependencies[39m[33m[0m[39m[22m
[1m[33m[0m[93m[39m[33m[0m[39m[22m
[1m[33m[0m[93m[39m[33m[0m[0m[93mWarning: /Users/zefram/Documents/GitHub/astrodrop-frontend/node_modules/@walletconnect/utils/dist/esm/url.js depends on 'query-string'. CommonJS or AMD dependencies can cause optimization bailouts.[39m[33m[0m[39m[22m
[1m[33m[0m[93mFor more info see: https://angular.io/guide/build#configuring-commonjs-dependencies[39m[33m[0m[39m[22m
[1m[33m[0m[93m[39m[33m[0m[39m[22m
[1m[33m[0m[93m[39m[33m[0m[0m[93mWarning: /Users/zefram/Documents/GitHub/astrodrop-frontend/node_modules/@ethersproject/signing-key/lib.esm/elliptic.js depends on 'hash.js'. CommonJS or AMD dependencies can cause optimization bailout[39m[22m[1m[33ms.[39m[33m[0m[39m[22m
[1m[33m[0m[93mFor more info see: https://angular.io/guide/build#configuring-commonjs-dependencies[39m[33m[0m[39m[22m
[1m[33m[0m[93m[39m[33m[0m[39m[22m
[1m[33m[0m[93m[39m[33m[0m[0m[93mWarning: /Users/zefram/Documents/GitHub/astrodrop-frontend/node_modules/@walletconnect/utils/dist/esm/validators.js depends on '@walletconnect/encoding'. CommonJS or AMD dependencies can cause optimization bailouts.[39m[33m[0m[39m[22m
[1m[33m[0m[93mFor more info see: https://angular.io/guide/build#configuring-commonjs-dependencies[39m[33m[0m[39m[22m
[1m[33m[0m[93m[39m[33m[0m[39m[22m
[1m[33m[0m[93m[39m[33m[0m[0m[93mWarning: /Users/zefram/Documents/GitHub/astrodrop-frontend/node_modules/@walletconnect/core/dist/esm/index.js depends on '@walletconnect/socket-transport'. CommonJS or AMD dependencies can cause optimization bailouts.[39m[33m[0m[39m[22m
[1m[33m[0m[93mFor more info see: https://angular.io/guide/build#configuring-commonjs-dependencies[39m[33m[0m[39m[22m
[1m[33m[0m[93m[39m[33m[0m[39m[22m
[1m[33m[0m[93m[39m[33m[0m[0m[93mWarning: /Users/zefram/Documents/GitHub/astrodrop-frontend/node_modules/@walletconnect/browser-utils/dist/esm/browser.js depends on '@walletconnect/window-metadata'. CommonJS or AMD dependencies can cause optimization bailouts.[39m[33m[0m[39m[22m
[1m[33m[0m[93mFor more info see: https://angular.io/guide/build#configuring-commonjs-dependencies[39m[33m[0m[39m[22m
[1m[33m[0m[93m[39m[33m[0m[39m[22m
[1m[33m[0m[93m[39m[33m[0m[0m[93mWarning: /Users/zefram/Documents/GitHub/astrodrop-frontend/node_modules/@walletconnect/crypto/dist/esm/lib/browser.js depends on '@walletconnect/environment'. CommonJS or AMD dependencies can cause optimization bailouts.[39m[33m[0m[39m[22m
[1m[33m[0m[93mFor more info see: https://angular.io/guide/build#configuring-commonjs-dependencies[39m[33m[0m[39m[22m
[1m[33m[0m[93m[39m[33m[0m[39m[22m
[1m[33m[0m[93m[39m[33m[0m[0m[93mWarning: /Users/zefram/Documents/GitHub/astrodrop-frontend/node_modules/@ledgerhq/hw-transport-webusb/lib-es/TransportWebUSB.js depends on '@ledgerhq/devices/lib/hid-framing'. CommonJS or AMD dependencies can cause optimization bailouts.[39m[33m[0m[39m[22m
[1m[33m[0m[93mFor more info see: https://angular.io/guide/build#configuring-commonjs-de[39m[22m[1m[33mpendencies[39m[33m[0m[39m[22m
[1m[33m[0m[93m[39m[33m[0m[39m[22m
[1m[33m[0m[93m[39m[33m[0m[0m[93mWarning: /Users/zefram/Documents/GitHub/astrodrop-frontend/node_modules/eth-lattice-keyring/index.js depends on 'gridplus-sdk'. CommonJS or AMD dependencies can cause optimization bailouts.[39m[33m[0m[39m[22m
[1m[33m[0m[93mFor more info see: https://angular.io/guide/build#configuring-commonjs-dependencies[39m[33m[0m[39m[22m
[1m[33m[0m[93m[39m[33m[0m[39m[22m
[1m[33m[0m[93m[39m[33m[0m[0m[93mWarning: /Users/zefram/Documents/GitHub/astrodrop-frontend/node_modules/webrtc-adapter/src/js/edge/edge_shim.js depends on 'rtcpeerconnection-shim'. CommonJS or AMD dependencies can cause optimization bailouts.[39m[33m[0m[39m[22m
[1m[33m[0m[93mFor more info see: https://angular.io/guide/build#configuring-commonjs-dependencies[39m[33m[0m[39m[22m
[1m[33m[0m[93m[39m[33m[0m[39m[22m
[1m[33m[0m[93m[39m[33m[0m[39m[22m
[1m[31m[39m[22m
[1m[31m[0m[91mError: ./src/assets/css/bootstrap.min.css[39m[31m[0m[39m[22m
[1m[31m[0m[91mModule build failed (from ./node_modules/@angular-builders/custom-webpack/node_modules/mini-css-extract-plugin/dist/loader.js):[39m[31m[0m[39m[22m
[1m[31m[0m[91mModuleError: Module Error (from ./node_modules/@angular-builders/custom-webpack/node_modules/postcss-loader/dist/cjs.js):[39m[31m[0m[39m[22m
[1m[31m[0m[91m(Emitted value instead of an instance of Error) CssSyntaxError: /Users/zefram/Documents/GitHub/astrodrop-frontend/src/assets/css/bootstrap.min.css:6:58122: Can't resolve '../fonts/arrow-down.svg' in '/Users/zefram/Documents/GitHub/astrodrop-frontend/src/assets/css'[39m[31m[0m[39m[22m
[1m[31m[0m[91m[39m[31m[0m[39m[22m
[1m[31m[0m[91m [90m 4 | [39m[31m[91m[90m * Copyright 2011-2019 Twitter, Inc.[39m[31m[91m[39m[31m[0m[39m[22m
[1m[31m[0m[91m [90m 5 | [39m[31m[91m[90m * Licensed under MIT (https://github.com/twbs/bootstrap/blob/master/LICENSE)[39m[31m[91m[39m[31m[0m[39m[22m
[1m[31m[0m[91m[1m[31m>[39m[31m[91m[22m[1m[90m 6 | [39m[31m[91m[90m */[39m[31m[91m[33m:[39m[31m[91mroot[33m{[39m[31m[91m--blue[33m:[39m[31m[91m[35m#000084[39m[31m[91m[33m;[39m[31m[91m--indigo[33m:[39m[31m[91m[35m#55f[39m[31m[91m[33m;[39m[31m[91m--purple[33m:[39m[31m[91m[35m#aa00aa[39m[31m[91m[33m;[39m[31m[91m--pink[33m:[39m[31m[91m[35m#f5f[39m[31m[91m[33m;[39m[31m[91m--red[33m:[39m[31m[91m[35m#aa0000[39m[31m[91m[33m;[39m[31m[91m--orange[33m:[39m[31m[91m[35m#f55[39m[31m[91m[33m;[39m[31m[91m--yellow[33m:[39m[31m[91m[35m#ff5[39m[31m[91m[33m;[39m[31m[91m--green[33m:[39m[31m[91m[35m#00aa00[39m[31m[91m[33m;[39m[31m[91m--teal[33m:[39m[31m[91m[35m#00aaaa[39m[31m[91m[33m;[39m[31m[91m--cyan[33m:[39m[31m[91m[35m#00aaaa[39m[31m[91m[33m;[39m[31m[91m--white[33m:[39m[31m[91m[35m#fff[39m[31m[91m[33m;[39m[31m[91m--gray[33m:[39m[31m[91m[35m#bbbbbb[39m[31m[91m[33m;[39m[31m[91m--gray-dark[33m:[39m[31m[91m[35m#bbbbbb[39m[31m[91m[33m;[39m[31m[91m--primary[33m:[39m[31m[91m[35m#bbbbbb[39m[31m[91m[33m;[39m[31m[91m--secondary[33m:[39m[31m[91m[35m#bbbbbb[39m[31m[91m[33m;[39m[31m[91m--success[33m:[39m[31m[91m[35m#00aa00[39m[31m[91m[33m;[39m[31m[91m--info[33m:[39m[31m[91m[35m#00aaaa[39m[31m[91m[33m[39m[22m[1m[31m;[39m[31m[91m--warning[33m:[39m[31m[91m[35m#aa5500[39m[31m[91m[33m;[39m[31m[91m--danger[33m:[39m[31m[91m[35m#aa0000[39m[31m[91m[33m;[39m[31m[91m--light[33m:[39m[31m[91m[35m#fff[39m[31m[91m[33m;[39m[31m[91m--dark[33m:[39m[31m[91m[35m#000000[39m[31m[91m[33m;[39m[31m[91m--breakpoint-xs[33m:[39m[31m[91m0[33m;[39m[31m[91m--breakpoint-sm[33m:[39m[31m[91m576px[33m;[39m[31m[91m--breakpoint-md[33m:[39m[31m[91m768px[33m;[39m[31m[91m--breakpoint-lg[33m:[39m[31m[91m960px[33m;[39m[31m[91m--breakpoint-xl[33m:[39m[31m[91m1152px[33m;[39m[31m[91m--font-family-sans-serif[33m:[39m[31m[91mDOS,Monaco,Menlo,Consolas,[32m"Courier New"[39m[31m[91m,monospace[33m;[39m[31m[91m--font-family-monospace[33m:[39m[31m[91mDOS,Monaco,Menlo,Consolas,[32m"Courier New"[39m[31m[91m,monospace[33m}[39m[31m[91m[36m@font-face[39m[31m[91m[33m{[39m[31m[91mfont-family[33m:[39m[31m[91mDOS[33m;[39m[31m[91msrc[33m:[39m[31m[91m[36murl[39m[31m[91m[36m(../fonts/Px437_IBM_EGA8.otf)[39m[31m[91m [36mformat[39m[31m[91m[36m([39m[31m[91m[32m"opentype"[39m[31m[91m[36m)[39m[31m[91m[33m;[39m[31m[91mfont-weight[33m:[39m[31m[91m400[33m;[39m[31m[91mfont-style[33m:[39m[31m[91mnormal[33m;[39m[31m[91m-webkit-font-kerning[33m:[39m[31m[91mnone[33m;[39m[31m[91mfont-kerning[33m:[39m[31m[91mnone[33m;[39m[31m[91mfont-synthesis[33m:[39m[31m[91mnone[33m;[39m[31m[91m-webkit-font-variant-ligatures[33m:[39m[31m[91mnone[33m;[39m[31m[91mfont-variant-ligatures[33m:[39m[31m[91mnone[33m;[39m[31m[91mfont-variant-numeric[33m:[39m[31m[91mtabular-nums[33m}[39m[31m[91m*,[33m:[39m[31m[91m[33m:[39m[31m[91mafter,[33m:[39m[31m[91m[33m:[39m[31m[91mbefore[33m{[39m[31m[91mbox-sizing[33m:[39m[31m[91mborder-box[33m}[39m[31m[91mhtml[33m{[39m[31m[91mfont-family[33m:[39m[31m[91mDOS,monospace[33m;[39m[31m[91mline-height[33m:[39m[31m[91m14px[33m;[39m[31m[91m-webkit-text-size-adjust[33m:[39m[31m[91m100%[33m;[39m[31m[91m-webkit-tap-highlight-color[33m:[39m[31m[91mtransparent[33m;[39m[31m[91mline-height-step[33m:[39m[31m[91m14px[33m}[39m[31m[91marticle,aside,figcaption,figure,footer,header,hgroup,main,nav,section[33m{[39m[31m[91mdisplay[33m:[[39m[22m[1m[31m39m[91mblock[33m}[39m[31m[91mbody[33m{[39m[31m[91mmargin[33m:[39m[31m[91m0[33m;[39m[31m[91mfont-family[33m:[39m[31m[91mDOS,Monaco,Menlo,Consolas,[32m"Courier New"[39m[31m[91m,monospace[33m;[39m[31m[91mfont-weight[33m:[39m[31m[91m400[33m;[39m[31m[91mline-height[33m:[39m[31m[91m14px[33m;[39m[31m[91mfont-size[33m:[39m[31m[91m16px[33m;[39m[31m[91mcolor[33m:[39m[31m[91m[35m#bbb[39m[31m[91m[33m;[39m[31m[91mtext-align[33m:[39m[31m[91mleft[33m;[39m[31m[91mbackground-color[33m:[39m[31m[91m[35m#000084[39m[31m[91m[33m;[39m[31m[91m-webkit-font-kerning[33m:[39m[31m[91mnone[33m;[39m[31m[91mfont-kerning[33m:[39m[31m[91mnone[33m;[39m[31m[91mtext-rendering[33m:[39m[31m[91mgeometricPrecision[33m}[39m[31m[91m[33m[[39m[31m[91mtabindex=[32m"-1"[39m[31m[91m[33m][39m[31m[91m[33m:[39m[31m[91mfocus[33m:[39m[31m[91m[36mnot[39m[31m[91m[36m(:focus-visible)[39m[31m[91m[33m{[39m[31m[91moutline[33m:[39m[31m[91m0!important[33m}[39m[31m[91mhr[33m{[39m[31m[91mbox-sizing[33m:[39m[31m[91mcontent-box[33m;[39m[31m[91mheight[33m:[39m[31m[91m0[33m;[39m[31m[91moverflow[33m:[39m[31m[91mvisible[33m}[39m[31m[91mh1,h2,h3,h4,h5,h6[33m{[39m[31m[91mmargin-top[33m:[39m[31m[91m0[33m;[39m[31m[91mmargin-bottom[33m:[39m[31m[91m14px[33m;[39m[31m[91mfont-weight[33m:[39m[31m[91m400[33m}[39m[31m[91mp[33m{[39m[31m[91mmargin-top[33m:[39m[31m[91m0[33m;[39m[31m[91mmargin-bottom[33m:[39m[31m[91m14px[33m}[39m[31m[91mabbr[33m[[39m[31m[91mdata-original-title[33m][39m[31m[91m,abbr[33m[[39m[31m[91mtitle[33m][39m[31m[91m[33m{[39m[31m[91mtext-decoration[33m:[39m[31m[91mnone[33m;[39m[31m[91mcursor[33m:[39m[31m[91mhelp[33m;[39m[31m[91mborder-bottom[33m:[39m[31m[91m0[33m;[39m[31m[91m-webkit-text-decoration-skip-ink[33m:[39m[31m[91mnone[33m;[39m[31m[91mtext-decoration-skip-ink[33m:[39m[31m[91mnone[33m}[39m[31m[91maddress[33m{[39m[31m[91mmargin-bottom[33m:[39m[31m[91m14px[33m;[39m[31m[91mfont-style[33m:[39m[31m[91mnormal[33m;[39m[31m[91mline-height[33m:[39m[31m[91minherit[33m}[39m[31m[91mdl,ol,ul[33m{[39m[31m[91mmargin-top[33m:[39m[31m[91m0[33m;[39m[31m[91mmargin-left[33m:[39m[31m[91m8px[33m;[39m[31m[91mpadding-left[3[39m[22m[1m[31m3m:[39m[31m[91m0[33m;[39m[31m[91mmargin-bottom[33m:[39m[31m[91m14px[33m}[39m[31m[91mli[33m{[39m[31m[91mpadding-left[33m:[39m[31m[91m8px[33m}[39m[31m[91mol ol,ol ul,ul ol,ul ul[33m{[39m[31m[91mmargin-bottom[33m:[39m[31m[91m0[33m}[39m[31m[91mdt[33m{[39m[31m[91mfont-weight[33m:[39m[31m[91m400[33m}[39m[31m[91mdd[33m{[39m[31m[91mmargin-bottom[33m:[39m[31m[91m14px[33m;[39m[31m[91mmargin-left[33m:[39m[31m[91m0[33m}[39m[31m[91mblockquote[33m{[39m[31m[91mmargin[33m:[39m[31m[91m0 0 14px[33m}[39m[31m[91mb,strong[33m{[39m[31m[91mfont-weight[33m:[39m[31m[91m400[33m}[39m[31m[91mb[33m:[39m[31m[91m[33m:[39m[31m[91mafter,b[33m:[39m[31m[91m[33m:[39m[31m[91mbefore,strong[33m:[39m[31m[91m[33m:[39m[31m[91mafter,strong[33m:[39m[31m[91m[33m:[39m[31m[91mbefore[33m{[39m[31m[91mcontent[33m:[39m[31m[91m[32m'*'[39m[31m[91m[33m}[39m[31m[91msmall[33m{[39m[31m[91mfont-size[33m:[39m[31m[91m16px[33m}[39m[31m[91msub,sup[33m{[39m[31m[91mposition[33m:[39m[31m[91mrelative[33m;[39m[31m[91mline-height[33m:[39m[31m[91m0[33m;[39m[31m[91mvertical-align[33m:[39m[31m[91mbaseline[33m}[39m[31m[91msub[33m{[39m[31m[91mbottom[33m:[39m[31m[91m0[33m}[39m[31m[91msup[33m{[39m[31m[91mtop[33m:[39m[31m[91m0[33m}[39m[31m[91ma[33m{[39m[31m[91mcolor[33m:[39m[31m[91m[35m#ff5[39m[31m[91m[33m;[39m[31m[91mtext-decoration[33m:[39m[31m[91mnone[33m;[39m[31m[91mbackground-color[33m:[39m[31m[91mtransparent[33m}[39m[31m[91ma[33m:[39m[31m[91mhover[33m{[39m[31m[91mcolor[33m:[39m[31m[91m[35m#bbb[39m[31m[91m[33m;[39m[31m[91mbackground-color[33m:[39m[31m[91m[35m#000[39m[31m[91m[33m}[39m[31m[91mem[33m{[39m[31m[91mfont-style[33m:[39m[31m[91mnormal[33m}[39m[31m[91mem[33m:[39m[31m[91m[33m:[39m[31m[91mafter,em[33m:[39m[31m[91m[33m:[39m[31m[91mbefore[33m{[39m[31m[91mcontent[33m:[39m[31m[91m[32m"/"[39m[31m[91m[33m}[39m[31m[91ma[33m:[39m[31m[91m[36mnot[39m[31m[91m[36m([href])[39m[31m[91m[33m{[39m[31m[91mcolor[33m:[39m[31m[91minherit[33m;[39m[31m[91mtext-decoration[33m:[39m[31m[91mnone[33m}[39m[31m[91ma[33m:[39m[31m[91m[36mnot[39m[31m[91m[36m([href])[39m[31m[91m[33m:[39m[31m[91mhover[33m{[39m[31m[91mcolor[33m:[39m[31m[91minherit[33m;[39m[31m[39m[22m[1m[31m[91mtext-decoration[33m:[39m[31m[91mnone[33m}[39m[31m[91mcode,kbd,pre,samp[33m{[39m[31m[91mfont-family[33m:[39m[31m[91mDOS,Monaco,Menlo,Consolas,[32m"Courier New"[39m[31m[91m,monospace[33m;[39m[31m[91mfont-size[33m:[39m[31m[91m16px[33m}[39m[31m[91mpre[33m{[39m[31m[91mmargin-top[33m:[39m[31m[91m0[33m;[39m[31m[91mmargin-bottom[33m:[39m[31m[91m14px[33m;[39m[31m[91moverflow[33m:[39m[31m[91mauto[33m}[39m[31m[91mfigure[33m{[39m[31m[91mmargin[33m:[39m[31m[91m0 0 14px[33m}[39m[31m[91mimg[33m{[39m[31m[91mvertical-align[33m:[39m[31m[91mmiddle[33m;[39m[31m[91mborder-style[33m:[39m[31m[91mnone[33m}[39m[31m[91msvg[33m{[39m[31m[91moverflow[33m:[39m[31m[91mhidden[33m;[39m[31m[91mvertical-align[33m:[39m[31m[91mmiddle[33m}[39m[31m[91mtable[33m{[39m[31m[91mborder-collapse[33m:[39m[31m[91mcollapse[33m;[39m[31m[91mborder-spacing[33m:[39m[31m[91m0[33m}[39m[31m[91mcaption[33m{[39m[31m[91mpadding-top[33m:[39m[31m[91m0[33m;[39m[31m[91mpadding-bottom[33m:[39m[31m[91m0[33m;[39m[31m[91mcolor[33m:[39m[31m[91m[35m#555[39m[31m[91m[33m;[39m[31m[91mtext-align[33m:[39m[31m[91mleft[33m;[39m[31m[91mcaption-side[33m:[39m[31m[91mbottom[33m}[39m[31m[91mth[33m{[39m[31m[91mtext-align[33m:[39m[31m[91minherit[33m;[39m[31m[91mfont-weight[33m:[39m[31m[91m400[33m;[39m[31m[91mcolor[33m:[39m[31m[91m[35m#fff[39m[31m[91m[33m}[39m[31m[91mlabel[33m{[39m[31m[91mdisplay[33m:[39m[31m[91minline-block[33m;[39m[31m[91mmargin-bottom[33m:[39m[31m[91m0[33m}[39m[31m[91mbutton[33m{[39m[31m[91mborder-radius[33m:[39m[31m[91m0[33m;[39m[31m[91mpadding[33m:[39m[31m[91m0[33m}[39m[31m[91mbutton[33m:[39m[31m[91mfocus[33m{[39m[31m[91moutline[33m:[39m[31m[91m0 dotted[33m;[39m[31m[91moutline[33m:[39m[31m[91m5px auto -webkit-focus-ring-color[33m}[39m[31m[91mbutton,input,optgroup,select,textarea[33m{[39m[31m[91mmargin[33m:[39m[31m[91m0[33m;[39m[31m[91mfont[33m:[39m[31m[91m400 16px DOS!important[33m;[39m[31m[91mline-height[33m:[39m[31m[91m14px[33m}[39m[31m[91moption[33m{[39m[31m[91mpadding[33m:[39m[31m[91m0[33m;[39m[31m[91mmin-height[33m:[39m[31m[91m0[33m;[39m[31m[91mline-height[33m:[39m[31m[91m14px[33m}[39m[31m[91mbutto[39m[22m[1m[31mn,input[33m{[39m[31m[91moverflow[33m:[39m[31m[91mvisible[33m}[39m[31m[91minput[33m:[39m[31m[91m[33m:[39m[31m[91mfocus[33m{[39m[31m[91mcolor[33m:[39m[31m[91m[35m#00f[39m[31m[91m[33m;[39m[31m[91moutline[33m:[39m[31m[91m0[33m}[39m[31m[91m[33m:[39m[31m[91mfocus[33m{[39m[31m[91moutline[33m:[39m[31m[91m0[33m}[39m[31m[91mbutton,select[33m{[39m[31m[91mtext-transform[33m:[39m[31m[91mnone[33m}[39m[31m[91mselect[33m{[39m[31m[91mword-wrap[33m:[39m[31m[91mnormal[33m}[39m[31m[91m[33m[[39m[31m[91mtype=button[33m][39m[31m[91m,[33m[[39m[31m[91mtype=reset[33m][39m[31m[91m,[33m[[39m[31m[91mtype=submit[33m][39m[31m[91m,button[33m{[39m[31m[91m-webkit-appearance[33m:[39m[31m[91mbutton[33m}[39m[31m[91m[33m[[39m[31m[91mtype=button[33m][39m[31m[91m[33m:[39m[31m[91m[36mnot[39m[31m[91m[36m(:disabled)[39m[31m[91m,[33m[[39m[31m[91mtype=reset[33m][39m[31m[91m[33m:[39m[31m[91m[36mnot[39m[31m[91m[36m(:disabled)[39m[31m[91m,[33m[[39m[31m[91mtype=submit[33m][39m[31m[91m[33m:[39m[31m[91m[36mnot[39m[31m[91m[36m(:disabled)[39m[31m[91m,button[33m:[39m[31m[91m[36mnot[39m[31m[91m[36m(:disabled)[39m[31m[91m[33m{[39m[31m[91mcursor[33m:[39m[31m[91mpointer[33m}[39m[31m[91m[33m[[39m[31m[91mtype=button[33m][39m[31m[91m[33m:[39m[31m[91m[33m:[39m[31m[91m-moz-focus-inner,[33m[[39m[31m[91mtype=reset[33m][39m[31m[91m[33m:[39m[31m[91m[33m:[39m[31m[91m-moz-focus-inner,[33m[[39m[31m[91mtype=submit[33m][39m[31m[91m[33m:[39m[31m[91m[33m:[39m[31m[91m-moz-focus-inner,button[33m:[39m[31m[91m[33m:[39m[31m[91m-moz-focus-inner[33m{[39m[31m[91mpadding[33m:[39m[31m[91m0[33m;[39m[31m[91mborder-style[33m:[39m[31m[91mnone[33m}[39m[31m[91minput[33m[[39m[31m[91mtype=checkbox[33m][39m[31m[91m,input[33m[[39m[31m[91mtype=radio[33m][39m[31m[91m[33m{[39m[31m[91mbox-sizing[33m:[39m[31m[91mborder-box[33m;[39m[31m[91mpadding[33m:[39m[31m[91m0[33m}[39m[31m[91minput[33m[[39m[31m[91mtype=date[33m][39m[31m[91m,input[33m[[39m[31m[91mtype=datetime-local[33m][39m[31m[91m,input[33m[[39m[31m[91mtype=month[33m][39m[31m[91m,input[33m[[39m[31m[91mtype=time[33m][39m[31m[91m[33m{[39m[31m[91m-webkit-appearance[33m:[39m[31m[91mlistbox[33m}[39[39m[22m[1m[31mm[91mtextarea[33m{[39m[31m[91moverflow[33m:[39m[31m[91mauto[33m;[39m[31m[91mresize[33m:[39m[31m[91mvertical[33m}[39m[31m[91mfieldset[33m{[39m[31m[91mmin-width[33m:[39m[31m[91m0[33m;[39m[31m[91mpadding[33m:[39m[31m[91m0[33m;[39m[31m[91mmargin[33m:[39m[31m[91m0[33m;[39m[31m[91mborder[33m:[39m[31m[91m0[33m}[39m[31m[91mlegend[33m{[39m[31m[91mdisplay[33m:[39m[31m[91mblock[33m;[39m[31m[91mwidth[33m:[39m[31m[91m100%[33m;[39m[31m[91mmax-width[33m:[39m[31m[91m100%[33m;[39m[31m[91mpadding[33m:[39m[31m[91m0[33m;[39m[31m[91mmargin-bottom[33m:[39m[31m[91m14px[33m;[39m[31m[91mfont-size[33m:[39m[31m[91m16px[33m;[39m[31m[91mline-height[33m:[39m[31m[91minherit[33m;[39m[31m[91mcolor[33m:[39m[31m[91minherit[33m;[39m[31m[91mwhite-space[33m:[39m[31m[91mnormal[33m}[39m[31m[91mprogress[33m{[39m[31m[91mvertical-align[33m:[39m[31m[91mbaseline[33m}[39m[31m[91m[33m[[39m[31m[91mtype=number[33m][39m[31m[91m[33m:[39m[31m[91m[33m:[39m[31m[91m-webkit-inner-spin-button,[33m[[39m[31m[91mtype=number[33m][39m[31m[91m[33m:[39m[31m[91m[33m:[39m[31m[91m-webkit-outer-spin-button[33m{[39m[31m[91mheight[33m:[39m[31m[91mauto[33m}[39m[31m[91m[33m[[39m[31m[91mtype=search[33m][39m[31m[91m[33m{[39m[31m[91moutline-offset[33m:[39m[31m[91m-2px[33m;[39m[31m[91m-webkit-appearance[33m:[39m[31m[91mnone[33m}[39m[31m[91m[33m[[39m[31m[91mtype=search[33m][39m[31m[91m[33m:[39m[31m[91m[33m:[39m[31m[91m-webkit-search-decoration[33m{[39m[31m[91m-webkit-appearance[33m:[39m[31m[91mnone[33m}[39m[31m[91m[33m:[39m[31m[91m[33m:[39m[31m[91m-webkit-file-upload-button[33m{[39m[31m[91mfont[33m:[39m[31m[91minherit[33m;[39m[31m[91m-webkit-appearance[33m:[39m[31m[91mbutton[33m}[39m[31m[91moutput[33m{[39m[31m[91mdisplay[33m:[39m[31m[91minline-block[33m}[39m[31m[91msummary[33m{[39m[31m[91mdisplay[33m:[39m[31m[91mlist-item[33m;[39m[31m[91mcursor[33m:[39m[31m[91mpointer[33m}[39m[31m[91mtemplate[33m{[39m[31m[91mdisplay[33m:[39m[31m[91mnone[33m}[39m[31m[91m[33m[[39m[31m[91mhidden[33m][39m[31m[91m[33m{[39m[31m[91mdisplay[33m:[39m[31m[91mnone!important[33m}[39m[31m[91m[33m.h1,.h2,h1,h2[39m[31m[91m[33m{[39m[31m[91mmargin-bottom[33[39m[22m[1m[31mm:[39m[31m[91m0[33m;[39m[31m[91mmargin-top[33m:[39m[31m[91m14px[33m;[39m[31m[91mfont-weight[33m:[39m[31m[91m400[33m;[39m[31m[91mline-height[33m:[39m[31m[91m14px[33m;[39m[31m[91mtext-indent[33m:[39m[31m[91m8px[33m;[39m[31m[91mbackground[33m:[39m[31m[91m[35m#0aa[39m[31m[91m[33m;[39m[31m[91mpadding[33m:[39m[31m[91m14px 8px[33m;[39m[31m[91mcolor[33m:[39m[31m[91m[35m#000[39m[31m[91m[33m}[39m[31m[91m[33m.h1[39m[31m[91m [33m.text-muted,.h2[39m[31m[91m [33m.text-muted,h1[39m[31m[91m [33m.text-muted,h2[39m[31m[91m [33m.text-muted[39m[31m[91m[33m{[39m[31m[91mcolor[33m:[39m[31m[91m[35m#bbb[39m[31m[91m[33m}[39m[31m[91m[33m.h2,h2[39m[31m[91m[33m{[39m[31m[91mpadding[33m:[39m[31m[91m0 8px[33m}[39m[31m[91m[33m.h3,h3[39m[31m[91m[33m{[39m[31m[91mcolor[33m:[39m[31m[91m[35m#fff[39m[31m[91m[33m;[39m[31m[91mborder[33m:[39m[31m[91m[33m.875px[39m[31m[91m solid [35m#fff[39m[31m[91m[33m;[39m[31m[91mmargin-top[33m:[39m[31m[91m7px[33m;[39m[31m[91mpadding-top[33m:[39m[31m[91m6.125px[33m;[39m[31m[91mpadding-bottom[33m:[39m[31m[91m7px[33m;[39m[31m[91mmargin-bottom[33m:[39m[31m[91m6.125px[33m;[39m[31m[91mborder-left-width[33m:[39m[31m[91m2px[33m;[39m[31m[91mborder-right-width[33m:[39m[31m[91m2px[33m;[39m[31m[91mmargin-left[33m:[39m[31m[91m3.5px[33m;[39m[31m[91mpadding-left[33m:[39m[31m[91m10.5px[33m;[39m[31m[91mpadding-right[33m:[39m[31m[91m11.5px[33m;[39m[31m[91mmargin-right[33m:[39m[31m[91m2.5px[33m;[39m[31m[91mdisplay[33m:[39m[31m[91minline-block[33m;[39m[31m[91mwidth[33m:[39m[31m[91m[36mcalc[39m[31m[91m[36m(100% - 6px)[39m[31m[91m[33m}[39m[31m[91m[33m.h4,h4[39m[31m[91m[33m{[39m[31m[91mcolor[33m:[39m[31m[91m[35m#fff[39m[31m[91m[33m}[39m[31m[91m[33m.h4[39m[31m[91m[33m:[39m[31m[91m[33m:[39m[31m[91mbefore,h4[33m:[39m[31m[91m[33m:[39m[31m[91mbefore[33m{[39m[31m[91mmargin-right[33m:[39m[31m[91m8px[33m;[39m[31m[91mcontent[33m:[39m[31m[91m[32m">>"[39m[31m[91m[33m}[39m[31m[91m[33m.h4[39m[31m[91m[33m:[39m[31m[91m[33m:[39m[31m[91mafter,h4[33m:[39m[31m[91m[33m:[39m[31m[91mafter[33m{[39m[31m[91mmargin-left[33m:[39m[31m[91m8px[33m;[39m[31m[91mcontent[33m:[39m[31m[91m[32m"<<"[39m[31m[91m[33m}[39m[31m[39m[22m[1m[31m[91m[33m.h4,.h5,.h6,h4,h5,h6[39m[31m[91m[33m{[39m[31m[91mmargin[33m:[39m[31m[91m0[33m;[39m[31m[91mpadding[33m:[39m[31m[91m0[33m;[39m[31m[91mcolor[33m:[39m[31m[91m[35m#fff[39m[31m[91m[33m}[39m[31m[91m[33m.h5,h5[39m[31m[91m[33m{[39m[31m[91m-webkit-animation[33m:[39m[31m[91mblinkingText 1.2s infinite[33m;[39m[31m[91manimation[33m:[39m[31m[91mblinkingText 1.2s infinite[33m}[39m[31m[91m[36m@-webkit-keyframes[39m[31m[91m blinkingText[33m{[39m[31m[91m1%[33m{[39m[31m[91mvisibility[33m:[39m[31m[91mhidden[33m}[39m[31m[91m49%[33m{[39m[31m[91mvisibility[33m:[39m[31m[91mhidden[33m}[39m[31m[91m60%[33m{[39m[31m[91mvisibility[33m:[39m[31m[91mvisible[33m}[39m[31m[91m99%[33m{[39m[31m[91mvisibility[33m:[39m[31m[91mvisible[33m}[39m[31m[91m100%[33m{[39m[31m[91mvisibility[33m:[39m[31m[91mhidden[33m}[39m[31m[91m[33m}[39m[31m[91m[36m@keyframes[39m[31m[91m blinkingText[33m{[39m[31m[91m1%[33m{[39m[31m[91mvisibility[33m:[39m[31m[91mhidden[33m}[39m[31m[91m49%[33m{[39m[31m[91mvisibility[33m:[39m[31m[91mhidden[33m}[39m[31m[91m60%[33m{[39m[31m[91mvisibility[33m:[39m[31m[91mvisible[33m}[39m[31m[91m99%[33m{[39m[31m[91mvisibility[33m:[39m[31m[91mvisible[33m}[39m[31m[91m100%[33m{[39m[31m[91mvisibility[33m:[39m[31m[91mhidden[33m}[39m[31m[91m[33m}[39m[31m[91m[33m.h6,h6[39m[31m[91m[33m{[39m[31m[91m-webkit-animation[33m:[39m[31m[91mjaggedScroll 3s infinite[33m;[39m[31m[91manimation[33m:[39m[31m[91mjaggedScroll 3s infinite[33m;[39m[31m[91m-webkit-animation-direction[33m:[39m[31m[91malternate[33m;[39m[31m[91manimation-direction[33m:[39m[31m[91malternate[33m;[39m[31m[91m-webkit-animation-timing-function[33m:[39m[31m[91m[36msteps[39m[31m[91m[36m(10,jump-both)[39m[31m[91m[33m;[39m[31m[91manimation-timing-function[33m:[39m[31m[91m[36msteps[39m[31m[91m[36m(10,jump-both)[39m[31m[91m[33m;[39m[31m[91mwhite-space[33m:[39m[31m[91mnowrap[33m}[39m[31m[91m[36m@-webkit-keyframes[39m[31m[91m jaggedScroll[33m{[39m[31m[91mfrom[33m{[39m[31m[91mmargin-left[33m:[39m[31m[91m-8px[33m}[39m[31m[91mto[33m{[39m[31m[91mmargin-left[33m:[39m[31m[91m80px[33m}[39m[31m[91m[33m}[39m[31m[91m[36m@keyframes[39m[31m[91m j[39m[22m[1m[31maggedScroll[33m{[39m[31m[91mfrom[33m{[39m[31m[91mmargin-left[33m:[39m[31m[91m-8px[33m}[39m[31m[91mto[33m{[39m[31m[91mmargin-left[33m:[39m[31m[91m80px[33m}[39m[31m[91m[33m}[39m[31m[91m[33m.h1,h1[39m[31m[91m[33m{[39m[31m[91mfont-size[33m:[39m[31m[91m16px[33m}[39m[31m[91m[33m.h2,h2[39m[31m[91m[33m{[39m[31m[91mfont-size[33m:[39m[31m[91m16px[33m}[39m[31m[91m[33m.h3,h3[39m[31m[91m[33m{[39m[31m[91mfont-size[33m:[39m[31m[91m16px[33m}[39m[31m[91m[33m.h4,h4[39m[31m[91m[33m{[39m[31m[91mfont-size[33m:[39m[31m[91m16px[33m}[39m[31m[91m[33m.h5,h5[39m[31m[91m[33m{[39m[31m[91mfont-size[33m:[39m[31m[91m16px[33m}[39m[31m[91m[33m.h6,h6[39m[31m[91m[33m{[39m[31m[91mfont-size[33m:[39m[31m[91m16px[33m}[39m[31m[91m[33m.lead[39m[31m[91m[33m{[39m[31m[91mfont-size[33m:[39m[31m[91m16px[33m;[39m[31m[91mfont-weight[33m:[39m[31m[91m400[33m}[39m[31m[91m[33m.display-1[39m[31m[91m[33m{[39m[31m[91mfont-size[33m:[39m[31m[91m16px[33m;[39m[31m[91mfont-weight[33m:[39m[31m[91m400[33m;[39m[31m[91mline-height[33m:[39m[31m[91m14px[33m}[39m[31m[91m[33m.display-2[39m[31m[91m[33m{[39m[31m[91mfont-size[33m:[39m[31m[91m16px[33m;[39m[31m[91mfont-weight[33m:[39m[31m[91m400[33m;[39m[31m[91mline-height[33m:[39m[31m[91m14px[33m}[39m[31m[91m[33m.display-3[39m[31m[91m[33m{[39m[31m[91mfont-size[33m:[39m[31m[91m16px[33m;[39m[31m[91mfont-weight[33m:[39m[31m[91m400[33m;[39m[31m[91mline-height[33m:[39m[31m[91m14px[33m}[39m[31m[91m[33m.display-4[39m[31m[91m[33m{[39m[31m[91mfont-size[33m:[39m[31m[91m16px[33m;[39m[31m[91mfont-weight[33m:[39m[31m[91m400[33m;[39m[31m[91mline-height[33m:[39m[31m[91m14px[33m}[39m[31m[91mhr[33m{[39m[31m[91mmargin-top[33m:[39m[31m[91m14px[33m;[39m[31m[91mmargin-bottom[33m:[39m[31m[91m14px[33m;[39m[31m[91mborder[33m:[39m[31m[91m0[33m;[39m[31m[91mborder-top[33m:[39m[31m[91m0 solid [36mrgba[39m[31m[91m[36m(0,0,0,.1)[39m[31m[91m[33m}[39m[31m[91m[33m.small,small[39m[31m[91m[33m{[39m[31m[91mfont-size[33m:[39m[31m[91m16px[33m;[39m[31m[91mfont-weight[33m:[39m[31m[91m400[33m}[39m[31m[91m[33m.mark,mark[39m[31m[91m[33m{[39m[31m[91mpadding[33m:[39m[31m[91m0[33m;[39m[31m[91mbackground-color[33m:[39m[31m[[39m[22m[1m[31m91m[35m#bbb[39m[31m[91m[33m}[39m[31m[91m[33m.list-unstyled[39m[31m[91m[33m{[39m[31m[91mpadding-left[33m:[39m[31m[91m0[33m;[39m[31m[91mmargin-bottom[33m:[39m[31m[91m0[33m;[39m[31m[91mmargin-left[33m:[39m[31m[91m0[33m;[39m[31m[91mlist-style[33m:[39m[31m[91mnone[33m}[39m[31m[91m[33m.list-inline[39m[31m[91m[33m{[39m[31m[91mpadding-left[33m:[39m[31m[91m0[33m;[39m[31m[91mmargin-bottom[33m:[39m[31m[91m0[33m;[39m[31m[91mmargin-left[33m:[39m[31m[91m0[33m;[39m[31m[91mlist-style[33m:[39m[31m[91mnone[33m}[39m[31m[91m[33m.list-inline-item[39m[31m[91m[33m{[39m[31m[91mdisplay[33m:[39m[31m[91minline-block[33m}[39m[31m[91m[33m.list-inline-item[39m[31m[91m[33m:[39m[31m[91m[36mnot[39m[31m[91m[36m(:last-child)[39m[31m[91m[33m{[39m[31m[91mmargin-right[33m:[39m[31m[91m0[33m}[39m[31m[91m[33m.initialism[39m[31m[91m[33m{[39m[31m[91mfont-size[33m:[39m[31m[91m16px[33m;[39m[31m[91mtext-transform[33m:[39m[31m[91muppercase[33m}[39m[31m[91m[33m.blockquote[39m[31m[91m[33m{[39m[31m[91mmargin-bottom[33m:[39m[31m[91m14px 8px[33m;[39m[31m[91mfont-size[33m:[39m[31m[91m16px[33m}[39m[31m[91m[33m.blockquote-footer[39m[31m[91m[33m{[39m[31m[91mdisplay[33m:[39m[31m[91mblock[33m;[39m[31m[91mfont-size[33m:[39m[31m[91m16px[33m;[39m[31m[91mcolor[33m:[39m[31m[91m[35m#bbb[39m[31m[91m[33m}[39m[31m[91m[33m.blockquote-footer[39m[31m[91m[33m:[39m[31m[91m[33m:[39m[31m[91mbefore[33m{[39m[31m[91mcontent[33m:[39m[31m[91m[32m"\2014\00A0"[39m[31m[91m[33m}[39m[31m[91m[33m.img-fluid[39m[31m[91m[33m{[39m[31m[91mmax-width[33m:[39m[31m[91m100%[33m;[39m[31m[91mheight[33m:[39m[31m[91mauto[33m}[39m[31m[91m[33m.img-thumbnail[39m[31m[91m[33m{[39m[31m[91mpadding[33m:[39m[31m[91m0[33m;[39m[31m[91mmax-width[33m:[39m[31m[91m100%[33m;[39m[31m[91mheight[33m:[39m[31m[91mauto[33m}[39m[31m[91m[33m.figure[39m[31m[91m[33m{[39m[31m[91mdisplay[33m:[39m[31m[91minline-block[33m}[39m[31m[91m[33m.figure-img[39m[31m[91m[33m{[39m[31m[91mmargin-bottom[33m:[39m[31m[91m14px 8px/2[33m;[39m[31m[91mline-height[33m:[39m[31m[91m1[33m}[39m[31m[91m[33m.figure-caption[39m[31m[91m[33m{[39m[31m[91mcolor[33m:[39m[31m[91m[35m#bbb[39m[31m[91m[33m}[39m[31m[[39m[22m[1m[31m91m[33m.card[39m[31m[91m img,.dropdown-list img,.nav-link img[33m{[39m[31m[91mdisplay[33m:[39m[31m[91mnone[33m}[39m[31m[91mcode[33m{[39m[31m[91mcolor[33m:[39m[31m[91m[35m#f5f[39m[31m[91m[33m;[39m[31m[91mword-wrap[33m:[39m[31m[91mbreak-word[33m}[39m[31m[91ma>code[33m{[39m[31m[91mcolor[33m:[39m[31m[91minherit[33m}[39m[31m[91mkbd[33m{[39m[31m[91mpadding[33m:[39m[31m[91m14px 8px[33m;[39m[31m[91mcolor[33m:[39m[31m[91m[35m#fff[39m[31m[91m[33m;[39m[31m[91mbackground-color[33m:[39m[31m[91m[35m#bbb[39m[31m[91m[33m}[39m[31m[91mkbd kbd[33m{[39m[31m[91mpadding[33m:[39m[31m[91m0[33m;[39m[31m[91mfont-weight[33m:[39m[31m[91m400[33m}[39m[31m[91mpre[33m{[39m[31m[91mdisplay[33m:[39m[31m[91mblock[33m;[39m[31m[91mcolor[33m:[39m[31m[91m[35m#000[39m[31m[91m[33m}[39m[31m[91mpre code[33m{[39m[31m[91mfont-size[33m:[39m[31m[91m16px[33m;[39m[31m[91mcolor[33m:[39m[31m[91minherit[33m;[39m[31m[91mword-break[33m:[39m[31m[91mnormal[33m}[39m[31m[91m[33m.pre-scrollable[39m[31m[91m[33m{[39m[31m[91mmax-height[33m:[39m[31m[91m350px[33m;[39m[31m[91moverflow-y[33m:[39m[31m[91mscroll[33m}[39m[31m[91m[33m.container[39m[31m[91m[33m{[39m[31m[91mwidth[33m:[39m[31m[91m100%[33m;[39m[31m[91mpadding-right[33m:[39m[31m[91m8px[33m;[39m[31m[91mpadding-left[33m:[39m[31m[91m8px[33m;[39m[31m[91mmargin-right[33m:[39m[31m[91mauto[33m;[39m[31m[91mmargin-left[33m:[39m[31m[91mauto[33m}[39m[31m[91m[36m@media[39m[31m[91m[36m [39m[31m[91m[36m(min-width:576px)[39m[31m[91m[33m{[39m[31m[91m[33m.container[39m[31m[91m[33m{[39m[31m[91mmax-width[33m:[39m[31m[91m480px[33m}[39m[31m[91m[33m}[39m[31m[91m[36m@media[39m[31m[91m[36m [39m[31m[91m[36m(min-width:768px)[39m[31m[91m[33m{[39m[31m[91m[33m.container[39m[31m[91m[33m{[39m[31m[91mmax-width[33m:[39m[31m[91m672px[33m}[39m[31m[91m[33m}[39m[31m[91m[36m@media[39m[31m[91m[36m [39m[31m[91m[36m(min-width:960px)[39m[31m[91m[33m{[39m[31m[91m[33m.container[39m[31m[91m[33m{[39m[31m[91mmax-width[33m:[39m[31m[91m960px[33m}[39m[31m[91m[33m}[39m[31m[91m[36m@media[39m[31m[91m[36m [39m[31m[91m[36m(min-width:1152px)[39m[31m[91m[33m{[39m[31m[91m[33m.container[39m[31m[91m[33m{[39m[31m[91mmax-wi[39m[22m[1m[31mdth[33m:[39m[31m[91m1152px[33m}[39m[31m[91m[33m}[39m[31m[91m[33m.container-fluid,.container-lg,.container-md,.container-sm,.container-xl[39m[31m[91m[33m{[39m[31m[91mwidth[33m:[39m[31m[91m100%[33m;[39m[31m[91mpadding-right[33m:[39m[31m[91m8px[33m;[39m[31m[91mpadding-left[33m:[39m[31m[91m8px[33m;[39m[31m[91mmargin-right[33m:[39m[31m[91mauto[33m;[39m[31m[91mmargin-left[33m:[39m[31m[91mauto[33m}[39m[31m[91m[36m@media[39m[31m[91m[36m [39m[31m[91m[36m(min-width:576px)[39m[31m[91m[33m{[39m[31m[91m[33m.container,.container-sm[39m[31m[91m[33m{[39m[31m[91mmax-width[33m:[39m[31m[91m480px[33m}[39m[31m[91m[33m}[39m[31m[91m[36m@media[39m[31m[91m[36m [39m[31m[91m[36m(min-width:768px)[39m[31m[91m[33m{[39m[31m[91m[33m.container,.container-md,.container-sm[39m[31m[91m[33m{[39m[31m[91mmax-width[33m:[39m[31m[91m672px[33m}[39m[31m[91m[33m}[39m[31m[91m[36m@media[39m[31m[91m[36m [39m[31m[91m[36m(min-width:960px)[39m[31m[91m[33m{[39m[31m[91m[33m.container,.container-lg,.container-md,.container-sm[39m[31m[91m[33m{[39m[31m[91mmax-width[33m:[39m[31m[91m960px[33m}[39m[31m[91m[33m}[39m[31m[91m[36m@media[39m[31m[91m[36m [39m[31m[91m[36m(min-width:1152px)[39m[31m[91m[33m{[39m[31m[91m[33m.container,.container-lg,.container-md,.container-sm,.container-xl[39m[31m[91m[33m{[39m[31m[91mmax-width[33m:[39m[31m[91m1152px[33m}[39m[31m[91m[33m}[39m[31m[91m[33m.row[39m[31m[91m[33m{[39m[31m[91mdisplay[33m:[39m[31m[91m-ms-flexbox[33m;[39m[31m[91mdisplay[33m:[39m[31m[91mflex[33m;[39m[31m[91m-ms-flex-wrap[33m:[39m[31m[91mwrap[33m;[39m[31m[91mflex-wrap[33m:[39m[31m[91mwrap[33m;[39m[31m[91mmargin-right[33m:[39m[31m[91m-8px[33m;[39m[31m[91mmargin-left[33m:[39m[31m[91m-8px[33m}[39m[31m[91m[33m.no-gutters[39m[31m[91m[33m{[39m[31m[91mmargin-right[33m:[39m[31m[91m0[33m;[39m[31m[91mmargin-left[33m:[39m[31m[91m0[33m}[39m[31m[91m[33m.no-gutters>.col,.no-gutters>[39m[31m[91m[33m[[39m[31m[91mclass*=col-[33m][39m[31m[91m[33m{[39m[31m[91mpadding-right[33m:[39m[31m[91m0[33m;[39m[31m[91mpadding-left[33m:[39m[31m[91m0[33m}[39m[31m[91m[33m.col,.col-1,.col-10,.col-11,.col-12,.col-2,.col-3,.col-4,.col-5,.col[39m[22m[1m[31m-6,.col-7,.col-8,.col-9,.col-auto,.col-lg,.col-lg-1,.col-lg-10,.col-lg-11,.col-lg-12,.col-lg-2,.col-lg-3,.col-lg-4,.col-lg-5,.col-lg-6,.col-lg-7,.col-lg-8,.col-lg-9,.col-lg-auto,.col-md,.col-md-1,.col-md-10,.col-md-11,.col-md-12,.col-md-2,.col-md-3,.col-md-4,.col-md-5,.col-md-6,.col-md-7,.col-md-8,.col-md-9,.col-md-auto,.col-sm,.col-sm-1,.col-sm-10,.col-sm-11,.col-sm-12,.col-sm-2,.col-sm-3,.col-sm-4,.col-sm-5,.col-sm-6,.col-sm-7,.col-sm-8,.col-sm-9,.col-sm-auto,.col-xl,.col-xl-1,.col-xl-10,.col-xl-11,.col-xl-12,.col-xl-2,.col-xl-3,.col-xl-4,.col-xl-5,.col-xl-6,.col-xl-7,.col-xl-8,.col-xl-9,.col-xl-auto[39m[31m[91m[33m{[39m[31m[91mposition[33m:[39m[31m[91mrelative[33m;[39m[31m[91mwidth[33m:[39m[31m[91m100%[33m;[39m[31m[91mpadding-right[33m:[39m[31m[91m8px[33m;[39m[31m[91mpadding-left[33m:[39m[31m[91m8px[33m}[39m[31m[91m[33m.col[39m[31m[91m[33m{[39m[31m[91m-ms-flex-preferred-size[33m:[39m[31m[91m0[33m;[39m[31m[91mflex-basis[33m:[39m[31m[91m0[33m;[39m[31m[91m-ms-flex-positive[33m:[39m[31m[91m1[33m;[39m[31m[91mflex-grow[33m:[39m[31m[91m1[33m;[39m[31m[91mmax-width[33m:[39m[31m[91m100%[33m}[39m[31m[91m[33m.row-cols-1>*[39m[31m[91m[33m{[39m[31m[91m-ms-flex[33m:[39m[31m[91m0 0 100%[33m;[39m[31m[91mflex[33m:[39m[31m[91m0 0 100%[33m;[39m[31m[91mmax-width[33m:[39m[31m[91m100%[33m}[39m[31m[91m[33m.row-cols-2>*[39m[31m[91m[33m{[39m[31m[91m-ms-flex[33m:[39m[31m[91m0 0 50%[33m;[39m[31m[91mflex[33m:[39m[31m[91m0 0 50%[33m;[39m[31m[91mmax-width[33m:[39m[31m[91m50%[33m}[39m[31m[91m[33m.row-cols-3>*[39m[31m[91m[33m{[39m[31m[91m-ms-flex[33m:[39m[31m[91m0 0 33.333333%[33m;[39m[31m[91mflex[33m:[39m[31m[91m0 0 33.333333%[33m;[39m[31m[91mmax-width[33m:[39m[31m[91m33.333333%[33m}[39m[31m[91m[33m.row-cols-4>*[39m[31m[91m[33m{[39m[31m[91m-ms-flex[33m:[39m[31m[91m0 0 25%[33m;[39m[31m[91mflex[33m:[39m[31m[91m0 0 25%[33m;[39m[31m[91mmax-width[33m:[39m[31m[91m25%[33m}[39m[31m[91m[33m.row-cols-5>*[39m[31m[91m[33m{[39m[31m[91m-ms-flex[33m:[39m[31m[91m0 0 20%[33m;[39m[31m[91mflex[33m:[39m[31m[91m0 0 20%[33m;[39m[31m[91mmax-width[33m:[39m[31m[91m20%[33m}[39m[31m[39m[22m[1m[31m[91m[33m.row-cols-6>*[39m[31m[91m[33m{[39m[31m[91m-ms-flex[33m:[39m[31m[91m0 0 16.666667%[33m;[39m[31m[91mflex[33m:[39m[31m[91m0 0 16.666667%[33m;[39m[31m[91mmax-width[33m:[39m[31m[91m16.666667%[33m}[39m[31m[91m[33m.col-auto[39m[31m[91m[33m{[39m[31m[91m-ms-flex[33m:[39m[31m[91m0 0 auto[33m;[39m[31m[91mflex[33m:[39m[31m[91m0 0 auto[33m;[39m[31m[91mwidth[33m:[39m[31m[91mauto[33m;[39m[31m[91mmax-width[33m:[39m[31m[91m100%[33m}[39m[31m[91m[33m.col-1[39m[31m[91m[33m{[39m[31m[91m-ms-flex[33m:[39m[31m[91m0 0 8.333333%[33m;[39m[31m[91mflex[33m:[39m[31m[91m0 0 8.333333%[33m;[39m[31m[91mmax-width[33m:[39m[31m[91m8.333333%[33m}[39m[31m[91m[33m.col-2[39m[31m[91m[33m{[39m[31m[91m-ms-flex[33m:[39m[31m[91m0 0 16.666667%[33m;[39m[31m[91mflex[33m:[39m[31m[91m0 0 16.666667%[33m;[39m[31m[91mmax-width[33m:[39m[31m[91m16.666667%[33m}[39m[31m[91m[33m.col-3[39m[31m[91m[33m{[39m[31m[91m-ms-flex[33m:[39m[31m[91m0 0 25%[33m;[39m[31m[91mflex[33m:[39m[31m[91m0 0 25%[33m;[39m[31m[91mmax-width[33m:[39m[31m[91m25%[33m}[39m[31m[91m[33m.col-4[39m[31m[91m[33m{[39m[31m[91m-ms-flex[33m:[39m[31m[91m0 0 33.333333%[33m;[39m[31m[91mflex[33m:[39m[31m[91m0 0 33.333333%[33m;[39m[31m[91mmax-width[33m:[39m[31m[91m33.333333%[33m}[39m[31m[91m[33m.col-5[39m[31m[91m[33m{[39m[31m[91m-ms-flex[33m:[39m[31m[91m0 0 41.666667%[33m;[39m[31m[91mflex[33m:[39m[31m[91m0 0 41.666667%[33m;[39m[31m[91mmax-width[33m:[39m[31m[91m41.666667%[33m}[39m[31m[91m[33m.col-6[39m[31m[91m[33m{[39m[31m[91m-ms-flex[33m:[39m[31m[91m0 0 50%[33m;[39m[31m[91mflex[33m:[39m[31m[91m0 0 50%[33m;[39m[31m[91mmax-width[33m:[39m[31m[91m50%[33m}[39m[31m[91m[33m.col-7[39m[31m[91m[33m{[39m[31m[91m-ms-flex[33m:[39m[31m[91m0 0 58.333333%[33m;[39m[31m[91mflex[33m:[39m[31m[91m0 0 58.333333%[33m;[39m[31m[91mmax-width[33m:[39m[31m[91m58.333333%[33m}[39m[31m[91m[33m.col-8[39m[31m[91m[33m{[39m[31m[91m-ms-flex[33m:[39m[31m[91m0 0 66.666667%[33m;[39m[31m[91mflex[33m:[39m[31m[91m0 0 66.666667%[33m;[39m[31m[91mmax-width[33m:[39m[31m[91m66.666667%[33m}[39m[31m[91m[33m.col-9[39m[31m[91m[33m{[39m[31m[91m-ms-flex[33m:[39m[31m[91m0 0 75%[33m;[39m[31m[91mflex[39m[22m[1m[31m[33m:[39m[31m[91m0 0 75%[33m;[39m[31m[91mmax-width[33m:[39m[31m[91m75%[33m}[39m[31m[91m[33m.col-10[39m[31m[91m[33m{[39m[31m[91m-ms-flex[33m:[39m[31m[91m0 0 83.333333%[33m;[39m[31m[91mflex[33m:[39m[31m[91m0 0 83.333333%[33m;[39m[31m[91mmax-width[33m:[39m[31m[91m83.333333%[33m}[39m[31m[91m[33m.col-11[39m[31m[91m[33m{[39m[31m[91m-ms-flex[33m:[39m[31m[91m0 0 91.666667%[33m;[39m[31m[91mflex[33m:[39m[31m[91m0 0 91.666667%[33m;[39m[31m[91mmax-width[33m:[39m[31m[91m91.666667%[33m}[39m[31m[91m[33m.col-12[39m[31m[91m[33m{[39m[31m[91m-ms-flex[33m:[39m[31m[91m0 0 100%[33m;[39m[31m[91mflex[33m:[39m[31m[91m0 0 100%[33m;[39m[31m[91mmax-width[33m:[39m[31m[91m100%[33m}[39m[31m[91m[33m.order-first[39m[31m[91m[33m{[39m[31m[91m-ms-flex-order[33m:[39m[31m[91m-1[33m;[39m[31m[91morder[33m:[39m[31m[91m-1[33m}[39m[31m[91m[33m.order-last[39m[31m[91m[33m{[39m[31m[91m-ms-flex-order[33m:[39m[31m[91m13[33m;[39m[31m[91morder[33m:[39m[31m[91m13[33m}[39m[31m[91m[33m.order-0[39m[31m[91m[33m{[39m[31m[91m-ms-flex-order[33m:[39m[31m[91m0[33m;[39m[31m[91morder[33m:[39m[31m[91m0[33m}[39m[31m[91m[33m.order-1[39m[31m[91m[33m{[39m[31m[91m-ms-flex-order[33m:[39m[31m[91m1[33m;[39m[31m[91morder[33m:[39m[31m[91m1[33m}[39m[31m[91m[33m.order-2[39m[31m[91m[33m{[39m[31m[91m-ms-flex-order[33m:[39m[31m[91m2[33m;[39m[31m[91morder[33m:[39m[31m[91m2[33m}[39m[31m[91m[33m.order-3[39m[31m[91m[33m{[39m[31m[91m-ms-flex-order[33m:[39m[31m[91m3[33m;[39m[31m[91morder[33m:[39m[31m[91m3[33m}[39m[31m[91m[33m.order-4[39m[31m[91m[33m{[39m[31m[91m-ms-flex-order[33m:[39m[31m[91m4[33m;[39m[31m[91morder[33m:[39m[31m[91m4[33m}[39m[31m[91m[33m.order-5[39m[31m[91m[33m{[39m[31m[91m-ms-flex-order[33m:[39m[31m[91m5[33m;[39m[31m[91morder[33m:[39m[31m[91m5[33m}[39m[31m[91m[33m.order-6[39m[31m[91m[33m{[39m[31m[91m-ms-flex-order[33m:[39m[31m[91m6[33m;[39m[31m[91morder[33m:[39m[31m[91m6[33m}[39m[31m[91m[33m.order-7[39m[31m[91m[33m{[39m[31m[91m-ms-flex-order[33m:[39m[31m[91m7[33m;[39m[31m[91morder[33m:[39m[31m[91m7[33m}[39m[31m[91m[33m.order-8[39m[31m[91m[33m{[39m[31m[91m-ms-flex-order[33m:[39m[31m[91m8[33m;[39m[31m[91morder[33m:[39m[31m[9[39m[22m[1m[31m1m8[33m}[39m[31m[91m[33m.order-9[39m[31m[91m[33m{[39m[31m[91m-ms-flex-order[33m:[39m[31m[91m9[33m;[39m[31m[91morder[33m:[39m[31m[91m9[33m}[39m[31m[91m[33m.order-10[39m[31m[91m[33m{[39m[31m[91m-ms-flex-order[33m:[39m[31m[91m10[33m;[39m[31m[91morder[33m:[39m[31m[91m10[33m}[39m[31m[91m[33m.order-11[39m[31m[91m[33m{[39m[31m[91m-ms-flex-order[33m:[39m[31m[91m11[33m;[39m[31m[91morder[33m:[39m[31m[91m11[33m}[39m[31m[91m[33m.order-12[39m[31m[91m[33m{[39m[31m[91m-ms-flex-order[33m:[39m[31m[91m12[33m;[39m[31m[91morder[33m:[39m[31m[91m12[33m}[39m[31m[91m[33m.offset-1[39m[31m[91m[33m{[39m[31m[91mmargin-left[33m:[39m[31m[91m8.333333%[33m}[39m[31m[91m[33m.offset-2[39m[31m[91m[33m{[39m[31m[91mmargin-left[33m:[39m[31m[91m16.666667%[33m}[39m[31m[91m[33m.offset-3[39m[31m[91m[33m{[39m[31m[91mmargin-left[33m:[39m[31m[91m25%[33m}[39m[31m[91m[33m.offset-4[39m[31m[91m[33m{[39m[31m[91mmargin-left[33m:[39m[31m[91m33.333333%[33m}[39m[31m[91m[33m.offset-5[39m[31m[91m[33m{[39m[31m[91mmargin-left[33m:[39m[31m[91m41.666667%[33m}[39m[31m[91m[33m.offset-6[39m[31m[91m[33m{[39m[31m[91mmargin-left[33m:[39m[31m[91m50%[33m}[39m[31m[91m[33m.offset-7[39m[31m[91m[33m{[39m[31m[91mmargin-left[33m:[39m[31m[91m58.333333%[33m}[39m[31m[91m[33m.offset-8[39m[31m[91m[33m{[39m[31m[91mmargin-left[33m:[39m[31m[91m66.666667%[33m}[39m[31m[91m[33m.offset-9[39m[31m[91m[33m{[39m[31m[91mmargin-left[33m:[39m[31m[91m75%[33m}[39m[31m[91m[33m.offset-10[39m[31m[91m[33m{[39m[31m[91mmargin-left[33m:[39m[31m[91m83.333333%[33m}[39m[31m[91m[33m.offset-11[39m[31m[91m[33m{[39m[31m[91mmargin-left[33m:[39m[31m[91m91.666667%[33m}[39m[31m[91m[36m@media[39m[31m[91m[36m [39m[31m[91m[36m(min-width:576px)[39m[31m[91m[33m{[39m[31m[91m[33m.col-sm[39m[31m[91m[33m{[39m[31m[91m-ms-flex-preferred-size[33m:[39m[31m[91m0[33m;[39m[31m[91mflex-basis[33m:[39m[31m[91m0[33m;[39m[31m[91m-ms-flex-positive[33m:[39m[31m[91m1[33m;[39m[31m[91mflex-grow[33m:[39m[31m[91m1[33m;[39m[31m[91mmax-width[33m:[39m[31m[91m100%[33m}[39m[31m[91m[33m.row-cols-sm-1>*[39m[31m[91m[33m{[39m[31m[91m-ms-flex[33m:[39m[31m[91m0 0 100%[33m;[39m[31m[91mflex[33m:[39m[31m[91[39m[22m[1m[31mm0 0 100%[33m;[39m[31m[91mmax-width[33m:[39m[31m[91m100%[33m}[39m[31m[91m[33m.row-cols-sm-2>*[39m[31m[91m[33m{[39m[31m[91m-ms-flex[33m:[39m[31m[91m0 0 50%[33m;[39m[31m[91mflex[33m:[39m[31m[91m0 0 50%[33m;[39m[31m[91mmax-width[33m:[39m[31m[91m50%[33m}[39m[31m[91m[33m.row-cols-sm-3>*[39m[31m[91m[33m{[39m[31m[91m-ms-flex[33m:[39m[31m[91m0 0 33.333333%[33m;[39m[31m[91mflex[33m:[39m[31m[91m0 0 33.333333%[33m;[39m[31m[91mmax-width[33m:[39m[31m[91m33.333333%[33m}[39m[31m[91m[33m.row-cols-sm-4>*[39m[31m[91m[33m{[39m[31m[91m-ms-flex[33m:[39m[31m[91m0 0 25%[33m;[39m[31m[91mflex[33m:[39m[31m[91m0 0 25%[33m;[39m[31m[91mmax-width[33m:[39m[31m[91m25%[33m}[39m[31m[91m[33m.row-cols-sm-5>*[39m[31m[91m[33m{[39m[31m[91m-ms-flex[33m:[39m[31m[91m0 0 20%[33m;[39m[31m[91mflex[33m:[39m[31m[91m0 0 20%[33m;[39m[31m[91mmax-width[33m:[39m[31m[91m20%[33m}[39m[31m[91m[33m.row-cols-sm-6>*[39m[31m[91m[33m{[39m[31m[91m-ms-flex[33m:[39m[31m[91m0 0 16.666667%[33m;[39m[31m[91mflex[33m:[39m[31m[91m0 0 16.666667%[33m;[39m[31m[91mmax-width[33m:[39m[31m[91m16.666667%[33m}[39m[31m[91m[33m.col-sm-auto[39m[31m[91m[33m{[39m[31m[91m-ms-flex[33m:[39m[31m[91m0 0 auto[33m;[39m[31m[91mflex[33m:[39m[31m[91m0 0 auto[33m;[39m[31m[91mwidth[33m:[39m[31m[91mauto[33m;[39m[31m[91mmax-width[33m:[39m[31m[91m100%[33m}[39m[31m[91m[33m.col-sm-1[39m[31m[91m[33m{[39m[31m[91m-ms-flex[33m:[39m[31m[91m0 0 8.333333%[33m;[39m[31m[91mflex[33m:[39m[31m[91m0 0 8.333333%[33m;[39m[31m[91mmax-width[33m:[39m[31m[91m8.333333%[33m}[39m[31m[91m[33m.col-sm-2[39m[31m[91m[33m{[39m[31m[91m-ms-flex[33m:[39m[31m[91m0 0 16.666667%[33m;[39m[31m[91mflex[33m:[39m[31m[91m0 0 16.666667%[33m;[39m[31m[91mmax-width[33m:[39m[31m[91m16.666667%[33m}[39m[31m[91m[33m.col-sm-3[39m[31m[91m[33m{[39m[31m[91m-ms-flex[33m:[39m[31m[91m0 0 25%[33m;[39m[31m[91mflex[33m:[39m[31m[91m0 0 25%[33m;[39m[31m[91mmax-width[33m:[39m[31m[91m25%[33m}[39m[31m[91m[33m.col-sm-4[39m[31m[91m[33m{[39m[31m[91m-ms-flex[33m:[39m[31m[91m0 0 33.333333%[33m;[39m[31m[91mflex[33m:[39m[31m[91m0 0 33.333333%[33m;[39m[31m[91mmax-width[33m:[39m[31m[91m33.333333%[33m}[39m[31m[91m[33m.[39m[22m[1m[31mcol-sm-5[39m[31m[91m[33m{[39m[31m[91m-ms-flex[33m:[39m[31m[91m0 0 41.666667%[33m;[39m[31m[91mflex[33m:[39m[31m[91m0 0 41.666667%[33m;[39m[31m[91mmax-width[33m:[39m[31m[91m41.666667%[33m}[39m[31m[91m[33m.col-sm-6[39m[31m[91m[33m{[39m[31m[91m-ms-flex[33m:[39m[31m[91m0 0 50%[33m;[39m[31m[91mflex[33m:[39m[31m[91m0 0 50%[33m;[39m[31m[91mmax-width[33m:[39m[31m[91m50%[33m}[39m[31m[91m[33m.col-sm-7[39m[31m[91m[33m{[39m[31m[91m-ms-flex[33m:[39m[31m[91m0 0 58.333333%[33m;[39m[31m[91mflex[33m:[39m[31m[91m0 0 58.333333%[33m;[39m[31m[91mmax-width[33m:[39m[31m[91m58.333333%[33m}[39m[31m[91m[33m.col-sm-8[39m[31m[91m[33m{[39m[31m[91m-ms-flex[33m:[39m[31m[91m0 0 66.666667%[33m;[39m[31m[91mflex[33m:[39m[31m[91m0 0 66.666667%[33m;[39m[31m[91mmax-width[33m:[39m[31m[91m66.666667%[33m}[39m[31m[91m[33m.col-sm-9[39m[31m[91m[33m{[39m[31m[91m-ms-flex[33m:[39m[31m[91m0 0 75%[33m;[39m[31m[91mflex[33m:[39m[31m[91m0 0 75%[33m;[39m[31m[91mmax-width[33m:[39m[31m[91m75%[33m}[39m[31m[91m[33m.col-sm-10[39m[31m[91m[33m{[39m[31m[91m-ms-flex[33m:[39m[31m[91m0 0 83.333333%[33m;[39m[31m[91mflex[33m:[39m[31m[91m0 0 83.333333%[33m;[39m[31m[91mmax-width[33m:[39m[31m[91m83.333333%[33m}[39m[31m[91m[33m.col-sm-11[39m[31m[91m[33m{[39m[31m[91m-ms-flex[33m:[39m[31m[91m0 0 91.666667%[33m;[39m[31m[91mflex[33m:[39m[31m[91m0 0 91.666667%[33m;[39m[31m[91mmax-width[33m:[39m[31m[91m91.666667%[33m}[39m[31m[91m[33m.col-sm-12[39m[31m[91m[33m{[39m[31m[91m-ms-flex[33m:[39m[31m[91m0 0 100%[33m;[39m[31m[91mflex[33m:[39m[31m[91m0 0 100%[33m;[39m[31m[91mmax-width[33m:[39m[31m[91m100%[33m}[39m[31m[91m[33m.order-sm-first[39m[31m[91m[33m{[39m[31m[91m-ms-flex-order[33m:[39m[31m[91m-1[33m;[39m[31m[91morder[33m:[39m[31m[91m-1[33m}[39m[31m[91m[33m.order-sm-last[39m[31m[91m[33m{[39m[31m[91m-ms-flex-order[33m:[39m[31m[91m13[33m;[39m[31m[91morder[33m:[39m[31m[91m13[33m}[39m[31m[91m[33m.order-sm-0[39m[31m[91m[33m{[39m[31m[91m-ms-flex-order[33m:[39m[31m[91m0[33m;[39m[31m[91morder[33m:[39m[31m[91m0[33m}[39m[31m[91m[33m.order-sm-1[39m[31m[91m[33m{[39m[31m[91m-ms-flex-order[33m:[39m[31m[91m1[33m;[39m[31m[91morder[33m:[39m[31m[91m1[39m[22m[1m[31m[33m}[39m[31m[91m[33m.order-sm-2[39m[31m[91m[33m{[39m[31m[91m-ms-flex-order[33m:[39m[31m[91m2[33m;[39m[31m[91morder[33m:[39m[31m[91m2[33m}[39m[31m[91m[33m.order-sm-3[39m[31m[91m[33m{[39m[31m[91m-ms-flex-order[33m:[39m[31m[91m3[33m;[39m[31m[91morder[33m:[39m[31m[91m3[33m}[39m[31m[91m[33m.order-sm-4[39m[31m[91m[33m{[39m[31m[91m-ms-flex-order[33m:[39m[31m[91m4[33m;[39m[31m[91morder[33m:[39m[31m[91m4[33m}[39m[31m[91m[33m.order-sm-5[39m[31m[91m[33m{[39m[31m[91m-ms-flex-order[33m:[39m[31m[91m5[33m;[39m[31m[91morder[33m:[39m[31m[91m5[33m}[39m[31m[91m[33m.order-sm-6[39m[31m[91m[33m{[39m[31m[91m-ms-flex-order[33m:[39m[31m[91m6[33m;[39m[31m[91morder[33m:[39m[31m[91m6[33m}[39m[31m[91m[33m.order-sm-7[39m[31m[91m[33m{[39m[31m[91m-ms-flex-order[33m:[39m[31m[91m7[33m;[39m[31m[91morder[33m:[39m[31m[91m7[33m}[39m[31m[91m[33m.order-sm-8[39m[31m[91m[33m{[39m[31m[91m-ms-flex-order[33m:[39m[31m[91m8[33m;[39m[31m[91morder[33m:[39m[31m[91m8[33m}[39m[31m[91m[33m.order-sm-9[39m[31m[91m[33m{[39m[31m[91m-ms-flex-order[33m:[39m[31m[91m9[33m;[39m[31m[91morder[33m:[39m[31m[91m9[33m}[39m[31m[91m[33m.order-sm-10[39m[31m[91m[33m{[39m[31m[91m-ms-flex-order[33m:[39m[31m[91m10[33m;[39m[31m[91morder[33m:[39m[31m[91m10[33m}[39m[31m[91m[33m.order-sm-11[39m[31m[91m[33m{[39m[31m[91m-ms-flex-order[33m:[39m[31m[91m11[33m;[39m[31m[91morder[33m:[39m[31m[91m11[33m}[39m[31m[91m[33m.order-sm-12[39m[31m[91m[33m{[39m[31m[91m-ms-flex-order[33m:[39m[31m[91m12[33m;[39m[31m[91morder[33m:[39m[31m[91m12[33m}[39m[31m[91m[33m.offset-sm-0[39m[31m[91m[33m{[39m[31m[91mmargin-left[33m:[39m[31m[91m0[33m}[39m[31m[91m[33m.offset-sm-1[39m[31m[91m[33m{[39m[31m[91mmargin-left[33m:[39m[31m[91m8.333333%[33m}[39m[31m[91m[33m.offset-sm-2[39m[31m[91m[33m{[39m[31m[91mmargin-left[33m:[39m[31m[91m16.666667%[33m}[39m[31m[91m[33m.offset-sm-3[39m[31m[91m[33m{[39m[31m[91mmargin-left[33m:[39m[31m[91m25%[33m}[39m[31m[91m[33m.offset-sm-4[39m[31m[91m[33m{[39m[31m[91mmargin-left[33m:[39m[31m[91m33.333333%[33m}[39m[31m[91m[33m.offset-sm-5[39m[31m[91m[33m{[39m[31m[91mmargin-left[33m:[39m[31m[91m41.666667%[33m}[39m[31m[91m[33m.offset-sm-6[[39m[22m[1m[31m39m[91m[33m{[39m[31m[91mmargin-left[33m:[39m[31m[91m50%[33m}[39m[31m[91m[33m.offset-sm-7[39m[31m[91m[33m{[39m[31m[91mmargin-left[33m:[39m[31m[91m58.333333%[33m}[39m[31m[91m[33m.offset-sm-8[39m[31m[91m[33m{[39m[31m[91mmargin-left[33m:[39m[31m[91m66.666667%[33m}[39m[31m[91m[33m.offset-sm-9[39m[31m[91m[33m{[39m[31m[91mmargin-left[33m:[39m[31m[91m75%[33m}[39m[31m[91m[33m.offset-sm-10[39m[31m[91m[33m{[39m[31m[91mmargin-left[33m:[39m[31m[91m83.333333%[33m}[39m[31m[91m[33m.offset-sm-11[39m[31m[91m[33m{[39m[31m[91mmargin-left[33m:[39m[31m[91m91.666667%[33m}[39m[31m[91m[33m}[39m[31m[91m[36m@media[39m[31m[91m[36m [39m[31m[91m[36m(min-width:768px)[39m[31m[91m[33m{[39m[31m[91m[33m.col-md[39m[31m[91m[33m{[39m[31m[91m-ms-flex-preferred-size[33m:[39m[31m[91m0[33m;[39m[31m[91mflex-basis[33m:[39m[31m[91m0[33m;[39m[31m[91m-ms-flex-positive[33m:[39m[31m[91m1[33m;[39m[31m[91mflex-grow[33m:[39m[31m[91m1[33m;[39m[31m[91mmax-width[33m:[39m[31m[91m100%[33m}[39m[31m[91m[33m.row-cols-md-1>*[39m[31m[91m[33m{[39m[31m[91m-ms-flex[33m:[39m[31m[91m0 0 100%[33m;[39m[31m[91mflex[33m:[39m[31m[91m0 0 100%[33m;[39m[31m[91mmax-width[33m:[39m[31m[91m100%[33m}[39m[31m[91m[33m.row-cols-md-2>*[39m[31m[91m[33m{[39m[31m[91m-ms-flex[33m:[39m[31m[91m0 0 50%[33m;[39m[31m[91mflex[33m:[39m[31m[91m0 0 50%[33m;[39m[31m[91mmax-width[33m:[39m[31m[91m50%[33m}[39m[31m[91m[33m.row-cols-md-3>*[39m[31m[91m[33m{[39m[31m[91m-ms-flex[33m:[39m[31m[91m0 0 33.333333%[33m;[39m[31m[91mflex[33m:[39m[31m[91m0 0 33.333333%[33m;[39m[31m[91mmax-width[33m:[39m[31m[91m33.333333%[33m}[39m[31m[91m[33m.row-cols-md-4>*[39m[31m[91m[33m{[39m[31m[91m-ms-flex[33m:[39m[31m[91m0 0 25%[33m;[39m[31m[91mflex[33m:[39m[31m[91m0 0 25%[33m;[39m[31m[91mmax-width[33m:[39m[31m[91m25%[33m}[39m[31m[91m[33m.row-cols-md-5>*[39m[31m[91m[33m{[39m[31m[91m-ms-flex[33m:[39m[31m[91m0 0 20%[33m;[39m[31m[91mflex[33m:[39m[31m[91m0 0 20%[33m;[39m[31m[91mmax-width[33m:[39m[31m[91m20%[33m}[39m[31m[91m[33m.row-cols-md-6>*[39m[31m[91m[33m{[39m[31m[91m-ms-flex[33m:[39m[31m[91m0 0 16.666667%[33m;[39m[31m[91mflex[33m:[39m[31m[91m0 0 16.666667%[33m;[39m[31m[91m[39m[22m[1m[31mmax-width[33m:[39m[31m[91m16.666667%[33m}[39m[31m[91m[33m.col-md-auto[39m[31m[91m[33m{[39m[31m[91m-ms-flex[33m:[39m[31m[91m0 0 auto[33m;[39m[31m[91mflex[33m:[39m[31m[91m0 0 auto[33m;[39m[31m[91mwidth[33m:[39m[31m[91mauto[33m;[39m[31m[91mmax-width[33m:[39m[31m[91m100%[33m}[39m[31m[91m[33m.col-md-1[39m[31m[91m[33m{[39m[31m[91m-ms-flex[33m:[39m[31m[91m0 0 8.333333%[33m;[39m[31m[91mflex[33m:[39m[31m[91m0 0 8.333333%[33m;[39m[31m[91mmax-width[33m:[39m[31m[91m8.333333%[33m}[39m[31m[91m[33m.col-md-2[39m[31m[91m[33m{[39m[31m[91m-ms-flex[33m:[39m[31m[91m0 0 16.666667%[33m;[39m[31m[91mflex[33m:[39m[31m[91m0 0 16.666667%[33m;[39m[31m[91mmax-width[33m:[39m[31m[91m16.666667%[33m}[39m[31m[91m[33m.col-md-3[39m[31m[91m[33m{[39m[31m[91m-ms-flex[33m:[39m[31m[91m0 0 25%[33m;[39m[31m[91mflex[33m:[39m[31m[91m0 0 25%[33m;[39m[31m[91mmax-width[33m:[39m[31m[91m25%[33m}[39m[31m[91m[33m.col-md-4[39m[31m[91m[33m{[39m[31m[91m-ms-flex[33m:[39m[31m[91m0 0 33.333333%[33m;[39m[31m[91mflex[33m:[39m[31m[91m0 0 33.333333%[33m;[39m[31m[91mmax-width[33m:[39m[31m[91m33.333333%[33m}[39m[31m[91m[33m.col-md-5[39m[31m[91m[33m{[39m[31m[91m-ms-flex[33m:[39m[31m[91m0 0 41.666667%[33m;[39m[31m[91mflex[33m:[39m[31m[91m0 0 41.666667%[33m;[39m[31m[91mmax-width[33m:[39m[31m[91m41.666667%[33m}[39m[31m[91m[33m.col-md-6[39m[31m[91m[33m{[39m[31m[91m-ms-flex[33m:[39m[31m[91m0 0 50%[33m;[39m[31m[91mflex[33m:[39m[31m[91m0 0 50%[33m;[39m[31m[91mmax-width[33m:[39m[31m[91m50%[33m}[39m[31m[91m[33m.col-md-7[39m[31m[91m[33m{[39m[31m[91m-ms-flex[33m:[39m[31m[91m0 0 58.333333%[33m;[39m[31m[91mflex[33m:[39m[31m[91m0 0 58.333333%[33m;[39m[31m[91mmax-width[33m:[39m[31m[91m58.333333%[33m}[39m[31m[91m[33m.col-md-8[39m[31m[91m[33m{[39m[31m[91m-ms-flex[33m:[39m[31m[91m0 0 66.666667%[33m;[39m[31m[91mflex[33m:[39m[31m[91m0 0 66.666667%[33m;[39m[31m[91mmax-width[33m:[39m[31m[91m66.666667%[33m}[39m[31m[91m[33m.col-md-9[39m[31m[91m[33m{[39m[31m[91m-ms-flex[33m:[39m[31m[91m0 0 75%[33m;[39m[31m[91mflex[33m:[39m[31m[91m0 0 75%[33m;[39m[31m[91mmax-width[33m:[39m[31m[91m75%[33m}[39m[31m[91m[33m.col-md-10[39m[31m[91m[33m{[39m[31m[9[39m[22m[1m[31m1m-ms-flex[33m:[39m[31m[91m0 0 83.333333%[33m;[39m[31m[91mflex[33m:[39m[31m[91m0 0 83.333333%[33m;[39m[31m[91mmax-width[33m:[39m[31m[91m83.333333%[33m}[39m[31m[91m[33m.col-md-11[39m[31m[91m[33m{[39m[31m[91m-ms-flex[33m:[39m[31m[91m0 0 91.666667%[33m;[39m[31m[91mflex[33m:[39m[31m[91m0 0 91.666667%[33m;[39m[31m[91mmax-width[33m:[39m[31m[91m91.666667%[33m}[39m[31m[91m[33m.col-md-12[39m[31m[91m[33m{[39m[31m[91m-ms-flex[33m:[39m[31m[91m0 0 100%[33m;[39m[31m[91mflex[33m:[39m[31m[91m0 0 100%[33m;[39m[31m[91mmax-width[33m:[39m[31m[91m100%[33m}[39m[31m[91m[33m.order-md-first[39m[31m[91m[33m{[39m[31m[91m-ms-flex-order[33m:[39m[31m[91m-1[33m;[39m[31m[91morder[33m:[39m[31m[91m-1[33m}[39m[31m[91m[33m.order-md-last[39m[31m[91m[33m{[39m[31m[91m-ms-flex-order[33m:[39m[31m[91m13[33m;[39m[31m[91morder[33m:[39m[31m[91m13[33m}[39m[31m[91m[33m.order-md-0[39m[31m[91m[33m{[39m[31m[91m-ms-flex-order[33m:[39m[31m[91m0[33m;[39m[31m[91morder[33m:[39m[31m[91m0[33m}[39m[31m[91m[33m.order-md-1[39m[31m[91m[33m{[39m[31m[91m-ms-flex-order[33m:[39m[31m[91m1[33m;[39m[31m[91morder[33m:[39m[31m[91m1[33m}[39m[31m[91m[33m.order-md-2[39m[31m[91m[33m{[39m[31m[91m-ms-flex-order[33m:[39m[31m[91m2[33m;[39m[31m[91morder[33m:[39m[31m[91m2[33m}[39m[31m[91m[33m.order-md-3[39m[31m[91m[33m{[39m[31m[91m-ms-flex-order[33m:[39m[31m[91m3[33m;[39m[31m[91morder[33m:[39m[31m[91m3[33m}[39m[31m[91m[33m.order-md-4[39m[31m[91m[33m{[39m[31m[91m-ms-flex-order[33m:[39m[31m[91m4[33m;[39m[31m[91morder[33m:[39m[31m[91m4[33m}[39m[31m[91m[33m.order-md-5[39m[31m[91m[33m{[39m[31m[91m-ms-flex-order[33m:[39m[31m[91m5[33m;[39m[31m[91morder[33m:[39m[31m[91m5[33m}[39m[31m[91m[33m.order-md-6[39m[31m[91m[33m{[39m[31m[91m-ms-flex-order[33m:[39m[31m[91m6[33m;[39m[31m[91morder[33m:[39m[31m[91m6[33m}[39m[31m[91m[33m.order-md-7[39m[31m[91m[33m{[39m[31m[91m-ms-flex-order[33m:[39m[31m[91m7[33m;[39m[31m[91morder[33m:[39m[31m[91m7[33m}[39m[31m[91m[33m.order-md-8[39m[31m[91m[33m{[39m[31m[91m-ms-flex-order[33m:[39m[31m[91m8[33m;[39m[31m[91morder[33m:[39m[31m[91m8[33m}[39m[31m[91m[33m.order-md-9[39m[31m[91m[33m{[39m[31m[91m-ms-flex-order[33m[39m[22m[1m[31m:[39m[31m[91m9[33m;[39m[31m[91morder[33m:[39m[31m[91m9[33m}[39m[31m[91m[33m.order-md-10[39m[31m[91m[33m{[39m[31m[91m-ms-flex-order[33m:[39m[31m[91m10[33m;[39m[31m[91morder[33m:[39m[31m[91m10[33m}[39m[31m[91m[33m.order-md-11[39m[31m[91m[33m{[39m[31m[91m-ms-flex-order[33m:[39m[31m[91m11[33m;[39m[31m[91morder[33m:[39m[31m[91m11[33m}[39m[31m[91m[33m.order-md-12[39m[31m[91m[33m{[39m[31m[91m-ms-flex-order[33m:[39m[31m[91m12[33m;[39m[31m[91morder[33m:[39m[31m[91m12[33m}[39m[31m[91m[33m.offset-md-0[39m[31m[91m[33m{[39m[31m[91mmargin-left[33m:[39m[31m[91m0[33m}[39m[31m[91m[33m.offset-md-1[39m[31m[91m[33m{[39m[31m[91mmargin-left[33m:[39m[31m[91m8.333333%[33m}[39m[31m[91m[33m.offset-md-2[39m[31m[91m[33m{[39m[31m[91mmargin-left[33m:[39m[31m[91m16.666667%[33m}[39m[31m[91m[33m.offset-md-3[39m[31m[91m[33m{[39m[31m[91mmargin-left[33m:[39m[31m[91m25%[33m}[39m[31m[91m[33m.offset-md-4[39m[31m[91m[33m{[39m[31m[91mmargin-left[33m:[39m[31m[91m33.333333%[33m}[39m[31m[91m[33m.offset-md-5[39m[31m[91m[33m{[39m[31m[91mmargin-left[33m:[39m[31m[91m41.666667%[33m}[39m[31m[91m[33m.offset-md-6[39m[31m[91m[33m{[39m[31m[91mmargin-left[33m:[39m[31m[91m50%[33m}[39m[31m[91m[33m.offset-md-7[39m[31m[91m[33m{[39m[31m[91mmargin-left[33m:[39m[31m[91m58.333333%[33m}[39m[31m[91m[33m.offset-md-8[39m[31m[91m[33m{[39m[31m[91mmargin-left[33m:[39m[31m[91m66.666667%[33m}[39m[31m[91m[33m.offset-md-9[39m[31m[91m[33m{[39m[31m[91mmargin-left[33m:[39m[31m[91m75%[33m}[39m[31m[91m[33m.offset-md-10[39m[31m[91m[33m{[39m[31m[91mmargin-left[33m:[39m[31m[91m83.333333%[33m}[39m[31m[91m[33m.offset-md-11[39m[31m[91m[33m{[39m[31m[91mmargin-left[33m:[39m[31m[91m91.666667%[33m}[39m[31m[91m[33m}[39m[31m[91m[36m@media[39m[31m[91m[36m [39m[31m[91m[36m(min-width:960px)[39m[31m[91m[33m{[39m[31m[91m[33m.col-lg[39m[31m[91m[33m{[39m[31m[91m-ms-flex-preferred-size[33m:[39m[31m[91m0[33m;[39m[31m[91mflex-basis[33m:[39m[31m[91m0[33m;[39m[31m[91m-ms-flex-positive[33m:[39m[31m[91m1[33m;[39m[31m[91mflex-grow[33m:[39m[31m[91m1[33m;[39m[31m[91mmax-width[33m:[39m[31m[91m100%[33m}[39m[31m[91m[33m.row-cols-lg-1>*[39m[31m[91m[33m{[39m[31m[91[39m[22m[1m[31mm-ms-flex[33m:[39m[31m[91m0 0 100%[33m;[39m[31m[91mflex[33m:[39m[31m[91m0 0 100%[33m;[39m[31m[91mmax-width[33m:[39m[31m[91m100%[33m}[39m[31m[91m[33m.row-cols-lg-2>*[39m[31m[91m[33m{[39m[31m[91m-ms-flex[33m:[39m[31m[91m0 0 50%[33m;[39m[31m[91mflex[33m:[39m[31m[91m0 0 50%[33m;[39m[31m[91mmax-width[33m:[39m[31m[91m50%[33m}[39m[31m[91m[33m.row-cols-lg-3>*[39m[31m[91m[33m{[39m[31m[91m-ms-flex[33m:[39m[31m[91m0 0 33.333333%[33m;[39m[31m[91mflex[33m:[39m[31m[91m0 0 33.333333%[33m;[39m[31m[91mmax-width[33m:[39m[31m[91m33.333333%[33m}[39m[31m[91m[33m.row-cols-lg-4>*[39m[31m[91m[33m{[39m[31m[91m-ms-flex[33m:[39m[31m[91m0 0 25%[33m;[39m[31m[91mflex[33m:[39m[31m[91m0 0 25%[33m;[39m[31m[91mmax-width[33m:[39m[31m[91m25%[33m}[39m[31m[91m[33m.row-cols-lg-5>*[39m[31m[91m[33m{[39m[31m[91m-ms-flex[33m:[39m[31m[91m0 0 20%[33m;[39m[31m[91mflex[33m:[39m[31m[91m0 0 20%[33m;[39m[31m[91mmax-width[33m:[39m[31m[91m20%[33m}[39m[31m[91m[33m.row-cols-lg-6>*[39m[31m[91m[33m{[39m[31m[91m-ms-flex[33m:[39m[31m[91m0 0 16.666667%[33m;[39m[31m[91mflex[33m:[39m[31m[91m0 0 16.666667%[33m;[39m[31m[91mmax-width[33m:[39m[31m[91m16.666667%[33m}[39m[31m[91m[33m.col-lg-auto[39m[31m[91m[33m{[39m[31m[91m-ms-flex[33m:[39m[31m[91m0 0 auto[33m;[39m[31m[91mflex[33m:[39m[31m[91m0 0 auto[33m;[39m[31m[91mwidth[33m:[39m[31m[91mauto[33m;[39m[31m[91mmax-width[33m:[39m[31m[91m100%[33m}[39m[31m[91m[33m.col-lg-1[39m[31m[91m[33m{[39m[31m[91m-ms-flex[33m:[39m[31m[91m0 0 8.333333%[33m;[39m[31m[91mflex[33m:[39m[31m[91m0 0 8.333333%[33m;[39m[31m[91mmax-width[33m:[39m[31m[91m8.333333%[33m}[39m[31m[91m[33m.col-lg-2[39m[31m[91m[33m{[39m[31m[91m-ms-flex[33m:[39m[31m[91m0 0 16.666667%[33m;[39m[31m[91mflex[33m:[39m[31m[91m0 0 16.666667%[33m;[39m[31m[91mmax-width[33m:[39m[31m[91m16.666667%[33m}[39m[31m[91m[33m.col-lg-3[39m[31m[91m[33m{[39m[31m[91m-ms-flex[33m:[39m[31m[91m0 0 25%[33m;[39m[31m[91mflex[33m:[39m[31m[91m0 0 25%[33m;[39m[31m[91mmax-width[33m:[39m[31m[91m25%[33m}[39m[31m[91m[33m.col-lg-4[39m[31m[91m[33m{[39m[31m[91m-ms-flex[33m:[39m[31m[91m0 0 33.333333%[33m;[39m[31m[91mflex[33m:[39m[31m[91m0 0 33.333333%[33m[39m[22m[1m[31m;[39m[31m[91mmax-width[33m:[39m[31m[91m33.333333%[33m}[39m[31m[91m[33m.col-lg-5[39m[31m[91m[33m{[39m[31m[91m-ms-flex[33m:[39m[31m[91m0 0 41.666667%[33m;[39m[31m[91mflex[33m:[39m[31m[91m0 0 41.666667%[33m;[39m[31m[91mmax-width[33m:[39m[31m[91m41.666667%[33m}[39m[31m[91m[33m.col-lg-6[39m[31m[91m[33m{[39m[31m[91m-ms-flex[33m:[39m[31m[91m0 0 50%[33m;[39m[31m[91mflex[33m:[39m[31m[91m0 0 50%[33m;[39m[31m[91mmax-width[33m:[39m[31m[91m50%[33m}[39m[31m[91m[33m.col-lg-7[39m[31m[91m[33m{[39m[31m[91m-ms-flex[33m:[39m[31m[91m0 0 58.333333%[33m;[39m[31m[91mflex[33m:[39m[31m[91m0 0 58.333333%[33m;[39m[31m[91mmax-width[33m:[39m[31m[91m58.333333%[33m}[39m[31m[91m[33m.col-lg-8[39m[31m[91m[33m{[39m[31m[91m-ms-flex[33m:[39m[31m[91m0 0 66.666667%[33m;[39m[31m[91mflex[33m:[39m[31m[91m0 0 66.666667%[33m;[39m[31m[91mmax-width[33m:[39m[31m[91m66.666667%[33m}[39m[31m[91m[33m.col-lg-9[39m[31m[91m[33m{[39m[31m[91m-ms-flex[33m:[39m[31m[91m0 0 75%[33m;[39m[31m[91mflex[33m:[39m[31m[91m0 0 75%[33m;[39m[31m[91mmax-width[33m:[39m[31m[91m75%[33m}[39m[31m[91m[33m.col-lg-10[39m[31m[91m[33m{[39m[31m[91m-ms-flex[33m:[39m[31m[91m0 0 83.333333%[33m;[39m[31m[91mflex[33m:[39m[31m[91m0 0 83.333333%[33m;[39m[31m[91mmax-width[33m:[39m[31m[91m83.333333%[33m}[39m[31m[91m[33m.col-lg-11[39m[31m[91m[33m{[39m[31m[91m-ms-flex[33m:[39m[31m[91m0 0 91.666667%[33m;[39m[31m[91mflex[33m:[39m[31m[91m0 0 91.666667%[33m;[39m[31m[91mmax-width[33m:[39m[31m[91m91.666667%[33m}[39m[31m[91m[33m.col-lg-12[39m[31m[91m[33m{[39m[31m[91m-ms-flex[33m:[39m[31m[91m0 0 100%[33m;[39m[31m[91mflex[33m:[39m[31m[91m0 0 100%[33m;[39m[31m[91mmax-width[33m:[39m[31m[91m100%[33m}[39m[31m[91m[33m.order-lg-first[39m[31m[91m[33m{[39m[31m[91m-ms-flex-order[33m:[39m[31m[91m-1[33m;[39m[31m[91morder[33m:[39m[31m[91m-1[33m}[39m[31m[91m[33m.order-lg-last[39m[31m[91m[33m{[39m[31m[91m-ms-flex-order[33m:[39m[31m[91m13[33m;[39m[31m[91morder[33m:[39m[31m[91m13[33m}[39m[31m[91m[33m.order-lg-0[39m[31m[91m[33m{[39m[31m[91m-ms-flex-order[33m:[39m[31m[91m0[33m;[39m[31m[91morder[33m:[39m[31m[91m0[33m}[39m[31m[91m[33m.order-lg-1[39m[31m[91m[33m{[39m[31m[91m-[39m[22m[1m[31mms-flex-order[33m:[39m[31m[91m1[33m;[39m[31m[91morder[33m:[39m[31m[91m1[33m}[39m[31m[91m[33m.order-lg-2[39m[31m[91m[33m{[39m[31m[91m-ms-flex-order[33m:[39m[31m[91m2[33m;[39m[31m[91morder[33m:[39m[31m[91m2[33m}[39m[31m[91m[33m.order-lg-3[39m[31m[91m[33m{[39m[31m[91m-ms-flex-order[33m:[39m[31m[91m3[33m;[39m[31m[91morder[33m:[39m[31m[91m3[33m}[39m[31m[91m[33m.order-lg-4[39m[31m[91m[33m{[39m[31m[91m-ms-flex-order[33m:[39m[31m[91m4[33m;[39m[31m[91morder[33m:[39m[31m[91m4[33m}[39m[31m[91m[33m.order-lg-5[39m[31m[91m[33m{[39m[31m[91m-ms-flex-order[33m:[39m[31m[91m5[33m;[39m[31m[91morder[33m:[39m[31m[91m5[33m}[39m[31m[91m[33m.order-lg-6[39m[31m[91m[33m{[39m[31m[91m-ms-flex-order[33m:[39m[31m[91m6[33m;[39m[31m[91morder[33m:[39m[31m[91m6[33m}[39m[31m[91m[33m.order-lg-7[39m[31m[91m[33m{[39m[31m[91m-ms-flex-order[33m:[39m[31m[91m7[33m;[39m[31m[91morder[33m:[39m[31m[91m7[33m}[39m[31m[91m[33m.order-lg-8[39m[31m[91m[33m{[39m[31m[91m-ms-flex-order[33m:[39m[31m[91m8[33m;[39m[31m[91morder[33m:[39m[31m[91m8[33m}[39m[31m[91m[33m.order-lg-9[39m[31m[91m[33m{[39m[31m[91m-ms-flex-order[33m:[39m[31m[91m9[33m;[39m[31m[91morder[33m:[39m[31m[91m9[33m}[39m[31m[91m[33m.order-lg-10[39m[31m[91m[33m{[39m[31m[91m-ms-flex-order[33m:[39m[31m[91m10[33m;[39m[31m[91morder[33m:[39m[31m[91m10[33m}[39m[31m[91m[33m.order-lg-11[39m[31m[91m[33m{[39m[31m[91m-ms-flex-order[33m:[39m[31m[91m11[33m;[39m[31m[91morder[33m:[39m[31m[91m11[33m}[39m[31m[91m[33m.order-lg-12[39m[31m[91m[33m{[39m[31m[91m-ms-flex-order[33m:[39m[31m[91m12[33m;[39m[31m[91morder[33m:[39m[31m[91m12[33m}[39m[31m[91m[33m.offset-lg-0[39m[31m[91m[33m{[39m[31m[91mmargin-left[33m:[39m[31m[91m0[33m}[39m[31m[91m[33m.offset-lg-1[39m[31m[91m[33m{[39m[31m[91mmargin-left[33m:[39m[31m[91m8.333333%[33m}[39m[31m[91m[33m.offset-lg-2[39m[31m[91m[33m{[39m[31m[91mmargin-left[33m:[39m[31m[91m16.666667%[33m}[39m[31m[91m[33m.offset-lg-3[39m[31m[91m[33m{[39m[31m[91mmargin-left[33m:[39m[31m[91m25%[33m}[39m[31m[91m[33m.offset-lg-4[39m[31m[91m[33m{[39m[31m[91mmargin-left[33m:[39m[31m[91m33.333333%[33m}[39m[31m[91m[33m.offset-lg-5[39m[31m[91m[33m{[39m[31m[91mmarg[39m[22m[1m[31min-left[33m:[39m[31m[91m41.666667%[33m}[39m[31m[91m[33m.offset-lg-6[39m[31m[91m[33m{[39m[31m[91mmargin-left[33m:[39m[31m[91m50%[33m}[39m[31m[91m[33m.offset-lg-7[39m[31m[91m[33m{[39m[31m[91mmargin-left[33m:[39m[31m[91m58.333333%[33m}[39m[31m[91m[33m.offset-lg-8[39m[31m[91m[33m{[39m[31m[91mmargin-left[33m:[39m[31m[91m66.666667%[33m}[39m[31m[91m[33m.offset-lg-9[39m[31m[91m[33m{[39m[31m[91mmargin-left[33m:[39m[31m[91m75%[33m}[39m[31m[91m[33m.offset-lg-10[39m[31m[91m[33m{[39m[31m[91mmargin-left[33m:[39m[31m[91m83.333333%[33m}[39m[31m[91m[33m.offset-lg-11[39m[31m[91m[33m{[39m[31m[91mmargin-left[33m:[39m[31m[91m91.666667%[33m}[39m[31m[91m[33m}[39m[31m[91m[36m@media[39m[31m[91m[36m [39m[31m[91m[36m(min-width:1152px)[39m[31m[91m[33m{[39m[31m[91m[33m.col-xl[39m[31m[91m[33m{[39m[31m[91m-ms-flex-preferred-size[33m:[39m[31m[91m0[33m;[39m[31m[91mflex-basis[33m:[39m[31m[91m0[33m;[39m[31m[91m-ms-flex-positive[33m:[39m[31m[91m1[33m;[39m[31m[91mflex-grow[33m:[39m[31m[91m1[33m;[39m[31m[91mmax-width[33m:[39m[31m[91m100%[33m}[39m[31m[91m[33m.row-cols-xl-1>*[39m[31m[91m[33m{[39m[31m[91m-ms-flex[33m:[39m[31m[91m0 0 100%[33m;[39m[31m[91mflex[33m:[39m[31m[91m0 0 100%[33m;[39m[31m[91mmax-width[33m:[39m[31m[91m100%[33m}[39m[31m[91m[33m.row-cols-xl-2>*[39m[31m[91m[33m{[39m[31m[91m-ms-flex[33m:[39m[31m[91m0 0 50%[33m;[39m[31m[91mflex[33m:[39m[31m[91m0 0 50%[33m;[39m[31m[91mmax-width[33m:[39m[31m[91m50%[33m}[39m[31m[91m[33m.row-cols-xl-3>*[39m[31m[91m[33m{[39m[31m[91m-ms-flex[33m:[39m[31m[91m0 0 33.333333%[33m;[39m[31m[91mflex[33m:[39m[31m[91m0 0 33.333333%[33m;[39m[31m[91mmax-width[33m:[39m[31m[91m33.333333%[33m}[39m[31m[91m[33m.row-cols-xl-4>*[39m[31m[91m[33m{[39m[31m[91m-ms-flex[33m:[39m[31m[91m0 0 25%[33m;[39m[31m[91mflex[33m:[39m[31m[91m0 0 25%[33m;[39m[31m[91mmax-width[33m:[39m[31m[91m25%[33m}[39m[31m[91m[33m.row-cols-xl-5>*[39m[31m[91m[33m{[39m[31m[91m-ms-flex[33m:[39m[31m[91m0 0 20%[33m;[39m[31m[91mflex[33m:[39m[31m[91m0 0 20%[33m;[39m[31m[91mmax-width[33m:[39m[31m[91m20%[33m}[39m[31m[91m[33m.row-cols-xl-6>*[39m[31m[91m[33m{[39m[31m[91m-ms-flex[33m:[39m[31m[91m0 0 16.6666[39m[22m[1m[31m67%[33m;[39m[31m[91mflex[33m:[39m[31m[91m0 0 16.666667%[33m;[39m[31m[91mmax-width[33m:[39m[31m[91m16.666667%[33m}[39m[31m[91m[33m.col-xl-auto[39m[31m[91m[33m{[39m[31m[91m-ms-flex[33m:[39m[31m[91m0 0 auto[33m;[39m[31m[91mflex[33m:[39m[31m[91m0 0 auto[33m;[39m[31m[91mwidth[33m:[39m[31m[91mauto[33m;[39m[31m[91mmax-width[33m:[39m[31m[91m100%[33m}[39m[31m[91m[33m.col-xl-1[39m[31m[91m[33m{[39m[31m[91m-ms-flex[33m:[39m[31m[91m0 0 8.333333%[33m;[39m[31m[91mflex[33m:[39m[31m[91m0 0 8.333333%[33m;[39m[31m[91mmax-width[33m:[39m[31m[91m8.333333%[33m}[39m[31m[91m[33m.col-xl-2[39m[31m[91m[33m{[39m[31m[91m-ms-flex[33m:[39m[31m[91m0 0 16.666667%[33m;[39m[31m[91mflex[33m:[39m[31m[91m0 0 16.666667%[33m;[39m[31m[91mmax-width[33m:[39m[31m[91m16.666667%[33m}[39m[31m[91m[33m.col-xl-3[39m[31m[91m[33m{[39m[31m[91m-ms-flex[33m:[39m[31m[91m0 0 25%[33m;[39m[31m[91mflex[33m:[39m[31m[91m0 0 25%[33m;[39m[31m[91mmax-width[33m:[39m[31m[91m25%[33m}[39m[31m[91m[33m.col-xl-4[39m[31m[91m[33m{[39m[31m[91m-ms-flex[33m:[39m[31m[91m0 0 33.333333%[33m;[39m[31m[91mflex[33m:[39m[31m[91m0 0 33.333333%[33m;[39m[31m[91mmax-width[33m:[39m[31m[91m33.333333%[33m}[39m[31m[91m[33m.col-xl-5[39m[31m[91m[33m{[39m[31m[91m-ms-flex[33m:[39m[31m[91m0 0 41.666667%[33m;[39m[31m[91mflex[33m:[39m[31m[91m0 0 41.666667%[33m;[39m[31m[91mmax-width[33m:[39m[31m[91m41.666667%[33m}[39m[31m[91m[33m.col-xl-6[39m[31m[91m[33m{[39m[31m[91m-ms-flex[33m:[39m[31m[91m0 0 50%[33m;[39m[31m[91mflex[33m:[39m[31m[91m0 0 50%[33m;[39m[31m[91mmax-width[33m:[39m[31m[91m50%[33m}[39m[31m[91m[33m.col-xl-7[39m[31m[91m[33m{[39m[31m[91m-ms-flex[33m:[39m[31m[91m0 0 58.333333%[33m;[39m[31m[91mflex[33m:[39m[31m[91m0 0 58.333333%[33m;[39m[31m[91mmax-width[33m:[39m[31m[91m58.333333%[33m}[39m[31m[91m[33m.col-xl-8[39m[31m[91m[33m{[39m[31m[91m-ms-flex[33m:[39m[31m[91m0 0 66.666667%[33m;[39m[31m[91mflex[33m:[39m[31m[91m0 0 66.666667%[33m;[39m[31m[91mmax-width[33m:[39m[31m[91m66.666667%[33m}[39m[31m[91m[33m.col-xl-9[39m[31m[91m[33m{[39m[31m[91m-ms-flex[33m:[39m[31m[91m0 0 75%[33m;[39m[31m[91mflex[33m:[39m[31m[91m0 0 75%[33m;[39m[31m[91mmax-width[33m[39m[22m[1m[31m:[39m[31m[91m75%[33m}[39m[31m[91m[33m.col-xl-10[39m[31m[91m[33m{[39m[31m[91m-ms-flex[33m:[39m[31m[91m0 0 83.333333%[33m;[39m[31m[91mflex[33m:[39m[31m[91m0 0 83.333333%[33m;[39m[31m[91mmax-width[33m:[39m[31m[91m83.333333%[33m}[39m[31m[91m[33m.col-xl-11[39m[31m[91m[33m{[39m[31m[91m-ms-flex[33m:[39m[31m[91m0 0 91.666667%[33m;[39m[31m[91mflex[33m:[39m[31m[91m0 0 91.666667%[33m;[39m[31m[91mmax-width[33m:[39m[31m[91m91.666667%[33m}[39m[31m[91m[33m.col-xl-12[39m[31m[91m[33m{[39m[31m[91m-ms-flex[33m:[39m[31m[91m0 0 100%[33m;[39m[31m[91mflex[33m:[39m[31m[91m0 0 100%[33m;[39m[31m[91mmax-width[33m:[39m[31m[91m100%[33m}[39m[31m[91m[33m.order-xl-first[39m[31m[91m[33m{[39m[31m[91m-ms-flex-order[33m:[39m[31m[91m-1[33m;[39m[31m[91morder[33m:[39m[31m[91m-1[33m}[39m[31m[91m[33m.order-xl-last[39m[31m[91m[33m{[39m[31m[91m-ms-flex-order[33m:[39m[31m[91m13[33m;[39m[31m[91morder[33m:[39m[31m[91m13[33m}[39m[31m[91m[33m.order-xl-0[39m[31m[91m[33m{[39m[31m[91m-ms-flex-order[33m:[39m[31m[91m0[33m;[39m[31m[91morder[33m:[39m[31m[91m0[33m}[39m[31m[91m[33m.order-xl-1[39m[31m[91m[33m{[39m[31m[91m-ms-flex-order[33m:[39m[31m[91m1[33m;[39m[31m[91morder[33m:[39m[31m[91m1[33m}[39m[31m[91m[33m.order-xl-2[39m[31m[91m[33m{[39m[31m[91m-ms-flex-order[33m:[39m[31m[91m2[33m;[39m[31m[91morder[33m:[39m[31m[91m2[33m}[39m[31m[91m[33m.order-xl-3[39m[31m[91m[33m{[39m[31m[91m-ms-flex-order[33m:[39m[31m[91m3[33m;[39m[31m[91morder[33m:[39m[31m[91m3[33m}[39m[31m[91m[33m.order-xl-4[39m[31m[91m[33m{[39m[31m[91m-ms-flex-order[33m:[39m[31m[91m4[33m;[39m[31m[91morder[33m:[39m[31m[91m4[33m}[39m[31m[91m[33m.order-xl-5[39m[31m[91m[33m{[39m[31m[91m-ms-flex-order[33m:[39m[31m[91m5[33m;[39m[31m[91morder[33m:[39m[31m[91m5[33m}[39m[31m[91m[33m.order-xl-6[39m[31m[91m[33m{[39m[31m[91m-ms-flex-order[33m:[39m[31m[91m6[33m;[39m[31m[91morder[33m:[39m[31m[91m6[33m}[39m[31m[91m[33m.order-xl-7[39m[31m[91m[33m{[39m[31m[91m-ms-flex-order[33m:[39m[31m[91m7[33m;[39m[31m[91morder[33m:[39m[31m[91m7[33m}[39m[31m[91m[33m.order-xl-8[39m[31m[91m[33m{[39m[31m[91m-ms-flex-order[33m:[39m[31m[91m8[33m;[39m[31m[91morder[33m:[39m[31m[91m8[33m}[[39m[22m[1m[31m39m[91m[33m.order-xl-9[39m[31m[91m[33m{[39m[31m[91m-ms-flex-order[33m:[39m[31m[91m9[33m;[39m[31m[91morder[33m:[39m[31m[91m9[33m}[39m[31m[91m[33m.order-xl-10[39m[31m[91m[33m{[39m[31m[91m-ms-flex-order[33m:[39m[31m[91m10[33m;[39m[31m[91morder[33m:[39m[31m[91m10[33m}[39m[31m[91m[33m.order-xl-11[39m[31m[91m[33m{[39m[31m[91m-ms-flex-order[33m:[39m[31m[91m11[33m;[39m[31m[91morder[33m:[39m[31m[91m11[33m}[39m[31m[91m[33m.order-xl-12[39m[31m[91m[33m{[39m[31m[91m-ms-flex-order[33m:[39m[31m[91m12[33m;[39m[31m[91morder[33m:[39m[31m[91m12[33m}[39m[31m[91m[33m.offset-xl-0[39m[31m[91m[33m{[39m[31m[91mmargin-left[33m:[39m[31m[91m0[33m}[39m[31m[91m[33m.offset-xl-1[39m[31m[91m[33m{[39m[31m[91mmargin-left[33m:[39m[31m[91m8.333333%[33m}[39m[31m[91m[33m.offset-xl-2[39m[31m[91m[33m{[39m[31m[91mmargin-left[33m:[39m[31m[91m16.666667%[33m}[39m[31m[91m[33m.offset-xl-3[39m[31m[91m[33m{[39m[31m[91mmargin-left[33m:[39m[31m[91m25%[33m}[39m[31m[91m[33m.offset-xl-4[39m[31m[91m[33m{[39m[31m[91mmargin-left[33m:[39m[31m[91m33.333333%[33m}[39m[31m[91m[33m.offset-xl-5[39m[31m[91m[33m{[39m[31m[91mmargin-left[33m:[39m[31m[91m41.666667%[33m}[39m[31m[91m[33m.offset-xl-6[39m[31m[91m[33m{[39m[31m[91mmargin-left[33m:[39m[31m[91m50%[33m}[39m[31m[91m[33m.offset-xl-7[39m[31m[91m[33m{[39m[31m[91mmargin-left[33m:[39m[31m[91m58.333333%[33m}[39m[31m[91m[33m.offset-xl-8[39m[31m[91m[33m{[39m[31m[91mmargin-left[33m:[39m[31m[91m66.666667%[33m}[39m[31m[91m[33m.offset-xl-9[39m[31m[91m[33m{[39m[31m[91mmargin-left[33m:[39m[31m[91m75%[33m}[39m[31m[91m[33m.offset-xl-10[39m[31m[91m[33m{[39m[31m[91mmargin-left[33m:[39m[31m[91m83.333333%[33m}[39m[31m[91m[33m.offset-xl-11[39m[31m[91m[33m{[39m[31m[91mmargin-left[33m:[39m[31m[91m91.666667%[33m}[39m[31m[91m[33m}[39m[31m[91m[33m.table[39m[31m[91m[33m{[39m[31m[91mwidth[33m:[39m[31m[91m100%[33m;[39m[31m[91mmargin-bottom[33m:[39m[31m[91m14px 8px[33m;[39m[31m[91mcolor[33m:[39m[31m[91m[35m#bbb[39m[31m[91m[33m}[39m[31m[91m[33m.table[39m[31m[91m td,.table th[33m{[39m[31m[91mpadding[33m:[39m[31m[91m0[33m;[39m[31m[91mvertical-align[33m:[39m[31m[91mtop[33m}[39m[31m[91m[33m.tabl[39m[22m[1m[31me[39m[31m[91m thead th[33m{[39m[31m[91mvertical-align[33m:[39m[31m[91mbottom[33m}[39m[31m[91m[33m.table-sm[39m[31m[91m td,.table-sm th[33m{[39m[31m[91mpadding[33m:[39m[31m[91m0[33m}[39m[31m[91m[33m.table-bordered[39m[31m[91m[33m{[39m[31m[91mborder[33m:[39m[31m[91m0 solid [35m#555[39m[31m[91m[33m}[39m[31m[91m[33m.table-bordered[39m[31m[91m thead td,.table-bordered thead th[33m{[39m[31m[91mborder-bottom-width[33m:[39m[31m[91m0[33m}[39m[31m[91m[33m.table-borderless[39m[31m[91m tbody+tbody,.table-borderless td,.table-borderless th,.table-borderless thead th[33m{[39m[31m[91mborder[33m:[39m[31m[91m0[33m}[39m[31m[91m[33m.table-striped[39m[31m[91m tbody tr[33m:[39m[31m[91m[36mnth-of-type[39m[31m[91m[36m(odd)[39m[31m[91m[33m{[39m[31m[91mbackground-color[33m:[39m[31m[91m[35m#000[39m[31m[91m[33m}[39m[31m[91m[33m.table-hover[39m[31m[91m td[33m:[39m[31m[91mhover,.table-hover th[33m:[39m[31m[91mhover[33m{[39m[31m[91mcolor[33m:[39m[31m[91m[35m#000[39m[31m[91m[33m;[39m[31m[91mbackground[33m:[39m[31m[91m[35m#bbb[39m[31m[91m[33m}[39m[31m[91m[33m.table-primary,.table-primary>td,.table-primary>th[39m[31m[91m[33m{[39m[31m[91mbackground-color[33m:[39m[31m[91m[35m#555[39m[31m[91m[33m}[39m[31m[91m[33m.table-secondary,.table-secondary>td,.table-secondary>th[39m[31m[91m[33m{[39m[31m[91mbackground-color[33m:[39m[31m[91m[35m#555[39m[31m[91m[33m}[39m[31m[91m[33m.table-success,.table-success>td,.table-success>th[39m[31m[91m[33m{[39m[31m[91mbackground-color[33m:[39m[31m[91m[35m#0a0[39m[31m[91m[33m}[39m[31m[91m[33m.table-info,.table-info>td,.table-info>th[39m[31m[91m[33m{[39m[31m[91mbackground-color[33m:[39m[31m[91m[35m#0aa[39m[31m[91m[33m}[39m[31m[91m[33m.table-warning,.table-warning>td,.table-warning>th[39m[31m[91m[33m{[39m[31m[91mbackground-color[33m:[39m[31m[91m[35m#a50[39m[31m[91m[33m}[39m[31m[91m[33m.table-danger,.table-danger>td,.table-danger>th[39m[31m[91m[33m{[39m[31m[91mbackground-color[33m:[39m[31m[91m[35m#a00[39m[31m[91m[33m}[39m[31m[91m[33m.table-dark,.table-dark>td,.table-dark>th[39m[31m[91m[33m{[39m[31m[91mbackground-color[33m:[39m[31m[91m[35m#000[39m[31m[39m[22m[1m[31m[91m[33m}[39m[31m[91m[33m.table-active,.table-active>td,.table-active>th[39m[31m[91m[33m{[39m[31m[91mbackground-color[33m:[39m[31m[91m[35m#000[39m[31m[91m[33m}[39m[31m[91m[33m.table[39m[31m[91m [33m.thead-dark[39m[31m[91m th[33m{[39m[31m[91mcolor[33m:[39m[31m[91m[35m#fff[39m[31m[91m[33m;[39m[31m[91mbackground-color[33m:[39m[31m[91m[35m#bbb[39m[31m[91m[33m;[39m[31m[91mborder-color[33m:[39m[31m[91m[35m#000[39m[31m[91m[33m}[39m[31m[91m[33m.table[39m[31m[91m [33m.thead-light[39m[31m[91m th[33m{[39m[31m[91mcolor[33m:[39m[31m[91m[35m#bbb[39m[31m[91m[33m;[39m[31m[91mbackground-color[33m:[39m[31m[91m[35m#555[39m[31m[91m[33m;[39m[31m[91mborder-color[33m:[39m[31m[91m[35m#555[39m[31m[91m[33m}[39m[31m[91m[33m.table-dark[39m[31m[91m[33m{[39m[31m[91mcolor[33m:[39m[31m[91m[35m#fff[39m[31m[91m[33m;[39m[31m[91mbackground-color[33m:[39m[31m[91m[35m#bbb[39m[31m[91m[33m}[39m[31m[91m[33m.table-dark[39m[31m[91m td,.table-dark th,.table-dark thead th[33m{[39m[31m[91mborder-color[33m:[39m[31m[91m[35m#000[39m[31m[91m[33m}[39m[31m[91m[33m.table-dark.table-bordered[39m[31m[91m[33m{[39m[31m[91mborder[33m:[39m[31m[91m0[33m}[39m[31m[91m[33m.table-dark.table-striped[39m[31m[91m tbody tr[33m:[39m[31m[91m[36mnth-of-type[39m[31m[91m[36m(odd)[39m[31m[91m[33m{[39m[31m[91mbackground-color[33m:[39m[31m[91m[35m#000[39m[31m[91m[33m}[39m[31m[91m[33m.table-dark.table-hover[39m[31m[91m tbody tr[33m:[39m[31m[91mhover[33m{[39m[31m[91mcolor[33m:[39m[31m[91m[35m#fff[39m[31m[91m[33m}[39m[31m[91m[36m@media[39m[31m[91m[36m [39m[31m[91m[36m(max-width:575.98px)[39m[31m[91m[33m{[39m[31m[91m[33m.table-responsive-sm[39m[31m[91m[33m{[39m[31m[91mdisplay[33m:[39m[31m[91mblock[33m;[39m[31m[91mwidth[33m:[39m[31m[91m100%[33m;[39m[31m[91moverflow-x[33m:[39m[31m[91mauto[33m;[39m[31m[91m-webkit-overflow-scrolling[33m:[39m[31m[91mtouch[33m}[39m[31m[91m[33m.table-responsive-sm>.table-bordered[39m[31m[91m[33m{[39m[31m[91mborder[33m:[39m[31m[91m0[33m}[39m[31m[91m[33m}[39m[31m[91m[36m@media[39m[31m[91m[36m [39m[31m[91m[36m(max-width:767.98px)[39m[31m[91m[33m{[39m[31m[91m[33m.table-responsive-md[39m[31m[91m[33m{[39m[31m[39m[22m[1m[31m[91mdisplay[33m:[39m[31m[91mblock[33m;[39m[31m[91mwidth[33m:[39m[31m[91m100%[33m;[39m[31m[91moverflow-x[33m:[39m[31m[91mauto[33m;[39m[31m[91m-webkit-overflow-scrolling[33m:[39m[31m[91mtouch[33m}[39m[31m[91m[33m.table-responsive-md>.table-bordered[39m[31m[91m[33m{[39m[31m[91mborder[33m:[39m[31m[91m0[33m}[39m[31m[91m[33m}[39m[31m[91m[36m@media[39m[31m[91m[36m [39m[31m[91m[36m(max-width:959.98px)[39m[31m[91m[33m{[39m[31m[91m[33m.table-responsive-lg[39m[31m[91m[33m{[39m[31m[91mdisplay[33m:[39m[31m[91mblock[33m;[39m[31m[91mwidth[33m:[39m[31m[91m100%[33m;[39m[31m[91moverflow-x[33m:[39m[31m[91mauto[33m;[39m[31m[91m-webkit-overflow-scrolling[33m:[39m[31m[91mtouch[33m}[39m[31m[91m[33m.table-responsive-lg>.table-bordered[39m[31m[91m[33m{[39m[31m[91mborder[33m:[39m[31m[91m0[33m}[39m[31m[91m[33m}[39m[31m[91m[36m@media[39m[31m[91m[36m [39m[31m[91m[36m(max-width:1151.98px)[39m[31m[91m[33m{[39m[31m[91m[33m.table-responsive-xl[39m[31m[91m[33m{[39m[31m[91mdisplay[33m:[39m[31m[91mblock[33m;[39m[31m[91mwidth[33m:[39m[31m[91m100%[33m;[39m[31m[91moverflow-x[33m:[39m[31m[91mauto[33m;[39m[31m[91m-webkit-overflow-scrolling[33m:[39m[31m[91mtouch[33m}[39m[31m[91m[33m.table-responsive-xl>.table-bordered[39m[31m[91m[33m{[39m[31m[91mborder[33m:[39m[31m[91m0[33m}[39m[31m[91m[33m}[39m[31m[91m[33m.table-responsive[39m[31m[91m[33m{[39m[31m[91mdisplay[33m:[39m[31m[91mblock[33m;[39m[31m[91mwidth[33m:[39m[31m[91m100%[33m;[39m[31m[91moverflow-x[33m:[39m[31m[91mauto[33m;[39m[31m[91m-webkit-overflow-scrolling[33m:[39m[31m[91mtouch[33m}[39m[31m[91m[33m.table-responsive>.table-bordered[39m[31m[91m[33m{[39m[31m[91mborder[33m:[39m[31m[91m0[33m}[39m[31m[91m[33m.form-control[39m[31m[91m[33m{[39m[31m[91mdisplay[33m:[39m[31m[91mblock[33m;[39m[31m[91mwidth[33m:[39m[31m[91m100%[33m;[39m[31m[91mheight[33m:[39m[31m[91m14px[33m;[39m[31m[91mpadding[33m:[39m[31m[91m0 0[33m;[39m[31m[91mfont-size[33m:[39m[31m[91m16px[33m;[39m[31m[91mfont-weight[33m:[39m[31m[91m400[33m;[39m[31m[91mline-height[33m:[39m[31m[91m14px[33m;[39m[31m[91mcolor[33m:[39m[31m[91m[35m#fff[39m[31m[91m[33m;[39m[31m[91mbackground-color[39m[22m[1m[31m[33m:[39m[31m[91m[35m#000084[39m[31m[91m[33m;[39m[31m[91mbackground-clip[33m:[39m[31m[91mpadding-box[33m;[39m[31m[91mborder[33m:[39m[31m[91m0 solid [35m#555[39m[31m[91m[33m}[39m[31m[91m[33m.form-control[39m[31m[91m[33m:[39m[31m[91m[33m:[39m[31m[91m-ms-expand[33m{[39m[31m[91mbackground-color[33m:[39m[31m[91mtransparent[33m;[39m[31m[91mborder[33m:[39m[31m[91m0[33m}[39m[31m[91m[33m.form-control[39m[31m[91m[33m:[39m[31m[91m-moz-focusring[33m{[39m[31m[91mcolor[33m:[39m[31m[91mtransparent[33m;[39m[31m[91mtext-shadow[33m:[39m[31m[91m0 0 0 [35m#fff[39m[31m[91m[33m}[39m[31m[91m[33m.form-control[39m[31m[91m[33m:[39m[31m[91mfocus[33m{[39m[31m[91moutline[33m:[39m[31m[91m0[33m}[39m[31m[91m[33m.form-control[39m[31m[91m[33m:[39m[31m[91m[33m:[39m[31m[91m-webkit-input-placeholder[33m{[39m[31m[91mcolor[33m:[39m[31m[91m[35m#bbb[39m[31m[91m[33m;[39m[31m[91mopacity[33m:[39m[31m[91m1[33m}[39m[31m[91m[33m.form-control[39m[31m[91m[33m:[39m[31m[91m[33m:[39m[31m[91m-moz-placeholder[33m{[39m[31m[91mcolor[33m:[39m[31m[91m[35m#bbb[39m[31m[91m[33m;[39m[31m[91mopacity[33m:[39m[31m[91m1[33m}[39m[31m[91m[33m.form-control[39m[31m[91m[33m:[39m[31m[91m-ms-input-placeholder[33m{[39m[31m[91mcolor[33m:[39m[31m[91m[35m#bbb[39m[31m[91m[33m;[39m[31m[91mopacity[33m:[39m[31m[91m1[33m}[39m[31m[91m[33m.form-control[39m[31m[91m[33m:[39m[31m[91m[33m:[39m[31m[91m-ms-input-placeholder[33m{[39m[31m[91mcolor[33m:[39m[31m[91m[35m#bbb[39m[31m[91m[33m;[39m[31m[91mopacity[33m:[39m[31m[91m1[33m}[39m[31m[91m[33m.form-control[39m[31m[91m[33m:[39m[31m[91m[33m:[39m[31m[91mplaceholder[33m{[39m[31m[91mcolor[33m:[39m[31m[91m[35m#bbb[39m[31m[91m[33m;[39m[31m[91mopacity[33m:[39m[31m[91m1[33m}[39m[31m[91m[33m.form-control[39m[31m[91m[33m:[39m[31m[91mdisabled,.form-control[33m[[39m[31m[91mreadonly[33m][39m[31m[91m[33m{[39m[31m[91mopacity[33m:[39m[31m[91m1[33m;[39m[31m[91mbackground[33m:[39m[31m[91m[36murl[39m[31m[91m[36m(../fonts/left-brace-grayLight.svg)[39m[31m[91m no-repeat left [36mbottom,url[39m[31m[91m[36m([39m[31m[91m[33m../fonts/right-brace-grayLight.svg[39m[31m[91m[36m)[39m[31m[91m no-repeat right bottom,[35[39m[22m[1m[31mm#555[39m[31m[91m[33m}[39m[31m[91mselect.form-control[33m{[39m[31m[91mbackground[33m:[39m[31m[91m[35m#bbb[39m[31m[91m[33m;[39m[31m[91mborder[33m:[39m[31m[91m[33m.875px[39m[31m[91m solid [35m#000[39m[31m[91m[33m;[39m[31m[91mmargin-top[33m:[39m[31m[91m7px[33m;[39m[31m[91mpadding-top[33m:[39m[31m[91m6.125px[33m;[39m[31m[91mpadding-bottom[33m:[39m[31m[91m7px[33m;[39m[31m[91mmargin-bottom[33m:[39m[31m[91m6.125px[33m;[39m[31m[91mborder-left-width[33m:[39m[31m[91m2px[33m;[39m[31m[91mborder-right-width[33m:[39m[31m[91m2px[33m;[39m[31m[91mmargin-left[33m:[39m[31m[91m3.5px[33m;[39m[31m[91mpadding-left[33m:[39m[31m[91m2.5px[33m;[39m[31m[91mpadding-right[33m:[39m[31m[91m3.5px[33m;[39m[31m[91mmargin-right[33m:[39m[31m[91m2.5px[33m;[39m[31m[91mbox-shadow[33m:[39m[31m[91m-3.5px -7px 0 0 [35m#bbb,2.5px[39m[31m[91m 6.125px 0 0 [35m#bbb,-3.5px[39m[31m[91m 6.125px 0 0 [35m#bbb,2.5px[39m[31m[91m -7px 0 0 [35m#bbb[39m[31m[91m[33m;[39m[31m[91mwidth[33m:[39m[31m[91m[36mcalc[39m[31m[91m[36m(100% - 6px)[39m[31m[91m[33m;[39m[31m[91mcolor[33m:[39m[31m[91m[35m#000[39m[31m[91m[33m;[39m[31m[91mheight[33m:[39m[31m[91m28px[33m}[39m[31m[91mselect.form-control[33m:[39m[31m[91mfocus[33m:[39m[31m[91m[33m:[39m[31m[91m-ms-value[33m{[39m[31m[91mcolor[33m:[39m[31m[91m[35m#000[39m[31m[91m[33m;[39m[31m[91mbackground[33m:[39m[31m[91m[35m#bbb[39m[31m[91m[33m}[39m[31m[91m[33m.form-control-file,.form-control-range[39m[31m[91m[33m{[39m[31m[91mdisplay[33m:[39m[31m[91mblock[33m;[39m[31m[91mwidth[33m:[39m[31m[91m100%[33m}[39m[31m[91m[33m.col-form-label[39m[31m[91m[33m{[39m[31m[91mpadding-top[33m:[39m[31m[91m0[33m;[39m[31m[91mpadding-bottom[33m:[39m[31m[91m0[33m;[39m[31m[91mmargin-bottom[33m:[39m[31m[91m0[33m;[39m[31m[91mfont-size[33m:[39m[31m[91m16px[33m;[39m[31m[91mline-height[33m:[39m[31m[91m14px[33m}[39m[31m[91m[33m.col-form-label-lg[39m[31m[91m[33m{[39m[31m[91mpadding-top[33m:[39m[31m[91m0[33m;[39m[31m[91mpadding-bottom[33m:[39m[31m[91m0[33m;[39m[31m[91mfont-size[33m:[39m[31m[91m16px[33m;[39m[31m[91mline-height[33m:[39m[31m[91m14px[33m}[39m[31m[91m[33m.col-form-label-sm[39m[31m[91m[33m{[39m[31m[[39m[22m[1m[31m91mpadding-top[33m:[39m[31m[91m0[33m;[39m[31m[91mpadding-bottom[33m:[39m[31m[91m0[33m;[39m[31m[91mfont-size[33m:[39m[31m[91m16px[33m;[39m[31m[91mline-height[33m:[39m[31m[91m14px[33m}[39m[31m[91m[33m.form-control-plaintext[39m[31m[91m[33m{[39m[31m[91mdisplay[33m:[39m[31m[91mblock[33m;[39m[31m[91mwidth[33m:[39m[31m[91m100%[33m;[39m[31m[91mpadding[33m:[39m[31m[91m0 8px[33m;[39m[31m[91mmargin-bottom[33m:[39m[31m[91m0[33m;[39m[31m[91mline-height[33m:[39m[31m[91m14px[33m;[39m[31m[91mcolor[33m:[39m[31m[91m[35m#bbb[39m[31m[91m[33m;[39m[31m[91mbackground-color[33m:[39m[31m[91mtransparent[33m;[39m[31m[91mborder[33m:[39m[31m[91m0[33m;[39m[31m[91mbackground[33m:[39m[31m[91m[36murl[39m[31m[91m[36m(../fonts/left-brace-grayLight.svg)[39m[31m[91m no-repeat left [36mbottom,url[39m[31m[91m[36m([39m[31m[91m[33m../fonts/right-brace-grayLight.svg[39m[31m[91m[36m)[39m[31m[91m no-repeat right bottom[33m}[39m[31m[91m[33m.form-control-sm[39m[31m[91m[33m{[39m[31m[91mheight[33m:[39m[31m[91m14px[33m;[39m[31m[91mpadding[33m:[39m[31m[91m0 0[33m;[39m[31m[91mfont-size[33m:[39m[31m[91m16px[33m;[39m[31m[91mline-height[33m:[39m[31m[91m14px[33m}[39m[31m[91m[33m.form-control-lg[39m[31m[91m[33m{[39m[31m[91mheight[33m:[39m[31m[91m14px[33m;[39m[31m[91mpadding[33m:[39m[31m[91m0 0[33m;[39m[31m[91mfont-size[33m:[39m[31m[91m16px[33m;[39m[31m[91mline-height[33m:[39m[31m[91m14px[33m}[39m[31m[91mselect.form-control[33m[[39m[31m[91mmultiple[33m][39m[31m[91m,select.form-control[33m[[39m[31m[91msize[33m][39m[31m[91m[33m{[39m[31m[91mheight[33m:[39m[31m[91mauto[33m}[39m[31m[91mtextarea.form-control[33m{[39m[31m[91mheight[33m:[39m[31m[91mauto[33m;[39m[31m[91mwidth[33m:[39m[31m[91m[36mcalc[39m[31m[91m[36m(100% - 6px)[39m[31m[91m[33m;[39m[31m[91mborder[33m:[39m[31m[91m[33m.875px[39m[31m[91m solid [35m#000[39m[31m[91m[33m;[39m[31m[91mmargin-top[33m:[39m[31m[91m7px[33m;[39m[31m[91mpadding-top[33m:[39m[31m[91m6.125px[33m;[39m[31m[91mpadding-bottom[33m:[39m[31m[91m7px[33m;[39m[31m[91mmargin-bottom[33m:[39m[31m[91m6.125px[33m;[39m[31m[91mborder-left-width[33m:[39m[31m[91m2px[33m;[39m[31m[91mborder-right-wi[39m[22m[1m[31mdth[33m:[39m[31m[91m2px[33m;[39m[31m[91mmargin-left[33m:[39m[31m[91m3.5px[33m;[39m[31m[91mpadding-left[33m:[39m[31m[91m2.5px[33m;[39m[31m[91mpadding-right[33m:[39m[31m[91m3.5px[33m;[39m[31m[91mmargin-right[33m:[39m[31m[91m2.5px[33m;[39m[31m[91mbox-shadow[33m:[39m[31m[91minset 0 -3.5px 0 3px [35m#bbb,inset[39m[31m[91m 0 3.5px 0 3px [35m#bbb,-3.5px[39m[31m[91m -7px 0 0 [35m#bbb,2.5px[39m[31m[91m 6.125px 0 0 [35m#bbb,-3.5px[39m[31m[91m 6.125px 0 0 [35m#bbb,2.5px[39m[31m[91m -7px 0 0 [35m#bbb[39m[31m[91m[33m}[39m[31m[91minput.form-control[33m{[39m[31m[91mbackground[33m:[39m[31m[91m[36murl[39m[31m[91m[36m(../fonts/left-brace-black.svg)[39m[31m[91m no-repeat left [36mbottom,url[39m[31m[91m[36m([39m[31m[91m[33m../fonts/right-brace-black.svg[39m[31m[91m[36m)[39m[31m[91m no-repeat right bottom,[35m#bbb[39m[31m[91m[33m;[39m[31m[91mcolor[33m:[39m[31m[91m[35m#000[39m[31m[91m[33m;[39m[31m[91mpadding[33m:[39m[31m[91m0 8px[33m}[39m[31m[91m[33m.form-group[39m[31m[91m[33m{[39m[31m[91mmargin-bottom[33m:[39m[31m[91m0[33m}[39m[31m[91m[33m.form-text[39m[31m[91m[33m{[39m[31m[91mdisplay[33m:[39m[31m[91mblock[33m;[39m[31m[91mmargin-top[33m:[39m[31m[91m0[33m}[39m[31m[91m[33m.form-row[39m[31m[91m[33m{[39m[31m[91mdisplay[33m:[39m[31m[91m-ms-flexbox[33m;[39m[31m[91mdisplay[33m:[39m[31m[91mflex[33m;[39m[31m[91m-ms-flex-wrap[33m:[39m[31m[91mwrap[33m;[39m[31m[91mflex-wrap[33m:[39m[31m[91mwrap[33m;[39m[31m[91mmargin-right[33m:[39m[31m[91m-5px[33m;[39m[31m[91mmargin-left[33m:[39m[31m[91m-5px[33m}[39m[31m[91m[33m.form-row>.col,.form-row>[39m[31m[91m[33m[[39m[31m[91mclass*=col-[33m][39m[31m[91m[33m{[39m[31m[91mpadding-right[33m:[39m[31m[91m5px[33m;[39m[31m[91mpadding-left[33m:[39m[31m[91m5px[33m}[39m[31m[91m[33m.form-check[39m[31m[91m[33m{[39m[31m[91mposition[33m:[39m[31m[91mrelative[33m;[39m[31m[91mdisplay[33m:[39m[31m[91mblock[33m;[39m[31m[91mpadding-left[33m:[39m[31m[91m16px[33m}[39m[31m[91m[33m.form-check-input[39m[31m[91m[33m{[39m[31m[91mposition[33m:[39m[31m[91mabsolute[33m;[39m[31m[91mmargin-top[33m:[39m[31m[91m2px[33m;[39m[31m[91mmargin-left[33m:[39m[31m[91m-16px[33m}[[39m[22m[1m[31m39m[91m[33m.form-check-input[39m[31m[91m[33m:[39m[31m[91mdisabled~.form-check-label,.form-check-input[33m[[39m[31m[91mdisabled[33m][39m[31m[91m~.form-check-label[33m{[39m[31m[91mcolor[33m:[39m[31m[91m[35m#555[39m[31m[91m[33m}[39m[31m[91m[33m.form-check-label[39m[31m[91m[33m{[39m[31m[91mmargin-bottom[33m:[39m[31m[91m0[33m}[39m[31m[91m[33m.form-check-inline[39m[31m[91m[33m{[39m[31m[91mdisplay[33m:[39m[31m[91m-ms-inline-flexbox[33m;[39m[31m[91mdisplay[33m:[39m[31m[91minline-flex[33m;[39m[31m[91m-ms-flex-align[33m:[39m[31m[91mcenter[33m;[39m[31m[91malign-items[33m:[39m[31m[91mcenter[33m;[39m[31m[91mpadding-left[33m:[39m[31m[91m0[33m;[39m[31m[91mmargin-right[33m:[39m[31m[91m0[33m}[39m[31m[91m[33m.form-check-inline[39m[31m[91m [33m.form-check-input[39m[31m[91m[33m{[39m[31m[91mposition[33m:[39m[31m[91mstatic[33m;[39m[31m[91mmargin-top[33m:[39m[31m[91m0[33m;[39m[31m[91mmargin-right[33m:[39m[31m[91m0[33m;[39m[31m[91mmargin-left[33m:[39m[31m[91m0[33m}[39m[31m[91m[33m.valid-feedback[39m[31m[91m[33m{[39m[31m[91mdisplay[33m:[39m[31m[91mnone[33m;[39m[31m[91mwidth[33m:[39m[31m[91m100%[33m;[39m[31m[91mmargin-top[33m:[39m[31m[91m0[33m;[39m[31m[91mfont-size[33m:[39m[31m[91m16px[33m;[39m[31m[91mcolor[33m:[39m[31m[91m[35m#0a0[39m[31m[91m[33m}[39m[31m[91m[33m.valid-tooltip[39m[31m[91m[33m{[39m[31m[91mposition[33m:[39m[31m[91mabsolute[33m;[39m[31m[91mtop[33m:[39m[31m[91m100%[33m;[39m[31m[91mz-index[33m:[39m[31m[91m5[33m;[39m[31m[91mdisplay[33m:[39m[31m[91mnone[33m;[39m[31m[91mmax-width[33m:[39m[31m[91m100%[33m;[39m[31m[91mpadding[33m:[39m[31m[91m0 8px[33m;[39m[31m[91mfont-size[33m:[39m[31m[91m16px[33m;[39m[31m[91mline-height[33m:[39m[31m[91m14px[33m;[39m[31m[91mcolor[33m:[39m[31m[91m[35m#fff[39m[31m[91m[33m;[39m[31m[91mbackground-color[33m:[39m[31m[91m[35m#bbb[39m[31m[91m[33m}[39m[31m[91m[33m.is-valid~.valid-feedback,.is-valid~.valid-tooltip,.was-validated[39m[31m[91m [33m:[39m[31m[91mvalid~.valid-feedback,.was-validated [33m:[39m[31m[91mvalid~.valid-tooltip[33m{[39m[31m[91mdisplay[33m:[39m[31m[91mblock[33m}[39m[31m[91m[33m.form-control.is-valid,.was-validated[39[39m[22m[1m[31mm[91m [33m.form-control[39m[31m[91m[33m:[39m[31m[91mvalid[33m{[39m[31m[91mborder-color[33m:[39m[31m[91m[35m#0a0[39m[31m[91m[33m}[39m[31m[91m[33m.form-control.is-valid[39m[31m[91m[33m:[39m[31m[91mfocus,.was-validated [33m.form-control[39m[31m[91m[33m:[39m[31m[91mvalid[33m:[39m[31m[91mfocus[33m{[39m[31m[91mborder-color[33m:[39m[31m[91m[35m#0a0[39m[31m[91m[33m;[39m[31m[91mbox-shadow[33m:[39m[31m[91m0[33m}[39m[31m[91m[33m.custom-select.is-valid,.was-validated[39m[31m[91m [33m.custom-select[39m[31m[91m[33m:[39m[31m[91mvalid[33m{[39m[31m[91mborder-color[33m:[39m[31m[91m[35m#0a0[39m[31m[91m[33m}[39m[31m[91m[33m.custom-select.is-valid[39m[31m[91m[33m:[39m[31m[91mfocus,.was-validated [33m.custom-select[39m[31m[91m[33m:[39m[31m[91mvalid[33m:[39m[31m[91mfocus[33m{[39m[31m[91mborder-color[33m:[39m[31m[91m[35m#0a0[39m[31m[91m[33m;[39m[31m[91mbox-shadow[33m:[39m[31m[91m0[33m}[39m[31m[91m[33m.form-check-input.is-valid~.form-check-label,.was-validated[39m[31m[91m [33m.form-check-input[39m[31m[91m[33m:[39m[31m[91mvalid~.form-check-label[33m{[39m[31m[91mcolor[33m:[39m[31m[91m[35m#0a0[39m[31m[91m[33m}[39m[31m[91m[33m.form-check-input.is-valid~.valid-feedback,.form-check-input.is-valid~.valid-tooltip,.was-validated[39m[31m[91m [33m.form-check-input[39m[31m[91m[33m:[39m[31m[91mvalid~.valid-feedback,.was-validated [33m.form-check-input[39m[31m[91m[33m:[39m[31m[91mvalid~.valid-tooltip[33m{[39m[31m[91mdisplay[33m:[39m[31m[91mblock[33m}[39m[31m[91m[33m.custom-control-input.is-valid~.custom-control-label,.was-validated[39m[31m[91m [33m.custom-control-input[39m[31m[91m[33m:[39m[31m[91mvalid~.custom-control-label[33m{[39m[31m[91mcolor[33m:[39m[31m[91m[35m#0a0[39m[31m[91m[33m}[39m[31m[91m[33m.custom-control-input.is-valid~.custom-control-label[39m[31m[91m[33m:[39m[31m[91m[33m:[39m[31m[91mbefore,.was-validated [33m.custom-control-input[39m[31m[91m[33m:[39m[31m[91mvalid~.custom-control-label[33m:[39m[31m[91m[33m:[39m[31m[91mbefore[33m{[39m[31m[91mborder-color[33m:[39m[31m[91m[35m#0a0[39m[31m[91m[33m}[39m[31m[91m[33m.custom-control-input.is-valid[39m[31m[91m[33m:[39m[22m[1m[31m[39m[31m[91mchecked~.custom-control-label[33m:[39m[31m[91m[33m:[39m[31m[91mbefore,.was-validated [33m.custom-control-input[39m[31m[91m[33m:[39m[31m[91mvalid[33m:[39m[31m[91mchecked~.custom-control-label[33m:[39m[31m[91m[33m:[39m[31m[91mbefore[33m{[39m[31m[91mborder-color[33m:[39m[31m[91m[35m#0d0[39m[31m[91m[33m}[39m[31m[91m[33m.custom-control-input.is-valid[39m[31m[91m[33m:[39m[31m[91mfocus~.custom-control-label[33m:[39m[31m[91m[33m:[39m[31m[91mbefore,.was-validated [33m.custom-control-input[39m[31m[91m[33m:[39m[31m[91mvalid[33m:[39m[31m[91mfocus~.custom-control-label[33m:[39m[31m[91m[33m:[39m[31m[91mbefore[33m{[39m[31m[91mbox-shadow[33m:[39m[31m[91m0[33m}[39m[31m[91m[33m.custom-control-input.is-valid[39m[31m[91m[33m:[39m[31m[91mfocus[33m:[39m[31m[91m[36mnot[39m[31m[91m[36m(:checked)[39m[31m[91m~.custom-control-label[33m:[39m[31m[91m[33m:[39m[31m[91mbefore,.was-validated [33m.custom-control-input[39m[31m[91m[33m:[39m[31m[91mvalid[33m:[39m[31m[91mfocus[33m:[39m[31m[91m[36mnot[39m[31m[91m[36m(:checked)[39m[31m[91m~.custom-control-label[33m:[39m[31m[91m[33m:[39m[31m[91mbefore[33m{[39m[31m[91mborder-color[33m:[39m[31m[91m[35m#0a0[39m[31m[91m[33m}[39m[31m[91m[33m.custom-file-input.is-valid~.custom-file-label,.was-validated[39m[31m[91m [33m.custom-file-input[39m[31m[91m[33m:[39m[31m[91mvalid~.custom-file-label[33m{[39m[31m[91mborder-color[33m:[39m[31m[91m[35m#0a0[39m[31m[91m[33m}[39m[31m[91m[33m.custom-file-input.is-valid[39m[31m[91m[33m:[39m[31m[91mfocus~.custom-file-label,.was-validated [33m.custom-file-input[39m[31m[91m[33m:[39m[31m[91mvalid[33m:[39m[31m[91mfocus~.custom-file-label[33m{[39m[31m[91mborder-color[33m:[39m[31m[91m[35m#0a0[39m[31m[91m[33m;[39m[31m[91mbox-shadow[33m:[39m[31m[91m0[33m}[39m[31m[91m[33m.invalid-feedback[39m[31m[91m[33m{[39m[31m[91mdisplay[33m:[39m[31m[91mnone[33m;[39m[31m[91mwidth[33m:[39m[31m[91m100%[33m;[39m[31m[91mmargin-top[33m:[39m[31m[91m0[33m;[39m[31m[91mfont-size[33m:[39m[31m[91m16px[33m;[39m[31m[91mcolor[33m:[39m[31m[91m[35m#f55[39m[31m[91m[33m}[39m[31m[91m[33m.invalid-tooltip[39m[31m[91m[33m{[39m[31m[91mpositi[39m[22m[1m[31mon[33m:[39m[31m[91mabsolute[33m;[39m[31m[91mtop[33m:[39m[31m[91m100%[33m;[39m[31m[91mz-index[33m:[39m[31m[91m5[33m;[39m[31m[91mdisplay[33m:[39m[31m[91mnone[33m;[39m[31m[91mmax-width[33m:[39m[31m[91m100%[33m;[39m[31m[91mpadding[33m:[39m[31m[91m0 8px[33m;[39m[31m[91mfont-size[33m:[39m[31m[91m16px[33m;[39m[31m[91mline-height[33m:[39m[31m[91m14px[33m;[39m[31m[91mcolor[33m:[39m[31m[91m[35m#fff[39m[31m[91m[33m;[39m[31m[91mbackground-color[33m:[39m[31m[91m[35m#bbb[39m[31m[91m[33m}[39m[31m[91m[33m.is-invalid~.invalid-feedback,.is-invalid~.invalid-tooltip,.was-validated[39m[31m[91m [33m:[39m[31m[91minvalid~.invalid-feedback,.was-validated [33m:[39m[31m[91minvalid~.invalid-tooltip[33m{[39m[31m[91mdisplay[33m:[39m[31m[91mblock[33m}[39m[31m[91m[33m.form-control.is-invalid,.was-validated[39m[31m[91m [33m.form-control[39m[31m[91m[33m:[39m[31m[91minvalid[33m{[39m[31m[91mborder-color[33m:[39m[31m[91m[35m#f55[39m[31m[91m[33m}[39m[31m[91m[33m.form-control.is-invalid[39m[31m[91m[33m:[39m[31m[91mfocus,.was-validated [33m.form-control[39m[31m[91m[33m:[39m[31m[91minvalid[33m:[39m[31m[91mfocus[33m{[39m[31m[91mborder-color[33m:[39m[31m[91m[35m#f55[39m[31m[91m[33m;[39m[31m[91mbox-shadow[33m:[39m[31m[91m0[33m}[39m[31m[91m[33m.custom-select.is-invalid,.was-validated[39m[31m[91m [33m.custom-select[39m[31m[91m[33m:[39m[31m[91minvalid[33m{[39m[31m[91mborder-color[33m:[39m[31m[91m[35m#f55[39m[31m[91m[33m}[39m[31m[91m[33m.custom-select.is-invalid[39m[31m[91m[33m:[39m[31m[91mfocus,.was-validated [33m.custom-select[39m[31m[91m[33m:[39m[31m[91minvalid[33m:[39m[31m[91mfocus[33m{[39m[31m[91mborder-color[33m:[39m[31m[91m[35m#f55[39m[31m[91m[33m;[39m[31m[91mbox-shadow[33m:[39m[31m[91m0[33m}[39m[31m[91m[33m.form-check-input.is-invalid~.form-check-label,.was-validated[39m[31m[91m [33m.form-check-input[39m[31m[91m[33m:[39m[31m[91minvalid~.form-check-label[33m{[39m[31m[91mcolor[33m:[39m[31m[91m[35m#f55[39m[31m[91m[33m}[39m[31m[91m[33m.form-check-input.is-invalid~.invalid-feedback,.form-check-input.is-invalid~.invalid-tooltip,.was-validated[39m[31m[91m [33m.form-check-input[39m[31m[39m[22m[1m[31m[91m[33m:[39m[31m[91minvalid~.invalid-feedback,.was-validated [33m.form-check-input[39m[31m[91m[33m:[39m[31m[91minvalid~.invalid-tooltip[33m{[39m[31m[91mdisplay[33m:[39m[31m[91mblock[33m}[39m[31m[91m[33m.custom-control-input.is-invalid~.custom-control-label,.was-validated[39m[31m[91m [33m.custom-control-input[39m[31m[91m[33m:[39m[31m[91minvalid~.custom-control-label[33m{[39m[31m[91mcolor[33m:[39m[31m[91m[35m#f55[39m[31m[91m[33m}[39m[31m[91m[33m.custom-control-input.is-invalid~.custom-control-label[39m[31m[91m[33m:[39m[31m[91m[33m:[39m[31m[91mbefore,.was-validated [33m.custom-control-input[39m[31m[91m[33m:[39m[31m[91minvalid~.custom-control-label[33m:[39m[31m[91m[33m:[39m[31m[91mbefore[33m{[39m[31m[91mborder-color[33m:[39m[31m[91m[35m#f55[39m[31m[91m[33m}[39m[31m[91m[33m.custom-control-input.is-invalid[39m[31m[91m[33m:[39m[31m[91mchecked~.custom-control-label[33m:[39m[31m[91m[33m:[39m[31m[91mbefore,.was-validated [33m.custom-control-input[39m[31m[91m[33m:[39m[31m[91minvalid[33m:[39m[31m[91mchecked~.custom-control-label[33m:[39m[31m[91m[33m:[39m[31m[91mbefore[33m{[39m[31m[91mborder-color[33m:[39m[31m[91m[35m#f88[39m[31m[91m[33m}[39m[31m[91m[33m.custom-control-input.is-invalid[39m[31m[91m[33m:[39m[31m[91mfocus~.custom-control-label[33m:[39m[31m[91m[33m:[39m[31m[91mbefore,.was-validated [33m.custom-control-input[39m[31m[91m[33m:[39m[31m[91minvalid[33m:[39m[31m[91mfocus~.custom-control-label[33m:[39m[31m[91m[33m:[39m[31m[91mbefore[33m{[39m[31m[91mbox-shadow[33m:[39m[31m[91m0[33m}[39m[31m[91m[33m.custom-control-input.is-invalid[39m[31m[91m[33m:[39m[31m[91mfocus[33m:[39m[31m[91m[36mnot[39m[31m[91m[36m(:checked)[39m[31m[91m~.custom-control-label[33m:[39m[31m[91m[33m:[39m[31m[91mbefore,.was-validated [33m.custom-control-input[39m[31m[91m[33m:[39m[31m[91minvalid[33m:[39m[31m[91mfocus[33m:[39m[31m[91m[36mnot[39m[31m[91m[36m(:checked)[39m[31m[91m~.custom-control-label[33m:[39m[31m[91m[33m:[39m[31m[91mbefore[33m{[39m[31m[91mborder-color[33m:[39m[31m[91m[35m#f55[39m[31m[91m[33m}[39m[31m[91m[33m.custom-file-input.is-invalid~.custom-file-label,.w[39m[22m[1m[31mas-validated[39m[31m[91m [33m.custom-file-input[39m[31m[91m[33m:[39m[31m[91minvalid~.custom-file-label[33m{[39m[31m[91mborder-color[33m:[39m[31m[91m[35m#f55[39m[31m[91m[33m}[39m[31m[91m[33m.custom-file-input.is-invalid[39m[31m[91m[33m:[39m[31m[91mfocus~.custom-file-label,.was-validated [33m.custom-file-input[39m[31m[91m[33m:[39m[31m[91minvalid[33m:[39m[31m[91mfocus~.custom-file-label[33m{[39m[31m[91mborder-color[33m:[39m[31m[91m[35m#f55[39m[31m[91m[33m;[39m[31m[91mbox-shadow[33m:[39m[31m[91m0[33m}[39m[31m[91m[33m.form-inline[39m[31m[91m[33m{[39m[31m[91mdisplay[33m:[39m[31m[91m-ms-flexbox[33m;[39m[31m[91mdisplay[33m:[39m[31m[91mflex[33m;[39m[31m[91m-ms-flex-flow[33m:[39m[31m[91mrow wrap[33m;[39m[31m[91mflex-flow[33m:[39m[31m[91mrow wrap[33m;[39m[31m[91m-ms-flex-align[33m:[39m[31m[91mcenter[33m;[39m[31m[91malign-items[33m:[39m[31m[91mcenter[33m}[39m[31m[91m[33m.form-inline[39m[31m[91m [33m.form-check[39m[31m[91m[33m{[39m[31m[91mwidth[33m:[39m[31m[91m100%[33m}[39m[31m[91m[36m@media[39m[31m[91m[36m [39m[31m[91m[36m(min-width:576px)[39m[31m[91m[33m{[39m[31m[91m[33m.form-inline[39m[31m[91m label[33m{[39m[31m[91mdisplay[33m:[39m[31m[91m-ms-flexbox[33m;[39m[31m[91mdisplay[33m:[39m[31m[91mflex[33m;[39m[31m[91m-ms-flex-align[33m:[39m[31m[91mcenter[33m;[39m[31m[91malign-items[33m:[39m[31m[91mcenter[33m;[39m[31m[91m-ms-flex-pack[33m:[39m[31m[91mcenter[33m;[39m[31m[91mjustify-content[33m:[39m[31m[91mcenter[33m;[39m[31m[91mmargin-bottom[33m:[39m[31m[91m0[33m}[39m[31m[91m[33m.form-inline[39m[31m[91m [33m.form-group[39m[31m[91m[33m{[39m[31m[91mdisplay[33m:[39m[31m[91m-ms-flexbox[33m;[39m[31m[91mdisplay[33m:[39m[31m[91mflex[33m;[39m[31m[91m-ms-flex[33m:[39m[31m[91m0 0 auto[33m;[39m[31m[91mflex[33m:[39m[31m[91m0 0 auto[33m;[39m[31m[91m-ms-flex-flow[33m:[39m[31m[91mrow wrap[33m;[39m[31m[91mflex-flow[33m:[39m[31m[91mrow wrap[33m;[39m[31m[91m-ms-flex-align[33m:[39m[31m[91mcenter[33m;[39m[31m[91malign-items[33m:[39m[31m[91mcenter[33m;[39m[31m[91mmargin-bottom[33m:[39m[31m[91m0[33m}[39m[31m[91m[33m.form-inline[39m[31m[91m [33m.form-control[39m[31m[91m[33m{[39m[31m[91md[39m[22m[1m[31misplay[33m:[39m[31m[91minline-block[33m;[39m[31m[91mwidth[33m:[39m[31m[91mauto[33m;[39m[31m[91mvertical-align[33m:[39m[31m[91mmiddle[33m}[39m[31m[91m[33m.form-inline[39m[31m[91m [33m.form-control-plaintext[39m[31m[91m[33m{[39m[31m[91mdisplay[33m:[39m[31m[91minline-block[33m}[39m[31m[91m[33m.form-inline[39m[31m[91m [33m.custom-select,.form-inline[39m[31m[91m [33m.input-group[39m[31m[91m[33m{[39m[31m[91mwidth[33m:[39m[31m[91mauto[33m}[39m[31m[91m[33m.form-inline[39m[31m[91m [33m.form-check[39m[31m[91m[33m{[39m[31m[91mdisplay[33m:[39m[31m[91m-ms-flexbox[33m;[39m[31m[91mdisplay[33m:[39m[31m[91mflex[33m;[39m[31m[91m-ms-flex-align[33m:[39m[31m[91mcenter[33m;[39m[31m[91malign-items[33m:[39m[31m[91mcenter[33m;[39m[31m[91m-ms-flex-pack[33m:[39m[31m[91mcenter[33m;[39m[31m[91mjustify-content[33m:[39m[31m[91mcenter[33m;[39m[31m[91mwidth[33m:[39m[31m[91mauto[33m;[39m[31m[91mpadding-left[33m:[39m[31m[91m0[33m}[39m[31m[91m[33m.form-inline[39m[31m[91m [33m.form-check-input[39m[31m[91m[33m{[39m[31m[91mposition[33m:[39m[31m[91mrelative[33m;[39m[31m[91m-ms-flex-negative[33m:[39m[31m[91m0[33m;[39m[31m[91mflex-shrink[33m:[39m[31m[91m0[33m;[39m[31m[91mmargin-top[33m:[39m[31m[91m0[33m;[39m[31m[91mmargin-right[33m:[39m[31m[91m0[33m;[39m[31m[91mmargin-left[33m:[39m[31m[91m0[33m}[39m[31m[91m[33m.form-inline[39m[31m[91m [33m.custom-control[39m[31m[91m[33m{[39m[31m[91m-ms-flex-align[33m:[39m[31m[91mcenter[33m;[39m[31m[91malign-items[33m:[39m[31m[91mcenter[33m;[39m[31m[91m-ms-flex-pack[33m:[39m[31m[91mcenter[33m;[39m[31m[91mjustify-content[33m:[39m[31m[91mcenter[33m}[39m[31m[91m[33m.form-inline[39m[31m[91m [33m.custom-control-label[39m[31m[91m[33m{[39m[31m[91mmargin-bottom[33m:[39m[31m[91m0[33m}[39m[31m[91m[33m}[39m[31m[91m[33m.btn[39m[31m[91m[33m{[39m[31m[91mdisplay[33m:[39m[31m[91minline-block[33m;[39m[31m[91mcolor[33m:[39m[31m[91m[35m#000[39m[31m[91m[33m;[39m[31m[91mtext-align[33m:[39m[31m[91mleft[33m;[39m[31m[91mcursor[33m:[39m[31m[91mpointer[33m;[39m[31m[91m-webkit-user-select[33m:[39m[31m[91mnone[33m;[39m[31m[91m-moz-user-select[33m:[39m[31m[91mnone[33m;[39m[31m[91m-ms-[39m[22m[1m[31muser-select[33m:[39m[31m[91mnone[33m;[39m[31m[91muser-select[33m:[39m[31m[91mnone[33m;[39m[31m[91mbackground-color[33m:[39m[31m[91m[35m#bbb[39m[31m[91m[33m;[39m[31m[91mborder[33m:[39m[31m[91mnone[33m;[39m[31m[91mpadding[33m:[39m[31m[91m0 16px[33m}[39m[31m[91m[33m.btn.focus,.btn[39m[31m[91m[33m:[39m[31m[91mfocus[33m{[39m[31m[91moutline[33m:[39m[31m[91m0[33m}[39m[31m[91ma.btn.disabled,fieldset[33m:[39m[31m[91mdisabled a.btn[33m{[39m[31m[91mpointer-events[33m:[39m[31m[91mnone[33m}[39m[31m[91m[33m.bs-component>.btn-primary[39m[31m[91m[33m:[39m[31m[91m[36mnot[39m[31m[91m[36m(.disabled)[39m[31m[91m[33m:[39m[31m[91m[36mnot[39m[31m[91m[36m(.btn-sm)[39m[31m[91m[33m:[39m[31m[91m[36mnot[39m[31m[91m[36m(.btn-lg)[39m[31m[91m[33m:[39m[31m[91mhover[33m{[39m[31m[91mpadding-left[33m:[39m[31m[91m0[33m;[39m[31m[91mpadding-right[33m:[39m[31m[91m0[33m}[39m[31m[91m[33m.bs-component>.btn-primary[39m[31m[91m[33m:[39m[31m[91m[36mnot[39m[31m[91m[36m(.disabled)[39m[31m[91m[33m:[39m[31m[91m[36mnot[39m[31m[91m[36m(.btn-sm)[39m[31m[91m[33m:[39m[31m[91m[36mnot[39m[31m[91m[36m(.btn-lg)[39m[31m[91m[33m:[39m[31m[91mhover[33m:[39m[31m[91mbefore[33m{[39m[31m[91mcontent[33m:[39m[31m[91m[32m'\25ba\20'[39m[31m[91m[33m}[39m[31m[91m[33m.bs-component>.btn-primary[39m[31m[91m[33m:[39m[31m[91m[36mnot[39m[31m[91m[36m(.disabled)[39m[31m[91m[33m:[39m[31m[91m[36mnot[39m[31m[91m[36m(.btn-sm)[39m[31m[91m[33m:[39m[31m[91m[36mnot[39m[31m[91m[36m(.btn-lg)[39m[31m[91m[33m:[39m[31m[91mhover[33m:[39m[31m[91mafter[33m{[39m[31m[91mcontent[33m:[39m[31m[91m[32m' \25c4'[39m[31m[91m[33m}[39m[31m[91m[33m.btn-primary[39m[31m[91m[33m{[39m[31m[91mcolor[33m:[39m[31m[91m[35m#000[39m[31m[91m[33m;[39m[31m[91mborder-color[33m:[39m[31m[91m[35m#000[39m[31m[91m[33m;[39m[31m[91mbackground-color[33m:[39m[31m[91m[35m#bbb[39m[31m[91m[33m}[39m[31m[91m[33m.btn-primary[39m[31m[91m[33m:[39m[31m[91mhover[33m:[39m[31m[91mafter,.btn-primary[33m:[39m[31m[91mhover[33m:[39m[31m[91mbefore[33m{[39m[31m[91mcolor[33m:[39m[31m[91m[35m#fff[39m[31m[91m[33m}[39m[31m[91m[33m.btn-primary[39m[31m[91m[33m:[39m[31m[91mhover[33m{[39m[31m[91mcolor[33m:[3[39m[22m[1m[31m9m[91m[35m#fff[39m[31m[91m[33m;[39m[31m[91mborder-color[33m:[39m[31m[91m[35m#fff[39m[31m[91m[33m}[39m[31m[91m[33m.btn-primary.focus,.btn-primary[39m[31m[91m[33m:[39m[31m[91mfocus[33m{[39m[31m[91mborder-color[33m:[39m[31m[91m[35m#fff[39m[31m[91m[33m}[39m[31m[91m[33m.btn-primary.disabled,.btn-primary[39m[31m[91m[33m:[39m[31m[91mdisabled[33m{[39m[31m[91mcolor[33m:[39m[31m[91m[35m#555[39m[31m[91m[33m;[39m[31m[91mbackground-color[33m:[39m[31m[91m[35m#bbb[39m[31m[91m[33m;[39m[31m[91mborder-color[33m:[39m[31m[91m[35m#bbb[39m[31m[91m[33m}[39m[31m[91m[33m.btn-primary[39m[31m[91m[33m:[39m[31m[91m[36mnot[39m[31m[91m[36m(:disabled)[39m[31m[91m[33m:[39m[31m[91m[36mnot[39m[31m[91m[36m(.disabled)[39m[31m[91m[33m.active,.btn-primary[39m[31m[91m[33m:[39m[31m[91m[36mnot[39m[31m[91m[36m(:disabled)[39m[31m[91m[33m:[39m[31m[91m[36mnot[39m[31m[91m[36m(.disabled)[39m[31m[91m[33m:[39m[31m[91mactive,.show>.btn-primary.dropdown-toggle[33m{[39m[31m[91mcolor[33m:[39m[31m[91m[35m#bbb[39m[31m[91m[33m;[39m[31m[91mbackground-color[33m:[39m[31m[91m[35m#000[39m[31m[91m[33m}[39m[31m[91m[33m.btn-group-lg>.btn-primary.btn,.btn-primary.btn-lg[39m[31m[91m[33m{[39m[31m[91mbackground-color[33m:[39m[31m[91m[35m#bbb[39m[31m[91m[33m;[39m[31m[91mborder[33m:[39m[31m[91m[33m.875px[39m[31m[91m solid [35m#000[39m[31m[91m[33m;[39m[31m[91mmargin-top[33m:[39m[31m[91m7px[33m;[39m[31m[91mpadding-top[33m:[39m[31m[91m6.125px[33m;[39m[31m[91mpadding-bottom[33m:[39m[31m[91m7px[33m;[39m[31m[91mmargin-bottom[33m:[39m[31m[91m6.125px[33m;[39m[31m[91mborder-left-width[33m:[39m[31m[91m2px[33m;[39m[31m[91mborder-right-width[33m:[39m[31m[91m2px[33m;[39m[31m[91mmargin-left[33m:[39m[31m[91m3.5px[33m;[39m[31m[91mpadding-left[33m:[39m[31m[91m10.5px[33m;[39m[31m[91mpadding-right[33m:[39m[31m[91m11.5px[33m;[39m[31m[91mmargin-right[33m:[39m[31m[91m2.5px[33m;[39m[31m[91mbox-shadow[33m:[39m[31m[91m-3.5px -7px 0 0 [35m#bbb,2.5px[39m[31m[91m 6.125px 0 0 [35m#bbb,-3.5px[39m[31m[91m 6.125px 0 0 [35m#bbb,2.5px[39m[31m[91m -7px 0 0 [35m#bbb[39m[31m[91m[33m;[39m[31m[91m-webkit-filter[33m:[39m[31m[91m[36mdrop-shadow[39m[31m[91[39m[22m[1m[31mm[36m(7px 8px 0 #000)[39m[31m[91m[33m;[39m[31m[91mfilter[33m:[39m[31m[91m[36mdrop-shadow[39m[31m[91m[36m(7px 8px 0 #000)[39m[31m[91m[33m;[39m[31m[91mmargin-right[33m:[39m[31m[91m10.5px[33m;[39m[31m[91mmargin-bottom[33m:[39m[31m[91m20px[33m}[39m[31m[91m[33m.btn-group-lg>.btn-primary.btn[39m[31m[91m[33m:[39m[31m[91mhover,.btn-primary.btn-lg[33m:[39m[31m[91mhover[33m{[39m[31m[91mbox-shadow[33m:[39m[31m[91m-3.5px -7px 0 0 [35m#555,2.5px[39m[31m[91m 6.125px 0 0 [35m#555,-3.5px[39m[31m[91m 6.125px 0 0 [35m#555,2.5px[39m[31m[91m -7px 0 0 [35m#555[39m[31m[91m[33m;[39m[31m[91mcolor[33m:[39m[31m[91m[35m#fff[39m[31m[91m[33m;[39m[31m[91mborder-color[33m:[39m[31m[91m[35m#fff[39m[31m[91m[33m;[39m[31m[91mbackground-color[33m:[39m[31m[91m[35m#555[39m[31m[91m[33m}[39m[31m[91m[33m.btn-group-lg.show>.btn-primary.dropdown-toggle.btn,.btn-group-lg>.btn-primary.btn[39m[31m[91m[33m:[39m[31m[91m[36mnot[39m[31m[91m[36m(:disabled)[39m[31m[91m[33m:[39m[31m[91m[36mnot[39m[31m[91m[36m(.disabled)[39m[31m[91m[33m.active,.btn-group-lg>.btn-primary.btn[39m[31m[91m[33m:[39m[31m[91m[36mnot[39m[31m[91m[36m(:disabled)[39m[31m[91m[33m:[39m[31m[91m[36mnot[39m[31m[91m[36m(.disabled)[39m[31m[91m[33m:[39m[31m[91mactive,.btn-primary.btn-lg[33m:[39m[31m[91m[36mnot[39m[31m[91m[36m(:disabled)[39m[31m[91m[33m:[39m[31m[91m[36mnot[39m[31m[91m[36m(.disabled)[39m[31m[91m[33m.active,.btn-primary.btn-lg[39m[31m[91m[33m:[39m[31m[91m[36mnot[39m[31m[91m[36m(:disabled)[39m[31m[91m[33m:[39m[31m[91m[36mnot[39m[31m[91m[36m(.disabled)[39m[31m[91m[33m:[39m[31m[91mactive,.show>.btn-primary.btn-lg.dropdown-toggle[33m{[39m[31m[91mbox-shadow[33m:[39m[31m[91m-3.5px -7px 0 0 [35m#555,2.5px[39m[31m[91m 6.125px 0 0 [35m#555,-3.5px[39m[31m[91m 6.125px 0 0 [35m#555,2.5px[39m[31m[91m -7px 0 0 [35m#555[39m[31m[91m[33m;[39m[31m[91mcolor[33m:[39m[31m[91m[35m#fff[39m[31m[91m[33m;[39m[31m[91mborder-color[33m:[39m[31m[91m[35m#fff[39m[31m[91m[33m;[39m[31m[91mbackground-color[33m:[39m[31m[91m[35m#555[39m[31m[91m[33m;[39m[31m[91m-webkit-filter[33m:[39m[31m[91mnone[33m;[39m[31m[91mfilter[33m:[39m[31m[91mnone[33m;[39m[31m[91[39m[22m[1m[31mmfilter[33m:[39m[31m[91mnone[33m;[39m[31m[91mposition[33m:[39m[31m[91mrelative[33m;[39m[31m[91mtop[33m:[39m[31m[91m14px[33m;[39m[31m[91mleft[33m:[39m[31m[91m8px[33m}[39m[31m[91m[33m.bs-component>.btn-secondary[39m[31m[91m[33m:[39m[31m[91m[36mnot[39m[31m[91m[36m(.disabled)[39m[31m[91m[33m:[39m[31m[91m[36mnot[39m[31m[91m[36m(.btn-sm)[39m[31m[91m[33m:[39m[31m[91m[36mnot[39m[31m[91m[36m(.btn-lg)[39m[31m[91m[33m:[39m[31m[91mhover[33m{[39m[31m[91mpadding-left[33m:[39m[31m[91m0[33m;[39m[31m[91mpadding-right[33m:[39m[31m[91m0[33m}[39m[31m[91m[33m.bs-component>.btn-secondary[39m[31m[91m[33m:[39m[31m[91m[36mnot[39m[31m[91m[36m(.disabled)[39m[31m[91m[33m:[39m[31m[91m[36mnot[39m[31m[91m[36m(.btn-sm)[39m[31m[91m[33m:[39m[31m[91m[36mnot[39m[31m[91m[36m(.btn-lg)[39m[31m[91m[33m:[39m[31m[91mhover[33m:[39m[31m[91mbefore[33m{[39m[31m[91mcontent[33m:[39m[31m[91m[32m'\25ba\20'[39m[31m[91m[33m}[39m[31m[91m[33m.bs-component>.btn-secondary[39m[31m[91m[33m:[39m[31m[91m[36mnot[39m[31m[91m[36m(.disabled)[39m[31m[91m[33m:[39m[31m[91m[36mnot[39m[31m[91m[36m(.btn-sm)[39m[31m[91m[33m:[39m[31m[91m[36mnot[39m[31m[91m[36m(.btn-lg)[39m[31m[91m[33m:[39m[31m[91mhover[33m:[39m[31m[91mafter[33m{[39m[31m[91mcontent[33m:[39m[31m[91m[32m' \25c4'[39m[31m[91m[33m}[39m[31m[91m[33m.btn-secondary[39m[31m[91m[33m{[39m[31m[91mcolor[33m:[39m[31m[91m[35m#000[39m[31m[91m[33m;[39m[31m[91mborder-color[33m:[39m[31m[91m[35m#000[39m[31m[91m[33m;[39m[31m[91mbackground-color[33m:[39m[31m[91m[35m#bbb[39m[31m[91m[33m}[39m[31m[91m[33m.btn-secondary[39m[31m[91m[33m:[39m[31m[91mhover[33m:[39m[31m[91mafter,.btn-secondary[33m:[39m[31m[91mhover[33m:[39m[31m[91mbefore[33m{[39m[31m[91mcolor[33m:[39m[31m[91m[35m#fff[39m[31m[91m[33m}[39m[31m[91m[33m.btn-secondary[39m[31m[91m[33m:[39m[31m[91mhover[33m{[39m[31m[91mcolor[33m:[39m[31m[91m[35m#fff[39m[31m[91m[33m;[39m[31m[91mborder-color[33m:[39m[31m[91m[35m#fff[39m[31m[91m[33m}[39m[31m[91m[33m.btn-secondary.focus,.btn-secondary[39m[31m[91m[33m:[39m[31m[91mfocus[33m{[39m[31m[91mborder-color[33m:[39m[31m[91m[35m#fff[39m[31m[91m[33m}[39m[31m[91m[33m.btn-secondary.disabled,.btn-se[39m[22m[1m[31mcondary[39m[31m[91m[33m:[39m[31m[91mdisabled[33m{[39m[31m[91mcolor[33m:[39m[31m[91m[35m#555[39m[31m[91m[33m;[39m[31m[91mbackground-color[33m:[39m[31m[91m[35m#bbb[39m[31m[91m[33m;[39m[31m[91mborder-color[33m:[39m[31m[91m[35m#bbb[39m[31m[91m[33m}[39m[31m[91m[33m.btn-secondary[39m[31m[91m[33m:[39m[31m[91m[36mnot[39m[31m[91m[36m(:disabled)[39m[31m[91m[33m:[39m[31m[91m[36mnot[39m[31m[91m[36m(.disabled)[39m[31m[91m[33m.active,.btn-secondary[39m[31m[91m[33m:[39m[31m[91m[36mnot[39m[31m[91m[36m(:disabled)[39m[31m[91m[33m:[39m[31m[91m[36mnot[39m[31m[91m[36m(.disabled)[39m[31m[91m[33m:[39m[31m[91mactive,.show>.btn-secondary.dropdown-toggle[33m{[39m[31m[91mcolor[33m:[39m[31m[91m[35m#bbb[39m[31m[91m[33m;[39m[31m[91mbackground-color[33m:[39m[31m[91m[35m#000[39m[31m[91m[33m}[39m[31m[91m[33m.btn-group-lg>.btn-secondary.btn,.btn-secondary.btn-lg[39m[31m[91m[33m{[39m[31m[91mbackground-color[33m:[39m[31m[91m[35m#bbb[39m[31m[91m[33m;[39m[31m[91mborder[33m:[39m[31m[91m[33m.875px[39m[31m[91m solid [35m#000[39m[31m[91m[33m;[39m[31m[91mmargin-top[33m:[39m[31m[91m7px[33m;[39m[31m[91mpadding-top[33m:[39m[31m[91m6.125px[33m;[39m[31m[91mpadding-bottom[33m:[39m[31m[91m7px[33m;[39m[31m[91mmargin-bottom[33m:[39m[31m[91m6.125px[33m;[39m[31m[91mborder-left-width[33m:[39m[31m[91m2px[33m;[39m[31m[91mborder-right-width[33m:[39m[31m[91m2px[33m;[39m[31m[91mmargin-left[33m:[39m[31m[91m3.5px[33m;[39m[31m[91mpadding-left[33m:[39m[31m[91m10.5px[33m;[39m[31m[91mpadding-right[33m:[39m[31m[91m11.5px[33m;[39m[31m[91mmargin-right[33m:[39m[31m[91m2.5px[33m;[39m[31m[91mbox-shadow[33m:[39m[31m[91m-3.5px -7px 0 0 [35m#bbb,2.5px[39m[31m[91m 6.125px 0 0 [35m#bbb,-3.5px[39m[31m[91m 6.125px 0 0 [35m#bbb,2.5px[39m[31m[91m -7px 0 0 [35m#bbb[39m[31m[91m[33m;[39m[31m[91m-webkit-filter[33m:[39m[31m[91m[36mdrop-shadow[39m[31m[91m[36m(7px 8px 0 #000)[39m[31m[91m[33m;[39m[31m[91mfilter[33m:[39m[31m[91m[36mdrop-shadow[39m[31m[91m[36m(7px 8px 0 #000)[39m[31m[91m[33m;[39m[31m[91mmargin-right[33m:[39m[31m[91m10.5px[33m;[39m[31m[91mmargin-bottom[33m:[39m[31m[91m20px[33m}[39m[31m[91m[33m.btn-group-lg>.btn-seconda[39m[22m[1m[31mry.btn[39m[31m[91m[33m:[39m[31m[91mhover,.btn-secondary.btn-lg[33m:[39m[31m[91mhover[33m{[39m[31m[91mbox-shadow[33m:[39m[31m[91m-3.5px -7px 0 0 [35m#555,2.5px[39m[31m[91m 6.125px 0 0 [35m#555,-3.5px[39m[31m[91m 6.125px 0 0 [35m#555,2.5px[39m[31m[91m -7px 0 0 [35m#555[39m[31m[91m[33m;[39m[31m[91mcolor[33m:[39m[31m[91m[35m#fff[39m[31m[91m[33m;[39m[31m[91mborder-color[33m:[39m[31m[91m[35m#fff[39m[31m[91m[33m;[39m[31m[91mbackground-color[33m:[39m[31m[91m[35m#555[39m[31m[91m[33m}[39m[31m[91m[33m.btn-group-lg.show>.btn-secondary.dropdown-toggle.btn,.btn-group-lg>.btn-secondary.btn[39m[31m[91m[33m:[39m[31m[91m[36mnot[39m[31m[91m[36m(:disabled)[39m[31m[91m[33m:[39m[31m[91m[36mnot[39m[31m[91m[36m(.disabled)[39m[31m[91m[33m.active,.btn-group-lg>.btn-secondary.btn[39m[31m[91m[33m:[39m[31m[91m[36mnot[39m[31m[91m[36m(:disabled)[39m[31m[91m[33m:[39m[31m[91m[36mnot[39m[31m[91m[36m(.disabled)[39m[31m[91m[33m:[39m[31m[91mactive,.btn-secondary.btn-lg[33m:[39m[31m[91m[36mnot[39m[31m[91m[36m(:disabled)[39m[31m[91m[33m:[39m[31m[91m[36mnot[39m[31m[91m[36m(.disabled)[39m[31m[91m[33m.active,.btn-secondary.btn-lg[39m[31m[91m[33m:[39m[31m[91m[36mnot[39m[31m[91m[36m(:disabled)[39m[31m[91m[33m:[39m[31m[91m[36mnot[39m[31m[91m[36m(.disabled)[39m[31m[91m[33m:[39m[31m[91mactive,.show>.btn-secondary.btn-lg.dropdown-toggle[33m{[39m[31m[91mbox-shadow[33m:[39m[31m[91m-3.5px -7px 0 0 [35m#555,2.5px[39m[31m[91m 6.125px 0 0 [35m#555,-3.5px[39m[31m[91m 6.125px 0 0 [35m#555,2.5px[39m[31m[91m -7px 0 0 [35m#555[39m[31m[91m[33m;[39m[31m[91mcolor[33m:[39m[31m[91m[35m#fff[39m[31m[91m[33m;[39m[31m[91mborder-color[33m:[39m[31m[91m[35m#fff[39m[31m[91m[33m;[39m[31m[91mbackground-color[33m:[39m[31m[91m[35m#555[39m[31m[91m[33m;[39m[31m[91m-webkit-filter[33m:[39m[31m[91mnone[33m;[39m[31m[91mfilter[33m:[39m[31m[91mnone[33m;[39m[31m[91mfilter[33m:[39m[31m[91mnone[33m;[39m[31m[91mposition[33m:[39m[31m[91mrelative[33m;[39m[31m[91mtop[33m:[39m[31m[91m14px[33m;[39m[31m[91mleft[33m:[39m[31m[91m8px[33m}[39m[31m[91m[33m.bs-component>.btn-success[39m[31m[91m[33m:[39m[31m[91m[36mnot[39m[31m[91m[36m(.disabl[39m[22m[1m[31med)[39m[31m[91m[33m:[39m[31m[91m[36mnot[39m[31m[91m[36m(.btn-sm)[39m[31m[91m[33m:[39m[31m[91m[36mnot[39m[31m[91m[36m(.btn-lg)[39m[31m[91m[33m:[39m[31m[91mhover[33m{[39m[31m[91mpadding-left[33m:[39m[31m[91m0[33m;[39m[31m[91mpadding-right[33m:[39m[31m[91m0[33m}[39m[31m[91m[33m.bs-component>.btn-success[39m[31m[91m[33m:[39m[31m[91m[36mnot[39m[31m[91m[36m(.disabled)[39m[31m[91m[33m:[39m[31m[91m[36mnot[39m[31m[91m[36m(.btn-sm)[39m[31m[91m[33m:[39m[31m[91m[36mnot[39m[31m[91m[36m(.btn-lg)[39m[31m[91m[33m:[39m[31m[91mhover[33m:[39m[31m[91mbefore[33m{[39m[31m[91mcontent[33m:[39m[31m[91m[32m'\25ba\20'[39m[31m[91m[33m}[39m[31m[91m[33m.bs-component>.btn-success[39m[31m[91m[33m:[39m[31m[91m[36mnot[39m[31m[91m[36m(.disabled)[39m[31m[91m[33m:[39m[31m[91m[36mnot[39m[31m[91m[36m(.btn-sm)[39m[31m[91m[33m:[39m[31m[91m[36mnot[39m[31m[91m[36m(.btn-lg)[39m[31m[91m[33m:[39m[31m[91mhover[33m:[39m[31m[91mafter[33m{[39m[31m[91mcontent[33m:[39m[31m[91m[32m' \25c4'[39m[31m[91m[33m}[39m[31m[91m[33m.btn-success[39m[31m[91m[33m{[39m[31m[91mcolor[33m:[39m[31m[91m[35m#000[39m[31m[91m[33m;[39m[31m[91mborder-color[33m:[39m[31m[91m[35m#000[39m[31m[91m[33m;[39m[31m[91mbackground-color[33m:[39m[31m[91m[35m#0a0[39m[31m[91m[33m}[39m[31m[91m[33m.btn-success[39m[31m[91m[33m:[39m[31m[91mhover[33m:[39m[31m[91mafter,.btn-success[33m:[39m[31m[91mhover[33m:[39m[31m[91mbefore[33m{[39m[31m[91mcolor[33m:[39m[31m[91m[35m#5f5[39m[31m[91m[33m}[39m[31m[91m[33m.btn-success[39m[31m[91m[33m:[39m[31m[91mhover[33m{[39m[31m[91mcolor[33m:[39m[31m[91m[35m#5f5[39m[31m[91m[33m;[39m[31m[91mborder-color[33m:[39m[31m[91m[35m#fff[39m[31m[91m[33m}[39m[31m[91m[33m.btn-success.focus,.btn-success[39m[31m[91m[33m:[39m[31m[91mfocus[33m{[39m[31m[91mborder-color[33m:[39m[31m[91m[35m#fff[39m[31m[91m[33m}[39m[31m[91m[33m.btn-success.disabled,.btn-success[39m[31m[91m[33m:[39m[31m[91mdisabled[33m{[39m[31m[91mcolor[33m:[39m[31m[91m[35m#555[39m[31m[91m[33m;[39m[31m[91mbackground-color[33m:[39m[31m[91m[35m#bbb[39m[31m[91m[33m;[39m[31m[91mborder-color[33m:[39m[31m[91m[35m#0a0[39m[31m[91m[33m}[39m[31m[91m[33m.btn-success[39m[31m[91m[33m:[3[39m[22m[1m[31m9m[91m[36mnot[39m[31m[91m[36m(:disabled)[39m[31m[91m[33m:[39m[31m[91m[36mnot[39m[31m[91m[36m(.disabled)[39m[31m[91m[33m.active,.btn-success[39m[31m[91m[33m:[39m[31m[91m[36mnot[39m[31m[91m[36m(:disabled)[39m[31m[91m[33m:[39m[31m[91m[36mnot[39m[31m[91m[36m(.disabled)[39m[31m[91m[33m:[39m[31m[91mactive,.show>.btn-success.dropdown-toggle[33m{[39m[31m[91mcolor[33m:[39m[31m[91m[35m#0a0[39m[31m[91m[33m;[39m[31m[91mbackground-color[33m:[39m[31m[91m[35m#000[39m[31m[91m[33m}[39m[31m[91m[33m.btn-group-lg>.btn-success.btn,.btn-success.btn-lg[39m[31m[91m[33m{[39m[31m[91mbackground-color[33m:[39m[31m[91m[35m#0a0[39m[31m[91m[33m;[39m[31m[91mborder[33m:[39m[31m[91m[33m.875px[39m[31m[91m solid [35m#000[39m[31m[91m[33m;[39m[31m[91mmargin-top[33m:[39m[31m[91m7px[33m;[39m[31m[91mpadding-top[33m:[39m[31m[91m6.125px[33m;[39m[31m[91mpadding-bottom[33m:[39m[31m[91m7px[33m;[39m[31m[91mmargin-bottom[33m:[39m[31m[91m6.125px[33m;[39m[31m[91mborder-left-width[33m:[39m[31m[91m2px[33m;[39m[31m[91mborder-right-width[33m:[39m[31m[91m2px[33m;[39m[31m[91mmargin-left[33m:[39m[31m[91m3.5px[33m;[39m[31m[91mpadding-left[33m:[39m[31m[91m10.5px[33m;[39m[31m[91mpadding-right[33m:[39m[31m[91m11.5px[33m;[39m[31m[91mmargin-right[33m:[39m[31m[91m2.5px[33m;[39m[31m[91mbox-shadow[33m:[39m[31m[91m-3.5px -7px 0 0 [35m#0a0,2.5px[39m[31m[91m 6.125px 0 0 [35m#0a0,-3.5px[39m[31m[91m 6.125px 0 0 [35m#0a0,2.5px[39m[31m[91m -7px 0 0 [35m#0a0[39m[31m[91m[33m;[39m[31m[91m-webkit-filter[33m:[39m[31m[91m[36mdrop-shadow[39m[31m[91m[36m(7px 8px 0 #000)[39m[31m[91m[33m;[39m[31m[91mfilter[33m:[39m[31m[91m[36mdrop-shadow[39m[31m[91m[36m(7px 8px 0 #000)[39m[31m[91m[33m;[39m[31m[91mmargin-right[33m:[39m[31m[91m10.5px[33m;[39m[31m[91mmargin-bottom[33m:[39m[31m[91m20px[33m}[39m[31m[91m[33m.btn-group-lg>.btn-success.btn[39m[31m[91m[33m:[39m[31m[91mhover,.btn-success.btn-lg[33m:[39m[31m[91mhover[33m{[39m[31m[91mbox-shadow[33m:[39m[31m[91m-3.5px -7px 0 0 [35m#0a0,2.5px[39m[31m[91m 6.125px 0 0 [35m#0a0,-3.5px[39m[31m[91m 6.125px 0 0 [35m#0a0,2.5px[39m[31m[91m -7px 0 0 [35m#0a0[39m[31m[91m[33m;[39m[31m[91mcolor[3[39m[22m[1m[31m3m:[39m[31m[91m[35m#fff[39m[31m[91m[33m;[39m[31m[91mborder-color[33m:[39m[31m[91m[35m#fff[39m[31m[91m[33m;[39m[31m[91mbackground-color[33m:[39m[31m[91m[35m#0a0[39m[31m[91m[33m}[39m[31m[91m[33m.btn-group-lg.show>.btn-success.dropdown-toggle.btn,.btn-group-lg>.btn-success.btn[39m[31m[91m[33m:[39m[31m[91m[36mnot[39m[31m[91m[36m(:disabled)[39m[31m[91m[33m:[39m[31m[91m[36mnot[39m[31m[91m[36m(.disabled)[39m[31m[91m[33m.active,.btn-group-lg>.btn-success.btn[39m[31m[91m[33m:[39m[31m[91m[36mnot[39m[31m[91m[36m(:disabled)[39m[31m[91m[33m:[39m[31m[91m[36mnot[39m[31m[91m[36m(.disabled)[39m[31m[91m[33m:[39m[31m[91mactive,.btn-success.btn-lg[33m:[39m[31m[91m[36mnot[39m[31m[91m[36m(:disabled)[39m[31m[91m[33m:[39m[31m[91m[36mnot[39m[31m[91m[36m(.disabled)[39m[31m[91m[33m.active,.btn-success.btn-lg[39m[31m[91m[33m:[39m[31m[91m[36mnot[39m[31m[91m[36m(:disabled)[39m[31m[91m[33m:[39m[31m[91m[36mnot[39m[31m[91m[36m(.disabled)[39m[31m[91m[33m:[39m[31m[91mactive,.show>.btn-success.btn-lg.dropdown-toggle[33m{[39m[31m[91mbox-shadow[33m:[39m[31m[91m-3.5px -7px 0 0 [35m#0a0,2.5px[39m[31m[91m 6.125px 0 0 [35m#0a0,-3.5px[39m[31m[91m 6.125px 0 0 [35m#0a0,2.5px[39m[31m[91m -7px 0 0 [35m#0a0[39m[31m[91m[33m;[39m[31m[91mcolor[33m:[39m[31m[91m[35m#fff[39m[31m[91m[33m;[39m[31m[91mborder-color[33m:[39m[31m[91m[35m#fff[39m[31m[91m[33m;[39m[31m[91mbackground-color[33m:[39m[31m[91m[35m#0a0[39m[31m[91m[33m;[39m[31m[91m-webkit-filter[33m:[39m[31m[91mnone[33m;[39m[31m[91mfilter[33m:[39m[31m[91mnone[33m;[39m[31m[91mfilter[33m:[39m[31m[91mnone[33m;[39m[31m[91mposition[33m:[39m[31m[91mrelative[33m;[39m[31m[91mtop[33m:[39m[31m[91m14px[33m;[39m[31m[91mleft[33m:[39m[31m[91m8px[33m}[39m[31m[91m[33m.bs-component>.btn-info[39m[31m[91m[33m:[39m[31m[91m[36mnot[39m[31m[91m[36m(.disabled)[39m[31m[91m[33m:[39m[31m[91m[36mnot[39m[31m[91m[36m(.btn-sm)[39m[31m[91m[33m:[39m[31m[91m[36mnot[39m[31m[91m[36m(.btn-lg)[39m[31m[91m[33m:[39m[31m[91mhover[33m{[39m[31m[91mpadding-left[33m:[39m[31m[91m0[33m;[39m[31m[91mpadding-right[33m:[39m[31m[91m0[33m}[39m[31m[91m[33m.bs-component>.btn-info[39m[31m[91m[33m:[39m[31m[[39m[22m[1m[31m91m[36mnot[39m[31m[91m[36m(.disabled)[39m[31m[91m[33m:[39m[31m[91m[36mnot[39m[31m[91m[36m(.btn-sm)[39m[31m[91m[33m:[39m[31m[91m[36mnot[39m[31m[91m[36m(.btn-lg)[39m[31m[91m[33m:[39m[31m[91mhover[33m:[39m[31m[91mbefore[33m{[39m[31m[91mcontent[33m:[39m[31m[91m[32m'\25ba\20'[39m[31m[91m[33m}[39m[31m[91m[33m.bs-component>.btn-info[39m[31m[91m[33m:[39m[31m[91m[36mnot[39m[31m[91m[36m(.disabled)[39m[31m[91m[33m:[39m[31m[91m[36mnot[39m[31m[91m[36m(.btn-sm)[39m[31m[91m[33m:[39m[31m[91m[36mnot[39m[31m[91m[36m(.btn-lg)[39m[31m[91m[33m:[39m[31m[91mhover[33m:[39m[31m[91mafter[33m{[39m[31m[91mcontent[33m:[39m[31m[91m[32m' \25c4'[39m[31m[91m[33m}[39m[31m[91m[33m.btn-info[39m[31m[91m[33m{[39m[31m[91mcolor[33m:[39m[31m[91m[35m#000[39m[31m[91m[33m;[39m[31m[91mborder-color[33m:[39m[31m[91m[35m#000[39m[31m[91m[33m;[39m[31m[91mbackground-color[33m:[39m[31m[91m[35m#0aa[39m[31m[91m[33m}[39m[31m[91m[33m.btn-info[39m[31m[91m[33m:[39m[31m[91mhover[33m:[39m[31m[91mafter,.btn-info[33m:[39m[31m[91mhover[33m:[39m[31m[91mbefore[33m{[39m[31m[91mcolor[33m:[39m[31m[91m[35m#5ff[39m[31m[91m[33m}[39m[31m[91m[33m.btn-info[39m[31m[91m[33m:[39m[31m[91mhover[33m{[39m[31m[91mcolor[33m:[39m[31m[91m[35m#5ff[39m[31m[91m[33m;[39m[31m[91mborder-color[33m:[39m[31m[91m[35m#fff[39m[31m[91m[33m}[39m[31m[91m[33m.btn-info.focus,.btn-info[39m[31m[91m[33m:[39m[31m[91mfocus[33m{[39m[31m[91mborder-color[33m:[39m[31m[91m[35m#fff[39m[31m[91m[33m}[39m[31m[91m[33m.btn-info.disabled,.btn-info[39m[31m[91m[33m:[39m[31m[91mdisabled[33m{[39m[31m[91mcolor[33m:[39m[31m[91m[35m#555[39m[31m[91m[33m;[39m[31m[91mbackground-color[33m:[39m[31m[91m[35m#bbb[39m[31m[91m[33m;[39m[31m[91mborder-color[33m:[39m[31m[91m[35m#0aa[39m[31m[91m[33m}[39m[31m[91m[33m.btn-info[39m[31m[91m[33m:[39m[31m[91m[36mnot[39m[31m[91m[36m(:disabled)[39m[31m[91m[33m:[39m[31m[91m[36mnot[39m[31m[91m[36m(.disabled)[39m[31m[91m[33m.active,.btn-info[39m[31m[91m[33m:[39m[31m[91m[36mnot[39m[31m[91m[36m(:disabled)[39m[31m[91m[33m:[39m[31m[91m[36mnot[39m[31m[91m[36m(.disabled)[39m[31m[91m[33m:[39m[31m[91mactive,.show>.btn-info.dropdown-toggle[33m{[39m[31m[91mcolor[3[39m[22m[1m[31m3m:[39m[31m[91m[35m#0aa[39m[31m[91m[33m;[39m[31m[91mbackground-color[33m:[39m[31m[91m[35m#000[39m[31m[91m[33m}[39m[31m[91m[33m.btn-group-lg>.btn-info.btn,.btn-info.btn-lg[39m[31m[91m[33m{[39m[31m[91mbackground-color[33m:[39m[31m[91m[35m#0aa[39m[31m[91m[33m;[39m[31m[91mborder[33m:[39m[31m[91m[33m.875px[39m[31m[91m solid [35m#000[39m[31m[91m[33m;[39m[31m[91mmargin-top[33m:[39m[31m[91m7px[33m;[39m[31m[91mpadding-top[33m:[39m[31m[91m6.125px[33m;[39m[31m[91mpadding-bottom[33m:[39m[31m[91m7px[33m;[39m[31m[91mmargin-bottom[33m:[39m[31m[91m6.125px[33m;[39m[31m[91mborder-left-width[33m:[39m[31m[91m2px[33m;[39m[31m[91mborder-right-width[33m:[39m[31m[91m2px[33m;[39m[31m[91mmargin-left[33m:[39m[31m[91m3.5px[33m;[39m[31m[91mpadding-left[33m:[39m[31m[91m10.5px[33m;[39m[31m[91mpadding-right[33m:[39m[31m[91m11.5px[33m;[39m[31m[91mmargin-right[33m:[39m[31m[91m2.5px[33m;[39m[31m[91mbox-shadow[33m:[39m[31m[91m-3.5px -7px 0 0 [35m#0aa,2.5px[39m[31m[91m 6.125px 0 0 [35m#0aa,-3.5px[39m[31m[91m 6.125px 0 0 [35m#0aa,2.5px[39m[31m[91m -7px 0 0 [35m#0aa[39m[31m[91m[33m;[39m[31m[91m-webkit-filter[33m:[39m[31m[91m[36mdrop-shadow[39m[31m[91m[36m(7px 8px 0 #000)[39m[31m[91m[33m;[39m[31m[91mfilter[33m:[39m[31m[91m[36mdrop-shadow[39m[31m[91m[36m(7px 8px 0 #000)[39m[31m[91m[33m;[39m[31m[91mmargin-right[33m:[39m[31m[91m10.5px[33m;[39m[31m[91mmargin-bottom[33m:[39m[31m[91m20px[33m}[39m[31m[91m[33m.btn-group-lg>.btn-info.btn[39m[31m[91m[33m:[39m[31m[91mhover,.btn-info.btn-lg[33m:[39m[31m[91mhover[33m{[39m[31m[91mbox-shadow[33m:[39m[31m[91m-3.5px -7px 0 0 [35m#0aa,2.5px[39m[31m[91m 6.125px 0 0 [35m#0aa,-3.5px[39m[31m[91m 6.125px 0 0 [35m#0aa,2.5px[39m[31m[91m -7px 0 0 [35m#0aa[39m[31m[91m[33m;[39m[31m[91mcolor[33m:[39m[31m[91m[35m#fff[39m[31m[91m[33m;[39m[31m[91mborder-color[33m:[39m[31m[91m[35m#fff[39m[31m[91m[33m;[39m[31m[91mbackground-color[33m:[39m[31m[91m[35m#0aa[39m[31m[91m[33m}[39m[31m[91m[33m.btn-group-lg.show>.btn-info.dropdown-toggle.btn,.btn-group-lg>.btn-info.btn[39m[31m[91m[33m:[39m[31m[91m[36mnot[39m[31m[91m[36m(:disabled)[39m[31m[91m[33m:[39m[31m[91m[36mnot[39m[31m[39m[22m[1m[31m[91m[36m(.disabled)[39m[31m[91m[33m.active,.btn-group-lg>.btn-info.btn[39m[31m[91m[33m:[39m[31m[91m[36mnot[39m[31m[91m[36m(:disabled)[39m[31m[91m[33m:[39m[31m[91m[36mnot[39m[31m[91m[36m(.disabled)[39m[31m[91m[33m:[39m[31m[91mactive,.btn-info.btn-lg[33m:[39m[31m[91m[36mnot[39m[31m[91m[36m(:disabled)[39m[31m[91m[33m:[39m[31m[91m[36mnot[39m[31m[91m[36m(.disabled)[39m[31m[91m[33m.active,.btn-info.btn-lg[39m[31m[91m[33m:[39m[31m[91m[36mnot[39m[31m[91m[36m(:disabled)[39m[31m[91m[33m:[39m[31m[91m[36mnot[39m[31m[91m[36m(.disabled)[39m[31m[91m[33m:[39m[31m[91mactive,.show>.btn-info.btn-lg.dropdown-toggle[33m{[39m[31m[91mbox-shadow[33m:[39m[31m[91m-3.5px -7px 0 0 [35m#0aa,2.5px[39m[31m[91m 6.125px 0 0 [35m#0aa,-3.5px[39m[31m[91m 6.125px 0 0 [35m#0aa,2.5px[39m[31m[91m -7px 0 0 [35m#0aa[39m[31m[91m[33m;[39m[31m[91mcolor[33m:[39m[31m[91m[35m#fff[39m[31m[91m[33m;[39m[31m[91mborder-color[33m:[39m[31m[91m[35m#fff[39m[31m[91m[33m;[39m[31m[91mbackground-color[33m:[39m[31m[91m[35m#0aa[39m[31m[91m[33m;[39m[31m[91m-webkit-filter[33m:[39m[31m[91mnone[33m;[39m[31m[91mfilter[33m:[39m[31m[91mnone[33m;[39m[31m[91mfilter[33m:[39m[31m[91mnone[33m;[39m[31m[91mposition[33m:[39m[31m[91mrelative[33m;[39m[31m[91mtop[33m:[39m[31m[91m14px[33m;[39m[31m[91mleft[33m:[39m[31m[91m8px[33m}[39m[31m[91m[33m.bs-component>.btn-warning[39m[31m[91m[33m:[39m[31m[91m[36mnot[39m[31m[91m[36m(.disabled)[39m[31m[91m[33m:[39m[31m[91m[36mnot[39m[31m[91m[36m(.btn-sm)[39m[31m[91m[33m:[39m[31m[91m[36mnot[39m[31m[91m[36m(.btn-lg)[39m[31m[91m[33m:[39m[31m[91mhover[33m{[39m[31m[91mpadding-left[33m:[39m[31m[91m0[33m;[39m[31m[91mpadding-right[33m:[39m[31m[91m0[33m}[39m[31m[91m[33m.bs-component>.btn-warning[39m[31m[91m[33m:[39m[31m[91m[36mnot[39m[31m[91m[36m(.disabled)[39m[31m[91m[33m:[39m[31m[91m[36mnot[39m[31m[91m[36m(.btn-sm)[39m[31m[91m[33m:[39m[31m[91m[36mnot[39m[31m[91m[36m(.btn-lg)[39m[31m[91m[33m:[39m[31m[91mhover[33m:[39m[31m[91mbefore[33m{[39m[31m[91mcontent[33m:[39m[31m[91m[32m'\25ba\20'[39m[31m[91m[33m}[39m[31m[91m[33m.bs-component>.btn-warning[39m[31m[91m[33m:[39m[31m[91m[36mnot[39m[31m[91m[36m(.dis[39m[22m[1m[31mabled)[39m[31m[91m[33m:[39m[31m[91m[36mnot[39m[31m[91m[36m(.btn-sm)[39m[31m[91m[33m:[39m[31m[91m[36mnot[39m[31m[91m[36m(.btn-lg)[39m[31m[91m[33m:[39m[31m[91mhover[33m:[39m[31m[91mafter[33m{[39m[31m[91mcontent[33m:[39m[31m[91m[32m' \25c4'[39m[31m[91m[33m}[39m[31m[91m[33m.btn-warning[39m[31m[91m[33m{[39m[31m[91mcolor[33m:[39m[31m[91m[35m#000[39m[31m[91m[33m;[39m[31m[91mborder-color[33m:[39m[31m[91m[35m#000[39m[31m[91m[33m;[39m[31m[91mbackground-color[33m:[39m[31m[91m[35m#a50[39m[31m[91m[33m}[39m[31m[91m[33m.btn-warning[39m[31m[91m[33m:[39m[31m[91mhover[33m:[39m[31m[91mafter,.btn-warning[33m:[39m[31m[91mhover[33m:[39m[31m[91mbefore[33m{[39m[31m[91mcolor[33m:[39m[31m[91m[35m#ff5[39m[31m[91m[33m}[39m[31m[91m[33m.btn-warning[39m[31m[91m[33m:[39m[31m[91mhover[33m{[39m[31m[91mcolor[33m:[39m[31m[91m[35m#ff5[39m[31m[91m[33m;[39m[31m[91mborder-color[33m:[39m[31m[91m[35m#fff[39m[31m[91m[33m}[39m[31m[91m[33m.btn-warning.focus,.btn-warning[39m[31m[91m[33m:[39m[31m[91mfocus[33m{[39m[31m[91mborder-color[33m:[39m[31m[91m[35m#fff[39m[31m[91m[33m}[39m[31m[91m[33m.btn-warning.disabled,.btn-warning[39m[31m[91m[33m:[39m[31m[91mdisabled[33m{[39m[31m[91mcolor[33m:[39m[31m[91m[35m#555[39m[31m[91m[33m;[39m[31m[91mbackground-color[33m:[39m[31m[91m[35m#bbb[39m[31m[91m[33m;[39m[31m[91mborder-color[33m:[39m[31m[91m[35m#a50[39m[31m[91m[33m}[39m[31m[91m[33m.btn-warning[39m[31m[91m[33m:[39m[31m[91m[36mnot[39m[31m[91m[36m(:disabled)[39m[31m[91m[33m:[39m[31m[91m[36mnot[39m[31m[91m[36m(.disabled)[39m[31m[91m[33m.active,.btn-warning[39m[31m[91m[33m:[39m[31m[91m[36mnot[39m[31m[91m[36m(:disabled)[39m[31m[91m[33m:[39m[31m[91m[36mnot[39m[31m[91m[36m(.disabled)[39m[31m[91m[33m:[39m[31m[91mactive,.show>.btn-warning.dropdown-toggle[33m{[39m[31m[91mcolor[33m:[39m[31m[91m[35m#a50[39m[31m[91m[33m;[39m[31m[91mbackground-color[33m:[39m[31m[91m[35m#000[39m[31m[91m[33m}[39m[31m[91m[33m.btn-group-lg>.btn-warning.btn,.btn-warning.btn-lg[39m[31m[91m[33m{[39m[31m[91mbackground-color[33m:[39m[31m[91m[35m#a50[39m[31m[91m[33m;[39m[31m[91mborder[33m:[39m[31m[91m[33m.875px[39m[31m[91m solid [35m#000[39m[31m[91m[3[39m[22m[1m[31m3m;[39m[31m[91mmargin-top[33m:[39m[31m[91m7px[33m;[39m[31m[91mpadding-top[33m:[39m[31m[91m6.125px[33m;[39m[31m[91mpadding-bottom[33m:[39m[31m[91m7px[33m;[39m[31m[91mmargin-bottom[33m:[39m[31m[91m6.125px[33m;[39m[31m[91mborder-left-width[33m:[39m[31m[91m2px[33m;[39m[31m[91mborder-right-width[33m:[39m[31m[91m2px[33m;[39m[31m[91mmargin-left[33m:[39m[31m[91m3.5px[33m;[39m[31m[91mpadding-left[33m:[39m[31m[91m10.5px[33m;[39m[31m[91mpadding-right[33m:[39m[31m[91m11.5px[33m;[39m[31m[91mmargin-right[33m:[39m[31m[91m2.5px[33m;[39m[31m[91mbox-shadow[33m:[39m[31m[91m-3.5px -7px 0 0 [35m#a50,2.5px[39m[31m[91m 6.125px 0 0 [35m#a50,-3.5px[39m[31m[91m 6.125px 0 0 [35m#a50,2.5px[39m[31m[91m -7px 0 0 [35m#a50[39m[31m[91m[33m;[39m[31m[91m-webkit-filter[33m:[39m[31m[91m[36mdrop-shadow[39m[31m[91m[36m(7px 8px 0 #000)[39m[31m[91m[33m;[39m[31m[91mfilter[33m:[39m[31m[91m[36mdrop-shadow[39m[31m[91m[36m(7px 8px 0 #000)[39m[31m[91m[33m;[39m[31m[91mmargin-right[33m:[39m[31m[91m10.5px[33m;[39m[31m[91mmargin-bottom[33m:[39m[31m[91m20px[33m}[39m[31m[91m[33m.btn-group-lg>.btn-warning.btn[39m[31m[91m[33m:[39m[31m[91mhover,.btn-warning.btn-lg[33m:[39m[31m[91mhover[33m{[39m[31m[91mbox-shadow[33m:[39m[31m[91m-3.5px -7px 0 0 [35m#a50,2.5px[39m[31m[91m 6.125px 0 0 [35m#a50,-3.5px[39m[31m[91m 6.125px 0 0 [35m#a50,2.5px[39m[31m[91m -7px 0 0 [35m#a50[39m[31m[91m[33m;[39m[31m[91mcolor[33m:[39m[31m[91m[35m#fff[39m[31m[91m[33m;[39m[31m[91mborder-color[33m:[39m[31m[91m[35m#fff[39m[31m[91m[33m;[39m[31m[91mbackground-color[33m:[39m[31m[91m[35m#a50[39m[31m[91m[33m}[39m[31m[91m[33m.btn-group-lg.show>.btn-warning.dropdown-toggle.btn,.btn-group-lg>.btn-warning.btn[39m[31m[91m[33m:[39m[31m[91m[36mnot[39m[31m[91m[36m(:disabled)[39m[31m[91m[33m:[39m[31m[91m[36mnot[39m[31m[91m[36m(.disabled)[39m[31m[91m[33m.active,.btn-group-lg>.btn-warning.btn[39m[31m[91m[33m:[39m[31m[91m[36mnot[39m[31m[91m[36m(:disabled)[39m[31m[91m[33m:[39m[31m[91m[36mnot[39m[31m[91m[36m(.disabled)[39m[31m[91m[33m:[39m[31m[91mactive,.btn-warning.btn-lg[33m:[39m[31m[91m[36mnot[39m[31m[91m[36m(:disabled)[39m[31m[91m[33m:[39m[31m[39m[22m[1m[31m[91m[36mnot[39m[31m[91m[36m(.disabled)[39m[31m[91m[33m.active,.btn-warning.btn-lg[39m[31m[91m[33m:[39m[31m[91m[36mnot[39m[31m[91m[36m(:disabled)[39m[31m[91m[33m:[39m[31m[91m[36mnot[39m[31m[91m[36m(.disabled)[39m[31m[91m[33m:[39m[31m[91mactive,.show>.btn-warning.btn-lg.dropdown-toggle[33m{[39m[31m[91mbox-shadow[33m:[39m[31m[91m-3.5px -7px 0 0 [35m#a50,2.5px[39m[31m[91m 6.125px 0 0 [35m#a50,-3.5px[39m[31m[91m 6.125px 0 0 [35m#a50,2.5px[39m[31m[91m -7px 0 0 [35m#a50[39m[31m[91m[33m;[39m[31m[91mcolor[33m:[39m[31m[91m[35m#fff[39m[31m[91m[33m;[39m[31m[91mborder-color[33m:[39m[31m[91m[35m#fff[39m[31m[91m[33m;[39m[31m[91mbackground-color[33m:[39m[31m[91m[35m#a50[39m[31m[91m[33m;[39m[31m[91m-webkit-filter[33m:[39m[31m[91mnone[33m;[39m[31m[91mfilter[33m:[39m[31m[91mnone[33m;[39m[31m[91mfilter[33m:[39m[31m[91mnone[33m;[39m[31m[91mposition[33m:[39m[31m[91mrelative[33m;[39m[31m[91mtop[33m:[39m[31m[91m14px[33m;[39m[31m[91mleft[33m:[39m[31m[91m8px[33m}[39m[31m[91m[33m.bs-component>.btn-danger[39m[31m[91m[33m:[39m[31m[91m[36mnot[39m[31m[91m[36m(.disabled)[39m[31m[91m[33m:[39m[31m[91m[36mnot[39m[31m[91m[36m(.btn-sm)[39m[31m[91m[33m:[39m[31m[91m[36mnot[39m[31m[91m[36m(.btn-lg)[39m[31m[91m[33m:[39m[31m[91mhover[33m{[39m[31m[91mpadding-left[33m:[39m[31m[91m0[33m;[39m[31m[91mpadding-right[33m:[39m[31m[91m0[33m}[39m[31m[91m[33m.bs-component>.btn-danger[39m[31m[91m[33m:[39m[31m[91m[36mnot[39m[31m[91m[36m(.disabled)[39m[31m[91m[33m:[39m[31m[91m[36mnot[39m[31m[91m[36m(.btn-sm)[39m[31m[91m[33m:[39m[31m[91m[36mnot[39m[31m[91m[36m(.btn-lg)[39m[31m[91m[33m:[39m[31m[91mhover[33m:[39m[31m[91mbefore[33m{[39m[31m[91mcontent[33m:[39m[31m[91m[32m'\25ba\20'[39m[31m[91m[33m}[39m[31m[91m[33m.bs-component>.btn-danger[39m[31m[91m[33m:[39m[31m[91m[36mnot[39m[31m[91m[36m(.disabled)[39m[31m[91m[33m:[39m[31m[91m[36mnot[39m[31m[91m[36m(.btn-sm)[39m[31m[91m[33m:[39m[31m[91m[36mnot[39m[31m[91m[36m(.btn-lg)[39m[31m[91m[33m:[39m[31m[91mhover[33m:[39m[31m[91mafter[33m{[39m[31m[91mcontent[33m:[39m[31m[91m[32m' \25c4'[39m[31m[91m[33m}[39m[31m[91m[33m.btn-danger[39m[31m[91m[33m{[39m[31m[91mcolor[33m:[3[39m[22m[1m[31m9m[91m[35m#000[39m[31m[91m[33m;[39m[31m[91mborder-color[33m:[39m[31m[91m[35m#000[39m[31m[91m[33m;[39m[31m[91mbackground-color[33m:[39m[31m[91m[35m#a00[39m[31m[91m[33m}[39m[31m[91m[33m.btn-danger[39m[31m[91m[33m:[39m[31m[91mhover[33m:[39m[31m[91mafter,.btn-danger[33m:[39m[31m[91mhover[33m:[39m[31m[91mbefore[33m{[39m[31m[91mcolor[33m:[39m[31m[91m[35m#f55[39m[31m[91m[33m}[39m[31m[91m[33m.btn-danger[39m[31m[91m[33m:[39m[31m[91mhover[33m{[39m[31m[91mcolor[33m:[39m[31m[91m[35m#f55[39m[31m[91m[33m;[39m[31m[91mborder-color[33m:[39m[31m[91m[35m#fff[39m[31m[91m[33m}[39m[31m[91m[33m.btn-danger.focus,.btn-danger[39m[31m[91m[33m:[39m[31m[91mfocus[33m{[39m[31m[91mborder-color[33m:[39m[31m[91m[35m#fff[39m[31m[91m[33m}[39m[31m[91m[33m.btn-danger.disabled,.btn-danger[39m[31m[91m[33m:[39m[31m[91mdisabled[33m{[39m[31m[91mcolor[33m:[39m[31m[91m[35m#555[39m[31m[91m[33m;[39m[31m[91mbackground-color[33m:[39m[31m[91m[35m#bbb[39m[31m[91m[33m;[39m[31m[91mborder-color[33m:[39m[31m[91m[35m#a00[39m[31m[91m[33m}[39m[31m[91m[33m.btn-danger[39m[31m[91m[33m:[39m[31m[91m[36mnot[39m[31m[91m[36m(:disabled)[39m[31m[91m[33m:[39m[31m[91m[36mnot[39m[31m[91m[36m(.disabled)[39m[31m[91m[33m.active,.btn-danger[39m[31m[91m[33m:[39m[31m[91m[36mnot[39m[31m[91m[36m(:disabled)[39m[31m[91m[33m:[39m[31m[91m[36mnot[39m[31m[91m[36m(.disabled)[39m[31m[91m[33m:[39m[31m[91mactive,.show>.btn-danger.dropdown-toggle[33m{[39m[31m[91mcolor[33m:[39m[31m[91m[35m#a00[39m[31m[91m[33m;[39m[31m[91mbackground-color[33m:[39m[31m[91m[35m#000[39m[31m[91m[33m}[39m[31m[91m[33m.btn-danger.btn-lg,.btn-group-lg>.btn-danger.btn[39m[31m[91m[33m{[39m[31m[91mbackground-color[33m:[39m[31m[91m[35m#a00[39m[31m[91m[33m;[39m[31m[91mborder[33m:[39m[31m[91m[33m.875px[39m[31m[91m solid [35m#000[39m[31m[91m[33m;[39m[31m[91mmargin-top[33m:[39m[31m[91m7px[33m;[39m[31m[91mpadding-top[33m:[39m[31m[91m6.125px[33m;[39m[31m[91mpadding-bottom[33m:[39m[31m[91m7px[33m;[39m[31m[91mmargin-bottom[33m:[39m[31m[91m6.125px[33m;[39m[31m[91mborder-left-width[33m:[39m[31m[91m2px[33m;[39m[31m[91mborder-right-width[33m:[39m[31m[91m2px[33m;[39m[31m[91mmargin-[39m[22m[1m[31mleft[33m:[39m[31m[91m3.5px[33m;[39m[31m[91mpadding-left[33m:[39m[31m[91m10.5px[33m;[39m[31m[91mpadding-right[33m:[39m[31m[91m11.5px[33m;[39m[31m[91mmargin-right[33m:[39m[31m[91m2.5px[33m;[39m[31m[91mbox-shadow[33m:[39m[31m[91m-3.5px -7px 0 0 [35m#a00,2.5px[39m[31m[91m 6.125px 0 0 [35m#a00,-3.5px[39m[31m[91m 6.125px 0 0 [35m#a00,2.5px[39m[31m[91m -7px 0 0 [35m#a00[39m[31m[91m[33m;[39m[31m[91m-webkit-filter[33m:[39m[31m[91m[36mdrop-shadow[39m[31m[91m[36m(7px 8px 0 #000)[39m[31m[91m[33m;[39m[31m[91mfilter[33m:[39m[31m[91m[36mdrop-shadow[39m[31m[91m[36m(7px 8px 0 #000)[39m[31m[91m[33m;[39m[31m[91mmargin-right[33m:[39m[31m[91m10.5px[33m;[39m[31m[91mmargin-bottom[33m:[39m[31m[91m20px[33m}[39m[31m[91m[33m.btn-danger.btn-lg[39m[31m[91m[33m:[39m[31m[91mhover,.btn-group-lg>.btn-danger.btn[33m:[39m[31m[91mhover[33m{[39m[31m[91mbox-shadow[33m:[39m[31m[91m-3.5px -7px 0 0 [35m#a00,2.5px[39m[31m[91m 6.125px 0 0 [35m#a00,-3.5px[39m[31m[91m 6.125px 0 0 [35m#a00,2.5px[39m[31m[91m -7px 0 0 [35m#a00[39m[31m[91m[33m;[39m[31m[91mcolor[33m:[39m[31m[91m[35m#fff[39m[31m[91m[33m;[39m[31m[91mborder-color[33m:[39m[31m[91m[35m#fff[39m[31m[91m[33m;[39m[31m[91mbackground-color[33m:[39m[31m[91m[35m#a00[39m[31m[91m[33m}[39m[31m[91m[33m.btn-danger.btn-lg[39m[31m[91m[33m:[39m[31m[91m[36mnot[39m[31m[91m[36m(:disabled)[39m[31m[91m[33m:[39m[31m[91m[36mnot[39m[31m[91m[36m(.disabled)[39m[31m[91m[33m.active,.btn-danger.btn-lg[39m[31m[91m[33m:[39m[31m[91m[36mnot[39m[31m[91m[36m(:disabled)[39m[31m[91m[33m:[39m[31m[91m[36mnot[39m[31m[91m[36m(.disabled)[39m[31m[91m[33m:[39m[31m[91mactive,.btn-group-lg.show>.btn-danger.dropdown-toggle.btn,.btn-group-lg>.btn-danger.btn[33m:[39m[31m[91m[36mnot[39m[31m[91m[36m(:disabled)[39m[31m[91m[33m:[39m[31m[91m[36mnot[39m[31m[91m[36m(.disabled)[39m[31m[91m[33m.active,.btn-group-lg>.btn-danger.btn[39m[31m[91m[33m:[39m[31m[91m[36mnot[39m[31m[91m[36m(:disabled)[39m[31m[91m[33m:[39m[31m[91m[36mnot[39m[31m[91m[36m(.disabled)[39m[31m[91m[33m:[39m[31m[91mactive,.show>.btn-danger.btn-lg.dropdown-toggle[33m{[39m[31m[91mbox-shadow[33m:[39m[31m[91m-3.5px -7px 0[39m[22m[1m[31m 0 [35m#a00,2.5px[39m[31m[91m 6.125px 0 0 [35m#a00,-3.5px[39m[31m[91m 6.125px 0 0 [35m#a00,2.5px[39m[31m[91m -7px 0 0 [35m#a00[39m[31m[91m[33m;[39m[31m[91mcolor[33m:[39m[31m[91m[35m#fff[39m[31m[91m[33m;[39m[31m[91mborder-color[33m:[39m[31m[91m[35m#fff[39m[31m[91m[33m;[39m[31m[91mbackground-color[33m:[39m[31m[91m[35m#a00[39m[31m[91m[33m;[39m[31m[91m-webkit-filter[33m:[39m[31m[91mnone[33m;[39m[31m[91mfilter[33m:[39m[31m[91mnone[33m;[39m[31m[91mfilter[33m:[39m[31m[91mnone[33m;[39m[31m[91mposition[33m:[39m[31m[91mrelative[33m;[39m[31m[91mtop[33m:[39m[31m[91m14px[33m;[39m[31m[91mleft[33m:[39m[31m[91m8px[33m}[39m[31m[91m[33m.bs-component>.btn-light[39m[31m[91m[33m:[39m[31m[91m[36mnot[39m[31m[91m[36m(.disabled)[39m[31m[91m[33m:[39m[31m[91m[36mnot[39m[31m[91m[36m(.btn-sm)[39m[31m[91m[33m:[39m[31m[91m[36mnot[39m[31m[91m[36m(.btn-lg)[39m[31m[91m[33m:[39m[31m[91mhover[33m{[39m[31m[91mpadding-left[33m:[39m[31m[91m0[33m;[39m[31m[91mpadding-right[33m:[39m[31m[91m0[33m}[39m[31m[91m[33m.bs-component>.btn-light[39m[31m[91m[33m:[39m[31m[91m[36mnot[39m[31m[91m[36m(.disabled)[39m[31m[91m[33m:[39m[31m[91m[36mnot[39m[31m[91m[36m(.btn-sm)[39m[31m[91m[33m:[39m[31m[91m[36mnot[39m[31m[91m[36m(.btn-lg)[39m[31m[91m[33m:[39m[31m[91mhover[33m:[39m[31m[91mbefore[33m{[39m[31m[91mcontent[33m:[39m[31m[91m[32m'\25ba\20'[39m[31m[91m[33m}[39m[31m[91m[33m.bs-component>.btn-light[39m[31m[91m[33m:[39m[31m[91m[36mnot[39m[31m[91m[36m(.disabled)[39m[31m[91m[33m:[39m[31m[91m[36mnot[39m[31m[91m[36m(.btn-sm)[39m[31m[91m[33m:[39m[31m[91m[36mnot[39m[31m[91m[36m(.btn-lg)[39m[31m[91m[33m:[39m[31m[91mhover[33m:[39m[31m[91mafter[33m{[39m[31m[91mcontent[33m:[39m[31m[91m[32m' \25c4'[39m[31m[91m[33m}[39m[31m[91m[33m.btn-light[39m[31m[91m[33m{[39m[31m[91mcolor[33m:[39m[31m[91m[35m#000[39m[31m[91m[33m;[39m[31m[91mborder-color[33m:[39m[31m[91m[35m#000[39m[31m[91m[33m;[39m[31m[91mbackground-color[33m:[39m[31m[91m[35m#fff[39m[31m[91m[33m}[39m[31m[91m[33m.btn-light[39m[31m[91m[33m:[39m[31m[91mhover[33m{[39m[31m[91mborder-color[33m:[39m[31m[91m[35m#fff[39m[31m[91m[33m}[39m[31m[91m[33m.btn-light.focus,.btn-light[39[39m[22m[1m[31mm[91m[33m:[39m[31m[91mfocus[33m{[39m[31m[91mborder-color[33m:[39m[31m[91m[35m#fff[39m[31m[91m[33m}[39m[31m[91m[33m.btn-light.disabled,.btn-light[39m[31m[91m[33m:[39m[31m[91mdisabled[33m{[39m[31m[91mcolor[33m:[39m[31m[91m[35m#555[39m[31m[91m[33m;[39m[31m[91mbackground-color[33m:[39m[31m[91m[35m#bbb[39m[31m[91m[33m;[39m[31m[91mborder-color[33m:[39m[31m[91m[35m#fff[39m[31m[91m[33m}[39m[31m[91m[33m.btn-light[39m[31m[91m[33m:[39m[31m[91m[36mnot[39m[31m[91m[36m(:disabled)[39m[31m[91m[33m:[39m[31m[91m[36mnot[39m[31m[91m[36m(.disabled)[39m[31m[91m[33m.active,.btn-light[39m[31m[91m[33m:[39m[31m[91m[36mnot[39m[31m[91m[36m(:disabled)[39m[31m[91m[33m:[39m[31m[91m[36mnot[39m[31m[91m[36m(.disabled)[39m[31m[91m[33m:[39m[31m[91mactive,.show>.btn-light.dropdown-toggle[33m{[39m[31m[91mcolor[33m:[39m[31m[91m[35m#fff[39m[31m[91m[33m;[39m[31m[91mbackground-color[33m:[39m[31m[91m[35m#000[39m[31m[91m[33m}[39m[31m[91m[33m.btn-group-lg>.btn-light.btn,.btn-light.btn-lg[39m[31m[91m[33m{[39m[31m[91mbackground-color[33m:[39m[31m[91m[35m#fff[39m[31m[91m[33m;[39m[31m[91mborder[33m:[39m[31m[91m[33m.875px[39m[31m[91m solid [35m#000[39m[31m[91m[33m;[39m[31m[91mmargin-top[33m:[39m[31m[91m7px[33m;[39m[31m[91mpadding-top[33m:[39m[31m[91m6.125px[33m;[39m[31m[91mpadding-bottom[33m:[39m[31m[91m7px[33m;[39m[31m[91mmargin-bottom[33m:[39m[31m[91m6.125px[33m;[39m[31m[91mborder-left-width[33m:[39m[31m[91m2px[33m;[39m[31m[91mborder-right-width[33m:[39m[31m[91m2px[33m;[39m[31m[91mmargin-left[33m:[39m[31m[91m3.5px[33m;[39m[31m[91mpadding-left[33m:[39m[31m[91m10.5px[33m;[39m[31m[91mpadding-right[33m:[39m[31m[91m11.5px[33m;[39m[31m[91mmargin-right[33m:[39m[31m[91m2.5px[33m;[39m[31m[91mbox-shadow[33m:[39m[31m[91m-3.5px -7px 0 0 [35m#fff,2.5px[39m[31m[91m 6.125px 0 0 [35m#fff,-3.5px[39m[31m[91m 6.125px 0 0 [35m#fff,2.5px[39m[31m[91m -7px 0 0 [35m#fff[39m[31m[91m[33m;[39m[31m[91m-webkit-filter[33m:[39m[31m[91m[36mdrop-shadow[39m[31m[91m[36m(7px 8px 0 #000)[39m[31m[91m[33m;[39m[31m[91mfilter[33m:[39m[31m[91m[36mdrop-shadow[39m[31m[91m[36m(7px 8px 0 #000)[39m[31m[91m[33m;[39m[31m[91mmargin-right[33[39m[22m[1m[31mm:[39m[31m[91m10.5px[33m;[39m[31m[91mmargin-bottom[33m:[39m[31m[91m20px[33m}[39m[31m[91m[33m.btn-group-lg>.btn-light.btn[39m[31m[91m[33m:[39m[31m[91mhover,.btn-light.btn-lg[33m:[39m[31m[91mhover[33m{[39m[31m[91mbox-shadow[33m:[39m[31m[91m-3.5px -7px 0 0 [35m#bbb,2.5px[39m[31m[91m 6.125px 0 0 [35m#bbb,-3.5px[39m[31m[91m 6.125px 0 0 [35m#bbb,2.5px[39m[31m[91m -7px 0 0 [35m#bbb[39m[31m[91m[33m;[39m[31m[91mcolor[33m:[39m[31m[91m[35m#fff[39m[31m[91m[33m;[39m[31m[91mborder-color[33m:[39m[31m[91m[35m#fff[39m[31m[91m[33m;[39m[31m[91mbackground-color[33m:[39m[31m[91m[35m#bbb[39m[31m[91m[33m}[39m[31m[91m[33m.btn-group-lg.show>.btn-light.dropdown-toggle.btn,.btn-group-lg>.btn-light.btn[39m[31m[91m[33m:[39m[31m[91m[36mnot[39m[31m[91m[36m(:disabled)[39m[31m[91m[33m:[39m[31m[91m[36mnot[39m[31m[91m[36m(.disabled)[39m[31m[91m[33m.active,.btn-group-lg>.btn-light.btn[39m[31m[91m[33m:[39m[31m[91m[36mnot[39m[31m[91m[36m(:disabled)[39m[31m[91m[33m:[39m[31m[91m[36mnot[39m[31m[91m[36m(.disabled)[39m[31m[91m[33m:[39m[31m[91mactive,.btn-light.btn-lg[33m:[39m[31m[91m[36mnot[39m[31m[91m[36m(:disabled)[39m[31m[91m[33m:[39m[31m[91m[36mnot[39m[31m[91m[36m(.disabled)[39m[31m[91m[33m.active,.btn-light.btn-lg[39m[31m[91m[33m:[39m[31m[91m[36mnot[39m[31m[91m[36m(:disabled)[39m[31m[91m[33m:[39m[31m[91m[36mnot[39m[31m[91m[36m(.disabled)[39m[31m[91m[33m:[39m[31m[91mactive,.show>.btn-light.btn-lg.dropdown-toggle[33m{[39m[31m[91mbox-shadow[33m:[39m[31m[91m-3.5px -7px 0 0 [35m#bbb,2.5px[39m[31m[91m 6.125px 0 0 [35m#bbb,-3.5px[39m[31m[91m 6.125px 0 0 [35m#bbb,2.5px[39m[31m[91m -7px 0 0 [35m#bbb[39m[31m[91m[33m;[39m[31m[91mcolor[33m:[39m[31m[91m[35m#fff[39m[31m[91m[33m;[39m[31m[91mborder-color[33m:[39m[31m[91m[35m#fff[39m[31m[91m[33m;[39m[31m[91mbackground-color[33m:[39m[31m[91m[35m#bbb[39m[31m[91m[33m;[39m[31m[91m-webkit-filter[33m:[39m[31m[91mnone[33m;[39m[31m[91mfilter[33m:[39m[31m[91mnone[33m;[39m[31m[91mfilter[33m:[39m[31m[91mnone[33m;[39m[31m[91mposition[33m:[39m[31m[91mrelative[33m;[39m[31m[91mtop[33m:[39m[31m[91m14px[33m;[39m[31m[91mleft[33m:[39m[31m[91m8px[33m}[39m[31m[91m[33m.[39m[22m[1m[31mbs-component>.btn-dark[39m[31m[91m[33m:[39m[31m[91m[36mnot[39m[31m[91m[36m(.disabled)[39m[31m[91m[33m:[39m[31m[91m[36mnot[39m[31m[91m[36m(.btn-sm)[39m[31m[91m[33m:[39m[31m[91m[36mnot[39m[31m[91m[36m(.btn-lg)[39m[31m[91m[33m:[39m[31m[91mhover[33m{[39m[31m[91mpadding-left[33m:[39m[31m[91m0[33m;[39m[31m[91mpadding-right[33m:[39m[31m[91m0[33m}[39m[31m[91m[33m.bs-component>.btn-dark[39m[31m[91m[33m:[39m[31m[91m[36mnot[39m[31m[91m[36m(.disabled)[39m[31m[91m[33m:[39m[31m[91m[36mnot[39m[31m[91m[36m(.btn-sm)[39m[31m[91m[33m:[39m[31m[91m[36mnot[39m[31m[91m[36m(.btn-lg)[39m[31m[91m[33m:[39m[31m[91mhover[33m:[39m[31m[91mbefore[33m{[39m[31m[91mcontent[33m:[39m[31m[91m[32m'\25ba\20'[39m[31m[91m[33m}[39m[31m[91m[33m.bs-component>.btn-dark[39m[31m[91m[33m:[39m[31m[91m[36mnot[39m[31m[91m[36m(.disabled)[39m[31m[91m[33m:[39m[31m[91m[36mnot[39m[31m[91m[36m(.btn-sm)[39m[31m[91m[33m:[39m[31m[91m[36mnot[39m[31m[91m[36m(.btn-lg)[39m[31m[91m[33m:[39m[31m[91mhover[33m:[39m[31m[91mafter[33m{[39m[31m[91mcontent[33m:[39m[31m[91m[32m' \25c4'[39m[31m[91m[33m}[39m[31m[91m[33m.btn-dark[39m[31m[91m[33m{[39m[31m[91mcolor[33m:[39m[31m[91m[35m#000[39m[31m[91m[33m;[39m[31m[91mborder-color[33m:[39m[31m[91m[35m#000[39m[31m[91m[33m;[39m[31m[91mbackground-color[33m:[39m[31m[91m[35m#000[39m[31m[91m[33m}[39m[31m[91m[33m.btn-dark[39m[31m[91m[33m:[39m[31m[91mhover[33m:[39m[31m[91mafter,.btn-dark[33m:[39m[31m[91mhover[33m:[39m[31m[91mbefore[33m{[39m[31m[91mcolor[33m:[39m[31m[91m[35m#555[39m[31m[91m[33m}[39m[31m[91m[33m.btn-dark[39m[31m[91m[33m:[39m[31m[91mhover[33m{[39m[31m[91mcolor[33m:[39m[31m[91m[35m#555[39m[31m[91m[33m;[39m[31m[91mborder-color[33m:[39m[31m[91m[35m#fff[39m[31m[91m[33m}[39m[31m[91m[33m.btn-dark.focus,.btn-dark[39m[31m[91m[33m:[39m[31m[91mfocus[33m{[39m[31m[91mborder-color[33m:[39m[31m[91m[35m#fff[39m[31m[91m[33m}[39m[31m[91m[33m.btn-dark.disabled,.btn-dark[39m[31m[91m[33m:[39m[31m[91mdisabled[33m{[39m[31m[91mcolor[33m:[39m[31m[91m[35m#555[39m[31m[91m[33m;[39m[31m[91mbackground-color[33m:[39m[31m[91m[35m#bbb[39m[31m[91m[33m;[39m[31m[91mborder-color[33m:[39m[31m[91m[35m#000[39m[31m[91m[3[39m[22m[1m[31m3m}[39m[31m[91m[33m.btn-dark[39m[31m[91m[33m:[39m[31m[91m[36mnot[39m[31m[91m[36m(:disabled)[39m[31m[91m[33m:[39m[31m[91m[36mnot[39m[31m[91m[36m(.disabled)[39m[31m[91m[33m.active,.btn-dark[39m[31m[91m[33m:[39m[31m[91m[36mnot[39m[31m[91m[36m(:disabled)[39m[31m[91m[33m:[39m[31m[91m[36mnot[39m[31m[91m[36m(.disabled)[39m[31m[91m[33m:[39m[31m[91mactive,.show>.btn-dark.dropdown-toggle[33m{[39m[31m[91mcolor[33m:[39m[31m[91m[35m#000[39m[31m[91m[33m;[39m[31m[91mbackground-color[33m:[39m[31m[91m[35m#000[39m[31m[91m[33m}[39m[31m[91m[33m.btn-dark.btn-lg,.btn-group-lg>.btn-dark.btn[39m[31m[91m[33m{[39m[31m[91mbackground-color[33m:[39m[31m[91m[35m#000[39m[31m[91m[33m;[39m[31m[91mborder[33m:[39m[31m[91m[33m.875px[39m[31m[91m solid [35m#000[39m[31m[91m[33m;[39m[31m[91mmargin-top[33m:[39m[31m[91m7px[33m;[39m[31m[91mpadding-top[33m:[39m[31m[91m6.125px[33m;[39m[31m[91mpadding-bottom[33m:[39m[31m[91m7px[33m;[39m[31m[91mmargin-bottom[33m:[39m[31m[91m6.125px[33m;[39m[31m[91mborder-left-width[33m:[39m[31m[91m2px[33m;[39m[31m[91mborder-right-width[33m:[39m[31m[91m2px[33m;[39m[31m[91mmargin-left[33m:[39m[31m[91m3.5px[33m;[39m[31m[91mpadding-left[33m:[39m[31m[91m10.5px[33m;[39m[31m[91mpadding-right[33m:[39m[31m[91m11.5px[33m;[39m[31m[91mmargin-right[33m:[39m[31m[91m2.5px[33m;[39m[31m[91mbox-shadow[33m:[39m[31m[91m-3.5px -7px 0 0 [35m#000,2.5px[39m[31m[91m 6.125px 0 0 [35m#000,-3.5px[39m[31m[91m 6.125px 0 0 [35m#000,2.5px[39m[31m[91m -7px 0 0 [35m#000[39m[31m[91m[33m;[39m[31m[91m-webkit-filter[33m:[39m[31m[91m[36mdrop-shadow[39m[31m[91m[36m(7px 8px 0 #000)[39m[31m[91m[33m;[39m[31m[91mfilter[33m:[39m[31m[91m[36mdrop-shadow[39m[31m[91m[36m(7px 8px 0 #000)[39m[31m[91m[33m;[39m[31m[91mmargin-right[33m:[39m[31m[91m10.5px[33m;[39m[31m[91mmargin-bottom[33m:[39m[31m[91m20px[33m}[39m[31m[91m[33m.btn-dark.btn-lg[39m[31m[91m[33m:[39m[31m[91mhover,.btn-group-lg>.btn-dark.btn[33m:[39m[31m[91mhover[33m{[39m[31m[91mbox-shadow[33m:[39m[31m[91m-3.5px -7px 0 0 [35m#000,2.5px[39m[31m[91m 6.125px 0 0 [35m#000,-3.5px[39m[31m[91m 6.125px 0 0 [35m#000,2.5px[39m[31m[91m -7px 0 0 [35m#000[39m[31m[39m[22m[1m[31m[91m[33m;[39m[31m[91mcolor[33m:[39m[31m[91m[35m#fff[39m[31m[91m[33m;[39m[31m[91mborder-color[33m:[39m[31m[91m[35m#fff[39m[31m[91m[33m;[39m[31m[91mbackground-color[33m:[39m[31m[91m[35m#000[39m[31m[91m[33m}[39m[31m[91m[33m.btn-dark.btn-lg[39m[31m[91m[33m:[39m[31m[91m[36mnot[39m[31m[91m[36m(:disabled)[39m[31m[91m[33m:[39m[31m[91m[36mnot[39m[31m[91m[36m(.disabled)[39m[31m[91m[33m.active,.btn-dark.btn-lg[39m[31m[91m[33m:[39m[31m[91m[36mnot[39m[31m[91m[36m(:disabled)[39m[31m[91m[33m:[39m[31m[91m[36mnot[39m[31m[91m[36m(.disabled)[39m[31m[91m[33m:[39m[31m[91mactive,.btn-group-lg.show>.btn-dark.dropdown-toggle.btn,.btn-group-lg>.btn-dark.btn[33m:[39m[31m[91m[36mnot[39m[31m[91m[36m(:disabled)[39m[31m[91m[33m:[39m[31m[91m[36mnot[39m[31m[91m[36m(.disabled)[39m[31m[91m[33m.active,.btn-group-lg>.btn-dark.btn[39m[31m[91m[33m:[39m[31m[91m[36mnot[39m[31m[91m[36m(:disabled)[39m[31m[91m[33m:[39m[31m[91m[36mnot[39m[31m[91m[36m(.disabled)[39m[31m[91m[33m:[39m[31m[91mactive,.show>.btn-dark.btn-lg.dropdown-toggle[33m{[39m[31m[91mbox-shadow[33m:[39m[31m[91m-3.5px -7px 0 0 [35m#000,2.5px[39m[31m[91m 6.125px 0 0 [35m#000,-3.5px[39m[31m[91m 6.125px 0 0 [35m#000,2.5px[39m[31m[91m -7px 0 0 [35m#000[39m[31m[91m[33m;[39m[31m[91mcolor[33m:[39m[31m[91m[35m#fff[39m[31m[91m[33m;[39m[31m[91mborder-color[33m:[39m[31m[91m[35m#fff[39m[31m[91m[33m;[39m[31m[91mbackground-color[33m:[39m[31m[91m[35m#000[39m[31m[91m[33m;[39m[31m[91m-webkit-filter[33m:[39m[31m[91mnone[33m;[39m[31m[91mfilter[33m:[39m[31m[91mnone[33m;[39m[31m[91mfilter[33m:[39m[31m[91mnone[33m;[39m[31m[91mposition[33m:[39m[31m[91mrelative[33m;[39m[31m[91mtop[33m:[39m[31m[91m14px[33m;[39m[31m[91mleft[33m:[39m[31m[91m8px[33m}[39m[31m[91m[33m.btn-outline-primary[39m[31m[91m[33m{[39m[31m[91mcolor[33m:[39m[31m[91m[35m#fff[39m[31m[91m[33m;[39m[31m[91mborder-color[33m:[39m[31m[91m[35m#fff[39m[31m[91m[33m;[39m[31m[91mbackground[33m:[39m[31m[91m0 0[33m;[39m[31m[91mborder[33m:[39m[31m[91m[33m.875px[39m[31m[91m solid [35m#fff[39m[31m[91m[33m;[39m[31m[91mmargin-top[33m:[39m[31m[91m7px[33m;[39m[31m[91mpadding-top[33m:[39m[31m[91m6.125px[33[39m[22m[1m[31mm;[39m[31m[91mpadding-bottom[33m:[39m[31m[91m7px[33m;[39m[31m[91mmargin-bottom[33m:[39m[31m[91m6.125px[33m;[39m[31m[91mborder-left-width[33m:[39m[31m[91m2px[33m;[39m[31m[91mborder-right-width[33m:[39m[31m[91m2px[33m;[39m[31m[91mmargin-left[33m:[39m[31m[91m3.5px[33m;[39m[31m[91mpadding-left[33m:[39m[31m[91m10.5px[33m;[39m[31m[91mpadding-right[33m:[39m[31m[91m11.5px[33m;[39m[31m[91mmargin-right[33m:[39m[31m[91m2.5px[33m}[39m[31m[91m[33m.btn-outline-primary[39m[31m[91m[33m:[39m[31m[91mhover[33m{[39m[31m[91mborder[33m:[39m[31m[91m[33m.875px[39m[31m[91m solid [35m#555[39m[31m[91m[33m;[39m[31m[91mmargin-top[33m:[39m[31m[91m7px[33m;[39m[31m[91mpadding-top[33m:[39m[31m[91m6.125px[33m;[39m[31m[91mpadding-bottom[33m:[39m[31m[91m7px[33m;[39m[31m[91mmargin-bottom[33m:[39m[31m[91m6.125px[33m;[39m[31m[91mborder-left-width[33m:[39m[31m[91m2px[33m;[39m[31m[91mborder-right-width[33m:[39m[31m[91m2px[33m;[39m[31m[91mmargin-left[33m:[39m[31m[91m3.5px[33m;[39m[31m[91mpadding-left[33m:[39m[31m[91m10.5px[33m;[39m[31m[91mpadding-right[33m:[39m[31m[91m11.5px[33m;[39m[31m[91mmargin-right[33m:[39m[31m[91m2.5px[33m;[39m[31m[91mcolor[33m:[39m[31m[91m[35m#fff[39m[31m[91m[33m}[39m[31m[91m[33m.btn-outline-primary.disabled,.btn-outline-primary[39m[31m[91m[33m:[39m[31m[91mdisabled[33m{[39m[31m[91mcolor[33m:[39m[31m[91m[35m#bbb[39m[31m[91m[33m}[39m[31m[91m[33m.btn-outline-primary[39m[31m[91m[33m:[39m[31m[91m[36mnot[39m[31m[91m[36m(:disabled)[39m[31m[91m[33m:[39m[31m[91m[36mnot[39m[31m[91m[36m(.disabled)[39m[31m[91m[33m.active,.btn-outline-primary[39m[31m[91m[33m:[39m[31m[91m[36mnot[39m[31m[91m[36m(:disabled)[39m[31m[91m[33m:[39m[31m[91m[36mnot[39m[31m[91m[36m(.disabled)[39m[31m[91m[33m:[39m[31m[91mactive,.show>.btn-outline-primary.dropdown-toggle[33m{[39m[31m[91mcolor[33m:[39m[31m[91m[35m#fff[39m[31m[91m[33m;[39m[31m[91mborder-color[33m:[39m[31m[91m[35m#bbb[39m[31m[91m[33m}[39m[31m[91m[33m.btn-outline-secondary[39m[31m[91m[33m{[39m[31m[91mcolor[33m:[39m[31m[91m[35m#fff[39m[31m[91m[33m;[39m[31m[91mborder-color[33m:[39m[31m[91m[35m#fff[39m[31m[91m[33m;[39m[31m[91mbackground[33m:[39m[31m[39m[22m[1m[31m[91m0 0[33m;[39m[31m[91mborder[33m:[39m[31m[91m[33m.875px[39m[31m[91m solid [35m#fff[39m[31m[91m[33m;[39m[31m[91mmargin-top[33m:[39m[31m[91m7px[33m;[39m[31m[91mpadding-top[33m:[39m[31m[91m6.125px[33m;[39m[31m[91mpadding-bottom[33m:[39m[31m[91m7px[33m;[39m[31m[91mmargin-bottom[33m:[39m[31m[91m6.125px[33m;[39m[31m[91mborder-left-width[33m:[39m[31m[91m2px[33m;[39m[31m[91mborder-right-width[33m:[39m[31m[91m2px[33m;[39m[31m[91mmargin-left[33m:[39m[31m[91m3.5px[33m;[39m[31m[91mpadding-left[33m:[39m[31m[91m10.5px[33m;[39m[31m[91mpadding-right[33m:[39m[31m[91m11.5px[33m;[39m[31m[91mmargin-right[33m:[39m[31m[91m2.5px[33m}[39m[31m[91m[33m.btn-outline-secondary[39m[31m[91m[33m:[39m[31m[91mhover[33m{[39m[31m[91mborder[33m:[39m[31m[91m[33m.875px[39m[31m[91m solid [35m#555[39m[31m[91m[33m;[39m[31m[91mmargin-top[33m:[39m[31m[91m7px[33m;[39m[31m[91mpadding-top[33m:[39m[31m[91m6.125px[33m;[39m[31m[91mpadding-bottom[33m:[39m[31m[91m7px[33m;[39m[31m[91mmargin-bottom[33m:[39m[31m[91m6.125px[33m;[39m[31m[91mborder-left-width[33m:[39m[31m[91m2px[33m;[39m[31m[91mborder-right-width[33m:[39m[31m[91m2px[33m;[39m[31m[91mmargin-left[33m:[39m[31m[91m3.5px[33m;[39m[31m[91mpadding-left[33m:[39m[31m[91m10.5px[33m;[39m[31m[91mpadding-right[33m:[39m[31m[91m11.5px[33m;[39m[31m[91mmargin-right[33m:[39m[31m[91m2.5px[33m;[39m[31m[91mcolor[33m:[39m[31m[91m[35m#fff[39m[31m[91m[33m}[39m[31m[91m[33m.btn-outline-secondary.disabled,.btn-outline-secondary[39m[31m[91m[33m:[39m[31m[91mdisabled[33m{[39m[31m[91mcolor[33m:[39m[31m[91m[35m#bbb[39m[31m[91m[33m}[39m[31m[91m[33m.btn-outline-secondary[39m[31m[91m[33m:[39m[31m[91m[36mnot[39m[31m[91m[36m(:disabled)[39m[31m[91m[33m:[39m[31m[91m[36mnot[39m[31m[91m[36m(.disabled)[39m[31m[91m[33m.active,.btn-outline-secondary[39m[31m[91m[33m:[39m[31m[91m[36mnot[39m[31m[91m[36m(:disabled)[39m[31m[91m[33m:[39m[31m[91m[36mnot[39m[31m[91m[36m(.disabled)[39m[31m[91m[33m:[39m[31m[91mactive,.show>.btn-outline-secondary.dropdown-toggle[33m{[39m[31m[91mcolor[33m:[39m[31m[91m[35m#fff[39m[31m[91m[33m;[39m[31m[91mborder-color[33m:[39m[31m[91m[35m#bbb[39m[31m[91m[33m[39m[22m[1m[31m}[39m[31m[91m[33m.btn-outline-success[39m[31m[91m[33m{[39m[31m[91mcolor[33m:[39m[31m[91m[35m#5f5[39m[31m[91m[33m;[39m[31m[91mborder-color[33m:[39m[31m[91m[35m#5f5[39m[31m[91m[33m;[39m[31m[91mbackground[33m:[39m[31m[91m0 0[33m;[39m[31m[91mborder[33m:[39m[31m[91m[33m.875px[39m[31m[91m solid [35m#5f5[39m[31m[91m[33m;[39m[31m[91mmargin-top[33m:[39m[31m[91m7px[33m;[39m[31m[91mpadding-top[33m:[39m[31m[91m6.125px[33m;[39m[31m[91mpadding-bottom[33m:[39m[31m[91m7px[33m;[39m[31m[91mmargin-bottom[33m:[39m[31m[91m6.125px[33m;[39m[31m[91mborder-left-width[33m:[39m[31m[91m2px[33m;[39m[31m[91mborder-right-width[33m:[39m[31m[91m2px[33m;[39m[31m[91mmargin-left[33m:[39m[31m[91m3.5px[33m;[39m[31m[91mpadding-left[33m:[39m[31m[91m10.5px[33m;[39m[31m[91mpadding-right[33m:[39m[31m[91m11.5px[33m;[39m[31m[91mmargin-right[33m:[39m[31m[91m2.5px[33m}[39m[31m[91m[33m.btn-outline-success[39m[31m[91m[33m:[39m[31m[91mhover[33m{[39m[31m[91mborder[33m:[39m[31m[91m[33m.875px[39m[31m[91m solid [35m#0a0[39m[31m[91m[33m;[39m[31m[91mmargin-top[33m:[39m[31m[91m7px[33m;[39m[31m[91mpadding-top[33m:[39m[31m[91m6.125px[33m;[39m[31m[91mpadding-bottom[33m:[39m[31m[91m7px[33m;[39m[31m[91mmargin-bottom[33m:[39m[31m[91m6.125px[33m;[39m[31m[91mborder-left-width[33m:[39m[31m[91m2px[33m;[39m[31m[91mborder-right-width[33m:[39m[31m[91m2px[33m;[39m[31m[91mmargin-left[33m:[39m[31m[91m3.5px[33m;[39m[31m[91mpadding-left[33m:[39m[31m[91m10.5px[33m;[39m[31m[91mpadding-right[33m:[39m[31m[91m11.5px[33m;[39m[31m[91mmargin-right[33m:[39m[31m[91m2.5px[33m;[39m[31m[91mcolor[33m:[39m[31m[91m[35m#fff[39m[31m[91m[33m}[39m[31m[91m[33m.btn-outline-success.disabled,.btn-outline-success[39m[31m[91m[33m:[39m[31m[91mdisabled[33m{[39m[31m[91mcolor[33m:[39m[31m[91m[35m#0a0[39m[31m[91m[33m}[39m[31m[91m[33m.btn-outline-success[39m[31m[91m[33m:[39m[31m[91m[36mnot[39m[31m[91m[36m(:disabled)[39m[31m[91m[33m:[39m[31m[91m[36mnot[39m[31m[91m[36m(.disabled)[39m[31m[91m[33m.active,.btn-outline-success[39m[31m[91m[33m:[39m[31m[91m[36mnot[39m[31m[91m[36m(:disabled)[39m[31m[91m[33m:[39m[31m[91m[36mnot[39m[31m[91m[36m(.disabled)[39m[31m[91[39m[22m[1m[31mm[33m:[39m[31m[91mactive,.show>.btn-outline-success.dropdown-toggle[33m{[39m[31m[91mcolor[33m:[39m[31m[91m[35m#5f5[39m[31m[91m[33m;[39m[31m[91mborder-color[33m:[39m[31m[91m[35m#0a0[39m[31m[91m[33m}[39m[31m[91m[33m.btn-outline-info[39m[31m[91m[33m{[39m[31m[91mcolor[33m:[39m[31m[91m[35m#5ff[39m[31m[91m[33m;[39m[31m[91mborder-color[33m:[39m[31m[91m[35m#5ff[39m[31m[91m[33m;[39m[31m[91mbackground[33m:[39m[31m[91m0 0[33m;[39m[31m[91mborder[33m:[39m[31m[91m[33m.875px[39m[31m[91m solid [35m#5ff[39m[31m[91m[33m;[39m[31m[91mmargin-top[33m:[39m[31m[91m7px[33m;[39m[31m[91mpadding-top[33m:[39m[31m[91m6.125px[33m;[39m[31m[91mpadding-bottom[33m:[39m[31m[91m7px[33m;[39m[31m[91mmargin-bottom[33m:[39m[31m[91m6.125px[33m;[39m[31m[91mborder-left-width[33m:[39m[31m[91m2px[33m;[39m[31m[91mborder-right-width[33m:[39m[31m[91m2px[33m;[39m[31m[91mmargin-left[33m:[39m[31m[91m3.5px[33m;[39m[31m[91mpadding-left[33m:[39m[31m[91m10.5px[33m;[39m[31m[91mpadding-right[33m:[39m[31m[91m11.5px[33m;[39m[31m[91mmargin-right[33m:[39m[31m[91m2.5px[33m}[39m[31m[91m[33m.btn-outline-info[39m[31m[91m[33m:[39m[31m[91mhover[33m{[39m[31m[91mborder[33m:[39m[31m[91m[33m.875px[39m[31m[91m solid [35m#0aa[39m[31m[91m[33m;[39m[31m[91mmargin-top[33m:[39m[31m[91m7px[33m;[39m[31m[91mpadding-top[33m:[39m[31m[91m6.125px[33m;[39m[31m[91mpadding-bottom[33m:[39m[31m[91m7px[33m;[39m[31m[91mmargin-bottom[33m:[39m[31m[91m6.125px[33m;[39m[31m[91mborder-left-width[33m:[39m[31m[91m2px[33m;[39m[31m[91mborder-right-width[33m:[39m[31m[91m2px[33m;[39m[31m[91mmargin-left[33m:[39m[31m[91m3.5px[33m;[39m[31m[91mpadding-left[33m:[39m[31m[91m10.5px[33m;[39m[31m[91mpadding-right[33m:[39m[31m[91m11.5px[33m;[39m[31m[91mmargin-right[33m:[39m[31m[91m2.5px[33m;[39m[31m[91mcolor[33m:[39m[31m[91m[35m#fff[39m[31m[91m[33m}[39m[31m[91m[33m.btn-outline-info.disabled,.btn-outline-info[39m[31m[91m[33m:[39m[31m[91mdisabled[33m{[39m[31m[91mcolor[33m:[39m[31m[91m[35m#0aa[39m[31m[91m[33m}[39m[31m[91m[33m.btn-outline-info[39m[31m[91m[33m:[39m[31m[91m[36mnot[39m[31m[91m[36m(:disabled)[39m[31m[91m[33m:[39m[31m[91m[36mnot[39m[31m[91m[36m(.disabl[39m[22m[1m[31med)[39m[31m[91m[33m.active,.btn-outline-info[39m[31m[91m[33m:[39m[31m[91m[36mnot[39m[31m[91m[36m(:disabled)[39m[31m[91m[33m:[39m[31m[91m[36mnot[39m[31m[91m[36m(.disabled)[39m[31m[91m[33m:[39m[31m[91mactive,.show>.btn-outline-info.dropdown-toggle[33m{[39m[31m[91mcolor[33m:[39m[31m[91m[35m#5ff[39m[31m[91m[33m;[39m[31m[91mborder-color[33m:[39m[31m[91m[35m#0aa[39m[31m[91m[33m}[39m[31m[91m[33m.btn-outline-warning[39m[31m[91m[33m{[39m[31m[91mcolor[33m:[39m[31m[91m[35m#ff5[39m[31m[91m[33m;[39m[31m[91mborder-color[33m:[39m[31m[91m[35m#ff5[39m[31m[91m[33m;[39m[31m[91mbackground[33m:[39m[31m[91m0 0[33m;[39m[31m[91mborder[33m:[39m[31m[91m[33m.875px[39m[31m[91m solid [35m#ff5[39m[31m[91m[33m;[39m[31m[91mmargin-top[33m:[39m[31m[91m7px[33m;[39m[31m[91mpadding-top[33m:[39m[31m[91m6.125px[33m;[39m[31m[91mpadding-bottom[33m:[39m[31m[91m7px[33m;[39m[31m[91mmargin-bottom[33m:[39m[31m[91m6.125px[33m;[39m[31m[91mborder-left-width[33m:[39m[31m[91m2px[33m;[39m[31m[91mborder-right-width[33m:[39m[31m[91m2px[33m;[39m[31m[91mmargin-left[33m:[39m[31m[91m3.5px[33m;[39m[31m[91mpadding-left[33m:[39m[31m[91m10.5px[33m;[39m[31m[91mpadding-right[33m:[39m[31m[91m11.5px[33m;[39m[31m[91mmargin-right[33m:[39m[31m[91m2.5px[33m}[39m[31m[91m[33m.btn-outline-warning[39m[31m[91m[33m:[39m[31m[91mhover[33m{[39m[31m[91mborder[33m:[39m[31m[91m[33m.875px[39m[31m[91m solid [35m#a50[39m[31m[91m[33m;[39m[31m[91mmargin-top[33m:[39m[31m[91m7px[33m;[39m[31m[91mpadding-top[33m:[39m[31m[91m6.125px[33m;[39m[31m[91mpadding-bottom[33m:[39m[31m[91m7px[33m;[39m[31m[91mmargin-bottom[33m:[39m[31m[91m6.125px[33m;[39m[31m[91mborder-left-width[33m:[39m[31m[91m2px[33m;[39m[31m[91mborder-right-width[33m:[39m[31m[91m2px[33m;[39m[31m[91mmargin-left[33m:[39m[31m[91m3.5px[33m;[39m[31m[91mpadding-left[33m:[39m[31m[91m10.5px[33m;[39m[31m[91mpadding-right[33m:[39m[31m[91m11.5px[33m;[39m[31m[91mmargin-right[33m:[39m[31m[91m2.5px[33m;[39m[31m[91mcolor[33m:[39m[31m[91m[35m#fff[39m[31m[91m[33m}[39m[31m[91m[33m.btn-outline-warning.disabled,.btn-outline-warning[39m[31m[91m[33m:[39m[31m[91mdisabled[33m{[39m[31m[91mcolor[33m:[3[39m[22m[1m[31m9m[91m[35m#a50[39m[31m[91m[33m}[39m[31m[91m[33m.btn-outline-warning[39m[31m[91m[33m:[39m[31m[91m[36mnot[39m[31m[91m[36m(:disabled)[39m[31m[91m[33m:[39m[31m[91m[36mnot[39m[31m[91m[36m(.disabled)[39m[31m[91m[33m.active,.btn-outline-warning[39m[31m[91m[33m:[39m[31m[91m[36mnot[39m[31m[91m[36m(:disabled)[39m[31m[91m[33m:[39m[31m[91m[36mnot[39m[31m[91m[36m(.disabled)[39m[31m[91m[33m:[39m[31m[91mactive,.show>.btn-outline-warning.dropdown-toggle[33m{[39m[31m[91mcolor[33m:[39m[31m[91m[35m#ff5[39m[31m[91m[33m;[39m[31m[91mborder-color[33m:[39m[31m[91m[35m#a50[39m[31m[91m[33m}[39m[31m[91m[33m.btn-outline-danger[39m[31m[91m[33m{[39m[31m[91mcolor[33m:[39m[31m[91m[35m#f55[39m[31m[91m[33m;[39m[31m[91mborder-color[33m:[39m[31m[91m[35m#f55[39m[31m[91m[33m;[39m[31m[91mbackground[33m:[39m[31m[91m0 0[33m;[39m[31m[91mborder[33m:[39m[31m[91m[33m.875px[39m[31m[91m solid [35m#f55[39m[31m[91m[33m;[39m[31m[91mmargin-top[33m:[39m[31m[91m7px[33m;[39m[31m[91mpadding-top[33m:[39m[31m[91m6.125px[33m;[39m[31m[91mpadding-bottom[33m:[39m[31m[91m7px[33m;[39m[31m[91mmargin-bottom[33m:[39m[31m[91m6.125px[33m;[39m[31m[91mborder-left-width[33m:[39m[31m[91m2px[33m;[39m[31m[91mborder-right-width[33m:[39m[31m[91m2px[33m;[39m[31m[91mmargin-left[33m:[39m[31m[91m3.5px[33m;[39m[31m[91mpadding-left[33m:[39m[31m[91m10.5px[33m;[39m[31m[91mpadding-right[33m:[39m[31m[91m11.5px[33m;[39m[31m[91mmargin-right[33m:[39m[31m[91m2.5px[33m}[39m[31m[91m[33m.btn-outline-danger[39m[31m[91m[33m:[39m[31m[91mhover[33m{[39m[31m[91mborder[33m:[39m[31m[91m[33m.875px[39m[31m[91m solid [35m#a00[39m[31m[91m[33m;[39m[31m[91mmargin-top[33m:[39m[31m[91m7px[33m;[39m[31m[91mpadding-top[33m:[39m[31m[91m6.125px[33m;[39m[31m[91mpadding-bottom[33m:[39m[31m[91m7px[33m;[39m[31m[91mmargin-bottom[33m:[39m[31m[91m6.125px[33m;[39m[31m[91mborder-left-width[33m:[39m[31m[91m2px[33m;[39m[31m[91mborder-right-width[33m:[39m[31m[91m2px[33m;[39m[31m[91mmargin-left[33m:[39m[31m[91m3.5px[33m;[39m[31m[91mpadding-left[33m:[39m[31m[91m10.5px[33m;[39m[31m[91mpadding-right[33m:[39m[31m[91m11.5px[33m;[39m[31m[91mmargin-right[33m:[39m[31m[91m2.5px[3[39m[22m[1m[31m3m;[39m[31m[91mcolor[33m:[39m[31m[91m[35m#fff[39m[31m[91m[33m}[39m[31m[91m[33m.btn-outline-danger.disabled,.btn-outline-danger[39m[31m[91m[33m:[39m[31m[91mdisabled[33m{[39m[31m[91mcolor[33m:[39m[31m[91m[35m#a00[39m[31m[91m[33m}[39m[31m[91m[33m.btn-outline-danger[39m[31m[91m[33m:[39m[31m[91m[36mnot[39m[31m[91m[36m(:disabled)[39m[31m[91m[33m:[39m[31m[91m[36mnot[39m[31m[91m[36m(.disabled)[39m[31m[91m[33m.active,.btn-outline-danger[39m[31m[91m[33m:[39m[31m[91m[36mnot[39m[31m[91m[36m(:disabled)[39m[31m[91m[33m:[39m[31m[91m[36mnot[39m[31m[91m[36m(.disabled)[39m[31m[91m[33m:[39m[31m[91mactive,.show>.btn-outline-danger.dropdown-toggle[33m{[39m[31m[91mcolor[33m:[39m[31m[91m[35m#f55[39m[31m[91m[33m;[39m[31m[91mborder-color[33m:[39m[31m[91m[35m#a00[39m[31m[91m[33m}[39m[31m[91m[33m.btn-outline-light[39m[31m[91m[33m{[39m[31m[91mbackground[33m:[39m[31m[91m0 0[33m;[39m[31m[91mborder[33m:[39m[31m[91m[33m.875px[39m[31m[91m solid[33m;[39m[31m[91mmargin-top[33m:[39m[31m[91m7px[33m;[39m[31m[91mpadding-top[33m:[39m[31m[91m6.125px[33m;[39m[31m[91mpadding-bottom[33m:[39m[31m[91m7px[33m;[39m[31m[91mmargin-bottom[33m:[39m[31m[91m6.125px[33m;[39m[31m[91mborder-left-width[33m:[39m[31m[91m2px[33m;[39m[31m[91mborder-right-width[33m:[39m[31m[91m2px[33m;[39m[31m[91mmargin-left[33m:[39m[31m[91m3.5px[33m;[39m[31m[91mpadding-left[33m:[39m[31m[91m10.5px[33m;[39m[31m[91mpadding-right[33m:[39m[31m[91m11.5px[33m;[39m[31m[91mmargin-right[33m:[39m[31m[91m2.5px[33m}[39m[31m[91m[33m.btn-outline-light[39m[31m[91m[33m:[39m[31m[91mhover[33m{[39m[31m[91mborder[33m:[39m[31m[91m[33m.875px[39m[31m[91m solid [35m#bbb[39m[31m[91m[33m;[39m[31m[91mmargin-top[33m:[39m[31m[91m7px[33m;[39m[31m[91mpadding-top[33m:[39m[31m[91m6.125px[33m;[39m[31m[91mpadding-bottom[33m:[39m[31m[91m7px[33m;[39m[31m[91mmargin-bottom[33m:[39m[31m[91m6.125px[33m;[39m[31m[91mborder-left-width[33m:[39m[31m[91m2px[33m;[39m[31m[91mborder-right-width[33m:[39m[31m[91m2px[33m;[39m[31m[91mmargin-left[33m:[39m[31m[91m3.5px[33m;[39m[31m[91mpadding-left[33m:[39m[31m[91m10.5px[33m;[39m[31m[91mpadding-right[33m:[39m[31m[91m11.5px[33m;[39[39m[22m[1m[31mm[91mmargin-right[33m:[39m[31m[91m2.5px[33m;[39m[31m[91mcolor[33m:[39m[31m[91m[35m#fff[39m[31m[91m[33m}[39m[31m[91m[33m.btn-outline-light.disabled,.btn-outline-light[39m[31m[91m[33m:[39m[31m[91mdisabled[33m{[39m[31m[91mcolor[33m:[39m[31m[91m[35m#fff[39m[31m[91m[33m}[39m[31m[91m[33m.btn-outline-light[39m[31m[91m[33m:[39m[31m[91m[36mnot[39m[31m[91m[36m(:disabled)[39m[31m[91m[33m:[39m[31m[91m[36mnot[39m[31m[91m[36m(.disabled)[39m[31m[91m[33m.active,.btn-outline-light[39m[31m[91m[33m:[39m[31m[91m[36mnot[39m[31m[91m[36m(:disabled)[39m[31m[91m[33m:[39m[31m[91m[36mnot[39m[31m[91m[36m(.disabled)[39m[31m[91m[33m:[39m[31m[91mactive,.show>.btn-outline-light.dropdown-toggle[33m{[39m[31m[91mborder-color[33m:[39m[31m[91m[35m#fff[39m[31m[91m[33m}[39m[31m[91m[33m.btn-outline-dark[39m[31m[91m[33m{[39m[31m[91mcolor[33m:[39m[31m[91m[35m#555[39m[31m[91m[33m;[39m[31m[91mborder-color[33m:[39m[31m[91m[35m#555[39m[31m[91m[33m;[39m[31m[91mbackground[33m:[39m[31m[91m0 0[33m;[39m[31m[91mborder[33m:[39m[31m[91m[33m.875px[39m[31m[91m solid [35m#555[39m[31m[91m[33m;[39m[31m[91mmargin-top[33m:[39m[31m[91m7px[33m;[39m[31m[91mpadding-top[33m:[39m[31m[91m6.125px[33m;[39m[31m[91mpadding-bottom[33m:[39m[31m[91m7px[33m;[39m[31m[91mmargin-bottom[33m:[39m[31m[91m6.125px[33m;[39m[31m[91mborder-left-width[33m:[39m[31m[91m2px[33m;[39m[31m[91mborder-right-width[33m:[39m[31m[91m2px[33m;[39m[31m[91mmargin-left[33m:[39m[31m[91m3.5px[33m;[39m[31m[91mpadding-left[33m:[39m[31m[91m10.5px[33m;[39m[31m[91mpadding-right[33m:[39m[31m[91m11.5px[33m;[39m[31m[91mmargin-right[33m:[39m[31m[91m2.5px[33m}[39m[31m[91m[33m.btn-outline-dark[39m[31m[91m[33m:[39m[31m[91mhover[33m{[39m[31m[91mborder[33m:[39m[31m[91m[33m.875px[39m[31m[91m solid [35m#000[39m[31m[91m[33m;[39m[31m[91mmargin-top[33m:[39m[31m[91m7px[33m;[39m[31m[91mpadding-top[33m:[39m[31m[91m6.125px[33m;[39m[31m[91mpadding-bottom[33m:[39m[31m[91m7px[33m;[39m[31m[91mmargin-bottom[33m:[39m[31m[91m6.125px[33m;[39m[31m[91mborder-left-width[33m:[39m[31m[91m2px[33m;[39m[31m[91mborder-right-width[33m:[39m[31m[91m2px[33m;[39m[31m[91mmargin-left[33m:[39m[31m[9[39m[22m[1m[31m1m3.5px[33m;[39m[31m[91mpadding-left[33m:[39m[31m[91m10.5px[33m;[39m[31m[91mpadding-right[33m:[39m[31m[91m11.5px[33m;[39m[31m[91mmargin-right[33m:[39m[31m[91m2.5px[33m;[39m[31m[91mcolor[33m:[39m[31m[91m[35m#fff[39m[31m[91m[33m}[39m[31m[91m[33m.btn-outline-dark.disabled,.btn-outline-dark[39m[31m[91m[33m:[39m[31m[91mdisabled[33m{[39m[31m[91mcolor[33m:[39m[31m[91m[35m#000[39m[31m[91m[33m}[39m[31m[91m[33m.btn-outline-dark[39m[31m[91m[33m:[39m[31m[91m[36mnot[39m[31m[91m[36m(:disabled)[39m[31m[91m[33m:[39m[31m[91m[36mnot[39m[31m[91m[36m(.disabled)[39m[31m[91m[33m.active,.btn-outline-dark[39m[31m[91m[33m:[39m[31m[91m[36mnot[39m[31m[91m[36m(:disabled)[39m[31m[91m[33m:[39m[31m[91m[36mnot[39m[31m[91m[36m(.disabled)[39m[31m[91m[33m:[39m[31m[91mactive,.show>.btn-outline-dark.dropdown-toggle[33m{[39m[31m[91mcolor[33m:[39m[31m[91m[35m#555[39m[31m[91m[33m;[39m[31m[91mborder-color[33m:[39m[31m[91m[35m#000[39m[31m[91m[33m}[39m[31m[91m[33m.btn-link[39m[31m[91m[33m{[39m[31m[91mfont-weight[33m:[39m[31m[91m400[33m;[39m[31m[91mcolor[33m:[39m[31m[91m[35m#ff5[39m[31m[91m[33m;[39m[31m[91mbackground[33m:[39m[31m[91m0 0[33m}[39m[31m[91m[33m.btn-link[39m[31m[91m[33m:[39m[31m[91mhover[33m{[39m[31m[91mcolor[33m:[39m[31m[91m[35m#bbb[39m[31m[91m[33m;[39m[31m[91mbackground-color[33m:[39m[31m[91m[35m#000[39m[31m[91m[33m}[39m[31m[91m[33m.btn-link[39m[31m[91m[33m:[39m[31m[91mafter,.btn-link[33m:[39m[31m[91mbefore[33m{[39m[31m[91mcontent[33m:[39m[31m[91m[32m'_'[39m[31m[91m[33m}[39m[31m[91m[33m.btn-link.disabled,.btn-link[39m[31m[91m[33m:[39m[31m[91mdisabled[33m{[39m[31m[91mcolor[33m:[39m[31m[91m[35m#555[39m[31m[91m[33m;[39m[31m[91mpointer-events[33m:[39m[31m[91mnone[33m}[39m[31m[91m[33m.btn-group-sm>.btn,.btn-sm[39m[31m[91m[33m{[39m[31m[91mborder[33m:[39m[31m[91m0[33m;[39m[31m[91mpadding[33m:[39m[31m[91m0[33m;[39m[31m[91mbox-shadow[33m:[39m[31m[91mnone[33m;[39m[31m[91mmargin-left[33m:[39m[31m[91m0[33m}[39m[31m[91m[33m.btn-group-sm>.btn[39m[31m[91m[33m:[39m[31m[91mbefore,.btn-sm[33m:[39m[31m[91mbefore[33m{[39m[31m[91mcontent[33m:[39m[31m[91m[32m'<'[39m[31m[91m[33m}[39m[31m[91m[33m.btn-gro[39m[22m[1m[31mup-sm>.btn[39m[31m[91m[33m:[39m[31m[91mafter,.btn-sm[33m:[39m[31m[91mafter[33m{[39m[31m[91mcontent[33m:[39m[31m[91m[32m'>'[39m[31m[91m[33m}[39m[31m[91m[33m.btn-block[39m[31m[91m[33m{[39m[31m[91mdisplay[33m:[39m[31m[91mblock[33m;[39m[31m[91mwidth[33m:[39m[31m[91m[36mcalc[39m[31m[91m[36m(100% - 6px)[39m[31m[91m[33m}[39m[31m[91m[33m.btn-block+.btn-block[39m[31m[91m[33m{[39m[31m[91mmargin-top[33m:[39m[31m[91m0[33m}[39m[31m[91minput[33m[[39m[31m[91mtype=button[33m][39m[31m[91m[33m.btn-block,input[39m[31m[91m[33m[[39m[31m[91mtype=reset[33m][39m[31m[91m[33m.btn-block,input[39m[31m[91m[33m[[39m[31m[91mtype=submit[33m][39m[31m[91m[33m.btn-block[39m[31m[91m[33m{[39m[31m[91mwidth[33m:[39m[31m[91m[36mcalc[39m[31m[91m[36m(100% - 6px)[39m[31m[91m[33m}[39m[31m[91m[33m.dropdown,.dropleft,.dropright,.dropup[39m[31m[91m[33m{[39m[31m[91mposition[33m:[39m[31m[91mrelative[33m}[39m[31m[91m[33m.dropdown-toggle[39m[31m[91m[33m{[39m[31m[91mwhite-space[33m:[39m[31m[91mnowrap[33m;[39m[31m[91mpadding[33m:[39m[31m[91m0 8px[33m}[39m[31m[91m[33m.dropdown-toggle[39m[31m[91m[33m:[39m[31m[91m[33m:[39m[31m[91mafter[33m{[39m[31m[91mdisplay[33m:[39m[31m[91minline-block[33m;[39m[31m[91mcontent[33m:[39m[31m[91m[32m"\25bc"[39m[31m[91m[33m}[39m[31m[91m[33m.dropdown-toggle[39m[31m[91m[33m:[39m[31m[91mempty[33m:[39m[31m[91m[33m:[39m[31m[91mafter[33m{[39m[31m[91mmargin-left[33m:[39m[31m[91m0[33m}[39m[31m[91m[33m.dropdown-menu[39m[31m[91m[33m{[39m[31m[91mposition[33m:[39m[31m[91mabsolute[33m;[39m[31m[91mtop[33m:[39m[31m[91m100%[33m;[39m[31m[91mleft[33m:[39m[31m[91m0[33m;[39m[31m[91mz-index[33m:[39m[31m[91m1000[33m;[39m[31m[91mdisplay[33m:[39m[31m[91mnone[33m;[39m[31m[91mfloat[33m:[39m[31m[91mleft[33m;[39m[31m[91mmin-width[33m:[39m[31m[91m0[33m;[39m[31m[91mpadding[33m:[39m[31m[91m0 0[33m;[39m[31m[91mmargin[33m:[39m[31m[91m0 0 0[33m;[39m[31m[91mcolor[33m:[39m[31m[91m[35m#000[39m[31m[91m[33m;[39m[31m[91mtext-align[33m:[39m[31m[91mleft[33m;[39m[31m[91mlist-style[33m:[39m[31m[91mnone[33m;[39m[31m[91mbackground-color[33m:[39m[31m[91m[35m#bbb[39m[31m[91m[33m;[39m[31m[91mbackground-clip[33m:[39m[31m[91mpadd[39m[22m[1m[31ming-box[33m;[39m[31m[91mborder[33m:[39m[31m[91m[33m.875px[39m[31m[91m solid [35m#000[39m[31m[91m[33m;[39m[31m[91mmargin-top[33m:[39m[31m[91m7px[33m;[39m[31m[91mpadding-top[33m:[39m[31m[91m6.125px[33m;[39m[31m[91mpadding-bottom[33m:[39m[31m[91m7px[33m;[39m[31m[91mmargin-bottom[33m:[39m[31m[91m6.125px[33m;[39m[31m[91mborder-left-width[33m:[39m[31m[91m2px[33m;[39m[31m[91mborder-right-width[33m:[39m[31m[91m2px[33m;[39m[31m[91mmargin-left[33m:[39m[31m[91m3.5px[33m;[39m[31m[91mpadding-left[33m:[39m[31m[91m2.5px[33m;[39m[31m[91mpadding-right[33m:[39m[31m[91m3.5px[33m;[39m[31m[91mmargin-right[33m:[39m[31m[91m2.5px[33m;[39m[31m[91mbox-shadow[33m:[39m[31m[91m-3.5px -7px 0 0 [35m#bbb,2.5px[39m[31m[91m 6.125px 0 0 [35m#bbb,-3.5px[39m[31m[91m 6.125px 0 0 [35m#bbb,2.5px[39m[31m[91m -7px 0 0 [35m#bbb[39m[31m[91m[33m;[39m[31m[91m-webkit-filter[33m:[39m[31m[91m[36mdrop-shadow[39m[31m[91m[36m(7px 8px 0 #000)[39m[31m[91m[33m;[39m[31m[91mfilter[33m:[39m[31m[91m[36mdrop-shadow[39m[31m[91m[36m(7px 8px 0 #000)[39m[31m[91m[33m;[39m[31m[91mmargin-right[33m:[39m[31m[91m10.5px[33m}[39m[31m[91m[33m.dropdown-menu[39m[31m[91m a[33m:[39m[31m[91m[33m:[39m[31m[91mfirst-letter[33m{[39m[31m[91mcolor[33m:[39m[31m[91m[35m#fff[39m[31m[91m[33m}[39m[31m[91m[33m.dropdown-menu[39m[31m[91m a[33m:[39m[31m[91mhover[33m:[39m[31m[91m[33m:[39m[31m[91mfirst-letter[33m{[39m[31m[91mcolor[33m:[39m[31m[91m[35m#000[39m[31m[91m[33m;[39m[31m[91mbackground[33m:[39m[31m[91m[35m#fff[39m[31m[91m[33m}[39m[31m[91m[33m.dropdown-menu-left[39m[31m[91m[33m{[39m[31m[91mright[33m:[39m[31m[91mauto[33m;[39m[31m[91mleft[33m:[39m[31m[91m0[33m}[39m[31m[91m[33m.dropdown-menu-right[39m[31m[91m[33m{[39m[31m[91mright[33m:[39m[31m[91m0[33m;[39m[31m[91mleft[33m:[39m[31m[91mauto[33m}[39m[31m[91m[36m@media[39m[31m[91m[36m [39m[31m[91m[36m(min-width:576px)[39m[31m[91m[33m{[39m[31m[91m[33m.dropdown-menu-sm-left[39m[31m[91m[33m{[39m[31m[91mright[33m:[39m[31m[91mauto[33m;[39m[31m[91mleft[33m:[39m[31m[91m0[33m}[39m[31m[91m[33m.dropdown-menu-sm-right[39m[31m[91m[33m{[39m[31m[91mright[33m:[39m[31m[91m0[33m;[39m[31m[91mleft[33m:[39m[31m[[39m[22m[1m[31m91mauto[33m}[39m[31m[91m[33m}[39m[31m[91m[36m@media[39m[31m[91m[36m [39m[31m[91m[36m(min-width:768px)[39m[31m[91m[33m{[39m[31m[91m[33m.dropdown-menu-md-left[39m[31m[91m[33m{[39m[31m[91mright[33m:[39m[31m[91mauto[33m;[39m[31m[91mleft[33m:[39m[31m[91m0[33m}[39m[31m[91m[33m.dropdown-menu-md-right[39m[31m[91m[33m{[39m[31m[91mright[33m:[39m[31m[91m0[33m;[39m[31m[91mleft[33m:[39m[31m[91mauto[33m}[39m[31m[91m[33m}[39m[31m[91m[36m@media[39m[31m[91m[36m [39m[31m[91m[36m(min-width:960px)[39m[31m[91m[33m{[39m[31m[91m[33m.dropdown-menu-lg-left[39m[31m[91m[33m{[39m[31m[91mright[33m:[39m[31m[91mauto[33m;[39m[31m[91mleft[33m:[39m[31m[91m0[33m}[39m[31m[91m[33m.dropdown-menu-lg-right[39m[31m[91m[33m{[39m[31m[91mright[33m:[39m[31m[91m0[33m;[39m[31m[91mleft[33m:[39m[31m[91mauto[33m}[39m[31m[91m[33m}[39m[31m[91m[36m@media[39m[31m[91m[36m [39m[31m[91m[36m(min-width:1152px)[39m[31m[91m[33m{[39m[31m[91m[33m.dropdown-menu-xl-left[39m[31m[91m[33m{[39m[31m[91mright[33m:[39m[31m[91mauto[33m;[39m[31m[91mleft[33m:[39m[31m[91m0[33m}[39m[31m[91m[33m.dropdown-menu-xl-right[39m[31m[91m[33m{[39m[31m[91mright[33m:[39m[31m[91m0[33m;[39m[31m[91mleft[33m:[39m[31m[91mauto[33m}[39m[31m[91m[33m}[39m[31m[91m[33m.dropup[39m[31m[91m [33m.dropdown-menu[39m[31m[91m[33m{[39m[31m[91mtop[33m:[39m[31m[91mauto[33m;[39m[31m[91mbottom[33m:[39m[31m[91m100%[33m;[39m[31m[91mmargin-top[33m:[39m[31m[91m0[33m;[39m[31m[91mmargin-bottom[33m:[39m[31m[91m0[33m}[39m[31m[91m[33m.dropup[39m[31m[91m [33m.dropdown-toggle[39m[31m[91m[33m{[39m[31m[91mpadding[33m:[39m[31m[91m0 8px[33m}[39m[31m[91m[33m.dropup[39m[31m[91m [33m.dropdown-toggle[39m[31m[91m[33m:[39m[31m[91m[33m:[39m[31m[91mafter[33m{[39m[31m[91mdisplay[33m:[39m[31m[91minline-block[33m;[39m[31m[91mcontent[33m:[39m[31m[91m[32m"\25b2"[39m[31m[91m[33m}[39m[31m[91m[33m.dropup[39m[31m[91m [33m.dropdown-toggle[39m[31m[91m[33m:[39m[31m[91mempty[33m:[39m[31m[91m[33m:[39m[31m[91mafter[33m{[39m[31m[91mmargin-left[33m:[39m[31m[91m0[33m}[39m[31m[91m[33m.dropright[39m[31m[91m [33m.dropdown-menu[39m[31m[91m[33m{[39m[31m[91mtop[33m:[39m[31m[91m0[33m;[39m[31m[91mright[33m:[39m[31m[[39m[22m[1m[31m91mauto[33m;[39m[31m[91mleft[33m:[39m[31m[91m100%[33m;[39m[31m[91mmargin-top[33m:[39m[31m[91m0[33m;[39m[31m[91mmargin-left[33m:[39m[31m[91m0[33m}[39m[31m[91m[33m.dropright[39m[31m[91m [33m.dropdown-toggle[39m[31m[91m[33m{[39m[31m[91mbackground[33m:[39m[31m[91m[36murl[39m[31m[91m[36m(../fonts/arrow-down.svg)[39m[31m[91m 3px 3.6px/4.87px no-repeat [33m.dropright[39m[31m[91m [33m.dropdown-toggle[39m[31m[91m[33m}[39m[31m[91m[33m.dropright[39m[31m[91m [33m.dropdown-toggle[39m[31m[91m [33m:[39m[31m[91m[33m:[39m[31m[91mafter[33m{[39m[31m[91mvertical-align[33m:[39m[31m[91m0[33m}[39m[31m[91m[33m.dropleft[39m[31m[91m [33m.dropdown-menu[39m[31m[91m[33m{[39m[31m[91mtop[33m:[39m[31m[91m0[33m;[39m[31m[91mright[33m:[39m[31m[91m100%[33m;[39m[31m[91mleft[33m:[39m[31m[91mauto[33m;[39m[31m[91mmargin-top[33m:[39m[31m[91m0[33m;[39m[31m[91mmargin-right[33m:[39m[31m[91m0[33m}[39m[31m[91m[33m.dropleft[39m[31m[91m [33m.dropdown-toggle[39m[31m[91m[33m{[39m[31m[91mpadding[33m:[39m[31m[91m0 8px[33m}[39m[31m[91m[33m.dropleft[39m[31m[91m [33m.dropdown-toggle[39m[31m[91m[33m:[39m[31m[91m[33m:[39m[31m[91mafter[33m{[39m[31m[91mdisplay[33m:[39m[31m[91minline-block[33m}[39m[31m[91m[33m.dropleft[39m[31m[91m [33m.dropdown-toggle[39m[31m[91m[33m:[39m[31m[91m[33m:[39m[31m[91mafter[33m{[39m[31m[91mdisplay[33m:[39m[31m[91mnone[33m}[39m[31m[91m[33m.dropleft[39m[31m[91m [33m.dropdown-toggle[39m[31m[91m[33m:[39m[31m[91m[33m:[39m[31m[91mbefore[33m{[39m[31m[91mdisplay[33m:[39m[31m[91minline-block[33m;[39m[31m[91mmargin-right[33m:[39m[31m[91m8px[33m;[39m[31m[91mcontent[33m:[39m[31m[91m[32m"\25c4"[39m[31m[91m[33m}[39m[31m[91m[33m.dropleft[39m[31m[91m [33m.dropdown-toggle[39m[31m[91m[33m:[39m[31m[91mempty[33m:[39m[31m[91m[33m:[39m[31m[91mafter[33m{[39m[31m[91mmargin-left[33m:[39m[31m[91m0[33m}[39m[31m[91m[33m.dropleft[39m[31m[91m [33m.dropdown-toggle[39m[31m[91m[33m:[39m[31m[91m[33m:[39m[31m[91mbefore[33m{[39m[31m[91mvertical-align[33m:[39m[31m[91m0[33m}[39m[31m[91m[33m.dropdown-menu[39m[31m[91m[33m[[39m[31m[91mx-placement^=bottom[33m][39m[31m[91m,.dropdown-menu[33m[[39m[31m[91mx-placement^=left[3[39m[22m[1m[31m3m][39m[31m[91m,.dropdown-menu[33m[[39m[31m[91mx-placement^=right[33m][39m[31m[91m,.dropdown-menu[33m[[39m[31m[91mx-placement^=top[33m][39m[31m[91m[33m{[39m[31m[91mright[33m:[39m[31m[91mauto[33m;[39m[31m[91mbottom[33m:[39m[31m[91mauto[33m}[39m[31m[91m[33m.dropdown-divider[39m[31m[91m[33m{[39m[31m[91mheight[33m:[39m[31m[91m0[33m;[39m[31m[91mmargin[33m:[39m[31m[91m6px -3px 7px -2.5px[33m;[39m[31m[91moverflow[33m:[39m[31m[91mhidden[33m;[39m[31m[91mborder-top[33m:[39m[31m[91m1px solid [35m#000[39m[31m[91m[33m}[39m[31m[91m[33m.dropdown-item[39m[31m[91m[33m{[39m[31m[91mdisplay[33m:[39m[31m[91mblock[33m;[39m[31m[91mwidth[33m:[39m[31m[91m100%[33m;[39m[31m[91mpadding[33m:[39m[31m[91m0 8px[33m;[39m[31m[91mclear[33m:[39m[31m[91mboth[33m;[39m[31m[91mfont-weight[33m:[39m[31m[91m400[33m;[39m[31m[91mcolor[33m:[39m[31m[91m[35m#000[39m[31m[91m[33m;[39m[31m[91mtext-align[33m:[39m[31m[91minherit[33m;[39m[31m[91mwhite-space[33m:[39m[31m[91mnowrap[33m;[39m[31m[91mbackground-color[33m:[39m[31m[91mtransparent[33m;[39m[31m[91mborder[33m:[39m[31m[91m0[33m}[39m[31m[91m[33m.dropdown-item[39m[31m[91m[33m:[39m[31m[91mfocus,.dropdown-item[33m:[39m[31m[91mhover[33m{[39m[31m[91mtext-decoration[33m:[39m[31m[91mnone[33m}[39m[31m[91m[33m.dropdown-item.disabled,.dropdown-item[39m[31m[91m[33m:[39m[31m[91mdisabled[33m{[39m[31m[91mcolor[33m:[39m[31m[91m[35m#555[39m[31m[91m[33m;[39m[31m[91mpointer-events[33m:[39m[31m[91mnone[33m;[39m[31m[91mbackground-color[33m:[39m[31m[91mtransparent[33m}[39m[31m[91m[33m.dropdown-menu.show[39m[31m[91m[33m{[39m[31m[91mdisplay[33m:[39m[31m[91mblock[33m}[39m[31m[91m[33m.dropdown-header[39m[31m[91m[33m{[39m[31m[91mdisplay[33m:[39m[31m[91mblock[33m;[39m[31m[91mpadding[33m:[39m[31m[91m0 8px[33m;[39m[31m[91mmargin-bottom[33m:[39m[31m[91m0[33m;[39m[31m[91mcolor[33m:[39m[31m[91m[35m#bbb[39m[31m[91m[33m;[39m[31m[91mwhite-space[33m:[39m[31m[91mnowrap[33m}[39m[31m[91m[33m.dropdown-item-text[39m[31m[91m[33m{[39m[31m[91mdisplay[33m:[39m[31m[91mblock[33m;[39m[31m[91mpadding[33m:[39m[31m[91m0 8px[33m;[39m[31m[91mcolor[33m:[39m[31m[91m[35m#000[39m[31m[91m[33m}[39m[31m[91m[39m[22m[1m[31m[33m.btn-group,.btn-group-vertical[39m[31m[91m[33m{[39m[31m[91mposition[33m:[39m[31m[91mrelative[33m;[39m[31m[91mmargin[33m:[39m[31m[91m0[33m;[39m[31m[91mdisplay[33m:[39m[31m[91m-ms-inline-flexbox[33m;[39m[31m[91mdisplay[33m:[39m[31m[91minline-flex[33m}[39m[31m[91m[33m.btn-group-vertical>.btn,.btn-group>.btn[39m[31m[91m[33m{[39m[31m[91mposition[33m:[39m[31m[91mrelative[33m;[39m[31m[91m-ms-flex[33m:[39m[31m[91m1 1 auto[33m;[39m[31m[91mflex[33m:[39m[31m[91m1 1 auto[33m}[39m[31m[91m[33m.btn-group-vertical>.btn[39m[31m[91m[33m:[39m[31m[91mhover,.btn-group>.btn[33m:[39m[31m[91mhover[33m{[39m[31m[91mz-index[33m:[39m[31m[91m1[33m}[39m[31m[91m[33m.btn-group-vertical>.btn[39m[31m[91m[33m:[39m[31m[91m[36mnot[39m[31m[91m[36m(.dropdown-toggle)[39m[31m[91m[33m:[39m[31m[91mafter,.btn-group>.btn[33m:[39m[31m[91m[36mnot[39m[31m[91m[36m(.dropdown-toggle)[39m[31m[91m[33m:[39m[31m[91mafter[33m{[39m[31m[91mcontent[33m:[39m[31m[91m[32m""[39m[31m[91m[33m}[39m[31m[91m[33m.btn-group-vertical>.btn[39m[31m[91m[33m:[39m[31m[91mbefore,.btn-group>.btn[33m:[39m[31m[91mbefore[33m{[39m[31m[91mcontent[33m:[39m[31m[91m[32m""[39m[31m[91m[33m}[39m[31m[91m[33m.btn-group-vertical>.btn.active,.btn-group-vertical>.btn[39m[31m[91m[33m:[39m[31m[91mactive,.btn-group-vertical>.btn[33m:[39m[31m[91mfocus,.btn-group>.btn.active,.btn-group>.btn[33m:[39m[31m[91mactive,.btn-group>.btn[33m:[39m[31m[91mfocus[33m{[39m[31m[91mz-index[33m:[39m[31m[91m1[33m}[39m[31m[91m[33m.btn-toolbar[39m[31m[91m[33m{[39m[31m[91mdisplay[33m:[39m[31m[91m-ms-flexbox[33m;[39m[31m[91mdisplay[33m:[39m[31m[91mflex[33m;[39m[31m[91m-ms-flex-wrap[33m:[39m[31m[91mwrap[33m;[39m[31m[91mflex-wrap[33m:[39m[31m[91mwrap[33m;[39m[31m[91m-ms-flex-pack[33m:[39m[31m[91mstart[33m;[39m[31m[91mjustify-content[33m:[39m[31m[91mflex-start[33m}[39m[31m[91m[33m.btn-toolbar[39m[31m[91m [33m.input-group[39m[31m[91m[33m{[39m[31m[91mwidth[33m:[39m[31m[91mauto[33m}[39m[31m[91m[33m.dropdown-toggle-split[39m[31m[91m[33m{[39m[31m[91mpadding-right[33m:[39m[31m[91m0[33m;[39m[31m[91mpadding-left[33m:[39m[31m[91m0[33m}[39m[31m[91m[33m.dropdown-toggle-[39m[22m[1m[31msplit[39m[31m[91m[33m:[39m[31m[91m[33m:[39m[31m[91mafter,.dropright [33m.dropdown-toggle-split[39m[31m[91m[33m:[39m[31m[91m[33m:[39m[31m[91mafter,.dropup [33m.dropdown-toggle-split[39m[31m[91m[33m:[39m[31m[91m[33m:[39m[31m[91mafter[33m{[39m[31m[91mmargin-left[33m:[39m[31m[91m0[33m}[39m[31m[91m[33m.dropleft[39m[31m[91m [33m.dropdown-toggle-split[39m[31m[91m[33m:[39m[31m[91m[33m:[39m[31m[91mbefore[33m{[39m[31m[91mmargin-right[33m:[39m[31m[91m0[33m}[39m[31m[91m[33m.btn-group-sm>.btn+.dropdown-toggle-split,.btn-sm+.dropdown-toggle-split[39m[31m[91m[33m{[39m[31m[91mpadding-right[33m:[39m[31m[91m0[33m;[39m[31m[91mpadding-left[33m:[39m[31m[91m0[33m}[39m[31m[91m[33m.btn-group-lg>.btn+.dropdown-toggle-split,.btn-lg+.dropdown-toggle-split[39m[31m[91m[33m{[39m[31m[91mpadding-right[33m:[39m[31m[91m0[33m;[39m[31m[91mpadding-left[33m:[39m[31m[91m0[33m}[39m[31m[91m[33m.btn-group-vertical[39m[31m[91m[33m{[39m[31m[91m-ms-flex-direction[33m:[39m[31m[91mcolumn[33m;[39m[31m[91mflex-direction[33m:[39m[31m[91mcolumn[33m;[39m[31m[91m-ms-flex-align[33m:[39m[31m[91mstart[33m;[39m[31m[91malign-items[33m:[39m[31m[91mflex-start[33m;[39m[31m[91m-ms-flex-pack[33m:[39m[31m[91mcenter[33m;[39m[31m[91mjustify-content[33m:[39m[31m[91mcenter[33m}[39m[31m[91m[33m.btn-group-vertical>.btn,.btn-group-vertical>.btn-group[39m[31m[91m[33m{[39m[31m[91mwidth[33m:[39m[31m[91m100%[33m}[39m[31m[91m[33m.btn-group-toggle>.btn,.btn-group-toggle>.btn-group>.btn[39m[31m[91m[33m{[39m[31m[91mmargin-bottom[33m:[39m[31m[91m0[33m}[39m[31m[91m[33m.btn-group-toggle>.btn[39m[31m[91m input[33m[[39m[31m[91mtype=checkbox[33m][39m[31m[91m,.btn-group-toggle>.btn input[33m[[39m[31m[91mtype=radio[33m][39m[31m[91m,.btn-group-toggle>.btn-group>.btn input[33m[[39m[31m[91mtype=checkbox[33m][39m[31m[91m,.btn-group-toggle>.btn-group>.btn input[33m[[39m[31m[91mtype=radio[33m][39m[31m[91m[33m{[39m[31m[91mposition[33m:[39m[31m[91mabsolute[33m;[39m[31m[91mclip[33m:[39m[31m[91m[36mrect[39m[31m[91m[36m(0,0,0,0)[39m[31m[91m[33m;[39m[31m[91mpointer-events[33m:[39m[31m[91mnone[33m}[39m[31m[91m[33m.input-group[39m[31m[9[39m[22m[1m[31m1m[33m{[39m[31m[91mposition[33m:[39m[31m[91mrelative[33m;[39m[31m[91mdisplay[33m:[39m[31m[91m-ms-flexbox[33m;[39m[31m[91mdisplay[33m:[39m[31m[91mflex[33m;[39m[31m[91m-ms-flex-wrap[33m:[39m[31m[91mwrap[33m;[39m[31m[91mflex-wrap[33m:[39m[31m[91mwrap[33m;[39m[31m[91m-ms-flex-align[33m:[39m[31m[91mstretch[33m;[39m[31m[91malign-items[33m:[39m[31m[91mstretch[33m;[39m[31m[91mwidth[33m:[39m[31m[91m100%[33m}[39m[31m[91m[33m.input-group>.custom-file,.input-group>.custom-select,.input-group>.form-control,.input-group>.form-control-plaintext[39m[31m[91m[33m{[39m[31m[91mposition[33m:[39m[31m[91mrelative[33m;[39m[31m[91m-ms-flex[33m:[39m[31m[91m1 1 0%[33m;[39m[31m[91mflex[33m:[39m[31m[91m1 1 0%[33m;[39m[31m[91mmin-width[33m:[39m[31m[91m0[33m;[39m[31m[91mmargin-bottom[33m:[39m[31m[91m0[33m}[39m[31m[91m[33m.input-group>.custom-file+.custom-file,.input-group>.custom-file+.custom-select,.input-group>.custom-file+.form-control,.input-group>.custom-select+.custom-file,.input-group>.custom-select+.custom-select,.input-group>.custom-select+.form-control,.input-group>.form-control+.custom-file,.input-group>.form-control+.custom-select,.input-group>.form-control+.form-control,.input-group>.form-control-plaintext+.custom-file,.input-group>.form-control-plaintext+.custom-select,.input-group>.form-control-plaintext+.form-control[39m[31m[91m[33m{[39m[31m[91mmargin-left[33m:[39m[31m[91m0[33m}[39m[31m[91m[33m.input-group>.custom-file[39m[31m[91m [33m.custom-file-input[39m[31m[91m[33m:[39m[31m[91mfocus~.custom-file-label,.input-group>.custom-select[33m:[39m[31m[91mfocus,.input-group>.form-control[33m:[39m[31m[91mfocus[33m{[39m[31m[91mz-index[33m:[39m[31m[91m3[33m}[39m[31m[91m[33m.input-group>.custom-file[39m[31m[91m [33m.custom-file-input[39m[31m[91m[33m:[39m[31m[91mfocus[33m{[39m[31m[91mz-index[33m:[39m[31m[91m4[33m}[39m[31m[91m[33m.input-group>.custom-file[39m[31m[91m[33m{[39m[31m[91mdisplay[33m:[39m[31m[91m-ms-flexbox[33m;[39m[31m[91mdisplay[33m:[39m[31m[91mflex[33m;[39m[31m[91m-ms-flex-align[33m:[39m[31m[91mcenter[33m;[39m[31m[91malign-items[33m[39m[22m[1m[31m:[39m[31m[91mcenter[33m}[39m[31m[91m[33m.input-group-append,.input-group-prepend[39m[31m[91m[33m{[39m[31m[91mdisplay[33m:[39m[31m[91m-ms-flexbox[33m;[39m[31m[91mdisplay[33m:[39m[31m[91mflex[33m}[39m[31m[91m[33m.input-group-append[39m[31m[91m [33m.btn,.input-group-prepend[39m[31m[91m [33m.btn[39m[31m[91m[33m{[39m[31m[91mposition[33m:[39m[31m[91mrelative[33m;[39m[31m[91mz-index[33m:[39m[31m[91m2[33m}[39m[31m[91m[33m.input-group-append[39m[31m[91m [33m.btn[39m[31m[91m[33m:[39m[31m[91mfocus,.input-group-prepend [33m.btn[39m[31m[91m[33m:[39m[31m[91mfocus[33m{[39m[31m[91mz-index[33m:[39m[31m[91m3[33m}[39m[31m[91m[33m.input-group-append[39m[31m[91m [33m.btn+.btn,.input-group-append[39m[31m[91m [33m.btn+.input-group-text,.input-group-append[39m[31m[91m [33m.input-group-text+.btn,.input-group-append[39m[31m[91m [33m.input-group-text+.input-group-text,.input-group-prepend[39m[31m[91m [33m.btn+.btn,.input-group-prepend[39m[31m[91m [33m.btn+.input-group-text,.input-group-prepend[39m[31m[91m [33m.input-group-text+.btn,.input-group-prepend[39m[31m[91m [33m.input-group-text+.input-group-text[39m[31m[91m[33m{[39m[31m[91mmargin-left[33m:[39m[31m[91m0[33m}[39m[31m[91m[33m.input-group-prepend[39m[31m[91m[33m{[39m[31m[91mmargin-right[33m:[39m[31m[91m0[33m}[39m[31m[91m[33m.input-group-append[39m[31m[91m[33m{[39m[31m[91mmargin-left[33m:[39m[31m[91m0[33m}[39m[31m[91m[33m.input-group-text[39m[31m[91m[33m{[39m[31m[91mdisplay[33m:[39m[31m[91m-ms-flexbox[33m;[39m[31m[91mdisplay[33m:[39m[31m[91mflex[33m;[39m[31m[91m-ms-flex-align[33m:[39m[31m[91mcenter[33m;[39m[31m[91malign-items[33m:[39m[31m[91mcenter[33m;[39m[31m[91mpadding[33m:[39m[31m[91m0 0[33m;[39m[31m[91mmargin-bottom[33m:[39m[31m[91m0[33m;[39m[31m[91mfont-size[33m:[39m[31m[91m16px[33m;[39m[31m[91mfont-weight[33m:[39m[31m[91m400[33m;[39m[31m[91mline-height[33m:[39m[31m[91m14px[33m;[39m[31m[91mcolor[33m:[39m[31m[91m[35m#fff[39m[31m[91m[33m;[39m[31m[91mtext-align[33m:[39m[31m[91mcenter[33m;[39m[31m[91mwhite-space[33m:[39m[31m[91mnowrap[33m;[39m[31m[91mbackground-color[33m:[39m[31m[91m[35m#555[39m[31m[91m[33m;[39m[22m[1m[31m[39m[91mborder[33m:[39m[31m[91m0 solid [35m#555[39m[31m[91m[33m}[39m[31m[91m[33m.input-group-text[39m[31m[91m input[33m[[39m[31m[91mtype=checkbox[33m][39m[31m[91m,.input-group-text input[33m[[39m[31m[91mtype=radio[33m][39m[31m[91m[33m{[39m[31m[91mmargin-top[33m:[39m[31m[91m0[33m}[39m[31m[91m[33m.input-group-lg>.custom-select,.input-group-lg>.form-control[39m[31m[91m[33m:[39m[31m[91m[36mnot[39m[31m[91m[36m(textarea)[39m[31m[91m[33m{[39m[31m[91mheight[33m:[39m[31m[91m14px[33m}[39m[31m[91m[33m.input-group-lg>.custom-select,.input-group-lg>.form-control,.input-group-lg>.input-group-append>.btn,.input-group-lg>.input-group-append>.input-group-text,.input-group-lg>.input-group-prepend>.btn,.input-group-lg>.input-group-prepend>.input-group-text[39m[31m[91m[33m{[39m[31m[91mpadding[33m:[39m[31m[91m0 0[33m;[39m[31m[91mfont-size[33m:[39m[31m[91m16px[33m;[39m[31m[91mline-height[33m:[39m[31m[91m14px[33m}[39m[31m[91m[33m.input-group-sm>.custom-select,.input-group-sm>.form-control[39m[31m[91m[33m:[39m[31m[91m[36mnot[39m[31m[91m[36m(textarea)[39m[31m[91m[33m{[39m[31m[91mheight[33m:[39m[31m[91m14px[33m}[39m[31m[91m[33m.input-group-sm>.custom-select,.input-group-sm>.form-control,.input-group-sm>.input-group-append>.btn,.input-group-sm>.input-group-append>.input-group-text,.input-group-sm>.input-group-prepend>.btn,.input-group-sm>.input-group-prepend>.input-group-text[39m[31m[91m[33m{[39m[31m[91mpadding[33m:[39m[31m[91m0 0[33m;[39m[31m[91mfont-size[33m:[39m[31m[91m16px[33m;[39m[31m[91mline-height[33m:[39m[31m[91m14px[33m}[39m[31m[91m[33m.input-group-lg>.custom-select,.input-group-sm>.custom-select[39m[31m[91m[33m{[39m[31m[91mpadding-right[33m:[39m[31m[91m1rem[33m}[39m[31m[91m[33m.custom-control[39m[31m[91m[33m{[39m[31m[91mposition[33m:[39m[31m[91mrelative[33m;[39m[31m[91mdisplay[33m:[39m[31m[91mblock[33m;[39m[31m[91mmin-height[33m:[39m[31m[91m14px[33m;[39m[31m[91mpadding-left[33m:[39m[31m[91m32px[33m}[39m[31m[91m[33m.custom-control-inline[39m[31m[91m[33m{[39m[31m[91mdisplay[33m:[39m[31m[91m-ms-inline-flexbox[33m;[39m[31m[91mdisplay[33m:[39[39m[22m[1m[31mm[91minline-flex[33m;[39m[31m[91mmargin-right[33m:[39m[31m[91m0[33m}[39m[31m[91m[33m.custom-control-input[39m[31m[91m[33m{[39m[31m[91mposition[33m:[39m[31m[91mabsolute[33m;[39m[31m[91mleft[33m:[39m[31m[91m0[33m;[39m[31m[91mz-index[33m:[39m[31m[91m-1[33m;[39m[31m[91mwidth[33m:[39m[31m[91m32px[33m;[39m[31m[91mheight[33m:[39m[31m[91m16px[33m;[39m[31m[91mopacity[33m:[39m[31m[91m0[33m}[39m[31m[91m[33m.custom-control-input[39m[31m[91m[33m:[39m[31m[91mchecked~.custom-control-label[33m:[39m[31m[91m[33m:[39m[31m[91mbefore[33m{[39m[31m[91mcolor[33m:[39m[31m[91m[35m#fff[39m[31m[91m[33m;[39m[31m[91mborder-color[33m:[39m[31m[91m[35m#000[39m[31m[91m[33m}[39m[31m[91m[33m.custom-control-input[39m[31m[91m[33m:[39m[31m[91mfocus[33m:[39m[31m[91m[36mnot[39m[31m[91m[36m(:checked)[39m[31m[91m~.custom-control-label[33m:[39m[31m[91m[33m:[39m[31m[91mbefore[33m{[39m[31m[91mborder-color[33m:[39m[31m[91m[35m#404040[39m[31m[91m[33m}[39m[31m[91m[33m.custom-control-input[39m[31m[91m[33m:[39m[31m[91m[36mnot[39m[31m[91m[36m(:disabled)[39m[31m[91m[33m:[39m[31m[91mactive~.custom-control-label[33m:[39m[31m[91m[33m:[39m[31m[91mbefore[33m{[39m[31m[91mcolor[33m:[39m[31m[91m[35m#fff[39m[31m[91m[33m}[39m[31m[91m[33m.custom-control-input[39m[31m[91m[33m:[39m[31m[91mdisabled~.custom-control-label,.custom-control-input[33m[[39m[31m[91mdisabled[33m][39m[31m[91m~.custom-control-label[33m{[39m[31m[91mcolor[33m:[39m[31m[91m[35m#555[39m[31m[91m[33m}[39m[31m[91m[33m.custom-control-input[39m[31m[91m[33m:[39m[31m[91mdisabled~.custom-control-label[33m:[39m[31m[91m[33m:[39m[31m[91mafter,.custom-control-input[33m:[39m[31m[91mdisabled~.custom-control-label[33m:[39m[31m[91m[33m:[39m[31m[91mbefore,.custom-control-input[33m[[39m[31m[91mdisabled[33m][39m[31m[91m~.custom-control-label[33m:[39m[31m[91m[33m:[39m[31m[91mafter,.custom-control-input[33m[[39m[31m[91mdisabled[33m][39m[31m[91m~.custom-control-label[33m:[39m[31m[91m[33m:[39m[31m[91mbefore[33m{[39m[31m[91mcolor[33m:[39m[31m[91m[35m#555[39m[31m[91m[33m}[39m[31m[91m[33m.custom-control-label[39m[31m[91m[33m{[39m[31m[91mposition[33m:[39m[31m[91mrelat[39m[22m[1m[31mive[33m;[39m[31m[91mmargin-bottom[33m:[39m[31m[91m0[33m;[39m[31m[91mvertical-align[33m:[39m[31m[91mtop[33m}[39m[31m[91m[33m.custom-control-label[39m[31m[91m[33m:[39m[31m[91m[33m:[39m[31m[91mbefore[33m{[39m[31m[91mposition[33m:[39m[31m[91mabsolute[33m;[39m[31m[91mtop[33m:[39m[31m[91m0[33m;[39m[31m[91mleft[33m:[39m[31m[91m-32px[33m;[39m[31m[91mdisplay[33m:[39m[31m[91mblock[33m;[39m[31m[91mwidth[33m:[39m[31m[91m32px[33m;[39m[31m[91mheight[33m:[39m[31m[91m14px[33m;[39m[31m[91mpointer-events[33m:[39m[31m[91mnone[33m;[39m[31m[91mcontent[33m:[39m[31m[91m[32m""[39m[31m[91m[33m;[39m[31m[91mbackground-color[33m:[39m[31m[91m[35m#000084[39m[31m[91m[33m}[39m[31m[91m[33m.custom-control-label[39m[31m[91m[33m:[39m[31m[91m[33m:[39m[31m[91mafter[33m{[39m[31m[91mposition[33m:[39m[31m[91mabsolute[33m;[39m[31m[91mtop[33m:[39m[31m[91m0[33m;[39m[31m[91mleft[33m:[39m[31m[91m-32px[33m;[39m[31m[91mdisplay[33m:[39m[31m[91mblock[33m;[39m[31m[91mwidth[33m:[39m[31m[91m32px[33m;[39m[31m[91mheight[33m:[39m[31m[91m14px[33m;[39m[31m[91mcontent[33m:[39m[31m[91m[32m""[39m[31m[91m[33m}[39m[31m[91m[33m.custom-checkbox[39m[31m[91m [33m.custom-control-label[39m[31m[91m[33m:[39m[31m[91m[33m:[39m[31m[91mafter[33m{[39m[31m[91mcontent[33m:[39m[31m[91m[32m'[ ]'[39m[31m[91m[33m}[39m[31m[91m[33m.custom-checkbox[39m[31m[91m [33m.custom-control-input[39m[31m[91m[33m:[39m[31m[91mchecked~.custom-control-label[33m{[39m[31m[91mcolor[33m:[39m[31m[91m[35m#fff[39m[31m[91m[33m}[39m[31m[91m[33m.custom-checkbox[39m[31m[91m [33m.custom-control-input[39m[31m[91m[33m:[39m[31m[91mchecked~.custom-control-label[33m:[39m[31m[91m[33m:[39m[31m[91mafter[33m{[39m[31m[91mcolor[33m:[39m[31m[91m[35m#fff[39m[31m[91m[33m;[39m[31m[91mcontent[33m:[39m[31m[91m[32m'[X]'[39m[31m[91m[33m}[39m[31m[91m[33m.custom-checkbox[39m[31m[91m [33m.custom-control-input[39m[31m[91m[33m:[39m[31m[91mdisabled[33m:[39m[31m[91mchecked~.custom-control-label[33m:[39m[31m[91m[33m:[39m[31m[91mbefore[33m{[39m[31m[91mcolor[33m:[39m[31m[91m[35m#555[39m[31m[91m[33m}[39m[31m[91m[33m.custom-radio[39m[31m[91m [33m.custom-control-label[39m[31m[91m[33m:[39m[31m[[39m[22m[1m[31m91m[33m:[39m[31m[91mafter[33m{[39m[31m[91mcontent[33m:[39m[31m[91m[32m'( )'[39m[31m[91m[33m}[39m[31m[91m[33m.custom-radio[39m[31m[91m [33m.custom-control-input[39m[31m[91m[33m:[39m[31m[91mchecked~.custom-control-label[33m{[39m[31m[91mcolor[33m:[39m[31m[91m[35m#fff[39m[31m[91m[33m}[39m[31m[91m[33m.custom-radio[39m[31m[91m [33m.custom-control-input[39m[31m[91m[33m:[39m[31m[91mchecked~.custom-control-label[33m:[39m[31m[91m[33m:[39m[31m[91mafter[33m{[39m[31m[91mcolor[33m:[39m[31m[91m[35m#fff[39m[31m[91m[33m;[39m[31m[91mcontent[33m:[39m[31m[91m[32m'(*)'[39m[31m[91m[33m}[39m[31m[91m[33m.custom-radio[39m[31m[91m [33m.custom-control-input[39m[31m[91m[33m:[39m[31m[91mdisabled[33m:[39m[31m[91mchecked~.custom-control-label[33m:[39m[31m[91m[33m:[39m[31m[91mafter[33m{[39m[31m[91mcolor[33m:[39m[31m[91m[35m#555[39m[31m[91m[33m}[39m[31m[91m[33m.custom-switch[39m[31m[91m[33m{[39m[31m[91mpadding-left[33m:[39m[31m[91m32px[33m}[39m[31m[91m[33m.custom-switch[39m[31m[91m [33m.custom-control-label[39m[31m[91m[33m:[39m[31m[91m[33m:[39m[31m[91mbefore[33m{[39m[31m[91mleft[33m:[39m[31m[91m-32px[33m;[39m[31m[91mwidth[33m:[39m[31m[91m32px[33m;[39m[31m[91mpointer-events[33m:[39m[31m[91mall[33m}[39m[31m[91m[33m.custom-switch[39m[31m[91m [33m.custom-control-label[39m[31m[91m[33m:[39m[31m[91m[33m:[39m[31m[91mafter[33m{[39m[31m[91mtop[33m:[39m[31m[91m0[33m;[39m[31m[91mleft[33m:[39m[31m[91m-32px[33m;[39m[31m[91mwidth[33m:[39m[31m[91m32px[33m;[39m[31m[91mheight[33m:[39m[31m[91m14px[33m;[39m[31m[91mcontent[33m:[39m[31m[91m[32m'\2588\2591\2591'[39m[31m[91m[33m}[39m[31m[91m[33m.custom-switch[39m[31m[91m [33m.custom-control-input[39m[31m[91m[33m:[39m[31m[91mchecked~.custom-control-label[33m{[39m[31m[91mcolor[33m:[39m[31m[91m[35m#fff[39m[31m[91m[33m}[39m[31m[91m[33m.custom-switch[39m[31m[91m [33m.custom-control-input[39m[31m[91m[33m:[39m[31m[91mchecked~.custom-control-label[33m:[39m[31m[91m[33m:[39m[31m[91mafter[33m{[39m[31m[91mcontent[33m:[39m[31m[91m[32m'\2591\2591\2588'[39m[31m[91m[33m;[39m[31m[91mcolor[33m:[39m[31m[91m[35m#fff[39m[31m[91m[33m}[39m[31m[91m[33m.custom-switch[39m[31m[91m [39m[22m[1m[31m[33m.custom-control-input[39m[31m[91m[33m:[39m[31m[91mdisabled[33m:[39m[31m[91mchecked~.custom-control-label[33m:[39m[31m[91m[33m:[39m[31m[91mbefore[33m{[39m[31m[91mcolor[33m:[39m[31m[91m[35m#555[39m[31m[91m[33m}[39m[31m[91m[33m.custom-select[39m[31m[91m[33m{[39m[31m[91mdisplay[33m:[39m[31m[91minline-block[33m;[39m[31m[91mwidth[33m:[39m[31m[91m100%[33m;[39m[31m[91mheight[33m:[39m[31m[91m14px[33m;[39m[31m[91mpadding[33m:[39m[31m[91m0[33m;[39m[31m[91mcolor[33m:[39m[31m[91m[35m#000[39m[31m[91m[33m;[39m[31m[91mvertical-align[33m:[39m[31m[91mmiddle[33m;[39m[31m[91mbackground[33m:[39m[31m[91m[36murl[39m[31m[91m[36m(../fonts/arrow-down-black.svg)[39m[31m[91m no-repeat right center,[35m#bbb[39m[31m[91m[33m;[39m[31m[91mborder[33m:[39m[31m[91m0 solid [35m#555[39m[31m[91m[33m;[39m[31m[91m-webkit-appearance[33m:[39m[31m[91mnone[33m;[39m[31m[91m-moz-appearance[33m:[39m[31m[91mnone[33m;[39m[31m[91mappearance[33m:[39m[31m[91mnone[33m}[39m[31m[91m[33m.custom-select[39m[31m[91m[33m:[39m[31m[91mfocus[33m{[39m[31m[91moutline[33m:[39m[31m[91m0[33m}[39m[31m[91m[33m.custom-select[39m[31m[91m[33m:[39m[31m[91mfocus[33m:[39m[31m[91m[33m:[39m[31m[91m-ms-value[33m{[39m[31m[91mcolor[33m:[39m[31m[91m[35m#fff[39m[31m[91m[33m;[39m[31m[91mbackground-color[33m:[39m[31m[91m[35m#000084[39m[31m[91m[33m}[39m[31m[91m[33m.custom-select[39m[31m[91m[33m[[39m[31m[91mmultiple[33m][39m[31m[91m,.custom-select[33m[[39m[31m[91msize[33m][39m[31m[91m[33m:[39m[31m[91m[36mnot[39m[31m[91m[36m([39m[31m[91m[33m[[39m[31m[91msize=[32m"1"[39m[31m[91m[33m][39m[31m[91m[36m)[39m[31m[91m[33m{[39m[31m[91mheight[33m:[39m[31m[91mauto[33m;[39m[31m[91mpadding-right[33m:[39m[31m[91m0[33m;[39m[31m[91mbackground-image[33m:[39m[31m[91mnone[33m}[39m[31m[91m[33m.custom-select[39m[31m[91m[33m:[39m[31m[91mdisabled[33m{[39m[31m[91mcolor[33m:[39m[31m[91m[35m#555[39m[31m[91m[33m;[39m[31m[91mbackground-color[33m:[39m[31m[91m[35m#555[39m[31m[91m[33m}[39m[31m[91m[33m.custom-select[39m[31m[91m[33m:[39m[31m[91m[33m:[39m[31m[91m-ms-expand[33m{[39m[31m[91mdisplay[33m:[39m[31m[91mnone[33m}[39m[31m[91m[33m.custom-select[39m[31m[91m[33m:[39m[22m[1m[31m[39m[31m[91m-moz-focusring[33m{[39m[31m[91mcolor[33m:[39m[31m[91mtransparent[33m;[39m[31m[91mtext-shadow[33m:[39m[31m[91m0 0 0 [35m#000[39m[31m[91m[33m}[39m[31m[91m[33m.custom-select-sm[39m[31m[91m[33m{[39m[31m[91mheight[33m:[39m[31m[91m14px[33m;[39m[31m[91mfont-size[33m:[39m[31m[91m16px[33m}[39m[31m[91m[33m.custom-select-lg[39m[31m[91m[33m{[39m[31m[91mheight[33m:[39m[31m[91m14px[33m;[39m[31m[91mfont-size[33m:[39m[31m[91m16px[33m}[39m[31m[91m[33m.custom-file[39m[31m[91m[33m{[39m[31m[91mposition[33m:[39m[31m[91mrelative[33m;[39m[31m[91mdisplay[33m:[39m[31m[91minline-block[33m;[39m[31m[91mwidth[33m:[39m[31m[91m100%[33m;[39m[31m[91mheight[33m:[39m[31m[91m14px[33m;[39m[31m[91mmargin-bottom[33m:[39m[31m[91m0[33m}[39m[31m[91m[33m.custom-file+.input-group-append>.input-group-text[39m[31m[91m[33m{[39m[31m[91mpadding[33m:[39m[31m[91m0 8px[33m;[39m[31m[91mbackground[33m:[39m[31m[91m[35m#a0a[39m[31m[91m[33m;[39m[31m[91mcursor[33m:[39m[31m[91mpointer[33m}[39m[31m[91m[33m.custom-file+.input-group-append>.input-group-text[39m[31m[91m[33m:[39m[31m[91mhover[33m{[39m[31m[91mbackground[33m:[39m[31m[91m[35m#000[39m[31m[91m[33m;[39m[31m[91mcolor[33m:[39m[31m[91m[35m#f5f[39m[31m[91m[33m}[39m[31m[91m[33m.custom-file-input[39m[31m[91m[33m{[39m[31m[91mposition[33m:[39m[31m[91mrelative[33m;[39m[31m[91mz-index[33m:[39m[31m[91m2[33m;[39m[31m[91mwidth[33m:[39m[31m[91m100%[33m;[39m[31m[91mheight[33m:[39m[31m[91m14px[33m;[39m[31m[91mmargin[33m:[39m[31m[91m0[33m;[39m[31m[91mopacity[33m:[39m[31m[91m0[33m}[39m[31m[91m[33m.custom-file-input[39m[31m[91m[33m:[39m[31m[91mfocus~.custom-file-label[33m{[39m[31m[91mborder-color[33m:[39m[31m[91m[35m#404040[39m[31m[91m[33m;[39m[31m[91mbox-shadow[33m:[39m[31m[91m0 0 0 0 [36mrgba[39m[31m[91m[36m(0,0,0,.25)[39m[31m[91m[33m}[39m[31m[91m[33m.custom-file-input[39m[31m[91m[33m:[39m[31m[91mdisabled~.custom-file-label,.custom-file-input[33m[[39m[31m[91mdisabled[33m][39m[31m[91m~.custom-file-label[33m{[39m[31m[91mbackground-color[33m:[39m[31m[91m[35m#555[39m[31m[91m[33m}[39m[31m[91m[33m.custom-file-input[39m[31m[91m[33m:[39m[31m[91m[36mlang[39m[31m[91[39m[22m[1m[31mm[36m(en)[39m[31m[91m~.custom-file-label[33m:[39m[31m[91m[33m:[39m[31m[91mafter[33m{[39m[31m[91mcontent[33m:[39m[31m[91m[32m"[ Browse ]"[39m[31m[91m[33m}[39m[31m[91m[33m.custom-file-input~.custom-file-label[39m[31m[91m[33m[[39m[31m[91mdata-browse[33m][39m[31m[91m[33m:[39m[31m[91m[33m:[39m[31m[91mafter[33m{[39m[31m[91mcontent[33m:[39m[31m[91m[36mattr[39m[31m[91m[36m(data-browse)[39m[31m[91m[33m}[39m[31m[91m[33m.custom-file-label[39m[31m[91m[33m{[39m[31m[91mposition[33m:[39m[31m[91mabsolute[33m;[39m[31m[91mtop[33m:[39m[31m[91m0[33m;[39m[31m[91mright[33m:[39m[31m[91m0[33m;[39m[31m[91mleft[33m:[39m[31m[91m0[33m;[39m[31m[91mz-index[33m:[39m[31m[91m1[33m;[39m[31m[91mheight[33m:[39m[31m[91m14px[33m;[39m[31m[91mpadding[33m:[39m[31m[91m0 0[33m;[39m[31m[91mfont-weight[33m:[39m[31m[91m400[33m;[39m[31m[91mline-height[33m:[39m[31m[91m14px[33m;[39m[31m[91mcolor[33m:[39m[31m[91m[35m#fff[39m[31m[91m[33m;[39m[31m[91mbackground-color[33m:[39m[31m[91m[35m#000084[39m[31m[91m[33m}[39m[31m[91m[33m.custom-file-label[39m[31m[91m[33m:[39m[31m[91m[33m:[39m[31m[91mafter[33m{[39m[31m[91mposition[33m:[39m[31m[91mabsolute[33m;[39m[31m[91mpadding[33m:[39m[31m[91m0[33m;[39m[31m[91mtop[33m:[39m[31m[91m0[33m;[39m[31m[91mright[33m:[39m[31m[91m0[33m;[39m[31m[91mbottom[33m:[39m[31m[91m0[33m;[39m[31m[91mz-index[33m:[39m[31m[91m3[33m;[39m[31m[91mdisplay[33m:[39m[31m[91mblock[33m;[39m[31m[91mbackground[33m:[39m[31m[91m[35m#bbb[39m[31m[91m[33m;[39m[31m[91mcolor[33m:[39m[31m[91m[35m#000[39m[31m[91m[33m}[39m[31m[91m[33m.custom-range[39m[31m[91m[33m{[39m[31m[91mwidth[33m:[39m[31m[91m100%[33m;[39m[31m[91mheight[33m:[39m[31m[91m7px[33m;[39m[31m[91mpadding[33m:[39m[31m[91m0[33m;[39m[31m[91mbackground-color[33m:[39m[31m[91mtransparent[33m;[39m[31m[91m-webkit-appearance[33m:[39m[31m[91mnone[33m;[39m[31m[91m-moz-appearance[33m:[39m[31m[91mnone[33m;[39m[31m[91mappearance[33m:[39m[31m[91mnone[33m}[39m[31m[91m[33m.custom-range[39m[31m[91m[33m:[39m[31m[91mfocus[33m{[39m[31m[91moutline[33m:[39m[31m[91m0[33m}[39m[31m[91m[33m.custom-range[39m[31m[91m[33m:[39m[31m[91mfocus[33m:[39m[31m[91m[33m:[39m[31m[91m-webkit[39m[22m[1m[31m-slider-thumb[33m{[39m[31m[91mbox-shadow[33m:[39m[31m[91m0[33m}[39m[31m[91m[33m.custom-range[39m[31m[91m[33m:[39m[31m[91mfocus[33m:[39m[31m[91m[33m:[39m[31m[91m-moz-range-thumb[33m{[39m[31m[91mbox-shadow[33m:[39m[31m[91m0[33m}[39m[31m[91m[33m.custom-range[39m[31m[91m[33m:[39m[31m[91mfocus[33m:[39m[31m[91m[33m:[39m[31m[91m-ms-thumb[33m{[39m[31m[91mbox-shadow[33m:[39m[31m[91m0[33m}[39m[31m[91m[33m.custom-range[39m[31m[91m[33m:[39m[31m[91m[33m:[39m[31m[91m-moz-focus-outer[33m{[39m[31m[91mborder[33m:[39m[31m[91m0[33m}[39m[31m[91m[33m.custom-range[39m[31m[91m[33m:[39m[31m[91m[33m:[39m[31m[91m-webkit-slider-thumb[33m{[39m[31m[91mwidth[33m:[39m[31m[91m8px[33m;[39m[31m[91mheight[33m:[39m[31m[91m14px[33m;[39m[31m[91mbackground[33m:[39m[31m[91m[35m#000[39m[31m[91m[33m;[39m[31m[91mmargin[33m:[39m[31m[91m0[33m;[39m[31m[91mborder[33m:[39m[31m[91m0[33m;[39m[31m[91m-webkit-appearance[33m:[39m[31m[91mnone[33m;[39m[31m[91mappearance[33m:[39m[31m[91mnone[33m}[39m[31m[91m[33m.custom-range[39m[31m[91m[33m:[39m[31m[91m[33m:[39m[31m[91m-webkit-slider-runnable-track[33m{[39m[31m[91mwidth[33m:[39m[31m[91m100%[33m;[39m[31m[91mheight[33m:[39m[31m[91m14px[33m;[39m[31m[91mcolor[33m:[39m[31m[91mtransparent[33m;[39m[31m[91mcursor[33m:[39m[31m[91mnone[33m;[39m[31m[91mmargin[33m:[39m[31m[91m0[33m;[39m[31m[91mbackground[33m:[39m[31m[91m[36murl[39m[31m[91m[36m(../fonts/hyphen-black.svg)[39m[31m[91m repeat-x left center,[35m#bbb[39m[31m[91m[33m;[39m[31m[91mborder-color[33m:[39m[31m[91mtransparent[33m}[39m[31m[91m[33m.custom-range[39m[31m[91m[33m:[39m[31m[91m[33m:[39m[31m[91m-moz-range-thumb[33m{[39m[31m[91mwidth[33m:[39m[31m[91m8px[33m;[39m[31m[91mheight[33m:[39m[31m[91m11px[33m;[39m[31m[91mborder[33m:[39m[31m[91m0[33m;[39m[31m[91mmargin[33m:[39m[31m[91m0[33m;[39m[31m[91mpadding[33m:[39m[31m[91m0[33m;[39m[31m[91mbackground[33m:[39m[31m[91m[35m#000[39m[31m[91m[33m;[39m[31m[91mborder-radius[33m:[39m[31m[91m0[33m;[39m[31m[91m-moz-appearance[33m:[39m[31m[91mnone[33m;[39m[31m[91mappearance[33m:[39m[31m[91mnone[33m}[39m[31m[91m[33m.custom-range[39m[31m[91m[33m:[39m[31m[91m[33m:[39m[31m[91m-moz[39m[22m[1m[31m-range-track[33m{[39m[31m[91mwidth[33m:[39m[31m[91m100%[33m;[39m[31m[91mheight[33m:[39m[31m[91m14px[33m;[39m[31m[91mcolor[33m:[39m[31m[91mtransparent[33m;[39m[31m[91mcursor[33m:[39m[31m[91mnone[33m;[39m[31m[91mbackground[33m:[39m[31m[91m[36murl[39m[31m[91m[36m(../fonts/hyphen-black.svg)[39m[31m[91m repeat-x left center,[35m#bbb[39m[31m[91m[33m;[39m[31m[91mborder-color[33m:[39m[31m[91mtransparent[33m}[39m[31m[91m[33m.custom-range[39m[31m[91m[33m:[39m[31m[91m[33m:[39m[31m[91m-ms-thumb[33m{[39m[31m[91mwidth[33m:[39m[31m[91m8px[33m;[39m[31m[91mheight[33m:[39m[31m[91m14px[33m;[39m[31m[91mmargin-top[33m:[39m[31m[91m0[33m;[39m[31m[91mmargin-right[33m:[39m[31m[91m0[33m;[39m[31m[91mmargin-left[33m:[39m[31m[91m0[33m;[39m[31m[91mborder[33m:[39m[31m[91m0[33m;[39m[31m[91mappearance[33m:[39m[31m[91mnone[33m}[39m[31m[91m[33m.custom-range[39m[31m[91m[33m:[39m[31m[91m[33m:[39m[31m[91m-ms-track[33m{[39m[31m[91mwidth[33m:[39m[31m[91m100%[33m;[39m[31m[91mheight[33m:[39m[31m[91m14px[33m;[39m[31m[91mcolor[33m:[39m[31m[91mtransparent[33m;[39m[31m[91mcursor[33m:[39m[31m[91mnone[33m;[39m[31m[91mbackground-color[33m:[39m[31m[91mtransparent[33m;[39m[31m[91mborder-color[33m:[39m[31m[91mtransparent[33m;[39m[31m[91mborder-width[33m:[39m[31m[91m7px[33m}[39m[31m[91m[33m.custom-range[39m[31m[91m[33m:[39m[31m[91m[33m:[39m[31m[91m-ms-fill-lower[33m{[39m[31m[91mbackground-color[33m:[39m[31m[91m[35m#fff[39m[31m[91m[33m}[39m[31m[91m[33m.custom-range[39m[31m[91m[33m:[39m[31m[91m[33m:[39m[31m[91m-ms-fill-upper[33m{[39m[31m[91mmargin-right[33m:[39m[31m[91m15px[33m;[39m[31m[91mbackground-color[33m:[39m[31m[91m[35m#fff[39m[31m[91m[33m}[39m[31m[91m[33m.custom-range[39m[31m[91m[33m:[39m[31m[91mdisabled[33m:[39m[31m[91m[33m:[39m[31m[91m-webkit-slider-thumb[33m{[39m[31m[91mbackground-color[33m:[39m[31m[91m[35m#555[39m[31m[91m[33m}[39m[31m[91m[33m.custom-range[39m[31m[91m[33m:[39m[31m[91mdisabled[33m:[39m[31m[91m[33m:[39m[31m[91m-webkit-slider-runnable-track[33m{[39m[31m[91mcursor[33m:[39m[31m[91mdefault[33m}[39m[31m[91m[33m.custom-range[39m[31m[91m[33m:[39m[31m[91mdisabled[33m:[39m[31m[91m[33m:[39m[22m[1m[31m[39m[91m-moz-range-thumb[33m{[39m[31m[91mbackground-color[33m:[39m[31m[91m[35m#555[39m[31m[91m[33m}[39m[31m[91m[33m.custom-range[39m[31m[91m[33m:[39m[31m[91mdisabled[33m:[39m[31m[91m[33m:[39m[31m[91m-moz-range-track[33m{[39m[31m[91mcursor[33m:[39m[31m[91mdefault[33m}[39m[31m[91m[33m.custom-range[39m[31m[91m[33m:[39m[31m[91mdisabled[33m:[39m[31m[91m[33m:[39m[31m[91m-ms-thumb[33m{[39m[31m[91mbackground-color[33m:[39m[31m[91m[35m#555[39m[31m[91m[33m}[39m[31m[91m[33m.nav[39m[31m[91m[33m{[39m[31m[91mdisplay[33m:[39m[31m[91m-ms-flexbox[33m;[39m[31m[91mdisplay[33m:[39m[31m[91mflex[33m;[39m[31m[91m-ms-flex-wrap[33m:[39m[31m[91mnowrap[33m;[39m[31m[91mflex-wrap[33m:[39m[31m[91mnowrap[33m;[39m[31m[91mpadding-left[33m:[39m[31m[91m0[33m;[39m[31m[91mmargin-bottom[33m:[39m[31m[91m0[33m;[39m[31m[91mlist-style[33m:[39m[31m[91mnone[33m}[39m[31m[91m[33m.nav-link[39m[31m[91m[33m{[39m[31m[91mdisplay[33m:[39m[31m[91mblock[33m;[39m[31m[91mpadding[33m:[39m[31m[91m0 0[33m}[39m[31m[91m[33m.nav-link[39m[31m[91m[33m:[39m[31m[91mfocus,.nav-link[33m:[39m[31m[91mhover[33m{[39m[31m[91mtext-decoration[33m:[39m[31m[91mnone[33m}[39m[31m[91m[33m.nav-link.disabled[39m[31m[91m[33m{[39m[31m[91mcolor[33m:[39m[31m[91m[35m#555[39m[31m[91m[33m;[39m[31m[91mpointer-events[33m:[39m[31m[91mnone[33m;[39m[31m[91mcursor[33m:[39m[31m[91mdefault[33m}[39m[31m[91m[33m.nav-item[39m[31m[91m[33m{[39m[31m[91mpadding[33m:[39m[31m[91m0[33m}[39m[31m[91m[33m.nav-tabs[39m[31m[91m[33m{[39m[31m[91mheight[33m:[39m[31m[91m35px[33m;[39m[31m[91mmargin-left[33m:[39m[31m[91m0[33m;[39m[31m[91mpadding-left[33m:[39m[31m[91m8px[33m;[39m[31m[91mborder-bottom[33m:[39m[31m[91m1px solid [35m#bbb[39m[31m[91m[33m;[39m[31m[91mmargin-bottom[33m:[39m[31m[91m9px[33m}[39m[31m[91m[33m.nav-tabs[39m[31m[91m [33m.nav-item[39m[31m[91m[33m{[39m[31m[91mmargin[33m:[39m[31m[91m0[33m}[39m[31m[91m[33m.nav-tabs[39m[31m[91m [33m.nav-link[39m[31m[91m[33m{[39m[31m[91mborder[33m:[39m[31m[91m[33m.875px[39m[31m[91m solid [35m#bbb[39m[31m[91m[33m;[39m[31m[91mmargin-top[33m:[39m[31m[91m7px[33m;[39m[31m[91mpadding-top[33m:[39m[31m[91m6.125px[33m;[39m[31m[91[39m[22m[1m[31mmpadding-bottom[33m:[39m[31m[91m7px[33m;[39m[31m[91mmargin-bottom[33m:[39m[31m[91m6.125px[33m;[39m[31m[91mborder-left-width[33m:[39m[31m[91m2px[33m;[39m[31m[91mborder-right-width[33m:[39m[31m[91m2px[33m;[39m[31m[91mmargin-left[33m:[39m[31m[91m3.5px[33m;[39m[31m[91mpadding-left[33m:[39m[31m[91m10.5px[33m;[39m[31m[91mpadding-right[33m:[39m[31m[91m11.5px[33m;[39m[31m[91mmargin-right[33m:[39m[31m[91m2.5px[33m;[39m[31m[91mcolor[33m:[39m[31m[91m[35m#bbb[39m[31m[91m[33m;[39m[31m[91mbackground-color[33m:[39m[31m[91m[35m#000084[39m[31m[91m[33m;[39m[31m[91mborder-bottom[33m:[39m[31m[91m0[33m}[39m[31m[91m[33m.nav-tabs[39m[31m[91m [33m.nav-link.disabled[39m[31m[91m[33m{[39m[31m[91mborder[33m:[39m[31m[91m0[33m;[39m[31m[91mpadding-bottom[33m:[39m[31m[91m0[33m;[39m[31m[91mcolor[33m:[39m[31m[91m[35m#555[39m[31m[91m[33m}[39m[31m[91m[33m.nav-tabs[39m[31m[91m [33m.nav-item.show[39m[31m[91m [33m.nav-link,.nav-tabs[39m[31m[91m [33m.nav-link.active[39m[31m[91m[33m{[39m[31m[91moutline[33m:[39m[31m[91m0[33m;[39m[31m[91mcolor[33m:[39m[31m[91m[35m#fff[39m[31m[91m[33m}[39m[31m[91m[33m.nav-tabs[39m[31m[91m [33m.dropdown-menu[39m[31m[91m[33m{[39m[31m[91mmargin-top[33m:[39m[31m[91m-1px[33m;[39m[31m[91mmargin-left[33m:[39m[31m[91m0[33m}[39m[31m[91m[33m.nav-pills[39m[31m[91m [33m.nav-link[39m[31m[91m[33m:[39m[31m[91m[33m:[39m[31m[91mbefore[33m{[39m[31m[91mcontent[33m:[39m[31m[91m[32m'('[39m[31m[91m[33m;[39m[31m[91mmargin-right[33m:[39m[31m[91m8px[33m}[39m[31m[91m[33m.nav-pills[39m[31m[91m [33m.nav-link[39m[31m[91m[33m:[39m[31m[91m[33m:[39m[31m[91mafter[33m{[39m[31m[91mcontent[33m:[39m[31m[91m[32m')'[39m[31m[91m[33m;[39m[31m[91mmargin-left[33m:[39m[31m[91m8px[33m}[39m[31m[91m[33m.nav-pills[39m[31m[91m [33m.nav-link.active,.nav-pills[39m[31m[91m [33m.show>.nav-link[39m[31m[91m[33m{[39m[31m[91mcolor[33m:[39m[31m[91m[35m#fff[39m[31m[91m[33m;[39m[31m[91mbackground-color[33m:[39m[31m[91m[35m#000[39m[31m[91m[33m}[39m[31m[91m[33m.nav-fill[39m[31m[91m [33m.nav-item[39m[31m[91m[33m{[39m[31m[91m-ms-flex[33m:[39m[31m[91m1 1 auto[33m;[39m[31m[91mflex[33m:[39m[31m[91m1 1 auto[33m;[39m[31m[91mtext-[39m[22m[1m[31malign[33m:[39m[31m[91mcenter[33m}[39m[31m[91m[33m.nav-justified[39m[31m[91m [33m.nav-item[39m[31m[91m[33m{[39m[31m[91m-ms-flex-preferred-size[33m:[39m[31m[91m0[33m;[39m[31m[91mflex-basis[33m:[39m[31m[91m0[33m;[39m[31m[91m-ms-flex-positive[33m:[39m[31m[91m1[33m;[39m[31m[91mflex-grow[33m:[39m[31m[91m1[33m;[39m[31m[91mtext-align[33m:[39m[31m[91mcenter[33m}[39m[31m[91m[33m.tab-content>.tab-pane[39m[31m[91m[33m{[39m[31m[91mdisplay[33m:[39m[31m[91mnone[33m}[39m[31m[91m[33m.tab-content>.active[39m[31m[91m[33m{[39m[31m[91mdisplay[33m:[39m[31m[91mblock[33m}[39m[31m[91m[33m.navbar[39m[31m[91m[33m{[39m[31m[91mposition[33m:[39m[31m[91mrelative[33m;[39m[31m[91mdisplay[33m:[39m[31m[91m-ms-flexbox[33m;[39m[31m[91mdisplay[33m:[39m[31m[91mflex[33m;[39m[31m[91m-ms-flex-wrap[33m:[39m[31m[91mwrap[33m;[39m[31m[91mflex-wrap[33m:[39m[31m[91mwrap[33m;[39m[31m[91m-ms-flex-align[33m:[39m[31m[91mcenter[33m;[39m[31m[91malign-items[33m:[39m[31m[91mcenter[33m;[39m[31m[91m-ms-flex-pack[33m:[39m[31m[91mjustify[33m;[39m[31m[91mjustify-content[33m:[39m[31m[91mspace-between[33m;[39m[31m[91mpadding[33m:[39m[31m[91m0[33m}[39m[31m[91m[33m.navbar[39m[31m[91m [33m.container,.navbar[39m[31m[91m [33m.container-fluid,.navbar[39m[31m[91m [33m.container-lg,.navbar[39m[31m[91m [33m.container-md,.navbar[39m[31m[91m [33m.container-sm,.navbar[39m[31m[91m [33m.container-xl[39m[31m[91m[33m{[39m[31m[91mdisplay[33m:[39m[31m[91m-ms-flexbox[33m;[39m[31m[91mdisplay[33m:[39m[31m[91mflex[33m;[39m[31m[91m-ms-flex-wrap[33m:[39m[31m[91mwrap[33m;[39m[31m[91mflex-wrap[33m:[39m[31m[91mwrap[33m;[39m[31m[91m-ms-flex-align[33m:[39m[31m[91mcenter[33m;[39m[31m[91malign-items[33m:[39m[31m[91mcenter[33m;[39m[31m[91m-ms-flex-pack[33m:[39m[31m[91mjustify[33m;[39m[31m[91mjustify-content[33m:[39m[31m[91mspace-between[33m}[39m[31m[91m[33m.navbar-brand[39m[31m[91m[33m{[39m[31m[91mdisplay[33m:[39m[31m[91minline-block[33m;[39m[31m[91mmargin[33m:[39m[31m[91m0[33m;[39m[31m[91mpadding[33m:[39m[31m[91m0 8px[33m;[39m[31m[91mline-height[33m:[39m[31m[91minherit[33m;[39m[31m[91mwhite-space[33m:[39m[31m[91mnowrap[33m;[39m[31m[91mco[39m[22m[1m[31mlor[33m:[39m[31m[91m[35m#000084[39m[31m[91m[33m}[39m[31m[91m[33m.navbar-brand[39m[31m[91m[33m:[39m[31m[91mfocus,.navbar-brand[33m:[39m[31m[91mhover[33m{[39m[31m[91mtext-decoration[33m:[39m[31m[91mnone[33m}[39m[31m[91m[33m.navbar-nav[39m[31m[91m[33m{[39m[31m[91mdisplay[33m:[39m[31m[91m-ms-flexbox[33m;[39m[31m[91mdisplay[33m:[39m[31m[91mflex[33m;[39m[31m[91m-ms-flex-direction[33m:[39m[31m[91mcolumn[33m;[39m[31m[91mflex-direction[33m:[39m[31m[91mcolumn[33m;[39m[31m[91mpadding-left[33m:[39m[31m[91m0[33m;[39m[31m[91mmargin-bottom[33m:[39m[31m[91m0[33m;[39m[31m[91mlist-style[33m:[39m[31m[91mnone[33m}[39m[31m[91m[33m.navbar-nav[39m[31m[91m [33m.nav-link[39m[31m[91m[33m{[39m[31m[91mpadding-right[33m:[39m[31m[91m0[33m;[39m[31m[91mpadding-left[33m:[39m[31m[91m0[33m}[39m[31m[91m[33m.navbar-nav[39m[31m[91m [33m.dropdown-menu[39m[31m[91m[33m{[39m[31m[91mposition[33m:[39m[31m[91mstatic[33m;[39m[31m[91mfloat[33m:[39m[31m[91mnone[33m}[39m[31m[91m[33m.navbar-text[39m[31m[91m[33m{[39m[31m[91mdisplay[33m:[39m[31m[91minline-block[33m;[39m[31m[91mpadding-top[33m:[39m[31m[91m0[33m;[39m[31m[91mpadding-bottom[33m:[39m[31m[91m0[33m}[39m[31m[91m[33m.navbar-collapse[39m[31m[91m[33m{[39m[31m[91m-ms-flex-preferred-size[33m:[39m[31m[91m100%[33m;[39m[31m[91mflex-basis[33m:[39m[31m[91m100%[33m;[39m[31m[91m-ms-flex-positive[33m:[39m[31m[91m1[33m;[39m[31m[91mflex-grow[33m:[39m[31m[91m1[33m;[39m[31m[91m-ms-flex-align[33m:[39m[31m[91mcenter[33m;[39m[31m[91malign-items[33m:[39m[31m[91mcenter[33m}[39m[31m[91m[33m.navbar-toggler[39m[31m[91m[33m{[39m[31m[91mpadding[33m:[39m[31m[91m0 0[33m;[39m[31m[91mfont-size[33m:[39m[31m[91m16px[33m;[39m[31m[91mbackground-color[33m:[39m[31m[91mtransparent[33m;[39m[31m[91mborder[33m:[39m[31m[91m0 solid transparent[33m}[39m[31m[91m[33m.navbar-toggler[39m[31m[91m[33m:[39m[31m[91mfocus,.navbar-toggler[33m:[39m[31m[91mhover[33m{[39m[31m[91mtext-decoration[33m:[39m[31m[91mnone[33m}[39m[31m[91m[33m.navbar-toggler-icon[39m[31m[91m[33m{[39m[31m[91mdisplay[33m:[39m[31m[91minline-block[33m;[39m[31m[91mwidth[33m:[39m[31m[91m16px[33m;[39m[31m[91mheight[33m:[39m[31m[39m[22m[1m[31m[91m14px[33m;[39m[31m[91mvertical-align[33m:[39m[31m[91mmiddle[33m;[39m[31m[91mcontent[33m:[39m[31m[91m[32m""[39m[31m[91m[33m;[39m[31m[91mbackground[33m:[39m[31m[91mno-repeat center center[33m;[39m[31m[91mbackground-size[33m:[39m[31m[91m100% 100%[33m}[39m[31m[91m[36m@media[39m[31m[91m[36m [39m[31m[91m[36m(max-width:575.98px)[39m[31m[91m[33m{[39m[31m[91m[33m.navbar-expand-sm>.container,.navbar-expand-sm>.container-fluid,.navbar-expand-sm>.container-lg,.navbar-expand-sm>.container-md,.navbar-expand-sm>.container-sm,.navbar-expand-sm>.container-xl[39m[31m[91m[33m{[39m[31m[91mpadding-right[33m:[39m[31m[91m0[33m;[39m[31m[91mpadding-left[33m:[39m[31m[91m0[33m}[39m[31m[91m[33m}[39m[31m[91m[36m@media[39m[31m[91m[36m [39m[31m[91m[36m(min-width:576px)[39m[31m[91m[33m{[39m[31m[91m[33m.navbar-expand-sm[39m[31m[91m[33m{[39m[31m[91m-ms-flex-flow[33m:[39m[31m[91mrow nowrap[33m;[39m[31m[91mflex-flow[33m:[39m[31m[91mrow nowrap[33m;[39m[31m[91m-ms-flex-pack[33m:[39m[31m[91mstart[33m;[39m[31m[91mjustify-content[33m:[39m[31m[91mflex-start[33m}[39m[31m[91m[33m.navbar-expand-sm[39m[31m[91m [33m.navbar-nav[39m[31m[91m[33m{[39m[31m[91m-ms-flex-direction[33m:[39m[31m[91mrow[33m;[39m[31m[91mflex-direction[33m:[39m[31m[91mrow[33m}[39m[31m[91m[33m.navbar-expand-sm[39m[31m[91m [33m.navbar-nav[39m[31m[91m [33m.dropdown-menu[39m[31m[91m[33m{[39m[31m[91mposition[33m:[39m[31m[91mabsolute[33m}[39m[31m[91m[33m.navbar-expand-sm[39m[31m[91m [33m.navbar-nav[39m[31m[91m [33m.nav-link[39m[31m[91m[33m{[39m[31m[91mpadding-right[33m:[39m[31m[91m8px[33m;[39m[31m[91mpadding-left[33m:[39m[31m[91m8px[33m}[39m[31m[91m[33m.navbar-expand-sm>.container,.navbar-expand-sm>.container-fluid,.navbar-expand-sm>.container-lg,.navbar-expand-sm>.container-md,.navbar-expand-sm>.container-sm,.navbar-expand-sm>.container-xl[39m[31m[91m[33m{[39m[31m[91m-ms-flex-wrap[33m:[39m[31m[91mnowrap[33m;[39m[31m[91mflex-wrap[33m:[39m[31m[91mnowrap[33m}[39m[31m[91m[33m.navbar-expand-sm[39m[31m[91m [33m.navbar-collapse[39m[31m[91m[33m{[39m[31m[91mdisplay[33m:[39m[31m[91m-ms-flexbox!important[33m;[39m[31m[91[39m[22m[1m[31mmdisplay[33m:[39m[31m[91mflex!important[33m;[39m[31m[91m-ms-flex-preferred-size[33m:[39m[31m[91mauto[33m;[39m[31m[91mflex-basis[33m:[39m[31m[91mauto[33m}[39m[31m[91m[33m.navbar-expand-sm[39m[31m[91m [33m.navbar-toggler[39m[31m[91m[33m{[39m[31m[91mdisplay[33m:[39m[31m[91mnone[33m}[39m[31m[91m[33m}[39m[31m[91m[36m@media[39m[31m[91m[36m [39m[31m[91m[36m(max-width:767.98px)[39m[31m[91m[33m{[39m[31m[91m[33m.navbar-expand-md>.container,.navbar-expand-md>.container-fluid,.navbar-expand-md>.container-lg,.navbar-expand-md>.container-md,.navbar-expand-md>.container-sm,.navbar-expand-md>.container-xl[39m[31m[91m[33m{[39m[31m[91mpadding-right[33m:[39m[31m[91m0[33m;[39m[31m[91mpadding-left[33m:[39m[31m[91m0[33m}[39m[31m[91m[33m}[39m[31m[91m[36m@media[39m[31m[91m[36m [39m[31m[91m[36m(min-width:768px)[39m[31m[91m[33m{[39m[31m[91m[33m.navbar-expand-md[39m[31m[91m[33m{[39m[31m[91m-ms-flex-flow[33m:[39m[31m[91mrow nowrap[33m;[39m[31m[91mflex-flow[33m:[39m[31m[91mrow nowrap[33m;[39m[31m[91m-ms-flex-pack[33m:[39m[31m[91mstart[33m;[39m[31m[91mjustify-content[33m:[39m[31m[91mflex-start[33m}[39m[31m[91m[33m.navbar-expand-md[39m[31m[91m [33m.navbar-nav[39m[31m[91m[33m{[39m[31m[91m-ms-flex-direction[33m:[39m[31m[91mrow[33m;[39m[31m[91mflex-direction[33m:[39m[31m[91mrow[33m}[39m[31m[91m[33m.navbar-expand-md[39m[31m[91m [33m.navbar-nav[39m[31m[91m [33m.dropdown-menu[39m[31m[91m[33m{[39m[31m[91mposition[33m:[39m[31m[91mabsolute[33m}[39m[31m[91m[33m.navbar-expand-md[39m[31m[91m [33m.navbar-nav[39m[31m[91m [33m.nav-link[39m[31m[91m[33m{[39m[31m[91mpadding-right[33m:[39m[31m[91m8px[33m;[39m[31m[91mpadding-left[33m:[39m[31m[91m8px[33m}[39m[31m[91m[33m.navbar-expand-md>.container,.navbar-expand-md>.container-fluid,.navbar-expand-md>.container-lg,.navbar-expand-md>.container-md,.navbar-expand-md>.container-sm,.navbar-expand-md>.container-xl[39m[31m[91m[33m{[39m[31m[91m-ms-flex-wrap[33m:[39m[31m[91mnowrap[33m;[39m[31m[91mflex-wrap[33m:[39m[31m[91mnowrap[33m}[39m[31m[91m[33m.navbar-expand-md[39m[31m[91m [33m.navbar-collapse[39m[31m[91m[33m{[39m[31m[91mdisplay[33m:[[39m[22m[1m[31m39m[91m-ms-flexbox!important[33m;[39m[31m[91mdisplay[33m:[39m[31m[91mflex!important[33m;[39m[31m[91m-ms-flex-preferred-size[33m:[39m[31m[91mauto[33m;[39m[31m[91mflex-basis[33m:[39m[31m[91mauto[33m}[39m[31m[91m[33m.navbar-expand-md[39m[31m[91m [33m.navbar-toggler[39m[31m[91m[33m{[39m[31m[91mdisplay[33m:[39m[31m[91mnone[33m}[39m[31m[91m[33m}[39m[31m[91m[36m@media[39m[31m[91m[36m [39m[31m[91m[36m(max-width:959.98px)[39m[31m[91m[33m{[39m[31m[91m[33m.navbar-expand-lg>.container,.navbar-expand-lg>.container-fluid,.navbar-expand-lg>.container-lg,.navbar-expand-lg>.container-md,.navbar-expand-lg>.container-sm,.navbar-expand-lg>.container-xl[39m[31m[91m[33m{[39m[31m[91mpadding-right[33m:[39m[31m[91m0[33m;[39m[31m[91mpadding-left[33m:[39m[31m[91m0[33m}[39m[31m[91m[33m}[39m[31m[91m[36m@media[39m[31m[91m[36m [39m[31m[91m[36m(min-width:960px)[39m[31m[91m[33m{[39m[31m[91m[33m.navbar-expand-lg[39m[31m[91m[33m{[39m[31m[91m-ms-flex-flow[33m:[39m[31m[91mrow nowrap[33m;[39m[31m[91mflex-flow[33m:[39m[31m[91mrow nowrap[33m;[39m[31m[91m-ms-flex-pack[33m:[39m[31m[91mstart[33m;[39m[31m[91mjustify-content[33m:[39m[31m[91mflex-start[33m}[39m[31m[91m[33m.navbar-expand-lg[39m[31m[91m [33m.navbar-nav[39m[31m[91m[33m{[39m[31m[91m-ms-flex-direction[33m:[39m[31m[91mrow[33m;[39m[31m[91mflex-direction[33m:[39m[31m[91mrow[33m}[39m[31m[91m[33m.navbar-expand-lg[39m[31m[91m [33m.navbar-nav[39m[31m[91m [33m.dropdown-menu[39m[31m[91m[33m{[39m[31m[91mposition[33m:[39m[31m[91mabsolute[33m}[39m[31m[91m[33m.navbar-expand-lg[39m[31m[91m [33m.navbar-nav[39m[31m[91m [33m.nav-link[39m[31m[91m[33m{[39m[31m[91mpadding-right[33m:[39m[31m[91m8px[33m;[39m[31m[91mpadding-left[33m:[39m[31m[91m8px[33m}[39m[31m[91m[33m.navbar-expand-lg>.container,.navbar-expand-lg>.container-fluid,.navbar-expand-lg>.container-lg,.navbar-expand-lg>.container-md,.navbar-expand-lg>.container-sm,.navbar-expand-lg>.container-xl[39m[31m[91m[33m{[39m[31m[91m-ms-flex-wrap[33m:[39m[31m[91mnowrap[33m;[39m[31m[91mflex-wrap[33m:[39m[31m[91mnowrap[33m}[39m[31m[91m[33m.navbar-expand-lg[39m[31m[91m [33m.navbar-colla[39m[22m[1m[31mpse[39m[31m[91m[33m{[39m[31m[91mdisplay[33m:[39m[31m[91m-ms-flexbox!important[33m;[39m[31m[91mdisplay[33m:[39m[31m[91mflex!important[33m;[39m[31m[91m-ms-flex-preferred-size[33m:[39m[31m[91mauto[33m;[39m[31m[91mflex-basis[33m:[39m[31m[91mauto[33m}[39m[31m[91m[33m.navbar-expand-lg[39m[31m[91m [33m.navbar-toggler[39m[31m[91m[33m{[39m[31m[91mdisplay[33m:[39m[31m[91mnone[33m}[39m[31m[91m[33m}[39m[31m[91m[36m@media[39m[31m[91m[36m [39m[31m[91m[36m(max-width:1151.98px)[39m[31m[91m[33m{[39m[31m[91m[33m.navbar-expand-xl>.container,.navbar-expand-xl>.container-fluid,.navbar-expand-xl>.container-lg,.navbar-expand-xl>.container-md,.navbar-expand-xl>.container-sm,.navbar-expand-xl>.container-xl[39m[31m[91m[33m{[39m[31m[91mpadding-right[33m:[39m[31m[91m0[33m;[39m[31m[91mpadding-left[33m:[39m[31m[91m0[33m}[39m[31m[91m[33m}[39m[31m[91m[36m@media[39m[31m[91m[36m [39m[31m[91m[36m(min-width:1152px)[39m[31m[91m[33m{[39m[31m[91m[33m.navbar-expand-xl[39m[31m[91m[33m{[39m[31m[91m-ms-flex-flow[33m:[39m[31m[91mrow nowrap[33m;[39m[31m[91mflex-flow[33m:[39m[31m[91mrow nowrap[33m;[39m[31m[91m-ms-flex-pack[33m:[39m[31m[91mstart[33m;[39m[31m[91mjustify-content[33m:[39m[31m[91mflex-start[33m}[39m[31m[91m[33m.navbar-expand-xl[39m[31m[91m [33m.navbar-nav[39m[31m[91m[33m{[39m[31m[91m-ms-flex-direction[33m:[39m[31m[91mrow[33m;[39m[31m[91mflex-direction[33m:[39m[31m[91mrow[33m}[39m[31m[91m[33m.navbar-expand-xl[39m[31m[91m [33m.navbar-nav[39m[31m[91m [33m.dropdown-menu[39m[31m[91m[33m{[39m[31m[91mposition[33m:[39m[31m[91mabsolute[33m}[39m[31m[91m[33m.navbar-expand-xl[39m[31m[91m [33m.navbar-nav[39m[31m[91m [33m.nav-link[39m[31m[91m[33m{[39m[31m[91mpadding-right[33m:[39m[31m[91m8px[33m;[39m[31m[91mpadding-left[33m:[39m[31m[91m8px[33m}[39m[31m[91m[33m.navbar-expand-xl>.container,.navbar-expand-xl>.container-fluid,.navbar-expand-xl>.container-lg,.navbar-expand-xl>.container-md,.navbar-expand-xl>.container-sm,.navbar-expand-xl>.container-xl[39m[31m[91m[33m{[39m[31m[91m-ms-flex-wrap[33m:[39m[31m[91mnowrap[33m;[39m[31m[91mflex-wrap[33m:[39m[31m[91mnowrap[33m}[39m[31m[91m[33m[39m[22m[1m[31m.navbar-expand-xl[39m[31m[91m [33m.navbar-collapse[39m[31m[91m[33m{[39m[31m[91mdisplay[33m:[39m[31m[91m-ms-flexbox!important[33m;[39m[31m[91mdisplay[33m:[39m[31m[91mflex!important[33m;[39m[31m[91m-ms-flex-preferred-size[33m:[39m[31m[91mauto[33m;[39m[31m[91mflex-basis[33m:[39m[31m[91mauto[33m}[39m[31m[91m[33m.navbar-expand-xl[39m[31m[91m [33m.navbar-toggler[39m[31m[91m[33m{[39m[31m[91mdisplay[33m:[39m[31m[91mnone[33m}[39m[31m[91m[33m}[39m[31m[91m[33m.navbar-expand[39m[31m[91m[33m{[39m[31m[91m-ms-flex-flow[33m:[39m[31m[91mrow nowrap[33m;[39m[31m[91mflex-flow[33m:[39m[31m[91mrow nowrap[33m;[39m[31m[91m-ms-flex-pack[33m:[39m[31m[91mstart[33m;[39m[31m[91mjustify-content[33m:[39m[31m[91mflex-start[33m}[39m[31m[91m[33m.navbar-expand>.container,.navbar-expand>.container-fluid,.navbar-expand>.container-lg,.navbar-expand>.container-md,.navbar-expand>.container-sm,.navbar-expand>.container-xl[39m[31m[91m[33m{[39m[31m[91mpadding-right[33m:[39m[31m[91m0[33m;[39m[31m[91mpadding-left[33m:[39m[31m[91m0[33m}[39m[31m[91m[33m.navbar-expand[39m[31m[91m [33m.navbar-nav[39m[31m[91m[33m{[39m[31m[91m-ms-flex-direction[33m:[39m[31m[91mrow[33m;[39m[31m[91mflex-direction[33m:[39m[31m[91mrow[33m}[39m[31m[91m[33m.navbar-expand[39m[31m[91m [33m.navbar-nav[39m[31m[91m [33m.dropdown-menu[39m[31m[91m[33m{[39m[31m[91mposition[33m:[39m[31m[91mabsolute[33m}[39m[31m[91m[33m.navbar-expand[39m[31m[91m [33m.navbar-nav[39m[31m[91m [33m.nav-link[39m[31m[91m[33m{[39m[31m[91mpadding-right[33m:[39m[31m[91m8px[33m;[39m[31m[91mpadding-left[33m:[39m[31m[91m8px[33m}[39m[31m[91m[33m.navbar-expand>.container,.navbar-expand>.container-fluid,.navbar-expand>.container-lg,.navbar-expand>.container-md,.navbar-expand>.container-sm,.navbar-expand>.container-xl[39m[31m[91m[33m{[39m[31m[91m-ms-flex-wrap[33m:[39m[31m[91mnowrap[33m;[39m[31m[91mflex-wrap[33m:[39m[31m[91mnowrap[33m}[39m[31m[91m[33m.navbar-expand[39m[31m[91m [33m.navbar-collapse[39m[31m[91m[33m{[39m[31m[91mdisplay[33m:[39m[31m[91m-ms-flexbox!important[33m;[39m[31m[91mdisplay[33m:[39m[31m[91mflex!important[33m;[39m[31m[91m-ms-flex[39m[22m[1m[31m-preferred-size[33m:[39m[31m[91mauto[33m;[39m[31m[91mflex-basis[33m:[39m[31m[91mauto[33m}[39m[31m[91m[33m.navbar-expand[39m[31m[91m [33m.navbar-toggler[39m[31m[91m[33m{[39m[31m[91mdisplay[33m:[39m[31m[91mnone[33m}[39m[31m[91m[33m.navbar-light[39m[31m[91m [33m.navbar-brand[39m[31m[91m[33m{[39m[31m[91mcolor[33m:[39m[31m[91m[35m#000[39m[31m[91m[33m}[39m[31m[91m[33m.navbar-light[39m[31m[91m [33m.navbar-brand[39m[31m[91m[33m:[39m[31m[91mfocus,.navbar-light [33m.navbar-brand[39m[31m[91m[33m:[39m[31m[91mhover[33m{[39m[31m[91mcolor[33m:[39m[31m[91m[35m#fff[39m[31m[91m[33m;[39m[31m[91mbackground[33m:[39m[31m[91m[35m#000[39m[31m[91m[33m}[39m[31m[91m[33m.navbar-light[39m[31m[91m [33m.navbar-nav[39m[31m[91m [33m.nav-link[39m[31m[91m[33m{[39m[31m[91mcolor[33m:[39m[31m[91m[35m#000[39m[31m[91m[33m}[39m[31m[91m[33m.navbar-light[39m[31m[91m [33m.navbar-nav[39m[31m[91m [33m.nav-link[39m[31m[91m[33m:[39m[31m[91mfocus,.navbar-light [33m.navbar-nav[39m[31m[91m [33m.nav-link[39m[31m[91m[33m:[39m[31m[91mhover[33m{[39m[31m[91mcolor[33m:[39m[31m[91m[35m#fff[39m[31m[91m[33m;[39m[31m[91mbackground[33m:[39m[31m[91m[35m#000[39m[31m[91m[33m}[39m[31m[91m[33m.navbar-light[39m[31m[91m [33m.navbar-nav[39m[31m[91m [33m.nav-link.disabled[39m[31m[91m[33m{[39m[31m[91mcolor[33m:[39m[31m[91m[35m#bbb[39m[31m[91m[33m}[39m[31m[91m[33m.navbar-light[39m[31m[91m [33m.navbar-nav[39m[31m[91m [33m.active>.nav-link,.navbar-light[39m[31m[91m [33m.navbar-nav[39m[31m[91m [33m.nav-link.active,.navbar-light[39m[31m[91m [33m.navbar-nav[39m[31m[91m [33m.nav-link.show,.navbar-light[39m[31m[91m [33m.navbar-nav[39m[31m[91m [33m.show>.nav-link[39m[31m[91m[33m{[39m[31m[91mcolor[33m:[39m[31m[91m[35m#bbb[39m[31m[91m[33m;[39m[31m[91mbackground[33m:[39m[31m[91m[35m#000[39m[31m[91m[33m}[39m[31m[91m[33m.navbar-light[39m[31m[91m [33m.navbar-toggler[39m[31m[91m[33m{[39m[31m[91mcolor[33m:[39m[31m[91m[35m#000[39m[31m[91m[33m}[39m[31m[91m[33m.navbar-light[39m[31m[91m [33m.navbar-text[39m[31m[91m[33m{[39m[31m[91mcolor[33m:[39m[31m[91m[35m#000[39m[31m[91m[33m}[39m[31m[91m[33m.navbar-light[39m[31m[91m [33m.navbar-text[39[39m[22m[1m[31mm[91m a[33m{[39m[31m[91mcolor[33m:[39m[31m[91m[35m#bbb[39m[31m[91m[33m;[39m[31m[91mbackground[33m:[39m[31m[91m[35m#000[39m[31m[91m[33m}[39m[31m[91m[33m.navbar-light[39m[31m[91m [33m.navbar-text[39m[31m[91m a[33m:[39m[31m[91mfocus,.navbar-light [33m.navbar-text[39m[31m[91m a[33m:[39m[31m[91mhover[33m{[39m[31m[91mcolor[33m:[39m[31m[91m[35m#bbb[39m[31m[91m[33m}[39m[31m[91m[33m.navbar-dark[39m[31m[91m [33m.navbar-brand[39m[31m[91m[33m{[39m[31m[91mcolor[33m:[39m[31m[91m[35m#000[39m[31m[91m[33m}[39m[31m[91m[33m.navbar-dark[39m[31m[91m [33m.navbar-brand[39m[31m[91m[33m:[39m[31m[91mfocus,.navbar-dark [33m.navbar-brand[39m[31m[91m[33m:[39m[31m[91mhover[33m{[39m[31m[91mcolor[33m:[39m[31m[91m[35m#fff[39m[31m[91m[33m;[39m[31m[91mbackground[33m:[39m[31m[91m[35m#000[39m[31m[91m[33m}[39m[31m[91m[33m.navbar-dark[39m[31m[91m [33m.navbar-nav[39m[31m[91m [33m.nav-link[39m[31m[91m[33m{[39m[31m[91mcolor[33m:[39m[31m[91m[35m#000[39m[31m[91m[33m}[39m[31m[91m[33m.navbar-dark[39m[31m[91m [33m.navbar-nav[39m[31m[91m [33m.nav-link[39m[31m[91m[33m:[39m[31m[91mfocus,.navbar-dark [33m.navbar-nav[39m[31m[91m [33m.nav-link[39m[31m[91m[33m:[39m[31m[91mhover[33m{[39m[31m[91mcolor[33m:[39m[31m[91m[35m#bbb[39m[31m[91m[33m;[39m[31m[91mbackground[33m:[39m[31m[91m[35m#000[39m[31m[91m[33m}[39m[31m[91m[33m.navbar-dark[39m[31m[91m [33m.navbar-nav[39m[31m[91m [33m.nav-link.disabled[39m[31m[91m[33m{[39m[31m[91mcolor[33m:[39m[31m[91m[35m#555[39m[31m[91m[33m}[39m[31m[91m[33m.navbar-dark[39m[31m[91m [33m.navbar-nav[39m[31m[91m [33m.active>.nav-link,.navbar-dark[39m[31m[91m [33m.navbar-nav[39m[31m[91m [33m.nav-link.active,.navbar-dark[39m[31m[91m [33m.navbar-nav[39m[31m[91m [33m.nav-link.show,.navbar-dark[39m[31m[91m [33m.navbar-nav[39m[31m[91m [33m.show>.nav-link[39m[31m[91m[33m{[39m[31m[91mcolor[33m:[39m[31m[91m[35m#bbb[39m[31m[91m[33m;[39m[31m[91mbackground[33m:[39m[31m[91m[35m#000[39m[31m[91m[33m}[39m[31m[91m[33m.navbar-dark.bg-dark[39m[31m[91m [33m.nav-link,.navbar-dark.bg-dark[39m[31m[91m [33m.navbar-brand[39m[31m[91m[33m{[39m[31m[91mcolor[33m:[39m[31m[91m[35m#fff[39m[31m[91m[33m}[39m[31m[[39m[22m[1m[31m91m[33m.navbar-dark[39m[31m[91m [33m.navbar-toggler[39m[31m[91m[33m{[39m[31m[91mcolor[33m:[39m[31m[91m[35m#000[39m[31m[91m[33m;[39m[31m[91mborder-color[33m:[39m[31m[91m[35m#fff[39m[31m[91m[33m}[39m[31m[91m[33m.navbar-dark[39m[31m[91m [33m.navbar-text[39m[31m[91m[33m{[39m[31m[91mcolor[33m:[39m[31m[91m[35m#000[39m[31m[91m[33m}[39m[31m[91m[33m.navbar-dark[39m[31m[91m [33m.navbar-text[39m[31m[91m a[33m{[39m[31m[91mcolor[33m:[39m[31m[91m[35m#bbb[39m[31m[91m[33m;[39m[31m[91mbackground[33m:[39m[31m[91m[35m#000[39m[31m[91m[33m}[39m[31m[91m[33m.navbar-dark[39m[31m[91m [33m.navbar-text[39m[31m[91m a[33m:[39m[31m[91mfocus,.navbar-dark [33m.navbar-text[39m[31m[91m a[33m:[39m[31m[91mhover[33m{[39m[31m[91mcolor[33m:[39m[31m[91m[35m#bbb[39m[31m[91m[33m}[39m[31m[91m[33m.card[39m[31m[91m[33m{[39m[31m[91mposition[33m:[39m[31m[91mrelative[33m;[39m[31m[91mdisplay[33m:[39m[31m[91m-ms-flexbox[33m;[39m[31m[91mdisplay[33m:[39m[31m[91mflex[33m;[39m[31m[91m-ms-flex-direction[33m:[39m[31m[91mcolumn[33m;[39m[31m[91mflex-direction[33m:[39m[31m[91mcolumn[33m;[39m[31m[91mmin-width[33m:[39m[31m[91m0[33m;[39m[31m[91mword-wrap[33m:[39m[31m[91mbreak-word[33m;[39m[31m[91mbackground-color[33m:[39m[31m[91m[35m#bbb[39m[31m[91m[33m;[39m[31m[91mbackground-clip[33m:[39m[31m[91mborder-box[33m;[39m[31m[91mborder-radius[33m:[39m[31m[91m0[33m}[39m[31m[91m[33m.card>hr[39m[31m[91m[33m{[39m[31m[91mmargin-right[33m:[39m[31m[91m0[33m;[39m[31m[91mmargin-left[33m:[39m[31m[91m0[33m}[39m[31m[91m[33m.card-body[39m[31m[91m[33m{[39m[31m[91m-ms-flex[33m:[39m[31m[91m1 1 auto[33m;[39m[31m[91mflex[33m:[39m[31m[91m1 1 auto[33m;[39m[31m[91mmin-height[33m:[39m[31m[91m1px[33m;[39m[31m[91mpadding[33m:[39m[31m[91m14px 16px[33m;[39m[31m[91mcolor[33m:[39m[31m[91m[35m#000[39m[31m[91m[33m}[39m[31m[91m[33m.card-title[39m[31m[91m[33m{[39m[31m[91mmargin-bottom[33m:[39m[31m[91m0[33m}[39m[31m[91m[33m.card-subtitle[39m[31m[91m[33m{[39m[31m[91mmargin-top[33m:[39m[31m[91m0[33m;[39m[31m[91mmargin-bottom[33m:[39m[31m[91m0[33m}[39m[31m[91m[33m.card-text[39m[31m[91m[33m:[39m[31m[91mlast-child[33m{[39m[31m[91mmargin-bottom[33m:[39m[31m[[39m[22m[1m[31m91m0[33m}[39m[31m[91m[33m.card-link[39m[31m[91m[33m:[39m[31m[91mhover[33m{[39m[31m[91mtext-decoration[33m:[39m[31m[91mnone[33m}[39m[31m[91m[33m.card-link+.card-link[39m[31m[91m[33m{[39m[31m[91mmargin-left[33m:[39m[31m[91m16px[33m}[39m[31m[91m[33m.card-header[39m[31m[91m[33m{[39m[31m[91mpadding[33m:[39m[31m[91m0 16px[33m;[39m[31m[91mmargin-bottom[33m:[39m[31m[91m0[33m;[39m[31m[91mcolor[33m:[39m[31m[91m[35m#fff[39m[31m[91m[33m;[39m[31m[91mbackground-color[33m:[39m[31m[91m[35m#a0a[39m[31m[91m[33m}[39m[31m[91m[33m.card-header+.list-group[39m[31m[91m [33m.list-group-item[39m[31m[91m[33m:[39m[31m[91mfirst-child[33m{[39m[31m[91mborder-top[33m:[39m[31m[91m0[33m}[39m[31m[91m[33m.card-footer[39m[31m[91m[33m{[39m[31m[91mpadding[33m:[39m[31m[91m0 16px[33m;[39m[31m[91mbackground-color[33m:[39m[31m[91m[35m#a0a[39m[31m[91m[33m}[39m[31m[91m[33m.card-footer.text-muted,.card-header.text-muted[39m[31m[91m[33m{[39m[31m[91mcolor[33m:[39m[31m[91m[35m#000[39m[31m[91m[33m}[39m[31m[91m[33m.card-header-tabs[39m[31m[91m[33m{[39m[31m[91mmargin-right[33m:[39m[31m[91m-16px[33m;[39m[31m[91mmargin-bottom[33m:[39m[31m[91m0[33m;[39m[31m[91mmargin-left[33m:[39m[31m[91m-16px[33m;[39m[31m[91mborder-bottom[33m:[39m[31m[91m0[33m}[39m[31m[91m[33m.card-header-pills[39m[31m[91m[33m{[39m[31m[91mmargin-right[33m:[39m[31m[91m-16px[33m;[39m[31m[91mmargin-left[33m:[39m[31m[91m-16px[33m}[39m[31m[91m[33m.card-img-overlay[39m[31m[91m[33m{[39m[31m[91mposition[33m:[39m[31m[91mabsolute[33m;[39m[31m[91mtop[33m:[39m[31m[91m0[33m;[39m[31m[91mright[33m:[39m[31m[91m0[33m;[39m[31m[91mbottom[33m:[39m[31m[91m0[33m;[39m[31m[91mleft[33m:[39m[31m[91m0[33m;[39m[31m[91mpadding[33m:[39m[31m[91m0[33m}[39m[31m[91m[33m.card-img,.card-img-bottom,.card-img-top[39m[31m[91m[33m{[39m[31m[91m-ms-flex-negative[33m:[39m[31m[91m0[33m;[39m[31m[91mflex-shrink[33m:[39m[31m[91m0[33m;[39m[31m[91mwidth[33m:[39m[31m[91m100%[33m}[39m[31m[91m[33m.card-deck[39m[31m[91m [33m.card[39m[31m[91m[33m{[39m[31m[91mmargin-bottom[33m:[39m[31m[91m8px[33m}[39m[31m[91m[36m@media[39m[31m[91m[36m [39m[31m[91m[36m(min-width:576px)[39m[31m[91m[33m{[39m[31m[39m[22m[1m[31m[91m[33m.card-deck[39m[31m[91m[33m{[39m[31m[91mdisplay[33m:[39m[31m[91m-ms-flexbox[33m;[39m[31m[91mdisplay[33m:[39m[31m[91mflex[33m;[39m[31m[91m-ms-flex-flow[33m:[39m[31m[91mrow wrap[33m;[39m[31m[91mflex-flow[33m:[39m[31m[91mrow wrap[33m;[39m[31m[91mmargin-right[33m:[39m[31m[91m-8px[33m;[39m[31m[91mmargin-left[33m:[39m[31m[91m-8px[33m}[39m[31m[91m[33m.card-deck[39m[31m[91m [33m.card[39m[31m[91m[33m{[39m[31m[91m-ms-flex[33m:[39m[31m[91m1 0 0%[33m;[39m[31m[91mflex[33m:[39m[31m[91m1 0 0%[33m;[39m[31m[91mmargin-right[33m:[39m[31m[91m8px[33m;[39m[31m[91mmargin-bottom[33m:[39m[31m[91m0[33m;[39m[31m[91mmargin-left[33m:[39m[31m[91m8px[33m}[39m[31m[91m[33m}[39m[31m[91m[33m.card-group>.card[39m[31m[91m[33m{[39m[31m[91mmargin-bottom[33m:[39m[31m[91m8px[33m}[39m[31m[91m[36m@media[39m[31m[91m[36m [39m[31m[91m[36m(min-width:576px)[39m[31m[91m[33m{[39m[31m[91m[33m.card-group[39m[31m[91m[33m{[39m[31m[91mdisplay[33m:[39m[31m[91m-ms-flexbox[33m;[39m[31m[91mdisplay[33m:[39m[31m[91mflex[33m;[39m[31m[91m-ms-flex-flow[33m:[39m[31m[91mrow wrap[33m;[39m[31m[91mflex-flow[33m:[39m[31m[91mrow wrap[33m}[39m[31m[91m[33m.card-group>.card[39m[31m[91m[33m{[39m[31m[91m-ms-flex[33m:[39m[31m[91m1 0 0%[33m;[39m[31m[91mflex[33m:[39m[31m[91m1 0 0%[33m;[39m[31m[91mmargin-bottom[33m:[39m[31m[91m0[33m}[39m[31m[91m[33m.card-group>.card+.card[39m[31m[91m[33m{[39m[31m[91mmargin-left[33m:[39m[31m[91m0[33m;[39m[31m[91mborder-left[33m:[39m[31m[91m0[33m}[39m[31m[91m[33m}[39m[31m[91m[33m.card-columns[39m[31m[91m [33m.card[39m[31m[91m[33m{[39m[31m[91mmargin-bottom[33m:[39m[31m[91m0[33m}[39m[31m[91m[36m@media[39m[31m[91m[36m [39m[31m[91m[36m(min-width:576px)[39m[31m[91m[33m{[39m[31m[91m[33m.card-columns[39m[31m[91m[33m{[39m[31m[91m-webkit-column-count[33m:[39m[31m[91m3[33m;[39m[31m[91m-moz-column-count[33m:[39m[31m[91m3[33m;[39m[31m[91mcolumn-count[33m:[39m[31m[91m3[33m;[39m[31m[91m-webkit-column-gap[33m:[39m[31m[91m8px[33m;[39m[31m[91m-moz-column-gap[33m:[39m[31m[91m8px[33m;[39m[31m[91mcolumn-gap[33m:[39m[31m[91m8px[33m;[39m[31m[91morphans[33m:[39m[31m[91m1[33m;[39m[31m[91mwidows[33m:[39m[31m[91m1[[39m[22m[1m[31m33m}[39m[31m[91m[33m.card-columns[39m[31m[91m [33m.card[39m[31m[91m[33m{[39m[31m[91mdisplay[33m:[39m[31m[91minline-block[33m;[39m[31m[91mwidth[33m:[39m[31m[91m100%[33m}[39m[31m[91m[33m}[39m[31m[91m[33m.accordion>.card[39m[31m[91m[33m{[39m[31m[91moverflow[33m:[39m[31m[91mhidden[33m}[39m[31m[91m[33m.accordion>.card[39m[31m[91m[33m:[39m[31m[91m[36mnot[39m[31m[91m[36m(:last-of-type)[39m[31m[91m[33m{[39m[31m[91mborder-bottom[33m:[39m[31m[91m0[33m}[39m[31m[91m[33m.breadcrumb[39m[31m[91m[33m{[39m[31m[91mdisplay[33m:[39m[31m[91m-ms-flexbox[33m;[39m[31m[91mdisplay[33m:[39m[31m[91mflex[33m;[39m[31m[91m-ms-flex-wrap[33m:[39m[31m[91mwrap[33m;[39m[31m[91mflex-wrap[33m:[39m[31m[91mwrap[33m;[39m[31m[91mpadding[33m:[39m[31m[91m0[33m;[39m[31m[91mmargin-bottom[33m:[39m[31m[91m0[33m;[39m[31m[91mmargin-left[33m:[39m[31m[91m0[33m;[39m[31m[91mlist-style[33m:[39m[31m[91mnone[33m;[39m[31m[91mbackground-color[33m:[39m[31m[91m[35m#000[39m[31m[91m[33m}[39m[31m[91m[33m.breadcrumb-item+.breadcrumb-item[39m[31m[91m[33m{[39m[31m[91mpadding-left[33m:[39m[31m[91m8px[33m}[39m[31m[91m[33m.breadcrumb-item+.breadcrumb-item[39m[31m[91m[33m:[39m[31m[91m[33m:[39m[31m[91mbefore[33m{[39m[31m[91mdisplay[33m:[39m[31m[91minline-block[33m;[39m[31m[91mpadding-right[33m:[39m[31m[91m8px[33m;[39m[31m[91mcolor[33m:[39m[31m[91m[35m#bbb[39m[31m[91m[33m;[39m[31m[91mcontent[33m:[39m[31m[91m[32m"/"[39m[31m[91m[33m}[39m[31m[91m[33m.breadcrumb-item+.breadcrumb-item[39m[31m[91m[33m:[39m[31m[91mhover[33m:[39m[31m[91m[33m:[39m[31m[91mbefore[33m{[39m[31m[91mtext-decoration[33m:[39m[31m[91munderline[33m}[39m[31m[91m[33m.breadcrumb-item+.breadcrumb-item[39m[31m[91m[33m:[39m[31m[91mhover[33m:[39m[31m[91m[33m:[39m[31m[91mbefore[33m{[39m[31m[91mtext-decoration[33m:[39m[31m[91mnone[33m}[39m[31m[91m[33m.breadcrumb-item.active[39m[31m[91m[33m{[39m[31m[91mcolor[33m:[39m[31m[91m[35m#bbb[39m[31m[91m[33m}[39m[31m[91m[33m.pagination[39m[31m[91m[33m{[39m[31m[91mdisplay[33m:[39m[31m[91m-ms-flexbox[33m;[39m[31m[91mdisplay[33m:[39m[31m[91mflex[33m;[39m[31m[91mpadding-left[33m:[39m[31m[91m0[33m;[39m[31m[91mmargin-bottom[33m:[39[39m[22m[1m[31mm[91m0[33m;[39m[31m[91mmargin-left[33m:[39m[31m[91m0[33m;[39m[31m[91mlist-style[33m:[39m[31m[91mnone[33m}[39m[31m[91m[33m.page-link[39m[31m[91m[33m{[39m[31m[91mposition[33m:[39m[31m[91mrelative[33m;[39m[31m[91mdisplay[33m:[39m[31m[91mblock[33m;[39m[31m[91mpadding[33m:[39m[31m[91m0 8px[33m;[39m[31m[91mmargin-left[33m:[39m[31m[91m0[33m;[39m[31m[91mcolor[33m:[39m[31m[91m[35m#ff5[39m[31m[91m[33m;[39m[31m[91mbackground-color[33m:[39m[31m[91mtransparent[33m}[39m[31m[91m[33m.page-link[39m[31m[91m[33m:[39m[31m[91mhover[33m{[39m[31m[91mz-index[33m:[39m[31m[91m2[33m;[39m[31m[91mcolor[33m:[39m[31m[91m[35m#bbb[39m[31m[91m[33m;[39m[31m[91mtext-decoration[33m:[39m[31m[91mnone[33m;[39m[31m[91mbackground-color[33m:[39m[31m[91m[35m#000[39m[31m[91m[33m}[39m[31m[91m[33m.page-link[39m[31m[91m[33m:[39m[31m[91mfocus[33m{[39m[31m[91mz-index[33m:[39m[31m[91m3[33m;[39m[31m[91moutline[33m:[39m[31m[91m0[33m;[39m[31m[91mbox-shadow[33m:[39m[31m[91m0 0 0 0 [36mrgba[39m[31m[91m[36m(0,0,0,.25)[39m[31m[91m[33m}[39m[31m[91m[33m.page-item[39m[31m[91m[33m{[39m[31m[91mpadding-left[33m:[39m[31m[91m0[33m}[39m[31m[91m[33m.page-item[39m[31m[91m[33m:[39m[31m[91mfirst-child [33m.page-link[39m[31m[91m[33m{[39m[31m[91mmargin-left[33m:[39m[31m[91m0[33m}[39m[31m[91m[33m.page-item.active[39m[31m[91m [33m.page-link[39m[31m[91m[33m{[39m[31m[91mz-index[33m:[39m[31m[91m3[33m;[39m[31m[91mcolor[33m:[39m[31m[91m[35m#fff[39m[31m[91m[33m;[39m[31m[91mbackground-color[33m:[39m[31m[91m[35m#000[39m[31m[91m[33m}[39m[31m[91m[33m.page-item.disabled[39m[31m[91m [33m.page-link[39m[31m[91m[33m{[39m[31m[91mcolor[33m:[39m[31m[91m[35m#555[39m[31m[91m[33m;[39m[31m[91mpointer-events[33m:[39m[31m[91mnone[33m;[39m[31m[91mcursor[33m:[39m[31m[91mauto[33m}[39m[31m[91m[33m.pagination-lg[39m[31m[91m [33m.page-link[39m[31m[91m[33m{[39m[31m[91mpadding[33m:[39m[31m[91m14px 8px[33m;[39m[31m[91mline-height[33m:[39m[31m[91m14px[33m}[39m[31m[91m[33m.pagination-sm[39m[31m[91m [33m.page-link[39m[31m[91m[33m{[39m[31m[91mpadding[33m:[39m[31m[91m0 0[33m;[39m[31m[91mline-height[33m:[39m[31m[91m14px[33m}[39m[31m[91m[33m.badge[39m[31m[91m[33m{[39m[22m[1m[31m[39m[91mdisplay[33m:[39m[31m[91minline-block[33m;[39m[31m[91mpadding[33m:[39m[31m[91m0 8px[33m;[39m[31m[91mtext-align[33m:[39m[31m[91mcenter[33m;[39m[31m[91mwhite-space[33m:[39m[31m[91mnowrap[33m;[39m[31m[91mvertical-align[33m:[39m[31m[91mbaseline[33m}[39m[31m[91ma.badge[33m:[39m[31m[91mfocus,a.badge[33m:[39m[31m[91mhover[33m{[39m[31m[91mtext-decoration[33m:[39m[31m[91mnone[33m}[39m[31m[91m[33m.badge[39m[31m[91m[33m:[39m[31m[91mempty[33m{[39m[31m[91mdisplay[33m:[39m[31m[91mnone[33m}[39m[31m[91m[33m.btn[39m[31m[91m [33m.badge[39m[31m[91m[33m{[39m[31m[91mposition[33m:[39m[31m[91mrelative[33m;[39m[31m[91mtop[33m:[39m[31m[91m-1px[33m}[39m[31m[91m[33m.badge-primary[39m[31m[91m[33m{[39m[31m[91mcolor[33m:[39m[31m[91m[35m#fff[39m[31m[91m[33m;[39m[31m[91mbackground-color[33m:[39m[31m[91mtransparent[33m}[39m[31m[91m[33m.badge-primary[39m[31m[91m[33m:[39m[31m[91mbefore[33m{[39m[31m[91mcolor[33m:[39m[31m[91m[35m#bbb[39m[31m[91m[33m;[39m[31m[91mcontent[33m:[39m[31m[91m[32m"["[39m[31m[91m[33m}[39m[31m[91m[33m.badge-primary[39m[31m[91m[33m:[39m[31m[91mafter[33m{[39m[31m[91mcolor[33m:[39m[31m[91m[35m#bbb[39m[31m[91m[33m;[39m[31m[91mcontent[33m:[39m[31m[91m[32m"]"[39m[31m[91m[33m}[39m[31m[91ma.badge-primary[33m:[39m[31m[91mfocus,a.badge-primary[33m:[39m[31m[91mhover[33m{[39m[31m[91mcolor[33m:[39m[31m[91m[35m#bbb[39m[31m[91m[33m}[39m[31m[91ma.badge-primary.focus,a.badge-primary[33m:[39m[31m[91mfocus[33m{[39m[31m[91moutline[33m:[39m[31m[91m0[33m}[39m[31m[91m[33m.badge-secondary[39m[31m[91m[33m{[39m[31m[91mcolor[33m:[39m[31m[91m[35m#fff[39m[31m[91m[33m;[39m[31m[91mbackground-color[33m:[39m[31m[91mtransparent[33m}[39m[31m[91m[33m.badge-secondary[39m[31m[91m[33m:[39m[31m[91mbefore[33m{[39m[31m[91mcolor[33m:[39m[31m[91m[35m#bbb[39m[31m[91m[33m;[39m[31m[91mcontent[33m:[39m[31m[91m[32m"["[39m[31m[91m[33m}[39m[31m[91m[33m.badge-secondary[39m[31m[91m[33m:[39m[31m[91mafter[33m{[39m[31m[91mcolor[33m:[39m[31m[91m[35m#bbb[39m[31m[91m[33m;[39m[31m[91mcontent[33m:[39m[31m[91m[32m"]"[39m[31m[91m[33m}[39m[31m[91ma.badge-secondary[33m:[39m[31m[91mfocus,a.badge-secondary[33m:[39m[31m[91mh[39m[22m[1m[31mover[33m{[39m[31m[91mcolor[33m:[39m[31m[91m[35m#bbb[39m[31m[91m[33m}[39m[31m[91ma.badge-secondary.focus,a.badge-secondary[33m:[39m[31m[91mfocus[33m{[39m[31m[91moutline[33m:[39m[31m[91m0[33m}[39m[31m[91m[33m.badge-success[39m[31m[91m[33m{[39m[31m[91mcolor[33m:[39m[31m[91m[35m#5f5[39m[31m[91m[33m;[39m[31m[91mbackground-color[33m:[39m[31m[91mtransparent[33m}[39m[31m[91m[33m.badge-success[39m[31m[91m[33m:[39m[31m[91mbefore[33m{[39m[31m[91mcolor[33m:[39m[31m[91m[35m#0a0[39m[31m[91m[33m;[39m[31m[91mcontent[33m:[39m[31m[91m[32m"["[39m[31m[91m[33m}[39m[31m[91m[33m.badge-success[39m[31m[91m[33m:[39m[31m[91mafter[33m{[39m[31m[91mcolor[33m:[39m[31m[91m[35m#0a0[39m[31m[91m[33m;[39m[31m[91mcontent[33m:[39m[31m[91m[32m"]"[39m[31m[91m[33m}[39m[31m[91ma.badge-success[33m:[39m[31m[91mfocus,a.badge-success[33m:[39m[31m[91mhover[33m{[39m[31m[91mcolor[33m:[39m[31m[91m[35m#fff[39m[31m[91m[33m}[39m[31m[91ma.badge-success.focus,a.badge-success[33m:[39m[31m[91mfocus[33m{[39m[31m[91moutline[33m:[39m[31m[91m0[33m}[39m[31m[91m[33m.badge-info[39m[31m[91m[33m{[39m[31m[91mcolor[33m:[39m[31m[91m[35m#5ff[39m[31m[91m[33m;[39m[31m[91mbackground-color[33m:[39m[31m[91mtransparent[33m}[39m[31m[91m[33m.badge-info[39m[31m[91m[33m:[39m[31m[91mbefore[33m{[39m[31m[91mcolor[33m:[39m[31m[91m[35m#0aa[39m[31m[91m[33m;[39m[31m[91mcontent[33m:[39m[31m[91m[32m"["[39m[31m[91m[33m}[39m[31m[91m[33m.badge-info[39m[31m[91m[33m:[39m[31m[91mafter[33m{[39m[31m[91mcolor[33m:[39m[31m[91m[35m#0aa[39m[31m[91m[33m;[39m[31m[91mcontent[33m:[39m[31m[91m[32m"]"[39m[31m[91m[33m}[39m[31m[91ma.badge-info[33m:[39m[31m[91mfocus,a.badge-info[33m:[39m[31m[91mhover[33m{[39m[31m[91mcolor[33m:[39m[31m[91m[35m#fff[39m[31m[91m[33m}[39m[31m[91ma.badge-info.focus,a.badge-info[33m:[39m[31m[91mfocus[33m{[39m[31m[91moutline[33m:[39m[31m[91m0[33m}[39m[31m[91m[33m.badge-warning[39m[31m[91m[33m{[39m[31m[91mcolor[33m:[39m[31m[91m[35m#ff5[39m[31m[91m[33m;[39m[31m[91mbackground-color[33m:[39m[31m[91mtransparent[33m}[39m[31m[91m[33m.badge-warning[39m[31m[91m[33m:[39m[31m[91mbefore[33m{[39m[31m[91mcolor[33m:[39m[31m[91m[35m#a50[39m[31m[91m[33[39m[22m[1m[31mm;[39m[31m[91mcontent[33m:[39m[31m[91m[32m"["[39m[31m[91m[33m}[39m[31m[91m[33m.badge-warning[39m[31m[91m[33m:[39m[31m[91mafter[33m{[39m[31m[91mcolor[33m:[39m[31m[91m[35m#a50[39m[31m[91m[33m;[39m[31m[91mcontent[33m:[39m[31m[91m[32m"]"[39m[31m[91m[33m}[39m[31m[91ma.badge-warning[33m:[39m[31m[91mfocus,a.badge-warning[33m:[39m[31m[91mhover[33m{[39m[31m[91mcolor[33m:[39m[31m[91m[35m#fff[39m[31m[91m[33m}[39m[31m[91ma.badge-warning.focus,a.badge-warning[33m:[39m[31m[91mfocus[33m{[39m[31m[91moutline[33m:[39m[31m[91m0[33m}[39m[31m[91m[33m.badge-danger[39m[31m[91m[33m{[39m[31m[91mcolor[33m:[39m[31m[91m[35m#f55[39m[31m[91m[33m;[39m[31m[91mbackground-color[33m:[39m[31m[91mtransparent[33m}[39m[31m[91m[33m.badge-danger[39m[31m[91m[33m:[39m[31m[91mbefore[33m{[39m[31m[91mcolor[33m:[39m[31m[91m[35m#a00[39m[31m[91m[33m;[39m[31m[91mcontent[33m:[39m[31m[91m[32m"["[39m[31m[91m[33m}[39m[31m[91m[33m.badge-danger[39m[31m[91m[33m:[39m[31m[91mafter[33m{[39m[31m[91mcolor[33m:[39m[31m[91m[35m#a00[39m[31m[91m[33m;[39m[31m[91mcontent[33m:[39m[31m[91m[32m"]"[39m[31m[91m[33m}[39m[31m[91ma.badge-danger[33m:[39m[31m[91mfocus,a.badge-danger[33m:[39m[31m[91mhover[33m{[39m[31m[91mcolor[33m:[39m[31m[91m[35m#fff[39m[31m[91m[33m}[39m[31m[91ma.badge-danger.focus,a.badge-danger[33m:[39m[31m[91mfocus[33m{[39m[31m[91moutline[33m:[39m[31m[91m0[33m}[39m[31m[91m[33m.badge-light[39m[31m[91m[33m{[39m[31m[91mbackground-color[33m:[39m[31m[91mtransparent[33m}[39m[31m[91m[33m.badge-light[39m[31m[91m[33m:[39m[31m[91mbefore[33m{[39m[31m[91mcolor[33m:[39m[31m[91m[35m#fff[39m[31m[91m[33m;[39m[31m[91mcontent[33m:[39m[31m[91m[32m"["[39m[31m[91m[33m}[39m[31m[91m[33m.badge-light[39m[31m[91m[33m:[39m[31m[91mafter[33m{[39m[31m[91mcolor[33m:[39m[31m[91m[35m#fff[39m[31m[91m[33m;[39m[31m[91mcontent[33m:[39m[31m[91m[32m"]"[39m[31m[91m[33m}[39m[31m[91ma.badge-light[33m:[39m[31m[91mfocus,a.badge-light[33m:[39m[31m[91mhover[33m{[39m[31m[91mcolor[33m:[39m[31m[91m[35m#bbb[39m[31m[91m[33m}[39m[31m[91ma.badge-light.focus,a.badge-light[33m:[39m[31m[91mfocus[33m{[39m[31m[91moutline[33m:[39m[31m[91m0[33m}[39m[31m[91m[33m.badge-da[39m[22m[1m[31mrk[39m[31m[91m[33m{[39m[31m[91mcolor[33m:[39m[31m[91m[35m#555[39m[31m[91m[33m;[39m[31m[91mbackground-color[33m:[39m[31m[91mtransparent[33m}[39m[31m[91m[33m.badge-dark[39m[31m[91m[33m:[39m[31m[91mbefore[33m{[39m[31m[91mcolor[33m:[39m[31m[91m[35m#000[39m[31m[91m[33m;[39m[31m[91mcontent[33m:[39m[31m[91m[32m"["[39m[31m[91m[33m}[39m[31m[91m[33m.badge-dark[39m[31m[91m[33m:[39m[31m[91mafter[33m{[39m[31m[91mcolor[33m:[39m[31m[91m[35m#000[39m[31m[91m[33m;[39m[31m[91mcontent[33m:[39m[31m[91m[32m"]"[39m[31m[91m[33m}[39m[31m[91ma.badge-dark[33m:[39m[31m[91mfocus,a.badge-dark[33m:[39m[31m[91mhover[33m{[39m[31m[91mcolor[33m:[39m[31m[91m[35m#fff[39m[31m[91m[33m}[39m[31m[91ma.badge-dark.focus,a.badge-dark[33m:[39m[31m[91mfocus[33m{[39m[31m[91moutline[33m:[39m[31m[91m0[33m}[39m[31m[91m[33m.badge-pill[39m[31m[91m[33m:[39m[31m[91mbefore[33m{[39m[31m[91mcontent[33m:[39m[31m[91m[32m"("[39m[31m[91m[33m}[39m[31m[91m[33m.badge-pill[39m[31m[91m[33m:[39m[31m[91mafter[33m{[39m[31m[91mcontent[33m:[39m[31m[91m[32m")"[39m[31m[91m[33m}[39m[31m[91m[33m.jumbotron[39m[31m[91m[33m{[39m[31m[91mpadding[33m:[39m[31m[91m28px 16px[33m;[39m[31m[91mmargin-bottom[33m:[39m[31m[91m28px 16px[33m;[39m[31m[91mcolor[33m:[39m[31m[91m[35m#000[39m[31m[91m[33m;[39m[31m[91mbackground-color[33m:[39m[31m[91m[35m#bbb[39m[31m[91m[33m;[39m[31m[91mborder[33m:[39m[31m[91m[33m.875px[39m[31m[91m solid [35m#000[39m[31m[91m[33m;[39m[31m[91mmargin-top[33m:[39m[31m[91m7px[33m;[39m[31m[91mpadding-top[33m:[39m[31m[91m6.125px[33m;[39m[31m[91mpadding-bottom[33m:[39m[31m[91m7px[33m;[39m[31m[91mmargin-bottom[33m:[39m[31m[91m6.125px[33m;[39m[31m[91mborder-left-width[33m:[39m[31m[91m2px[33m;[39m[31m[91mborder-right-width[33m:[39m[31m[91m2px[33m;[39m[31m[91mmargin-left[33m:[39m[31m[91m3.5px[33m;[39m[31m[91mpadding-left[33m:[39m[31m[91m10.5px[33m;[39m[31m[91mpadding-right[33m:[39m[31m[91m11.5px[33m;[39m[31m[91mmargin-right[33m:[39m[31m[91m2.5px[33m;[39m[31m[91mbox-shadow[33m:[39m[31m[91m-3.5px -7px 0 0 [35m#bbb,2.5px[39m[31m[91m 6.125px 0 0 [35m#bbb,-3.5px[39m[31m[91m 6.125px 0 0 [35m#bbb,2.5px[39m[31m[91m -7px 0 0 [35m#bbb[3[39m[22m[1m[31m9m[91m[33m;[39m[31m[91mdisplay[33m:[39m[31m[91minline-block[33m;[39m[31m[91mwidth[33m:[39m[31m[91m[36mcalc[39m[31m[91m[36m(100% - 6px)[39m[31m[91m[33m}[39m[31m[91m[33m.jumbotron[39m[31m[91m [33m.display-4[39m[31m[91m[33m{[39m[31m[91mtext-indent[33m:[39m[31m[91m0[33m;[39m[31m[91mposition[33m:[39m[31m[91mabsolute[33m;[39m[31m[91mpadding[33m:[39m[31m[91m0 11px[33m;[39m[31m[91mtop[33m:[39m[31m[91m-7px[33m;[39m[31m[91mmargin[33m:[39m[31m[91m0[33m;[39m[31m[91mleft[33m:[39m[31m[91m20px[33m;[39m[31m[91mbackground[33m:[39m[31m[91m[35m#bbb[39m[31m[91m[33m;[39m[31m[91mborder-left[33m:[39m[31m[91m3px double [35m#000[39m[31m[91m[33m;[39m[31m[91mborder-right[33m:[39m[31m[91m3px double [35m#000[39m[31m[91m[33m}[39m[31m[91m[33m.jumbotron-fluid[39m[31m[91m[33m{[39m[31m[91mpadding-right[33m:[39m[31m[91m0[33m;[39m[31m[91mpadding-left[33m:[39m[31m[91m0[33m}[39m[31m[91m[33m.alert[39m[31m[91m[33m{[39m[31m[91mposition[33m:[39m[31m[91mrelative[33m;[39m[31m[91mpadding[33m:[39m[31m[91m0 8px 14px[33m;[39m[31m[91mmargin-bottom[33m:[39m[31m[91m0[33m;[39m[31m[91mborder[33m:[39m[31m[91m0 solid transparent[33m;[39m[31m[91mbackground[33m:[39m[31m[91m[35m#bbb[39m[31m[91m[33m;[39m[31m[91mcolor[33m:[39m[31m[91m[35m#000[39m[31m[91m[33m}[39m[31m[91m[33m.alert[39m[31m[91m [33m.alert-link[39m[31m[91m[33m{[39m[31m[91mcolor[33m:[39m[31m[91m[35m#000084[39m[31m[91m[33m}[39m[31m[91m[33m.alert[39m[31m[91m [33m.alert-link[39m[31m[91m[33m:[39m[31m[91mhover[33m{[39m[31m[91mbackground[33m:[39m[31m[91m0 0[33m;[39m[31m[91mcolor[33m:[39m[31m[91m[35m#55f[39m[31m[91m[33m}[39m[31m[91m[33m.alert-heading[39m[31m[91m[33m{[39m[31m[91mcolor[33m:[39m[31m[91minherit[33m}[39m[31m[91m[33m.alert-dismissible[39m[31m[91m [33m.close[39m[31m[91m[33m{[39m[31m[91mposition[33m:[39m[31m[91mabsolute[33m;[39m[31m[91mtop[33m:[39m[31m[91m0[33m;[39m[31m[91mright[33m:[39m[31m[91m0[33m;[39m[31m[91mpadding[33m:[39m[31m[91m0 8px[33m}[39m[31m[91m[33m.alert-primary[39m[31m[91m[33m:[39m[31m[91m[33m:[39m[31m[91mbefore[33m{[39m[31m[91mmargin[33m:[39m[31m[91m0 -8px 14px[33m;[39m[31m[91mpadding[33m:[39m[31m[91m0 8px[33m;[39m[31m[91mdisplay[3[39m[22m[1m[31m3m:[39m[31m[91mblock[33m;[39m[31m[91mtext-transform[33m:[39m[31m[91mcapitalize[33m;[39m[31m[91mcolor[33m:[39m[31m[91m[35m#fff[39m[31m[91m[33m;[39m[31m[91mbackground[33m:[39m[31m[91m[35m#555[39m[31m[91m[33m;[39m[31m[91mcontent[33m:[39m[31m[91m[32m"Alert"[39m[31m[91m[33m}[39m[31m[91m[33m.alert-secondary[39m[31m[91m[33m:[39m[31m[91m[33m:[39m[31m[91mbefore[33m{[39m[31m[91mmargin[33m:[39m[31m[91m0 -8px 14px[33m;[39m[31m[91mpadding[33m:[39m[31m[91m0 8px[33m;[39m[31m[91mdisplay[33m:[39m[31m[91mblock[33m;[39m[31m[91mtext-transform[33m:[39m[31m[91mcapitalize[33m;[39m[31m[91mcolor[33m:[39m[31m[91m[35m#fff[39m[31m[91m[33m;[39m[31m[91mbackground[33m:[39m[31m[91m[35m#555[39m[31m[91m[33m;[39m[31m[91mcontent[33m:[39m[31m[91m[32m"Alert"[39m[31m[91m[33m}[39m[31m[91m[33m.alert-success[39m[31m[91m[33m:[39m[31m[91m[33m:[39m[31m[91mbefore[33m{[39m[31m[91mmargin[33m:[39m[31m[91m0 -8px 14px[33m;[39m[31m[91mpadding[33m:[39m[31m[91m0 8px[33m;[39m[31m[91mdisplay[33m:[39m[31m[91mblock[33m;[39m[31m[91mtext-transform[33m:[39m[31m[91mcapitalize[33m;[39m[31m[91mcolor[33m:[39m[31m[91m[35m#fff[39m[31m[91m[33m;[39m[31m[91mbackground[33m:[39m[31m[91m[35m#0a0[39m[31m[91m[33m;[39m[31m[91mcontent[33m:[39m[31m[91m[32m"success"[39m[31m[91m[33m}[39m[31m[91m[33m.alert-info[39m[31m[91m[33m:[39m[31m[91m[33m:[39m[31m[91mbefore[33m{[39m[31m[91mmargin[33m:[39m[31m[91m0 -8px 14px[33m;[39m[31m[91mpadding[33m:[39m[31m[91m0 8px[33m;[39m[31m[91mdisplay[33m:[39m[31m[91mblock[33m;[39m[31m[91mtext-transform[33m:[39m[31m[91mcapitalize[33m;[39m[31m[91mcolor[33m:[39m[31m[91m[35m#fff[39m[31m[91m[33m;[39m[31m[91mbackground[33m:[39m[31m[91m[35m#0aa[39m[31m[91m[33m;[39m[31m[91mcontent[33m:[39m[31m[91m[32m"info"[39m[31m[91m[33m}[39m[31m[91m[33m.alert-warning[39m[31m[91m[33m:[39m[31m[91m[33m:[39m[31m[91mbefore[33m{[39m[31m[91mmargin[33m:[39m[31m[91m0 -8px 14px[33m;[39m[31m[91mpadding[33m:[39m[31m[91m0 8px[33m;[39m[31m[91mdisplay[33m:[39m[31m[91mblock[33m;[39m[31m[91mtext-transform[33m:[39m[31m[91mcapitalize[33m;[39m[31m[91mcolor[33m:[39m[31m[91m[35m#fff[39m[31m[91m[33m;[39m[31m[91mbackground[33m:[39m[31m[91m[35m#a50[3[39m[22m[1m[31m9m[91m[33m;[39m[31m[91mcontent[33m:[39m[31m[91m[32m"warning"[39m[31m[91m[33m}[39m[31m[91m[33m.alert-danger[39m[31m[91m[33m:[39m[31m[91m[33m:[39m[31m[91mbefore[33m{[39m[31m[91mmargin[33m:[39m[31m[91m0 -8px 14px[33m;[39m[31m[91mpadding[33m:[39m[31m[91m0 8px[33m;[39m[31m[91mdisplay[33m:[39m[31m[91mblock[33m;[39m[31m[91mtext-transform[33m:[39m[31m[91mcapitalize[33m;[39m[31m[91mcolor[33m:[39m[31m[91m[35m#fff[39m[31m[91m[33m;[39m[31m[91mbackground[33m:[39m[31m[91m[35m#a00[39m[31m[91m[33m;[39m[31m[91mcontent[33m:[39m[31m[91m[32m"danger"[39m[31m[91m[33m}[39m[31m[91m[33m.alert-light[39m[31m[91m[33m:[39m[31m[91m[33m:[39m[31m[91mbefore[33m{[39m[31m[91mmargin[33m:[39m[31m[91m0 -8px 14px[33m;[39m[31m[91mpadding[33m:[39m[31m[91m0 8px[33m;[39m[31m[91mdisplay[33m:[39m[31m[91mblock[33m;[39m[31m[91mtext-transform[33m:[39m[31m[91mcapitalize[33m;[39m[31m[91mcolor[33m:[39m[31m[91m[35m#fff[39m[31m[91m[33m;[39m[31m[91mcontent[33m:[39m[31m[91m[32m"Alert"[39m[31m[91m[33m;[39m[31m[91mbackground[33m:[39m[31m[91m[35m#a0a[39m[31m[91m[33m}[39m[31m[91m[33m.alert-dark[39m[31m[91m[33m:[39m[31m[91m[33m:[39m[31m[91mbefore[33m{[39m[31m[91mmargin[33m:[39m[31m[91m0 -8px 14px[33m;[39m[31m[91mpadding[33m:[39m[31m[91m0 8px[33m;[39m[31m[91mdisplay[33m:[39m[31m[91mblock[33m;[39m[31m[91mtext-transform[33m:[39m[31m[91mcapitalize[33m;[39m[31m[91mcolor[33m:[39m[31m[91m[35m#fff[39m[31m[91m[33m;[39m[31m[91mbackground[33m:[39m[31m[91m[35m#000[39m[31m[91m[33m;[39m[31m[91mcontent[33m:[39m[31m[91m[32m"dark"[39m[31m[91m[33m}[39m[31m[91m[33m.progress[39m[31m[91m[33m{[39m[31m[91mdisplay[33m:[39m[31m[91m-ms-flexbox[33m;[39m[31m[91mdisplay[33m:[39m[31m[91mflex[33m;[39m[31m[91mheight[33m:[39m[31m[91m14px[33m;[39m[31m[91mbackground[33m:[39m[31m[91m[36murl[39m[31m[91m[36m(../fonts/shade-50-grayLight.svg)[39m[31m[91m repeat-x left center[33m}[39m[31m[91m[33m.progress-bar[39m[31m[91m[33m{[39m[31m[91mdisplay[33m:[39m[31m[91m-ms-flexbox[33m;[39m[31m[91mdisplay[33m:[39m[31m[91mflex[33m;[39m[31m[91m-ms-flex-direction[33m:[39m[31m[91mcolumn[33m;[39m[31m[91mflex-direction[33m:[39m[31m[91mcolumn[33m;[39m[31m[91m-ms-flex-[39m[22m[1m[31mpack[33m:[39m[31m[91mcenter[33m;[39m[31m[91mjustify-content[33m:[39m[31m[91mcenter[33m;[39m[31m[91moverflow[33m:[39m[31m[91mhidden[33m;[39m[31m[91mcolor[33m:[39m[31m[91m[35m#fff[39m[31m[91m[33m;[39m[31m[91mtext-align[33m:[39m[31m[91mcenter[33m;[39m[31m[91mwhite-space[33m:[39m[31m[91mnowrap[33m;[39m[31m[91mbackground-color[33m:[39m[31m[91m[35m#ff0[39m[31m[91m[33m}[39m[31m[91m[33m.progress-bar-striped[39m[31m[91m[33m{[39m[31m[91mbackground-size[33m:[39m[31m[91m14px 14px[33m}[39m[31m[91m[33m.media[39m[31m[91m[33m{[39m[31m[91mdisplay[33m:[39m[31m[91m-ms-flexbox[33m;[39m[31m[91mdisplay[33m:[39m[31m[91mflex[33m;[39m[31m[91m-ms-flex-align[33m:[39m[31m[91mstart[33m;[39m[31m[91malign-items[33m:[39m[31m[91mflex-start[33m}[39m[31m[91m[33m.media-body[39m[31m[91m[33m{[39m[31m[91m-ms-flex[33m:[39m[31m[91m1[33m;[39m[31m[91mflex[33m:[39m[31m[91m1[33m}[39m[31m[91m[33m.list-group[39m[31m[91m[33m{[39m[31m[91mdisplay[33m:[39m[31m[91m-ms-flexbox[33m;[39m[31m[91mdisplay[33m:[39m[31m[91mflex[33m;[39m[31m[91m-ms-flex-direction[33m:[39m[31m[91mcolumn[33m;[39m[31m[91mflex-direction[33m:[39m[31m[91mcolumn[33m;[39m[31m[91mmargin-bottom[33m:[39m[31m[91m0[33m;[39m[31m[91mborder[33m:[39m[31m[91m[33m.875px[39m[31m[91m solid [35m#bbb[39m[31m[91m[33m;[39m[31m[91mmargin-top[33m:[39m[31m[91m7px[33m;[39m[31m[91mpadding-top[33m:[39m[31m[91m6.125px[33m;[39m[31m[91mpadding-bottom[33m:[39m[31m[91m7px[33m;[39m[31m[91mmargin-bottom[33m:[39m[31m[91m6.125px[33m;[39m[31m[91mborder-left-width[33m:[39m[31m[91m2px[33m;[39m[31m[91mborder-right-width[33m:[39m[31m[91m2px[33m;[39m[31m[91mmargin-left[33m:[39m[31m[91m3.5px[33m;[39m[31m[91mpadding-left[33m:[39m[31m[91m2.5px[33m;[39m[31m[91mpadding-right[33m:[39m[31m[91m3.5px[33m;[39m[31m[91mmargin-right[33m:[39m[31m[91m2.5px[33m;[39m[31m[91mdisplay[33m:[39m[31m[91minline-block[33m;[39m[31m[91mwidth[33m:[39m[31m[91m[36mcalc[39m[31m[91m[36m(100% - 6px)[39m[31m[91m[33m}[39m[31m[91m[33m.list-group-item-action[39m[31m[91m[33m{[39m[31m[91mwidth[33m:[39m[31m[91m100%[33m;[39m[31m[91mcolor[33m:[39m[31m[91m[35m#bbb[39m[31m[91m[33m;[39m[31m[91mtext-align[33m:[39m[31m[39m[22m[1m[31m[91minherit[33m}[39m[31m[91m[33m.list-group-item-action[39m[31m[91m[33m:[39m[31m[91mfocus,.list-group-item-action[33m:[39m[31m[91mhover[33m{[39m[31m[91mz-index[33m:[39m[31m[91m1[33m;[39m[31m[91mcolor[33m:[39m[31m[91m[35m#bbb[39m[31m[91m[33m;[39m[31m[91mtext-decoration[33m:[39m[31m[91mnone[33m;[39m[31m[91mbackground-color[33m:[39m[31m[91m[35m#555[39m[31m[91m[33m}[39m[31m[91m[33m.list-group-item-action[39m[31m[91m[33m:[39m[31m[91mactive[33m{[39m[31m[91mcolor[33m:[39m[31m[91m[35m#bbb[39m[31m[91m[33m;[39m[31m[91mbackground-color[33m:[39m[31m[91m[35m#555[39m[31m[91m[33m}[39m[31m[91m[33m.list-group-item[39m[31m[91m[33m{[39m[31m[91mposition[33m:[39m[31m[91mrelative[33m;[39m[31m[91mdisplay[33m:[39m[31m[91mblock[33m;[39m[31m[91mpadding[33m:[39m[31m[91m14px 8px[33m;[39m[31m[91mbackground-color[33m:[39m[31m[91mtransparent[33m}[39m[31m[91m[33m.list-group-item.disabled,.list-group-item[39m[31m[91m[33m:[39m[31m[91mdisabled[33m{[39m[31m[91mcolor[33m:[39m[31m[91m[35m#555[39m[31m[91m[33m;[39m[31m[91mpointer-events[33m:[39m[31m[91mnone[33m;[39m[31m[91mbackground-color[33m:[39m[31m[91mtransparent[33m}[39m[31m[91m[33m.list-group-item.active[39m[31m[91m[33m{[39m[31m[91mz-index[33m:[39m[31m[91m2[33m;[39m[31m[91mcolor[33m:[39m[31m[91m[35m#fff[39m[31m[91m[33m;[39m[31m[91mbackground-color[33m:[39m[31m[91m[35m#000[39m[31m[91m[33m;[39m[31m[91mborder-color[33m:[39m[31m[91m[35m#000[39m[31m[91m[33m}[39m[31m[91m[33m.list-group-item+.list-group-item[39m[31m[91m[33m{[39m[31m[91mborder-top-width[33m:[39m[31m[91m0[33m}[39m[31m[91m[33m.list-group-item+.list-group-item.active[39m[31m[91m[33m{[39m[31m[91mmargin-top[33m:[39m[31m[91m0[33m;[39m[31m[91mborder-top-width[33m:[39m[31m[91m0[33m}[39m[31m[91m[33m.list-group-horizontal[39m[31m[91m[33m{[39m[31m[91m-ms-flex-direction[33m:[39m[31m[91mrow[33m;[39m[31m[91mflex-direction[33m:[39m[31m[91mrow[33m}[39m[31m[91m[33m.list-group-horizontal[39m[31m[91m [33m.list-group-item.active[39m[31m[91m[33m{[39m[31m[91mmargin-top[33m:[39m[31m[91m0[33m}[39m[31m[91m[33m.list-group-horizontal[39m[31m[91m [33m.list-group-item+.list-group-item[39m[31m[91m[39m[22m[1m[31m[33m{[39m[31m[91mborder-top-width[33m:[39m[31m[91m0[33m;[39m[31m[91mborder-left-width[33m:[39m[31m[91m0[33m}[39m[31m[91m[33m.list-group-horizontal[39m[31m[91m [33m.list-group-item+.list-group-item.active[39m[31m[91m[33m{[39m[31m[91mmargin-left[33m:[39m[31m[91m0[33m;[39m[31m[91mborder-left-width[33m:[39m[31m[91m0[33m}[39m[31m[91m[36m@media[39m[31m[91m[36m [39m[31m[91m[36m(min-width:576px)[39m[31m[91m[33m{[39m[31m[91m[33m.list-group-horizontal-sm[39m[31m[91m[33m{[39m[31m[91m-ms-flex-direction[33m:[39m[31m[91mrow[33m;[39m[31m[91mflex-direction[33m:[39m[31m[91mrow[33m}[39m[31m[91m[33m.list-group-horizontal-sm[39m[31m[91m [33m.list-group-item.active[39m[31m[91m[33m{[39m[31m[91mmargin-top[33m:[39m[31m[91m0[33m}[39m[31m[91m[33m.list-group-horizontal-sm[39m[31m[91m [33m.list-group-item+.list-group-item[39m[31m[91m[33m{[39m[31m[91mborder-top-width[33m:[39m[31m[91m0[33m;[39m[31m[91mborder-left-width[33m:[39m[31m[91m0[33m}[39m[31m[91m[33m.list-group-horizontal-sm[39m[31m[91m [33m.list-group-item+.list-group-item.active[39m[31m[91m[33m{[39m[31m[91mmargin-left[33m:[39m[31m[91m0[33m;[39m[31m[91mborder-left-width[33m:[39m[31m[91m0[33m}[39m[31m[91m[33m}[39m[31m[91m[36m@media[39m[31m[91m[36m [39m[31m[91m[36m(min-width:768px)[39m[31m[91m[33m{[39m[31m[91m[33m.list-group-horizontal-md[39m[31m[91m[33m{[39m[31m[91m-ms-flex-direction[33m:[39m[31m[91mrow[33m;[39m[31m[91mflex-direction[33m:[39m[31m[91mrow[33m}[39m[31m[91m[33m.list-group-horizontal-md[39m[31m[91m [33m.list-group-item.active[39m[31m[91m[33m{[39m[31m[91mmargin-top[33m:[39m[31m[91m0[33m}[39m[31m[91m[33m.list-group-horizontal-md[39m[31m[91m [33m.list-group-item+.list-group-item[39m[31m[91m[33m{[39m[31m[91mborder-top-width[33m:[39m[31m[91m0[33m;[39m[31m[91mborder-left-width[33m:[39m[31m[91m0[33m}[39m[31m[91m[33m.list-group-horizontal-md[39m[31m[91m [33m.list-group-item+.list-group-item.active[39m[31m[91m[33m{[39m[31m[91mmargin-left[33m:[39m[31m[91m0[33m;[39m[31m[91mborder-left-width[33m:[39m[31m[91m0[33m}[39m[31m[91m[33m}[39m[31m[91m[36m@media[39m[31m[91m[36m [39m[31m[91m[36m(min-width:960px)[39m[31m[91[39m[22m[1m[31mm[33m{[39m[31m[91m[33m.list-group-horizontal-lg[39m[31m[91m[33m{[39m[31m[91m-ms-flex-direction[33m:[39m[31m[91mrow[33m;[39m[31m[91mflex-direction[33m:[39m[31m[91mrow[33m}[39m[31m[91m[33m.list-group-horizontal-lg[39m[31m[91m [33m.list-group-item.active[39m[31m[91m[33m{[39m[31m[91mmargin-top[33m:[39m[31m[91m0[33m}[39m[31m[91m[33m.list-group-horizontal-lg[39m[31m[91m [33m.list-group-item+.list-group-item[39m[31m[91m[33m{[39m[31m[91mborder-top-width[33m:[39m[31m[91m0[33m;[39m[31m[91mborder-left-width[33m:[39m[31m[91m0[33m}[39m[31m[91m[33m.list-group-horizontal-lg[39m[31m[91m [33m.list-group-item+.list-group-item.active[39m[31m[91m[33m{[39m[31m[91mmargin-left[33m:[39m[31m[91m0[33m;[39m[31m[91mborder-left-width[33m:[39m[31m[91m0[33m}[39m[31m[91m[33m}[39m[31m[91m[36m@media[39m[31m[91m[36m [39m[31m[91m[36m(min-width:1152px)[39m[31m[91m[33m{[39m[31m[91m[33m.list-group-horizontal-xl[39m[31m[91m[33m{[39m[31m[91m-ms-flex-direction[33m:[39m[31m[91mrow[33m;[39m[31m[91mflex-direction[33m:[39m[31m[91mrow[33m}[39m[31m[91m[33m.list-group-horizontal-xl[39m[31m[91m [33m.list-group-item.active[39m[31m[91m[33m{[39m[31m[91mmargin-top[33m:[39m[31m[91m0[33m}[39m[31m[91m[33m.list-group-horizontal-xl[39m[31m[91m [33m.list-group-item+.list-group-item[39m[31m[91m[33m{[39m[31m[91mborder-top-width[33m:[39m[31m[91m0[33m;[39m[31m[91mborder-left-width[33m:[39m[31m[91m0[33m}[39m[31m[91m[33m.list-group-horizontal-xl[39m[31m[91m [33m.list-group-item+.list-group-item.active[39m[31m[91m[33m{[39m[31m[91mmargin-left[33m:[39m[31m[91m0[33m;[39m[31m[91mborder-left-width[33m:[39m[31m[91m0[33m}[39m[31m[91m[33m}[39m[31m[91m[33m.list-group-flush[39m[31m[91m [33m.list-group-item[39m[31m[91m[33m{[39m[31m[91mborder-right-width[33m:[39m[31m[91m0[33m;[39m[31m[91mborder-left-width[33m:[39m[31m[91m0[33m}[39m[31m[91m[33m.list-group-flush[39m[31m[91m [33m.list-group-item[39m[31m[91m[33m:[39m[31m[91mfirst-child[33m{[39m[31m[91mborder-top-width[33m:[39m[31m[91m0[33m}[39m[31m[91m[33m.list-group-flush[39m[31m[91m[33m:[39m[31m[91mlast-child [33m.list-group-item[39m[31m[91m[33m:[39m[31m[91mlast-child[39m[22m[1m[31m[33m{[39m[31m[91mborder-bottom-width[33m:[39m[31m[91m0[33m}[39m[31m[91m[33m.list-group-item-primary[39m[31m[91m[33m{[39m[31m[91mcolor[33m:[39m[31m[91m[35m#fff[39m[31m[91m[33m;[39m[31m[91mbackground-color[33m:[39m[31m[91m[35m#fff[39m[31m[91m[33m}[39m[31m[91m[33m.list-group-item-primary.list-group-item-action[39m[31m[91m[33m:[39m[31m[91mfocus,.list-group-item-primary.list-group-item-action[33m:[39m[31m[91mhover[33m{[39m[31m[91mcolor[33m:[39m[31m[91m[35m#fff[39m[31m[91m[33m;[39m[31m[91mbackground-color[33m:[39m[31m[91m[35m#fff[39m[31m[91m[33m}[39m[31m[91m[33m.list-group-item-primary.list-group-item-action.active[39m[31m[91m[33m{[39m[31m[91mcolor[33m:[39m[31m[91m[35m#fff[39m[31m[91m[33m;[39m[31m[91mbackground-color[33m:[39m[31m[91m[35m#fff[39m[31m[91m[33m;[39m[31m[91mborder-color[33m:[39m[31m[91m[35m#fff[39m[31m[91m[33m}[39m[31m[91m[33m.list-group-item-secondary[39m[31m[91m[33m{[39m[31m[91mcolor[33m:[39m[31m[91m[35m#fff[39m[31m[91m[33m;[39m[31m[91mbackground-color[33m:[39m[31m[91m[35m#fff[39m[31m[91m[33m}[39m[31m[91m[33m.list-group-item-secondary.list-group-item-action[39m[31m[91m[33m:[39m[31m[91mfocus,.list-group-item-secondary.list-group-item-action[33m:[39m[31m[91mhover[33m{[39m[31m[91mcolor[33m:[39m[31m[91m[35m#fff[39m[31m[91m[33m;[39m[31m[91mbackground-color[33m:[39m[31m[91m[35m#fff[39m[31m[91m[33m}[39m[31m[91m[33m.list-group-item-secondary.list-group-item-action.active[39m[31m[91m[33m{[39m[31m[91mcolor[33m:[39m[31m[91m[35m#fff[39m[31m[91m[33m;[39m[31m[91mbackground-color[33m:[39m[31m[91m[35m#fff[39m[31m[91m[33m;[39m[31m[91mborder-color[33m:[39m[31m[91m[35m#fff[39m[31m[91m[33m}[39m[31m[91m[33m.list-group-item-success[39m[31m[91m[33m{[39m[31m[91mcolor[33m:[39m[31m[91m[35m#5f5[39m[31m[91m[33m;[39m[31m[91mbackground-color[33m:[39m[31m[91m[35m#5f5[39m[31m[91m[33m}[39m[31m[91m[33m.list-group-item-success.list-group-item-action[39m[31m[91m[33m:[39m[31m[91mfocus,.list-group-item-success.list-group-item-action[33m:[39m[31m[91mhover[33m{[39m[31m[91mcolor[33m:[39m[31m[91m[35m#5f5[39m[31m[91m[33m;[39m[31m[91mbackground-color[33m:[39m[31m[91m[35m#5f5[39m[22m[1m[31m[39m[91m[33m}[39m[31m[91m[33m.list-group-item-success.list-group-item-action.active[39m[31m[91m[33m{[39m[31m[91mcolor[33m:[39m[31m[91m[35m#fff[39m[31m[91m[33m;[39m[31m[91mbackground-color[33m:[39m[31m[91m[35m#5f5[39m[31m[91m[33m;[39m[31m[91mborder-color[33m:[39m[31m[91m[35m#5f5[39m[31m[91m[33m}[39m[31m[91m[33m.list-group-item-info[39m[31m[91m[33m{[39m[31m[91mcolor[33m:[39m[31m[91m[35m#5ff[39m[31m[91m[33m;[39m[31m[91mbackground-color[33m:[39m[31m[91m[35m#5ff[39m[31m[91m[33m}[39m[31m[91m[33m.list-group-item-info.list-group-item-action[39m[31m[91m[33m:[39m[31m[91mfocus,.list-group-item-info.list-group-item-action[33m:[39m[31m[91mhover[33m{[39m[31m[91mcolor[33m:[39m[31m[91m[35m#5ff[39m[31m[91m[33m;[39m[31m[91mbackground-color[33m:[39m[31m[91m[35m#5ff[39m[31m[91m[33m}[39m[31m[91m[33m.list-group-item-info.list-group-item-action.active[39m[31m[91m[33m{[39m[31m[91mcolor[33m:[39m[31m[91m[35m#fff[39m[31m[91m[33m;[39m[31m[91mbackground-color[33m:[39m[31m[91m[35m#5ff[39m[31m[91m[33m;[39m[31m[91mborder-color[33m:[39m[31m[91m[35m#5ff[39m[31m[91m[33m}[39m[31m[91m[33m.list-group-item-warning[39m[31m[91m[33m{[39m[31m[91mcolor[33m:[39m[31m[91m[35m#ff5[39m[31m[91m[33m;[39m[31m[91mbackground-color[33m:[39m[31m[91m[35m#ff5[39m[31m[91m[33m}[39m[31m[91m[33m.list-group-item-warning.list-group-item-action[39m[31m[91m[33m:[39m[31m[91mfocus,.list-group-item-warning.list-group-item-action[33m:[39m[31m[91mhover[33m{[39m[31m[91mcolor[33m:[39m[31m[91m[35m#ff5[39m[31m[91m[33m;[39m[31m[91mbackground-color[33m:[39m[31m[91m[35m#ff5[39m[31m[91m[33m}[39m[31m[91m[33m.list-group-item-warning.list-group-item-action.active[39m[31m[91m[33m{[39m[31m[91mcolor[33m:[39m[31m[91m[35m#fff[39m[31m[91m[33m;[39m[31m[91mbackground-color[33m:[39m[31m[91m[35m#ff5[39m[31m[91m[33m;[39m[31m[91mborder-color[33m:[39m[31m[91m[35m#ff5[39m[31m[91m[33m}[39m[31m[91m[33m.list-group-item-danger[39m[31m[91m[33m{[39m[31m[91mcolor[33m:[39m[31m[91m[35m#f55[39m[31m[91m[33m;[39m[31m[91mbackground-color[33m:[39m[31m[91m[35m#f55[39m[31m[91m[33m}[39m[31m[91m[33m.list-group-item-danger.list-group-item-action[39m[31m[9[39m[22m[1m[31m1m[33m:[39m[31m[91mfocus,.list-group-item-danger.list-group-item-action[33m:[39m[31m[91mhover[33m{[39m[31m[91mcolor[33m:[39m[31m[91m[35m#f55[39m[31m[91m[33m;[39m[31m[91mbackground-color[33m:[39m[31m[91m[35m#f55[39m[31m[91m[33m}[39m[31m[91m[33m.list-group-item-danger.list-group-item-action.active[39m[31m[91m[33m{[39m[31m[91mcolor[33m:[39m[31m[91m[35m#fff[39m[31m[91m[33m;[39m[31m[91mbackground-color[33m:[39m[31m[91m[35m#f55[39m[31m[91m[33m;[39m[31m[91mborder-color[33m:[39m[31m[91m[35m#f55[39m[31m[91m[33m}[39m[31m[91m[33m.list-group-item-light.list-group-item-action.active[39m[31m[91m[33m{[39m[31m[91mcolor[33m:[39m[31m[91m[35m#fff[39m[31m[91m[33m}[39m[31m[91m[33m.list-group-item-dark[39m[31m[91m[33m{[39m[31m[91mcolor[33m:[39m[31m[91m[35m#555[39m[31m[91m[33m;[39m[31m[91mbackground-color[33m:[39m[31m[91m[35m#555[39m[31m[91m[33m}[39m[31m[91m[33m.list-group-item-dark.list-group-item-action[39m[31m[91m[33m:[39m[31m[91mfocus,.list-group-item-dark.list-group-item-action[33m:[39m[31m[91mhover[33m{[39m[31m[91mcolor[33m:[39m[31m[91m[35m#555[39m[31m[91m[33m;[39m[31m[91mbackground-color[33m:[39m[31m[91m[35m#555[39m[31m[91m[33m}[39m[31m[91m[33m.list-group-item-dark.list-group-item-action.active[39m[31m[91m[33m{[39m[31m[91mcolor[33m:[39m[31m[91m[35m#fff[39m[31m[91m[33m;[39m[31m[91mbackground-color[33m:[39m[31m[91m[35m#555[39m[31m[91m[33m;[39m[31m[91mborder-color[33m:[39m[31m[91m[35m#555[39m[31m[91m[33m}[39m[31m[91m[33m.close[39m[31m[91m[33m{[39m[31m[91mfloat[33m:[39m[31m[91mright[33m;[39m[31m[91mline-height[33m:[39m[31m[91m1[33m;[39m[31m[91mcolor[33m:[39m[31m[91m[35m#fff[39m[31m[91m[33m}[39m[31m[91m[33m.close[39m[31m[91m[33m:[39m[31m[91mhover[33m{[39m[31m[91mcolor[33m:[39m[31m[91m[35m#fff[39m[31m[91m[33m;[39m[31m[91mtext-decoration[33m:[39m[31m[91mnone[33m}[39m[31m[91mbutton.close[33m{[39m[31m[91mpadding[33m:[39m[31m[91m0 0 0 8px[33m;[39m[31m[91mbackground-color[33m:[39m[31m[91mtransparent[33m;[39m[31m[91mborder[33m:[39m[31m[91m0[33m;[39m[31m[91m-webkit-appearance[33m:[39m[31m[91mnone[33m;[39m[31m[91m-moz-appearance[33m:[39m[31m[91mnone[33m;[39m[31m[91mappearance[39m[22m[1m[31m[33m:[39m[31m[91mnone[33m}[39m[31m[91ma.close.disabled[33m{[39m[31m[91mpointer-events[33m:[39m[31m[91mnone[33m}[39m[31m[91m[33m.toast[39m[31m[91m[33m{[39m[31m[91mmax-width[33m:[39m[31m[91m360px[33m;[39m[31m[91moverflow[33m:[39m[31m[91mhidden[33m;[39m[31m[91mcolor[33m:[39m[31m[91m[35m#000[39m[31m[91m[33m;[39m[31m[91mpadding[33m:[39m[31m[91m0[33m;[39m[31m[91mbackground-color[33m:[39m[31m[91m[35m#bbb[39m[31m[91m[33m;[39m[31m[91mbackground-clip[33m:[39m[31m[91mpadding-box[33m;[39m[31m[91mopacity[33m:[39m[31m[91m0[33m}[39m[31m[91m[33m.toast[39m[31m[91m[33m:[39m[31m[91m[36mnot[39m[31m[91m[36m(:last-child)[39m[31m[91m[33m{[39m[31m[91mmargin-bottom[33m:[39m[31m[91m8px[33m}[39m[31m[91m[33m.toast.showing[39m[31m[91m[33m{[39m[31m[91mopacity[33m:[39m[31m[91m1[33m}[39m[31m[91m[33m.toast.show[39m[31m[91m[33m{[39m[31m[91mdisplay[33m:[39m[31m[91mblock[33m;[39m[31m[91mopacity[33m:[39m[31m[91m1[33m}[39m[31m[91m[33m.toast.hide[39m[31m[91m[33m{[39m[31m[91mdisplay[33m:[39m[31m[91mnone[33m}[39m[31m[91m[33m.toast-header[39m[31m[91m[33m{[39m[31m[91mdisplay[33m:[39m[31m[91m-ms-flexbox[33m;[39m[31m[91mdisplay[33m:[39m[31m[91mflex[33m;[39m[31m[91m-ms-flex-align[33m:[39m[31m[91mcenter[33m;[39m[31m[91malign-items[33m:[39m[31m[91mcenter[33m;[39m[31m[91mpadding[33m:[39m[31m[91m0 8px[33m;[39m[31m[91mcolor[33m:[39m[31m[91m[35m#fff[39m[31m[91m[33m;[39m[31m[91mbackground-color[33m:[39m[31m[91m[35m#a0a[39m[31m[91m[33m}[39m[31m[91m[33m.toast-body[39m[31m[91m[33m{[39m[31m[91mpadding[33m:[39m[31m[91m8px[33m}[39m[31m[91m[33m.modal-open[39m[31m[91m[33m{[39m[31m[91moverflow[33m:[39m[31m[91mhidden[33m}[39m[31m[91m[33m.modal-open[39m[31m[91m [33m.modal[39m[31m[91m[33m{[39m[31m[91moverflow-x[33m:[39m[31m[91mhidden[33m;[39m[31m[91moverflow-y[33m:[39m[31m[91mauto[33m}[39m[31m[91m[33m.modal[39m[31m[91m[33m{[39m[31m[91mposition[33m:[39m[31m[91mfixed[33m;[39m[31m[91mtop[33m:[39m[31m[91m0[33m;[39m[31m[91mleft[33m:[39m[31m[91m0[33m;[39m[31m[91mz-index[33m:[39m[31m[91m1050[33m;[39m[31m[91mdisplay[33m:[39m[31m[91mnone[33m;[39m[31m[91mwidth[33m:[39m[31m[91m100%[33m;[39m[31m[91mheight[33m:[39m[31m[91m100%[33m;[39m[22m[1m[31m[39m[31m[91moverflow[33m:[39m[31m[91mhidden[33m;[39m[31m[91moutline[33m:[39m[31m[91m0[33m;[39m[31m[91m-webkit-filter[33m:[39m[31m[91m[36mdrop-shadow[39m[31m[91m[36m(7px 8px 0 #000)[39m[31m[91m[33m;[39m[31m[91mfilter[33m:[39m[31m[91m[36mdrop-shadow[39m[31m[91m[36m(7px 8px 0 #000)[39m[31m[91m[33m;[39m[31m[91mmargin-right[33m:[39m[31m[91m10.5px[33m;[39m[31m[91mmargin-bottom[33m:[39m[31m[91m14px[33m}[39m[31m[91m[33m.modal[39m[31m[91m [33m.btn[39m[31m[91m[33m{[39m[31m[91m-webkit-filter[33m:[39m[31m[91m[36mdrop-shadow[39m[31m[91m[36m(7px 8px 0 #000)[39m[31m[91m[33m;[39m[31m[91mfilter[33m:[39m[31m[91m[36mdrop-shadow[39m[31m[91m[36m(7px 8px 0 #000)[39m[31m[91m[33m;[39m[31m[91mmargin-right[33m:[39m[31m[91m10.5px[33m;[39m[31m[91mbackground[33m:[39m[31m[91m[35m#fff[39m[31m[91m[33m}[39m[31m[91m[33m.modal[39m[31m[91m [33m.btn[39m[31m[91m[33m:[39m[31m[91m[33m:[39m[31m[91mfirst-letter[33m{[39m[31m[91mcolor[33m:[39m[31m[91m[35m#f55[39m[31m[91m[33m}[39m[31m[91m[33m.modal[39m[31m[91m [33m.btn[39m[31m[91m[33m:[39m[31m[91mhover[33m{[39m[31m[91mcolor[33m:[39m[31m[91m[35m#000[39m[31m[91m[33m}[39m[31m[91m[33m.modal-dialog[39m[31m[91m[33m{[39m[31m[91mposition[33m:[39m[31m[91mrelative[33m;[39m[31m[91mwidth[33m:[39m[31m[91mauto[33m;[39m[31m[91mpointer-events[33m:[39m[31m[91mnone[33m}[39m[31m[91m[33m.modal.fade[39m[31m[91m [33m.modal-dialog[39m[31m[91m[33m{[39m[31m[91m-webkit-transform[33m:[39m[31m[91m[36mtranslate[39m[31m[91m[36m(0,-50px)[39m[31m[91m[33m;[39m[31m[91mtransform[33m:[39m[31m[91m[36mtranslate[39m[31m[91m[36m(0,-50px)[39m[31m[91m[33m}[39m[31m[91m[33m.modal.show[39m[31m[91m [33m.modal-dialog[39m[31m[91m[33m{[39m[31m[91m-webkit-transform[33m:[39m[31m[91mnone[33m;[39m[31m[91mtransform[33m:[39m[31m[91mnone[33m}[39m[31m[91m[33m.modal.modal-static[39m[31m[91m [33m.modal-dialog[39m[31m[91m[33m{[39m[31m[91m-webkit-transform[33m:[39m[31m[91m[36mscale[39m[31m[91m[36m(1.02)[39m[31m[91m[33m;[39m[31m[91mtransform[33m:[39m[31m[91m[36mscale[39m[31m[91m[36m(1.02)[39m[31m[91m[33m}[39m[31m[91m[33m.modal-dialog-scrollable[39m[31m[91m[33m{[39m[31m[91mdisplay[33m:[39m[31m[91m-ms-flexbox[39m[22m[1m[31m[33m;[39m[31m[91mdisplay[33m:[39m[31m[91mflex[33m}[39m[31m[91m[33m.modal-dialog-scrollable[39m[31m[91m [33m.modal-content[39m[31m[91m[33m{[39m[31m[91moverflow[33m:[39m[31m[91mhidden[33m}[39m[31m[91m[33m.modal-dialog-scrollable[39m[31m[91m [33m.modal-footer,.modal-dialog-scrollable[39m[31m[91m [33m.modal-header[39m[31m[91m[33m{[39m[31m[91m-ms-flex-negative[33m:[39m[31m[91m0[33m;[39m[31m[91mflex-shrink[33m:[39m[31m[91m0[33m}[39m[31m[91m[33m.modal-dialog-scrollable[39m[31m[91m [33m.modal-body[39m[31m[91m[33m{[39m[31m[91moverflow-y[33m:[39m[31m[91mauto[33m}[39m[31m[91m[33m.modal-dialog-centered[39m[31m[91m[33m{[39m[31m[91mdisplay[33m:[39m[31m[91m-ms-flexbox[33m;[39m[31m[91mdisplay[33m:[39m[31m[91mflex[33m;[39m[31m[91m-ms-flex-align[33m:[39m[31m[91mcenter[33m;[39m[31m[91malign-items[33m:[39m[31m[91mcenter[33m}[39m[31m[91m[33m.modal-dialog-centered[39m[31m[91m[33m:[39m[31m[91m[33m:[39m[31m[91mbefore[33m{[39m[31m[91mdisplay[33m:[39m[31m[91mblock[33m;[39m[31m[91mcontent[33m:[39m[31m[91m[32m""[39m[31m[91m[33m}[39m[31m[91m[33m.modal-dialog-centered.modal-dialog-scrollable[39m[31m[91m[33m{[39m[31m[91m-ms-flex-direction[33m:[39m[31m[91mcolumn[33m;[39m[31m[91mflex-direction[33m:[39m[31m[91mcolumn[33m;[39m[31m[91m-ms-flex-pack[33m:[39m[31m[91mcenter[33m;[39m[31m[91mjustify-content[33m:[39m[31m[91mcenter[33m;[39m[31m[91mheight[33m:[39m[31m[91m100%[33m}[39m[31m[91m[33m.modal-dialog-centered.modal-dialog-scrollable[39m[31m[91m [33m.modal-content[39m[31m[91m[33m{[39m[31m[91mmax-height[33m:[39m[31m[91mnone[33m}[39m[31m[91m[33m.modal-dialog-centered.modal-dialog-scrollable[39m[31m[91m[33m:[39m[31m[91m[33m:[39m[31m[91mbefore[33m{[39m[31m[91mcontent[33m:[39m[31m[91mnone[33m}[39m[31m[91m[33m.modal-content[39m[31m[91m[33m{[39m[31m[91mposition[33m:[39m[31m[91mrelative[33m;[39m[31m[91mdisplay[33m:[39m[31m[91m-ms-flexbox[33m;[39m[31m[91mdisplay[33m:[39m[31m[91mflex[33m;[39m[31m[91m-ms-flex-direction[33m:[39m[31m[91mcolumn[33m;[39m[31m[91mflex-direction[33m:[39m[31m[91mcolumn[33m;[39m[31m[91mwidth[33m:[39m[31m[91m100%[33m;[39m[31m[91mcolor[33m:[39m[31m[91m[35m#000[39m[31m[39m[22m[1m[31m[91m[33m;[39m[31m[91mpointer-events[33m:[39m[31m[91mauto[33m;[39m[31m[91mbackground-color[33m:[39m[31m[91m[35m#bbb[39m[31m[91m[33m;[39m[31m[91mbackground-clip[33m:[39m[31m[91mpadding-box[33m;[39m[31m[91moutline[33m:[39m[31m[91m0[33m}[39m[31m[91m[33m.modal-backdrop[39m[31m[91m[33m{[39m[31m[91mposition[33m:[39m[31m[91mfixed[33m;[39m[31m[91mtop[33m:[39m[31m[91m0[33m;[39m[31m[91mleft[33m:[39m[31m[91m0[33m;[39m[31m[91mz-index[33m:[39m[31m[91m1040[33m;[39m[31m[91mwidth[33m:[39m[31m[91m100vw[33m;[39m[31m[91mheight[33m:[39m[31m[91m100vh[33m;[39m[31m[91mbackground-color[33m:[39m[31m[91m[35m#000[39m[31m[91m[33m}[39m[31m[91m[33m.modal-backdrop.fade[39m[31m[91m[33m{[39m[31m[91mopacity[33m:[39m[31m[91m0[33m}[39m[31m[91m[33m.modal-header[39m[31m[91m[33m{[39m[31m[91mdisplay[33m:[39m[31m[91m-ms-flexbox[33m;[39m[31m[91mdisplay[33m:[39m[31m[91mflex[33m;[39m[31m[91m-ms-flex-align[33m:[39m[31m[91mstart[33m;[39m[31m[91malign-items[33m:[39m[31m[91mflex-start[33m;[39m[31m[91m-ms-flex-pack[33m:[39m[31m[91mjustify[33m;[39m[31m[91mjustify-content[33m:[39m[31m[91mspace-between[33m;[39m[31m[91mpadding[33m:[39m[31m[91m0 8px[33m;[39m[31m[91mbackground[33m:[39m[31m[91m[35m#a0a[39m[31m[91m[33m;[39m[31m[91mcolor[33m:[39m[31m[91m[35m#fff[39m[31m[91m[33m}[39m[31m[91m[33m.modal-header[39m[31m[91m [33m.h1,.modal-header[39m[31m[91m [33m.h2,.modal-header[39m[31m[91m [33m.h3,.modal-header[39m[31m[91m [33m.h4,.modal-header[39m[31m[91m [33m.h5,.modal-header[39m[31m[91m [33m.h6,.modal-header[39m[31m[91m h1,.modal-header h2,.modal-header h3,.modal-header h4,.modal-header h5,.modal-header h6[33m{[39m[31m[91mborder[33m:[39m[31m[91m0[33m;[39m[31m[91mpadding[33m:[39m[31m[91m0[33m;[39m[31m[91mmargin[33m:[39m[31m[91m0[33m;[39m[31m[91m-webkit-animation[33m:[39m[31m[91mnone[33m;[39m[31m[91manimation[33m:[39m[31m[91mnone[33m}[39m[31m[91m[33m.modal-header[39m[31m[91m [33m.h1[39m[31m[91m[33m:[39m[31m[91m[33m:[39m[31m[91mafter,.modal-header [33m.h1[39m[31m[91m[33m:[39m[31m[91m[33m:[39m[31m[91mbefore,.modal-header [33m.h2[39m[31m[91m[33m:[39m[31m[91m[33m:[39m[31m[91mafter,.modal-header [33m.h2[39m[31m[[39m[22m[1m[31m91m[33m:[39m[31m[91m[33m:[39m[31m[91mbefore,.modal-header [33m.h3[39m[31m[91m[33m:[39m[31m[91m[33m:[39m[31m[91mafter,.modal-header [33m.h3[39m[31m[91m[33m:[39m[31m[91m[33m:[39m[31m[91mbefore,.modal-header [33m.h4[39m[31m[91m[33m:[39m[31m[91m[33m:[39m[31m[91mafter,.modal-header [33m.h4[39m[31m[91m[33m:[39m[31m[91m[33m:[39m[31m[91mbefore,.modal-header [33m.h5[39m[31m[91m[33m:[39m[31m[91m[33m:[39m[31m[91mafter,.modal-header [33m.h5[39m[31m[91m[33m:[39m[31m[91m[33m:[39m[31m[91mbefore,.modal-header [33m.h6[39m[31m[91m[33m:[39m[31m[91m[33m:[39m[31m[91mafter,.modal-header [33m.h6[39m[31m[91m[33m:[39m[31m[91m[33m:[39m[31m[91mbefore,.modal-header h1[33m:[39m[31m[91m[33m:[39m[31m[91mafter,.modal-header h1[33m:[39m[31m[91m[33m:[39m[31m[91mbefore,.modal-header h2[33m:[39m[31m[91m[33m:[39m[31m[91mafter,.modal-header h2[33m:[39m[31m[91m[33m:[39m[31m[91mbefore,.modal-header h3[33m:[39m[31m[91m[33m:[39m[31m[91mafter,.modal-header h3[33m:[39m[31m[91m[33m:[39m[31m[91mbefore,.modal-header h4[33m:[39m[31m[91m[33m:[39m[31m[91mafter,.modal-header h4[33m:[39m[31m[91m[33m:[39m[31m[91mbefore,.modal-header h5[33m:[39m[31m[91m[33m:[39m[31m[91mafter,.modal-header h5[33m:[39m[31m[91m[33m:[39m[31m[91mbefore,.modal-header h6[33m:[39m[31m[91m[33m:[39m[31m[91mafter,.modal-header h6[33m:[39m[31m[91m[33m:[39m[31m[91mbefore[33m{[39m[31m[91mcontent[33m:[39m[31m[91m[32m''[39m[31m[91m[33m}[39m[31m[91m[33m.modal-header[39m[31m[91m [33m.close[39m[31m[91m[33m{[39m[31m[91mpadding[33m:[39m[31m[91m0 8px[33m;[39m[31m[91mmargin[33m:[39m[31m[91m0 -8px 0 auto[33m}[39m[31m[91m[33m.modal-body[39m[31m[91m[33m{[39m[31m[91mposition[33m:[39m[31m[91mrelative[33m;[39m[31m[91m-ms-flex[33m:[39m[31m[91m1 1 auto[33m;[39m[31m[91mflex[33m:[39m[31m[91m1 1 auto[33m;[39m[31m[91mpadding[33m:[39m[31m[91m14px 16px[33m}[39m[31m[91m[33m.modal-footer[39m[31m[91m[33m{[39m[31m[91mdisplay[33m:[39m[31m[91m-ms-flexbox[33m;[39m[31m[91mdisplay[33m:[39m[31m[91mflex[33m;[39m[31m[91m-ms-flex-wrap[33m:[39m[31m[91mwrap[33m;[39m[31m[91mflex-wrap[33m:[39m[31m[91mwrap[33m;[39m[31m[91m-ms-flex-align[33m:[39m[31m[91mcenter[33m;[39m[31m[39m[22m[1m[31m[91malign-items[33m:[39m[31m[91mcenter[33m;[39m[31m[91m-ms-flex-pack[33m:[39m[31m[91mend[33m;[39m[31m[91mjustify-content[33m:[39m[31m[91mflex-end[33m;[39m[31m[91mpadding[33m:[39m[31m[91m0 8px 14px[33m}[39m[31m[91m[33m.modal-footer>*[39m[31m[91m[33m{[39m[31m[91mmargin[33m:[39m[31m[91m0 8px[33m}[39m[31m[91m[33m.modal-scrollbar-measure[39m[31m[91m[33m{[39m[31m[91mposition[33m:[39m[31m[91mabsolute[33m;[39m[31m[91mtop[33m:[39m[31m[91m-9999px[33m;[39m[31m[91mwidth[33m:[39m[31m[91m50px[33m;[39m[31m[91mheight[33m:[39m[31m[91m50px[33m;[39m[31m[91moverflow[33m:[39m[31m[91mscroll[33m}[39m[31m[91m[36m@media[39m[31m[91m[36m [39m[31m[91m[36m(min-width:576px)[39m[31m[91m[33m{[39m[31m[91m[33m.modal-dialog[39m[31m[91m[33m{[39m[31m[91mmax-width[33m:[39m[31m[91m480px[33m}[39m[31m[91m[33m.modal-sm[39m[31m[91m[33m{[39m[31m[91mmax-width[33m:[39m[31m[91m240px[33m}[39m[31m[91m[33m}[39m[31m[91m[36m@media[39m[31m[91m[36m [39m[31m[91m[36m(min-width:960px)[39m[31m[91m[33m{[39m[31m[91m[33m.modal-lg,.modal-xl[39m[31m[91m[33m{[39m[31m[91mmax-width[33m:[39m[31m[91m800px[33m}[39m[31m[91m[33m}[39m[31m[91m[36m@media[39m[31m[91m[36m [39m[31m[91m[36m(min-width:1152px)[39m[31m[91m[33m{[39m[31m[91m[33m.modal-xl[39m[31m[91m[33m{[39m[31m[91mmax-width[33m:[39m[31m[91m1120px[33m}[39m[31m[91m[33m}[39m[31m[91m[33m.tooltip[39m[31m[91m[33m{[39m[31m[91mposition[33m:[39m[31m[91mabsolute[33m;[39m[31m[91mz-index[33m:[39m[31m[91m1070[33m;[39m[31m[91mdisplay[33m:[39m[31m[91mblock[33m;[39m[31m[91mmargin[33m:[39m[31m[91m0[33m;[39m[31m[91mfont-family[33m:[39m[31m[91mDOS,Monaco,Menlo,Consolas,[32m"Courier New"[39m[31m[91m,monospace[33m;[39m[31m[91mfont-style[33m:[39m[31m[91mnormal[33m;[39m[31m[91mfont-weight[33m:[39m[31m[91m400[33m;[39m[31m[91mline-height[33m:[39m[31m[91m14px[33m;[39m[31m[91mtext-align[33m:[39m[31m[91mleft[33m;[39m[31m[91mtext-align[33m:[39m[31m[91mstart[33m;[39m[31m[91mtext-decoration[33m:[39m[31m[91mnone[33m;[39m[31m[91mtext-shadow[33m:[39m[31m[91mnone[33m;[39m[31m[91mtext-transform[33m:[39m[31m[91mnone[33m;[39m[31m[91mletter-spacing[33m:[39m[31m[91mnormal[33m;[39m[31m[91mword-break[33[39m[22m[1m[31mm:[39m[31m[91mnormal[33m;[39m[31m[91mword-spacing[33m:[39m[31m[91mnormal[33m;[39m[31m[91mwhite-space[33m:[39m[31m[91mnormal[33m;[39m[31m[91mline-break[33m:[39m[31m[91mauto[33m;[39m[31m[91mword-wrap[33m:[39m[31m[91mbreak-word[33m;[39m[31m[91mopacity[33m:[39m[31m[91m0[33m}[39m[31m[91m[33m.tooltip.show[39m[31m[91m[33m{[39m[31m[91mopacity[33m:[39m[31m[91m1[33m}[39m[31m[91m[33m.tooltip[39m[31m[91m [33m.arrow[39m[31m[91m[33m{[39m[31m[91mposition[33m:[39m[31m[91mabsolute[33m;[39m[31m[91mdisplay[33m:[39m[31m[91mblock[33m;[39m[31m[91mcolor[33m:[39m[31m[91m[35m#000[39m[31m[91m[33m;[39m[31m[91mwidth[33m:[39m[31m[91m8px[33m;[39m[31m[91mheight[33m:[39m[31m[91m14px[33m}[39m[31m[91m[33m.tooltip[39m[31m[91m [33m.arrow[39m[31m[91m[33m:[39m[31m[91m[33m:[39m[31m[91mbefore[33m{[39m[31m[91mposition[33m:[39m[31m[91mabsolute[33m;[39m[31m[91mcontent[33m:[39m[31m[91m[32m""[39m[31m[91m[33m;[39m[31m[91mborder-color[33m:[39m[31m[91mtransparent[33m;[39m[31m[91mborder-style[33m:[39m[31m[91msolid[33m}[39m[31m[91m[33m.bs-tooltip-auto[39m[31m[91m[33m[[39m[31m[91mx-placement^=top[33m][39m[31m[91m,.bs-tooltip-top[33m{[39m[31m[91mpadding[33m:[39m[31m[91m14px 0[33m}[39m[31m[91m[33m.bs-tooltip-auto[39m[31m[91m[33m[[39m[31m[91mx-placement^=top[33m][39m[31m[91m [33m.arrow,.bs-tooltip-top[39m[31m[91m [33m.arrow[39m[31m[91m[33m{[39m[31m[91mbottom[33m:[39m[31m[91m0[33m}[39m[31m[91m[33m.bs-tooltip-auto[39m[31m[91m[33m[[39m[31m[91mx-placement^=top[33m][39m[31m[91m [33m.arrow[39m[31m[91m[33m:[39m[31m[91m[33m:[39m[31m[91mafter,.bs-tooltip-top [33m.arrow[39m[31m[91m[33m:[39m[31m[91m[33m:[39m[31m[91mafter[33m{[39m[31m[91mcontent[33m:[39m[31m[91m[32m'\25bc'[39m[31m[91m[33m}[39m[31m[91m[33m.bs-tooltip-auto[39m[31m[91m[33m[[39m[31m[91mx-placement^=top[33m][39m[31m[91m [33m.arrow[39m[31m[91m[33m:[39m[31m[91m[33m:[39m[31m[91mbefore,.bs-tooltip-top [33m.arrow[39m[31m[91m[33m:[39m[31m[91m[33m:[39m[31m[91mbefore[33m{[39m[31m[91mtop[33m:[39m[31m[91m0[33m}[39m[31m[91m[33m.bs-tooltip-auto[39m[31m[91m[33m[[39m[31m[91mx-placement^=right[33m][39m[31m[91m,.bs-tooltip-right[33m{[39m[31m[91mpadding[33m:[39m[31m[91m0 8[39m[22m[1m[31mpx[33m}[39m[31m[91m[33m.bs-tooltip-auto[39m[31m[91m[33m[[39m[31m[91mx-placement^=right[33m][39m[31m[91m [33m.arrow,.bs-tooltip-right[39m[31m[91m [33m.arrow[39m[31m[91m[33m{[39m[31m[91mleft[33m:[39m[31m[91m0[33m}[39m[31m[91m[33m.bs-tooltip-auto[39m[31m[91m[33m[[39m[31m[91mx-placement^=right[33m][39m[31m[91m [33m.arrow[39m[31m[91m[33m:[39m[31m[91m[33m:[39m[31m[91mbefore,.bs-tooltip-right [33m.arrow[39m[31m[91m[33m:[39m[31m[91m[33m:[39m[31m[91mbefore[33m{[39m[31m[91mright[33m:[39m[31m[91m0[33m;[39m[31m[91mcontent[33m:[39m[31m[91m[32m'\25c4'[39m[31m[91m[33m}[39m[31m[91m[33m.bs-tooltip-auto[39m[31m[91m[33m[[39m[31m[91mx-placement^=bottom[33m][39m[31m[91m,.bs-tooltip-bottom[33m{[39m[31m[91mpadding[33m:[39m[31m[91m14px 0[33m}[39m[31m[91m[33m.bs-tooltip-auto[39m[31m[91m[33m[[39m[31m[91mx-placement^=bottom[33m][39m[31m[91m [33m.arrow,.bs-tooltip-bottom[39m[31m[91m [33m.arrow[39m[31m[91m[33m{[39m[31m[91mtop[33m:[39m[31m[91m0[33m}[39m[31m[91m[33m.bs-tooltip-auto[39m[31m[91m[33m[[39m[31m[91mx-placement^=bottom[33m][39m[31m[91m [33m.arrow[39m[31m[91m[33m:[39m[31m[91m[33m:[39m[31m[91mafter,.bs-tooltip-bottom [33m.arrow[39m[31m[91m[33m:[39m[31m[91m[33m:[39m[31m[91mafter[33m{[39m[31m[91mcontent[33m:[39m[31m[91m[32m'\25b2'[39m[31m[91m[33m}[39m[31m[91m[33m.bs-tooltip-auto[39m[31m[91m[33m[[39m[31m[91mx-placement^=left[33m][39m[31m[91m,.bs-tooltip-left[33m{[39m[31m[91mpadding[33m:[39m[31m[91m0 8px[33m}[39m[31m[91m[33m.bs-tooltip-auto[39m[31m[91m[33m[[39m[31m[91mx-placement^=left[33m][39m[31m[91m [33m.arrow,.bs-tooltip-left[39m[31m[91m [33m.arrow[39m[31m[91m[33m{[39m[31m[91mright[33m:[39m[31m[91m0[33m}[39m[31m[91m[33m.bs-tooltip-auto[39m[31m[91m[33m[[39m[31m[91mx-placement^=left[33m][39m[31m[91m [33m.arrow[39m[31m[91m[33m:[39m[31m[91m[33m:[39m[31m[91mafter,.bs-tooltip-left [33m.arrow[39m[31m[91m[33m:[39m[31m[91m[33m:[39m[31m[91mafter[33m{[39m[31m[91mcontent[33m:[39m[31m[91m[32m'\25ba'[39m[31m[91m[33m}[39m[31m[91m[33m.tooltip-inner[39m[31m[91m[33m{[39m[31m[91mmax-width[33m:[39m[31m[91m200px[33m;[39m[31m[91mpadding[33m:[39m[31m[91m0 8px[33m;[39m[31m[91mcolor[33m:[39m[31m[[39m[22m[1m[31m91m[35m#fff[39m[31m[91m[33m;[39m[31m[91mtext-align[33m:[39m[31m[91mcenter[33m;[39m[31m[91mbackground-color[33m:[39m[31m[91m[35m#000[39m[31m[91m[33m}[39m[31m[91m[33m.popover[39m[31m[91m[33m{[39m[31m[91mposition[33m:[39m[31m[91mabsolute[33m;[39m[31m[91mtop[33m:[39m[31m[91m0[33m;[39m[31m[91mleft[33m:[39m[31m[91m0[33m;[39m[31m[91mz-index[33m:[39m[31m[91m1060[33m;[39m[31m[91mdisplay[33m:[39m[31m[91mblock[33m;[39m[31m[91mmax-width[33m:[39m[31m[91m280px[33m;[39m[31m[91mfont-family[33m:[39m[31m[91mDOS,Monaco,Menlo,Consolas,[32m"Courier New"[39m[31m[91m,monospace[33m;[39m[31m[91mfont-style[33m:[39m[31m[91mnormal[33m;[39m[31m[91mfont-weight[33m:[39m[31m[91m400[33m;[39m[31m[91mline-height[33m:[39m[31m[91m14px[33m;[39m[31m[91mtext-align[33m:[39m[31m[91mleft[33m;[39m[31m[91mtext-align[33m:[39m[31m[91mstart[33m;[39m[31m[91mtext-decoration[33m:[39m[31m[91mnone[33m;[39m[31m[91mtext-shadow[33m:[39m[31m[91mnone[33m;[39m[31m[91mtext-transform[33m:[39m[31m[91mnone[33m;[39m[31m[91mletter-spacing[33m:[39m[31m[91mnormal[33m;[39m[31m[91mword-break[33m:[39m[31m[91mnormal[33m;[39m[31m[91mword-spacing[33m:[39m[31m[91mnormal[33m;[39m[31m[91mwhite-space[33m:[39m[31m[91mnormal[33m;[39m[31m[91mline-break[33m:[39m[31m[91mauto[33m;[39m[31m[91mword-wrap[33m:[39m[31m[91mbreak-word[33m;[39m[31m[91mbackground-color[33m:[39m[31m[91m[35m#bbb[39m[31m[91m[33m;[39m[31m[91mbackground-clip[33m:[39m[31m[91mpadding-box[33m}[39m[31m[91m[33m.popover[39m[31m[91m [33m.h3,.popover[39m[31m[91m h3[33m{[39m[31m[91mborder[33m:[39m[31m[91m0[33m;[39m[31m[91mpadding[33m:[39m[31m[91m0[33m;[39m[31m[91mmargin[33m:[39m[31m[91m0[33m;[39m[31m[91mbox-shadow[33m:[39m[31m[91m0[33m}[39m[31m[91m[33m.popover[39m[31m[91m [33m.arrow[39m[31m[91m[33m{[39m[31m[91mposition[33m:[39m[31m[91mabsolute[33m;[39m[31m[91mdisplay[33m:[39m[31m[91mblock[33m;[39m[31m[91mwidth[33m:[39m[31m[91m8px[33m;[39m[31m[91mheight[33m:[39m[31m[91m14px[33m;[39m[31m[91mmargin[33m:[39m[31m[91m0[33m;[39m[31m[91mbackground[33m:[39m[31m[91m0 0[33m}[39m[31m[91m[33m.popover[39m[31m[91m [33m.arrow[39m[31m[91m[33m:[39m[31m[91m[33m:[39m[31m[91mafter,.popover [[39m[22m[1m[31m33m.arrow[39m[31m[91m[33m:[39m[31m[91m[33m:[39m[31m[91mbefore[33m{[39m[31m[91mposition[33m:[39m[31m[91mabsolute[33m;[39m[31m[91mdisplay[33m:[39m[31m[91mblock[33m;[39m[31m[91mcontent[33m:[39m[31m[91m[32m""[39m[31m[91m[33m}[39m[31m[91m[33m.bs-popover-auto[39m[31m[91m[33m[[39m[31m[91mx-placement^=top[33m][39m[31m[91m,.bs-popover-top[33m{[39m[31m[91mmargin-bottom[33m:[39m[31m[91m14px[33m}[39m[31m[91m[33m.bs-popover-auto[39m[31m[91m[33m[[39m[31m[91mx-placement^=top[33m][39m[31m[91m>.arrow,.bs-popover-top>.arrow[33m{[39m[31m[91mbottom[33m:[39m[31m[91m-14px[33m}[39m[31m[91m[33m.bs-popover-auto[39m[31m[91m[33m[[39m[31m[91mx-placement^=top[33m][39m[31m[91m>.arrow[33m:[39m[31m[91m[33m:[39m[31m[91mafter,.bs-popover-top>.arrow[33m:[39m[31m[91m[33m:[39m[31m[91mafter[33m{[39m[31m[91mcontent[33m:[39m[31m[91m[32m'\25bc'[39m[31m[91m[33m}[39m[31m[91m[33m.bs-popover-auto[39m[31m[91m[33m[[39m[31m[91mx-placement^=right[33m][39m[31m[91m,.bs-popover-right[33m{[39m[31m[91mmargin-left[33m:[39m[31m[91m8px[33m}[39m[31m[91m[33m.bs-popover-auto[39m[31m[91m[33m[[39m[31m[91mx-placement^=right[33m][39m[31m[91m>.arrow,.bs-popover-right>.arrow[33m{[39m[31m[91mleft[33m:[39m[31m[91m-8px[33m;[39m[31m[91mwidth[33m:[39m[31m[91m8px[33m;[39m[31m[91mheight[33m:[39m[31m[91m14px[33m;[39m[31m[91mmargin[33m:[39m[31m[91m0[33m}[39m[31m[91m[33m.bs-popover-auto[39m[31m[91m[33m[[39m[31m[91mx-placement^=right[33m][39m[31m[91m>.arrow[33m:[39m[31m[91m[33m:[39m[31m[91mafter,.bs-popover-right>.arrow[33m:[39m[31m[91m[33m:[39m[31m[91mafter[33m{[39m[31m[91mcontent[33m:[39m[31m[91m[32m'\25c4'[39m[31m[91m[33m;[39m[31m[91mleft[33m:[39m[31m[91m0[33m}[39m[31m[91m[33m.bs-popover-auto[39m[31m[91m[33m[[39m[31m[91mx-placement^=bottom[33m][39m[31m[91m,.bs-popover-bottom[33m{[39m[31m[91mmargin-top[33m:[39m[31m[91m14px[33m}[39m[31m[91m[33m.bs-popover-auto[39m[31m[91m[33m[[39m[31m[91mx-placement^=bottom[33m][39m[31m[91m>.arrow,.bs-popover-bottom>.arrow[33m{[39m[31m[91mtop[33m:[39m[31m[91m-14px[33m}[39m[31m[91m[33m.bs-popover-auto[39m[31m[91m[33m[[39m[31m[91mx-placement^=bottom[33m][39m[31m[91m>.arrow[33m:[39m[31m[91m[39m[22m[1m[31m[33m:[39m[31m[91mafter,.bs-popover-bottom>.arrow[33m:[39m[31m[91m[33m:[39m[31m[91mafter[33m{[39m[31m[91mcontent[33m:[39m[31m[91m[32m'\25b2'[39m[31m[91m[33m}[39m[31m[91m[33m.bs-popover-auto[39m[31m[91m[33m[[39m[31m[91mx-placement^=bottom[33m][39m[31m[91m [33m.popover-header[39m[31m[91m[33m:[39m[31m[91m[33m:[39m[31m[91mbefore,.bs-popover-bottom [33m.popover-header[39m[31m[91m[33m:[39m[31m[91m[33m:[39m[31m[91mbefore[33m{[39m[31m[91mposition[33m:[39m[31m[91mabsolute[33m;[39m[31m[91mtop[33m:[39m[31m[91m0[33m;[39m[31m[91mleft[33m:[39m[31m[91m50%[33m;[39m[31m[91mdisplay[33m:[39m[31m[91mblock[33m;[39m[31m[91mwidth[33m:[39m[31m[91m8px[33m;[39m[31m[91mmargin-left[33m:[39m[31m[91m-4px[33m;[39m[31m[91mcontent[33m:[39m[31m[91m[32m""[39m[31m[91m[33m}[39m[31m[91m[33m.bs-popover-auto[39m[31m[91m[33m[[39m[31m[91mx-placement^=left[33m][39m[31m[91m,.bs-popover-left[33m{[39m[31m[91mmargin-right[33m:[39m[31m[91m8px[33m}[39m[31m[91m[33m.bs-popover-auto[39m[31m[91m[33m[[39m[31m[91mx-placement^=left[33m][39m[31m[91m>.arrow,.bs-popover-left>.arrow[33m{[39m[31m[91mright[33m:[39m[31m[91m-8px[33m;[39m[31m[91mwidth[33m:[39m[31m[91m8px[33m;[39m[31m[91mheight[33m:[39m[31m[91m14px[33m;[39m[31m[91mmargin[33m:[39m[31m[91m0[33m}[39m[31m[91m[33m.bs-popover-auto[39m[31m[91m[33m[[39m[31m[91mx-placement^=left[33m][39m[31m[91m>.arrow[33m:[39m[31m[91m[33m:[39m[31m[91mafter,.bs-popover-left>.arrow[33m:[39m[31m[91m[33m:[39m[31m[91mafter[33m{[39m[31m[91mcontent[33m:[39m[31m[91m[32m'\25ba'[39m[31m[91m[33m;[39m[31m[91mright[33m:[39m[31m[91m0[33m}[39m[31m[91m[33m.popover-header[39m[31m[91m[33m{[39m[31m[91mpadding[33m:[39m[31m[91m0 8px[33m;[39m[31m[91mmargin-bottom[33m:[39m[31m[91m0[33m;[39m[31m[91mfont-size[33m:[39m[31m[91m16px[33m;[39m[31m[91mcolor[33m:[39m[31m[91m[35m#fff[39m[31m[91m[33m;[39m[31m[91mbackground-color[33m:[39m[31m[91m[35m#a0a[39m[31m[91m[33m}[39m[31m[91m[33m.popover-header[39m[31m[91m[33m:[39m[31m[91mempty[33m{[39m[31m[91mdisplay[33m:[39m[31m[91mnone[33m}[39m[31m[91m[33m.popover-body[39m[31m[91m[33m{[39m[31m[91mpadding[33m:[39m[31m[91m0 8px[33m;[39m[31m[91mcolor[33m:[39m[31m[91m[[39m[22m[1m[31m35m#000[39m[31m[91m[33m}[39m[31m[91m[33m.carousel[39m[31m[91m[33m{[39m[31m[91mposition[33m:[39m[31m[91mrelative[33m}[39m[31m[91m[33m.carousel.pointer-event[39m[31m[91m[33m{[39m[31m[91m-ms-touch-action[33m:[39m[31m[91mpan-y[33m;[39m[31m[91mtouch-action[33m:[39m[31m[91mpan-y[33m}[39m[31m[91m[33m.carousel-inner[39m[31m[91m[33m{[39m[31m[91mposition[33m:[39m[31m[91mrelative[33m;[39m[31m[91mwidth[33m:[39m[31m[91m100%[33m;[39m[31m[91moverflow[33m:[39m[31m[91mhidden[33m}[39m[31m[91m[33m.carousel-inner[39m[31m[91m[33m:[39m[31m[91m[33m:[39m[31m[91mafter[33m{[39m[31m[91mdisplay[33m:[39m[31m[91mblock[33m;[39m[31m[91mclear[33m:[39m[31m[91mboth[33m;[39m[31m[91mcontent[33m:[39m[31m[91m[32m""[39m[31m[91m[33m}[39m[31m[91m[33m.carousel-item[39m[31m[91m[33m{[39m[31m[91mposition[33m:[39m[31m[91mrelative[33m;[39m[31m[91mdisplay[33m:[39m[31m[91mnone[33m;[39m[31m[91mfloat[33m:[39m[31m[91mleft[33m;[39m[31m[91mwidth[33m:[39m[31m[91m100%[33m;[39m[31m[91mmargin-right[33m:[39m[31m[91m-100%[33m;[39m[31m[91m-webkit-backface-visibility[33m:[39m[31m[91mhidden[33m;[39m[31m[91mbackface-visibility[33m:[39m[31m[91mhidden[33m}[39m[31m[91m[33m.carousel-item-next,.carousel-item-prev,.carousel-item.active[39m[31m[91m[33m{[39m[31m[91mdisplay[33m:[39m[31m[91mblock[33m}[39m[31m[91m[33m.active.carousel-item-right,.carousel-item-next[39m[31m[91m[33m:[39m[31m[91m[36mnot[39m[31m[91m[36m(.carousel-item-left)[39m[31m[91m[33m{[39m[31m[91m-webkit-transform[33m:[39m[31m[91m[36mtranslateX[39m[31m[91m[36m(100%)[39m[31m[91m[33m;[39m[31m[91mtransform[33m:[39m[31m[91m[36mtranslateX[39m[31m[91m[36m(100%)[39m[31m[91m[33m}[39m[31m[91m[33m.active.carousel-item-left,.carousel-item-prev[39m[31m[91m[33m:[39m[31m[91m[36mnot[39m[31m[91m[36m(.carousel-item-right)[39m[31m[91m[33m{[39m[31m[91m-webkit-transform[33m:[39m[31m[91m[36mtranslateX[39m[31m[91m[36m(-100%)[39m[31m[91m[33m;[39m[31m[91mtransform[33m:[39m[31m[91m[36mtranslateX[39m[31m[91m[36m(-100%)[39m[31m[91m[33m}[39m[31m[91m[33m.carousel-fade[39m[31m[91m [33m.carousel-item[39m[31m[91m[33m{[39m[31m[91mopacity[33m:[39m[31m[91m0[33m;[39m[31m[91mtransition-prope[39m[22m[1m[31mrty[33m:[39m[31m[91mopacity[33m;[39m[31m[91m-webkit-transform[33m:[39m[31m[91mnone[33m;[39m[31m[91mtransform[33m:[39m[31m[91mnone[33m}[39m[31m[91m[33m.carousel-fade[39m[31m[91m [33m.carousel-item-next.carousel-item-left,.carousel-fade[39m[31m[91m [33m.carousel-item-prev.carousel-item-right,.carousel-fade[39m[31m[91m [33m.carousel-item.active[39m[31m[91m[33m{[39m[31m[91mz-index[33m:[39m[31m[91m1[33m;[39m[31m[91mopacity[33m:[39m[31m[91m1[33m}[39m[31m[91m[33m.carousel-fade[39m[31m[91m [33m.active.carousel-item-left,.carousel-fade[39m[31m[91m [33m.active.carousel-item-right[39m[31m[91m[33m{[39m[31m[91mz-index[33m:[39m[31m[91m0[33m;[39m[31m[91mopacity[33m:[39m[31m[91m0[33m}[39m[31m[91m[33m.carousel-control-next,.carousel-control-prev[39m[31m[91m[33m{[39m[31m[91mposition[33m:[39m[31m[91mabsolute[33m;[39m[31m[91mtop[33m:[39m[31m[91m0[33m;[39m[31m[91mbottom[33m:[39m[31m[91m0[33m;[39m[31m[91mz-index[33m:[39m[31m[91m1[33m;[39m[31m[91mdisplay[33m:[39m[31m[91m-ms-flexbox[33m;[39m[31m[91mdisplay[33m:[39m[31m[91mflex[33m;[39m[31m[91m-ms-flex-align[33m:[39m[31m[91mcenter[33m;[39m[31m[91malign-items[33m:[39m[31m[91mcenter[33m;[39m[31m[91m-ms-flex-pack[33m:[39m[31m[91mcenter[33m;[39m[31m[91mjustify-content[33m:[39m[31m[91mcenter[33m;[39m[31m[91mwidth[33m:[39m[31m[91m15%[33m;[39m[31m[91mcolor[33m:[39m[31m[91m[35m#fff[39m[31m[91m[33m;[39m[31m[91mtext-align[33m:[39m[31m[91mcenter[33m;[39m[31m[91mopacity[33m:[39m[31m[91m[33m.5[39m[31m[91m[33m}[39m[31m[91m[33m.carousel-control-next[39m[31m[91m[33m:[39m[31m[91mfocus,.carousel-control-next[33m:[39m[31m[91mhover,.carousel-control-prev[33m:[39m[31m[91mfocus,.carousel-control-prev[33m:[39m[31m[91mhover[33m{[39m[31m[91mcolor[33m:[39m[31m[91m[35m#fff[39m[31m[91m[33m;[39m[31m[91mtext-decoration[33m:[39m[31m[91mnone[33m;[39m[31m[91moutline[33m:[39m[31m[91m0[33m;[39m[31m[91mopacity[33m:[39m[31m[91m[33m.9[39m[31m[91m[33m}[39m[31m[91m[33m.carousel-control-prev[39m[31m[91m[33m{[39m[31m[91mleft[33m:[39m[31m[91m0[33m}[39m[31m[91m[33m.carousel-control-next[39m[31m[91m[33m{[39m[31m[91mright[33m:[39m[31m[91m0[33m}[39m[31m[91m[33m.c[39m[22m[1m[31marousel-control-next-icon,.carousel-control-prev-icon[39m[31m[91m[33m{[39m[31m[91mdisplay[33m:[39m[31m[91minline-block[33m;[39m[31m[91mwidth[33m:[39m[31m[91m20px[33m;[39m[31m[91mheight[33m:[39m[31m[91m20px[33m;[39m[31m[91mbackground[33m:[39m[31m[91mno-repeat 50%/100% 100%[33m}[39m[31m[91m[33m.carousel-indicators[39m[31m[91m[33m{[39m[31m[91mposition[33m:[39m[31m[91mabsolute[33m;[39m[31m[91mright[33m:[39m[31m[91m0[33m;[39m[31m[91mbottom[33m:[39m[31m[91m0[33m;[39m[31m[91mleft[33m:[39m[31m[91m0[33m;[39m[31m[91mz-index[33m:[39m[31m[91m15[33m;[39m[31m[91mdisplay[33m:[39m[31m[91m-ms-flexbox[33m;[39m[31m[91mdisplay[33m:[39m[31m[91mflex[33m;[39m[31m[91m-ms-flex-pack[33m:[39m[31m[91mcenter[33m;[39m[31m[91mjustify-content[33m:[39m[31m[91mcenter[33m;[39m[31m[91mpadding-left[33m:[39m[31m[91m0[33m;[39m[31m[91mmargin-right[33m:[39m[31m[91m15%[33m;[39m[31m[91mmargin-left[33m:[39m[31m[91m15%[33m;[39m[31m[91mlist-style[33m:[39m[31m[91mnone[33m}[39m[31m[91m[33m.carousel-indicators[39m[31m[91m li[33m{[39m[31m[91mbox-sizing[33m:[39m[31m[91mcontent-box[33m;[39m[31m[91m-ms-flex[33m:[39m[31m[91m0 1 auto[33m;[39m[31m[91mflex[33m:[39m[31m[91m0 1 auto[33m;[39m[31m[91mwidth[33m:[39m[31m[91m30px[33m;[39m[31m[91mheight[33m:[39m[31m[91m3px[33m;[39m[31m[91mmargin-right[33m:[39m[31m[91m3px[33m;[39m[31m[91mmargin-left[33m:[39m[31m[91m3px[33m;[39m[31m[91mtext-indent[33m:[39m[31m[91m-999px[33m;[39m[31m[91mcursor[33m:[39m[31m[91mpointer[33m;[39m[31m[91mbackground-color[33m:[39m[31m[91m[35m#fff[39m[31m[91m[33m;[39m[31m[91mbackground-clip[33m:[39m[31m[91mpadding-box[33m;[39m[31m[91mborder-top[33m:[39m[31m[91m10px solid transparent[33m;[39m[31m[91mborder-bottom[33m:[39m[31m[91m10px solid transparent[33m;[39m[31m[91mopacity[33m:[39m[31m[91m[33m.5[39m[31m[91m[33m}[39m[31m[91m[33m.carousel-indicators[39m[31m[91m [33m.active[39m[31m[91m[33m{[39m[31m[91mopacity[33m:[39m[31m[91m1[33m}[39m[31m[91m[33m.carousel-caption[39m[31m[91m[33m{[39m[31m[91mposition[33m:[39m[31m[91mabsolute[33m;[39m[31m[91mright[33m:[39m[31m[91m15%[33m;[39m[31m[91mbottom[33m:[39m[31m[91m20px[33m;[39m[31m[91mleft[33m:[39m[31m[39m[22m[1m[31m[91m15%[33m;[39m[31m[91mz-index[33m:[39m[31m[91m10[33m;[39m[31m[91mpadding-top[33m:[39m[31m[91m20px[33m;[39m[31m[91mpadding-bottom[33m:[39m[31m[91m20px[33m;[39m[31m[91mcolor[33m:[39m[31m[91m[35m#fff[39m[31m[91m[33m;[39m[31m[91mtext-align[33m:[39m[31m[91mcenter[33m}[39m[31m[91m[36m@-webkit-keyframes[39m[31m[91m spinner-border[33m{[39m[31m[91mto[33m{[39m[31m[91m-webkit-transform[33m:[39m[31m[91m[36mrotate[39m[31m[91m[36m(360deg)[39m[31m[91m[33m;[39m[31m[91mtransform[33m:[39m[31m[91m[36mrotate[39m[31m[91m[36m(360deg)[39m[31m[91m[33m}[39m[31m[91m[33m}[39m[31m[91m[36m@keyframes[39m[31m[91m spinner-border[33m{[39m[31m[91mto[33m{[39m[31m[91m-webkit-transform[33m:[39m[31m[91m[36mrotate[39m[31m[91m[36m(360deg)[39m[31m[91m[33m;[39m[31m[91mtransform[33m:[39m[31m[91m[36mrotate[39m[31m[91m[36m(360deg)[39m[31m[91m[33m}[39m[31m[91m[33m}[39m[31m[91m[33m.spinner-border[39m[31m[91m[33m{[39m[31m[91mdisplay[33m:[39m[31m[91minline-block[33m;[39m[31m[91mwidth[33m:[39m[31m[91m2rem[33m;[39m[31m[91mheight[33m:[39m[31m[91m2rem[33m;[39m[31m[91mvertical-align[33m:[39m[31m[91mtext-bottom[33m;[39m[31m[91mborder[33m:[39m[31m[91m[33m.25em[39m[31m[91m solid currentColor[33m;[39m[31m[91mborder-right-color[33m:[39m[31m[91mtransparent[33m;[39m[31m[91mborder-radius[33m:[39m[31m[91m50%[33m;[39m[31m[91m-webkit-animation[33m:[39m[31m[91mspinner-border [33m.75s[39m[31m[91m linear infinite[33m;[39m[31m[91manimation[33m:[39m[31m[91mspinner-border [33m.75s[39m[31m[91m linear infinite[33m}[39m[31m[91m[33m.spinner-border-sm[39m[31m[91m[33m{[39m[31m[91mwidth[33m:[39m[31m[91m1rem[33m;[39m[31m[91mheight[33m:[39m[31m[91m1rem[33m;[39m[31m[91mborder-width[33m:[39m[31m[91m[33m.2em[39m[31m[91m[33m}[39m[31m[91m[36m@-webkit-keyframes[39m[31m[91m spinner-grow[33m{[39m[31m[91m0%[33m{[39m[31m[91m-webkit-transform[33m:[39m[31m[91m[36mscale[39m[31m[91m[36m(0)[39m[31m[91m[33m;[39m[31m[91mtransform[33m:[39m[31m[91m[36mscale[39m[31m[91m[36m(0)[39m[31m[91m[33m}[39m[31m[91m50%[33m{[39m[31m[91mopacity[33m:[39m[31m[91m1[33m}[39m[31m[91m[33m}[39m[31m[91m[36m@keyframes[39m[31m[91m spinner-grow[33m{[39m[31m[91m0%[33m[39m[22m[1m[31m{[39m[31m[91m-webkit-transform[33m:[39m[31m[91m[36mscale[39m[31m[91m[36m(0)[39m[31m[91m[33m;[39m[31m[91mtransform[33m:[39m[31m[91m[36mscale[39m[31m[91m[36m(0)[39m[31m[91m[33m}[39m[31m[91m50%[33m{[39m[31m[91mopacity[33m:[39m[31m[91m1[33m}[39m[31m[91m[33m}[39m[31m[91m[33m.spinner-grow[39m[31m[91m[33m{[39m[31m[91mdisplay[33m:[39m[31m[91minline-block[33m;[39m[31m[91mwidth[33m:[39m[31m[91m2rem[33m;[39m[31m[91mheight[33m:[39m[31m[91m2rem[33m;[39m[31m[91mvertical-align[33m:[39m[31m[91mtext-bottom[33m;[39m[31m[91mbackground-color[33m:[39m[31m[91mcurrentColor[33m;[39m[31m[91mborder-radius[33m:[39m[31m[91m50%[33m;[39m[31m[91mopacity[33m:[39m[31m[91m0[33m;[39m[31m[91m-webkit-animation[33m:[39m[31m[91mspinner-grow [33m.75s[39m[31m[91m linear infinite[33m;[39m[31m[91manimation[33m:[39m[31m[91mspinner-grow [33m.75s[39m[31m[91m linear infinite[33m}[39m[31m[91m[33m.spinner-grow-sm[39m[31m[91m[33m{[39m[31m[91mwidth[33m:[39m[31m[91m1rem[33m;[39m[31m[91mheight[33m:[39m[31m[91m1rem[33m}[39m[31m[91m[33m.bootstra-cursor[39m[31m[91m[33m{[39m[31m[91mmix-blend-mode[33m:[39m[31m[91mdifference[33m;[39m[31m[91mposition[33m:[39m[31m[91mabsolute[33m;[39m[31m[91mbackground-color[33m:[39m[31m[91m[35m#cbd448[39m[31m[91m[33m;[39m[31m[91mpointer-events[33m:[39m[31m[91mnone[33m;[39m[31m[91mwidth[33m:[39m[31m[91m8px[33m;[39m[31m[91mheight[33m:[39m[31m[91m14px[33m;[39m[31m[91mz-index[33m:[39m[31m[91m20000[33m}[39m[31m[91m[33m.bootstra-enable-cursor[39m[31m[91m *,body.bootstra-enable-cursor[33m{[39m[31m[91mcursor[33m:[39m[31m[91mnone!important[33m}[39m[31m[91m[33m:[39m[31m[91m[33m:[39m[31m[91m-webkit-scrollbar[33m{[39m[31m[91mwidth[33m:[39m[31m[91m8px[33m;[39m[31m[91mbackground[33m:[39m[31m[91m[35m#000[39m[31m[91m[33m}[39m[31m[91m[33m:[39m[31m[91m[33m:[39m[31m[91m-webkit-scrollbar-thumb[33m{[39m[31m[91mbackground[33m:[39m[31m[91m[35m#000[39m[31m[91m[33m}[39m[31m[91m[33m:[39m[31m[91m[33m:[39m[31m[91m-webkit-scrollbar-track[33m{[39m[31m[91mbackground[33m:[39m[31m[91m[36murl[39m[31m[91m[36m(../fonts/shade-50-grayLight.svg)[39m[31m[91m repeat[33m}[39m[31m[91m[33m:[39m[31m[91m[33m:[39m[31m[91m[39m[22m[1m[31m-webkit-scrollbar-button[33m:[39m[31m[91mvertical[33m:[39m[31m[91mdecrement[33m{[39m[31m[91mbackground[33m:[39m[31m[91m[36murl[39m[31m[91m[36m(../fonts/arrow-up-black.svg)[39m[31m[91m no-repeat[33m;[39m[31m[91mbackground-color[33m:[39m[31m[91m[35m#bbb[39m[31m[91m[33m}[39m[31m[91m[33m:[39m[31m[91m[33m:[39m[31m[91m-webkit-scrollbar-button[33m:[39m[31m[91mvertical[33m:[39m[31m[91mincrement[33m{[39m[31m[91mbackground[33m:[39m[31m[91m[36murl[39m[31m[91m[36m(../fonts/arrow-down-black.svg)[39m[31m[91m no-repeat[33m;[39m[31m[91mbackground-color[33m:[39m[31m[91m[35m#bbb[39m[31m[91m[33m}[39m[31m[91m[33m.align-baseline[39m[31m[91m[33m{[39m[31m[91mvertical-align[33m:[39m[31m[91mbaseline!important[33m}[39m[31m[91m[33m.align-top[39m[31m[91m[33m{[39m[31m[91mvertical-align[33m:[39m[31m[91mtop!important[33m}[39m[31m[91m[33m.align-middle[39m[31m[91m[33m{[39m[31m[91mvertical-align[33m:[39m[31m[91mmiddle!important[33m}[39m[31m[91m[33m.align-bottom[39m[31m[91m[33m{[39m[31m[91mvertical-align[33m:[39m[31m[91mbottom!important[33m}[39m[31m[91m[33m.align-text-bottom[39m[31m[91m[33m{[39m[31m[91mvertical-align[33m:[39m[31m[91mtext-bottom!important[33m}[39m[31m[91m[33m.align-text-top[39m[31m[91m[33m{[39m[31m[91mvertical-align[33m:[39m[31m[91mtext-top!important[33m}[39m[31m[91m[33m.bg-primary[39m[31m[91m[33m{[39m[31m[91mbackground-color[33m:[39m[31m[91m[35m#bbb[39m[31m[91m!important[33m}[39m[31m[91ma.bg-primary[33m:[39m[31m[91mfocus,a.bg-primary[33m:[39m[31m[91mhover,button.bg-primary[33m:[39m[31m[91mfocus,button.bg-primary[33m:[39m[31m[91mhover[33m{[39m[31m[91mbackground-color[33m:[39m[31m[91m[35m#bbb[39m[31m[91m!important[33m}[39m[31m[91m[33m.bg-secondary[39m[31m[91m[33m{[39m[31m[91mbackground-color[33m:[39m[31m[91m[35m#bbb[39m[31m[91m!important[33m}[39m[31m[91ma.bg-secondary[33m:[39m[31m[91mfocus,a.bg-secondary[33m:[39m[31m[91mhover,button.bg-secondary[33m:[39m[31m[91mfocus,button.bg-secondary[33m:[39m[31m[91mhover[33m{[39m[31m[91mbackground-color[33m:[39m[31m[91m[35m#bbb[39m[31m[91m!important[33m}[39m[31m[91m[33m.bg-success[39m[31m[91m[33m{[39m[31m[91mbackground-c[39m[22m[1m[31molor[33m:[39m[31m[91m[35m#0a0[39m[31m[91m!important[33m}[39m[31m[91ma.bg-success[33m:[39m[31m[91mfocus,a.bg-success[33m:[39m[31m[91mhover,button.bg-success[33m:[39m[31m[91mfocus,button.bg-success[33m:[39m[31m[91mhover[33m{[39m[31m[91mbackground-color[33m:[39m[31m[91m[35m#0a0[39m[31m[91m!important[33m}[39m[31m[91m[33m.bg-info[39m[31m[91m[33m{[39m[31m[91mbackground-color[33m:[39m[31m[91m[35m#0aa[39m[31m[91m!important[33m}[39m[31m[91ma.bg-info[33m:[39m[31m[91mfocus,a.bg-info[33m:[39m[31m[91mhover,button.bg-info[33m:[39m[31m[91mfocus,button.bg-info[33m:[39m[31m[91mhover[33m{[39m[31m[91mbackground-color[33m:[39m[31m[91m[35m#0aa[39m[31m[91m!important[33m}[39m[31m[91m[33m.bg-warning[39m[31m[91m[33m{[39m[31m[91mbackground-color[33m:[39m[31m[91m[35m#a50[39m[31m[91m!important[33m}[39m[31m[91ma.bg-warning[33m:[39m[31m[91mfocus,a.bg-warning[33m:[39m[31m[91mhover,button.bg-warning[33m:[39m[31m[91mfocus,button.bg-warning[33m:[39m[31m[91mhover[33m{[39m[31m[91mbackground-color[33m:[39m[31m[91m[35m#a50[39m[31m[91m!important[33m}[39m[31m[91m[33m.bg-danger[39m[31m[91m[33m{[39m[31m[91mbackground-color[33m:[39m[31m[91m[35m#a00[39m[31m[91m!important[33m}[39m[31m[91ma.bg-danger[33m:[39m[31m[91mfocus,a.bg-danger[33m:[39m[31m[91mhover,button.bg-danger[33m:[39m[31m[91mfocus,button.bg-danger[33m:[39m[31m[91mhover[33m{[39m[31m[91mbackground-color[33m:[39m[31m[91m[35m#a00[39m[31m[91m!important[33m}[39m[31m[91m[33m.bg-light[39m[31m[91m[33m{[39m[31m[91mbackground-color[33m:[39m[31m[91m[35m#fff[39m[31m[91m!important[33m}[39m[31m[91ma.bg-light[33m:[39m[31m[91mfocus,a.bg-light[33m:[39m[31m[91mhover,button.bg-light[33m:[39m[31m[91mfocus,button.bg-light[33m:[39m[31m[91mhover[33m{[39m[31m[91mbackground-color[33m:[39m[31m[91m[35m#fff[39m[31m[91m!important[33m}[39m[31m[91m[33m.bg-dark[39m[31m[91m[33m{[39m[31m[91mbackground-color[33m:[39m[31m[91m[35m#000[39m[31m[91m!important[33m}[39m[31m[91ma.bg-dark[33m:[39m[31m[91mfocus,a.bg-dark[33m:[39m[31m[91mhover,button.bg-dark[33m:[39m[31m[91mfocus,button.bg-dark[33m:[39m[31m[91mhover[33m{[39m[31m[91mbackground-color[33m:[39m[31m[91m[[39m[22m[1m[31m35m#000[39m[31m[91m!important[33m}[39m[31m[91m[33m.bg-white[39m[31m[91m[33m{[39m[31m[91mbackground-color[33m:[39m[31m[91m[35m#bbb[39m[31m[91m!important[33m}[39m[31m[91m[33m.bg-transparent[39m[31m[91m[33m{[39m[31m[91mbackground-color[33m:[39m[31m[91mtransparent!important[33m}[39m[31m[91m[33m.border,.border-0[39m[31m[91m[33m{[39m[31m[91mborder[33m:[39m[31m[91m0!important[33m}[39m[31m[91m[33m.border-top,.border-top-0[39m[31m[91m[33m{[39m[31m[91mborder-top[33m:[39m[31m[91m0!important[33m}[39m[31m[91m[33m.border-right,.border-right-0[39m[31m[91m[33m{[39m[31m[91mborder-right[33m:[39m[31m[91m0!important[33m}[39m[31m[91m[33m.border-bottom,.border-bottom-0[39m[31m[91m[33m{[39m[31m[91mborder-bottom[33m:[39m[31m[91m0!important[33m}[39m[31m[91m[33m.border-left,.border-left-0[39m[31m[91m[33m{[39m[31m[91mborder-left[33m:[39m[31m[91m0!important[33m}[39m[31m[91m[33m.border-primary[39m[31m[91m[33m{[39m[31m[91mborder-color[33m:[39m[31m[91m[35m#bbb[39m[31m[91m!important[33m}[39m[31m[91m[33m.border-secondary[39m[31m[91m[33m{[39m[31m[91mborder-color[33m:[39m[31m[91m[35m#bbb[39m[31m[91m!important[33m}[39m[31m[91m[33m.border-success[39m[31m[91m[33m{[39m[31m[91mborder-color[33m:[39m[31m[91m[35m#0a0[39m[31m[91m!important[33m}[39m[31m[91m[33m.border-info[39m[31m[91m[33m{[39m[31m[91mborder-color[33m:[39m[31m[91m[35m#0aa[39m[31m[91m!important[33m}[39m[31m[91m[33m.border-warning[39m[31m[91m[33m{[39m[31m[91mborder-color[33m:[39m[31m[91m[35m#a50[39m[31m[91m!important[33m}[39m[31m[91m[33m.border-danger[39m[31m[91m[33m{[39m[31m[91mborder-color[33m:[39m[31m[91m[35m#a00[39m[31m[91m!important[33m}[39m[31m[91m[33m.border-light[39m[31m[91m[33m{[39m[31m[91mborder-color[33m:[39m[31m[91m[35m#fff[39m[31m[91m!important[33m}[39m[31m[91m[33m.border-dark[39m[31m[91m[33m{[39m[31m[91mborder-color[33m:[39m[31m[91m[35m#000[39m[31m[91m!important[33m}[39m[31m[91m[33m.rounded[39m[31m[91m[33m{[39m[31m[91mborder-radius[33m:[39m[31m[91m0!important[33m}[39m[31m[91m[33m.clearfix[39m[31m[91m[33m:[39m[31m[91m[33m:[39m[31m[91mafter[33m{[39m[31m[91mdisplay[33m:[39m[31m[91mblock[33m;[39m[31m[91mclear[33m:[[39m[22m[1m[31m39m[91mboth[33m;[39m[31m[91mcontent[33m:[39m[31m[91m[32m""[39m[31m[91m[33m}[39m[31m[91m[33m.d-none[39m[31m[91m[33m{[39m[31m[91mdisplay[33m:[39m[31m[91mnone!important[33m}[39m[31m[91m[33m.d-inline[39m[31m[91m[33m{[39m[31m[91mdisplay[33m:[39m[31m[91minline!important[33m}[39m[31m[91m[33m.d-inline-block[39m[31m[91m[33m{[39m[31m[91mdisplay[33m:[39m[31m[91minline-block!important[33m}[39m[31m[91m[33m.d-block[39m[31m[91m[33m{[39m[31m[91mdisplay[33m:[39m[31m[91mblock!important[33m}[39m[31m[91m[33m.d-table[39m[31m[91m[33m{[39m[31m[91mdisplay[33m:[39m[31m[91mtable!important[33m}[39m[31m[91m[33m.d-table-row[39m[31m[91m[33m{[39m[31m[91mdisplay[33m:[39m[31m[91mtable-row!important[33m}[39m[31m[91m[33m.d-table-cell[39m[31m[91m[33m{[39m[31m[91mdisplay[33m:[39m[31m[91mtable-cell!important[33m}[39m[31m[91m[33m.d-flex[39m[31m[91m[33m{[39m[31m[91mdisplay[33m:[39m[31m[91m-ms-flexbox!important[33m;[39m[31m[91mdisplay[33m:[39m[31m[91mflex!important[33m}[39m[31m[91m[33m.d-inline-flex[39m[31m[91m[33m{[39m[31m[91mdisplay[33m:[39m[31m[91m-ms-inline-flexbox!important[33m;[39m[31m[91mdisplay[33m:[39m[31m[91minline-flex!important[33m}[39m[31m[91m[36m@media[39m[31m[91m[36m [39m[31m[91m[36m(min-width:576px)[39m[31m[91m[33m{[39m[31m[91m[33m.d-sm-none[39m[31m[91m[33m{[39m[31m[91mdisplay[33m:[39m[31m[91mnone!important[33m}[39m[31m[91m[33m.d-sm-inline[39m[31m[91m[33m{[39m[31m[91mdisplay[33m:[39m[31m[91minline!important[33m}[39m[31m[91m[33m.d-sm-inline-block[39m[31m[91m[33m{[39m[31m[91mdisplay[33m:[39m[31m[91minline-block!important[33m}[39m[31m[91m[33m.d-sm-block[39m[31m[91m[33m{[39m[31m[91mdisplay[33m:[39m[31m[91mblock!important[33m}[39m[31m[91m[33m.d-sm-table[39m[31m[91m[33m{[39m[31m[91mdisplay[33m:[39m[31m[91mtable!important[33m}[39m[31m[91m[33m.d-sm-table-row[39m[31m[91m[33m{[39m[31m[91mdisplay[33m:[39m[31m[91mtable-row!important[33m}[39m[31m[91m[33m.d-sm-table-cell[39m[31m[91m[33m{[39m[31m[91mdisplay[33m:[39m[31m[91mtable-cell!important[33m}[39m[31m[91m[33m.d-sm-flex[39m[31m[91m[33m{[39m[31m[91mdisplay[33m:[39m[31m[91m-ms-flexbox!important[33m;[39m[31m[91mdisplay[33m:[39m[31m[[39m[22m[1m[31m91mflex!important[33m}[39m[31m[91m[33m.d-sm-inline-flex[39m[31m[91m[33m{[39m[31m[91mdisplay[33m:[39m[31m[91m-ms-inline-flexbox!important[33m;[39m[31m[91mdisplay[33m:[39m[31m[91minline-flex!important[33m}[39m[31m[91m[33m}[39m[31m[91m[36m@media[39m[31m[91m[36m [39m[31m[91m[36m(min-width:768px)[39m[31m[91m[33m{[39m[31m[91m[33m.d-md-none[39m[31m[91m[33m{[39m[31m[91mdisplay[33m:[39m[31m[91mnone!important[33m}[39m[31m[91m[33m.d-md-inline[39m[31m[91m[33m{[39m[31m[91mdisplay[33m:[39m[31m[91minline!important[33m}[39m[31m[91m[33m.d-md-inline-block[39m[31m[91m[33m{[39m[31m[91mdisplay[33m:[39m[31m[91minline-block!important[33m}[39m[31m[91m[33m.d-md-block[39m[31m[91m[33m{[39m[31m[91mdisplay[33m:[39m[31m[91mblock!important[33m}[39m[31m[91m[33m.d-md-table[39m[31m[91m[33m{[39m[31m[91mdisplay[33m:[39m[31m[91mtable!important[33m}[39m[31m[91m[33m.d-md-table-row[39m[31m[91m[33m{[39m[31m[91mdisplay[33m:[39m[31m[91mtable-row!important[33m}[39m[31m[91m[33m.d-md-table-cell[39m[31m[91m[33m{[39m[31m[91mdisplay[33m:[39m[31m[91mtable-cell!important[33m}[39m[31m[91m[33m.d-md-flex[39m[31m[91m[33m{[39m[31m[91mdisplay[33m:[39m[31m[91m-ms-flexbox!important[33m;[39m[31m[91mdisplay[33m:[39m[31m[91mflex!important[33m}[39m[31m[91m[33m.d-md-inline-flex[39m[31m[91m[33m{[39m[31m[91mdisplay[33m:[39m[31m[91m-ms-inline-flexbox!important[33m;[39m[31m[91mdisplay[33m:[39m[31m[91minline-flex!important[33m}[39m[31m[91m[33m}[39m[31m[91m[36m@media[39m[31m[91m[36m [39m[31m[91m[36m(min-width:960px)[39m[31m[91m[33m{[39m[31m[91m[33m.d-lg-none[39m[31m[91m[33m{[39m[31m[91mdisplay[33m:[39m[31m[91mnone!important[33m}[39m[31m[91m[33m.d-lg-inline[39m[31m[91m[33m{[39m[31m[91mdisplay[33m:[39m[31m[91minline!important[33m}[39m[31m[91m[33m.d-lg-inline-block[39m[31m[91m[33m{[39m[31m[91mdisplay[33m:[39m[31m[91minline-block!important[33m}[39m[31m[91m[33m.d-lg-block[39m[31m[91m[33m{[39m[31m[91mdisplay[33m:[39m[31m[91mblock!important[33m}[39m[31m[91m[33m.d-lg-table[39m[31m[91m[33m{[39m[31m[91mdisplay[33m:[39m[31m[91mtable!important[33m}[39m[31m[91m[33m.d-lg-table-row[39m[31m[91m[33m{[39m[31m[91mdisplay[33m:[39[39m[22m[1m[31mm[91mtable-row!important[33m}[39m[31m[91m[33m.d-lg-table-cell[39m[31m[91m[33m{[39m[31m[91mdisplay[33m:[39m[31m[91mtable-cell!important[33m}[39m[31m[91m[33m.d-lg-flex[39m[31m[91m[33m{[39m[31m[91mdisplay[33m:[39m[31m[91m-ms-flexbox!important[33m;[39m[31m[91mdisplay[33m:[39m[31m[91mflex!important[33m}[39m[31m[91m[33m.d-lg-inline-flex[39m[31m[91m[33m{[39m[31m[91mdisplay[33m:[39m[31m[91m-ms-inline-flexbox!important[33m;[39m[31m[91mdisplay[33m:[39m[31m[91minline-flex!important[33m}[39m[31m[91m[33m}[39m[31m[91m[36m@media[39m[31m[91m[36m [39m[31m[91m[36m(min-width:1152px)[39m[31m[91m[33m{[39m[31m[91m[33m.d-xl-none[39m[31m[91m[33m{[39m[31m[91mdisplay[33m:[39m[31m[91mnone!important[33m}[39m[31m[91m[33m.d-xl-inline[39m[31m[91m[33m{[39m[31m[91mdisplay[33m:[39m[31m[91minline!important[33m}[39m[31m[91m[33m.d-xl-inline-block[39m[31m[91m[33m{[39m[31m[91mdisplay[33m:[39m[31m[91minline-block!important[33m}[39m[31m[91m[33m.d-xl-block[39m[31m[91m[33m{[39m[31m[91mdisplay[33m:[39m[31m[91mblock!important[33m}[39m[31m[91m[33m.d-xl-table[39m[31m[91m[33m{[39m[31m[91mdisplay[33m:[39m[31m[91mtable!important[33m}[39m[31m[91m[33m.d-xl-table-row[39m[31m[91m[33m{[39m[31m[91mdisplay[33m:[39m[31m[91mtable-row!important[33m}[39m[31m[91m[33m.d-xl-table-cell[39m[31m[91m[33m{[39m[31m[91mdisplay[33m:[39m[31m[91mtable-cell!important[33m}[39m[31m[91m[33m.d-xl-flex[39m[31m[91m[33m{[39m[31m[91mdisplay[33m:[39m[31m[91m-ms-flexbox!important[33m;[39m[31m[91mdisplay[33m:[39m[31m[91mflex!important[33m}[39m[31m[91m[33m.d-xl-inline-flex[39m[31m[91m[33m{[39m[31m[91mdisplay[33m:[39m[31m[91m-ms-inline-flexbox!important[33m;[39m[31m[91mdisplay[33m:[39m[31m[91minline-flex!important[33m}[39m[31m[91m[33m}[39m[31m[91m[36m@media[39m[31m[91m print[33m{[39m[31m[91m[33m.d-print-none[39m[31m[91m[33m{[39m[31m[91mdisplay[33m:[39m[31m[91mnone!important[33m}[39m[31m[91m[33m.d-print-inline[39m[31m[91m[33m{[39m[31m[91mdisplay[33m:[39m[31m[91minline!important[33m}[39m[31m[91m[33m.d-print-inline-block[39m[31m[91m[33m{[39m[31m[91mdisplay[33m:[39m[31m[91minline-block!important[33m}[39m[31m[91m[33m.d-print-block[39m[22m[1m[31m[39m[31m[91m[33m{[39m[31m[91mdisplay[33m:[39m[31m[91mblock!important[33m}[39m[31m[91m[33m.d-print-table[39m[31m[91m[33m{[39m[31m[91mdisplay[33m:[39m[31m[91mtable!important[33m}[39m[31m[91m[33m.d-print-table-row[39m[31m[91m[33m{[39m[31m[91mdisplay[33m:[39m[31m[91mtable-row!important[33m}[39m[31m[91m[33m.d-print-table-cell[39m[31m[91m[33m{[39m[31m[91mdisplay[33m:[39m[31m[91mtable-cell!important[33m}[39m[31m[91m[33m.d-print-flex[39m[31m[91m[33m{[39m[31m[91mdisplay[33m:[39m[31m[91m-ms-flexbox!important[33m;[39m[31m[91mdisplay[33m:[39m[31m[91mflex!important[33m}[39m[31m[91m[33m.d-print-inline-flex[39m[31m[91m[33m{[39m[31m[91mdisplay[33m:[39m[31m[91m-ms-inline-flexbox!important[33m;[39m[31m[91mdisplay[33m:[39m[31m[91minline-flex!important[33m}[39m[31m[91m[33m}[39m[31m[91m[33m.embed-responsive[39m[31m[91m[33m{[39m[31m[91mposition[33m:[39m[31m[91mrelative[33m;[39m[31m[91mdisplay[33m:[39m[31m[91mblock[33m;[39m[31m[91mwidth[33m:[39m[31m[91m100%[33m;[39m[31m[91mpadding[33m:[39m[31m[91m0[33m;[39m[31m[91moverflow[33m:[39m[31m[91mhidden[33m}[39m[31m[91m[33m.embed-responsive[39m[31m[91m[33m:[39m[31m[91m[33m:[39m[31m[91mbefore[33m{[39m[31m[91mdisplay[33m:[39m[31m[91mblock[33m;[39m[31m[91mcontent[33m:[39m[31m[91m[32m""[39m[31m[91m[33m}[39m[31m[91m[33m.embed-responsive[39m[31m[91m [33m.embed-responsive-item,.embed-responsive[39m[31m[91m embed,.embed-responsive iframe,.embed-responsive object,.embed-responsive video[33m{[39m[31m[91mposition[33m:[39m[31m[91mabsolute[33m;[39m[31m[91mtop[33m:[39m[31m[91m0[33m;[39m[31m[91mbottom[33m:[39m[31m[91m0[33m;[39m[31m[91mleft[33m:[39m[31m[91m0[33m;[39m[31m[91mwidth[33m:[39m[31m[91m100%[33m;[39m[31m[91mheight[33m:[39m[31m[91m100%[33m;[39m[31m[91mborder[33m:[39m[31m[91m0[33m}[39m[31m[91m[33m.embed-responsive-21by9[39m[31m[91m[33m:[39m[31m[91m[33m:[39m[31m[91mbefore[33m{[39m[31m[91mpadding-top[33m:[39m[31m[91m42.857143%[33m}[39m[31m[91m[33m.embed-responsive-16by9[39m[31m[91m[33m:[39m[31m[91m[33m:[39m[31m[91mbefore[33m{[39m[31m[91mpadding-top[33m:[39m[31m[91m56.25%[33m}[39m[31m[91m[33m.embed-responsive-4by3[39m[31m[91m[33m:[39m[31m[39m[22m[1m[31m[91m[33m:[39m[31m[91mbefore[33m{[39m[31m[91mpadding-top[33m:[39m[31m[91m75%[33m}[39m[31m[91m[33m.embed-responsive-1by1[39m[31m[91m[33m:[39m[31m[91m[33m:[39m[31m[91mbefore[33m{[39m[31m[91mpadding-top[33m:[39m[31m[91m100%[33m}[39m[31m[91m[33m.flex-row[39m[31m[91m[33m{[39m[31m[91m-ms-flex-direction[33m:[39m[31m[91mrow!important[33m;[39m[31m[91mflex-direction[33m:[39m[31m[91mrow!important[33m}[39m[31m[91m[33m.flex-column[39m[31m[91m[33m{[39m[31m[91m-ms-flex-direction[33m:[39m[31m[91mcolumn!important[33m;[39m[31m[91mflex-direction[33m:[39m[31m[91mcolumn!important[33m}[39m[31m[91m[33m.flex-row-reverse[39m[31m[91m[33m{[39m[31m[91m-ms-flex-direction[33m:[39m[31m[91mrow-reverse!important[33m;[39m[31m[91mflex-direction[33m:[39m[31m[91mrow-reverse!important[33m}[39m[31m[91m[33m.flex-column-reverse[39m[31m[91m[33m{[39m[31m[91m-ms-flex-direction[33m:[39m[31m[91mcolumn-reverse!important[33m;[39m[31m[91mflex-direction[33m:[39m[31m[91mcolumn-reverse!important[33m}[39m[31m[91m[33m.flex-wrap[39m[31m[91m[33m{[39m[31m[91m-ms-flex-wrap[33m:[39m[31m[91mwrap!important[33m;[39m[31m[91mflex-wrap[33m:[39m[31m[91mwrap!important[33m}[39m[31m[91m[33m.flex-nowrap[39m[31m[91m[33m{[39m[31m[91m-ms-flex-wrap[33m:[39m[31m[91mnowrap!important[33m;[39m[31m[91mflex-wrap[33m:[39m[31m[91mnowrap!important[33m}[39m[31m[91m[33m.flex-wrap-reverse[39m[31m[91m[33m{[39m[31m[91m-ms-flex-wrap[33m:[39m[31m[91mwrap-reverse!important[33m;[39m[31m[91mflex-wrap[33m:[39m[31m[91mwrap-reverse!important[33m}[39m[31m[91m[33m.flex-fill[39m[31m[91m[33m{[39m[31m[91m-ms-flex[33m:[39m[31m[91m1 1 auto!important[33m;[39m[31m[91mflex[33m:[39m[31m[91m1 1 auto!important[33m}[39m[31m[91m[33m.flex-grow-0[39m[31m[91m[33m{[39m[31m[91m-ms-flex-positive[33m:[39m[31m[91m0!important[33m;[39m[31m[91mflex-grow[33m:[39m[31m[91m0!important[33m}[39m[31m[91m[33m.flex-grow-1[39m[31m[91m[33m{[39m[31m[91m-ms-flex-positive[33m:[39m[31m[91m1!important[33m;[39m[31m[91mflex-grow[33m:[39m[31m[91m1!important[33m}[39m[31m[91m[33m.flex-shrink-0[39m[31m[91m[33m{[39m[31m[91m-ms-flex-negative[33m:[39m[31m[91m0!important[33m;[39m[31m[[39m[22m[1m[31m91mflex-shrink[33m:[39m[31m[91m0!important[33m}[39m[31m[91m[33m.flex-shrink-1[39m[31m[91m[33m{[39m[31m[91m-ms-flex-negative[33m:[39m[31m[91m1!important[33m;[39m[31m[91mflex-shrink[33m:[39m[31m[91m1!important[33m}[39m[31m[91m[33m.justify-content-start[39m[31m[91m[33m{[39m[31m[91m-ms-flex-pack[33m:[39m[31m[91mstart!important[33m;[39m[31m[91mjustify-content[33m:[39m[31m[91mflex-start!important[33m}[39m[31m[91m[33m.justify-content-end[39m[31m[91m[33m{[39m[31m[91m-ms-flex-pack[33m:[39m[31m[91mend!important[33m;[39m[31m[91mjustify-content[33m:[39m[31m[91mflex-end!important[33m}[39m[31m[91m[33m.justify-content-center[39m[31m[91m[33m{[39m[31m[91m-ms-flex-pack[33m:[39m[31m[91mcenter!important[33m;[39m[31m[91mjustify-content[33m:[39m[31m[91mcenter!important[33m}[39m[31m[91m[33m.justify-content-between[39m[31m[91m[33m{[39m[31m[91m-ms-flex-pack[33m:[39m[31m[91mjustify!important[33m;[39m[31m[91mjustify-content[33m:[39m[31m[91mspace-between!important[33m}[39m[31m[91m[33m.justify-content-around[39m[31m[91m[33m{[39m[31m[91m-ms-flex-pack[33m:[39m[31m[91mdistribute!important[33m;[39m[31m[91mjustify-content[33m:[39m[31m[91mspace-around!important[33m}[39m[31m[91m[33m.align-items-start[39m[31m[91m[33m{[39m[31m[91m-ms-flex-align[33m:[39m[31m[91mstart!important[33m;[39m[31m[91malign-items[33m:[39m[31m[91mflex-start!important[33m}[39m[31m[91m[33m.align-items-end[39m[31m[91m[33m{[39m[31m[91m-ms-flex-align[33m:[39m[31m[91mend!important[33m;[39m[31m[91malign-items[33m:[39m[31m[91mflex-end!important[33m}[39m[31m[91m[33m.align-items-center[39m[31m[91m[33m{[39m[31m[91m-ms-flex-align[33m:[39m[31m[91mcenter!important[33m;[39m[31m[91malign-items[33m:[39m[31m[91mcenter!important[33m}[39m[31m[91m[33m.align-items-baseline[39m[31m[91m[33m{[39m[31m[91m-ms-flex-align[33m:[39m[31m[91mbaseline!important[33m;[39m[31m[91malign-items[33m:[39m[31m[91mbaseline!important[33m}[39m[31m[91m[33m.align-items-stretch[39m[31m[91m[33m{[39m[31m[91m-ms-flex-align[33m:[39m[31m[91mstretch!important[33m;[39m[31m[91malign-items[33m:[39m[31m[91mstretch!important[33m}[39m[31m[91m[33m.align-con[39m[22m[1m[31mtent-start[39m[31m[91m[33m{[39m[31m[91m-ms-flex-line-pack[33m:[39m[31m[91mstart!important[33m;[39m[31m[91malign-content[33m:[39m[31m[91mflex-start!important[33m}[39m[31m[91m[33m.align-content-end[39m[31m[91m[33m{[39m[31m[91m-ms-flex-line-pack[33m:[39m[31m[91mend!important[33m;[39m[31m[91malign-content[33m:[39m[31m[91mflex-end!important[33m}[39m[31m[91m[33m.align-content-center[39m[31m[91m[33m{[39m[31m[91m-ms-flex-line-pack[33m:[39m[31m[91mcenter!important[33m;[39m[31m[91malign-content[33m:[39m[31m[91mcenter!important[33m}[39m[31m[91m[33m.align-content-between[39m[31m[91m[33m{[39m[31m[91m-ms-flex-line-pack[33m:[39m[31m[91mjustify!important[33m;[39m[31m[91malign-content[33m:[39m[31m[91mspace-between!important[33m}[39m[31m[91m[33m.align-content-around[39m[31m[91m[33m{[39m[31m[91m-ms-flex-line-pack[33m:[39m[31m[91mdistribute!important[33m;[39m[31m[91malign-content[33m:[39m[31m[91mspace-around!important[33m}[39m[31m[91m[33m.align-content-stretch[39m[31m[91m[33m{[39m[31m[91m-ms-flex-line-pack[33m:[39m[31m[91mstretch!important[33m;[39m[31m[91malign-content[33m:[39m[31m[91mstretch!important[33m}[39m[31m[91m[33m.align-self-auto[39m[31m[91m[33m{[39m[31m[91m-ms-flex-item-align[33m:[39m[31m[91mauto!important[33m;[39m[31m[91malign-self[33m:[39m[31m[91mauto!important[33m}[39m[31m[91m[33m.align-self-start[39m[31m[91m[33m{[39m[31m[91m-ms-flex-item-align[33m:[39m[31m[91mstart!important[33m;[39m[31m[91malign-self[33m:[39m[31m[91mflex-start!important[33m}[39m[31m[91m[33m.align-self-end[39m[31m[91m[33m{[39m[31m[91m-ms-flex-item-align[33m:[39m[31m[91mend!important[33m;[39m[31m[91malign-self[33m:[39m[31m[91mflex-end!important[33m}[39m[31m[91m[33m.align-self-center[39m[31m[91m[33m{[39m[31m[91m-ms-flex-item-align[33m:[39m[31m[91mcenter!important[33m;[39m[31m[91malign-self[33m:[39m[31m[91mcenter!important[33m}[39m[31m[91m[33m.align-self-baseline[39m[31m[91m[33m{[39m[31m[91m-ms-flex-item-align[33m:[39m[31m[91mbaseline!important[33m;[39m[31m[91malign-self[33m:[39m[31m[91mbaseline!important[33m}[39m[31m[91m[33m.align-self-stretch[39m[31m[91m[33m{[39m[31m[91m-ms[39m[22m[1m[31m-flex-item-align[33m:[39m[31m[91mstretch!important[33m;[39m[31m[91malign-self[33m:[39m[31m[91mstretch!important[33m}[39m[31m[91m[36m@media[39m[31m[91m[36m [39m[31m[91m[36m(min-width:576px)[39m[31m[91m[33m{[39m[31m[91m[33m.flex-sm-row[39m[31m[91m[33m{[39m[31m[91m-ms-flex-direction[33m:[39m[31m[91mrow!important[33m;[39m[31m[91mflex-direction[33m:[39m[31m[91mrow!important[33m}[39m[31m[91m[33m.flex-sm-column[39m[31m[91m[33m{[39m[31m[91m-ms-flex-direction[33m:[39m[31m[91mcolumn!important[33m;[39m[31m[91mflex-direction[33m:[39m[31m[91mcolumn!important[33m}[39m[31m[91m[33m.flex-sm-row-reverse[39m[31m[91m[33m{[39m[31m[91m-ms-flex-direction[33m:[39m[31m[91mrow-reverse!important[33m;[39m[31m[91mflex-direction[33m:[39m[31m[91mrow-reverse!important[33m}[39m[31m[91m[33m.flex-sm-column-reverse[39m[31m[91m[33m{[39m[31m[91m-ms-flex-direction[33m:[39m[31m[91mcolumn-reverse!important[33m;[39m[31m[91mflex-direction[33m:[39m[31m[91mcolumn-reverse!important[33m}[39m[31m[91m[33m.flex-sm-wrap[39m[31m[91m[33m{[39m[31m[91m-ms-flex-wrap[33m:[39m[31m[91mwrap!important[33m;[39m[31m[91mflex-wrap[33m:[39m[31m[91mwrap!important[33m}[39m[31m[91m[33m.flex-sm-nowrap[39m[31m[91m[33m{[39m[31m[91m-ms-flex-wrap[33m:[39m[31m[91mnowrap!important[33m;[39m[31m[91mflex-wrap[33m:[39m[31m[91mnowrap!important[33m}[39m[31m[91m[33m.flex-sm-wrap-reverse[39m[31m[91m[33m{[39m[31m[91m-ms-flex-wrap[33m:[39m[31m[91mwrap-reverse!important[33m;[39m[31m[91mflex-wrap[33m:[39m[31m[91mwrap-reverse!important[33m}[39m[31m[91m[33m.flex-sm-fill[39m[31m[91m[33m{[39m[31m[91m-ms-flex[33m:[39m[31m[91m1 1 auto!important[33m;[39m[31m[91mflex[33m:[39m[31m[91m1 1 auto!important[33m}[39m[31m[91m[33m.flex-sm-grow-0[39m[31m[91m[33m{[39m[31m[91m-ms-flex-positive[33m:[39m[31m[91m0!important[33m;[39m[31m[91mflex-grow[33m:[39m[31m[91m0!important[33m}[39m[31m[91m[33m.flex-sm-grow-1[39m[31m[91m[33m{[39m[31m[91m-ms-flex-positive[33m:[39m[31m[91m1!important[33m;[39m[31m[91mflex-grow[33m:[39m[31m[91m1!important[33m}[39m[31m[91m[33m.flex-sm-shrink-0[39m[31m[91m[33m{[39m[31m[91m-ms-flex-negative[33m:[39m[31m[91m0!import[39m[22m[1m[31mant[33m;[39m[31m[91mflex-shrink[33m:[39m[31m[91m0!important[33m}[39m[31m[91m[33m.flex-sm-shrink-1[39m[31m[91m[33m{[39m[31m[91m-ms-flex-negative[33m:[39m[31m[91m1!important[33m;[39m[31m[91mflex-shrink[33m:[39m[31m[91m1!important[33m}[39m[31m[91m[33m.justify-content-sm-start[39m[31m[91m[33m{[39m[31m[91m-ms-flex-pack[33m:[39m[31m[91mstart!important[33m;[39m[31m[91mjustify-content[33m:[39m[31m[91mflex-start!important[33m}[39m[31m[91m[33m.justify-content-sm-end[39m[31m[91m[33m{[39m[31m[91m-ms-flex-pack[33m:[39m[31m[91mend!important[33m;[39m[31m[91mjustify-content[33m:[39m[31m[91mflex-end!important[33m}[39m[31m[91m[33m.justify-content-sm-center[39m[31m[91m[33m{[39m[31m[91m-ms-flex-pack[33m:[39m[31m[91mcenter!important[33m;[39m[31m[91mjustify-content[33m:[39m[31m[91mcenter!important[33m}[39m[31m[91m[33m.justify-content-sm-between[39m[31m[91m[33m{[39m[31m[91m-ms-flex-pack[33m:[39m[31m[91mjustify!important[33m;[39m[31m[91mjustify-content[33m:[39m[31m[91mspace-between!important[33m}[39m[31m[91m[33m.justify-content-sm-around[39m[31m[91m[33m{[39m[31m[91m-ms-flex-pack[33m:[39m[31m[91mdistribute!important[33m;[39m[31m[91mjustify-content[33m:[39m[31m[91mspace-around!important[33m}[39m[31m[91m[33m.align-items-sm-start[39m[31m[91m[33m{[39m[31m[91m-ms-flex-align[33m:[39m[31m[91mstart!important[33m;[39m[31m[91malign-items[33m:[39m[31m[91mflex-start!important[33m}[39m[31m[91m[33m.align-items-sm-end[39m[31m[91m[33m{[39m[31m[91m-ms-flex-align[33m:[39m[31m[91mend!important[33m;[39m[31m[91malign-items[33m:[39m[31m[91mflex-end!important[33m}[39m[31m[91m[33m.align-items-sm-center[39m[31m[91m[33m{[39m[31m[91m-ms-flex-align[33m:[39m[31m[91mcenter!important[33m;[39m[31m[91malign-items[33m:[39m[31m[91mcenter!important[33m}[39m[31m[91m[33m.align-items-sm-baseline[39m[31m[91m[33m{[39m[31m[91m-ms-flex-align[33m:[39m[31m[91mbaseline!important[33m;[39m[31m[91malign-items[33m:[39m[31m[91mbaseline!important[33m}[39m[31m[91m[33m.align-items-sm-stretch[39m[31m[91m[33m{[39m[31m[91m-ms-flex-align[33m:[39m[31m[91mstretch!important[33m;[39m[31m[91malign-items[33m:[39m[31m[91[39m[22m[1m[31mmstretch!important[33m}[39m[31m[91m[33m.align-content-sm-start[39m[31m[91m[33m{[39m[31m[91m-ms-flex-line-pack[33m:[39m[31m[91mstart!important[33m;[39m[31m[91malign-content[33m:[39m[31m[91mflex-start!important[33m}[39m[31m[91m[33m.align-content-sm-end[39m[31m[91m[33m{[39m[31m[91m-ms-flex-line-pack[33m:[39m[31m[91mend!important[33m;[39m[31m[91malign-content[33m:[39m[31m[91mflex-end!important[33m}[39m[31m[91m[33m.align-content-sm-center[39m[31m[91m[33m{[39m[31m[91m-ms-flex-line-pack[33m:[39m[31m[91mcenter!important[33m;[39m[31m[91malign-content[33m:[39m[31m[91mcenter!important[33m}[39m[31m[91m[33m.align-content-sm-between[39m[31m[91m[33m{[39m[31m[91m-ms-flex-line-pack[33m:[39m[31m[91mjustify!important[33m;[39m[31m[91malign-content[33m:[39m[31m[91mspace-between!important[33m}[39m[31m[91m[33m.align-content-sm-around[39m[31m[91m[33m{[39m[31m[91m-ms-flex-line-pack[33m:[39m[31m[91mdistribute!important[33m;[39m[31m[91malign-content[33m:[39m[31m[91mspace-around!important[33m}[39m[31m[91m[33m.align-content-sm-stretch[39m[31m[91m[33m{[39m[31m[91m-ms-flex-line-pack[33m:[39m[31m[91mstretch!important[33m;[39m[31m[91malign-content[33m:[39m[31m[91mstretch!important[33m}[39m[31m[91m[33m.align-self-sm-auto[39m[31m[91m[33m{[39m[31m[91m-ms-flex-item-align[33m:[39m[31m[91mauto!important[33m;[39m[31m[91malign-self[33m:[39m[31m[91mauto!important[33m}[39m[31m[91m[33m.align-self-sm-start[39m[31m[91m[33m{[39m[31m[91m-ms-flex-item-align[33m:[39m[31m[91mstart!important[33m;[39m[31m[91malign-self[33m:[39m[31m[91mflex-start!important[33m}[39m[31m[91m[33m.align-self-sm-end[39m[31m[91m[33m{[39m[31m[91m-ms-flex-item-align[33m:[39m[31m[91mend!important[33m;[39m[31m[91malign-self[33m:[39m[31m[91mflex-end!important[33m}[39m[31m[91m[33m.align-self-sm-center[39m[31m[91m[33m{[39m[31m[91m-ms-flex-item-align[33m:[39m[31m[91mcenter!important[33m;[39m[31m[91malign-self[33m:[39m[31m[91mcenter!important[33m}[39m[31m[91m[33m.align-self-sm-baseline[39m[31m[91m[33m{[39m[31m[91m-ms-flex-item-align[33m:[39m[31m[91mbaseline!important[33m;[39m[31m[91malign-self[33m:[39m[31m[91mbasel[39m[22m[1m[31mine!important[33m}[39m[31m[91m[33m.align-self-sm-stretch[39m[31m[91m[33m{[39m[31m[91m-ms-flex-item-align[33m:[39m[31m[91mstretch!important[33m;[39m[31m[91malign-self[33m:[39m[31m[91mstretch!important[33m}[39m[31m[91m[33m}[39m[31m[91m[36m@media[39m[31m[91m[36m [39m[31m[91m[36m(min-width:768px)[39m[31m[91m[33m{[39m[31m[91m[33m.flex-md-row[39m[31m[91m[33m{[39m[31m[91m-ms-flex-direction[33m:[39m[31m[91mrow!important[33m;[39m[31m[91mflex-direction[33m:[39m[31m[91mrow!important[33m}[39m[31m[91m[33m.flex-md-column[39m[31m[91m[33m{[39m[31m[91m-ms-flex-direction[33m:[39m[31m[91mcolumn!important[33m;[39m[31m[91mflex-direction[33m:[39m[31m[91mcolumn!important[33m}[39m[31m[91m[33m.flex-md-row-reverse[39m[31m[91m[33m{[39m[31m[91m-ms-flex-direction[33m:[39m[31m[91mrow-reverse!important[33m;[39m[31m[91mflex-direction[33m:[39m[31m[91mrow-reverse!important[33m}[39m[31m[91m[33m.flex-md-column-reverse[39m[31m[91m[33m{[39m[31m[91m-ms-flex-direction[33m:[39m[31m[91mcolumn-reverse!important[33m;[39m[31m[91mflex-direction[33m:[39m[31m[91mcolumn-reverse!important[33m}[39m[31m[91m[33m.flex-md-wrap[39m[31m[91m[33m{[39m[31m[91m-ms-flex-wrap[33m:[39m[31m[91mwrap!important[33m;[39m[31m[91mflex-wrap[33m:[39m[31m[91mwrap!important[33m}[39m[31m[91m[33m.flex-md-nowrap[39m[31m[91m[33m{[39m[31m[91m-ms-flex-wrap[33m:[39m[31m[91mnowrap!important[33m;[39m[31m[91mflex-wrap[33m:[39m[31m[91mnowrap!important[33m}[39m[31m[91m[33m.flex-md-wrap-reverse[39m[31m[91m[33m{[39m[31m[91m-ms-flex-wrap[33m:[39m[31m[91mwrap-reverse!important[33m;[39m[31m[91mflex-wrap[33m:[39m[31m[91mwrap-reverse!important[33m}[39m[31m[91m[33m.flex-md-fill[39m[31m[91m[33m{[39m[31m[91m-ms-flex[33m:[39m[31m[91m1 1 auto!important[33m;[39m[31m[91mflex[33m:[39m[31m[91m1 1 auto!important[33m}[39m[31m[91m[33m.flex-md-grow-0[39m[31m[91m[33m{[39m[31m[91m-ms-flex-positive[33m:[39m[31m[91m0!important[33m;[39m[31m[91mflex-grow[33m:[39m[31m[91m0!important[33m}[39m[31m[91m[33m.flex-md-grow-1[39m[31m[91m[33m{[39m[31m[91m-ms-flex-positive[33m:[39m[31m[91m1!important[33m;[39m[31m[91mflex-grow[33m:[39m[31m[91m1!important[33[39m[22m[1m[31mm}[39m[31m[91m[33m.flex-md-shrink-0[39m[31m[91m[33m{[39m[31m[91m-ms-flex-negative[33m:[39m[31m[91m0!important[33m;[39m[31m[91mflex-shrink[33m:[39m[31m[91m0!important[33m}[39m[31m[91m[33m.flex-md-shrink-1[39m[31m[91m[33m{[39m[31m[91m-ms-flex-negative[33m:[39m[31m[91m1!important[33m;[39m[31m[91mflex-shrink[33m:[39m[31m[91m1!important[33m}[39m[31m[91m[33m.justify-content-md-start[39m[31m[91m[33m{[39m[31m[91m-ms-flex-pack[33m:[39m[31m[91mstart!important[33m;[39m[31m[91mjustify-content[33m:[39m[31m[91mflex-start!important[33m}[39m[31m[91m[33m.justify-content-md-end[39m[31m[91m[33m{[39m[31m[91m-ms-flex-pack[33m:[39m[31m[91mend!important[33m;[39m[31m[91mjustify-content[33m:[39m[31m[91mflex-end!important[33m}[39m[31m[91m[33m.justify-content-md-center[39m[31m[91m[33m{[39m[31m[91m-ms-flex-pack[33m:[39m[31m[91mcenter!important[33m;[39m[31m[91mjustify-content[33m:[39m[31m[91mcenter!important[33m}[39m[31m[91m[33m.justify-content-md-between[39m[31m[91m[33m{[39m[31m[91m-ms-flex-pack[33m:[39m[31m[91mjustify!important[33m;[39m[31m[91mjustify-content[33m:[39m[31m[91mspace-between!important[33m}[39m[31m[91m[33m.justify-content-md-around[39m[31m[91m[33m{[39m[31m[91m-ms-flex-pack[33m:[39m[31m[91mdistribute!important[33m;[39m[31m[91mjustify-content[33m:[39m[31m[91mspace-around!important[33m}[39m[31m[91m[33m.align-items-md-start[39m[31m[91m[33m{[39m[31m[91m-ms-flex-align[33m:[39m[31m[91mstart!important[33m;[39m[31m[91malign-items[33m:[39m[31m[91mflex-start!important[33m}[39m[31m[91m[33m.align-items-md-end[39m[31m[91m[33m{[39m[31m[91m-ms-flex-align[33m:[39m[31m[91mend!important[33m;[39m[31m[91malign-items[33m:[39m[31m[91mflex-end!important[33m}[39m[31m[91m[33m.align-items-md-center[39m[31m[91m[33m{[39m[31m[91m-ms-flex-align[33m:[39m[31m[91mcenter!important[33m;[39m[31m[91malign-items[33m:[39m[31m[91mcenter!important[33m}[39m[31m[91m[33m.align-items-md-baseline[39m[31m[91m[33m{[39m[31m[91m-ms-flex-align[33m:[39m[31m[91mbaseline!important[33m;[39m[31m[91malign-items[33m:[39m[31m[91mbaseline!important[33m}[39m[31m[91m[33m.align-items-md-stretch[39m[31m[91m[33[39m[22m[1m[31mm{[39m[31m[91m-ms-flex-align[33m:[39m[31m[91mstretch!important[33m;[39m[31m[91malign-items[33m:[39m[31m[91mstretch!important[33m}[39m[31m[91m[33m.align-content-md-start[39m[31m[91m[33m{[39m[31m[91m-ms-flex-line-pack[33m:[39m[31m[91mstart!important[33m;[39m[31m[91malign-content[33m:[39m[31m[91mflex-start!important[33m}[39m[31m[91m[33m.align-content-md-end[39m[31m[91m[33m{[39m[31m[91m-ms-flex-line-pack[33m:[39m[31m[91mend!important[33m;[39m[31m[91malign-content[33m:[39m[31m[91mflex-end!important[33m}[39m[31m[91m[33m.align-content-md-center[39m[31m[91m[33m{[39m[31m[91m-ms-flex-line-pack[33m:[39m[31m[91mcenter!important[33m;[39m[31m[91malign-content[33m:[39m[31m[91mcenter!important[33m}[39m[31m[91m[33m.align-content-md-between[39m[31m[91m[33m{[39m[31m[91m-ms-flex-line-pack[33m:[39m[31m[91mjustify!important[33m;[39m[31m[91malign-content[33m:[39m[31m[91mspace-between!important[33m}[39m[31m[91m[33m.align-content-md-around[39m[31m[91m[33m{[39m[31m[91m-ms-flex-line-pack[33m:[39m[31m[91mdistribute!important[33m;[39m[31m[91malign-content[33m:[39m[31m[91mspace-around!important[33m}[39m[31m[91m[33m.align-content-md-stretch[39m[31m[91m[33m{[39m[31m[91m-ms-flex-line-pack[33m:[39m[31m[91mstretch!important[33m;[39m[31m[91malign-content[33m:[39m[31m[91mstretch!important[33m}[39m[31m[91m[33m.align-self-md-auto[39m[31m[91m[33m{[39m[31m[91m-ms-flex-item-align[33m:[39m[31m[91mauto!important[33m;[39m[31m[91malign-self[33m:[39m[31m[91mauto!important[33m}[39m[31m[91m[33m.align-self-md-start[39m[31m[91m[33m{[39m[31m[91m-ms-flex-item-align[33m:[39m[31m[91mstart!important[33m;[39m[31m[91malign-self[33m:[39m[31m[91mflex-start!important[33m}[39m[31m[91m[33m.align-self-md-end[39m[31m[91m[33m{[39m[31m[91m-ms-flex-item-align[33m:[39m[31m[91mend!important[33m;[39m[31m[91malign-self[33m:[39m[31m[91mflex-end!important[33m}[39m[31m[91m[33m.align-self-md-center[39m[31m[91m[33m{[39m[31m[91m-ms-flex-item-align[33m:[39m[31m[91mcenter!important[33m;[39m[31m[91malign-self[33m:[39m[31m[91mcenter!important[33m}[39m[31m[91m[33m.align-self-md-baseline[39m[31m[91m[33m{[39m[31m[91[39m[22m[1m[31mm-ms-flex-item-align[33m:[39m[31m[91mbaseline!important[33m;[39m[31m[91malign-self[33m:[39m[31m[91mbaseline!important[33m}[39m[31m[91m[33m.align-self-md-stretch[39m[31m[91m[33m{[39m[31m[91m-ms-flex-item-align[33m:[39m[31m[91mstretch!important[33m;[39m[31m[91malign-self[33m:[39m[31m[91mstretch!important[33m}[39m[31m[91m[33m}[39m[31m[91m[36m@media[39m[31m[91m[36m [39m[31m[91m[36m(min-width:960px)[39m[31m[91m[33m{[39m[31m[91m[33m.flex-lg-row[39m[31m[91m[33m{[39m[31m[91m-ms-flex-direction[33m:[39m[31m[91mrow!important[33m;[39m[31m[91mflex-direction[33m:[39m[31m[91mrow!important[33m}[39m[31m[91m[33m.flex-lg-column[39m[31m[91m[33m{[39m[31m[91m-ms-flex-direction[33m:[39m[31m[91mcolumn!important[33m;[39m[31m[91mflex-direction[33m:[39m[31m[91mcolumn!important[33m}[39m[31m[91m[33m.flex-lg-row-reverse[39m[31m[91m[33m{[39m[31m[91m-ms-flex-direction[33m:[39m[31m[91mrow-reverse!important[33m;[39m[31m[91mflex-direction[33m:[39m[31m[91mrow-reverse!important[33m}[39m[31m[91m[33m.flex-lg-column-reverse[39m[31m[91m[33m{[39m[31m[91m-ms-flex-direction[33m:[39m[31m[91mcolumn-reverse!important[33m;[39m[31m[91mflex-direction[33m:[39m[31m[91mcolumn-reverse!important[33m}[39m[31m[91m[33m.flex-lg-wrap[39m[31m[91m[33m{[39m[31m[91m-ms-flex-wrap[33m:[39m[31m[91mwrap!important[33m;[39m[31m[91mflex-wrap[33m:[39m[31m[91mwrap!important[33m}[39m[31m[91m[33m.flex-lg-nowrap[39m[31m[91m[33m{[39m[31m[91m-ms-flex-wrap[33m:[39m[31m[91mnowrap!important[33m;[39m[31m[91mflex-wrap[33m:[39m[31m[91mnowrap!important[33m}[39m[31m[91m[33m.flex-lg-wrap-reverse[39m[31m[91m[33m{[39m[31m[91m-ms-flex-wrap[33m:[39m[31m[91mwrap-reverse!important[33m;[39m[31m[91mflex-wrap[33m:[39m[31m[91mwrap-reverse!important[33m}[39m[31m[91m[33m.flex-lg-fill[39m[31m[91m[33m{[39m[31m[91m-ms-flex[33m:[39m[31m[91m1 1 auto!important[33m;[39m[31m[91mflex[33m:[39m[31m[91m1 1 auto!important[33m}[39m[31m[91m[33m.flex-lg-grow-0[39m[31m[91m[33m{[39m[31m[91m-ms-flex-positive[33m:[39m[31m[91m0!important[33m;[39m[31m[91mflex-grow[33m:[39m[31m[91m0!important[33m}[39m[31m[91m[33m.flex-lg-grow-1[39m[31m[91m[33m{[39m[31m[91[39m[22m[1m[31mm-ms-flex-positive[33m:[39m[31m[91m1!important[33m;[39m[31m[91mflex-grow[33m:[39m[31m[91m1!important[33m}[39m[31m[91m[33m.flex-lg-shrink-0[39m[31m[91m[33m{[39m[31m[91m-ms-flex-negative[33m:[39m[31m[91m0!important[33m;[39m[31m[91mflex-shrink[33m:[39m[31m[91m0!important[33m}[39m[31m[91m[33m.flex-lg-shrink-1[39m[31m[91m[33m{[39m[31m[91m-ms-flex-negative[33m:[39m[31m[91m1!important[33m;[39m[31m[91mflex-shrink[33m:[39m[31m[91m1!important[33m}[39m[31m[91m[33m.justify-content-lg-start[39m[31m[91m[33m{[39m[31m[91m-ms-flex-pack[33m:[39m[31m[91mstart!important[33m;[39m[31m[91mjustify-content[33m:[39m[31m[91mflex-start!important[33m}[39m[31m[91m[33m.justify-content-lg-end[39m[31m[91m[33m{[39m[31m[91m-ms-flex-pack[33m:[39m[31m[91mend!important[33m;[39m[31m[91mjustify-content[33m:[39m[31m[91mflex-end!important[33m}[39m[31m[91m[33m.justify-content-lg-center[39m[31m[91m[33m{[39m[31m[91m-ms-flex-pack[33m:[39m[31m[91mcenter!important[33m;[39m[31m[91mjustify-content[33m:[39m[31m[91mcenter!important[33m}[39m[31m[91m[33m.justify-content-lg-between[39m[31m[91m[33m{[39m[31m[91m-ms-flex-pack[33m:[39m[31m[91mjustify!important[33m;[39m[31m[91mjustify-content[33m:[39m[31m[91mspace-between!important[33m}[39m[31m[91m[33m.justify-content-lg-around[39m[31m[91m[33m{[39m[31m[91m-ms-flex-pack[33m:[39m[31m[91mdistribute!important[33m;[39m[31m[91mjustify-content[33m:[39m[31m[91mspace-around!important[33m}[39m[31m[91m[33m.align-items-lg-start[39m[31m[91m[33m{[39m[31m[91m-ms-flex-align[33m:[39m[31m[91mstart!important[33m;[39m[31m[91malign-items[33m:[39m[31m[91mflex-start!important[33m}[39m[31m[91m[33m.align-items-lg-end[39m[31m[91m[33m{[39m[31m[91m-ms-flex-align[33m:[39m[31m[91mend!important[33m;[39m[31m[91malign-items[33m:[39m[31m[91mflex-end!important[33m}[39m[31m[91m[33m.align-items-lg-center[39m[31m[91m[33m{[39m[31m[91m-ms-flex-align[33m:[39m[31m[91mcenter!important[33m;[39m[31m[91malign-items[33m:[39m[31m[91mcenter!important[33m}[39m[31m[91m[33m.align-items-lg-baseline[39m[31m[91m[33m{[39m[31m[91m-ms-flex-align[33m:[39m[31m[91mbaseline!important[33m;[39m[31m[91mal[39m[22m[1m[31mign-items[33m:[39m[31m[91mbaseline!important[33m}[39m[31m[91m[33m.align-items-lg-stretch[39m[31m[91m[33m{[39m[31m[91m-ms-flex-align[33m:[39m[31m[91mstretch!important[33m;[39m[31m[91malign-items[33m:[39m[31m[91mstretch!important[33m}[39m[31m[91m[33m.align-content-lg-start[39m[31m[91m[33m{[39m[31m[91m-ms-flex-line-pack[33m:[39m[31m[91mstart!important[33m;[39m[31m[91malign-content[33m:[39m[31m[91mflex-start!important[33m}[39m[31m[91m[33m.align-content-lg-end[39m[31m[91m[33m{[39m[31m[91m-ms-flex-line-pack[33m:[39m[31m[91mend!important[33m;[39m[31m[91malign-content[33m:[39m[31m[91mflex-end!important[33m}[39m[31m[91m[33m.align-content-lg-center[39m[31m[91m[33m{[39m[31m[91m-ms-flex-line-pack[33m:[39m[31m[91mcenter!important[33m;[39m[31m[91malign-content[33m:[39m[31m[91mcenter!important[33m}[39m[31m[91m[33m.align-content-lg-between[39m[31m[91m[33m{[39m[31m[91m-ms-flex-line-pack[33m:[39m[31m[91mjustify!important[33m;[39m[31m[91malign-content[33m:[39m[31m[91mspace-between!important[33m}[39m[31m[91m[33m.align-content-lg-around[39m[31m[91m[33m{[39m[31m[91m-ms-flex-line-pack[33m:[39m[31m[91mdistribute!important[33m;[39m[31m[91malign-content[33m:[39m[31m[91mspace-around!important[33m}[39m[31m[91m[33m.align-content-lg-stretch[39m[31m[91m[33m{[39m[31m[91m-ms-flex-line-pack[33m:[39m[31m[91mstretch!important[33m;[39m[31m[91malign-content[33m:[39m[31m[91mstretch!important[33m}[39m[31m[91m[33m.align-self-lg-auto[39m[31m[91m[33m{[39m[31m[91m-ms-flex-item-align[33m:[39m[31m[91mauto!important[33m;[39m[31m[91malign-self[33m:[39m[31m[91mauto!important[33m}[39m[31m[91m[33m.align-self-lg-start[39m[31m[91m[33m{[39m[31m[91m-ms-flex-item-align[33m:[39m[31m[91mstart!important[33m;[39m[31m[91malign-self[33m:[39m[31m[91mflex-start!important[33m}[39m[31m[91m[33m.align-self-lg-end[39m[31m[91m[33m{[39m[31m[91m-ms-flex-item-align[33m:[39m[31m[91mend!important[33m;[39m[31m[91malign-self[33m:[39m[31m[91mflex-end!important[33m}[39m[31m[91m[33m.align-self-lg-center[39m[31m[91m[33m{[39m[31m[91m-ms-flex-item-align[33m:[39m[31m[91mcenter!important[33m;[39m[31m[91malign-self[39m[22m[1m[31m[33m:[39m[31m[91mcenter!important[33m}[39m[31m[91m[33m.align-self-lg-baseline[39m[31m[91m[33m{[39m[31m[91m-ms-flex-item-align[33m:[39m[31m[91mbaseline!important[33m;[39m[31m[91malign-self[33m:[39m[31m[91mbaseline!important[33m}[39m[31m[91m[33m.align-self-lg-stretch[39m[31m[91m[33m{[39m[31m[91m-ms-flex-item-align[33m:[39m[31m[91mstretch!important[33m;[39m[31m[91malign-self[33m:[39m[31m[91mstretch!important[33m}[39m[31m[91m[33m}[39m[31m[91m[36m@media[39m[31m[91m[36m [39m[31m[91m[36m(min-width:1152px)[39m[31m[91m[33m{[39m[31m[91m[33m.flex-xl-row[39m[31m[91m[33m{[39m[31m[91m-ms-flex-direction[33m:[39m[31m[91mrow!important[33m;[39m[31m[91mflex-direction[33m:[39m[31m[91mrow!important[33m}[39m[31m[91m[33m.flex-xl-column[39m[31m[91m[33m{[39m[31m[91m-ms-flex-direction[33m:[39m[31m[91mcolumn!important[33m;[39m[31m[91mflex-direction[33m:[39m[31m[91mcolumn!important[33m}[39m[31m[91m[33m.flex-xl-row-reverse[39m[31m[91m[33m{[39m[31m[91m-ms-flex-direction[33m:[39m[31m[91mrow-reverse!important[33m;[39m[31m[91mflex-direction[33m:[39m[31m[91mrow-reverse!important[33m}[39m[31m[91m[33m.flex-xl-column-reverse[39m[31m[91m[33m{[39m[31m[91m-ms-flex-direction[33m:[39m[31m[91mcolumn-reverse!important[33m;[39m[31m[91mflex-direction[33m:[39m[31m[91mcolumn-reverse!important[33m}[39m[31m[91m[33m.flex-xl-wrap[39m[31m[91m[33m{[39m[31m[91m-ms-flex-wrap[33m:[39m[31m[91mwrap!important[33m;[39m[31m[91mflex-wrap[33m:[39m[31m[91mwrap!important[33m}[39m[31m[91m[33m.flex-xl-nowrap[39m[31m[91m[33m{[39m[31m[91m-ms-flex-wrap[33m:[39m[31m[91mnowrap!important[33m;[39m[31m[91mflex-wrap[33m:[39m[31m[91mnowrap!important[33m}[39m[31m[91m[33m.flex-xl-wrap-reverse[39m[31m[91m[33m{[39m[31m[91m-ms-flex-wrap[33m:[39m[31m[91mwrap-reverse!important[33m;[39m[31m[91mflex-wrap[33m:[39m[31m[91mwrap-reverse!important[33m}[39m[31m[91m[33m.flex-xl-fill[39m[31m[91m[33m{[39m[31m[91m-ms-flex[33m:[39m[31m[91m1 1 auto!important[33m;[39m[31m[91mflex[33m:[39m[31m[91m1 1 auto!important[33m}[39m[31m[91m[33m.flex-xl-grow-0[39m[31m[91m[33m{[39m[31m[91m-ms-flex-positive[33m:[39m[31m[91m0!important[33m;[39m[31m[39m[22m[1m[31m[91mflex-grow[33m:[39m[31m[91m0!important[33m}[39m[31m[91m[33m.flex-xl-grow-1[39m[31m[91m[33m{[39m[31m[91m-ms-flex-positive[33m:[39m[31m[91m1!important[33m;[39m[31m[91mflex-grow[33m:[39m[31m[91m1!important[33m}[39m[31m[91m[33m.flex-xl-shrink-0[39m[31m[91m[33m{[39m[31m[91m-ms-flex-negative[33m:[39m[31m[91m0!important[33m;[39m[31m[91mflex-shrink[33m:[39m[31m[91m0!important[33m}[39m[31m[91m[33m.flex-xl-shrink-1[39m[31m[91m[33m{[39m[31m[91m-ms-flex-negative[33m:[39m[31m[91m1!important[33m;[39m[31m[91mflex-shrink[33m:[39m[31m[91m1!important[33m}[39m[31m[91m[33m.justify-content-xl-start[39m[31m[91m[33m{[39m[31m[91m-ms-flex-pack[33m:[39m[31m[91mstart!important[33m;[39m[31m[91mjustify-content[33m:[39m[31m[91mflex-start!important[33m}[39m[31m[91m[33m.justify-content-xl-end[39m[31m[91m[33m{[39m[31m[91m-ms-flex-pack[33m:[39m[31m[91mend!important[33m;[39m[31m[91mjustify-content[33m:[39m[31m[91mflex-end!important[33m}[39m[31m[91m[33m.justify-content-xl-center[39m[31m[91m[33m{[39m[31m[91m-ms-flex-pack[33m:[39m[31m[91mcenter!important[33m;[39m[31m[91mjustify-content[33m:[39m[31m[91mcenter!important[33m}[39m[31m[91m[33m.justify-content-xl-between[39m[31m[91m[33m{[39m[31m[91m-ms-flex-pack[33m:[39m[31m[91mjustify!important[33m;[39m[31m[91mjustify-content[33m:[39m[31m[91mspace-between!important[33m}[39m[31m[91m[33m.justify-content-xl-around[39m[31m[91m[33m{[39m[31m[91m-ms-flex-pack[33m:[39m[31m[91mdistribute!important[33m;[39m[31m[91mjustify-content[33m:[39m[31m[91mspace-around!important[33m}[39m[31m[91m[33m.align-items-xl-start[39m[31m[91m[33m{[39m[31m[91m-ms-flex-align[33m:[39m[31m[91mstart!important[33m;[39m[31m[91malign-items[33m:[39m[31m[91mflex-start!important[33m}[39m[31m[91m[33m.align-items-xl-end[39m[31m[91m[33m{[39m[31m[91m-ms-flex-align[33m:[39m[31m[91mend!important[33m;[39m[31m[91malign-items[33m:[39m[31m[91mflex-end!important[33m}[39m[31m[91m[33m.align-items-xl-center[39m[31m[91m[33m{[39m[31m[91m-ms-flex-align[33m:[39m[31m[91mcenter!important[33m;[39m[31m[91malign-items[33m:[39m[31m[91mcenter!important[33m}[39m[31m[91m[33m.align-items-x[39m[22m[1m[31ml-baseline[39m[31m[91m[33m{[39m[31m[91m-ms-flex-align[33m:[39m[31m[91mbaseline!important[33m;[39m[31m[91malign-items[33m:[39m[31m[91mbaseline!important[33m}[39m[31m[91m[33m.align-items-xl-stretch[39m[31m[91m[33m{[39m[31m[91m-ms-flex-align[33m:[39m[31m[91mstretch!important[33m;[39m[31m[91malign-items[33m:[39m[31m[91mstretch!important[33m}[39m[31m[91m[33m.align-content-xl-start[39m[31m[91m[33m{[39m[31m[91m-ms-flex-line-pack[33m:[39m[31m[91mstart!important[33m;[39m[31m[91malign-content[33m:[39m[31m[91mflex-start!important[33m}[39m[31m[91m[33m.align-content-xl-end[39m[31m[91m[33m{[39m[31m[91m-ms-flex-line-pack[33m:[39m[31m[91mend!important[33m;[39m[31m[91malign-content[33m:[39m[31m[91mflex-end!important[33m}[39m[31m[91m[33m.align-content-xl-center[39m[31m[91m[33m{[39m[31m[91m-ms-flex-line-pack[33m:[39m[31m[91mcenter!important[33m;[39m[31m[91malign-content[33m:[39m[31m[91mcenter!important[33m}[39m[31m[91m[33m.align-content-xl-between[39m[31m[91m[33m{[39m[31m[91m-ms-flex-line-pack[33m:[39m[31m[91mjustify!important[33m;[39m[31m[91malign-content[33m:[39m[31m[91mspace-between!important[33m}[39m[31m[91m[33m.align-content-xl-around[39m[31m[91m[33m{[39m[31m[91m-ms-flex-line-pack[33m:[39m[31m[91mdistribute!important[33m;[39m[31m[91malign-content[33m:[39m[31m[91mspace-around!important[33m}[39m[31m[91m[33m.align-content-xl-stretch[39m[31m[91m[33m{[39m[31m[91m-ms-flex-line-pack[33m:[39m[31m[91mstretch!important[33m;[39m[31m[91malign-content[33m:[39m[31m[91mstretch!important[33m}[39m[31m[91m[33m.align-self-xl-auto[39m[31m[91m[33m{[39m[31m[91m-ms-flex-item-align[33m:[39m[31m[91mauto!important[33m;[39m[31m[91malign-self[33m:[39m[31m[91mauto!important[33m}[39m[31m[91m[33m.align-self-xl-start[39m[31m[91m[33m{[39m[31m[91m-ms-flex-item-align[33m:[39m[31m[91mstart!important[33m;[39m[31m[91malign-self[33m:[39m[31m[91mflex-start!important[33m}[39m[31m[91m[33m.align-self-xl-end[39m[31m[91m[33m{[39m[31m[91m-ms-flex-item-align[33m:[39m[31m[91mend!important[33m;[39m[31m[91malign-self[33m:[39m[31m[91mflex-end!important[33m}[39m[31m[91m[33m.align-self-xl-center[39m[22m[1m[31m[39m[91m[33m{[39m[31m[91m-ms-flex-item-align[33m:[39m[31m[91mcenter!important[33m;[39m[31m[91malign-self[33m:[39m[31m[91mcenter!important[33m}[39m[31m[91m[33m.align-self-xl-baseline[39m[31m[91m[33m{[39m[31m[91m-ms-flex-item-align[33m:[39m[31m[91mbaseline!important[33m;[39m[31m[91malign-self[33m:[39m[31m[91mbaseline!important[33m}[39m[31m[91m[33m.align-self-xl-stretch[39m[31m[91m[33m{[39m[31m[91m-ms-flex-item-align[33m:[39m[31m[91mstretch!important[33m;[39m[31m[91malign-self[33m:[39m[31m[91mstretch!important[33m}[39m[31m[91m[33m}[39m[31m[91m[33m.float-left[39m[31m[91m[33m{[39m[31m[91mfloat[33m:[39m[31m[91mleft!important[33m}[39m[31m[91m[33m.float-right[39m[31m[91m[33m{[39m[31m[91mfloat[33m:[39m[31m[91mright!important[33m}[39m[31m[91m[33m.float-none[39m[31m[91m[33m{[39m[31m[91mfloat[33m:[39m[31m[91mnone!important[33m}[39m[31m[91m[36m@media[39m[31m[91m[36m [39m[31m[91m[36m(min-width:576px)[39m[31m[91m[33m{[39m[31m[91m[33m.float-sm-left[39m[31m[91m[33m{[39m[31m[91mfloat[33m:[39m[31m[91mleft!important[33m}[39m[31m[91m[33m.float-sm-right[39m[31m[91m[33m{[39m[31m[91mfloat[33m:[39m[31m[91mright!important[33m}[39m[31m[91m[33m.float-sm-none[39m[31m[91m[33m{[39m[31m[91mfloat[33m:[39m[31m[91mnone!important[33m}[39m[31m[91m[33m}[39m[31m[91m[36m@media[39m[31m[91m[36m [39m[31m[91m[36m(min-width:768px)[39m[31m[91m[33m{[39m[31m[91m[33m.float-md-left[39m[31m[91m[33m{[39m[31m[91mfloat[33m:[39m[31m[91mleft!important[33m}[39m[31m[91m[33m.float-md-right[39m[31m[91m[33m{[39m[31m[91mfloat[33m:[39m[31m[91mright!important[33m}[39m[31m[91m[33m.float-md-none[39m[31m[91m[33m{[39m[31m[91mfloat[33m:[39m[31m[91mnone!important[33m}[39m[31m[91m[33m}[39m[31m[91m[36m@media[39m[31m[91m[36m [39m[31m[91m[36m(min-width:960px)[39m[31m[91m[33m{[39m[31m[91m[33m.float-lg-left[39m[31m[91m[33m{[39m[31m[91mfloat[33m:[39m[31m[91mleft!important[33m}[39m[31m[91m[33m.float-lg-right[39m[31m[91m[33m{[39m[31m[91mfloat[33m:[39m[31m[91mright!important[33m}[39m[31m[91m[33m.float-lg-none[39m[31m[91m[33m{[39m[31m[91mfloat[33m:[39m[31m[91mnone!important[33m}[39m[31m[91m[33m}[39m[31m[91m[36m@media[39m[31m[39m[22m[1m[31m[91m[36m [39m[31m[91m[36m(min-width:1152px)[39m[31m[91m[33m{[39m[31m[91m[33m.float-xl-left[39m[31m[91m[33m{[39m[31m[91mfloat[33m:[39m[31m[91mleft!important[33m}[39m[31m[91m[33m.float-xl-right[39m[31m[91m[33m{[39m[31m[91mfloat[33m:[39m[31m[91mright!important[33m}[39m[31m[91m[33m.float-xl-none[39m[31m[91m[33m{[39m[31m[91mfloat[33m:[39m[31m[91mnone!important[33m}[39m[31m[91m[33m}[39m[31m[91m[33m.overflow-auto[39m[31m[91m[33m{[39m[31m[91moverflow[33m:[39m[31m[91mauto!important[33m}[39m[31m[91m[33m.overflow-hidden[39m[31m[91m[33m{[39m[31m[91moverflow[33m:[39m[31m[91mhidden!important[33m}[39m[31m[91m[33m.position-static[39m[31m[91m[33m{[39m[31m[91mposition[33m:[39m[31m[91mstatic!important[33m}[39m[31m[91m[33m.position-relative[39m[31m[91m[33m{[39m[31m[91mposition[33m:[39m[31m[91mrelative!important[33m}[39m[31m[91m[33m.position-absolute[39m[31m[91m[33m{[39m[31m[91mposition[33m:[39m[31m[91mabsolute!important[33m}[39m[31m[91m[33m.position-fixed[39m[31m[91m[33m{[39m[31m[91mposition[33m:[39m[31m[91mfixed!important[33m}[39m[31m[91m[33m.position-sticky[39m[31m[91m[33m{[39m[31m[91mposition[33m:[39m[31m[91m-webkit-sticky!important[33m;[39m[31m[91mposition[33m:[39m[31m[91msticky!important[33m}[39m[31m[91m[33m.fixed-top[39m[31m[91m[33m{[39m[31m[91mposition[33m:[39m[31m[91mfixed[33m;[39m[31m[91mtop[33m:[39m[31m[91m0[33m;[39m[31m[91mright[33m:[39m[31m[91m0[33m;[39m[31m[91mleft[33m:[39m[31m[91m0[33m;[39m[31m[91mz-index[33m:[39m[31m[91m1030[33m}[39m[31m[91m[33m.fixed-bottom[39m[31m[91m[33m{[39m[31m[91mposition[33m:[39m[31m[91mfixed[33m;[39m[31m[91mright[33m:[39m[31m[91m0[33m;[39m[31m[91mbottom[33m:[39m[31m[91m0[33m;[39m[31m[91mleft[33m:[39m[31m[91m0[33m;[39m[31m[91mz-index[33m:[39m[31m[91m1030[33m}[39m[31m[91m[36m@supports[39m[31m[91m[36m [39m[31m[91m[36m([39m[31m[91m[36m(position:-webkit-sticky)[39m[31m[91m or[36m [39m[31m[91m[36m(position:sticky)[39m[31m[91m[36m)[39m[31m[91m[33m{[39m[31m[91m[33m.sticky-top[39m[31m[91m[33m{[39m[31m[91mposition[33m:[39m[31m[91m-webkit-sticky[33m;[39m[31m[91mposition[33m:[39m[31m[91msticky[33m;[39m[31m[91mtop[33m:[39m[31m[91m0[33m;[39m[31m[39m[22m[1m[31m[91mz-index[33m:[39m[31m[91m1020[33m}[39m[31m[91m[33m}[39m[31m[91m[33m.sr-only[39m[31m[91m[33m{[39m[31m[91mposition[33m:[39m[31m[91mabsolute[33m;[39m[31m[91mwidth[33m:[39m[31m[91m1px[33m;[39m[31m[91mheight[33m:[39m[31m[91m1px[33m;[39m[31m[91mpadding[33m:[39m[31m[91m0[33m;[39m[31m[91mmargin[33m:[39m[31m[91m-1px[33m;[39m[31m[91moverflow[33m:[39m[31m[91mhidden[33m;[39m[31m[91mclip[33m:[39m[31m[91m[36mrect[39m[31m[91m[36m(0,0,0,0)[39m[31m[91m[33m;[39m[31m[91mwhite-space[33m:[39m[31m[91mnowrap[33m;[39m[31m[91mborder[33m:[39m[31m[91m0[33m}[39m[31m[91m[33m.sr-only-focusable[39m[31m[91m[33m:[39m[31m[91mactive,.sr-only-focusable[33m:[39m[31m[91mfocus[33m{[39m[31m[91mposition[33m:[39m[31m[91mstatic[33m;[39m[31m[91mwidth[33m:[39m[31m[91mauto[33m;[39m[31m[91mheight[33m:[39m[31m[91mauto[33m;[39m[31m[91moverflow[33m:[39m[31m[91mvisible[33m;[39m[31m[91mclip[33m:[39m[31m[91mauto[33m;[39m[31m[91mwhite-space[33m:[39m[31m[91mnormal[33m}[39m[31m[91m[33m.shadow-none[39m[31m[91m[33m{[39m[31m[91mbox-shadow[33m:[39m[31m[91mnone!important[33m}[39m[31m[91m[33m.w-25[39m[31m[91m[33m{[39m[31m[91mwidth[33m:[39m[31m[91m100%!important[33m}[39m[31m[91m[33m.w-50[39m[31m[91m[33m{[39m[31m[91mwidth[33m:[39m[31m[91m100%!important[33m}[39m[31m[91m[33m.w-75[39m[31m[91m[33m{[39m[31m[91mwidth[33m:[39m[31m[91m100%!important[33m}[39m[31m[91m[33m.w-100[39m[31m[91m[33m{[39m[31m[91mwidth[33m:[39m[31m[91m100%!important[33m}[39m[31m[91m[33m.w-auto[39m[31m[91m[33m{[39m[31m[91mwidth[33m:[39m[31m[91mauto!important[33m}[39m[31m[91m[33m.h-25[39m[31m[91m[33m{[39m[31m[91mheight[33m:[39m[31m[91m100%!important[33m}[39m[31m[91m[33m.h-50[39m[31m[91m[33m{[39m[31m[91mheight[33m:[39m[31m[91m100%!important[33m}[39m[31m[91m[33m.h-75[39m[31m[91m[33m{[39m[31m[91mheight[33m:[39m[31m[91m100%!important[33m}[39m[31m[91m[33m.h-100[39m[31m[91m[33m{[39m[31m[91mheight[33m:[39m[31m[91m100%!important[33m}[39m[31m[91m[33m.h-auto[39m[31m[91m[33m{[39m[31m[91mheight[33m:[39m[31m[91mauto!important[33m}[39m[31m[91m[33m.mw-100[39m[31m[91m[33m{[39m[31m[91mmax-width[33m:[39m[31m[91m100%!important[33m}[39m[31m[91m[33m.mh-100[39m[31m[91m[[39m[22m[1m[31m33m{[39m[31m[91mmax-height[33m:[39m[31m[91m100%!important[33m}[39m[31m[91m[33m.min-vw-100[39m[31m[91m[33m{[39m[31m[91mmin-width[33m:[39m[31m[91m100vw!important[33m}[39m[31m[91m[33m.min-vh-100[39m[31m[91m[33m{[39m[31m[91mmin-height[33m:[39m[31m[91m100vh!important[33m}[39m[31m[91m[33m.vw-100[39m[31m[91m[33m{[39m[31m[91mwidth[33m:[39m[31m[91m100vw!important[33m}[39m[31m[91m[33m.vh-100[39m[31m[91m[33m{[39m[31m[91mheight[33m:[39m[31m[91m100vh!important[33m}[39m[31m[91m[33m.stretched-link[39m[31m[91m[33m:[39m[31m[91m[33m:[39m[31m[91mafter[33m{[39m[31m[91mposition[33m:[39m[31m[91mabsolute[33m;[39m[31m[91mtop[33m:[39m[31m[91m0[33m;[39m[31m[91mright[33m:[39m[31m[91m0[33m;[39m[31m[91mbottom[33m:[39m[31m[91m0[33m;[39m[31m[91mleft[33m:[39m[31m[91m0[33m;[39m[31m[91mz-index[33m:[39m[31m[91m1[33m;[39m[31m[91mpointer-events[33m:[39m[31m[91mauto[33m;[39m[31m[91mcontent[33m:[39m[31m[91m[32m""[39m[31m[91m[33m;[39m[31m[91mbackground-color[33m:[39m[31m[91m[36mrgba[39m[31m[91m[36m(0,0,0,0)[39m[31m[91m[33m}[39m[31m[91m[33m.m-0[39m[31m[91m[33m{[39m[31m[91mmargin[33m:[39m[31m[91m0 0!important[33m}[39m[31m[91m[33m.mt-0,.my-0[39m[31m[91m[33m{[39m[31m[91mmargin-top[33m:[39m[31m[91m0!important[33m}[39m[31m[91m[33m.mr-0,.mx-0[39m[31m[91m[33m{[39m[31m[91mmargin-right[33m:[39m[31m[91m0!important[33m}[39m[31m[91m[33m.mb-0,.my-0[39m[31m[91m[33m{[39m[31m[91mmargin-bottom[33m:[39m[31m[91m0!important[33m}[39m[31m[91m[33m.ml-0,.mx-0[39m[31m[91m[33m{[39m[31m[91mmargin-left[33m:[39m[31m[91m0!important[33m}[39m[31m[91m[33m.m-1[39m[31m[91m[33m{[39m[31m[91mmargin[33m:[39m[31m[91m0 0!important[33m}[39m[31m[91m[33m.mt-1,.my-1[39m[31m[91m[33m{[39m[31m[91mmargin-top[33m:[39m[31m[91m0!important[33m}[39m[31m[91m[33m.mr-1,.mx-1[39m[31m[91m[33m{[39m[31m[91mmargin-right[33m:[39m[31m[91m0!important[33m}[39m[31m[91m[33m.mb-1,.my-1[39m[31m[91m[33m{[39m[31m[91mmargin-bottom[33m:[39m[31m[91m0!important[33m}[39m[31m[91m[33m.ml-1,.mx-1[39m[31m[91m[33m{[39m[31m[91mmargin-left[33m:[39m[31m[91m0!important[33m}[39m[31m[91m[33m.m-2[39m[31m[91m[33m{[39m[31m[91mmargin[33m:[39m[31m[91m14px 8px!important[33m}[39m[31m[91[39m[22m[1m[31mm[33m.mt-2,.my-2[39m[31m[91m[33m{[39m[31m[91mmargin-top[33m:[39m[31m[91m14px!important[33m}[39m[31m[91m[33m.mr-2,.mx-2[39m[31m[91m[33m{[39m[31m[91mmargin-right[33m:[39m[31m[91m8px!important[33m}[39m[31m[91m[33m.mb-2,.my-2[39m[31m[91m[33m{[39m[31m[91mmargin-bottom[33m:[39m[31m[91m14px!important[33m}[39m[31m[91m[33m.ml-2,.mx-2[39m[31m[91m[33m{[39m[31m[91mmargin-left[33m:[39m[31m[91m8px!important[33m}[39m[31m[91m[33m.m-3[39m[31m[91m[33m{[39m[31m[91mmargin[33m:[39m[31m[91m14px 8px!important[33m}[39m[31m[91m[33m.mt-3,.my-3[39m[31m[91m[33m{[39m[31m[91mmargin-top[33m:[39m[31m[91m14px!important[33m}[39m[31m[91m[33m.mr-3,.mx-3[39m[31m[91m[33m{[39m[31m[91mmargin-right[33m:[39m[31m[91m8px!important[33m}[39m[31m[91m[33m.mb-3,.my-3[39m[31m[91m[33m{[39m[31m[91mmargin-bottom[33m:[39m[31m[91m14px!important[33m}[39m[31m[91m[33m.ml-3,.mx-3[39m[31m[91m[33m{[39m[31m[91mmargin-left[33m:[39m[31m[91m8px!important[33m}[39m[31m[91m[33m.m-4[39m[31m[91m[33m{[39m[31m[91mmargin[33m:[39m[31m[91m28px 16px!important[33m}[39m[31m[91m[33m.mt-4,.my-4[39m[31m[91m[33m{[39m[31m[91mmargin-top[33m:[39m[31m[91m28px!important[33m}[39m[31m[91m[33m.mr-4,.mx-4[39m[31m[91m[33m{[39m[31m[91mmargin-right[33m:[39m[31m[91m16px!important[33m}[39m[31m[91m[33m.mb-4,.my-4[39m[31m[91m[33m{[39m[31m[91mmargin-bottom[33m:[39m[31m[91m28px!important[33m}[39m[31m[91m[33m.ml-4,.mx-4[39m[31m[91m[33m{[39m[31m[91mmargin-left[33m:[39m[31m[91m16px!important[33m}[39m[31m[91m[33m.m-5[39m[31m[91m[33m{[39m[31m[91mmargin[33m:[39m[31m[91m28px 16px!important[33m}[39m[31m[91m[33m.mt-5,.my-5[39m[31m[91m[33m{[39m[31m[91mmargin-top[33m:[39m[31m[91m28px!important[33m}[39m[31m[91m[33m.mr-5,.mx-5[39m[31m[91m[33m{[39m[31m[91mmargin-right[33m:[39m[31m[91m16px!important[33m}[39m[31m[91m[33m.mb-5,.my-5[39m[31m[91m[33m{[39m[31m[91mmargin-bottom[33m:[39m[31m[91m28px!important[33m}[39m[31m[91m[33m.ml-5,.mx-5[39m[31m[91m[33m{[39m[31m[91mmargin-left[33m:[39m[31m[91m16px!important[33m}[39m[31m[91m[33m.m-6[39m[31m[91m[33m{[39m[31m[91mmargin[33m:[39m[31m[91m42px 24px!important[33m}[39m[31m[91m[33m.mt-6,.my-6[39m[31m[91m[33m{[39m[31m[91mma[39m[22m[1m[31mrgin-top[33m:[39m[31m[91m42px!important[33m}[39m[31m[91m[33m.mr-6,.mx-6[39m[31m[91m[33m{[39m[31m[91mmargin-right[33m:[39m[31m[91m24px!important[33m}[39m[31m[91m[33m.mb-6,.my-6[39m[31m[91m[33m{[39m[31m[91mmargin-bottom[33m:[39m[31m[91m42px!important[33m}[39m[31m[91m[33m.ml-6,.mx-6[39m[31m[91m[33m{[39m[31m[91mmargin-left[33m:[39m[31m[91m24px!important[33m}[39m[31m[91m[33m.p-0[39m[31m[91m[33m{[39m[31m[91mpadding[33m:[39m[31m[91m0 0!important[33m}[39m[31m[91m[33m.pt-0,.py-0[39m[31m[91m[33m{[39m[31m[91mpadding-top[33m:[39m[31m[91m0!important[33m}[39m[31m[91m[33m.pr-0,.px-0[39m[31m[91m[33m{[39m[31m[91mpadding-right[33m:[39m[31m[91m0!important[33m}[39m[31m[91m[33m.pb-0,.py-0[39m[31m[91m[33m{[39m[31m[91mpadding-bottom[33m:[39m[31m[91m0!important[33m}[39m[31m[91m[33m.pl-0,.px-0[39m[31m[91m[33m{[39m[31m[91mpadding-left[33m:[39m[31m[91m0!important[33m}[39m[31m[91m[33m.p-1[39m[31m[91m[33m{[39m[31m[91mpadding[33m:[39m[31m[91m0 0!important[33m}[39m[31m[91m[33m.pt-1,.py-1[39m[31m[91m[33m{[39m[31m[91mpadding-top[33m:[39m[31m[91m0!important[33m}[39m[31m[91m[33m.pr-1,.px-1[39m[31m[91m[33m{[39m[31m[91mpadding-right[33m:[39m[31m[91m0!important[33m}[39m[31m[91m[33m.pb-1,.py-1[39m[31m[91m[33m{[39m[31m[91mpadding-bottom[33m:[39m[31m[91m0!important[33m}[39m[31m[91m[33m.pl-1,.px-1[39m[31m[91m[33m{[39m[31m[91mpadding-left[33m:[39m[31m[91m0!important[33m}[39m[31m[91m[33m.p-2[39m[31m[91m[33m{[39m[31m[91mpadding[33m:[39m[31m[91m14px 8px!important[33m}[39m[31m[91m[33m.pt-2,.py-2[39m[31m[91m[33m{[39m[31m[91mpadding-top[33m:[39m[31m[91m14px!important[33m}[39m[31m[91m[33m.pr-2,.px-2[39m[31m[91m[33m{[39m[31m[91mpadding-right[33m:[39m[31m[91m8px!important[33m}[39m[31m[91m[33m.pb-2,.py-2[39m[31m[91m[33m{[39m[31m[91mpadding-bottom[33m:[39m[31m[91m14px!important[33m}[39m[31m[91m[33m.pl-2,.px-2[39m[31m[91m[33m{[39m[31m[91mpadding-left[33m:[39m[31m[91m8px!important[33m}[39m[31m[91m[33m.p-3[39m[31m[91m[33m{[39m[31m[91mpadding[33m:[39m[31m[91m14px 8px!important[33m}[39m[31m[91m[33m.pt-3,.py-3[39m[31m[91m[33m{[39m[31m[91mpadding-top[33m:[39m[31m[91m14px!important[33m}[39m[31m[91m[33m.pr-[39m[22m[1m[31m3,.px-3[39m[31m[91m[33m{[39m[31m[91mpadding-right[33m:[39m[31m[91m8px!important[33m}[39m[31m[91m[33m.pb-3,.py-3[39m[31m[91m[33m{[39m[31m[91mpadding-bottom[33m:[39m[31m[91m14px!important[33m}[39m[31m[91m[33m.pl-3,.px-3[39m[31m[91m[33m{[39m[31m[91mpadding-left[33m:[39m[31m[91m8px!important[33m}[39m[31m[91m[33m.p-4[39m[31m[91m[33m{[39m[31m[91mpadding[33m:[39m[31m[91m28px 16px!important[33m}[39m[31m[91m[33m.pt-4,.py-4[39m[31m[91m[33m{[39m[31m[91mpadding-top[33m:[39m[31m[91m28px!important[33m}[39m[31m[91m[33m.pr-4,.px-4[39m[31m[91m[33m{[39m[31m[91mpadding-right[33m:[39m[31m[91m16px!important[33m}[39m[31m[91m[33m.pb-4,.py-4[39m[31m[91m[33m{[39m[31m[91mpadding-bottom[33m:[39m[31m[91m28px!important[33m}[39m[31m[91m[33m.pl-4,.px-4[39m[31m[91m[33m{[39m[31m[91mpadding-left[33m:[39m[31m[91m16px!important[33m}[39m[31m[91m[33m.p-5[39m[31m[91m[33m{[39m[31m[91mpadding[33m:[39m[31m[91m28px 16px!important[33m}[39m[31m[91m[33m.pt-5,.py-5[39m[31m[91m[33m{[39m[31m[91mpadding-top[33m:[39m[31m[91m28px!important[33m}[39m[31m[91m[33m.pr-5,.px-5[39m[31m[91m[33m{[39m[31m[91mpadding-right[33m:[39m[31m[91m16px!important[33m}[39m[31m[91m[33m.pb-5,.py-5[39m[31m[91m[33m{[39m[31m[91mpadding-bottom[33m:[39m[31m[91m28px!important[33m}[39m[31m[91m[33m.pl-5,.px-5[39m[31m[91m[33m{[39m[31m[91mpadding-left[33m:[39m[31m[91m16px!important[33m}[39m[31m[91m[33m.p-6[39m[31m[91m[33m{[39m[31m[91mpadding[33m:[39m[31m[91m42px 24px!important[33m}[39m[31m[91m[33m.pt-6,.py-6[39m[31m[91m[33m{[39m[31m[91mpadding-top[33m:[39m[31m[91m42px!important[33m}[39m[31m[91m[33m.pr-6,.px-6[39m[31m[91m[33m{[39m[31m[91mpadding-right[33m:[39m[31m[91m24px!important[33m}[39m[31m[91m[33m.pb-6,.py-6[39m[31m[91m[33m{[39m[31m[91mpadding-bottom[33m:[39m[31m[91m42px!important[33m}[39m[31m[91m[33m.pl-6,.px-6[39m[31m[91m[33m{[39m[31m[91mpadding-left[33m:[39m[31m[91m24px!important[33m}[39m[31m[91m[33m.m-n1[39m[31m[91m[33m{[39m[31m[91mmargin[33m:[39m[31m[91m0!important[33m}[39m[31m[91m[33m.mt-n1,.my-n1[39m[31m[91m[33m{[39m[31m[91mmargin-top[33m:[39m[31m[91m0!important[33m}[39m[31m[91m[33m.mr-n1,.mx-n1[39m[31m[91m[33m{[39m[31m[[39m[22m[1m[31m91mmargin-right[33m:[39m[31m[91m0!important[33m}[39m[31m[91m[33m.mb-n1,.my-n1[39m[31m[91m[33m{[39m[31m[91mmargin-bottom[33m:[39m[31m[91m0!important[33m}[39m[31m[91m[33m.ml-n1,.mx-n1[39m[31m[91m[33m{[39m[31m[91mmargin-left[33m:[39m[31m[91m0!important[33m}[39m[31m[91m[33m.m-n2[39m[31m[91m[33m{[39m[31m[91mmargin[33m:[39m[31m[91m-22px!important[33m}[39m[31m[91m[33m.mt-n2,.my-n2[39m[31m[91m[33m{[39m[31m[91mmargin-top[33m:[39m[31m[91m-14px!important[33m}[39m[31m[91m[33m.mr-n2,.mx-n2[39m[31m[91m[33m{[39m[31m[91mmargin-right[33m:[39m[31m[91m-8px!important[33m}[39m[31m[91m[33m.mb-n2,.my-n2[39m[31m[91m[33m{[39m[31m[91mmargin-bottom[33m:[39m[31m[91m-14px!important[33m}[39m[31m[91m[33m.ml-n2,.mx-n2[39m[31m[91m[33m{[39m[31m[91mmargin-left[33m:[39m[31m[91m-8px!important[33m}[39m[31m[91m[33m.m-n3[39m[31m[91m[33m{[39m[31m[91mmargin[33m:[39m[31m[91m-22px!important[33m}[39m[31m[91m[33m.mt-n3,.my-n3[39m[31m[91m[33m{[39m[31m[91mmargin-top[33m:[39m[31m[91m-14px!important[33m}[39m[31m[91m[33m.mr-n3,.mx-n3[39m[31m[91m[33m{[39m[31m[91mmargin-right[33m:[39m[31m[91m-8px!important[33m}[39m[31m[91m[33m.mb-n3,.my-n3[39m[31m[91m[33m{[39m[31m[91mmargin-bottom[33m:[39m[31m[91m-14px!important[33m}[39m[31m[91m[33m.ml-n3,.mx-n3[39m[31m[91m[33m{[39m[31m[91mmargin-left[33m:[39m[31m[91m-8px!important[33m}[39m[31m[91m[33m.m-n4[39m[31m[91m[33m{[39m[31m[91mmargin[33m:[39m[31m[91m-44px!important[33m}[39m[31m[91m[33m.mt-n4,.my-n4[39m[31m[91m[33m{[39m[31m[91mmargin-top[33m:[39m[31m[91m-28px!important[33m}[39m[31m[91m[33m.mr-n4,.mx-n4[39m[31m[91m[33m{[39m[31m[91mmargin-right[33m:[39m[31m[91m-16px!important[33m}[39m[31m[91m[33m.mb-n4,.my-n4[39m[31m[91m[33m{[39m[31m[91mmargin-bottom[33m:[39m[31m[91m-28px!important[33m}[39m[31m[91m[33m.ml-n4,.mx-n4[39m[31m[91m[33m{[39m[31m[91mmargin-left[33m:[39m[31m[91m-16px!important[33m}[39m[31m[91m[33m.m-n5[39m[31m[91m[33m{[39m[31m[91mmargin[33m:[39m[31m[91m-44px!important[33m}[39m[31m[91m[33m.mt-n5,.my-n5[39m[31m[91m[33m{[39m[31m[91mmargin-top[33m:[39m[31m[91m-28px!important[33m}[39m[31m[91m[33m.mr-n5,.mx-n5[39m[31m[91m[33m{[39m[31m[91mmargin-right[33m[39m[22m[1m[31m:[39m[31m[91m-16px!important[33m}[39m[31m[91m[33m.mb-n5,.my-n5[39m[31m[91m[33m{[39m[31m[91mmargin-bottom[33m:[39m[31m[91m-28px!important[33m}[39m[31m[91m[33m.ml-n5,.mx-n5[39m[31m[91m[33m{[39m[31m[91mmargin-left[33m:[39m[31m[91m-16px!important[33m}[39m[31m[91m[33m.m-n6[39m[31m[91m[33m{[39m[31m[91mmargin[33m:[39m[31m[91m-66px!important[33m}[39m[31m[91m[33m.mt-n6,.my-n6[39m[31m[91m[33m{[39m[31m[91mmargin-top[33m:[39m[31m[91m-42px!important[33m}[39m[31m[91m[33m.mr-n6,.mx-n6[39m[31m[91m[33m{[39m[31m[91mmargin-right[33m:[39m[31m[91m-24px!important[33m}[39m[31m[91m[33m.mb-n6,.my-n6[39m[31m[91m[33m{[39m[31m[91mmargin-bottom[33m:[39m[31m[91m-42px!important[33m}[39m[31m[91m[33m.ml-n6,.mx-n6[39m[31m[91m[33m{[39m[31m[91mmargin-left[33m:[39m[31m[91m-24px!important[33m}[39m[31m[91m[33m.m-auto[39m[31m[91m[33m{[39m[31m[91mmargin[33m:[39m[31m[91mauto!important[33m}[39m[31m[91m[33m.mt-auto,.my-auto[39m[31m[91m[33m{[39m[31m[91mmargin-top[33m:[39m[31m[91mauto!important[33m}[39m[31m[91m[33m.mr-auto,.mx-auto[39m[31m[91m[33m{[39m[31m[91mmargin-right[33m:[39m[31m[91mauto!important[33m}[39m[31m[91m[33m.mb-auto,.my-auto[39m[31m[91m[33m{[39m[31m[91mmargin-bottom[33m:[39m[31m[91mauto!important[33m}[39m[31m[91m[33m.ml-auto,.mx-auto[39m[31m[91m[33m{[39m[31m[91mmargin-left[33m:[39m[31m[91mauto!important[33m}[39m[31m[91m[36m@media[39m[31m[91m[36m [39m[31m[91m[36m(min-width:576px)[39m[31m[91m[33m{[39m[31m[91m[33m.m-sm-0[39m[31m[91m[33m{[39m[31m[91mmargin[33m:[39m[31m[91m0 0!important[33m}[39m[31m[91m[33m.mt-sm-0,.my-sm-0[39m[31m[91m[33m{[39m[31m[91mmargin-top[33m:[39m[31m[91m0!important[33m}[39m[31m[91m[33m.mr-sm-0,.mx-sm-0[39m[31m[91m[33m{[39m[31m[91mmargin-right[33m:[39m[31m[91m0!important[33m}[39m[31m[91m[33m.mb-sm-0,.my-sm-0[39m[31m[91m[33m{[39m[31m[91mmargin-bottom[33m:[39m[31m[91m0!important[33m}[39m[31m[91m[33m.ml-sm-0,.mx-sm-0[39m[31m[91m[33m{[39m[31m[91mmargin-left[33m:[39m[31m[91m0!important[33m}[39m[31m[91m[33m.m-sm-1[39m[31m[91m[33m{[39m[31m[91mmargin[33m:[39m[31m[91m0 0!important[33m}[39m[31m[91m[33m.mt-sm-1,.my-sm-1[39m[31m[91m[33m{[39m[31m[91mmargin-top[33m:[39[39m[22m[1m[31mm[91m0!important[33m}[39m[31m[91m[33m.mr-sm-1,.mx-sm-1[39m[31m[91m[33m{[39m[31m[91mmargin-right[33m:[39m[31m[91m0!important[33m}[39m[31m[91m[33m.mb-sm-1,.my-sm-1[39m[31m[91m[33m{[39m[31m[91mmargin-bottom[33m:[39m[31m[91m0!important[33m}[39m[31m[91m[33m.ml-sm-1,.mx-sm-1[39m[31m[91m[33m{[39m[31m[91mmargin-left[33m:[39m[31m[91m0!important[33m}[39m[31m[91m[33m.m-sm-2[39m[31m[91m[33m{[39m[31m[91mmargin[33m:[39m[31m[91m14px 8px!important[33m}[39m[31m[91m[33m.mt-sm-2,.my-sm-2[39m[31m[91m[33m{[39m[31m[91mmargin-top[33m:[39m[31m[91m14px!important[33m}[39m[31m[91m[33m.mr-sm-2,.mx-sm-2[39m[31m[91m[33m{[39m[31m[91mmargin-right[33m:[39m[31m[91m8px!important[33m}[39m[31m[91m[33m.mb-sm-2,.my-sm-2[39m[31m[91m[33m{[39m[31m[91mmargin-bottom[33m:[39m[31m[91m14px!important[33m}[39m[31m[91m[33m.ml-sm-2,.mx-sm-2[39m[31m[91m[33m{[39m[31m[91mmargin-left[33m:[39m[31m[91m8px!important[33m}[39m[31m[91m[33m.m-sm-3[39m[31m[91m[33m{[39m[31m[91mmargin[33m:[39m[31m[91m14px 8px!important[33m}[39m[31m[91m[33m.mt-sm-3,.my-sm-3[39m[31m[91m[33m{[39m[31m[91mmargin-top[33m:[39m[31m[91m14px!important[33m}[39m[31m[91m[33m.mr-sm-3,.mx-sm-3[39m[31m[91m[33m{[39m[31m[91mmargin-right[33m:[39m[31m[91m8px!important[33m}[39m[31m[91m[33m.mb-sm-3,.my-sm-3[39m[31m[91m[33m{[39m[31m[91mmargin-bottom[33m:[39m[31m[91m14px!important[33m}[39m[31m[91m[33m.ml-sm-3,.mx-sm-3[39m[31m[91m[33m{[39m[31m[91mmargin-left[33m:[39m[31m[91m8px!important[33m}[39m[31m[91m[33m.m-sm-4[39m[31m[91m[33m{[39m[31m[91mmargin[33m:[39m[31m[91m28px 16px!important[33m}[39m[31m[91m[33m.mt-sm-4,.my-sm-4[39m[31m[91m[33m{[39m[31m[91mmargin-top[33m:[39m[31m[91m28px!important[33m}[39m[31m[91m[33m.mr-sm-4,.mx-sm-4[39m[31m[91m[33m{[39m[31m[91mmargin-right[33m:[39m[31m[91m16px!important[33m}[39m[31m[91m[33m.mb-sm-4,.my-sm-4[39m[31m[91m[33m{[39m[31m[91mmargin-bottom[33m:[39m[31m[91m28px!important[33m}[39m[31m[91m[33m.ml-sm-4,.mx-sm-4[39m[31m[91m[33m{[39m[31m[91mmargin-left[33m:[39m[31m[91m16px!important[33m}[39m[31m[91m[33m.m-sm-5[39m[31m[91m[33m{[39m[31m[91mmargin[33m:[39m[31m[91m28px 16px!important[33m}[39m[31m[91m[33m.mt-sm-5,.my-[39m[22m[1m[31msm-5[39m[31m[91m[33m{[39m[31m[91mmargin-top[33m:[39m[31m[91m28px!important[33m}[39m[31m[91m[33m.mr-sm-5,.mx-sm-5[39m[31m[91m[33m{[39m[31m[91mmargin-right[33m:[39m[31m[91m16px!important[33m}[39m[31m[91m[33m.mb-sm-5,.my-sm-5[39m[31m[91m[33m{[39m[31m[91mmargin-bottom[33m:[39m[31m[91m28px!important[33m}[39m[31m[91m[33m.ml-sm-5,.mx-sm-5[39m[31m[91m[33m{[39m[31m[91mmargin-left[33m:[39m[31m[91m16px!important[33m}[39m[31m[91m[33m.m-sm-6[39m[31m[91m[33m{[39m[31m[91mmargin[33m:[39m[31m[91m42px 24px!important[33m}[39m[31m[91m[33m.mt-sm-6,.my-sm-6[39m[31m[91m[33m{[39m[31m[91mmargin-top[33m:[39m[31m[91m42px!important[33m}[39m[31m[91m[33m.mr-sm-6,.mx-sm-6[39m[31m[91m[33m{[39m[31m[91mmargin-right[33m:[39m[31m[91m24px!important[33m}[39m[31m[91m[33m.mb-sm-6,.my-sm-6[39m[31m[91m[33m{[39m[31m[91mmargin-bottom[33m:[39m[31m[91m42px!important[33m}[39m[31m[91m[33m.ml-sm-6,.mx-sm-6[39m[31m[91m[33m{[39m[31m[91mmargin-left[33m:[39m[31m[91m24px!important[33m}[39m[31m[91m[33m.p-sm-0[39m[31m[91m[33m{[39m[31m[91mpadding[33m:[39m[31m[91m0 0!important[33m}[39m[31m[91m[33m.pt-sm-0,.py-sm-0[39m[31m[91m[33m{[39m[31m[91mpadding-top[33m:[39m[31m[91m0!important[33m}[39m[31m[91m[33m.pr-sm-0,.px-sm-0[39m[31m[91m[33m{[39m[31m[91mpadding-right[33m:[39m[31m[91m0!important[33m}[39m[31m[91m[33m.pb-sm-0,.py-sm-0[39m[31m[91m[33m{[39m[31m[91mpadding-bottom[33m:[39m[31m[91m0!important[33m}[39m[31m[91m[33m.pl-sm-0,.px-sm-0[39m[31m[91m[33m{[39m[31m[91mpadding-left[33m:[39m[31m[91m0!important[33m}[39m[31m[91m[33m.p-sm-1[39m[31m[91m[33m{[39m[31m[91mpadding[33m:[39m[31m[91m0 0!important[33m}[39m[31m[91m[33m.pt-sm-1,.py-sm-1[39m[31m[91m[33m{[39m[31m[91mpadding-top[33m:[39m[31m[91m0!important[33m}[39m[31m[91m[33m.pr-sm-1,.px-sm-1[39m[31m[91m[33m{[39m[31m[91mpadding-right[33m:[39m[31m[91m0!important[33m}[39m[31m[91m[33m.pb-sm-1,.py-sm-1[39m[31m[91m[33m{[39m[31m[91mpadding-bottom[33m:[39m[31m[91m0!important[33m}[39m[31m[91m[33m.pl-sm-1,.px-sm-1[39m[31m[91m[33m{[39m[31m[91mpadding-left[33m:[39m[31m[91m0!important[33m}[39m[31m[91m[33m.p-sm-2[39m[31m[91m[33m{[39m[31m[91mpadding[33m:[39m[31m[91m14px 8px!i[39m[22m[1m[31mmportant[33m}[39m[31m[91m[33m.pt-sm-2,.py-sm-2[39m[31m[91m[33m{[39m[31m[91mpadding-top[33m:[39m[31m[91m14px!important[33m}[39m[31m[91m[33m.pr-sm-2,.px-sm-2[39m[31m[91m[33m{[39m[31m[91mpadding-right[33m:[39m[31m[91m8px!important[33m}[39m[31m[91m[33m.pb-sm-2,.py-sm-2[39m[31m[91m[33m{[39m[31m[91mpadding-bottom[33m:[39m[31m[91m14px!important[33m}[39m[31m[91m[33m.pl-sm-2,.px-sm-2[39m[31m[91m[33m{[39m[31m[91mpadding-left[33m:[39m[31m[91m8px!important[33m}[39m[31m[91m[33m.p-sm-3[39m[31m[91m[33m{[39m[31m[91mpadding[33m:[39m[31m[91m14px 8px!important[33m}[39m[31m[91m[33m.pt-sm-3,.py-sm-3[39m[31m[91m[33m{[39m[31m[91mpadding-top[33m:[39m[31m[91m14px!important[33m}[39m[31m[91m[33m.pr-sm-3,.px-sm-3[39m[31m[91m[33m{[39m[31m[91mpadding-right[33m:[39m[31m[91m8px!important[33m}[39m[31m[91m[33m.pb-sm-3,.py-sm-3[39m[31m[91m[33m{[39m[31m[91mpadding-bottom[33m:[39m[31m[91m14px!important[33m}[39m[31m[91m[33m.pl-sm-3,.px-sm-3[39m[31m[91m[33m{[39m[31m[91mpadding-left[33m:[39m[31m[91m8px!important[33m}[39m[31m[91m[33m.p-sm-4[39m[31m[91m[33m{[39m[31m[91mpadding[33m:[39m[31m[91m28px 16px!important[33m}[39m[31m[91m[33m.pt-sm-4,.py-sm-4[39m[31m[91m[33m{[39m[31m[91mpadding-top[33m:[39m[31m[91m28px!important[33m}[39m[31m[91m[33m.pr-sm-4,.px-sm-4[39m[31m[91m[33m{[39m[31m[91mpadding-right[33m:[39m[31m[91m16px!important[33m}[39m[31m[91m[33m.pb-sm-4,.py-sm-4[39m[31m[91m[33m{[39m[31m[91mpadding-bottom[33m:[39m[31m[91m28px!important[33m}[39m[31m[91m[33m.pl-sm-4,.px-sm-4[39m[31m[91m[33m{[39m[31m[91mpadding-left[33m:[39m[31m[91m16px!important[33m}[39m[31m[91m[33m.p-sm-5[39m[31m[91m[33m{[39m[31m[91mpadding[33m:[39m[31m[91m28px 16px!important[33m}[39m[31m[91m[33m.pt-sm-5,.py-sm-5[39m[31m[91m[33m{[39m[31m[91mpadding-top[33m:[39m[31m[91m28px!important[33m}[39m[31m[91m[33m.pr-sm-5,.px-sm-5[39m[31m[91m[33m{[39m[31m[91mpadding-right[33m:[39m[31m[91m16px!important[33m}[39m[31m[91m[33m.pb-sm-5,.py-sm-5[39m[31m[91m[33m{[39m[31m[91mpadding-bottom[33m:[39m[31m[91m28px!important[33m}[39m[31m[91m[33m.pl-sm-5,.px-sm-5[39m[31m[91m[33m{[39m[31m[91mpadding-left[33m:[39m[31m[91m16px!important[33m[39m[22m[1m[31m}[39m[31m[91m[33m.p-sm-6[39m[31m[91m[33m{[39m[31m[91mpadding[33m:[39m[31m[91m42px 24px!important[33m}[39m[31m[91m[33m.pt-sm-6,.py-sm-6[39m[31m[91m[33m{[39m[31m[91mpadding-top[33m:[39m[31m[91m42px!important[33m}[39m[31m[91m[33m.pr-sm-6,.px-sm-6[39m[31m[91m[33m{[39m[31m[91mpadding-right[33m:[39m[31m[91m24px!important[33m}[39m[31m[91m[33m.pb-sm-6,.py-sm-6[39m[31m[91m[33m{[39m[31m[91mpadding-bottom[33m:[39m[31m[91m42px!important[33m}[39m[31m[91m[33m.pl-sm-6,.px-sm-6[39m[31m[91m[33m{[39m[31m[91mpadding-left[33m:[39m[31m[91m24px!important[33m}[39m[31m[91m[33m.m-sm-n1[39m[31m[91m[33m{[39m[31m[91mmargin[33m:[39m[31m[91m0!important[33m}[39m[31m[91m[33m.mt-sm-n1,.my-sm-n1[39m[31m[91m[33m{[39m[31m[91mmargin-top[33m:[39m[31m[91m0!important[33m}[39m[31m[91m[33m.mr-sm-n1,.mx-sm-n1[39m[31m[91m[33m{[39m[31m[91mmargin-right[33m:[39m[31m[91m0!important[33m}[39m[31m[91m[33m.mb-sm-n1,.my-sm-n1[39m[31m[91m[33m{[39m[31m[91mmargin-bottom[33m:[39m[31m[91m0!important[33m}[39m[31m[91m[33m.ml-sm-n1,.mx-sm-n1[39m[31m[91m[33m{[39m[31m[91mmargin-left[33m:[39m[31m[91m0!important[33m}[39m[31m[91m[33m.m-sm-n2[39m[31m[91m[33m{[39m[31m[91mmargin[33m:[39m[31m[91m-22px!important[33m}[39m[31m[91m[33m.mt-sm-n2,.my-sm-n2[39m[31m[91m[33m{[39m[31m[91mmargin-top[33m:[39m[31m[91m-14px!important[33m}[39m[31m[91m[33m.mr-sm-n2,.mx-sm-n2[39m[31m[91m[33m{[39m[31m[91mmargin-right[33m:[39m[31m[91m-8px!important[33m}[39m[31m[91m[33m.mb-sm-n2,.my-sm-n2[39m[31m[91m[33m{[39m[31m[91mmargin-bottom[33m:[39m[31m[91m-14px!important[33m}[39m[31m[91m[33m.ml-sm-n2,.mx-sm-n2[39m[31m[91m[33m{[39m[31m[91mmargin-left[33m:[39m[31m[91m-8px!important[33m}[39m[31m[91m[33m.m-sm-n3[39m[31m[91m[33m{[39m[31m[91mmargin[33m:[39m[31m[91m-22px!important[33m}[39m[31m[91m[33m.mt-sm-n3,.my-sm-n3[39m[31m[91m[33m{[39m[31m[91mmargin-top[33m:[39m[31m[91m-14px!important[33m}[39m[31m[91m[33m.mr-sm-n3,.mx-sm-n3[39m[31m[91m[33m{[39m[31m[91mmargin-right[33m:[39m[31m[91m-8px!important[33m}[39m[31m[91m[33m.mb-sm-n3,.my-sm-n3[39m[31m[91m[33m{[39m[31m[91mmargin-bottom[33m:[39m[31m[91m-14px!important[33m}[39m[31m[91m[33m.ml-sm-n3,.mx-s[39m[22m[1m[31mm-n3[39m[31m[91m[33m{[39m[31m[91mmargin-left[33m:[39m[31m[91m-8px!important[33m}[39m[31m[91m[33m.m-sm-n4[39m[31m[91m[33m{[39m[31m[91mmargin[33m:[39m[31m[91m-44px!important[33m}[39m[31m[91m[33m.mt-sm-n4,.my-sm-n4[39m[31m[91m[33m{[39m[31m[91mmargin-top[33m:[39m[31m[91m-28px!important[33m}[39m[31m[91m[33m.mr-sm-n4,.mx-sm-n4[39m[31m[91m[33m{[39m[31m[91mmargin-right[33m:[39m[31m[91m-16px!important[33m}[39m[31m[91m[33m.mb-sm-n4,.my-sm-n4[39m[31m[91m[33m{[39m[31m[91mmargin-bottom[33m:[39m[31m[91m-28px!important[33m}[39m[31m[91m[33m.ml-sm-n4,.mx-sm-n4[39m[31m[91m[33m{[39m[31m[91mmargin-left[33m:[39m[31m[91m-16px!important[33m}[39m[31m[91m[33m.m-sm-n5[39m[31m[91m[33m{[39m[31m[91mmargin[33m:[39m[31m[91m-44px!important[33m}[39m[31m[91m[33m.mt-sm-n5,.my-sm-n5[39m[31m[91m[33m{[39m[31m[91mmargin-top[33m:[39m[31m[91m-28px!important[33m}[39m[31m[91m[33m.mr-sm-n5,.mx-sm-n5[39m[31m[91m[33m{[39m[31m[91mmargin-right[33m:[39m[31m[91m-16px!important[33m}[39m[31m[91m[33m.mb-sm-n5,.my-sm-n5[39m[31m[91m[33m{[39m[31m[91mmargin-bottom[33m:[39m[31m[91m-28px!important[33m}[39m[31m[91m[33m.ml-sm-n5,.mx-sm-n5[39m[31m[91m[33m{[39m[31m[91mmargin-left[33m:[39m[31m[91m-16px!important[33m}[39m[31m[91m[33m.m-sm-n6[39m[31m[91m[33m{[39m[31m[91mmargin[33m:[39m[31m[91m-66px!important[33m}[39m[31m[91m[33m.mt-sm-n6,.my-sm-n6[39m[31m[91m[33m{[39m[31m[91mmargin-top[33m:[39m[31m[91m-42px!important[33m}[39m[31m[91m[33m.mr-sm-n6,.mx-sm-n6[39m[31m[91m[33m{[39m[31m[91mmargin-right[33m:[39m[31m[91m-24px!important[33m}[39m[31m[91m[33m.mb-sm-n6,.my-sm-n6[39m[31m[91m[33m{[39m[31m[91mmargin-bottom[33m:[39m[31m[91m-42px!important[33m}[39m[31m[91m[33m.ml-sm-n6,.mx-sm-n6[39m[31m[91m[33m{[39m[31m[91mmargin-left[33m:[39m[31m[91m-24px!important[33m}[39m[31m[91m[33m.m-sm-auto[39m[31m[91m[33m{[39m[31m[91mmargin[33m:[39m[31m[91mauto!important[33m}[39m[31m[91m[33m.mt-sm-auto,.my-sm-auto[39m[31m[91m[33m{[39m[31m[91mmargin-top[33m:[39m[31m[91mauto!important[33m}[39m[31m[91m[33m.mr-sm-auto,.mx-sm-auto[39m[31m[91m[33m{[39m[31m[91mmargin-right[33m:[39m[31m[91mauto!important[33m}[39m[31m[91m[33m.mb-sm-auto,.my[39m[22m[1m[31m-sm-auto[39m[31m[91m[33m{[39m[31m[91mmargin-bottom[33m:[39m[31m[91mauto!important[33m}[39m[31m[91m[33m.ml-sm-auto,.mx-sm-auto[39m[31m[91m[33m{[39m[31m[91mmargin-left[33m:[39m[31m[91mauto!important[33m}[39m[31m[91m[33m}[39m[31m[91m[36m@media[39m[31m[91m[36m [39m[31m[91m[36m(min-width:768px)[39m[31m[91m[33m{[39m[31m[91m[33m.m-md-0[39m[31m[91m[33m{[39m[31m[91mmargin[33m:[39m[31m[91m0 0!important[33m}[39m[31m[91m[33m.mt-md-0,.my-md-0[39m[31m[91m[33m{[39m[31m[91mmargin-top[33m:[39m[31m[91m0!important[33m}[39m[31m[91m[33m.mr-md-0,.mx-md-0[39m[31m[91m[33m{[39m[31m[91mmargin-right[33m:[39m[31m[91m0!important[33m}[39m[31m[91m[33m.mb-md-0,.my-md-0[39m[31m[91m[33m{[39m[31m[91mmargin-bottom[33m:[39m[31m[91m0!important[33m}[39m[31m[91m[33m.ml-md-0,.mx-md-0[39m[31m[91m[33m{[39m[31m[91mmargin-left[33m:[39m[31m[91m0!important[33m}[39m[31m[91m[33m.m-md-1[39m[31m[91m[33m{[39m[31m[91mmargin[33m:[39m[31m[91m0 0!important[33m}[39m[31m[91m[33m.mt-md-1,.my-md-1[39m[31m[91m[33m{[39m[31m[91mmargin-top[33m:[39m[31m[91m0!important[33m}[39m[31m[91m[33m.mr-md-1,.mx-md-1[39m[31m[91m[33m{[39m[31m[91mmargin-right[33m:[39m[31m[91m0!important[33m}[39m[31m[91m[33m.mb-md-1,.my-md-1[39m[31m[91m[33m{[39m[31m[91mmargin-bottom[33m:[39m[31m[91m0!important[33m}[39m[31m[91m[33m.ml-md-1,.mx-md-1[39m[31m[91m[33m{[39m[31m[91mmargin-left[33m:[39m[31m[91m0!important[33m}[39m[31m[91m[33m.m-md-2[39m[31m[91m[33m{[39m[31m[91mmargin[33m:[39m[31m[91m14px 8px!important[33m}[39m[31m[91m[33m.mt-md-2,.my-md-2[39m[31m[91m[33m{[39m[31m[91mmargin-top[33m:[39m[31m[91m14px!important[33m}[39m[31m[91m[33m.mr-md-2,.mx-md-2[39m[31m[91m[33m{[39m[31m[91mmargin-right[33m:[39m[31m[91m8px!important[33m}[39m[31m[91m[33m.mb-md-2,.my-md-2[39m[31m[91m[33m{[39m[31m[91mmargin-bottom[33m:[39m[31m[91m14px!important[33m}[39m[31m[91m[33m.ml-md-2,.mx-md-2[39m[31m[91m[33m{[39m[31m[91mmargin-left[33m:[39m[31m[91m8px!important[33m}[39m[31m[91m[33m.m-md-3[39m[31m[91m[33m{[39m[31m[91mmargin[33m:[39m[31m[91m14px 8px!important[33m}[39m[31m[91m[33m.mt-md-3,.my-md-3[39m[31m[91m[33m{[39m[31m[91mmargin-top[33m:[39m[31m[91m14px!important[39m[22m[1m[31m[33m}[39m[31m[91m[33m.mr-md-3,.mx-md-3[39m[31m[91m[33m{[39m[31m[91mmargin-right[33m:[39m[31m[91m8px!important[33m}[39m[31m[91m[33m.mb-md-3,.my-md-3[39m[31m[91m[33m{[39m[31m[91mmargin-bottom[33m:[39m[31m[91m14px!important[33m}[39m[31m[91m[33m.ml-md-3,.mx-md-3[39m[31m[91m[33m{[39m[31m[91mmargin-left[33m:[39m[31m[91m8px!important[33m}[39m[31m[91m[33m.m-md-4[39m[31m[91m[33m{[39m[31m[91mmargin[33m:[39m[31m[91m28px 16px!important[33m}[39m[31m[91m[33m.mt-md-4,.my-md-4[39m[31m[91m[33m{[39m[31m[91mmargin-top[33m:[39m[31m[91m28px!important[33m}[39m[31m[91m[33m.mr-md-4,.mx-md-4[39m[31m[91m[33m{[39m[31m[91mmargin-right[33m:[39m[31m[91m16px!important[33m}[39m[31m[91m[33m.mb-md-4,.my-md-4[39m[31m[91m[33m{[39m[31m[91mmargin-bottom[33m:[39m[31m[91m28px!important[33m}[39m[31m[91m[33m.ml-md-4,.mx-md-4[39m[31m[91m[33m{[39m[31m[91mmargin-left[33m:[39m[31m[91m16px!important[33m}[39m[31m[91m[33m.m-md-5[39m[31m[91m[33m{[39m[31m[91mmargin[33m:[39m[31m[91m28px 16px!important[33m}[39m[31m[91m[33m.mt-md-5,.my-md-5[39m[31m[91m[33m{[39m[31m[91mmargin-top[33m:[39m[31m[91m28px!important[33m}[39m[31m[91m[33m.mr-md-5,.mx-md-5[39m[31m[91m[33m{[39m[31m[91mmargin-right[33m:[39m[31m[91m16px!important[33m}[39m[31m[91m[33m.mb-md-5,.my-md-5[39m[31m[91m[33m{[39m[31m[91mmargin-bottom[33m:[39m[31m[91m28px!important[33m}[39m[31m[91m[33m.ml-md-5,.mx-md-5[39m[31m[91m[33m{[39m[31m[91mmargin-left[33m:[39m[31m[91m16px!important[33m}[39m[31m[91m[33m.m-md-6[39m[31m[91m[33m{[39m[31m[91mmargin[33m:[39m[31m[91m42px 24px!important[33m}[39m[31m[91m[33m.mt-md-6,.my-md-6[39m[31m[91m[33m{[39m[31m[91mmargin-top[33m:[39m[31m[91m42px!important[33m}[39m[31m[91m[33m.mr-md-6,.mx-md-6[39m[31m[91m[33m{[39m[31m[91mmargin-right[33m:[39m[31m[91m24px!important[33m}[39m[31m[91m[33m.mb-md-6,.my-md-6[39m[31m[91m[33m{[39m[31m[91mmargin-bottom[33m:[39m[31m[91m42px!important[33m}[39m[31m[91m[33m.ml-md-6,.mx-md-6[39m[31m[91m[33m{[39m[31m[91mmargin-left[33m:[39m[31m[91m24px!important[33m}[39m[31m[91m[33m.p-md-0[39m[31m[91m[33m{[39m[31m[91mpadding[33m:[39m[31m[91m0 0!important[33m}[39m[31m[91m[33m.pt-md-0,.py-md-0[39m[31m[39m[22m[1m[31m[91m[33m{[39m[31m[91mpadding-top[33m:[39m[31m[91m0!important[33m}[39m[31m[91m[33m.pr-md-0,.px-md-0[39m[31m[91m[33m{[39m[31m[91mpadding-right[33m:[39m[31m[91m0!important[33m}[39m[31m[91m[33m.pb-md-0,.py-md-0[39m[31m[91m[33m{[39m[31m[91mpadding-bottom[33m:[39m[31m[91m0!important[33m}[39m[31m[91m[33m.pl-md-0,.px-md-0[39m[31m[91m[33m{[39m[31m[91mpadding-left[33m:[39m[31m[91m0!important[33m}[39m[31m[91m[33m.p-md-1[39m[31m[91m[33m{[39m[31m[91mpadding[33m:[39m[31m[91m0 0!important[33m}[39m[31m[91m[33m.pt-md-1,.py-md-1[39m[31m[91m[33m{[39m[31m[91mpadding-top[33m:[39m[31m[91m0!important[33m}[39m[31m[91m[33m.pr-md-1,.px-md-1[39m[31m[91m[33m{[39m[31m[91mpadding-right[33m:[39m[31m[91m0!important[33m}[39m[31m[91m[33m.pb-md-1,.py-md-1[39m[31m[91m[33m{[39m[31m[91mpadding-bottom[33m:[39m[31m[91m0!important[33m}[39m[31m[91m[33m.pl-md-1,.px-md-1[39m[31m[91m[33m{[39m[31m[91mpadding-left[33m:[39m[31m[91m0!important[33m}[39m[31m[91m[33m.p-md-2[39m[31m[91m[33m{[39m[31m[91mpadding[33m:[39m[31m[91m14px 8px!important[33m}[39m[31m[91m[33m.pt-md-2,.py-md-2[39m[31m[91m[33m{[39m[31m[91mpadding-top[33m:[39m[31m[91m14px!important[33m}[39m[31m[91m[33m.pr-md-2,.px-md-2[39m[31m[91m[33m{[39m[31m[91mpadding-right[33m:[39m[31m[91m8px!important[33m}[39m[31m[91m[33m.pb-md-2,.py-md-2[39m[31m[91m[33m{[39m[31m[91mpadding-bottom[33m:[39m[31m[91m14px!important[33m}[39m[31m[91m[33m.pl-md-2,.px-md-2[39m[31m[91m[33m{[39m[31m[91mpadding-left[33m:[39m[31m[91m8px!important[33m}[39m[31m[91m[33m.p-md-3[39m[31m[91m[33m{[39m[31m[91mpadding[33m:[39m[31m[91m14px 8px!important[33m}[39m[31m[91m[33m.pt-md-3,.py-md-3[39m[31m[91m[33m{[39m[31m[91mpadding-top[33m:[39m[31m[91m14px!important[33m}[39m[31m[91m[33m.pr-md-3,.px-md-3[39m[31m[91m[33m{[39m[31m[91mpadding-right[33m:[39m[31m[91m8px!important[33m}[39m[31m[91m[33m.pb-md-3,.py-md-3[39m[31m[91m[33m{[39m[31m[91mpadding-bottom[33m:[39m[31m[91m14px!important[33m}[39m[31m[91m[33m.pl-md-3,.px-md-3[39m[31m[91m[33m{[39m[31m[91mpadding-left[33m:[39m[31m[91m8px!important[33m}[39m[31m[91m[33m.p-md-4[39m[31m[91m[33m{[39m[31m[91mpadding[33m:[39m[31m[91m28px 16px!i[39m[22m[1m[31mmportant[33m}[39m[31m[91m[33m.pt-md-4,.py-md-4[39m[31m[91m[33m{[39m[31m[91mpadding-top[33m:[39m[31m[91m28px!important[33m}[39m[31m[91m[33m.pr-md-4,.px-md-4[39m[31m[91m[33m{[39m[31m[91mpadding-right[33m:[39m[31m[91m16px!important[33m}[39m[31m[91m[33m.pb-md-4,.py-md-4[39m[31m[91m[33m{[39m[31m[91mpadding-bottom[33m:[39m[31m[91m28px!important[33m}[39m[31m[91m[33m.pl-md-4,.px-md-4[39m[31m[91m[33m{[39m[31m[91mpadding-left[33m:[39m[31m[91m16px!important[33m}[39m[31m[91m[33m.p-md-5[39m[31m[91m[33m{[39m[31m[91mpadding[33m:[39m[31m[91m28px 16px!important[33m}[39m[31m[91m[33m.pt-md-5,.py-md-5[39m[31m[91m[33m{[39m[31m[91mpadding-top[33m:[39m[31m[91m28px!important[33m}[39m[31m[91m[33m.pr-md-5,.px-md-5[39m[31m[91m[33m{[39m[31m[91mpadding-right[33m:[39m[31m[91m16px!important[33m}[39m[31m[91m[33m.pb-md-5,.py-md-5[39m[31m[91m[33m{[39m[31m[91mpadding-bottom[33m:[39m[31m[91m28px!important[33m}[39m[31m[91m[33m.pl-md-5,.px-md-5[39m[31m[91m[33m{[39m[31m[91mpadding-left[33m:[39m[31m[91m16px!important[33m}[39m[31m[91m[33m.p-md-6[39m[31m[91m[33m{[39m[31m[91mpadding[33m:[39m[31m[91m42px 24px!important[33m}[39m[31m[91m[33m.pt-md-6,.py-md-6[39m[31m[91m[33m{[39m[31m[91mpadding-top[33m:[39m[31m[91m42px!important[33m}[39m[31m[91m[33m.pr-md-6,.px-md-6[39m[31m[91m[33m{[39m[31m[91mpadding-right[33m:[39m[31m[91m24px!important[33m}[39m[31m[91m[33m.pb-md-6,.py-md-6[39m[31m[91m[33m{[39m[31m[91mpadding-bottom[33m:[39m[31m[91m42px!important[33m}[39m[31m[91m[33m.pl-md-6,.px-md-6[39m[31m[91m[33m{[39m[31m[91mpadding-left[33m:[39m[31m[91m24px!important[33m}[39m[31m[91m[33m.m-md-n1[39m[31m[91m[33m{[39m[31m[91mmargin[33m:[39m[31m[91m0!important[33m}[39m[31m[91m[33m.mt-md-n1,.my-md-n1[39m[31m[91m[33m{[39m[31m[91mmargin-top[33m:[39m[31m[91m0!important[33m}[39m[31m[91m[33m.mr-md-n1,.mx-md-n1[39m[31m[91m[33m{[39m[31m[91mmargin-right[33m:[39m[31m[91m0!important[33m}[39m[31m[91m[33m.mb-md-n1,.my-md-n1[39m[31m[91m[33m{[39m[31m[91mmargin-bottom[33m:[39m[31m[91m0!important[33m}[39m[31m[91m[33m.ml-md-n1,.mx-md-n1[39m[31m[91m[33m{[39m[31m[91mmargin-left[33m:[39m[31m[91m0!important[33m}[39m[31m[91m[39m[22m[1m[31m[33m.m-md-n2[39m[31m[91m[33m{[39m[31m[91mmargin[33m:[39m[31m[91m-22px!important[33m}[39m[31m[91m[33m.mt-md-n2,.my-md-n2[39m[31m[91m[33m{[39m[31m[91mmargin-top[33m:[39m[31m[91m-14px!important[33m}[39m[31m[91m[33m.mr-md-n2,.mx-md-n2[39m[31m[91m[33m{[39m[31m[91mmargin-right[33m:[39m[31m[91m-8px!important[33m}[39m[31m[91m[33m.mb-md-n2,.my-md-n2[39m[31m[91m[33m{[39m[31m[91mmargin-bottom[33m:[39m[31m[91m-14px!important[33m}[39m[31m[91m[33m.ml-md-n2,.mx-md-n2[39m[31m[91m[33m{[39m[31m[91mmargin-left[33m:[39m[31m[91m-8px!important[33m}[39m[31m[91m[33m.m-md-n3[39m[31m[91m[33m{[39m[31m[91mmargin[33m:[39m[31m[91m-22px!important[33m}[39m[31m[91m[33m.mt-md-n3,.my-md-n3[39m[31m[91m[33m{[39m[31m[91mmargin-top[33m:[39m[31m[91m-14px!important[33m}[39m[31m[91m[33m.mr-md-n3,.mx-md-n3[39m[31m[91m[33m{[39m[31m[91mmargin-right[33m:[39m[31m[91m-8px!important[33m}[39m[31m[91m[33m.mb-md-n3,.my-md-n3[39m[31m[91m[33m{[39m[31m[91mmargin-bottom[33m:[39m[31m[91m-14px!important[33m}[39m[31m[91m[33m.ml-md-n3,.mx-md-n3[39m[31m[91m[33m{[39m[31m[91mmargin-left[33m:[39m[31m[91m-8px!important[33m}[39m[31m[91m[33m.m-md-n4[39m[31m[91m[33m{[39m[31m[91mmargin[33m:[39m[31m[91m-44px!important[33m}[39m[31m[91m[33m.mt-md-n4,.my-md-n4[39m[31m[91m[33m{[39m[31m[91mmargin-top[33m:[39m[31m[91m-28px!important[33m}[39m[31m[91m[33m.mr-md-n4,.mx-md-n4[39m[31m[91m[33m{[39m[31m[91mmargin-right[33m:[39m[31m[91m-16px!important[33m}[39m[31m[91m[33m.mb-md-n4,.my-md-n4[39m[31m[91m[33m{[39m[31m[91mmargin-bottom[33m:[39m[31m[91m-28px!important[33m}[39m[31m[91m[33m.ml-md-n4,.mx-md-n4[39m[31m[91m[33m{[39m[31m[91mmargin-left[33m:[39m[31m[91m-16px!important[33m}[39m[31m[91m[33m.m-md-n5[39m[31m[91m[33m{[39m[31m[91mmargin[33m:[39m[31m[91m-44px!important[33m}[39m[31m[91m[33m.mt-md-n5,.my-md-n5[39m[31m[91m[33m{[39m[31m[91mmargin-top[33m:[39m[31m[91m-28px!important[33m}[39m[31m[91m[33m.mr-md-n5,.mx-md-n5[39m[31m[91m[33m{[39m[31m[91mmargin-right[33m:[39m[31m[91m-16px!important[33m}[39m[31m[91m[33m.mb-md-n5,.my-md-n5[39m[31m[91m[33m{[39m[31m[91mmargin-bottom[33m:[39m[31m[91m-28px!important[33m}[39m[31m[91m[33m.ml[39m[22m[1m[31m-md-n5,.mx-md-n5[39m[31m[91m[33m{[39m[31m[91mmargin-left[33m:[39m[31m[91m-16px!important[33m}[39m[31m[91m[33m.m-md-n6[39m[31m[91m[33m{[39m[31m[91mmargin[33m:[39m[31m[91m-66px!important[33m}[39m[31m[91m[33m.mt-md-n6,.my-md-n6[39m[31m[91m[33m{[39m[31m[91mmargin-top[33m:[39m[31m[91m-42px!important[33m}[39m[31m[91m[33m.mr-md-n6,.mx-md-n6[39m[31m[91m[33m{[39m[31m[91mmargin-right[33m:[39m[31m[91m-24px!important[33m}[39m[31m[91m[33m.mb-md-n6,.my-md-n6[39m[31m[91m[33m{[39m[31m[91mmargin-bottom[33m:[39m[31m[91m-42px!important[33m}[39m[31m[91m[33m.ml-md-n6,.mx-md-n6[39m[31m[91m[33m{[39m[31m[91mmargin-left[33m:[39m[31m[91m-24px!important[33m}[39m[31m[91m[33m.m-md-auto[39m[31m[91m[33m{[39m[31m[91mmargin[33m:[39m[31m[91mauto!important[33m}[39m[31m[91m[33m.mt-md-auto,.my-md-auto[39m[31m[91m[33m{[39m[31m[91mmargin-top[33m:[39m[31m[91mauto!important[33m}[39m[31m[91m[33m.mr-md-auto,.mx-md-auto[39m[31m[91m[33m{[39m[31m[91mmargin-right[33m:[39m[31m[91mauto!important[33m}[39m[31m[91m[33m.mb-md-auto,.my-md-auto[39m[31m[91m[33m{[39m[31m[91mmargin-bottom[33m:[39m[31m[91mauto!important[33m}[39m[31m[91m[33m.ml-md-auto,.mx-md-auto[39m[31m[91m[33m{[39m[31m[91mmargin-left[33m:[39m[31m[91mauto!important[33m}[39m[31m[91m[33m}[39m[31m[91m[36m@media[39m[31m[91m[36m [39m[31m[91m[36m(min-width:960px)[39m[31m[91m[33m{[39m[31m[91m[33m.m-lg-0[39m[31m[91m[33m{[39m[31m[91mmargin[33m:[39m[31m[91m0 0!important[33m}[39m[31m[91m[33m.mt-lg-0,.my-lg-0[39m[31m[91m[33m{[39m[31m[91mmargin-top[33m:[39m[31m[91m0!important[33m}[39m[31m[91m[33m.mr-lg-0,.mx-lg-0[39m[31m[91m[33m{[39m[31m[91mmargin-right[33m:[39m[31m[91m0!important[33m}[39m[31m[91m[33m.mb-lg-0,.my-lg-0[39m[31m[91m[33m{[39m[31m[91mmargin-bottom[33m:[39m[31m[91m0!important[33m}[39m[31m[91m[33m.ml-lg-0,.mx-lg-0[39m[31m[91m[33m{[39m[31m[91mmargin-left[33m:[39m[31m[91m0!important[33m}[39m[31m[91m[33m.m-lg-1[39m[31m[91m[33m{[39m[31m[91mmargin[33m:[39m[31m[91m0 0!important[33m}[39m[31m[91m[33m.mt-lg-1,.my-lg-1[39m[31m[91m[33m{[39m[31m[91mmargin-top[33m:[39m[31m[91m0!important[33m}[39m[31m[91m[33m.mr-lg-1,.mx-lg-1[39m[31m[91m[33m{[39m[31m[[39m[22m[1m[31m91mmargin-right[33m:[39m[31m[91m0!important[33m}[39m[31m[91m[33m.mb-lg-1,.my-lg-1[39m[31m[91m[33m{[39m[31m[91mmargin-bottom[33m:[39m[31m[91m0!important[33m}[39m[31m[91m[33m.ml-lg-1,.mx-lg-1[39m[31m[91m[33m{[39m[31m[91mmargin-left[33m:[39m[31m[91m0!important[33m}[39m[31m[91m[33m.m-lg-2[39m[31m[91m[33m{[39m[31m[91mmargin[33m:[39m[31m[91m14px 8px!important[33m}[39m[31m[91m[33m.mt-lg-2,.my-lg-2[39m[31m[91m[33m{[39m[31m[91mmargin-top[33m:[39m[31m[91m14px!important[33m}[39m[31m[91m[33m.mr-lg-2,.mx-lg-2[39m[31m[91m[33m{[39m[31m[91mmargin-right[33m:[39m[31m[91m8px!important[33m}[39m[31m[91m[33m.mb-lg-2,.my-lg-2[39m[31m[91m[33m{[39m[31m[91mmargin-bottom[33m:[39m[31m[91m14px!important[33m}[39m[31m[91m[33m.ml-lg-2,.mx-lg-2[39m[31m[91m[33m{[39m[31m[91mmargin-left[33m:[39m[31m[91m8px!important[33m}[39m[31m[91m[33m.m-lg-3[39m[31m[91m[33m{[39m[31m[91mmargin[33m:[39m[31m[91m14px 8px!important[33m}[39m[31m[91m[33m.mt-lg-3,.my-lg-3[39m[31m[91m[33m{[39m[31m[91mmargin-top[33m:[39m[31m[91m14px!important[33m}[39m[31m[91m[33m.mr-lg-3,.mx-lg-3[39m[31m[91m[33m{[39m[31m[91mmargin-right[33m:[39m[31m[91m8px!important[33m}[39m[31m[91m[33m.mb-lg-3,.my-lg-3[39m[31m[91m[33m{[39m[31m[91mmargin-bottom[33m:[39m[31m[91m14px!important[33m}[39m[31m[91m[33m.ml-lg-3,.mx-lg-3[39m[31m[91m[33m{[39m[31m[91mmargin-left[33m:[39m[31m[91m8px!important[33m}[39m[31m[91m[33m.m-lg-4[39m[31m[91m[33m{[39m[31m[91mmargin[33m:[39m[31m[91m28px 16px!important[33m}[39m[31m[91m[33m.mt-lg-4,.my-lg-4[39m[31m[91m[33m{[39m[31m[91mmargin-top[33m:[39m[31m[91m28px!important[33m}[39m[31m[91m[33m.mr-lg-4,.mx-lg-4[39m[31m[91m[33m{[39m[31m[91mmargin-right[33m:[39m[31m[91m16px!important[33m}[39m[31m[91m[33m.mb-lg-4,.my-lg-4[39m[31m[91m[33m{[39m[31m[91mmargin-bottom[33m:[39m[31m[91m28px!important[33m}[39m[31m[91m[33m.ml-lg-4,.mx-lg-4[39m[31m[91m[33m{[39m[31m[91mmargin-left[33m:[39m[31m[91m16px!important[33m}[39m[31m[91m[33m.m-lg-5[39m[31m[91m[33m{[39m[31m[91mmargin[33m:[39m[31m[91m28px 16px!important[33m}[39m[31m[91m[33m.mt-lg-5,.my-lg-5[39m[31m[91m[33m{[39m[31m[91mmargin-top[33m:[39m[31m[91m28px!important[33m}[[39m[22m[1m[31m39m[91m[33m.mr-lg-5,.mx-lg-5[39m[31m[91m[33m{[39m[31m[91mmargin-right[33m:[39m[31m[91m16px!important[33m}[39m[31m[91m[33m.mb-lg-5,.my-lg-5[39m[31m[91m[33m{[39m[31m[91mmargin-bottom[33m:[39m[31m[91m28px!important[33m}[39m[31m[91m[33m.ml-lg-5,.mx-lg-5[39m[31m[91m[33m{[39m[31m[91mmargin-left[33m:[39m[31m[91m16px!important[33m}[39m[31m[91m[33m.m-lg-6[39m[31m[91m[33m{[39m[31m[91mmargin[33m:[39m[31m[91m42px 24px!important[33m}[39m[31m[91m[33m.mt-lg-6,.my-lg-6[39m[31m[91m[33m{[39m[31m[91mmargin-top[33m:[39m[31m[91m42px!important[33m}[39m[31m[91m[33m.mr-lg-6,.mx-lg-6[39m[31m[91m[33m{[39m[31m[91mmargin-right[33m:[39m[31m[91m24px!important[33m}[39m[31m[91m[33m.mb-lg-6,.my-lg-6[39m[31m[91m[33m{[39m[31m[91mmargin-bottom[33m:[39m[31m[91m42px!important[33m}[39m[31m[91m[33m.ml-lg-6,.mx-lg-6[39m[31m[91m[33m{[39m[31m[91mmargin-left[33m:[39m[31m[91m24px!important[33m}[39m[31m[91m[33m.p-lg-0[39m[31m[91m[33m{[39m[31m[91mpadding[33m:[39m[31m[91m0 0!important[33m}[39m[31m[91m[33m.pt-lg-0,.py-lg-0[39m[31m[91m[33m{[39m[31m[91mpadding-top[33m:[39m[31m[91m0!important[33m}[39m[31m[91m[33m.pr-lg-0,.px-lg-0[39m[31m[91m[33m{[39m[31m[91mpadding-right[33m:[39m[31m[91m0!important[33m}[39m[31m[91m[33m.pb-lg-0,.py-lg-0[39m[31m[91m[33m{[39m[31m[91mpadding-bottom[33m:[39m[31m[91m0!important[33m}[39m[31m[91m[33m.pl-lg-0,.px-lg-0[39m[31m[91m[33m{[39m[31m[91mpadding-left[33m:[39m[31m[91m0!important[33m}[39m[31m[91m[33m.p-lg-1[39m[31m[91m[33m{[39m[31m[91mpadding[33m:[39m[31m[91m0 0!important[33m}[39m[31m[91m[33m.pt-lg-1,.py-lg-1[39m[31m[91m[33m{[39m[31m[91mpadding-top[33m:[39m[31m[91m0!important[33m}[39m[31m[91m[33m.pr-lg-1,.px-lg-1[39m[31m[91m[33m{[39m[31m[91mpadding-right[33m:[39m[31m[91m0!important[33m}[39m[31m[91m[33m.pb-lg-1,.py-lg-1[39m[31m[91m[33m{[39m[31m[91mpadding-bottom[33m:[39m[31m[91m0!important[33m}[39m[31m[91m[33m.pl-lg-1,.px-lg-1[39m[31m[91m[33m{[39m[31m[91mpadding-left[33m:[39m[31m[91m0!important[33m}[39m[31m[91m[33m.p-lg-2[39m[31m[91m[33m{[39m[31m[91mpadding[33m:[39m[31m[91m14px 8px!important[33m}[39m[31m[91m[33m.pt-lg-2,.py-lg-2[39m[31m[91m[33m{[39m[31m[91mpaddin[39m[22m[1m[31mg-top[33m:[39m[31m[91m14px!important[33m}[39m[31m[91m[33m.pr-lg-2,.px-lg-2[39m[31m[91m[33m{[39m[31m[91mpadding-right[33m:[39m[31m[91m8px!important[33m}[39m[31m[91m[33m.pb-lg-2,.py-lg-2[39m[31m[91m[33m{[39m[31m[91mpadding-bottom[33m:[39m[31m[91m14px!important[33m}[39m[31m[91m[33m.pl-lg-2,.px-lg-2[39m[31m[91m[33m{[39m[31m[91mpadding-left[33m:[39m[31m[91m8px!important[33m}[39m[31m[91m[33m.p-lg-3[39m[31m[91m[33m{[39m[31m[91mpadding[33m:[39m[31m[91m14px 8px!important[33m}[39m[31m[91m[33m.pt-lg-3,.py-lg-3[39m[31m[91m[33m{[39m[31m[91mpadding-top[33m:[39m[31m[91m14px!important[33m}[39m[31m[91m[33m.pr-lg-3,.px-lg-3[39m[31m[91m[33m{[39m[31m[91mpadding-right[33m:[39m[31m[91m8px!important[33m}[39m[31m[91m[33m.pb-lg-3,.py-lg-3[39m[31m[91m[33m{[39m[31m[91mpadding-bottom[33m:[39m[31m[91m14px!important[33m}[39m[31m[91m[33m.pl-lg-3,.px-lg-3[39m[31m[91m[33m{[39m[31m[91mpadding-left[33m:[39m[31m[91m8px!important[33m}[39m[31m[91m[33m.p-lg-4[39m[31m[91m[33m{[39m[31m[91mpadding[33m:[39m[31m[91m28px 16px!important[33m}[39m[31m[91m[33m.pt-lg-4,.py-lg-4[39m[31m[91m[33m{[39m[31m[91mpadding-top[33m:[39m[31m[91m28px!important[33m}[39m[31m[91m[33m.pr-lg-4,.px-lg-4[39m[31m[91m[33m{[39m[31m[91mpadding-right[33m:[39m[31m[91m16px!important[33m}[39m[31m[91m[33m.pb-lg-4,.py-lg-4[39m[31m[91m[33m{[39m[31m[91mpadding-bottom[33m:[39m[31m[91m28px!important[33m}[39m[31m[91m[33m.pl-lg-4,.px-lg-4[39m[31m[91m[33m{[39m[31m[91mpadding-left[33m:[39m[31m[91m16px!important[33m}[39m[31m[91m[33m.p-lg-5[39m[31m[91m[33m{[39m[31m[91mpadding[33m:[39m[31m[91m28px 16px!important[33m}[39m[31m[91m[33m.pt-lg-5,.py-lg-5[39m[31m[91m[33m{[39m[31m[91mpadding-top[33m:[39m[31m[91m28px!important[33m}[39m[31m[91m[33m.pr-lg-5,.px-lg-5[39m[31m[91m[33m{[39m[31m[91mpadding-right[33m:[39m[31m[91m16px!important[33m}[39m[31m[91m[33m.pb-lg-5,.py-lg-5[39m[31m[91m[33m{[39m[31m[91mpadding-bottom[33m:[39m[31m[91m28px!important[33m}[39m[31m[91m[33m.pl-lg-5,.px-lg-5[39m[31m[91m[33m{[39m[31m[91mpadding-left[33m:[39m[31m[91m16px!important[33m}[39m[31m[91m[33m.p-lg-6[39m[31m[91m[33m{[39m[31m[91mpadding[33m:[39m[31m[91m42px 2[39m[22m[1m[31m4px!important[33m}[39m[31m[91m[33m.pt-lg-6,.py-lg-6[39m[31m[91m[33m{[39m[31m[91mpadding-top[33m:[39m[31m[91m42px!important[33m}[39m[31m[91m[33m.pr-lg-6,.px-lg-6[39m[31m[91m[33m{[39m[31m[91mpadding-right[33m:[39m[31m[91m24px!important[33m}[39m[31m[91m[33m.pb-lg-6,.py-lg-6[39m[31m[91m[33m{[39m[31m[91mpadding-bottom[33m:[39m[31m[91m42px!important[33m}[39m[31m[91m[33m.pl-lg-6,.px-lg-6[39m[31m[91m[33m{[39m[31m[91mpadding-left[33m:[39m[31m[91m24px!important[33m}[39m[31m[91m[33m.m-lg-n1[39m[31m[91m[33m{[39m[31m[91mmargin[33m:[39m[31m[91m0!important[33m}[39m[31m[91m[33m.mt-lg-n1,.my-lg-n1[39m[31m[91m[33m{[39m[31m[91mmargin-top[33m:[39m[31m[91m0!important[33m}[39m[31m[91m[33m.mr-lg-n1,.mx-lg-n1[39m[31m[91m[33m{[39m[31m[91mmargin-right[33m:[39m[31m[91m0!important[33m}[39m[31m[91m[33m.mb-lg-n1,.my-lg-n1[39m[31m[91m[33m{[39m[31m[91mmargin-bottom[33m:[39m[31m[91m0!important[33m}[39m[31m[91m[33m.ml-lg-n1,.mx-lg-n1[39m[31m[91m[33m{[39m[31m[91mmargin-left[33m:[39m[31m[91m0!important[33m}[39m[31m[91m[33m.m-lg-n2[39m[31m[91m[33m{[39m[31m[91mmargin[33m:[39m[31m[91m-22px!important[33m}[39m[31m[91m[33m.mt-lg-n2,.my-lg-n2[39m[31m[91m[33m{[39m[31m[91mmargin-top[33m:[39m[31m[91m-14px!important[33m}[39m[31m[91m[33m.mr-lg-n2,.mx-lg-n2[39m[31m[91m[33m{[39m[31m[91mmargin-right[33m:[39m[31m[91m-8px!important[33m}[39m[31m[91m[33m.mb-lg-n2,.my-lg-n2[39m[31m[91m[33m{[39m[31m[91mmargin-bottom[33m:[39m[31m[91m-14px!important[33m}[39m[31m[91m[33m.ml-lg-n2,.mx-lg-n2[39m[31m[91m[33m{[39m[31m[91mmargin-left[33m:[39m[31m[91m-8px!important[33m}[39m[31m[91m[33m.m-lg-n3[39m[31m[91m[33m{[39m[31m[91mmargin[33m:[39m[31m[91m-22px!important[33m}[39m[31m[91m[33m.mt-lg-n3,.my-lg-n3[39m[31m[91m[33m{[39m[31m[91mmargin-top[33m:[39m[31m[91m-14px!important[33m}[39m[31m[91m[33m.mr-lg-n3,.mx-lg-n3[39m[31m[91m[33m{[39m[31m[91mmargin-right[33m:[39m[31m[91m-8px!important[33m}[39m[31m[91m[33m.mb-lg-n3,.my-lg-n3[39m[31m[91m[33m{[39m[31m[91mmargin-bottom[33m:[39m[31m[91m-14px!important[33m}[39m[31m[91m[33m.ml-lg-n3,.mx-lg-n3[39m[31m[91m[33m{[39m[31m[91mmargin-left[33m:[39m[31m[91m-8px!important[33m}[39m[22m[1m[31m[39m[91m[33m.m-lg-n4[39m[31m[91m[33m{[39m[31m[91mmargin[33m:[39m[31m[91m-44px!important[33m}[39m[31m[91m[33m.mt-lg-n4,.my-lg-n4[39m[31m[91m[33m{[39m[31m[91mmargin-top[33m:[39m[31m[91m-28px!important[33m}[39m[31m[91m[33m.mr-lg-n4,.mx-lg-n4[39m[31m[91m[33m{[39m[31m[91mmargin-right[33m:[39m[31m[91m-16px!important[33m}[39m[31m[91m[33m.mb-lg-n4,.my-lg-n4[39m[31m[91m[33m{[39m[31m[91mmargin-bottom[33m:[39m[31m[91m-28px!important[33m}[39m[31m[91m[33m.ml-lg-n4,.mx-lg-n4[39m[31m[91m[33m{[39m[31m[91mmargin-left[33m:[39m[31m[91m-16px!important[33m}[39m[31m[91m[33m.m-lg-n5[39m[31m[91m[33m{[39m[31m[91mmargin[33m:[39m[31m[91m-44px!important[33m}[39m[31m[91m[33m.mt-lg-n5,.my-lg-n5[39m[31m[91m[33m{[39m[31m[91mmargin-top[33m:[39m[31m[91m-28px!important[33m}[39m[31m[91m[33m.mr-lg-n5,.mx-lg-n5[39m[31m[91m[33m{[39m[31m[91mmargin-right[33m:[39m[31m[91m-16px!important[33m}[39m[31m[91m[33m.mb-lg-n5,.my-lg-n5[39m[31m[91m[33m{[39m[31m[91mmargin-bottom[33m:[39m[31m[91m-28px!important[33m}[39m[31m[91m[33m.ml-lg-n5,.mx-lg-n5[39m[31m[91m[33m{[39m[31m[91mmargin-left[33m:[39m[31m[91m-16px!important[33m}[39m[31m[91m[33m.m-lg-n6[39m[31m[91m[33m{[39m[31m[91mmargin[33m:[39m[31m[91m-66px!important[33m}[39m[31m[91m[33m.mt-lg-n6,.my-lg-n6[39m[31m[91m[33m{[39m[31m[91mmargin-top[33m:[39m[31m[91m-42px!important[33m}[39m[31m[91m[33m.mr-lg-n6,.mx-lg-n6[39m[31m[91m[33m{[39m[31m[91mmargin-right[33m:[39m[31m[91m-24px!important[33m}[39m[31m[91m[33m.mb-lg-n6,.my-lg-n6[39m[31m[91m[33m{[39m[31m[91mmargin-bottom[33m:[39m[31m[91m-42px!important[33m}[39m[31m[91m[33m.ml-lg-n6,.mx-lg-n6[39m[31m[91m[33m{[39m[31m[91mmargin-left[33m:[39m[31m[91m-24px!important[33m}[39m[31m[91m[33m.m-lg-auto[39m[31m[91m[33m{[39m[31m[91mmargin[33m:[39m[31m[91mauto!important[33m}[39m[31m[91m[33m.mt-lg-auto,.my-lg-auto[39m[31m[91m[33m{[39m[31m[91mmargin-top[33m:[39m[31m[91mauto!important[33m}[39m[31m[91m[33m.mr-lg-auto,.mx-lg-auto[39m[31m[91m[33m{[39m[31m[91mmargin-right[33m:[39m[31m[91mauto!important[33m}[39m[31m[91m[33m.mb-lg-auto,.my-lg-auto[39m[31m[91m[33m{[39m[31m[91mmargin-bottom[33m:[39m[31m[91mauto!important[39m[22m[1m[31m[33m}[39m[31m[91m[33m.ml-lg-auto,.mx-lg-auto[39m[31m[91m[33m{[39m[31m[91mmargin-left[33m:[39m[31m[91mauto!important[33m}[39m[31m[91m[33m}[39m[31m[91m[36m@media[39m[31m[91m[36m [39m[31m[91m[36m(min-width:1152px)[39m[31m[91m[33m{[39m[31m[91m[33m.m-xl-0[39m[31m[91m[33m{[39m[31m[91mmargin[33m:[39m[31m[91m0 0!important[33m}[39m[31m[91m[33m.mt-xl-0,.my-xl-0[39m[31m[91m[33m{[39m[31m[91mmargin-top[33m:[39m[31m[91m0!important[33m}[39m[31m[91m[33m.mr-xl-0,.mx-xl-0[39m[31m[91m[33m{[39m[31m[91mmargin-right[33m:[39m[31m[91m0!important[33m}[39m[31m[91m[33m.mb-xl-0,.my-xl-0[39m[31m[91m[33m{[39m[31m[91mmargin-bottom[33m:[39m[31m[91m0!important[33m}[39m[31m[91m[33m.ml-xl-0,.mx-xl-0[39m[31m[91m[33m{[39m[31m[91mmargin-left[33m:[39m[31m[91m0!important[33m}[39m[31m[91m[33m.m-xl-1[39m[31m[91m[33m{[39m[31m[91mmargin[33m:[39m[31m[91m0 0!important[33m}[39m[31m[91m[33m.mt-xl-1,.my-xl-1[39m[31m[91m[33m{[39m[31m[91mmargin-top[33m:[39m[31m[91m0!important[33m}[39m[31m[91m[33m.mr-xl-1,.mx-xl-1[39m[31m[91m[33m{[39m[31m[91mmargin-right[33m:[39m[31m[91m0!important[33m}[39m[31m[91m[33m.mb-xl-1,.my-xl-1[39m[31m[91m[33m{[39m[31m[91mmargin-bottom[33m:[39m[31m[91m0!important[33m}[39m[31m[91m[33m.ml-xl-1,.mx-xl-1[39m[31m[91m[33m{[39m[31m[91mmargin-left[33m:[39m[31m[91m0!important[33m}[39m[31m[91m[33m.m-xl-2[39m[31m[91m[33m{[39m[31m[91mmargin[33m:[39m[31m[91m14px 8px!important[33m}[39m[31m[91m[33m.mt-xl-2,.my-xl-2[39m[31m[91m[33m{[39m[31m[91mmargin-top[33m:[39m[31m[91m14px!important[33m}[39m[31m[91m[33m.mr-xl-2,.mx-xl-2[39m[31m[91m[33m{[39m[31m[91mmargin-right[33m:[39m[31m[91m8px!important[33m}[39m[31m[91m[33m.mb-xl-2,.my-xl-2[39m[31m[91m[33m{[39m[31m[91mmargin-bottom[33m:[39m[31m[91m14px!important[33m}[39m[31m[91m[33m.ml-xl-2,.mx-xl-2[39m[31m[91m[33m{[39m[31m[91mmargin-left[33m:[39m[31m[91m8px!important[33m}[39m[31m[91m[33m.m-xl-3[39m[31m[91m[33m{[39m[31m[91mmargin[33m:[39m[31m[91m14px 8px!important[33m}[39m[31m[91m[33m.mt-xl-3,.my-xl-3[39m[31m[91m[33m{[39m[31m[91mmargin-top[33m:[39m[31m[91m14px!important[33m}[39m[31m[91m[33m.mr-xl-3,.mx-xl-3[39m[31m[91m[33m{[39m[31m[91mmargin-right[[39m[22m[1m[31m33m:[39m[31m[91m8px!important[33m}[39m[31m[91m[33m.mb-xl-3,.my-xl-3[39m[31m[91m[33m{[39m[31m[91mmargin-bottom[33m:[39m[31m[91m14px!important[33m}[39m[31m[91m[33m.ml-xl-3,.mx-xl-3[39m[31m[91m[33m{[39m[31m[91mmargin-left[33m:[39m[31m[91m8px!important[33m}[39m[31m[91m[33m.m-xl-4[39m[31m[91m[33m{[39m[31m[91mmargin[33m:[39m[31m[91m28px 16px!important[33m}[39m[31m[91m[33m.mt-xl-4,.my-xl-4[39m[31m[91m[33m{[39m[31m[91mmargin-top[33m:[39m[31m[91m28px!important[33m}[39m[31m[91m[33m.mr-xl-4,.mx-xl-4[39m[31m[91m[33m{[39m[31m[91mmargin-right[33m:[39m[31m[91m16px!important[33m}[39m[31m[91m[33m.mb-xl-4,.my-xl-4[39m[31m[91m[33m{[39m[31m[91mmargin-bottom[33m:[39m[31m[91m28px!important[33m}[39m[31m[91m[33m.ml-xl-4,.mx-xl-4[39m[31m[91m[33m{[39m[31m[91mmargin-left[33m:[39m[31m[91m16px!important[33m}[39m[31m[91m[33m.m-xl-5[39m[31m[91m[33m{[39m[31m[91mmargin[33m:[39m[31m[91m28px 16px!important[33m}[39m[31m[91m[33m.mt-xl-5,.my-xl-5[39m[31m[91m[33m{[39m[31m[91mmargin-top[33m:[39m[31m[91m28px!important[33m}[39m[31m[91m[33m.mr-xl-5,.mx-xl-5[39m[31m[91m[33m{[39m[31m[91mmargin-right[33m:[39m[31m[91m16px!important[33m}[39m[31m[91m[33m.mb-xl-5,.my-xl-5[39m[31m[91m[33m{[39m[31m[91mmargin-bottom[33m:[39m[31m[91m28px!important[33m}[39m[31m[91m[33m.ml-xl-5,.mx-xl-5[39m[31m[91m[33m{[39m[31m[91mmargin-left[33m:[39m[31m[91m16px!important[33m}[39m[31m[91m[33m.m-xl-6[39m[31m[91m[33m{[39m[31m[91mmargin[33m:[39m[31m[91m42px 24px!important[33m}[39m[31m[91m[33m.mt-xl-6,.my-xl-6[39m[31m[91m[33m{[39m[31m[91mmargin-top[33m:[39m[31m[91m42px!important[33m}[39m[31m[91m[33m.mr-xl-6,.mx-xl-6[39m[31m[91m[33m{[39m[31m[91mmargin-right[33m:[39m[31m[91m24px!important[33m}[39m[31m[91m[33m.mb-xl-6,.my-xl-6[39m[31m[91m[33m{[39m[31m[91mmargin-bottom[33m:[39m[31m[91m42px!important[33m}[39m[31m[91m[33m.ml-xl-6,.mx-xl-6[39m[31m[91m[33m{[39m[31m[91mmargin-left[33m:[39m[31m[91m24px!important[33m}[39m[31m[91m[33m.p-xl-0[39m[31m[91m[33m{[39m[31m[91mpadding[33m:[39m[31m[91m0 0!important[33m}[39m[31m[91m[33m.pt-xl-0,.py-xl-0[39m[31m[91m[33m{[39m[31m[91mpadding-top[33m:[39m[31m[91m0!important[33m}[39m[31m[91m[3[39m[22m[1m[31m3m.pr-xl-0,.px-xl-0[39m[31m[91m[33m{[39m[31m[91mpadding-right[33m:[39m[31m[91m0!important[33m}[39m[31m[91m[33m.pb-xl-0,.py-xl-0[39m[31m[91m[33m{[39m[31m[91mpadding-bottom[33m:[39m[31m[91m0!important[33m}[39m[31m[91m[33m.pl-xl-0,.px-xl-0[39m[31m[91m[33m{[39m[31m[91mpadding-left[33m:[39m[31m[91m0!important[33m}[39m[31m[91m[33m.p-xl-1[39m[31m[91m[33m{[39m[31m[91mpadding[33m:[39m[31m[91m0 0!important[33m}[39m[31m[91m[33m.pt-xl-1,.py-xl-1[39m[31m[91m[33m{[39m[31m[91mpadding-top[33m:[39m[31m[91m0!important[33m}[39m[31m[91m[33m.pr-xl-1,.px-xl-1[39m[31m[91m[33m{[39m[31m[91mpadding-right[33m:[39m[31m[91m0!important[33m}[39m[31m[91m[33m.pb-xl-1,.py-xl-1[39m[31m[91m[33m{[39m[31m[91mpadding-bottom[33m:[39m[31m[91m0!important[33m}[39m[31m[91m[33m.pl-xl-1,.px-xl-1[39m[31m[91m[33m{[39m[31m[91mpadding-left[33m:[39m[31m[91m0!important[33m}[39m[31m[91m[33m.p-xl-2[39m[31m[91m[33m{[39m[31m[91mpadding[33m:[39m[31m[91m14px 8px!important[33m}[39m[31m[91m[33m.pt-xl-2,.py-xl-2[39m[31m[91m[33m{[39m[31m[91mpadding-top[33m:[39m[31m[91m14px!important[33m}[39m[31m[91m[33m.pr-xl-2,.px-xl-2[39m[31m[91m[33m{[39m[31m[91mpadding-right[33m:[39m[31m[91m8px!important[33m}[39m[31m[91m[33m.pb-xl-2,.py-xl-2[39m[31m[91m[33m{[39m[31m[91mpadding-bottom[33m:[39m[31m[91m14px!important[33m}[39m[31m[91m[33m.pl-xl-2,.px-xl-2[39m[31m[91m[33m{[39m[31m[91mpadding-left[33m:[39m[31m[91m8px!important[33m}[39m[31m[91m[33m.p-xl-3[39m[31m[91m[33m{[39m[31m[91mpadding[33m:[39m[31m[91m14px 8px!important[33m}[39m[31m[91m[33m.pt-xl-3,.py-xl-3[39m[31m[91m[33m{[39m[31m[91mpadding-top[33m:[39m[31m[91m14px!important[33m}[39m[31m[91m[33m.pr-xl-3,.px-xl-3[39m[31m[91m[33m{[39m[31m[91mpadding-right[33m:[39m[31m[91m8px!important[33m}[39m[31m[91m[33m.pb-xl-3,.py-xl-3[39m[31m[91m[33m{[39m[31m[91mpadding-bottom[33m:[39m[31m[91m14px!important[33m}[39m[31m[91m[33m.pl-xl-3,.px-xl-3[39m[31m[91m[33m{[39m[31m[91mpadding-left[33m:[39m[31m[91m8px!important[33m}[39m[31m[91m[33m.p-xl-4[39m[31m[91m[33m{[39m[31m[91mpadding[33m:[39m[31m[91m28px 16px!important[33m}[39m[31m[91m[33m.pt-xl-4,.py-xl-4[39m[31m[91m[33m{[39m[31m[91mpaddi[39m[22m[1m[31mng-top[33m:[39m[31m[91m28px!important[33m}[39m[31m[91m[33m.pr-xl-4,.px-xl-4[39m[31m[91m[33m{[39m[31m[91mpadding-right[33m:[39m[31m[91m16px!important[33m}[39m[31m[91m[33m.pb-xl-4,.py-xl-4[39m[31m[91m[33m{[39m[31m[91mpadding-bottom[33m:[39m[31m[91m28px!important[33m}[39m[31m[91m[33m.pl-xl-4,.px-xl-4[39m[31m[91m[33m{[39m[31m[91mpadding-left[33m:[39m[31m[91m16px!important[33m}[39m[31m[91m[33m.p-xl-5[39m[31m[91m[33m{[39m[31m[91mpadding[33m:[39m[31m[91m28px 16px!important[33m}[39m[31m[91m[33m.pt-xl-5,.py-xl-5[39m[31m[91m[33m{[39m[31m[91mpadding-top[33m:[39m[31m[91m28px!important[33m}[39m[31m[91m[33m.pr-xl-5,.px-xl-5[39m[31m[91m[33m{[39m[31m[91mpadding-right[33m:[39m[31m[91m16px!important[33m}[39m[31m[91m[33m.pb-xl-5,.py-xl-5[39m[31m[91m[33m{[39m[31m[91mpadding-bottom[33m:[39m[31m[91m28px!important[33m}[39m[31m[91m[33m.pl-xl-5,.px-xl-5[39m[31m[91m[33m{[39m[31m[91mpadding-left[33m:[39m[31m[91m16px!important[33m}[39m[31m[91m[33m.p-xl-6[39m[31m[91m[33m{[39m[31m[91mpadding[33m:[39m[31m[91m42px 24px!important[33m}[39m[31m[91m[33m.pt-xl-6,.py-xl-6[39m[31m[91m[33m{[39m[31m[91mpadding-top[33m:[39m[31m[91m42px!important[33m}[39m[31m[91m[33m.pr-xl-6,.px-xl-6[39m[31m[91m[33m{[39m[31m[91mpadding-right[33m:[39m[31m[91m24px!important[33m}[39m[31m[91m[33m.pb-xl-6,.py-xl-6[39m[31m[91m[33m{[39m[31m[91mpadding-bottom[33m:[39m[31m[91m42px!important[33m}[39m[31m[91m[33m.pl-xl-6,.px-xl-6[39m[31m[91m[33m{[39m[31m[91mpadding-left[33m:[39m[31m[91m24px!important[33m}[39m[31m[91m[33m.m-xl-n1[39m[31m[91m[33m{[39m[31m[91mmargin[33m:[39m[31m[91m0!important[33m}[39m[31m[91m[33m.mt-xl-n1,.my-xl-n1[39m[31m[91m[33m{[39m[31m[91mmargin-top[33m:[39m[31m[91m0!important[33m}[39m[31m[91m[33m.mr-xl-n1,.mx-xl-n1[39m[31m[91m[33m{[39m[31m[91mmargin-right[33m:[39m[31m[91m0!important[33m}[39m[31m[91m[33m.mb-xl-n1,.my-xl-n1[39m[31m[91m[33m{[39m[31m[91mmargin-bottom[33m:[39m[31m[91m0!important[33m}[39m[31m[91m[33m.ml-xl-n1,.mx-xl-n1[39m[31m[91m[33m{[39m[31m[91mmargin-left[33m:[39m[31m[91m0!important[33m}[39m[31m[91m[33m.m-xl-n2[39m[31m[91m[33m{[39m[31m[91mmargin[33m:[39m[31m[91m-22px!important[39m[22m[1m[31m[33m}[39m[31m[91m[33m.mt-xl-n2,.my-xl-n2[39m[31m[91m[33m{[39m[31m[91mmargin-top[33m:[39m[31m[91m-14px!important[33m}[39m[31m[91m[33m.mr-xl-n2,.mx-xl-n2[39m[31m[91m[33m{[39m[31m[91mmargin-right[33m:[39m[31m[91m-8px!important[33m}[39m[31m[91m[33m.mb-xl-n2,.my-xl-n2[39m[31m[91m[33m{[39m[31m[91mmargin-bottom[33m:[39m[31m[91m-14px!important[33m}[39m[31m[91m[33m.ml-xl-n2,.mx-xl-n2[39m[31m[91m[33m{[39m[31m[91mmargin-left[33m:[39m[31m[91m-8px!important[33m}[39m[31m[91m[33m.m-xl-n3[39m[31m[91m[33m{[39m[31m[91mmargin[33m:[39m[31m[91m-22px!important[33m}[39m[31m[91m[33m.mt-xl-n3,.my-xl-n3[39m[31m[91m[33m{[39m[31m[91mmargin-top[33m:[39m[31m[91m-14px!important[33m}[39m[31m[91m[33m.mr-xl-n3,.mx-xl-n3[39m[31m[91m[33m{[39m[31m[91mmargin-right[33m:[39m[31m[91m-8px!important[33m}[39m[31m[91m[33m.mb-xl-n3,.my-xl-n3[39m[31m[91m[33m{[39m[31m[91mmargin-bottom[33m:[39m[31m[91m-14px!important[33m}[39m[31m[91m[33m.ml-xl-n3,.mx-xl-n3[39m[31m[91m[33m{[39m[31m[91mmargin-left[33m:[39m[31m[91m-8px!important[33m}[39m[31m[91m[33m.m-xl-n4[39m[31m[91m[33m{[39m[31m[91mmargin[33m:[39m[31m[91m-44px!important[33m}[39m[31m[91m[33m.mt-xl-n4,.my-xl-n4[39m[31m[91m[33m{[39m[31m[91mmargin-top[33m:[39m[31m[91m-28px!important[33m}[39m[31m[91m[33m.mr-xl-n4,.mx-xl-n4[39m[31m[91m[33m{[39m[31m[91mmargin-right[33m:[39m[31m[91m-16px!important[33m}[39m[31m[91m[33m.mb-xl-n4,.my-xl-n4[39m[31m[91m[33m{[39m[31m[91mmargin-bottom[33m:[39m[31m[91m-28px!important[33m}[39m[31m[91m[33m.ml-xl-n4,.mx-xl-n4[39m[31m[91m[33m{[39m[31m[91mmargin-left[33m:[39m[31m[91m-16px!important[33m}[39m[31m[91m[33m.m-xl-n5[39m[31m[91m[33m{[39m[31m[91mmargin[33m:[39m[31m[91m-44px!important[33m}[39m[31m[91m[33m.mt-xl-n5,.my-xl-n5[39m[31m[91m[33m{[39m[31m[91mmargin-top[33m:[39m[31m[91m-28px!important[33m}[39m[31m[91m[33m.mr-xl-n5,.mx-xl-n5[39m[31m[91m[33m{[39m[31m[91mmargin-right[33m:[39m[31m[91m-16px!important[33m}[39m[31m[91m[33m.mb-xl-n5,.my-xl-n5[39m[31m[91m[33m{[39m[31m[91mmargin-bottom[33m:[39m[31m[91m-28px!important[33m}[39m[31m[91m[33m.ml-xl-n5,.mx-xl-n5[39m[31m[91m[33m{[39m[31m[91mmargin-left[33m:[39m[31m[91m-16px!im[39m[22m[1m[31mportant[33m}[39m[31m[91m[33m.m-xl-n6[39m[31m[91m[33m{[39m[31m[91mmargin[33m:[39m[31m[91m-66px!important[33m}[39m[31m[91m[33m.mt-xl-n6,.my-xl-n6[39m[31m[91m[33m{[39m[31m[91mmargin-top[33m:[39m[31m[91m-42px!important[33m}[39m[31m[91m[33m.mr-xl-n6,.mx-xl-n6[39m[31m[91m[33m{[39m[31m[91mmargin-right[33m:[39m[31m[91m-24px!important[33m}[39m[31m[91m[33m.mb-xl-n6,.my-xl-n6[39m[31m[91m[33m{[39m[31m[91mmargin-bottom[33m:[39m[31m[91m-42px!important[33m}[39m[31m[91m[33m.ml-xl-n6,.mx-xl-n6[39m[31m[91m[33m{[39m[31m[91mmargin-left[33m:[39m[31m[91m-24px!important[33m}[39m[31m[91m[33m.m-xl-auto[39m[31m[91m[33m{[39m[31m[91mmargin[33m:[39m[31m[91mauto!important[33m}[39m[31m[91m[33m.mt-xl-auto,.my-xl-auto[39m[31m[91m[33m{[39m[31m[91mmargin-top[33m:[39m[31m[91mauto!important[33m}[39m[31m[91m[33m.mr-xl-auto,.mx-xl-auto[39m[31m[91m[33m{[39m[31m[91mmargin-right[33m:[39m[31m[91mauto!important[33m}[39m[31m[91m[33m.mb-xl-auto,.my-xl-auto[39m[31m[91m[33m{[39m[31m[91mmargin-bottom[33m:[39m[31m[91mauto!important[33m}[39m[31m[91m[33m.ml-xl-auto,.mx-xl-auto[39m[31m[91m[33m{[39m[31m[91mmargin-left[33m:[39m[31m[91mauto!important[33m}[39m[31m[91m[33m}[39m[31m[91m[33m.text-monospace[39m[31m[91m[33m{[39m[31m[91mfont-family[33m:[39m[31m[91mDOS,Monaco,Menlo,Consolas,[32m"Courier New"[39m[31m[91m,monospace!important[33m}[39m[31m[91m[33m.text-justify[39m[31m[91m[33m{[39m[31m[91mtext-align[33m:[39m[31m[91mjustify!important[33m}[39m[31m[91m[33m.text-wrap[39m[31m[91m[33m{[39m[31m[91mwhite-space[33m:[39m[31m[91mnormal!important[33m}[39m[31m[91m[33m.text-nowrap[39m[31m[91m[33m{[39m[31m[91mwhite-space[33m:[39m[31m[91mnowrap!important[33m}[39m[31m[91m[33m.text-truncate[39m[31m[91m[33m{[39m[31m[91moverflow[33m:[39m[31m[91mhidden[33m;[39m[31m[91mtext-overflow[33m:[39m[31m[91mellipsis[33m;[39m[31m[91mwhite-space[33m:[39m[31m[91mnowrap[33m}[39m[31m[91m[33m.text-left[39m[31m[91m[33m{[39m[31m[91mtext-align[33m:[39m[31m[91mleft!important[33m}[39m[31m[91m[33m.text-right[39m[31m[91m[33m{[39m[31m[91mtext-align[33m:[39m[31m[91mright!important[33m}[39m[31m[91m[33m.text-center[39m[31m[91m[33m{[39m[31m[39m[22m[1m[31m[91mtext-align[33m:[39m[31m[91mcenter!important[33m}[39m[31m[91m[36m@media[39m[31m[91m[36m [39m[31m[91m[36m(min-width:576px)[39m[31m[91m[33m{[39m[31m[91m[33m.text-sm-left[39m[31m[91m[33m{[39m[31m[91mtext-align[33m:[39m[31m[91mleft!important[33m}[39m[31m[91m[33m.text-sm-right[39m[31m[91m[33m{[39m[31m[91mtext-align[33m:[39m[31m[91mright!important[33m}[39m[31m[91m[33m.text-sm-center[39m[31m[91m[33m{[39m[31m[91mtext-align[33m:[39m[31m[91mcenter!important[33m}[39m[31m[91m[33m}[39m[31m[91m[36m@media[39m[31m[91m[36m [39m[31m[91m[36m(min-width:768px)[39m[31m[91m[33m{[39m[31m[91m[33m.text-md-left[39m[31m[91m[33m{[39m[31m[91mtext-align[33m:[39m[31m[91mleft!important[33m}[39m[31m[91m[33m.text-md-right[39m[31m[91m[33m{[39m[31m[91mtext-align[33m:[39m[31m[91mright!important[33m}[39m[31m[91m[33m.text-md-center[39m[31m[91m[33m{[39m[31m[91mtext-align[33m:[39m[31m[91mcenter!important[33m}[39m[31m[91m[33m}[39m[31m[91m[36m@media[39m[31m[91m[36m [39m[31m[91m[36m(min-width:960px)[39m[31m[91m[33m{[39m[31m[91m[33m.text-lg-left[39m[31m[91m[33m{[39m[31m[91mtext-align[33m:[39m[31m[91mleft!important[33m}[39m[31m[91m[33m.text-lg-right[39m[31m[91m[33m{[39m[31m[91mtext-align[33m:[39m[31m[91mright!important[33m}[39m[31m[91m[33m.text-lg-center[39m[31m[91m[33m{[39m[31m[91mtext-align[33m:[39m[31m[91mcenter!important[33m}[39m[31m[91m[33m}[39m[31m[91m[36m@media[39m[31m[91m[36m [39m[31m[91m[36m(min-width:1152px)[39m[31m[91m[33m{[39m[31m[91m[33m.text-xl-left[39m[31m[91m[33m{[39m[31m[91mtext-align[33m:[39m[31m[91mleft!important[33m}[39m[31m[91m[33m.text-xl-right[39m[31m[91m[33m{[39m[31m[91mtext-align[33m:[39m[31m[91mright!important[33m}[39m[31m[91m[33m.text-xl-center[39m[31m[91m[33m{[39m[31m[91mtext-align[33m:[39m[31m[91mcenter!important[33m}[39m[31m[91m[33m}[39m[31m[91m[33m.text-lowercase[39m[31m[91m[33m{[39m[31m[91mtext-transform[33m:[39m[31m[91mlowercase!important[33m}[39m[31m[91m[33m.text-uppercase[39m[31m[91m[33m{[39m[31m[91mtext-transform[33m:[39m[31m[91muppercase!important[33m}[39m[31m[91m[33m.text-capitalize[39m[31m[91m[33m{[39m[31m[91mtext-transform[33m:[39m[31m[91mcapitalize[39m[22m[1m[31m!important[33m}[39m[31m[91m[33m.font-italic[39m[31m[91m[33m{[39m[31m[91mfont-style[33m:[39m[31m[91mnormal!important[33m}[39m[31m[91m[33m.text-white[39m[31m[91m[33m{[39m[31m[91mcolor[33m:[39m[31m[91m[35m#fff[39m[31m[91m!important[33m}[39m[31m[91m[33m.text-primary[39m[31m[91m[33m{[39m[31m[91mcolor[33m:[39m[31m[91m[35m#fff[39m[31m[91m!important[33m}[39m[31m[91m[33m.text-secondary[39m[31m[91m[33m{[39m[31m[91mcolor[33m:[39m[31m[91m[35m#fff[39m[31m[91m!important[33m}[39m[31m[91m[33m.text-success[39m[31m[91m[33m{[39m[31m[91mcolor[33m:[39m[31m[91m[35m#5f5[39m[31m[91m!important[33m}[39m[31m[91m[33m.text-info[39m[31m[91m[33m{[39m[31m[91mcolor[33m:[39m[31m[91m[35m#5ff[39m[31m[91m!important[33m}[39m[31m[91m[33m.text-warning[39m[31m[91m[33m{[39m[31m[91mcolor[33m:[39m[31m[91m[35m#ff5[39m[31m[91m!important[33m}[39m[31m[91m[33m.text-danger[39m[31m[91m[33m{[39m[31m[91mcolor[33m:[39m[31m[91m[35m#f55[39m[31m[91m!important[33m}[39m[31m[91m[33m.text-dark[39m[31m[91m[33m{[39m[31m[91mcolor[33m:[39m[31m[91m[35m#555[39m[31m[91m!important[33m}[39m[31m[91m[33m.text-body[39m[31m[91m[33m{[39m[31m[91mcolor[33m:[39m[31m[91m[35m#bbb[39m[31m[91m!important[33m}[39m[31m[91m[33m.text-muted[39m[31m[91m[33m{[39m[31m[91mcolor[33m:[39m[31m[91m[35m#555[39m[31m[91m[33m}[39m[31m[91m[33m.text-hide[39m[31m[91m[33m{[39m[31m[91mfont[33m:[39m[31m[91m0/0 a[33m;[39m[31m[91mcolor[33m:[39m[31m[91mtransparent[33m;[39m[31m[91mtext-shadow[33m:[39m[31m[91mnone[33m;[39m[31m[91mbackground-color[33m:[39m[31m[91mtransparent[33m;[39m[31m[91mborder[33m:[39m[31m[91m0[33m}[39m[31m[91m[33m.text-decoration-none[39m[31m[91m[33m{[39m[31m[91mtext-decoration[33m:[39m[31m[91mnone!important[33m}[39m[31m[91m[33m.text-break[39m[31m[91m[33m{[39m[31m[91mword-break[33m:[39m[31m[91mbreak-word!important[33m;[39m[31m[91moverflow-wrap[33m:[39m[31m[91mbreak-word!important[33m}[39m[31m[91m[33m.text-reset[39m[31m[91m[33m{[39m[31m[91mcolor[33m:[39m[31m[91minherit!important[33m}[39m[31m[91m[33m.visible[39m[31m[91m[33m{[39m[31m[91mvisibility[33m:[39m[31m[91mvisible!important[33m}[39m[31m[91m[33m.invisible[39m[31m[91m[33m{[39m[31m[91mvis[39m[22m[1m[31mibility[33m:[39m[31m[91mhidden!important[33m}[39m[31m[91m[36m@media[39m[31m[91m print[33m{[39m[31m[91m*,[33m:[39m[31m[91m[33m:[39m[31m[91mafter,[33m:[39m[31m[91m[33m:[39m[31m[91mbefore[33m{[39m[31m[91mtext-shadow[33m:[39m[31m[91mnone!important[33m;[39m[31m[91mbox-shadow[33m:[39m[31m[91mnone!important[33m}[39m[31m[91ma[33m:[39m[31m[91m[36mnot[39m[31m[91m[36m(.btn)[39m[31m[91m[33m{[39m[31m[91mtext-decoration[33m:[39m[31m[91munderline[33m}[39m[31m[91mabbr[33m[[39m[31m[91mtitle[33m][39m[31m[91m[33m:[39m[31m[91m[33m:[39m[31m[91mafter[33m{[39m[31m[91mcontent[33m:[39m[31m[91m[32m" ("[39m[31m[91m [36mattr[39m[31m[91m[36m(title)[39m[31m[91m [32m")"[39m[31m[91m[33m}[39m[31m[91mpre[33m{[39m[31m[91mwhite-space[33m:[39m[31m[91mpre-wrap!important[33m}[39m[31m[91mblockquote,pre[33m{[39m[31m[91mborder[33m:[39m[31m[91m0 solid [35m#555[39m[31m[91m[33m;[39m[31m[91mpage-break-inside[33m:[39m[31m[91mavoid[33m}[39m[31m[91mthead[33m{[39m[31m[91mdisplay[33m:[39m[31m[91mtable-header-group[33m}[39m[31m[91mimg,tr[33m{[39m[31m[91mpage-break-inside[33m:[39m[31m[91mavoid[33m}[39m[31m[91mh2,h3,p[33m{[39m[31m[91morphans[33m:[39m[31m[91m3[33m;[39m[31m[91mwidows[33m:[39m[31m[91m3[33m}[39m[31m[91mh2,h3[33m{[39m[31m[91mpage-break-after[33m:[39m[31m[91mavoid[33m}[39m[31m[91m[36m@page[39m[31m[91m[33m{[39m[31m[91msize[33m:[39m[31m[91ma3[33m}[39m[31m[91mbody[33m{[39m[31m[91mmin-width[33m:[39m[31m[91m960px!important[33m}[39m[31m[91m[33m.container[39m[31m[91m[33m{[39m[31m[91mmin-width[33m:[39m[31m[91m960px!important[33m}[39m[31m[91m[33m.navbar[39m[31m[91m[33m{[39m[31m[91mdisplay[33m:[39m[31m[91mnone[33m}[39m[31m[91m[33m.badge[39m[31m[91m[33m{[39m[31m[91mborder[33m:[39m[31m[91m0 solid [35m#000[39m[31m[91m[33m}[39m[31m[91m[33m.table[39m[31m[91m[33m{[39m[31m[91mborder-collapse[33m:[39m[31m[91mcollapse!important[33m}[39m[31m[91m[33m.table[39m[31m[91m td,.table th[33m{[39m[31m[91mbackground-color[33m:[39m[31m[91m[35m#fff[39m[31m[91m!important[33m}[39m[31m[91m[33m.table-bordered[39m[31m[91m td,.table-bordered th[33m{[39m[31m[91mborder[33m:[39m[31m[91m1px solid [35m#555[39m[31m[91m!important[33m}[39m[22m[1m[31m[39m[91m[33m.table-dark[39m[31m[91m[33m{[39m[31m[91mcolor[33m:[39m[31m[91minherit[33m}[39m[31m[91m[33m.table-dark[39m[31m[91m tbody+tbody,.table-dark td,.table-dark th,.table-dark thead th[33m{[39m[31m[91mborder-color[33m:[39m[31m[91m[35m#555[39m[31m[91m[33m}[39m[31m[91m[33m.table[39m[31m[91m [33m.thead-dark[39m[31m[91m th[33m{[39m[31m[91mcolor[33m:[39m[31m[91minherit[33m;[39m[31m[91mborder-color[33m:[39m[31m[91m[35m#555[39m[31m[91m[33m}[39m[31m[91m[33m}[39m[31m[91m[39m[31m[0m[39m[22m
[1m[31m[0m[91m [90m   | [39m[31m[91m                                                                                                                                                                                                                                                                                                                                                                                                                                                                                                                                                                                                                                                                                                                                                                                                                                                                                                                                                                                                                                                                                                                                                                                                                                                                                                                                                                                                                                                                                                                                                                   [39m[22m[1m[31m                                                                                                                                                                                                                                                                                                                                                                                                                                                                                                                                                                                                                                                                                                                                                                                                                                                                                                                                                                                                                                                                                                                                                                                                                                                                                                                                                                                                                                                                                                                                                                                                                                                                                                                                                                                                                                                                                                                                                                                                                                                                                [39m[22m[1m[31m                                                                                                                                                                                                                                                                                                                                                                                                                                                                                                                                                                                                                                                                                                                                                                                                                                                                                                                                                                                                                                                                                                                                                                                                                                                                                                                                                                                                                                                                                                                                                                                                                                                                                                                                                                                                                                                                                                                                                                                                                                                                                [39m[22m[1m[31m                                                                                                                                                                                                                                                                                                                                                                                                                                                                                                                                                                                                                                                                                                                                                                                                                                                                                                                                                                                                                                                                                                                                                                                                                                                                                                                                                                                                                                                                                                                                                                                                                                                                                                                                                                                                                                                                                                                                                                                                                                                                                [39m[22m[1m[31m                                                                                                                                                                                                                                                                                                                                                                                                                                                                                                                                                                                                                                                                                                                                                                                                                                                                                                                                                                                                                                                                                                                                                                                                                                                                                                                                                                                                                                                                                                                                                                                                                                                                                                                                                                                                                                                                                                                                                                                                                                                                                [39m[22m[1m[31m                                                                                                                                                                                                                                                                                                                                                                                                                                                                                                                                                                                                                                                                                                                                                                                                                                                                                                                                                                                                                                                                                                                                                                                                                                                                                                                                                                                                                                                                                                                                                                                                                                                                                                                                                                                                                                                                                                                                                                                                                                                                                [39m[22m[1m[31m                                                                                                                                                                                                                                                                                                                                                                                                                                                                                                                                                                                                                                                                                                                                                                                                                                                                                                                                                                                                                                                                                                                                                                                                                                                                                                                                                                                                                                                                                                                                                                                                                                                                                                                                                                                                                                                                                                                                                                                                                                                                                [39m[22m[1m[31m                                                                                                                                                                                                                                                                                                                                                                                                                                                                                                                                                                                                                                                                                                                                                                                                                                                                                                                                                                                                                                                                                                                                                                                                                                                                                                                                                                                                                                                                                                                                                                                                                                                                                                                                                                                                                                                                                                                                                                                                                                                                                [39m[22m[1m[31m                                                                                                                                                                                                                                                                                                                                                                                                                                                                                                                                                                                                                                                                                                                                                                                                                                                                                                                                                                                                                                                                                                                                                                                                                                                                                                                                                                                                                                                                                                                                                                                                                                                                                                                                                                                                                                                                                                                                                                                                                                                                                [39m[22m[1m[31m                                                                                                                                                                                                                                                                                                                                                                                                                                                                                                                                                                                                                                                                                                                                                                                                                                                                                                                                                                                                                                                                                                                                                                                                                                                                                                                                                                                                                                                                                                                                                                                                                                                                                                                                                                                                                                                                                                                                                                                                                                                                                [39m[22m[1m[31m                                                                                                                                                                                                                                                                                                                                                                                                                                                                                                                                                                                                                                                                                                                                                                                                                                                                                                                                                                                                                                                                                                                                                                                                                                                                                                                                                                                                                                                                                                                                                                                                                                                                                                                                                                                                                                                                                                                                                                                                                                                                                [39m[22m[1m[31m                                                                                                                                                                                                                                                                                                                                                                                                                                                                                                                                                                                                                                                                                                                                                                                                                                                                                                                                                                                                                                                                                                                                                                                                                                                                                                                                                                                                                                                                                                                                                                                                                                                                                                                                                                                                                                                                                                                                                                                                                                                                                [39m[22m[1m[31m                                                                                                                                                                                                                                                                                                                                                                                                                                                                                                                                                                                                                                                                                                                                                                                                                                                                                                                                                                                                                                                                                                                                                                                                                                                                                                                                                                                                                                                                                                                                                                                                                                                                                                                                                                                                                                                                                                                                                                                                                                                                                [39m[22m[1m[31m                                                                                                                                                                                                                                                                                                                                                                                                                                                                                                                                                                                                                                                                                                                                                                                                                                                                                                                                                                                                                                                                                                                                                                                                                                                                                                                                                                                                                                                                                                                                                                                                                                                                                                                                                                                                                                                                                                                                                                                                                                                                                [39m[22m[1m[31m                                                                                                                                                                                                                                                                                                                                                                                                                                                                                                                                                                                                                                                                                                                                                                                                                                                                                                                                                                                                                                                                                                                                                                                                                                                                                                                                                                                                                                                                                                                                                                                                                                                                                                                                                                                                                                                                                                                                                                                                                                                                                [39m[22m[1m[31m                                                                                                                                                                                                                                                                                                                                                                                                                                                                                                                                                                                                                                                                                                                                                                                                                                                                                                                                                                                                                                                                                                                                                                                                                                                                                                                                                                                                                                                                                                                                                                                                                                                                                                                                                                                                                                                                                                                                                                                                                                                                                [39m[22m[1m[31m                                                                                                                                                                                                                                                                                                                                                                                                                                                                                                                                                                                                                                                                                                                                                                                                                                                                                                                                                                                                                                                                                                                                                                                                                                                                                                                                                                                                                                                                                                                                                                                                                                                                                                                                                                                                                                                                                                                                                                                                                                                                                [39m[22m[1m[31m                                                                                                                                                                                                                                                                                                                                                                                                                                                                                                                                                                                                                                                                                                                                                                                                                                                                                                                                                                                                                                                                                                                                                                                                                                                                                                                                                                                                                                                                                                                                                                                                                                                                                                                                                                                                                                                                                                                                                                                                                                                                                [39m[22m[1m[31m                                                                                                                                                                                                                                                                                                                                                                                                                                                                                                                                                                                                                                                                                                                                                                                                                                                                                                                                                                                                                                                                                                                                                                                                                                                                                                                                                                                                                                                                                                                                                                                                                                                                                                                                                                                                                                                                                                                                                                                                                                                                                [39m[22m[1m[31m                                                                                                                                                                                                                                                                                                                                                                                                                                                                                                                                                                                                                                                                                                                                                                                                                                                                                                                                                                                                                                                                                                                                                                                                                                                                                                                                                                                                                                                                                                                                                                                                                                                                                                                                                                                                                                                                                                                                                                                                                                                                                [39m[22m[1m[31m                                                                                                                                                                                                                                                                                                                                                                                                                                                                                                                                                                                                                                                                                                                                                                                                                                                                                                                                                                                                                                                                                                                                                                                                                                                                                                                                                                                                                                                                                                                                                                                                                                                                                                                                                                                                                                                                                                                                                                                                                                                                                [39m[22m[1m[31m                                                                                                                                                                                                                                                                                                                                                                                                                                                                                                                                                                                                                                                                                                                                                                                                                                                                                                                                                                                                                                                                                                                                                                                                                                                                                                                                                                                                                                                                                                                                                                                                                                                                                                                                                                                                                                                                                                                                                                                                                                                                                [39m[22m[1m[31m                                                                                                                                                                                                                                                                                                                                                                                                                                                                                                                                                                                                                                                                                                                                                                                                                                                                                                                                                                                                                                                                                                                                                                                                                                                                                                                                                                                                                                                                                                                                                                                                                                                                                                                                                                                                                                                                                                                                                                                                                                                                                [39m[22m[1m[31m                                                                                                                                                                                                                                                                                                                                                                                                                                                                                                                                                                                                                                                                                                                                                                                                                                                                                                                                                                                                                                                                                                                                                                                                                                                                                                                                                                                                                                                                                                                                                                                                                                                                                                                                                                                                                                                                                                                                                                                                                                                                                [39m[22m[1m[31m                                                                                                                                                                                                                                                                                                                                                                                                                                                                                                                                                                                                                                                                                                                                                                                                                                                                                                                                                                                                                                                                                                                                                                                                                                                                                                                                                                                                                                                                                                                                                                                                                                                                                                                                                                                                                                                                                                                                                                                                                                                                                [39m[22m[1m[31m                                                                                                                                                                                                                                                                                                                                                                                                                                                                                                                                                                                                                                                                                                                                                                                                                                                                                                                                                                                                                                                                                                                                                                                                                                                                                                                                                                                                                                                                                                                                                                                                                                                                                                                                                                                                                                                                                                                                                                                                                                                                                [39m[22m[1m[31m                                                                                                                                                                                                                                                                                                                                                                                                                                                                                                                                                                                                                                                                                                                                                                                                                                                                                                                                                                                                                                                                                                                                                                                                                                                                                                                                                                                                                                                                                                                                                                                                                                                                                                                                                                                                                                                                                                                                                                                                                                                                                [39m[22m[1m[31m                                                                                                                                                                                                                                                                                                                                                                                                                                                                                                                                                                                                                                                                                                                                                                                                                                                                                                                                                                                                                                                                                                                                                                                                                                                                                                                                                                                                                                                                                                                                                                                                                                                                                                                                                                                                                                                                                                                                                                                                                                                                                [39m[22m[1m[31m                                                                                                                                                                                                                                                                                                                                                                                                                                                                                                                                                                                                                                                                                                                                                                                                                                                                                                                                                                                                                                                                                                                                                                                                                                                                                                                                                                                                                                                                                                                                                                                                                                                                                                                                                                                                                                                                                                                                                                                                                                                                                [39m[22m[1m[31m                                                                                                                                                                                                                                                                                                                                                                                                                                                                                                                                                                                                                                      [1m[31m^[39m[31m[91m[22m[1m[39m[31m[0m[39m[22m
[1m[31m[0m[91m [90m 7 | [39m[31m[91m[90m/*# sourceMappingURL=bootstrap.min.css.map */[39m[31m[91m[39m[31m[0m[39m[22m
[1m[31m[0m[91m[39m[31m[0m[39m[22m
[1m[31m[0m[91m    at Object.emitError (/Users/zefram/Documents/GitHub/astrodrop-frontend/node_modules/@angular-builders/custom-webpack/node_modules/webpack/lib/NormalModule.js:173:6)[39m[31m[0m[39m[22m
[1m[31m[0m[91m    at Declaration (/Users/zefram/Documents/GitHub/astrodrop-frontend/node_modules/@angular-builders/custom-webpack/node_modules/@angular-devkit/build-angular/src/webpack/plugins/postcss-cli-resources.js:123:28)[39m[31m[0m[39m[22m
[1m[31m[0m[91m    at runMicrotasks (<anonymous>)[39m[31m[0m[39m[22m
[1m[31m[0m[91m    at processTicksAndRejections (node:internal/process/task_queues:96:5)[39m[31m[0m[39m[22m
[1m[31m[0m[91m    at async LazyResult.runAsync (/Users/zefram/Documents/GitHub/astrodrop-frontend/node_modules/@angular-builders/custom-webpack/node_modules/postcss/lib/lazy-result.js:375:15)[39m[31m[0m[39m[22m
[1m[31m[0m[91m    at async Object.loader (/Users/zefram/Documents/GitHub/astrodrop-frontend/node_modules/@angular-builders/custom-webpack/node_modules/postcss-loader/dist/index.js:95:14)[39m[31m[0m[39m[22m
[1m[31m[0m[91m[39m[31m[0m[39m[22m
[1m[31m[0m[91m[39m[31m[0m[39m[22m
- Generating browser application bundles...
[32m✔[39m Browser application bundle generation complete.
[1m[33m[39m[22m
[1m[33m[0m[93mWarning: Emitted no files.[39m[33m[0m[39m[22m
[1m[33m[0m[93m[39m[33m[0m[39m[22m
[1m[33m[0m[93m[39m[33m[0m[39m[22m
[1m[33m[0m[93m[39m[33m[0m[0m[93mWarning: /Users/zefram/Documents/GitHub/astrodrop-frontend/node_modules/@walletconnect/iso-crypto/dist/esm/index.js depends on '@walletconnect/encoding'. CommonJS or AMD dependencies can cause optimization bailouts.[39m[33m[0m[39m[22m
[1m[33m[0m[93mFor more info see: https://angular.io/guide/build#configuring-commonjs-dependencies[39m[33m[0m[39m[22m
[1m[33m[0m[93m[39m[33m[0m[39m[22m
[1m[33m[0m[93m[39m[33m[0m[0m[93mWarning: /Users/zefram/Documents/GitHub/astrodrop-frontend/node_modules/@walletconnect/randombytes/dist/esm/browser/index.js depends on '@walletconnect/environment'. CommonJS or AMD dependencies can cause optimization bailouts.[39m[33m[0m[39m[22m
[1m[33m[0m[93mFor more info see: https://angular.io/guide/build#configuring-commonjs-dependencies[39m[33m[0m[39m[22m
[1m[33m[0m[93m[39m[33m[0m[39m[22m
[1m[33m[0m[93m[39m[33m[0m[39m[22m
[1m[31m[39m[22m
[1m[31m[0m[91mError: ./src/assets/css/bootstrap.min.css[39m[31m[0m[39m[22m
[1m[31m[0m[91mModule build failed (from ./node_modules/@angular-builders/custom-webpack/node_modules/mini-css-extract-plugin/dist/loader.js):[39m[31m[0m[39m[22m
[1m[31m[0m[91mModuleError: Module Error (from ./node_modules/@angular-builders/custom-webpack/node_modules/postcss-loader/dist/cjs.js):[39m[31m[0m[39m[22m
[1m[31m[0m[91m(Emitted value instead of an instance of Error) CssSyntaxError: /Users/zefram/Documents/GitHub/astrodrop-frontend/src/assets/css/bootstrap.min.css:6:104590: Can't resolve 'assets/fonts/shade-50-grayLight.svg' in '/Users/zefram/Documents/GitHub/astrodrop-frontend/src/assets/css'[39m[31m[0m[39m[22m
[1m[31m[0m[91m[39m[31m[0m[39m[22m
[1m[31m[0m[91m [90m 4 | [39m[31m[91m[90m * Copyright 2011-2019 Twitter, Inc.[39m[31m[91m[39m[31m[0m[39m[22m
[1m[31m[0m[91m [90m 5 | [39m[31m[91m[90m * Licensed under MIT (https://github.com/twbs/bootstrap/blob/master/LICENSE)[39m[31m[91m[39m[31m[0m[39m[22m
[1m[31m[0m[91m[1m[31m>[39m[31m[91m[22m[1m[90m 6 | [39m[31m[91m[90m */[39m[31m[91m[33m:[39m[31m[91mroot[33m{[39m[31m[91m--blue[33m:[39m[31m[91m[35m#000084[39m[31m[91m[33m;[39m[31m[91m--indigo[33m:[39m[31m[91m[35m#55f[39m[31m[91m[33m;[39m[31m[91m--purple[33m:[39m[31m[91m[35m#aa00aa[39m[31m[91m[33m;[39m[31m[91m--pink[33m:[39m[31m[91m[35m#f5f[39m[31m[91m[33m;[39m[31m[91m--red[33m:[39m[31m[91m[35m#aa0000[39m[31m[91m[33m;[39m[31m[91m--orange[33m:[39m[31m[91m[35m#f55[39m[31m[91m[33m;[39m[31m[91m--yellow[33m:[39m[31m[91m[35m#ff5[39m[31m[91m[33m;[39m[31m[91m--green[33m:[39m[31m[91m[35m#00aa00[39m[31m[91m[33m;[39m[31m[91m--teal[33m:[39m[31m[91m[35m#00aaaa[39m[31m[91m[33m;[39m[31m[91m--cyan[33m:[39m[31m[91m[35m#00aaaa[39m[31m[91m[33m;[39m[31m[91m--white[33m:[39m[31m[91m[35m#fff[39m[31m[91m[33m;[39m[31m[91m--gray[33m:[39m[31m[91m[35m#bbbbbb[39m[31m[91m[33m;[39m[31m[91m--gray-dark[33m:[39m[31m[91m[35m#bbbbbb[39m[31m[91m[33m;[39m[31m[91m--primary[33m:[39m[31m[91m[35m#bbbbbb[39m[31m[91m[33m;[39m[31m[91m--secondary[33m:[39m[31m[91m[35m#bbbbbb[39m[31m[91m[33m;[39m[31m[91m--success[33m:[39m[31m[91m[35m#00aa00[39m[31m[91m[33m;[39m[31m[91m--info[33m:[39m[31m[91m[35m#00aaaa[[39m[22m[1m[31m39m[91m[33m;[39m[31m[91m--warning[33m:[39m[31m[91m[35m#aa5500[39m[31m[91m[33m;[39m[31m[91m--danger[33m:[39m[31m[91m[35m#aa0000[39m[31m[91m[33m;[39m[31m[91m--light[33m:[39m[31m[91m[35m#fff[39m[31m[91m[33m;[39m[31m[91m--dark[33m:[39m[31m[91m[35m#000000[39m[31m[91m[33m;[39m[31m[91m--breakpoint-xs[33m:[39m[31m[91m0[33m;[39m[31m[91m--breakpoint-sm[33m:[39m[31m[91m576px[33m;[39m[31m[91m--breakpoint-md[33m:[39m[31m[91m768px[33m;[39m[31m[91m--breakpoint-lg[33m:[39m[31m[91m960px[33m;[39m[31m[91m--breakpoint-xl[33m:[39m[31m[91m1152px[33m;[39m[31m[91m--font-family-sans-serif[33m:[39m[31m[91mDOS,Monaco,Menlo,Consolas,[32m"Courier New"[39m[31m[91m,monospace[33m;[39m[31m[91m--font-family-monospace[33m:[39m[31m[91mDOS,Monaco,Menlo,Consolas,[32m"Courier New"[39m[31m[91m,monospace[33m}[39m[31m[91m[36m@font-face[39m[31m[91m[33m{[39m[31m[91mfont-family[33m:[39m[31m[91mDOS[33m;[39m[31m[91msrc[33m:[39m[31m[91m[36murl[39m[31m[91m[36m(assets/fonts/Px437_IBM_EGA8.otf)[39m[31m[91m [36mformat[39m[31m[91m[36m([39m[31m[91m[32m"opentype"[39m[31m[91m[36m)[39m[31m[91m[33m;[39m[31m[91mfont-weight[33m:[39m[31m[91m400[33m;[39m[31m[91mfont-style[33m:[39m[31m[91mnormal[33m;[39m[31m[91m-webkit-font-kerning[33m:[39m[31m[91mnone[33m;[39m[31m[91mfont-kerning[33m:[39m[31m[91mnone[33m;[39m[31m[91mfont-synthesis[33m:[39m[31m[91mnone[33m;[39m[31m[91m-webkit-font-variant-ligatures[33m:[39m[31m[91mnone[33m;[39m[31m[91mfont-variant-ligatures[33m:[39m[31m[91mnone[33m;[39m[31m[91mfont-variant-numeric[33m:[39m[31m[91mtabular-nums[33m}[39m[31m[91m*,[33m:[39m[31m[91m[33m:[39m[31m[91mafter,[33m:[39m[31m[91m[33m:[39m[31m[91mbefore[33m{[39m[31m[91mbox-sizing[33m:[39m[31m[91mborder-box[33m}[39m[31m[91mhtml[33m{[39m[31m[91mfont-family[33m:[39m[31m[91mDOS,monospace[33m;[39m[31m[91mline-height[33m:[39m[31m[91m14px[33m;[39m[31m[91m-webkit-text-size-adjust[33m:[39m[31m[91m100%[33m;[39m[31m[91m-webkit-tap-highlight-color[33m:[39m[31m[91mtransparent[33m;[39m[31m[91mline-height-step[33m:[39m[31m[91m14px[33m}[39m[31m[91marticle,aside,figcaption,figure,footer,header,hgroup,main,nav,section[33m{[39m[31m[9[39m[22m[1m[31m1mdisplay[33m:[39m[31m[91mblock[33m}[39m[31m[91mbody[33m{[39m[31m[91mmargin[33m:[39m[31m[91m0[33m;[39m[31m[91mfont-family[33m:[39m[31m[91mDOS,Monaco,Menlo,Consolas,[32m"Courier New"[39m[31m[91m,monospace[33m;[39m[31m[91mfont-weight[33m:[39m[31m[91m400[33m;[39m[31m[91mline-height[33m:[39m[31m[91m14px[33m;[39m[31m[91mfont-size[33m:[39m[31m[91m16px[33m;[39m[31m[91mcolor[33m:[39m[31m[91m[35m#bbb[39m[31m[91m[33m;[39m[31m[91mtext-align[33m:[39m[31m[91mleft[33m;[39m[31m[91mbackground-color[33m:[39m[31m[91m[35m#000084[39m[31m[91m[33m;[39m[31m[91m-webkit-font-kerning[33m:[39m[31m[91mnone[33m;[39m[31m[91mfont-kerning[33m:[39m[31m[91mnone[33m;[39m[31m[91mtext-rendering[33m:[39m[31m[91mgeometricPrecision[33m}[39m[31m[91m[33m[[39m[31m[91mtabindex=[32m"-1"[39m[31m[91m[33m][39m[31m[91m[33m:[39m[31m[91mfocus[33m:[39m[31m[91m[36mnot[39m[31m[91m[36m(:focus-visible)[39m[31m[91m[33m{[39m[31m[91moutline[33m:[39m[31m[91m0!important[33m}[39m[31m[91mhr[33m{[39m[31m[91mbox-sizing[33m:[39m[31m[91mcontent-box[33m;[39m[31m[91mheight[33m:[39m[31m[91m0[33m;[39m[31m[91moverflow[33m:[39m[31m[91mvisible[33m}[39m[31m[91mh1,h2,h3,h4,h5,h6[33m{[39m[31m[91mmargin-top[33m:[39m[31m[91m0[33m;[39m[31m[91mmargin-bottom[33m:[39m[31m[91m14px[33m;[39m[31m[91mfont-weight[33m:[39m[31m[91m400[33m}[39m[31m[91mp[33m{[39m[31m[91mmargin-top[33m:[39m[31m[91m0[33m;[39m[31m[91mmargin-bottom[33m:[39m[31m[91m14px[33m}[39m[31m[91mabbr[33m[[39m[31m[91mdata-original-title[33m][39m[31m[91m,abbr[33m[[39m[31m[91mtitle[33m][39m[31m[91m[33m{[39m[31m[91mtext-decoration[33m:[39m[31m[91mnone[33m;[39m[31m[91mcursor[33m:[39m[31m[91mhelp[33m;[39m[31m[91mborder-bottom[33m:[39m[31m[91m0[33m;[39m[31m[91m-webkit-text-decoration-skip-ink[33m:[39m[31m[91mnone[33m;[39m[31m[91mtext-decoration-skip-ink[33m:[39m[31m[91mnone[33m}[39m[31m[91maddress[33m{[39m[31m[91mmargin-bottom[33m:[39m[31m[91m14px[33m;[39m[31m[91mfont-style[33m:[39m[31m[91mnormal[33m;[39m[31m[91mline-height[33m:[39m[31m[91minherit[33m}[39m[31m[91mdl,ol,ul[33m{[39m[31m[91mmargin-top[33m:[39m[31m[91m0[33m;[39m[31m[91mmargin-left[33m:[39m[31m[91m8px[33m;[39m[31m[9[39m[22m[1m[31m1mpadding-left[33m:[39m[31m[91m0[33m;[39m[31m[91mmargin-bottom[33m:[39m[31m[91m14px[33m}[39m[31m[91mli[33m{[39m[31m[91mpadding-left[33m:[39m[31m[91m8px[33m}[39m[31m[91mol ol,ol ul,ul ol,ul ul[33m{[39m[31m[91mmargin-bottom[33m:[39m[31m[91m0[33m}[39m[31m[91mdt[33m{[39m[31m[91mfont-weight[33m:[39m[31m[91m400[33m}[39m[31m[91mdd[33m{[39m[31m[91mmargin-bottom[33m:[39m[31m[91m14px[33m;[39m[31m[91mmargin-left[33m:[39m[31m[91m0[33m}[39m[31m[91mblockquote[33m{[39m[31m[91mmargin[33m:[39m[31m[91m0 0 14px[33m}[39m[31m[91mb,strong[33m{[39m[31m[91mfont-weight[33m:[39m[31m[91m400[33m}[39m[31m[91mb[33m:[39m[31m[91m[33m:[39m[31m[91mafter,b[33m:[39m[31m[91m[33m:[39m[31m[91mbefore,strong[33m:[39m[31m[91m[33m:[39m[31m[91mafter,strong[33m:[39m[31m[91m[33m:[39m[31m[91mbefore[33m{[39m[31m[91mcontent[33m:[39m[31m[91m[32m'*'[39m[31m[91m[33m}[39m[31m[91msmall[33m{[39m[31m[91mfont-size[33m:[39m[31m[91m16px[33m}[39m[31m[91msub,sup[33m{[39m[31m[91mposition[33m:[39m[31m[91mrelative[33m;[39m[31m[91mline-height[33m:[39m[31m[91m0[33m;[39m[31m[91mvertical-align[33m:[39m[31m[91mbaseline[33m}[39m[31m[91msub[33m{[39m[31m[91mbottom[33m:[39m[31m[91m0[33m}[39m[31m[91msup[33m{[39m[31m[91mtop[33m:[39m[31m[91m0[33m}[39m[31m[91ma[33m{[39m[31m[91mcolor[33m:[39m[31m[91m[35m#ff5[39m[31m[91m[33m;[39m[31m[91mtext-decoration[33m:[39m[31m[91mnone[33m;[39m[31m[91mbackground-color[33m:[39m[31m[91mtransparent[33m}[39m[31m[91ma[33m:[39m[31m[91mhover[33m{[39m[31m[91mcolor[33m:[39m[31m[91m[35m#bbb[39m[31m[91m[33m;[39m[31m[91mbackground-color[33m:[39m[31m[91m[35m#000[39m[31m[91m[33m}[39m[31m[91mem[33m{[39m[31m[91mfont-style[33m:[39m[31m[91mnormal[33m}[39m[31m[91mem[33m:[39m[31m[91m[33m:[39m[31m[91mafter,em[33m:[39m[31m[91m[33m:[39m[31m[91mbefore[33m{[39m[31m[91mcontent[33m:[39m[31m[91m[32m"/"[39m[31m[91m[33m}[39m[31m[91ma[33m:[39m[31m[91m[36mnot[39m[31m[91m[36m([href])[39m[31m[91m[33m{[39m[31m[91mcolor[33m:[39m[31m[91minherit[33m;[39m[31m[91mtext-decoration[33m:[39m[31m[91mnone[33m}[39m[31m[91ma[33m:[39m[31m[91m[36mnot[39m[31m[91m[36m([href])[39m[31m[91m[33m:[39m[31m[91mhover[33m{[39m[31m[91mcolor[33m:[39m[31m[91mi[39m[22m[1m[31mnherit[33m;[39m[31m[91mtext-decoration[33m:[39m[31m[91mnone[33m}[39m[31m[91mcode,kbd,pre,samp[33m{[39m[31m[91mfont-family[33m:[39m[31m[91mDOS,Monaco,Menlo,Consolas,[32m"Courier New"[39m[31m[91m,monospace[33m;[39m[31m[91mfont-size[33m:[39m[31m[91m16px[33m}[39m[31m[91mpre[33m{[39m[31m[91mmargin-top[33m:[39m[31m[91m0[33m;[39m[31m[91mmargin-bottom[33m:[39m[31m[91m14px[33m;[39m[31m[91moverflow[33m:[39m[31m[91mauto[33m}[39m[31m[91mfigure[33m{[39m[31m[91mmargin[33m:[39m[31m[91m0 0 14px[33m}[39m[31m[91mimg[33m{[39m[31m[91mvertical-align[33m:[39m[31m[91mmiddle[33m;[39m[31m[91mborder-style[33m:[39m[31m[91mnone[33m}[39m[31m[91msvg[33m{[39m[31m[91moverflow[33m:[39m[31m[91mhidden[33m;[39m[31m[91mvertical-align[33m:[39m[31m[91mmiddle[33m}[39m[31m[91mtable[33m{[39m[31m[91mborder-collapse[33m:[39m[31m[91mcollapse[33m;[39m[31m[91mborder-spacing[33m:[39m[31m[91m0[33m}[39m[31m[91mcaption[33m{[39m[31m[91mpadding-top[33m:[39m[31m[91m0[33m;[39m[31m[91mpadding-bottom[33m:[39m[31m[91m0[33m;[39m[31m[91mcolor[33m:[39m[31m[91m[35m#555[39m[31m[91m[33m;[39m[31m[91mtext-align[33m:[39m[31m[91mleft[33m;[39m[31m[91mcaption-side[33m:[39m[31m[91mbottom[33m}[39m[31m[91mth[33m{[39m[31m[91mtext-align[33m:[39m[31m[91minherit[33m;[39m[31m[91mfont-weight[33m:[39m[31m[91m400[33m;[39m[31m[91mcolor[33m:[39m[31m[91m[35m#fff[39m[31m[91m[33m}[39m[31m[91mlabel[33m{[39m[31m[91mdisplay[33m:[39m[31m[91minline-block[33m;[39m[31m[91mmargin-bottom[33m:[39m[31m[91m0[33m}[39m[31m[91mbutton[33m{[39m[31m[91mborder-radius[33m:[39m[31m[91m0[33m;[39m[31m[91mpadding[33m:[39m[31m[91m0[33m}[39m[31m[91mbutton[33m:[39m[31m[91mfocus[33m{[39m[31m[91moutline[33m:[39m[31m[91m0 dotted[33m;[39m[31m[91moutline[33m:[39m[31m[91m5px auto -webkit-focus-ring-color[33m}[39m[31m[91mbutton,input,optgroup,select,textarea[33m{[39m[31m[91mmargin[33m:[39m[31m[91m0[33m;[39m[31m[91mfont[33m:[39m[31m[91m400 16px DOS!important[33m;[39m[31m[91mline-height[33m:[39m[31m[91m14px[33m}[39m[31m[91moption[33m{[39m[31m[91mpadding[33m:[39m[31m[91m0[33m;[39m[31m[91mmin-height[33m:[39m[31m[91m0[33m;[39m[31m[91mline-height[33m:[39m[31m[91m14px[33[39m[22m[1m[31mm}[39m[31m[91mbutton,input[33m{[39m[31m[91moverflow[33m:[39m[31m[91mvisible[33m}[39m[31m[91minput[33m:[39m[31m[91m[33m:[39m[31m[91mfocus[33m{[39m[31m[91mcolor[33m:[39m[31m[91m[35m#00f[39m[31m[91m[33m;[39m[31m[91moutline[33m:[39m[31m[91m0[33m}[39m[31m[91m[33m:[39m[31m[91mfocus[33m{[39m[31m[91moutline[33m:[39m[31m[91m0[33m}[39m[31m[91mbutton,select[33m{[39m[31m[91mtext-transform[33m:[39m[31m[91mnone[33m}[39m[31m[91mselect[33m{[39m[31m[91mword-wrap[33m:[39m[31m[91mnormal[33m}[39m[31m[91m[33m[[39m[31m[91mtype=button[33m][39m[31m[91m,[33m[[39m[31m[91mtype=reset[33m][39m[31m[91m,[33m[[39m[31m[91mtype=submit[33m][39m[31m[91m,button[33m{[39m[31m[91m-webkit-appearance[33m:[39m[31m[91mbutton[33m}[39m[31m[91m[33m[[39m[31m[91mtype=button[33m][39m[31m[91m[33m:[39m[31m[91m[36mnot[39m[31m[91m[36m(:disabled)[39m[31m[91m,[33m[[39m[31m[91mtype=reset[33m][39m[31m[91m[33m:[39m[31m[91m[36mnot[39m[31m[91m[36m(:disabled)[39m[31m[91m,[33m[[39m[31m[91mtype=submit[33m][39m[31m[91m[33m:[39m[31m[91m[36mnot[39m[31m[91m[36m(:disabled)[39m[31m[91m,button[33m:[39m[31m[91m[36mnot[39m[31m[91m[36m(:disabled)[39m[31m[91m[33m{[39m[31m[91mcursor[33m:[39m[31m[91mpointer[33m}[39m[31m[91m[33m[[39m[31m[91mtype=button[33m][39m[31m[91m[33m:[39m[31m[91m[33m:[39m[31m[91m-moz-focus-inner,[33m[[39m[31m[91mtype=reset[33m][39m[31m[91m[33m:[39m[31m[91m[33m:[39m[31m[91m-moz-focus-inner,[33m[[39m[31m[91mtype=submit[33m][39m[31m[91m[33m:[39m[31m[91m[33m:[39m[31m[91m-moz-focus-inner,button[33m:[39m[31m[91m[33m:[39m[31m[91m-moz-focus-inner[33m{[39m[31m[91mpadding[33m:[39m[31m[91m0[33m;[39m[31m[91mborder-style[33m:[39m[31m[91mnone[33m}[39m[31m[91minput[33m[[39m[31m[91mtype=checkbox[33m][39m[31m[91m,input[33m[[39m[31m[91mtype=radio[33m][39m[31m[91m[33m{[39m[31m[91mbox-sizing[33m:[39m[31m[91mborder-box[33m;[39m[31m[91mpadding[33m:[39m[31m[91m0[33m}[39m[31m[91minput[33m[[39m[31m[91mtype=date[33m][39m[31m[91m,input[33m[[39m[31m[91mtype=datetime-local[33m][39m[31m[91m,input[33m[[39m[31m[91mtype=month[33m][39m[31m[91m,input[33m[[39m[31m[91mtype=time[33m][39m[31m[91m[33m{[39m[31m[91m-webkit-appearance[33m:[39m[31m[91m[39m[22m[1m[31mlistbox[33m}[39m[31m[91mtextarea[33m{[39m[31m[91moverflow[33m:[39m[31m[91mauto[33m;[39m[31m[91mresize[33m:[39m[31m[91mvertical[33m}[39m[31m[91mfieldset[33m{[39m[31m[91mmin-width[33m:[39m[31m[91m0[33m;[39m[31m[91mpadding[33m:[39m[31m[91m0[33m;[39m[31m[91mmargin[33m:[39m[31m[91m0[33m;[39m[31m[91mborder[33m:[39m[31m[91m0[33m}[39m[31m[91mlegend[33m{[39m[31m[91mdisplay[33m:[39m[31m[91mblock[33m;[39m[31m[91mwidth[33m:[39m[31m[91m100%[33m;[39m[31m[91mmax-width[33m:[39m[31m[91m100%[33m;[39m[31m[91mpadding[33m:[39m[31m[91m0[33m;[39m[31m[91mmargin-bottom[33m:[39m[31m[91m14px[33m;[39m[31m[91mfont-size[33m:[39m[31m[91m16px[33m;[39m[31m[91mline-height[33m:[39m[31m[91minherit[33m;[39m[31m[91mcolor[33m:[39m[31m[91minherit[33m;[39m[31m[91mwhite-space[33m:[39m[31m[91mnormal[33m}[39m[31m[91mprogress[33m{[39m[31m[91mvertical-align[33m:[39m[31m[91mbaseline[33m}[39m[31m[91m[33m[[39m[31m[91mtype=number[33m][39m[31m[91m[33m:[39m[31m[91m[33m:[39m[31m[91m-webkit-inner-spin-button,[33m[[39m[31m[91mtype=number[33m][39m[31m[91m[33m:[39m[31m[91m[33m:[39m[31m[91m-webkit-outer-spin-button[33m{[39m[31m[91mheight[33m:[39m[31m[91mauto[33m}[39m[31m[91m[33m[[39m[31m[91mtype=search[33m][39m[31m[91m[33m{[39m[31m[91moutline-offset[33m:[39m[31m[91m-2px[33m;[39m[31m[91m-webkit-appearance[33m:[39m[31m[91mnone[33m}[39m[31m[91m[33m[[39m[31m[91mtype=search[33m][39m[31m[91m[33m:[39m[31m[91m[33m:[39m[31m[91m-webkit-search-decoration[33m{[39m[31m[91m-webkit-appearance[33m:[39m[31m[91mnone[33m}[39m[31m[91m[33m:[39m[31m[91m[33m:[39m[31m[91m-webkit-file-upload-button[33m{[39m[31m[91mfont[33m:[39m[31m[91minherit[33m;[39m[31m[91m-webkit-appearance[33m:[39m[31m[91mbutton[33m}[39m[31m[91moutput[33m{[39m[31m[91mdisplay[33m:[39m[31m[91minline-block[33m}[39m[31m[91msummary[33m{[39m[31m[91mdisplay[33m:[39m[31m[91mlist-item[33m;[39m[31m[91mcursor[33m:[39m[31m[91mpointer[33m}[39m[31m[91mtemplate[33m{[39m[31m[91mdisplay[33m:[39m[31m[91mnone[33m}[39m[31m[91m[33m[[39m[31m[91mhidden[33m][39m[31m[91m[33m{[39m[31m[91mdisplay[33m:[39m[31m[91mnone!important[33m}[39m[31m[91m[33m.h1,.h2,h1,h2[39m[31m[91m[33m{[39m[31m[91m[39m[22m[1m[31mmargin-bottom[33m:[39m[31m[91m0[33m;[39m[31m[91mmargin-top[33m:[39m[31m[91m14px[33m;[39m[31m[91mfont-weight[33m:[39m[31m[91m400[33m;[39m[31m[91mline-height[33m:[39m[31m[91m14px[33m;[39m[31m[91mtext-indent[33m:[39m[31m[91m8px[33m;[39m[31m[91mbackground[33m:[39m[31m[91m[35m#0aa[39m[31m[91m[33m;[39m[31m[91mpadding[33m:[39m[31m[91m14px 8px[33m;[39m[31m[91mcolor[33m:[39m[31m[91m[35m#000[39m[31m[91m[33m}[39m[31m[91m[33m.h1[39m[31m[91m [33m.text-muted,.h2[39m[31m[91m [33m.text-muted,h1[39m[31m[91m [33m.text-muted,h2[39m[31m[91m [33m.text-muted[39m[31m[91m[33m{[39m[31m[91mcolor[33m:[39m[31m[91m[35m#bbb[39m[31m[91m[33m}[39m[31m[91m[33m.h2,h2[39m[31m[91m[33m{[39m[31m[91mpadding[33m:[39m[31m[91m0 8px[33m}[39m[31m[91m[33m.h3,h3[39m[31m[91m[33m{[39m[31m[91mcolor[33m:[39m[31m[91m[35m#fff[39m[31m[91m[33m;[39m[31m[91mborder[33m:[39m[31m[91m[33m.875px[39m[31m[91m solid [35m#fff[39m[31m[91m[33m;[39m[31m[91mmargin-top[33m:[39m[31m[91m7px[33m;[39m[31m[91mpadding-top[33m:[39m[31m[91m6.125px[33m;[39m[31m[91mpadding-bottom[33m:[39m[31m[91m7px[33m;[39m[31m[91mmargin-bottom[33m:[39m[31m[91m6.125px[33m;[39m[31m[91mborder-left-width[33m:[39m[31m[91m2px[33m;[39m[31m[91mborder-right-width[33m:[39m[31m[91m2px[33m;[39m[31m[91mmargin-left[33m:[39m[31m[91m3.5px[33m;[39m[31m[91mpadding-left[33m:[39m[31m[91m10.5px[33m;[39m[31m[91mpadding-right[33m:[39m[31m[91m11.5px[33m;[39m[31m[91mmargin-right[33m:[39m[31m[91m2.5px[33m;[39m[31m[91mdisplay[33m:[39m[31m[91minline-block[33m;[39m[31m[91mwidth[33m:[39m[31m[91m[36mcalc[39m[31m[91m[36m(100% - 6px)[39m[31m[91m[33m}[39m[31m[91m[33m.h4,h4[39m[31m[91m[33m{[39m[31m[91mcolor[33m:[39m[31m[91m[35m#fff[39m[31m[91m[33m}[39m[31m[91m[33m.h4[39m[31m[91m[33m:[39m[31m[91m[33m:[39m[31m[91mbefore,h4[33m:[39m[31m[91m[33m:[39m[31m[91mbefore[33m{[39m[31m[91mmargin-right[33m:[39m[31m[91m8px[33m;[39m[31m[91mcontent[33m:[39m[31m[91m[32m">>"[39m[31m[91m[33m}[39m[31m[91m[33m.h4[39m[31m[91m[33m:[39m[31m[91m[33m:[39m[31m[91mafter,h4[33m:[39m[31m[91m[33m:[39m[31m[91mafter[33m{[39m[31m[91mmargin-left[33m:[39m[31m[91m8px[33m;[39m[31m[91mcontent[33m:[39m[31m[91m[32m"<<"[39m[31m[39m[22m[1m[31m[91m[33m}[39m[31m[91m[33m.h4,.h5,.h6,h4,h5,h6[39m[31m[91m[33m{[39m[31m[91mmargin[33m:[39m[31m[91m0[33m;[39m[31m[91mpadding[33m:[39m[31m[91m0[33m;[39m[31m[91mcolor[33m:[39m[31m[91m[35m#fff[39m[31m[91m[33m}[39m[31m[91m[33m.h5,h5[39m[31m[91m[33m{[39m[31m[91m-webkit-animation[33m:[39m[31m[91mblinkingText 1.2s infinite[33m;[39m[31m[91manimation[33m:[39m[31m[91mblinkingText 1.2s infinite[33m}[39m[31m[91m[36m@-webkit-keyframes[39m[31m[91m blinkingText[33m{[39m[31m[91m1%[33m{[39m[31m[91mvisibility[33m:[39m[31m[91mhidden[33m}[39m[31m[91m49%[33m{[39m[31m[91mvisibility[33m:[39m[31m[91mhidden[33m}[39m[31m[91m60%[33m{[39m[31m[91mvisibility[33m:[39m[31m[91mvisible[33m}[39m[31m[91m99%[33m{[39m[31m[91mvisibility[33m:[39m[31m[91mvisible[33m}[39m[31m[91m100%[33m{[39m[31m[91mvisibility[33m:[39m[31m[91mhidden[33m}[39m[31m[91m[33m}[39m[31m[91m[36m@keyframes[39m[31m[91m blinkingText[33m{[39m[31m[91m1%[33m{[39m[31m[91mvisibility[33m:[39m[31m[91mhidden[33m}[39m[31m[91m49%[33m{[39m[31m[91mvisibility[33m:[39m[31m[91mhidden[33m}[39m[31m[91m60%[33m{[39m[31m[91mvisibility[33m:[39m[31m[91mvisible[33m}[39m[31m[91m99%[33m{[39m[31m[91mvisibility[33m:[39m[31m[91mvisible[33m}[39m[31m[91m100%[33m{[39m[31m[91mvisibility[33m:[39m[31m[91mhidden[33m}[39m[31m[91m[33m}[39m[31m[91m[33m.h6,h6[39m[31m[91m[33m{[39m[31m[91m-webkit-animation[33m:[39m[31m[91mjaggedScroll 3s infinite[33m;[39m[31m[91manimation[33m:[39m[31m[91mjaggedScroll 3s infinite[33m;[39m[31m[91m-webkit-animation-direction[33m:[39m[31m[91malternate[33m;[39m[31m[91manimation-direction[33m:[39m[31m[91malternate[33m;[39m[31m[91m-webkit-animation-timing-function[33m:[39m[31m[91m[36msteps[39m[31m[91m[36m(10,jump-both)[39m[31m[91m[33m;[39m[31m[91manimation-timing-function[33m:[39m[31m[91m[36msteps[39m[31m[91m[36m(10,jump-both)[39m[31m[91m[33m;[39m[31m[91mwhite-space[33m:[39m[31m[91mnowrap[33m}[39m[31m[91m[36m@-webkit-keyframes[39m[31m[91m jaggedScroll[33m{[39m[31m[91mfrom[33m{[39m[31m[91mmargin-left[33m:[39m[31m[91m-8px[33m}[39m[31m[91mto[33m{[39m[31m[91mmargin-left[33m:[39m[31m[91m80px[33m}[39m[31m[91m[33m}[39m[31m[91m[36m@keyf[39m[22m[1m[31mrames[39m[31m[91m jaggedScroll[33m{[39m[31m[91mfrom[33m{[39m[31m[91mmargin-left[33m:[39m[31m[91m-8px[33m}[39m[31m[91mto[33m{[39m[31m[91mmargin-left[33m:[39m[31m[91m80px[33m}[39m[31m[91m[33m}[39m[31m[91m[33m.h1,h1[39m[31m[91m[33m{[39m[31m[91mfont-size[33m:[39m[31m[91m16px[33m}[39m[31m[91m[33m.h2,h2[39m[31m[91m[33m{[39m[31m[91mfont-size[33m:[39m[31m[91m16px[33m}[39m[31m[91m[33m.h3,h3[39m[31m[91m[33m{[39m[31m[91mfont-size[33m:[39m[31m[91m16px[33m}[39m[31m[91m[33m.h4,h4[39m[31m[91m[33m{[39m[31m[91mfont-size[33m:[39m[31m[91m16px[33m}[39m[31m[91m[33m.h5,h5[39m[31m[91m[33m{[39m[31m[91mfont-size[33m:[39m[31m[91m16px[33m}[39m[31m[91m[33m.h6,h6[39m[31m[91m[33m{[39m[31m[91mfont-size[33m:[39m[31m[91m16px[33m}[39m[31m[91m[33m.lead[39m[31m[91m[33m{[39m[31m[91mfont-size[33m:[39m[31m[91m16px[33m;[39m[31m[91mfont-weight[33m:[39m[31m[91m400[33m}[39m[31m[91m[33m.display-1[39m[31m[91m[33m{[39m[31m[91mfont-size[33m:[39m[31m[91m16px[33m;[39m[31m[91mfont-weight[33m:[39m[31m[91m400[33m;[39m[31m[91mline-height[33m:[39m[31m[91m14px[33m}[39m[31m[91m[33m.display-2[39m[31m[91m[33m{[39m[31m[91mfont-size[33m:[39m[31m[91m16px[33m;[39m[31m[91mfont-weight[33m:[39m[31m[91m400[33m;[39m[31m[91mline-height[33m:[39m[31m[91m14px[33m}[39m[31m[91m[33m.display-3[39m[31m[91m[33m{[39m[31m[91mfont-size[33m:[39m[31m[91m16px[33m;[39m[31m[91mfont-weight[33m:[39m[31m[91m400[33m;[39m[31m[91mline-height[33m:[39m[31m[91m14px[33m}[39m[31m[91m[33m.display-4[39m[31m[91m[33m{[39m[31m[91mfont-size[33m:[39m[31m[91m16px[33m;[39m[31m[91mfont-weight[33m:[39m[31m[91m400[33m;[39m[31m[91mline-height[33m:[39m[31m[91m14px[33m}[39m[31m[91mhr[33m{[39m[31m[91mmargin-top[33m:[39m[31m[91m14px[33m;[39m[31m[91mmargin-bottom[33m:[39m[31m[91m14px[33m;[39m[31m[91mborder[33m:[39m[31m[91m0[33m;[39m[31m[91mborder-top[33m:[39m[31m[91m0 solid [36mrgba[39m[31m[91m[36m(0,0,0,.1)[39m[31m[91m[33m}[39m[31m[91m[33m.small,small[39m[31m[91m[33m{[39m[31m[91mfont-size[33m:[39m[31m[91m16px[33m;[39m[31m[91mfont-weight[33m:[39m[31m[91m400[33m}[39m[31m[91m[33m.mark,mark[39m[31m[91m[33m{[39m[31m[91mpadding[33m:[39m[31m[91m0[33m;[39m[31m[91mbackground-c[39m[22m[1m[31molor[33m:[39m[31m[91m[35m#bbb[39m[31m[91m[33m}[39m[31m[91m[33m.list-unstyled[39m[31m[91m[33m{[39m[31m[91mpadding-left[33m:[39m[31m[91m0[33m;[39m[31m[91mmargin-bottom[33m:[39m[31m[91m0[33m;[39m[31m[91mmargin-left[33m:[39m[31m[91m0[33m;[39m[31m[91mlist-style[33m:[39m[31m[91mnone[33m}[39m[31m[91m[33m.list-inline[39m[31m[91m[33m{[39m[31m[91mpadding-left[33m:[39m[31m[91m0[33m;[39m[31m[91mmargin-bottom[33m:[39m[31m[91m0[33m;[39m[31m[91mmargin-left[33m:[39m[31m[91m0[33m;[39m[31m[91mlist-style[33m:[39m[31m[91mnone[33m}[39m[31m[91m[33m.list-inline-item[39m[31m[91m[33m{[39m[31m[91mdisplay[33m:[39m[31m[91minline-block[33m}[39m[31m[91m[33m.list-inline-item[39m[31m[91m[33m:[39m[31m[91m[36mnot[39m[31m[91m[36m(:last-child)[39m[31m[91m[33m{[39m[31m[91mmargin-right[33m:[39m[31m[91m0[33m}[39m[31m[91m[33m.initialism[39m[31m[91m[33m{[39m[31m[91mfont-size[33m:[39m[31m[91m16px[33m;[39m[31m[91mtext-transform[33m:[39m[31m[91muppercase[33m}[39m[31m[91m[33m.blockquote[39m[31m[91m[33m{[39m[31m[91mmargin-bottom[33m:[39m[31m[91m14px 8px[33m;[39m[31m[91mfont-size[33m:[39m[31m[91m16px[33m}[39m[31m[91m[33m.blockquote-footer[39m[31m[91m[33m{[39m[31m[91mdisplay[33m:[39m[31m[91mblock[33m;[39m[31m[91mfont-size[33m:[39m[31m[91m16px[33m;[39m[31m[91mcolor[33m:[39m[31m[91m[35m#bbb[39m[31m[91m[33m}[39m[31m[91m[33m.blockquote-footer[39m[31m[91m[33m:[39m[31m[91m[33m:[39m[31m[91mbefore[33m{[39m[31m[91mcontent[33m:[39m[31m[91m[32m"\2014\00A0"[39m[31m[91m[33m}[39m[31m[91m[33m.img-fluid[39m[31m[91m[33m{[39m[31m[91mmax-width[33m:[39m[31m[91m100%[33m;[39m[31m[91mheight[33m:[39m[31m[91mauto[33m}[39m[31m[91m[33m.img-thumbnail[39m[31m[91m[33m{[39m[31m[91mpadding[33m:[39m[31m[91m0[33m;[39m[31m[91mmax-width[33m:[39m[31m[91m100%[33m;[39m[31m[91mheight[33m:[39m[31m[91mauto[33m}[39m[31m[91m[33m.figure[39m[31m[91m[33m{[39m[31m[91mdisplay[33m:[39m[31m[91minline-block[33m}[39m[31m[91m[33m.figure-img[39m[31m[91m[33m{[39m[31m[91mmargin-bottom[33m:[39m[31m[91m14px 8px/2[33m;[39m[31m[91mline-height[33m:[39m[31m[91m1[33m}[39m[31m[91m[33m.figure-caption[39m[31m[91m[33m{[39m[31m[91mcolor[33m:[39m[31m[91m[35m#bbb[39m[31m[39m[22m[1m[31m[91m[33m}[39m[31m[91m[33m.card[39m[31m[91m img,.dropdown-list img,.nav-link img[33m{[39m[31m[91mdisplay[33m:[39m[31m[91mnone[33m}[39m[31m[91mcode[33m{[39m[31m[91mcolor[33m:[39m[31m[91m[35m#f5f[39m[31m[91m[33m;[39m[31m[91mword-wrap[33m:[39m[31m[91mbreak-word[33m}[39m[31m[91ma>code[33m{[39m[31m[91mcolor[33m:[39m[31m[91minherit[33m}[39m[31m[91mkbd[33m{[39m[31m[91mpadding[33m:[39m[31m[91m14px 8px[33m;[39m[31m[91mcolor[33m:[39m[31m[91m[35m#fff[39m[31m[91m[33m;[39m[31m[91mbackground-color[33m:[39m[31m[91m[35m#bbb[39m[31m[91m[33m}[39m[31m[91mkbd kbd[33m{[39m[31m[91mpadding[33m:[39m[31m[91m0[33m;[39m[31m[91mfont-weight[33m:[39m[31m[91m400[33m}[39m[31m[91mpre[33m{[39m[31m[91mdisplay[33m:[39m[31m[91mblock[33m;[39m[31m[91mcolor[33m:[39m[31m[91m[35m#000[39m[31m[91m[33m}[39m[31m[91mpre code[33m{[39m[31m[91mfont-size[33m:[39m[31m[91m16px[33m;[39m[31m[91mcolor[33m:[39m[31m[91minherit[33m;[39m[31m[91mword-break[33m:[39m[31m[91mnormal[33m}[39m[31m[91m[33m.pre-scrollable[39m[31m[91m[33m{[39m[31m[91mmax-height[33m:[39m[31m[91m350px[33m;[39m[31m[91moverflow-y[33m:[39m[31m[91mscroll[33m}[39m[31m[91m[33m.container[39m[31m[91m[33m{[39m[31m[91mwidth[33m:[39m[31m[91m100%[33m;[39m[31m[91mpadding-right[33m:[39m[31m[91m8px[33m;[39m[31m[91mpadding-left[33m:[39m[31m[91m8px[33m;[39m[31m[91mmargin-right[33m:[39m[31m[91mauto[33m;[39m[31m[91mmargin-left[33m:[39m[31m[91mauto[33m}[39m[31m[91m[36m@media[39m[31m[91m[36m [39m[31m[91m[36m(min-width:576px)[39m[31m[91m[33m{[39m[31m[91m[33m.container[39m[31m[91m[33m{[39m[31m[91mmax-width[33m:[39m[31m[91m480px[33m}[39m[31m[91m[33m}[39m[31m[91m[36m@media[39m[31m[91m[36m [39m[31m[91m[36m(min-width:768px)[39m[31m[91m[33m{[39m[31m[91m[33m.container[39m[31m[91m[33m{[39m[31m[91mmax-width[33m:[39m[31m[91m672px[33m}[39m[31m[91m[33m}[39m[31m[91m[36m@media[39m[31m[91m[36m [39m[31m[91m[36m(min-width:960px)[39m[31m[91m[33m{[39m[31m[91m[33m.container[39m[31m[91m[33m{[39m[31m[91mmax-width[33m:[39m[31m[91m960px[33m}[39m[31m[91m[33m}[39m[31m[91m[36m@media[39m[31m[91m[36m [39m[31m[91m[36m(min-width:1152px)[39m[31m[91m[33m{[39m[31m[91m[33m.container[39m[31m[91m[33m[39m[22m[1m[31m{[39m[31m[91mmax-width[33m:[39m[31m[91m1152px[33m}[39m[31m[91m[33m}[39m[31m[91m[33m.container-fluid,.container-lg,.container-md,.container-sm,.container-xl[39m[31m[91m[33m{[39m[31m[91mwidth[33m:[39m[31m[91m100%[33m;[39m[31m[91mpadding-right[33m:[39m[31m[91m8px[33m;[39m[31m[91mpadding-left[33m:[39m[31m[91m8px[33m;[39m[31m[91mmargin-right[33m:[39m[31m[91mauto[33m;[39m[31m[91mmargin-left[33m:[39m[31m[91mauto[33m}[39m[31m[91m[36m@media[39m[31m[91m[36m [39m[31m[91m[36m(min-width:576px)[39m[31m[91m[33m{[39m[31m[91m[33m.container,.container-sm[39m[31m[91m[33m{[39m[31m[91mmax-width[33m:[39m[31m[91m480px[33m}[39m[31m[91m[33m}[39m[31m[91m[36m@media[39m[31m[91m[36m [39m[31m[91m[36m(min-width:768px)[39m[31m[91m[33m{[39m[31m[91m[33m.container,.container-md,.container-sm[39m[31m[91m[33m{[39m[31m[91mmax-width[33m:[39m[31m[91m672px[33m}[39m[31m[91m[33m}[39m[31m[91m[36m@media[39m[31m[91m[36m [39m[31m[91m[36m(min-width:960px)[39m[31m[91m[33m{[39m[31m[91m[33m.container,.container-lg,.container-md,.container-sm[39m[31m[91m[33m{[39m[31m[91mmax-width[33m:[39m[31m[91m960px[33m}[39m[31m[91m[33m}[39m[31m[91m[36m@media[39m[31m[91m[36m [39m[31m[91m[36m(min-width:1152px)[39m[31m[91m[33m{[39m[31m[91m[33m.container,.container-lg,.container-md,.container-sm,.container-xl[39m[31m[91m[33m{[39m[31m[91mmax-width[33m:[39m[31m[91m1152px[33m}[39m[31m[91m[33m}[39m[31m[91m[33m.row[39m[31m[91m[33m{[39m[31m[91mdisplay[33m:[39m[31m[91m-ms-flexbox[33m;[39m[31m[91mdisplay[33m:[39m[31m[91mflex[33m;[39m[31m[91m-ms-flex-wrap[33m:[39m[31m[91mwrap[33m;[39m[31m[91mflex-wrap[33m:[39m[31m[91mwrap[33m;[39m[31m[91mmargin-right[33m:[39m[31m[91m-8px[33m;[39m[31m[91mmargin-left[33m:[39m[31m[91m-8px[33m}[39m[31m[91m[33m.no-gutters[39m[31m[91m[33m{[39m[31m[91mmargin-right[33m:[39m[31m[91m0[33m;[39m[31m[91mmargin-left[33m:[39m[31m[91m0[33m}[39m[31m[91m[33m.no-gutters>.col,.no-gutters>[39m[31m[91m[33m[[39m[31m[91mclass*=col-[33m][39m[31m[91m[33m{[39m[31m[91mpadding-right[33m:[39m[31m[91m0[33m;[39m[31m[91mpadding-left[33m:[39m[31m[91m0[33m}[39m[31m[91m[33m.col,.col-1,.col-10,.col-11,.col-12,.col-2,.col-3,.[39m[22m[1m[31mcol-4,.col-5,.col-6,.col-7,.col-8,.col-9,.col-auto,.col-lg,.col-lg-1,.col-lg-10,.col-lg-11,.col-lg-12,.col-lg-2,.col-lg-3,.col-lg-4,.col-lg-5,.col-lg-6,.col-lg-7,.col-lg-8,.col-lg-9,.col-lg-auto,.col-md,.col-md-1,.col-md-10,.col-md-11,.col-md-12,.col-md-2,.col-md-3,.col-md-4,.col-md-5,.col-md-6,.col-md-7,.col-md-8,.col-md-9,.col-md-auto,.col-sm,.col-sm-1,.col-sm-10,.col-sm-11,.col-sm-12,.col-sm-2,.col-sm-3,.col-sm-4,.col-sm-5,.col-sm-6,.col-sm-7,.col-sm-8,.col-sm-9,.col-sm-auto,.col-xl,.col-xl-1,.col-xl-10,.col-xl-11,.col-xl-12,.col-xl-2,.col-xl-3,.col-xl-4,.col-xl-5,.col-xl-6,.col-xl-7,.col-xl-8,.col-xl-9,.col-xl-auto[39m[31m[91m[33m{[39m[31m[91mposition[33m:[39m[31m[91mrelative[33m;[39m[31m[91mwidth[33m:[39m[31m[91m100%[33m;[39m[31m[91mpadding-right[33m:[39m[31m[91m8px[33m;[39m[31m[91mpadding-left[33m:[39m[31m[91m8px[33m}[39m[31m[91m[33m.col[39m[31m[91m[33m{[39m[31m[91m-ms-flex-preferred-size[33m:[39m[31m[91m0[33m;[39m[31m[91mflex-basis[33m:[39m[31m[91m0[33m;[39m[31m[91m-ms-flex-positive[33m:[39m[31m[91m1[33m;[39m[31m[91mflex-grow[33m:[39m[31m[91m1[33m;[39m[31m[91mmax-width[33m:[39m[31m[91m100%[33m}[39m[31m[91m[33m.row-cols-1>*[39m[31m[91m[33m{[39m[31m[91m-ms-flex[33m:[39m[31m[91m0 0 100%[33m;[39m[31m[91mflex[33m:[39m[31m[91m0 0 100%[33m;[39m[31m[91mmax-width[33m:[39m[31m[91m100%[33m}[39m[31m[91m[33m.row-cols-2>*[39m[31m[91m[33m{[39m[31m[91m-ms-flex[33m:[39m[31m[91m0 0 50%[33m;[39m[31m[91mflex[33m:[39m[31m[91m0 0 50%[33m;[39m[31m[91mmax-width[33m:[39m[31m[91m50%[33m}[39m[31m[91m[33m.row-cols-3>*[39m[31m[91m[33m{[39m[31m[91m-ms-flex[33m:[39m[31m[91m0 0 33.333333%[33m;[39m[31m[91mflex[33m:[39m[31m[91m0 0 33.333333%[33m;[39m[31m[91mmax-width[33m:[39m[31m[91m33.333333%[33m}[39m[31m[91m[33m.row-cols-4>*[39m[31m[91m[33m{[39m[31m[91m-ms-flex[33m:[39m[31m[91m0 0 25%[33m;[39m[31m[91mflex[33m:[39m[31m[91m0 0 25%[33m;[39m[31m[91mmax-width[33m:[39m[31m[91m25%[33m}[39m[31m[91m[33m.row-cols-5>*[39m[31m[91m[33m{[39m[31m[91m-ms-flex[33m:[39m[31m[91m0 0 20%[33m;[39m[31m[91mflex[33m:[39m[31m[91m0 0 20%[33m;[39m[31m[91mmax-width[33m:[39m[31m[9[39m[22m[1m[31m1m20%[33m}[39m[31m[91m[33m.row-cols-6>*[39m[31m[91m[33m{[39m[31m[91m-ms-flex[33m:[39m[31m[91m0 0 16.666667%[33m;[39m[31m[91mflex[33m:[39m[31m[91m0 0 16.666667%[33m;[39m[31m[91mmax-width[33m:[39m[31m[91m16.666667%[33m}[39m[31m[91m[33m.col-auto[39m[31m[91m[33m{[39m[31m[91m-ms-flex[33m:[39m[31m[91m0 0 auto[33m;[39m[31m[91mflex[33m:[39m[31m[91m0 0 auto[33m;[39m[31m[91mwidth[33m:[39m[31m[91mauto[33m;[39m[31m[91mmax-width[33m:[39m[31m[91m100%[33m}[39m[31m[91m[33m.col-1[39m[31m[91m[33m{[39m[31m[91m-ms-flex[33m:[39m[31m[91m0 0 8.333333%[33m;[39m[31m[91mflex[33m:[39m[31m[91m0 0 8.333333%[33m;[39m[31m[91mmax-width[33m:[39m[31m[91m8.333333%[33m}[39m[31m[91m[33m.col-2[39m[31m[91m[33m{[39m[31m[91m-ms-flex[33m:[39m[31m[91m0 0 16.666667%[33m;[39m[31m[91mflex[33m:[39m[31m[91m0 0 16.666667%[33m;[39m[31m[91mmax-width[33m:[39m[31m[91m16.666667%[33m}[39m[31m[91m[33m.col-3[39m[31m[91m[33m{[39m[31m[91m-ms-flex[33m:[39m[31m[91m0 0 25%[33m;[39m[31m[91mflex[33m:[39m[31m[91m0 0 25%[33m;[39m[31m[91mmax-width[33m:[39m[31m[91m25%[33m}[39m[31m[91m[33m.col-4[39m[31m[91m[33m{[39m[31m[91m-ms-flex[33m:[39m[31m[91m0 0 33.333333%[33m;[39m[31m[91mflex[33m:[39m[31m[91m0 0 33.333333%[33m;[39m[31m[91mmax-width[33m:[39m[31m[91m33.333333%[33m}[39m[31m[91m[33m.col-5[39m[31m[91m[33m{[39m[31m[91m-ms-flex[33m:[39m[31m[91m0 0 41.666667%[33m;[39m[31m[91mflex[33m:[39m[31m[91m0 0 41.666667%[33m;[39m[31m[91mmax-width[33m:[39m[31m[91m41.666667%[33m}[39m[31m[91m[33m.col-6[39m[31m[91m[33m{[39m[31m[91m-ms-flex[33m:[39m[31m[91m0 0 50%[33m;[39m[31m[91mflex[33m:[39m[31m[91m0 0 50%[33m;[39m[31m[91mmax-width[33m:[39m[31m[91m50%[33m}[39m[31m[91m[33m.col-7[39m[31m[91m[33m{[39m[31m[91m-ms-flex[33m:[39m[31m[91m0 0 58.333333%[33m;[39m[31m[91mflex[33m:[39m[31m[91m0 0 58.333333%[33m;[39m[31m[91mmax-width[33m:[39m[31m[91m58.333333%[33m}[39m[31m[91m[33m.col-8[39m[31m[91m[33m{[39m[31m[91m-ms-flex[33m:[39m[31m[91m0 0 66.666667%[33m;[39m[31m[91mflex[33m:[39m[31m[91m0 0 66.666667%[33m;[39m[31m[91mmax-width[33m:[39m[31m[91m66.666667%[33m}[39m[31m[91m[33m.col-9[39m[31m[91m[33m{[39m[31m[91m-ms-flex[33m:[39m[31m[91m0 0 75%[3[39m[22m[1m[31m3m;[39m[31m[91mflex[33m:[39m[31m[91m0 0 75%[33m;[39m[31m[91mmax-width[33m:[39m[31m[91m75%[33m}[39m[31m[91m[33m.col-10[39m[31m[91m[33m{[39m[31m[91m-ms-flex[33m:[39m[31m[91m0 0 83.333333%[33m;[39m[31m[91mflex[33m:[39m[31m[91m0 0 83.333333%[33m;[39m[31m[91mmax-width[33m:[39m[31m[91m83.333333%[33m}[39m[31m[91m[33m.col-11[39m[31m[91m[33m{[39m[31m[91m-ms-flex[33m:[39m[31m[91m0 0 91.666667%[33m;[39m[31m[91mflex[33m:[39m[31m[91m0 0 91.666667%[33m;[39m[31m[91mmax-width[33m:[39m[31m[91m91.666667%[33m}[39m[31m[91m[33m.col-12[39m[31m[91m[33m{[39m[31m[91m-ms-flex[33m:[39m[31m[91m0 0 100%[33m;[39m[31m[91mflex[33m:[39m[31m[91m0 0 100%[33m;[39m[31m[91mmax-width[33m:[39m[31m[91m100%[33m}[39m[31m[91m[33m.order-first[39m[31m[91m[33m{[39m[31m[91m-ms-flex-order[33m:[39m[31m[91m-1[33m;[39m[31m[91morder[33m:[39m[31m[91m-1[33m}[39m[31m[91m[33m.order-last[39m[31m[91m[33m{[39m[31m[91m-ms-flex-order[33m:[39m[31m[91m13[33m;[39m[31m[91morder[33m:[39m[31m[91m13[33m}[39m[31m[91m[33m.order-0[39m[31m[91m[33m{[39m[31m[91m-ms-flex-order[33m:[39m[31m[91m0[33m;[39m[31m[91morder[33m:[39m[31m[91m0[33m}[39m[31m[91m[33m.order-1[39m[31m[91m[33m{[39m[31m[91m-ms-flex-order[33m:[39m[31m[91m1[33m;[39m[31m[91morder[33m:[39m[31m[91m1[33m}[39m[31m[91m[33m.order-2[39m[31m[91m[33m{[39m[31m[91m-ms-flex-order[33m:[39m[31m[91m2[33m;[39m[31m[91morder[33m:[39m[31m[91m2[33m}[39m[31m[91m[33m.order-3[39m[31m[91m[33m{[39m[31m[91m-ms-flex-order[33m:[39m[31m[91m3[33m;[39m[31m[91morder[33m:[39m[31m[91m3[33m}[39m[31m[91m[33m.order-4[39m[31m[91m[33m{[39m[31m[91m-ms-flex-order[33m:[39m[31m[91m4[33m;[39m[31m[91morder[33m:[39m[31m[91m4[33m}[39m[31m[91m[33m.order-5[39m[31m[91m[33m{[39m[31m[91m-ms-flex-order[33m:[39m[31m[91m5[33m;[39m[31m[91morder[33m:[39m[31m[91m5[33m}[39m[31m[91m[33m.order-6[39m[31m[91m[33m{[39m[31m[91m-ms-flex-order[33m:[39m[31m[91m6[33m;[39m[31m[91morder[33m:[39m[31m[91m6[33m}[39m[31m[91m[33m.order-7[39m[31m[91m[33m{[39m[31m[91m-ms-flex-order[33m:[39m[31m[91m7[33m;[39m[31m[91morder[33m:[39m[31m[91m7[33m}[39m[31m[91m[33m.order-8[39m[31m[91m[33m{[39m[31m[91m-ms-flex-order[33m:[39m[31m[91m8[33m;[39m[31m[91mor[39m[22m[1m[31mder[33m:[39m[31m[91m8[33m}[39m[31m[91m[33m.order-9[39m[31m[91m[33m{[39m[31m[91m-ms-flex-order[33m:[39m[31m[91m9[33m;[39m[31m[91morder[33m:[39m[31m[91m9[33m}[39m[31m[91m[33m.order-10[39m[31m[91m[33m{[39m[31m[91m-ms-flex-order[33m:[39m[31m[91m10[33m;[39m[31m[91morder[33m:[39m[31m[91m10[33m}[39m[31m[91m[33m.order-11[39m[31m[91m[33m{[39m[31m[91m-ms-flex-order[33m:[39m[31m[91m11[33m;[39m[31m[91morder[33m:[39m[31m[91m11[33m}[39m[31m[91m[33m.order-12[39m[31m[91m[33m{[39m[31m[91m-ms-flex-order[33m:[39m[31m[91m12[33m;[39m[31m[91morder[33m:[39m[31m[91m12[33m}[39m[31m[91m[33m.offset-1[39m[31m[91m[33m{[39m[31m[91mmargin-left[33m:[39m[31m[91m8.333333%[33m}[39m[31m[91m[33m.offset-2[39m[31m[91m[33m{[39m[31m[91mmargin-left[33m:[39m[31m[91m16.666667%[33m}[39m[31m[91m[33m.offset-3[39m[31m[91m[33m{[39m[31m[91mmargin-left[33m:[39m[31m[91m25%[33m}[39m[31m[91m[33m.offset-4[39m[31m[91m[33m{[39m[31m[91mmargin-left[33m:[39m[31m[91m33.333333%[33m}[39m[31m[91m[33m.offset-5[39m[31m[91m[33m{[39m[31m[91mmargin-left[33m:[39m[31m[91m41.666667%[33m}[39m[31m[91m[33m.offset-6[39m[31m[91m[33m{[39m[31m[91mmargin-left[33m:[39m[31m[91m50%[33m}[39m[31m[91m[33m.offset-7[39m[31m[91m[33m{[39m[31m[91mmargin-left[33m:[39m[31m[91m58.333333%[33m}[39m[31m[91m[33m.offset-8[39m[31m[91m[33m{[39m[31m[91mmargin-left[33m:[39m[31m[91m66.666667%[33m}[39m[31m[91m[33m.offset-9[39m[31m[91m[33m{[39m[31m[91mmargin-left[33m:[39m[31m[91m75%[33m}[39m[31m[91m[33m.offset-10[39m[31m[91m[33m{[39m[31m[91mmargin-left[33m:[39m[31m[91m83.333333%[33m}[39m[31m[91m[33m.offset-11[39m[31m[91m[33m{[39m[31m[91mmargin-left[33m:[39m[31m[91m91.666667%[33m}[39m[31m[91m[36m@media[39m[31m[91m[36m [39m[31m[91m[36m(min-width:576px)[39m[31m[91m[33m{[39m[31m[91m[33m.col-sm[39m[31m[91m[33m{[39m[31m[91m-ms-flex-preferred-size[33m:[39m[31m[91m0[33m;[39m[31m[91mflex-basis[33m:[39m[31m[91m0[33m;[39m[31m[91m-ms-flex-positive[33m:[39m[31m[91m1[33m;[39m[31m[91mflex-grow[33m:[39m[31m[91m1[33m;[39m[31m[91mmax-width[33m:[39m[31m[91m100%[33m}[39m[31m[91m[33m.row-cols-sm-1>*[39m[31m[91m[33m{[39m[31m[91m-ms-flex[33m:[39m[31m[91m0 0 100%[33m;[39m[31m[91mfl[39m[22m[1m[31mex[33m:[39m[31m[91m0 0 100%[33m;[39m[31m[91mmax-width[33m:[39m[31m[91m100%[33m}[39m[31m[91m[33m.row-cols-sm-2>*[39m[31m[91m[33m{[39m[31m[91m-ms-flex[33m:[39m[31m[91m0 0 50%[33m;[39m[31m[91mflex[33m:[39m[31m[91m0 0 50%[33m;[39m[31m[91mmax-width[33m:[39m[31m[91m50%[33m}[39m[31m[91m[33m.row-cols-sm-3>*[39m[31m[91m[33m{[39m[31m[91m-ms-flex[33m:[39m[31m[91m0 0 33.333333%[33m;[39m[31m[91mflex[33m:[39m[31m[91m0 0 33.333333%[33m;[39m[31m[91mmax-width[33m:[39m[31m[91m33.333333%[33m}[39m[31m[91m[33m.row-cols-sm-4>*[39m[31m[91m[33m{[39m[31m[91m-ms-flex[33m:[39m[31m[91m0 0 25%[33m;[39m[31m[91mflex[33m:[39m[31m[91m0 0 25%[33m;[39m[31m[91mmax-width[33m:[39m[31m[91m25%[33m}[39m[31m[91m[33m.row-cols-sm-5>*[39m[31m[91m[33m{[39m[31m[91m-ms-flex[33m:[39m[31m[91m0 0 20%[33m;[39m[31m[91mflex[33m:[39m[31m[91m0 0 20%[33m;[39m[31m[91mmax-width[33m:[39m[31m[91m20%[33m}[39m[31m[91m[33m.row-cols-sm-6>*[39m[31m[91m[33m{[39m[31m[91m-ms-flex[33m:[39m[31m[91m0 0 16.666667%[33m;[39m[31m[91mflex[33m:[39m[31m[91m0 0 16.666667%[33m;[39m[31m[91mmax-width[33m:[39m[31m[91m16.666667%[33m}[39m[31m[91m[33m.col-sm-auto[39m[31m[91m[33m{[39m[31m[91m-ms-flex[33m:[39m[31m[91m0 0 auto[33m;[39m[31m[91mflex[33m:[39m[31m[91m0 0 auto[33m;[39m[31m[91mwidth[33m:[39m[31m[91mauto[33m;[39m[31m[91mmax-width[33m:[39m[31m[91m100%[33m}[39m[31m[91m[33m.col-sm-1[39m[31m[91m[33m{[39m[31m[91m-ms-flex[33m:[39m[31m[91m0 0 8.333333%[33m;[39m[31m[91mflex[33m:[39m[31m[91m0 0 8.333333%[33m;[39m[31m[91mmax-width[33m:[39m[31m[91m8.333333%[33m}[39m[31m[91m[33m.col-sm-2[39m[31m[91m[33m{[39m[31m[91m-ms-flex[33m:[39m[31m[91m0 0 16.666667%[33m;[39m[31m[91mflex[33m:[39m[31m[91m0 0 16.666667%[33m;[39m[31m[91mmax-width[33m:[39m[31m[91m16.666667%[33m}[39m[31m[91m[33m.col-sm-3[39m[31m[91m[33m{[39m[31m[91m-ms-flex[33m:[39m[31m[91m0 0 25%[33m;[39m[31m[91mflex[33m:[39m[31m[91m0 0 25%[33m;[39m[31m[91mmax-width[33m:[39m[31m[91m25%[33m}[39m[31m[91m[33m.col-sm-4[39m[31m[91m[33m{[39m[31m[91m-ms-flex[33m:[39m[31m[91m0 0 33.333333%[33m;[39m[31m[91mflex[33m:[39m[31m[91m0 0 33.333333%[33m;[39m[31m[91mmax-width[33m:[39m[31m[91m33.333333%[33m[39m[22m[1m[31m}[39m[31m[91m[33m.col-sm-5[39m[31m[91m[33m{[39m[31m[91m-ms-flex[33m:[39m[31m[91m0 0 41.666667%[33m;[39m[31m[91mflex[33m:[39m[31m[91m0 0 41.666667%[33m;[39m[31m[91mmax-width[33m:[39m[31m[91m41.666667%[33m}[39m[31m[91m[33m.col-sm-6[39m[31m[91m[33m{[39m[31m[91m-ms-flex[33m:[39m[31m[91m0 0 50%[33m;[39m[31m[91mflex[33m:[39m[31m[91m0 0 50%[33m;[39m[31m[91mmax-width[33m:[39m[31m[91m50%[33m}[39m[31m[91m[33m.col-sm-7[39m[31m[91m[33m{[39m[31m[91m-ms-flex[33m:[39m[31m[91m0 0 58.333333%[33m;[39m[31m[91mflex[33m:[39m[31m[91m0 0 58.333333%[33m;[39m[31m[91mmax-width[33m:[39m[31m[91m58.333333%[33m}[39m[31m[91m[33m.col-sm-8[39m[31m[91m[33m{[39m[31m[91m-ms-flex[33m:[39m[31m[91m0 0 66.666667%[33m;[39m[31m[91mflex[33m:[39m[31m[91m0 0 66.666667%[33m;[39m[31m[91mmax-width[33m:[39m[31m[91m66.666667%[33m}[39m[31m[91m[33m.col-sm-9[39m[31m[91m[33m{[39m[31m[91m-ms-flex[33m:[39m[31m[91m0 0 75%[33m;[39m[31m[91mflex[33m:[39m[31m[91m0 0 75%[33m;[39m[31m[91mmax-width[33m:[39m[31m[91m75%[33m}[39m[31m[91m[33m.col-sm-10[39m[31m[91m[33m{[39m[31m[91m-ms-flex[33m:[39m[31m[91m0 0 83.333333%[33m;[39m[31m[91mflex[33m:[39m[31m[91m0 0 83.333333%[33m;[39m[31m[91mmax-width[33m:[39m[31m[91m83.333333%[33m}[39m[31m[91m[33m.col-sm-11[39m[31m[91m[33m{[39m[31m[91m-ms-flex[33m:[39m[31m[91m0 0 91.666667%[33m;[39m[31m[91mflex[33m:[39m[31m[91m0 0 91.666667%[33m;[39m[31m[91mmax-width[33m:[39m[31m[91m91.666667%[33m}[39m[31m[91m[33m.col-sm-12[39m[31m[91m[33m{[39m[31m[91m-ms-flex[33m:[39m[31m[91m0 0 100%[33m;[39m[31m[91mflex[33m:[39m[31m[91m0 0 100%[33m;[39m[31m[91mmax-width[33m:[39m[31m[91m100%[33m}[39m[31m[91m[33m.order-sm-first[39m[31m[91m[33m{[39m[31m[91m-ms-flex-order[33m:[39m[31m[91m-1[33m;[39m[31m[91morder[33m:[39m[31m[91m-1[33m}[39m[31m[91m[33m.order-sm-last[39m[31m[91m[33m{[39m[31m[91m-ms-flex-order[33m:[39m[31m[91m13[33m;[39m[31m[91morder[33m:[39m[31m[91m13[33m}[39m[31m[91m[33m.order-sm-0[39m[31m[91m[33m{[39m[31m[91m-ms-flex-order[33m:[39m[31m[91m0[33m;[39m[31m[91morder[33m:[39m[31m[91m0[33m}[39m[31m[91m[33m.order-sm-1[39m[31m[91m[33m{[39m[31m[91m-ms-flex-order[33m:[39m[31m[91m1[33m;[39m[31m[91morder[39m[22m[1m[31m[33m:[39m[31m[91m1[33m}[39m[31m[91m[33m.order-sm-2[39m[31m[91m[33m{[39m[31m[91m-ms-flex-order[33m:[39m[31m[91m2[33m;[39m[31m[91morder[33m:[39m[31m[91m2[33m}[39m[31m[91m[33m.order-sm-3[39m[31m[91m[33m{[39m[31m[91m-ms-flex-order[33m:[39m[31m[91m3[33m;[39m[31m[91morder[33m:[39m[31m[91m3[33m}[39m[31m[91m[33m.order-sm-4[39m[31m[91m[33m{[39m[31m[91m-ms-flex-order[33m:[39m[31m[91m4[33m;[39m[31m[91morder[33m:[39m[31m[91m4[33m}[39m[31m[91m[33m.order-sm-5[39m[31m[91m[33m{[39m[31m[91m-ms-flex-order[33m:[39m[31m[91m5[33m;[39m[31m[91morder[33m:[39m[31m[91m5[33m}[39m[31m[91m[33m.order-sm-6[39m[31m[91m[33m{[39m[31m[91m-ms-flex-order[33m:[39m[31m[91m6[33m;[39m[31m[91morder[33m:[39m[31m[91m6[33m}[39m[31m[91m[33m.order-sm-7[39m[31m[91m[33m{[39m[31m[91m-ms-flex-order[33m:[39m[31m[91m7[33m;[39m[31m[91morder[33m:[39m[31m[91m7[33m}[39m[31m[91m[33m.order-sm-8[39m[31m[91m[33m{[39m[31m[91m-ms-flex-order[33m:[39m[31m[91m8[33m;[39m[31m[91morder[33m:[39m[31m[91m8[33m}[39m[31m[91m[33m.order-sm-9[39m[31m[91m[33m{[39m[31m[91m-ms-flex-order[33m:[39m[31m[91m9[33m;[39m[31m[91morder[33m:[39m[31m[91m9[33m}[39m[31m[91m[33m.order-sm-10[39m[31m[91m[33m{[39m[31m[91m-ms-flex-order[33m:[39m[31m[91m10[33m;[39m[31m[91morder[33m:[39m[31m[91m10[33m}[39m[31m[91m[33m.order-sm-11[39m[31m[91m[33m{[39m[31m[91m-ms-flex-order[33m:[39m[31m[91m11[33m;[39m[31m[91morder[33m:[39m[31m[91m11[33m}[39m[31m[91m[33m.order-sm-12[39m[31m[91m[33m{[39m[31m[91m-ms-flex-order[33m:[39m[31m[91m12[33m;[39m[31m[91morder[33m:[39m[31m[91m12[33m}[39m[31m[91m[33m.offset-sm-0[39m[31m[91m[33m{[39m[31m[91mmargin-left[33m:[39m[31m[91m0[33m}[39m[31m[91m[33m.offset-sm-1[39m[31m[91m[33m{[39m[31m[91mmargin-left[33m:[39m[31m[91m8.333333%[33m}[39m[31m[91m[33m.offset-sm-2[39m[31m[91m[33m{[39m[31m[91mmargin-left[33m:[39m[31m[91m16.666667%[33m}[39m[31m[91m[33m.offset-sm-3[39m[31m[91m[33m{[39m[31m[91mmargin-left[33m:[39m[31m[91m25%[33m}[39m[31m[91m[33m.offset-sm-4[39m[31m[91m[33m{[39m[31m[91mmargin-left[33m:[39m[31m[91m33.333333%[33m}[39m[31m[91m[33m.offset-sm-5[39m[31m[91m[33m{[39m[31m[91mmargin-left[33m:[39m[31m[91m41.666667%[33m}[39m[31m[91m[[39m[22m[1m[31m33m.offset-sm-6[39m[31m[91m[33m{[39m[31m[91mmargin-left[33m:[39m[31m[91m50%[33m}[39m[31m[91m[33m.offset-sm-7[39m[31m[91m[33m{[39m[31m[91mmargin-left[33m:[39m[31m[91m58.333333%[33m}[39m[31m[91m[33m.offset-sm-8[39m[31m[91m[33m{[39m[31m[91mmargin-left[33m:[39m[31m[91m66.666667%[33m}[39m[31m[91m[33m.offset-sm-9[39m[31m[91m[33m{[39m[31m[91mmargin-left[33m:[39m[31m[91m75%[33m}[39m[31m[91m[33m.offset-sm-10[39m[31m[91m[33m{[39m[31m[91mmargin-left[33m:[39m[31m[91m83.333333%[33m}[39m[31m[91m[33m.offset-sm-11[39m[31m[91m[33m{[39m[31m[91mmargin-left[33m:[39m[31m[91m91.666667%[33m}[39m[31m[91m[33m}[39m[31m[91m[36m@media[39m[31m[91m[36m [39m[31m[91m[36m(min-width:768px)[39m[31m[91m[33m{[39m[31m[91m[33m.col-md[39m[31m[91m[33m{[39m[31m[91m-ms-flex-preferred-size[33m:[39m[31m[91m0[33m;[39m[31m[91mflex-basis[33m:[39m[31m[91m0[33m;[39m[31m[91m-ms-flex-positive[33m:[39m[31m[91m1[33m;[39m[31m[91mflex-grow[33m:[39m[31m[91m1[33m;[39m[31m[91mmax-width[33m:[39m[31m[91m100%[33m}[39m[31m[91m[33m.row-cols-md-1>*[39m[31m[91m[33m{[39m[31m[91m-ms-flex[33m:[39m[31m[91m0 0 100%[33m;[39m[31m[91mflex[33m:[39m[31m[91m0 0 100%[33m;[39m[31m[91mmax-width[33m:[39m[31m[91m100%[33m}[39m[31m[91m[33m.row-cols-md-2>*[39m[31m[91m[33m{[39m[31m[91m-ms-flex[33m:[39m[31m[91m0 0 50%[33m;[39m[31m[91mflex[33m:[39m[31m[91m0 0 50%[33m;[39m[31m[91mmax-width[33m:[39m[31m[91m50%[33m}[39m[31m[91m[33m.row-cols-md-3>*[39m[31m[91m[33m{[39m[31m[91m-ms-flex[33m:[39m[31m[91m0 0 33.333333%[33m;[39m[31m[91mflex[33m:[39m[31m[91m0 0 33.333333%[33m;[39m[31m[91mmax-width[33m:[39m[31m[91m33.333333%[33m}[39m[31m[91m[33m.row-cols-md-4>*[39m[31m[91m[33m{[39m[31m[91m-ms-flex[33m:[39m[31m[91m0 0 25%[33m;[39m[31m[91mflex[33m:[39m[31m[91m0 0 25%[33m;[39m[31m[91mmax-width[33m:[39m[31m[91m25%[33m}[39m[31m[91m[33m.row-cols-md-5>*[39m[31m[91m[33m{[39m[31m[91m-ms-flex[33m:[39m[31m[91m0 0 20%[33m;[39m[31m[91mflex[33m:[39m[31m[91m0 0 20%[33m;[39m[31m[91mmax-width[33m:[39m[31m[91m20%[33m}[39m[31m[91m[33m.row-cols-md-6>*[39m[31m[91m[33m{[39m[31m[91m-ms-flex[33m:[39m[31m[91m0 0 16.666667%[33m;[39m[31m[91mflex[33m:[39m[31m[91m0 0 16.666667[39m[22m[1m[31m%[33m;[39m[31m[91mmax-width[33m:[39m[31m[91m16.666667%[33m}[39m[31m[91m[33m.col-md-auto[39m[31m[91m[33m{[39m[31m[91m-ms-flex[33m:[39m[31m[91m0 0 auto[33m;[39m[31m[91mflex[33m:[39m[31m[91m0 0 auto[33m;[39m[31m[91mwidth[33m:[39m[31m[91mauto[33m;[39m[31m[91mmax-width[33m:[39m[31m[91m100%[33m}[39m[31m[91m[33m.col-md-1[39m[31m[91m[33m{[39m[31m[91m-ms-flex[33m:[39m[31m[91m0 0 8.333333%[33m;[39m[31m[91mflex[33m:[39m[31m[91m0 0 8.333333%[33m;[39m[31m[91mmax-width[33m:[39m[31m[91m8.333333%[33m}[39m[31m[91m[33m.col-md-2[39m[31m[91m[33m{[39m[31m[91m-ms-flex[33m:[39m[31m[91m0 0 16.666667%[33m;[39m[31m[91mflex[33m:[39m[31m[91m0 0 16.666667%[33m;[39m[31m[91mmax-width[33m:[39m[31m[91m16.666667%[33m}[39m[31m[91m[33m.col-md-3[39m[31m[91m[33m{[39m[31m[91m-ms-flex[33m:[39m[31m[91m0 0 25%[33m;[39m[31m[91mflex[33m:[39m[31m[91m0 0 25%[33m;[39m[31m[91mmax-width[33m:[39m[31m[91m25%[33m}[39m[31m[91m[33m.col-md-4[39m[31m[91m[33m{[39m[31m[91m-ms-flex[33m:[39m[31m[91m0 0 33.333333%[33m;[39m[31m[91mflex[33m:[39m[31m[91m0 0 33.333333%[33m;[39m[31m[91mmax-width[33m:[39m[31m[91m33.333333%[33m}[39m[31m[91m[33m.col-md-5[39m[31m[91m[33m{[39m[31m[91m-ms-flex[33m:[39m[31m[91m0 0 41.666667%[33m;[39m[31m[91mflex[33m:[39m[31m[91m0 0 41.666667%[33m;[39m[31m[91mmax-width[33m:[39m[31m[91m41.666667%[33m}[39m[31m[91m[33m.col-md-6[39m[31m[91m[33m{[39m[31m[91m-ms-flex[33m:[39m[31m[91m0 0 50%[33m;[39m[31m[91mflex[33m:[39m[31m[91m0 0 50%[33m;[39m[31m[91mmax-width[33m:[39m[31m[91m50%[33m}[39m[31m[91m[33m.col-md-7[39m[31m[91m[33m{[39m[31m[91m-ms-flex[33m:[39m[31m[91m0 0 58.333333%[33m;[39m[31m[91mflex[33m:[39m[31m[91m0 0 58.333333%[33m;[39m[31m[91mmax-width[33m:[39m[31m[91m58.333333%[33m}[39m[31m[91m[33m.col-md-8[39m[31m[91m[33m{[39m[31m[91m-ms-flex[33m:[39m[31m[91m0 0 66.666667%[33m;[39m[31m[91mflex[33m:[39m[31m[91m0 0 66.666667%[33m;[39m[31m[91mmax-width[33m:[39m[31m[91m66.666667%[33m}[39m[31m[91m[33m.col-md-9[39m[31m[91m[33m{[39m[31m[91m-ms-flex[33m:[39m[31m[91m0 0 75%[33m;[39m[31m[91mflex[33m:[39m[31m[91m0 0 75%[33m;[39m[31m[91mmax-width[33m:[39m[31m[91m75%[33m}[39m[31m[91m[33m.col-md-10[39m[31m[[39m[22m[1m[31m91m[33m{[39m[31m[91m-ms-flex[33m:[39m[31m[91m0 0 83.333333%[33m;[39m[31m[91mflex[33m:[39m[31m[91m0 0 83.333333%[33m;[39m[31m[91mmax-width[33m:[39m[31m[91m83.333333%[33m}[39m[31m[91m[33m.col-md-11[39m[31m[91m[33m{[39m[31m[91m-ms-flex[33m:[39m[31m[91m0 0 91.666667%[33m;[39m[31m[91mflex[33m:[39m[31m[91m0 0 91.666667%[33m;[39m[31m[91mmax-width[33m:[39m[31m[91m91.666667%[33m}[39m[31m[91m[33m.col-md-12[39m[31m[91m[33m{[39m[31m[91m-ms-flex[33m:[39m[31m[91m0 0 100%[33m;[39m[31m[91mflex[33m:[39m[31m[91m0 0 100%[33m;[39m[31m[91mmax-width[33m:[39m[31m[91m100%[33m}[39m[31m[91m[33m.order-md-first[39m[31m[91m[33m{[39m[31m[91m-ms-flex-order[33m:[39m[31m[91m-1[33m;[39m[31m[91morder[33m:[39m[31m[91m-1[33m}[39m[31m[91m[33m.order-md-last[39m[31m[91m[33m{[39m[31m[91m-ms-flex-order[33m:[39m[31m[91m13[33m;[39m[31m[91morder[33m:[39m[31m[91m13[33m}[39m[31m[91m[33m.order-md-0[39m[31m[91m[33m{[39m[31m[91m-ms-flex-order[33m:[39m[31m[91m0[33m;[39m[31m[91morder[33m:[39m[31m[91m0[33m}[39m[31m[91m[33m.order-md-1[39m[31m[91m[33m{[39m[31m[91m-ms-flex-order[33m:[39m[31m[91m1[33m;[39m[31m[91morder[33m:[39m[31m[91m1[33m}[39m[31m[91m[33m.order-md-2[39m[31m[91m[33m{[39m[31m[91m-ms-flex-order[33m:[39m[31m[91m2[33m;[39m[31m[91morder[33m:[39m[31m[91m2[33m}[39m[31m[91m[33m.order-md-3[39m[31m[91m[33m{[39m[31m[91m-ms-flex-order[33m:[39m[31m[91m3[33m;[39m[31m[91morder[33m:[39m[31m[91m3[33m}[39m[31m[91m[33m.order-md-4[39m[31m[91m[33m{[39m[31m[91m-ms-flex-order[33m:[39m[31m[91m4[33m;[39m[31m[91morder[33m:[39m[31m[91m4[33m}[39m[31m[91m[33m.order-md-5[39m[31m[91m[33m{[39m[31m[91m-ms-flex-order[33m:[39m[31m[91m5[33m;[39m[31m[91morder[33m:[39m[31m[91m5[33m}[39m[31m[91m[33m.order-md-6[39m[31m[91m[33m{[39m[31m[91m-ms-flex-order[33m:[39m[31m[91m6[33m;[39m[31m[91morder[33m:[39m[31m[91m6[33m}[39m[31m[91m[33m.order-md-7[39m[31m[91m[33m{[39m[31m[91m-ms-flex-order[33m:[39m[31m[91m7[33m;[39m[31m[91morder[33m:[39m[31m[91m7[33m}[39m[31m[91m[33m.order-md-8[39m[31m[91m[33m{[39m[31m[91m-ms-flex-order[33m:[39m[31m[91m8[33m;[39m[31m[91morder[33m:[39m[31m[91m8[33m}[39m[31m[91m[33m.order-md-9[39m[31m[91m[33m{[39m[31m[91m-m[39m[22m[1m[31ms-flex-order[33m:[39m[31m[91m9[33m;[39m[31m[91morder[33m:[39m[31m[91m9[33m}[39m[31m[91m[33m.order-md-10[39m[31m[91m[33m{[39m[31m[91m-ms-flex-order[33m:[39m[31m[91m10[33m;[39m[31m[91morder[33m:[39m[31m[91m10[33m}[39m[31m[91m[33m.order-md-11[39m[31m[91m[33m{[39m[31m[91m-ms-flex-order[33m:[39m[31m[91m11[33m;[39m[31m[91morder[33m:[39m[31m[91m11[33m}[39m[31m[91m[33m.order-md-12[39m[31m[91m[33m{[39m[31m[91m-ms-flex-order[33m:[39m[31m[91m12[33m;[39m[31m[91morder[33m:[39m[31m[91m12[33m}[39m[31m[91m[33m.offset-md-0[39m[31m[91m[33m{[39m[31m[91mmargin-left[33m:[39m[31m[91m0[33m}[39m[31m[91m[33m.offset-md-1[39m[31m[91m[33m{[39m[31m[91mmargin-left[33m:[39m[31m[91m8.333333%[33m}[39m[31m[91m[33m.offset-md-2[39m[31m[91m[33m{[39m[31m[91mmargin-left[33m:[39m[31m[91m16.666667%[33m}[39m[31m[91m[33m.offset-md-3[39m[31m[91m[33m{[39m[31m[91mmargin-left[33m:[39m[31m[91m25%[33m}[39m[31m[91m[33m.offset-md-4[39m[31m[91m[33m{[39m[31m[91mmargin-left[33m:[39m[31m[91m33.333333%[33m}[39m[31m[91m[33m.offset-md-5[39m[31m[91m[33m{[39m[31m[91mmargin-left[33m:[39m[31m[91m41.666667%[33m}[39m[31m[91m[33m.offset-md-6[39m[31m[91m[33m{[39m[31m[91mmargin-left[33m:[39m[31m[91m50%[33m}[39m[31m[91m[33m.offset-md-7[39m[31m[91m[33m{[39m[31m[91mmargin-left[33m:[39m[31m[91m58.333333%[33m}[39m[31m[91m[33m.offset-md-8[39m[31m[91m[33m{[39m[31m[91mmargin-left[33m:[39m[31m[91m66.666667%[33m}[39m[31m[91m[33m.offset-md-9[39m[31m[91m[33m{[39m[31m[91mmargin-left[33m:[39m[31m[91m75%[33m}[39m[31m[91m[33m.offset-md-10[39m[31m[91m[33m{[39m[31m[91mmargin-left[33m:[39m[31m[91m83.333333%[33m}[39m[31m[91m[33m.offset-md-11[39m[31m[91m[33m{[39m[31m[91mmargin-left[33m:[39m[31m[91m91.666667%[33m}[39m[31m[91m[33m}[39m[31m[91m[36m@media[39m[31m[91m[36m [39m[31m[91m[36m(min-width:960px)[39m[31m[91m[33m{[39m[31m[91m[33m.col-lg[39m[31m[91m[33m{[39m[31m[91m-ms-flex-preferred-size[33m:[39m[31m[91m0[33m;[39m[31m[91mflex-basis[33m:[39m[31m[91m0[33m;[39m[31m[91m-ms-flex-positive[33m:[39m[31m[91m1[33m;[39m[31m[91mflex-grow[33m:[39m[31m[91m1[33m;[39m[31m[91mmax-width[33m:[39m[31m[91m100%[33m}[39m[31m[91m[33m.row-cols-lg-1>*[39m[31m[9[39m[22m[1m[31m1m[33m{[39m[31m[91m-ms-flex[33m:[39m[31m[91m0 0 100%[33m;[39m[31m[91mflex[33m:[39m[31m[91m0 0 100%[33m;[39m[31m[91mmax-width[33m:[39m[31m[91m100%[33m}[39m[31m[91m[33m.row-cols-lg-2>*[39m[31m[91m[33m{[39m[31m[91m-ms-flex[33m:[39m[31m[91m0 0 50%[33m;[39m[31m[91mflex[33m:[39m[31m[91m0 0 50%[33m;[39m[31m[91mmax-width[33m:[39m[31m[91m50%[33m}[39m[31m[91m[33m.row-cols-lg-3>*[39m[31m[91m[33m{[39m[31m[91m-ms-flex[33m:[39m[31m[91m0 0 33.333333%[33m;[39m[31m[91mflex[33m:[39m[31m[91m0 0 33.333333%[33m;[39m[31m[91mmax-width[33m:[39m[31m[91m33.333333%[33m}[39m[31m[91m[33m.row-cols-lg-4>*[39m[31m[91m[33m{[39m[31m[91m-ms-flex[33m:[39m[31m[91m0 0 25%[33m;[39m[31m[91mflex[33m:[39m[31m[91m0 0 25%[33m;[39m[31m[91mmax-width[33m:[39m[31m[91m25%[33m}[39m[31m[91m[33m.row-cols-lg-5>*[39m[31m[91m[33m{[39m[31m[91m-ms-flex[33m:[39m[31m[91m0 0 20%[33m;[39m[31m[91mflex[33m:[39m[31m[91m0 0 20%[33m;[39m[31m[91mmax-width[33m:[39m[31m[91m20%[33m}[39m[31m[91m[33m.row-cols-lg-6>*[39m[31m[91m[33m{[39m[31m[91m-ms-flex[33m:[39m[31m[91m0 0 16.666667%[33m;[39m[31m[91mflex[33m:[39m[31m[91m0 0 16.666667%[33m;[39m[31m[91mmax-width[33m:[39m[31m[91m16.666667%[33m}[39m[31m[91m[33m.col-lg-auto[39m[31m[91m[33m{[39m[31m[91m-ms-flex[33m:[39m[31m[91m0 0 auto[33m;[39m[31m[91mflex[33m:[39m[31m[91m0 0 auto[33m;[39m[31m[91mwidth[33m:[39m[31m[91mauto[33m;[39m[31m[91mmax-width[33m:[39m[31m[91m100%[33m}[39m[31m[91m[33m.col-lg-1[39m[31m[91m[33m{[39m[31m[91m-ms-flex[33m:[39m[31m[91m0 0 8.333333%[33m;[39m[31m[91mflex[33m:[39m[31m[91m0 0 8.333333%[33m;[39m[31m[91mmax-width[33m:[39m[31m[91m8.333333%[33m}[39m[31m[91m[33m.col-lg-2[39m[31m[91m[33m{[39m[31m[91m-ms-flex[33m:[39m[31m[91m0 0 16.666667%[33m;[39m[31m[91mflex[33m:[39m[31m[91m0 0 16.666667%[33m;[39m[31m[91mmax-width[33m:[39m[31m[91m16.666667%[33m}[39m[31m[91m[33m.col-lg-3[39m[31m[91m[33m{[39m[31m[91m-ms-flex[33m:[39m[31m[91m0 0 25%[33m;[39m[31m[91mflex[33m:[39m[31m[91m0 0 25%[33m;[39m[31m[91mmax-width[33m:[39m[31m[91m25%[33m}[39m[31m[91m[33m.col-lg-4[39m[31m[91m[33m{[39m[31m[91m-ms-flex[33m:[39m[31m[91m0 0 33.333333%[33m;[39m[31m[91mflex[33m:[39m[31m[91m0 [39m[22m[1m[31m0 33.333333%[33m;[39m[31m[91mmax-width[33m:[39m[31m[91m33.333333%[33m}[39m[31m[91m[33m.col-lg-5[39m[31m[91m[33m{[39m[31m[91m-ms-flex[33m:[39m[31m[91m0 0 41.666667%[33m;[39m[31m[91mflex[33m:[39m[31m[91m0 0 41.666667%[33m;[39m[31m[91mmax-width[33m:[39m[31m[91m41.666667%[33m}[39m[31m[91m[33m.col-lg-6[39m[31m[91m[33m{[39m[31m[91m-ms-flex[33m:[39m[31m[91m0 0 50%[33m;[39m[31m[91mflex[33m:[39m[31m[91m0 0 50%[33m;[39m[31m[91mmax-width[33m:[39m[31m[91m50%[33m}[39m[31m[91m[33m.col-lg-7[39m[31m[91m[33m{[39m[31m[91m-ms-flex[33m:[39m[31m[91m0 0 58.333333%[33m;[39m[31m[91mflex[33m:[39m[31m[91m0 0 58.333333%[33m;[39m[31m[91mmax-width[33m:[39m[31m[91m58.333333%[33m}[39m[31m[91m[33m.col-lg-8[39m[31m[91m[33m{[39m[31m[91m-ms-flex[33m:[39m[31m[91m0 0 66.666667%[33m;[39m[31m[91mflex[33m:[39m[31m[91m0 0 66.666667%[33m;[39m[31m[91mmax-width[33m:[39m[31m[91m66.666667%[33m}[39m[31m[91m[33m.col-lg-9[39m[31m[91m[33m{[39m[31m[91m-ms-flex[33m:[39m[31m[91m0 0 75%[33m;[39m[31m[91mflex[33m:[39m[31m[91m0 0 75%[33m;[39m[31m[91mmax-width[33m:[39m[31m[91m75%[33m}[39m[31m[91m[33m.col-lg-10[39m[31m[91m[33m{[39m[31m[91m-ms-flex[33m:[39m[31m[91m0 0 83.333333%[33m;[39m[31m[91mflex[33m:[39m[31m[91m0 0 83.333333%[33m;[39m[31m[91mmax-width[33m:[39m[31m[91m83.333333%[33m}[39m[31m[91m[33m.col-lg-11[39m[31m[91m[33m{[39m[31m[91m-ms-flex[33m:[39m[31m[91m0 0 91.666667%[33m;[39m[31m[91mflex[33m:[39m[31m[91m0 0 91.666667%[33m;[39m[31m[91mmax-width[33m:[39m[31m[91m91.666667%[33m}[39m[31m[91m[33m.col-lg-12[39m[31m[91m[33m{[39m[31m[91m-ms-flex[33m:[39m[31m[91m0 0 100%[33m;[39m[31m[91mflex[33m:[39m[31m[91m0 0 100%[33m;[39m[31m[91mmax-width[33m:[39m[31m[91m100%[33m}[39m[31m[91m[33m.order-lg-first[39m[31m[91m[33m{[39m[31m[91m-ms-flex-order[33m:[39m[31m[91m-1[33m;[39m[31m[91morder[33m:[39m[31m[91m-1[33m}[39m[31m[91m[33m.order-lg-last[39m[31m[91m[33m{[39m[31m[91m-ms-flex-order[33m:[39m[31m[91m13[33m;[39m[31m[91morder[33m:[39m[31m[91m13[33m}[39m[31m[91m[33m.order-lg-0[39m[31m[91m[33m{[39m[31m[91m-ms-flex-order[33m:[39m[31m[91m0[33m;[39m[31m[91morder[33m:[39m[31m[91m0[33m}[39m[31m[91m[33m.order-lg-1[39m[31m[91m[39m[22m[1m[31m[33m{[39m[31m[91m-ms-flex-order[33m:[39m[31m[91m1[33m;[39m[31m[91morder[33m:[39m[31m[91m1[33m}[39m[31m[91m[33m.order-lg-2[39m[31m[91m[33m{[39m[31m[91m-ms-flex-order[33m:[39m[31m[91m2[33m;[39m[31m[91morder[33m:[39m[31m[91m2[33m}[39m[31m[91m[33m.order-lg-3[39m[31m[91m[33m{[39m[31m[91m-ms-flex-order[33m:[39m[31m[91m3[33m;[39m[31m[91morder[33m:[39m[31m[91m3[33m}[39m[31m[91m[33m.order-lg-4[39m[31m[91m[33m{[39m[31m[91m-ms-flex-order[33m:[39m[31m[91m4[33m;[39m[31m[91morder[33m:[39m[31m[91m4[33m}[39m[31m[91m[33m.order-lg-5[39m[31m[91m[33m{[39m[31m[91m-ms-flex-order[33m:[39m[31m[91m5[33m;[39m[31m[91morder[33m:[39m[31m[91m5[33m}[39m[31m[91m[33m.order-lg-6[39m[31m[91m[33m{[39m[31m[91m-ms-flex-order[33m:[39m[31m[91m6[33m;[39m[31m[91morder[33m:[39m[31m[91m6[33m}[39m[31m[91m[33m.order-lg-7[39m[31m[91m[33m{[39m[31m[91m-ms-flex-order[33m:[39m[31m[91m7[33m;[39m[31m[91morder[33m:[39m[31m[91m7[33m}[39m[31m[91m[33m.order-lg-8[39m[31m[91m[33m{[39m[31m[91m-ms-flex-order[33m:[39m[31m[91m8[33m;[39m[31m[91morder[33m:[39m[31m[91m8[33m}[39m[31m[91m[33m.order-lg-9[39m[31m[91m[33m{[39m[31m[91m-ms-flex-order[33m:[39m[31m[91m9[33m;[39m[31m[91morder[33m:[39m[31m[91m9[33m}[39m[31m[91m[33m.order-lg-10[39m[31m[91m[33m{[39m[31m[91m-ms-flex-order[33m:[39m[31m[91m10[33m;[39m[31m[91morder[33m:[39m[31m[91m10[33m}[39m[31m[91m[33m.order-lg-11[39m[31m[91m[33m{[39m[31m[91m-ms-flex-order[33m:[39m[31m[91m11[33m;[39m[31m[91morder[33m:[39m[31m[91m11[33m}[39m[31m[91m[33m.order-lg-12[39m[31m[91m[33m{[39m[31m[91m-ms-flex-order[33m:[39m[31m[91m12[33m;[39m[31m[91morder[33m:[39m[31m[91m12[33m}[39m[31m[91m[33m.offset-lg-0[39m[31m[91m[33m{[39m[31m[91mmargin-left[33m:[39m[31m[91m0[33m}[39m[31m[91m[33m.offset-lg-1[39m[31m[91m[33m{[39m[31m[91mmargin-left[33m:[39m[31m[91m8.333333%[33m}[39m[31m[91m[33m.offset-lg-2[39m[31m[91m[33m{[39m[31m[91mmargin-left[33m:[39m[31m[91m16.666667%[33m}[39m[31m[91m[33m.offset-lg-3[39m[31m[91m[33m{[39m[31m[91mmargin-left[33m:[39m[31m[91m25%[33m}[39m[31m[91m[33m.offset-lg-4[39m[31m[91m[33m{[39m[31m[91mmargin-left[33m:[39m[31m[91m33.333333%[33m}[39m[31m[91m[33m.offset-lg-5[39m[31m[91m[3[39m[22m[1m[31m3m{[39m[31m[91mmargin-left[33m:[39m[31m[91m41.666667%[33m}[39m[31m[91m[33m.offset-lg-6[39m[31m[91m[33m{[39m[31m[91mmargin-left[33m:[39m[31m[91m50%[33m}[39m[31m[91m[33m.offset-lg-7[39m[31m[91m[33m{[39m[31m[91mmargin-left[33m:[39m[31m[91m58.333333%[33m}[39m[31m[91m[33m.offset-lg-8[39m[31m[91m[33m{[39m[31m[91mmargin-left[33m:[39m[31m[91m66.666667%[33m}[39m[31m[91m[33m.offset-lg-9[39m[31m[91m[33m{[39m[31m[91mmargin-left[33m:[39m[31m[91m75%[33m}[39m[31m[91m[33m.offset-lg-10[39m[31m[91m[33m{[39m[31m[91mmargin-left[33m:[39m[31m[91m83.333333%[33m}[39m[31m[91m[33m.offset-lg-11[39m[31m[91m[33m{[39m[31m[91mmargin-left[33m:[39m[31m[91m91.666667%[33m}[39m[31m[91m[33m}[39m[31m[91m[36m@media[39m[31m[91m[36m [39m[31m[91m[36m(min-width:1152px)[39m[31m[91m[33m{[39m[31m[91m[33m.col-xl[39m[31m[91m[33m{[39m[31m[91m-ms-flex-preferred-size[33m:[39m[31m[91m0[33m;[39m[31m[91mflex-basis[33m:[39m[31m[91m0[33m;[39m[31m[91m-ms-flex-positive[33m:[39m[31m[91m1[33m;[39m[31m[91mflex-grow[33m:[39m[31m[91m1[33m;[39m[31m[91mmax-width[33m:[39m[31m[91m100%[33m}[39m[31m[91m[33m.row-cols-xl-1>*[39m[31m[91m[33m{[39m[31m[91m-ms-flex[33m:[39m[31m[91m0 0 100%[33m;[39m[31m[91mflex[33m:[39m[31m[91m0 0 100%[33m;[39m[31m[91mmax-width[33m:[39m[31m[91m100%[33m}[39m[31m[91m[33m.row-cols-xl-2>*[39m[31m[91m[33m{[39m[31m[91m-ms-flex[33m:[39m[31m[91m0 0 50%[33m;[39m[31m[91mflex[33m:[39m[31m[91m0 0 50%[33m;[39m[31m[91mmax-width[33m:[39m[31m[91m50%[33m}[39m[31m[91m[33m.row-cols-xl-3>*[39m[31m[91m[33m{[39m[31m[91m-ms-flex[33m:[39m[31m[91m0 0 33.333333%[33m;[39m[31m[91mflex[33m:[39m[31m[91m0 0 33.333333%[33m;[39m[31m[91mmax-width[33m:[39m[31m[91m33.333333%[33m}[39m[31m[91m[33m.row-cols-xl-4>*[39m[31m[91m[33m{[39m[31m[91m-ms-flex[33m:[39m[31m[91m0 0 25%[33m;[39m[31m[91mflex[33m:[39m[31m[91m0 0 25%[33m;[39m[31m[91mmax-width[33m:[39m[31m[91m25%[33m}[39m[31m[91m[33m.row-cols-xl-5>*[39m[31m[91m[33m{[39m[31m[91m-ms-flex[33m:[39m[31m[91m0 0 20%[33m;[39m[31m[91mflex[33m:[39m[31m[91m0 0 20%[33m;[39m[31m[91mmax-width[33m:[39m[31m[91m20%[33m}[39m[31m[91m[33m.row-cols-xl-6>*[39m[31m[91m[33m{[39m[31m[91m-ms-flex[33m:[39[39m[22m[1m[31mm[91m0 0 16.666667%[33m;[39m[31m[91mflex[33m:[39m[31m[91m0 0 16.666667%[33m;[39m[31m[91mmax-width[33m:[39m[31m[91m16.666667%[33m}[39m[31m[91m[33m.col-xl-auto[39m[31m[91m[33m{[39m[31m[91m-ms-flex[33m:[39m[31m[91m0 0 auto[33m;[39m[31m[91mflex[33m:[39m[31m[91m0 0 auto[33m;[39m[31m[91mwidth[33m:[39m[31m[91mauto[33m;[39m[31m[91mmax-width[33m:[39m[31m[91m100%[33m}[39m[31m[91m[33m.col-xl-1[39m[31m[91m[33m{[39m[31m[91m-ms-flex[33m:[39m[31m[91m0 0 8.333333%[33m;[39m[31m[91mflex[33m:[39m[31m[91m0 0 8.333333%[33m;[39m[31m[91mmax-width[33m:[39m[31m[91m8.333333%[33m}[39m[31m[91m[33m.col-xl-2[39m[31m[91m[33m{[39m[31m[91m-ms-flex[33m:[39m[31m[91m0 0 16.666667%[33m;[39m[31m[91mflex[33m:[39m[31m[91m0 0 16.666667%[33m;[39m[31m[91mmax-width[33m:[39m[31m[91m16.666667%[33m}[39m[31m[91m[33m.col-xl-3[39m[31m[91m[33m{[39m[31m[91m-ms-flex[33m:[39m[31m[91m0 0 25%[33m;[39m[31m[91mflex[33m:[39m[31m[91m0 0 25%[33m;[39m[31m[91mmax-width[33m:[39m[31m[91m25%[33m}[39m[31m[91m[33m.col-xl-4[39m[31m[91m[33m{[39m[31m[91m-ms-flex[33m:[39m[31m[91m0 0 33.333333%[33m;[39m[31m[91mflex[33m:[39m[31m[91m0 0 33.333333%[33m;[39m[31m[91mmax-width[33m:[39m[31m[91m33.333333%[33m}[39m[31m[91m[33m.col-xl-5[39m[31m[91m[33m{[39m[31m[91m-ms-flex[33m:[39m[31m[91m0 0 41.666667%[33m;[39m[31m[91mflex[33m:[39m[31m[91m0 0 41.666667%[33m;[39m[31m[91mmax-width[33m:[39m[31m[91m41.666667%[33m}[39m[31m[91m[33m.col-xl-6[39m[31m[91m[33m{[39m[31m[91m-ms-flex[33m:[39m[31m[91m0 0 50%[33m;[39m[31m[91mflex[33m:[39m[31m[91m0 0 50%[33m;[39m[31m[91mmax-width[33m:[39m[31m[91m50%[33m}[39m[31m[91m[33m.col-xl-7[39m[31m[91m[33m{[39m[31m[91m-ms-flex[33m:[39m[31m[91m0 0 58.333333%[33m;[39m[31m[91mflex[33m:[39m[31m[91m0 0 58.333333%[33m;[39m[31m[91mmax-width[33m:[39m[31m[91m58.333333%[33m}[39m[31m[91m[33m.col-xl-8[39m[31m[91m[33m{[39m[31m[91m-ms-flex[33m:[39m[31m[91m0 0 66.666667%[33m;[39m[31m[91mflex[33m:[39m[31m[91m0 0 66.666667%[33m;[39m[31m[91mmax-width[33m:[39m[31m[91m66.666667%[33m}[39m[31m[91m[33m.col-xl-9[39m[31m[91m[33m{[39m[31m[91m-ms-flex[33m:[39m[31m[91m0 0 75%[33m;[39m[31m[91mflex[33m:[39m[31m[91m0 0 75%[33m;[39m[31m[[39m[22m[1m[31m91mmax-width[33m:[39m[31m[91m75%[33m}[39m[31m[91m[33m.col-xl-10[39m[31m[91m[33m{[39m[31m[91m-ms-flex[33m:[39m[31m[91m0 0 83.333333%[33m;[39m[31m[91mflex[33m:[39m[31m[91m0 0 83.333333%[33m;[39m[31m[91mmax-width[33m:[39m[31m[91m83.333333%[33m}[39m[31m[91m[33m.col-xl-11[39m[31m[91m[33m{[39m[31m[91m-ms-flex[33m:[39m[31m[91m0 0 91.666667%[33m;[39m[31m[91mflex[33m:[39m[31m[91m0 0 91.666667%[33m;[39m[31m[91mmax-width[33m:[39m[31m[91m91.666667%[33m}[39m[31m[91m[33m.col-xl-12[39m[31m[91m[33m{[39m[31m[91m-ms-flex[33m:[39m[31m[91m0 0 100%[33m;[39m[31m[91mflex[33m:[39m[31m[91m0 0 100%[33m;[39m[31m[91mmax-width[33m:[39m[31m[91m100%[33m}[39m[31m[91m[33m.order-xl-first[39m[31m[91m[33m{[39m[31m[91m-ms-flex-order[33m:[39m[31m[91m-1[33m;[39m[31m[91morder[33m:[39m[31m[91m-1[33m}[39m[31m[91m[33m.order-xl-last[39m[31m[91m[33m{[39m[31m[91m-ms-flex-order[33m:[39m[31m[91m13[33m;[39m[31m[91morder[33m:[39m[31m[91m13[33m}[39m[31m[91m[33m.order-xl-0[39m[31m[91m[33m{[39m[31m[91m-ms-flex-order[33m:[39m[31m[91m0[33m;[39m[31m[91morder[33m:[39m[31m[91m0[33m}[39m[31m[91m[33m.order-xl-1[39m[31m[91m[33m{[39m[31m[91m-ms-flex-order[33m:[39m[31m[91m1[33m;[39m[31m[91morder[33m:[39m[31m[91m1[33m}[39m[31m[91m[33m.order-xl-2[39m[31m[91m[33m{[39m[31m[91m-ms-flex-order[33m:[39m[31m[91m2[33m;[39m[31m[91morder[33m:[39m[31m[91m2[33m}[39m[31m[91m[33m.order-xl-3[39m[31m[91m[33m{[39m[31m[91m-ms-flex-order[33m:[39m[31m[91m3[33m;[39m[31m[91morder[33m:[39m[31m[91m3[33m}[39m[31m[91m[33m.order-xl-4[39m[31m[91m[33m{[39m[31m[91m-ms-flex-order[33m:[39m[31m[91m4[33m;[39m[31m[91morder[33m:[39m[31m[91m4[33m}[39m[31m[91m[33m.order-xl-5[39m[31m[91m[33m{[39m[31m[91m-ms-flex-order[33m:[39m[31m[91m5[33m;[39m[31m[91morder[33m:[39m[31m[91m5[33m}[39m[31m[91m[33m.order-xl-6[39m[31m[91m[33m{[39m[31m[91m-ms-flex-order[33m:[39m[31m[91m6[33m;[39m[31m[91morder[33m:[39m[31m[91m6[33m}[39m[31m[91m[33m.order-xl-7[39m[31m[91m[33m{[39m[31m[91m-ms-flex-order[33m:[39m[31m[91m7[33m;[39m[31m[91morder[33m:[39m[31m[91m7[33m}[39m[31m[91m[33m.order-xl-8[39m[31m[91m[33m{[39m[31m[91m-ms-flex-order[33m:[39m[31m[91m8[33m;[39m[31m[91morder[33m:[[39m[22m[1m[31m39m[91m8[33m}[39m[31m[91m[33m.order-xl-9[39m[31m[91m[33m{[39m[31m[91m-ms-flex-order[33m:[39m[31m[91m9[33m;[39m[31m[91morder[33m:[39m[31m[91m9[33m}[39m[31m[91m[33m.order-xl-10[39m[31m[91m[33m{[39m[31m[91m-ms-flex-order[33m:[39m[31m[91m10[33m;[39m[31m[91morder[33m:[39m[31m[91m10[33m}[39m[31m[91m[33m.order-xl-11[39m[31m[91m[33m{[39m[31m[91m-ms-flex-order[33m:[39m[31m[91m11[33m;[39m[31m[91morder[33m:[39m[31m[91m11[33m}[39m[31m[91m[33m.order-xl-12[39m[31m[91m[33m{[39m[31m[91m-ms-flex-order[33m:[39m[31m[91m12[33m;[39m[31m[91morder[33m:[39m[31m[91m12[33m}[39m[31m[91m[33m.offset-xl-0[39m[31m[91m[33m{[39m[31m[91mmargin-left[33m:[39m[31m[91m0[33m}[39m[31m[91m[33m.offset-xl-1[39m[31m[91m[33m{[39m[31m[91mmargin-left[33m:[39m[31m[91m8.333333%[33m}[39m[31m[91m[33m.offset-xl-2[39m[31m[91m[33m{[39m[31m[91mmargin-left[33m:[39m[31m[91m16.666667%[33m}[39m[31m[91m[33m.offset-xl-3[39m[31m[91m[33m{[39m[31m[91mmargin-left[33m:[39m[31m[91m25%[33m}[39m[31m[91m[33m.offset-xl-4[39m[31m[91m[33m{[39m[31m[91mmargin-left[33m:[39m[31m[91m33.333333%[33m}[39m[31m[91m[33m.offset-xl-5[39m[31m[91m[33m{[39m[31m[91mmargin-left[33m:[39m[31m[91m41.666667%[33m}[39m[31m[91m[33m.offset-xl-6[39m[31m[91m[33m{[39m[31m[91mmargin-left[33m:[39m[31m[91m50%[33m}[39m[31m[91m[33m.offset-xl-7[39m[31m[91m[33m{[39m[31m[91mmargin-left[33m:[39m[31m[91m58.333333%[33m}[39m[31m[91m[33m.offset-xl-8[39m[31m[91m[33m{[39m[31m[91mmargin-left[33m:[39m[31m[91m66.666667%[33m}[39m[31m[91m[33m.offset-xl-9[39m[31m[91m[33m{[39m[31m[91mmargin-left[33m:[39m[31m[91m75%[33m}[39m[31m[91m[33m.offset-xl-10[39m[31m[91m[33m{[39m[31m[91mmargin-left[33m:[39m[31m[91m83.333333%[33m}[39m[31m[91m[33m.offset-xl-11[39m[31m[91m[33m{[39m[31m[91mmargin-left[33m:[39m[31m[91m91.666667%[33m}[39m[31m[91m[33m}[39m[31m[91m[33m.table[39m[31m[91m[33m{[39m[31m[91mwidth[33m:[39m[31m[91m100%[33m;[39m[31m[91mmargin-bottom[33m:[39m[31m[91m14px 8px[33m;[39m[31m[91mcolor[33m:[39m[31m[91m[35m#bbb[39m[31m[91m[33m}[39m[31m[91m[33m.table[39m[31m[91m td,.table th[33m{[39m[31m[91mpadding[33m:[39m[31m[91m0[33m;[39m[31m[91mvertical-align[33m:[39m[31m[91mtop[33m}[3[39m[22m[1m[31m9m[91m[33m.table[39m[31m[91m thead th[33m{[39m[31m[91mvertical-align[33m:[39m[31m[91mbottom[33m}[39m[31m[91m[33m.table-sm[39m[31m[91m td,.table-sm th[33m{[39m[31m[91mpadding[33m:[39m[31m[91m0[33m}[39m[31m[91m[33m.table-bordered[39m[31m[91m[33m{[39m[31m[91mborder[33m:[39m[31m[91m0 solid [35m#555[39m[31m[91m[33m}[39m[31m[91m[33m.table-bordered[39m[31m[91m thead td,.table-bordered thead th[33m{[39m[31m[91mborder-bottom-width[33m:[39m[31m[91m0[33m}[39m[31m[91m[33m.table-borderless[39m[31m[91m tbody+tbody,.table-borderless td,.table-borderless th,.table-borderless thead th[33m{[39m[31m[91mborder[33m:[39m[31m[91m0[33m}[39m[31m[91m[33m.table-striped[39m[31m[91m tbody tr[33m:[39m[31m[91m[36mnth-of-type[39m[31m[91m[36m(odd)[39m[31m[91m[33m{[39m[31m[91mbackground-color[33m:[39m[31m[91m[35m#000[39m[31m[91m[33m}[39m[31m[91m[33m.table-hover[39m[31m[91m td[33m:[39m[31m[91mhover,.table-hover th[33m:[39m[31m[91mhover[33m{[39m[31m[91mcolor[33m:[39m[31m[91m[35m#000[39m[31m[91m[33m;[39m[31m[91mbackground[33m:[39m[31m[91m[35m#bbb[39m[31m[91m[33m}[39m[31m[91m[33m.table-primary,.table-primary>td,.table-primary>th[39m[31m[91m[33m{[39m[31m[91mbackground-color[33m:[39m[31m[91m[35m#555[39m[31m[91m[33m}[39m[31m[91m[33m.table-secondary,.table-secondary>td,.table-secondary>th[39m[31m[91m[33m{[39m[31m[91mbackground-color[33m:[39m[31m[91m[35m#555[39m[31m[91m[33m}[39m[31m[91m[33m.table-success,.table-success>td,.table-success>th[39m[31m[91m[33m{[39m[31m[91mbackground-color[33m:[39m[31m[91m[35m#0a0[39m[31m[91m[33m}[39m[31m[91m[33m.table-info,.table-info>td,.table-info>th[39m[31m[91m[33m{[39m[31m[91mbackground-color[33m:[39m[31m[91m[35m#0aa[39m[31m[91m[33m}[39m[31m[91m[33m.table-warning,.table-warning>td,.table-warning>th[39m[31m[91m[33m{[39m[31m[91mbackground-color[33m:[39m[31m[91m[35m#a50[39m[31m[91m[33m}[39m[31m[91m[33m.table-danger,.table-danger>td,.table-danger>th[39m[31m[91m[33m{[39m[31m[91mbackground-color[33m:[39m[31m[91m[35m#a00[39m[31m[91m[33m}[39m[31m[91m[33m.table-dark,.table-dark>td,.table-dark>th[39m[31m[91m[33m{[39m[31m[91mbackground-color[33m:[39m[31m[9[39m[22m[1m[31m1m[35m#000[39m[31m[91m[33m}[39m[31m[91m[33m.table-active,.table-active>td,.table-active>th[39m[31m[91m[33m{[39m[31m[91mbackground-color[33m:[39m[31m[91m[35m#000[39m[31m[91m[33m}[39m[31m[91m[33m.table[39m[31m[91m [33m.thead-dark[39m[31m[91m th[33m{[39m[31m[91mcolor[33m:[39m[31m[91m[35m#fff[39m[31m[91m[33m;[39m[31m[91mbackground-color[33m:[39m[31m[91m[35m#bbb[39m[31m[91m[33m;[39m[31m[91mborder-color[33m:[39m[31m[91m[35m#000[39m[31m[91m[33m}[39m[31m[91m[33m.table[39m[31m[91m [33m.thead-light[39m[31m[91m th[33m{[39m[31m[91mcolor[33m:[39m[31m[91m[35m#bbb[39m[31m[91m[33m;[39m[31m[91mbackground-color[33m:[39m[31m[91m[35m#555[39m[31m[91m[33m;[39m[31m[91mborder-color[33m:[39m[31m[91m[35m#555[39m[31m[91m[33m}[39m[31m[91m[33m.table-dark[39m[31m[91m[33m{[39m[31m[91mcolor[33m:[39m[31m[91m[35m#fff[39m[31m[91m[33m;[39m[31m[91mbackground-color[33m:[39m[31m[91m[35m#bbb[39m[31m[91m[33m}[39m[31m[91m[33m.table-dark[39m[31m[91m td,.table-dark th,.table-dark thead th[33m{[39m[31m[91mborder-color[33m:[39m[31m[91m[35m#000[39m[31m[91m[33m}[39m[31m[91m[33m.table-dark.table-bordered[39m[31m[91m[33m{[39m[31m[91mborder[33m:[39m[31m[91m0[33m}[39m[31m[91m[33m.table-dark.table-striped[39m[31m[91m tbody tr[33m:[39m[31m[91m[36mnth-of-type[39m[31m[91m[36m(odd)[39m[31m[91m[33m{[39m[31m[91mbackground-color[33m:[39m[31m[91m[35m#000[39m[31m[91m[33m}[39m[31m[91m[33m.table-dark.table-hover[39m[31m[91m tbody tr[33m:[39m[31m[91mhover[33m{[39m[31m[91mcolor[33m:[39m[31m[91m[35m#fff[39m[31m[91m[33m}[39m[31m[91m[36m@media[39m[31m[91m[36m [39m[31m[91m[36m(max-width:575.98px)[39m[31m[91m[33m{[39m[31m[91m[33m.table-responsive-sm[39m[31m[91m[33m{[39m[31m[91mdisplay[33m:[39m[31m[91mblock[33m;[39m[31m[91mwidth[33m:[39m[31m[91m100%[33m;[39m[31m[91moverflow-x[33m:[39m[31m[91mauto[33m;[39m[31m[91m-webkit-overflow-scrolling[33m:[39m[31m[91mtouch[33m}[39m[31m[91m[33m.table-responsive-sm>.table-bordered[39m[31m[91m[33m{[39m[31m[91mborder[33m:[39m[31m[91m0[33m}[39m[31m[91m[33m}[39m[31m[91m[36m@media[39m[31m[91m[36m [39m[31m[91m[36m(max-width:767.98px)[39m[31m[91m[33m{[39m[31m[91m[33m.table-responsive-md[39[39m[22m[1m[31mm[91m[33m{[39m[31m[91mdisplay[33m:[39m[31m[91mblock[33m;[39m[31m[91mwidth[33m:[39m[31m[91m100%[33m;[39m[31m[91moverflow-x[33m:[39m[31m[91mauto[33m;[39m[31m[91m-webkit-overflow-scrolling[33m:[39m[31m[91mtouch[33m}[39m[31m[91m[33m.table-responsive-md>.table-bordered[39m[31m[91m[33m{[39m[31m[91mborder[33m:[39m[31m[91m0[33m}[39m[31m[91m[33m}[39m[31m[91m[36m@media[39m[31m[91m[36m [39m[31m[91m[36m(max-width:959.98px)[39m[31m[91m[33m{[39m[31m[91m[33m.table-responsive-lg[39m[31m[91m[33m{[39m[31m[91mdisplay[33m:[39m[31m[91mblock[33m;[39m[31m[91mwidth[33m:[39m[31m[91m100%[33m;[39m[31m[91moverflow-x[33m:[39m[31m[91mauto[33m;[39m[31m[91m-webkit-overflow-scrolling[33m:[39m[31m[91mtouch[33m}[39m[31m[91m[33m.table-responsive-lg>.table-bordered[39m[31m[91m[33m{[39m[31m[91mborder[33m:[39m[31m[91m0[33m}[39m[31m[91m[33m}[39m[31m[91m[36m@media[39m[31m[91m[36m [39m[31m[91m[36m(max-width:1151.98px)[39m[31m[91m[33m{[39m[31m[91m[33m.table-responsive-xl[39m[31m[91m[33m{[39m[31m[91mdisplay[33m:[39m[31m[91mblock[33m;[39m[31m[91mwidth[33m:[39m[31m[91m100%[33m;[39m[31m[91moverflow-x[33m:[39m[31m[91mauto[33m;[39m[31m[91m-webkit-overflow-scrolling[33m:[39m[31m[91mtouch[33m}[39m[31m[91m[33m.table-responsive-xl>.table-bordered[39m[31m[91m[33m{[39m[31m[91mborder[33m:[39m[31m[91m0[33m}[39m[31m[91m[33m}[39m[31m[91m[33m.table-responsive[39m[31m[91m[33m{[39m[31m[91mdisplay[33m:[39m[31m[91mblock[33m;[39m[31m[91mwidth[33m:[39m[31m[91m100%[33m;[39m[31m[91moverflow-x[33m:[39m[31m[91mauto[33m;[39m[31m[91m-webkit-overflow-scrolling[33m:[39m[31m[91mtouch[33m}[39m[31m[91m[33m.table-responsive>.table-bordered[39m[31m[91m[33m{[39m[31m[91mborder[33m:[39m[31m[91m0[33m}[39m[31m[91m[33m.form-control[39m[31m[91m[33m{[39m[31m[91mdisplay[33m:[39m[31m[91mblock[33m;[39m[31m[91mwidth[33m:[39m[31m[91m100%[33m;[39m[31m[91mheight[33m:[39m[31m[91m14px[33m;[39m[31m[91mpadding[33m:[39m[31m[91m0 0[33m;[39m[31m[91mfont-size[33m:[39m[31m[91m16px[33m;[39m[31m[91mfont-weight[33m:[39m[31m[91m400[33m;[39m[31m[91mline-height[33m:[39m[31m[91m14px[33m;[39m[31m[91mcolor[33m:[39m[31m[91m[35m#fff[39m[31m[91m[33m;[39m[31m[91[39m[22m[1m[31mmbackground-color[33m:[39m[31m[91m[35m#000084[39m[31m[91m[33m;[39m[31m[91mbackground-clip[33m:[39m[31m[91mpadding-box[33m;[39m[31m[91mborder[33m:[39m[31m[91m0 solid [35m#555[39m[31m[91m[33m}[39m[31m[91m[33m.form-control[39m[31m[91m[33m:[39m[31m[91m[33m:[39m[31m[91m-ms-expand[33m{[39m[31m[91mbackground-color[33m:[39m[31m[91mtransparent[33m;[39m[31m[91mborder[33m:[39m[31m[91m0[33m}[39m[31m[91m[33m.form-control[39m[31m[91m[33m:[39m[31m[91m-moz-focusring[33m{[39m[31m[91mcolor[33m:[39m[31m[91mtransparent[33m;[39m[31m[91mtext-shadow[33m:[39m[31m[91m0 0 0 [35m#fff[39m[31m[91m[33m}[39m[31m[91m[33m.form-control[39m[31m[91m[33m:[39m[31m[91mfocus[33m{[39m[31m[91moutline[33m:[39m[31m[91m0[33m}[39m[31m[91m[33m.form-control[39m[31m[91m[33m:[39m[31m[91m[33m:[39m[31m[91m-webkit-input-placeholder[33m{[39m[31m[91mcolor[33m:[39m[31m[91m[35m#bbb[39m[31m[91m[33m;[39m[31m[91mopacity[33m:[39m[31m[91m1[33m}[39m[31m[91m[33m.form-control[39m[31m[91m[33m:[39m[31m[91m[33m:[39m[31m[91m-moz-placeholder[33m{[39m[31m[91mcolor[33m:[39m[31m[91m[35m#bbb[39m[31m[91m[33m;[39m[31m[91mopacity[33m:[39m[31m[91m1[33m}[39m[31m[91m[33m.form-control[39m[31m[91m[33m:[39m[31m[91m-ms-input-placeholder[33m{[39m[31m[91mcolor[33m:[39m[31m[91m[35m#bbb[39m[31m[91m[33m;[39m[31m[91mopacity[33m:[39m[31m[91m1[33m}[39m[31m[91m[33m.form-control[39m[31m[91m[33m:[39m[31m[91m[33m:[39m[31m[91m-ms-input-placeholder[33m{[39m[31m[91mcolor[33m:[39m[31m[91m[35m#bbb[39m[31m[91m[33m;[39m[31m[91mopacity[33m:[39m[31m[91m1[33m}[39m[31m[91m[33m.form-control[39m[31m[91m[33m:[39m[31m[91m[33m:[39m[31m[91mplaceholder[33m{[39m[31m[91mcolor[33m:[39m[31m[91m[35m#bbb[39m[31m[91m[33m;[39m[31m[91mopacity[33m:[39m[31m[91m1[33m}[39m[31m[91m[33m.form-control[39m[31m[91m[33m:[39m[31m[91mdisabled,.form-control[33m[[39m[31m[91mreadonly[33m][39m[31m[91m[33m{[39m[31m[91mopacity[33m:[39m[31m[91m1[33m;[39m[31m[91mbackground[33m:[39m[31m[91m[36murl[39m[31m[91m[36m(assets/fonts/left-brace-grayLight.svg)[39m[31m[91m no-repeat left [36mbottom,url[39m[31m[91m[36m([39m[31m[91massets/fonts/right-brace-grayLight.svg[36m)[39m[31m[91m no-repeat right b[39m[22m[1m[31mottom,[35m#555[39m[31m[91m[33m}[39m[31m[91mselect.form-control[33m{[39m[31m[91mbackground[33m:[39m[31m[91m[35m#bbb[39m[31m[91m[33m;[39m[31m[91mborder[33m:[39m[31m[91m[33m.875px[39m[31m[91m solid [35m#000[39m[31m[91m[33m;[39m[31m[91mmargin-top[33m:[39m[31m[91m7px[33m;[39m[31m[91mpadding-top[33m:[39m[31m[91m6.125px[33m;[39m[31m[91mpadding-bottom[33m:[39m[31m[91m7px[33m;[39m[31m[91mmargin-bottom[33m:[39m[31m[91m6.125px[33m;[39m[31m[91mborder-left-width[33m:[39m[31m[91m2px[33m;[39m[31m[91mborder-right-width[33m:[39m[31m[91m2px[33m;[39m[31m[91mmargin-left[33m:[39m[31m[91m3.5px[33m;[39m[31m[91mpadding-left[33m:[39m[31m[91m2.5px[33m;[39m[31m[91mpadding-right[33m:[39m[31m[91m3.5px[33m;[39m[31m[91mmargin-right[33m:[39m[31m[91m2.5px[33m;[39m[31m[91mbox-shadow[33m:[39m[31m[91m-3.5px -7px 0 0 [35m#bbb,2.5px[39m[31m[91m 6.125px 0 0 [35m#bbb,-3.5px[39m[31m[91m 6.125px 0 0 [35m#bbb,2.5px[39m[31m[91m -7px 0 0 [35m#bbb[39m[31m[91m[33m;[39m[31m[91mwidth[33m:[39m[31m[91m[36mcalc[39m[31m[91m[36m(100% - 6px)[39m[31m[91m[33m;[39m[31m[91mcolor[33m:[39m[31m[91m[35m#000[39m[31m[91m[33m;[39m[31m[91mheight[33m:[39m[31m[91m28px[33m}[39m[31m[91mselect.form-control[33m:[39m[31m[91mfocus[33m:[39m[31m[91m[33m:[39m[31m[91m-ms-value[33m{[39m[31m[91mcolor[33m:[39m[31m[91m[35m#000[39m[31m[91m[33m;[39m[31m[91mbackground[33m:[39m[31m[91m[35m#bbb[39m[31m[91m[33m}[39m[31m[91m[33m.form-control-file,.form-control-range[39m[31m[91m[33m{[39m[31m[91mdisplay[33m:[39m[31m[91mblock[33m;[39m[31m[91mwidth[33m:[39m[31m[91m100%[33m}[39m[31m[91m[33m.col-form-label[39m[31m[91m[33m{[39m[31m[91mpadding-top[33m:[39m[31m[91m0[33m;[39m[31m[91mpadding-bottom[33m:[39m[31m[91m0[33m;[39m[31m[91mmargin-bottom[33m:[39m[31m[91m0[33m;[39m[31m[91mfont-size[33m:[39m[31m[91m16px[33m;[39m[31m[91mline-height[33m:[39m[31m[91m14px[33m}[39m[31m[91m[33m.col-form-label-lg[39m[31m[91m[33m{[39m[31m[91mpadding-top[33m:[39m[31m[91m0[33m;[39m[31m[91mpadding-bottom[33m:[39m[31m[91m0[33m;[39m[31m[91mfont-size[33m:[39m[31m[91m16px[33m;[39m[31m[91mline-height[33m:[39m[31m[91m14px[33m}[39m[31m[91m[33m.col-form-label-sm[39m[31m[91m[3[39m[22m[1m[31m3m{[39m[31m[91mpadding-top[33m:[39m[31m[91m0[33m;[39m[31m[91mpadding-bottom[33m:[39m[31m[91m0[33m;[39m[31m[91mfont-size[33m:[39m[31m[91m16px[33m;[39m[31m[91mline-height[33m:[39m[31m[91m14px[33m}[39m[31m[91m[33m.form-control-plaintext[39m[31m[91m[33m{[39m[31m[91mdisplay[33m:[39m[31m[91mblock[33m;[39m[31m[91mwidth[33m:[39m[31m[91m100%[33m;[39m[31m[91mpadding[33m:[39m[31m[91m0 8px[33m;[39m[31m[91mmargin-bottom[33m:[39m[31m[91m0[33m;[39m[31m[91mline-height[33m:[39m[31m[91m14px[33m;[39m[31m[91mcolor[33m:[39m[31m[91m[35m#bbb[39m[31m[91m[33m;[39m[31m[91mbackground-color[33m:[39m[31m[91mtransparent[33m;[39m[31m[91mborder[33m:[39m[31m[91m0[33m;[39m[31m[91mbackground[33m:[39m[31m[91m[36murl[39m[31m[91m[36m(assets/fonts/left-brace-grayLight.svg)[39m[31m[91m no-repeat left [36mbottom,url[39m[31m[91m[36m([39m[31m[91massets/fonts/right-brace-grayLight.svg[36m)[39m[31m[91m no-repeat right bottom[33m}[39m[31m[91m[33m.form-control-sm[39m[31m[91m[33m{[39m[31m[91mheight[33m:[39m[31m[91m14px[33m;[39m[31m[91mpadding[33m:[39m[31m[91m0 0[33m;[39m[31m[91mfont-size[33m:[39m[31m[91m16px[33m;[39m[31m[91mline-height[33m:[39m[31m[91m14px[33m}[39m[31m[91m[33m.form-control-lg[39m[31m[91m[33m{[39m[31m[91mheight[33m:[39m[31m[91m14px[33m;[39m[31m[91mpadding[33m:[39m[31m[91m0 0[33m;[39m[31m[91mfont-size[33m:[39m[31m[91m16px[33m;[39m[31m[91mline-height[33m:[39m[31m[91m14px[33m}[39m[31m[91mselect.form-control[33m[[39m[31m[91mmultiple[33m][39m[31m[91m,select.form-control[33m[[39m[31m[91msize[33m][39m[31m[91m[33m{[39m[31m[91mheight[33m:[39m[31m[91mauto[33m}[39m[31m[91mtextarea.form-control[33m{[39m[31m[91mheight[33m:[39m[31m[91mauto[33m;[39m[31m[91mwidth[33m:[39m[31m[91m[36mcalc[39m[31m[91m[36m(100% - 6px)[39m[31m[91m[33m;[39m[31m[91mborder[33m:[39m[31m[91m[33m.875px[39m[31m[91m solid [35m#000[39m[31m[91m[33m;[39m[31m[91mmargin-top[33m:[39m[31m[91m7px[33m;[39m[31m[91mpadding-top[33m:[39m[31m[91m6.125px[33m;[39m[31m[91mpadding-bottom[33m:[39m[31m[91m7px[33m;[39m[31m[91mmargin-bottom[33m:[39m[31m[91m6.125px[33m;[39m[31m[91mborder-left-width[33m:[39m[31m[91m2px[33m;[39m[31m[91mborder-right[39m[22m[1m[31m-width[33m:[39m[31m[91m2px[33m;[39m[31m[91mmargin-left[33m:[39m[31m[91m3.5px[33m;[39m[31m[91mpadding-left[33m:[39m[31m[91m2.5px[33m;[39m[31m[91mpadding-right[33m:[39m[31m[91m3.5px[33m;[39m[31m[91mmargin-right[33m:[39m[31m[91m2.5px[33m;[39m[31m[91mbox-shadow[33m:[39m[31m[91minset 0 -3.5px 0 3px [35m#bbb,inset[39m[31m[91m 0 3.5px 0 3px [35m#bbb,-3.5px[39m[31m[91m -7px 0 0 [35m#bbb,2.5px[39m[31m[91m 6.125px 0 0 [35m#bbb,-3.5px[39m[31m[91m 6.125px 0 0 [35m#bbb,2.5px[39m[31m[91m -7px 0 0 [35m#bbb[39m[31m[91m[33m}[39m[31m[91minput.form-control[33m{[39m[31m[91mbackground[33m:[39m[31m[91m[36murl[39m[31m[91m[36m(assets/fonts/left-brace-black.svg)[39m[31m[91m no-repeat left [36mbottom,url[39m[31m[91m[36m([39m[31m[91massets/fonts/right-brace-black.svg[36m)[39m[31m[91m no-repeat right bottom,[35m#bbb[39m[31m[91m[33m;[39m[31m[91mcolor[33m:[39m[31m[91m[35m#000[39m[31m[91m[33m;[39m[31m[91mpadding[33m:[39m[31m[91m0 8px[33m}[39m[31m[91m[33m.form-group[39m[31m[91m[33m{[39m[31m[91mmargin-bottom[33m:[39m[31m[91m0[33m}[39m[31m[91m[33m.form-text[39m[31m[91m[33m{[39m[31m[91mdisplay[33m:[39m[31m[91mblock[33m;[39m[31m[91mmargin-top[33m:[39m[31m[91m0[33m}[39m[31m[91m[33m.form-row[39m[31m[91m[33m{[39m[31m[91mdisplay[33m:[39m[31m[91m-ms-flexbox[33m;[39m[31m[91mdisplay[33m:[39m[31m[91mflex[33m;[39m[31m[91m-ms-flex-wrap[33m:[39m[31m[91mwrap[33m;[39m[31m[91mflex-wrap[33m:[39m[31m[91mwrap[33m;[39m[31m[91mmargin-right[33m:[39m[31m[91m-5px[33m;[39m[31m[91mmargin-left[33m:[39m[31m[91m-5px[33m}[39m[31m[91m[33m.form-row>.col,.form-row>[39m[31m[91m[33m[[39m[31m[91mclass*=col-[33m][39m[31m[91m[33m{[39m[31m[91mpadding-right[33m:[39m[31m[91m5px[33m;[39m[31m[91mpadding-left[33m:[39m[31m[91m5px[33m}[39m[31m[91m[33m.form-check[39m[31m[91m[33m{[39m[31m[91mposition[33m:[39m[31m[91mrelative[33m;[39m[31m[91mdisplay[33m:[39m[31m[91mblock[33m;[39m[31m[91mpadding-left[33m:[39m[31m[91m16px[33m}[39m[31m[91m[33m.form-check-input[39m[31m[91m[33m{[39m[31m[91mposition[33m:[39m[31m[91mabsolute[33m;[39m[31m[91mmargin-top[33m:[39m[31m[91m2px[33m;[39m[31m[91mmargin-left[33m:[39m[31m[91m-16px[33m}[39m[31m[39m[22m[1m[31m[91m[33m.form-check-input[39m[31m[91m[33m:[39m[31m[91mdisabled~.form-check-label,.form-check-input[33m[[39m[31m[91mdisabled[33m][39m[31m[91m~.form-check-label[33m{[39m[31m[91mcolor[33m:[39m[31m[91m[35m#555[39m[31m[91m[33m}[39m[31m[91m[33m.form-check-label[39m[31m[91m[33m{[39m[31m[91mmargin-bottom[33m:[39m[31m[91m0[33m}[39m[31m[91m[33m.form-check-inline[39m[31m[91m[33m{[39m[31m[91mdisplay[33m:[39m[31m[91m-ms-inline-flexbox[33m;[39m[31m[91mdisplay[33m:[39m[31m[91minline-flex[33m;[39m[31m[91m-ms-flex-align[33m:[39m[31m[91mcenter[33m;[39m[31m[91malign-items[33m:[39m[31m[91mcenter[33m;[39m[31m[91mpadding-left[33m:[39m[31m[91m0[33m;[39m[31m[91mmargin-right[33m:[39m[31m[91m0[33m}[39m[31m[91m[33m.form-check-inline[39m[31m[91m [33m.form-check-input[39m[31m[91m[33m{[39m[31m[91mposition[33m:[39m[31m[91mstatic[33m;[39m[31m[91mmargin-top[33m:[39m[31m[91m0[33m;[39m[31m[91mmargin-right[33m:[39m[31m[91m0[33m;[39m[31m[91mmargin-left[33m:[39m[31m[91m0[33m}[39m[31m[91m[33m.valid-feedback[39m[31m[91m[33m{[39m[31m[91mdisplay[33m:[39m[31m[91mnone[33m;[39m[31m[91mwidth[33m:[39m[31m[91m100%[33m;[39m[31m[91mmargin-top[33m:[39m[31m[91m0[33m;[39m[31m[91mfont-size[33m:[39m[31m[91m16px[33m;[39m[31m[91mcolor[33m:[39m[31m[91m[35m#0a0[39m[31m[91m[33m}[39m[31m[91m[33m.valid-tooltip[39m[31m[91m[33m{[39m[31m[91mposition[33m:[39m[31m[91mabsolute[33m;[39m[31m[91mtop[33m:[39m[31m[91m100%[33m;[39m[31m[91mz-index[33m:[39m[31m[91m5[33m;[39m[31m[91mdisplay[33m:[39m[31m[91mnone[33m;[39m[31m[91mmax-width[33m:[39m[31m[91m100%[33m;[39m[31m[91mpadding[33m:[39m[31m[91m0 8px[33m;[39m[31m[91mfont-size[33m:[39m[31m[91m16px[33m;[39m[31m[91mline-height[33m:[39m[31m[91m14px[33m;[39m[31m[91mcolor[33m:[39m[31m[91m[35m#fff[39m[31m[91m[33m;[39m[31m[91mbackground-color[33m:[39m[31m[91m[35m#bbb[39m[31m[91m[33m}[39m[31m[91m[33m.is-valid~.valid-feedback,.is-valid~.valid-tooltip,.was-validated[39m[31m[91m [33m:[39m[31m[91mvalid~.valid-feedback,.was-validated [33m:[39m[31m[91mvalid~.valid-tooltip[33m{[39m[31m[91mdisplay[33m:[39m[31m[91mblock[33m}[39m[31m[91m[33m.form-control.is-valid,.was-validated[39m[31m[9[39m[22m[1m[31m1m [33m.form-control[39m[31m[91m[33m:[39m[31m[91mvalid[33m{[39m[31m[91mborder-color[33m:[39m[31m[91m[35m#0a0[39m[31m[91m[33m}[39m[31m[91m[33m.form-control.is-valid[39m[31m[91m[33m:[39m[31m[91mfocus,.was-validated [33m.form-control[39m[31m[91m[33m:[39m[31m[91mvalid[33m:[39m[31m[91mfocus[33m{[39m[31m[91mborder-color[33m:[39m[31m[91m[35m#0a0[39m[31m[91m[33m;[39m[31m[91mbox-shadow[33m:[39m[31m[91m0[33m}[39m[31m[91m[33m.custom-select.is-valid,.was-validated[39m[31m[91m [33m.custom-select[39m[31m[91m[33m:[39m[31m[91mvalid[33m{[39m[31m[91mborder-color[33m:[39m[31m[91m[35m#0a0[39m[31m[91m[33m}[39m[31m[91m[33m.custom-select.is-valid[39m[31m[91m[33m:[39m[31m[91mfocus,.was-validated [33m.custom-select[39m[31m[91m[33m:[39m[31m[91mvalid[33m:[39m[31m[91mfocus[33m{[39m[31m[91mborder-color[33m:[39m[31m[91m[35m#0a0[39m[31m[91m[33m;[39m[31m[91mbox-shadow[33m:[39m[31m[91m0[33m}[39m[31m[91m[33m.form-check-input.is-valid~.form-check-label,.was-validated[39m[31m[91m [33m.form-check-input[39m[31m[91m[33m:[39m[31m[91mvalid~.form-check-label[33m{[39m[31m[91mcolor[33m:[39m[31m[91m[35m#0a0[39m[31m[91m[33m}[39m[31m[91m[33m.form-check-input.is-valid~.valid-feedback,.form-check-input.is-valid~.valid-tooltip,.was-validated[39m[31m[91m [33m.form-check-input[39m[31m[91m[33m:[39m[31m[91mvalid~.valid-feedback,.was-validated [33m.form-check-input[39m[31m[91m[33m:[39m[31m[91mvalid~.valid-tooltip[33m{[39m[31m[91mdisplay[33m:[39m[31m[91mblock[33m}[39m[31m[91m[33m.custom-control-input.is-valid~.custom-control-label,.was-validated[39m[31m[91m [33m.custom-control-input[39m[31m[91m[33m:[39m[31m[91mvalid~.custom-control-label[33m{[39m[31m[91mcolor[33m:[39m[31m[91m[35m#0a0[39m[31m[91m[33m}[39m[31m[91m[33m.custom-control-input.is-valid~.custom-control-label[39m[31m[91m[33m:[39m[31m[91m[33m:[39m[31m[91mbefore,.was-validated [33m.custom-control-input[39m[31m[91m[33m:[39m[31m[91mvalid~.custom-control-label[33m:[39m[31m[91m[33m:[39m[31m[91mbefore[33m{[39m[31m[91mborder-color[33m:[39m[31m[91m[35m#0a0[39m[31m[91m[33m}[39m[31m[91m[33m.custom-control-input.is-valid[39m[31m[91m[33m:[39[39m[22m[1m[31mm[91mchecked~.custom-control-label[33m:[39m[31m[91m[33m:[39m[31m[91mbefore,.was-validated [33m.custom-control-input[39m[31m[91m[33m:[39m[31m[91mvalid[33m:[39m[31m[91mchecked~.custom-control-label[33m:[39m[31m[91m[33m:[39m[31m[91mbefore[33m{[39m[31m[91mborder-color[33m:[39m[31m[91m[35m#0d0[39m[31m[91m[33m}[39m[31m[91m[33m.custom-control-input.is-valid[39m[31m[91m[33m:[39m[31m[91mfocus~.custom-control-label[33m:[39m[31m[91m[33m:[39m[31m[91mbefore,.was-validated [33m.custom-control-input[39m[31m[91m[33m:[39m[31m[91mvalid[33m:[39m[31m[91mfocus~.custom-control-label[33m:[39m[31m[91m[33m:[39m[31m[91mbefore[33m{[39m[31m[91mbox-shadow[33m:[39m[31m[91m0[33m}[39m[31m[91m[33m.custom-control-input.is-valid[39m[31m[91m[33m:[39m[31m[91mfocus[33m:[39m[31m[91m[36mnot[39m[31m[91m[36m(:checked)[39m[31m[91m~.custom-control-label[33m:[39m[31m[91m[33m:[39m[31m[91mbefore,.was-validated [33m.custom-control-input[39m[31m[91m[33m:[39m[31m[91mvalid[33m:[39m[31m[91mfocus[33m:[39m[31m[91m[36mnot[39m[31m[91m[36m(:checked)[39m[31m[91m~.custom-control-label[33m:[39m[31m[91m[33m:[39m[31m[91mbefore[33m{[39m[31m[91mborder-color[33m:[39m[31m[91m[35m#0a0[39m[31m[91m[33m}[39m[31m[91m[33m.custom-file-input.is-valid~.custom-file-label,.was-validated[39m[31m[91m [33m.custom-file-input[39m[31m[91m[33m:[39m[31m[91mvalid~.custom-file-label[33m{[39m[31m[91mborder-color[33m:[39m[31m[91m[35m#0a0[39m[31m[91m[33m}[39m[31m[91m[33m.custom-file-input.is-valid[39m[31m[91m[33m:[39m[31m[91mfocus~.custom-file-label,.was-validated [33m.custom-file-input[39m[31m[91m[33m:[39m[31m[91mvalid[33m:[39m[31m[91mfocus~.custom-file-label[33m{[39m[31m[91mborder-color[33m:[39m[31m[91m[35m#0a0[39m[31m[91m[33m;[39m[31m[91mbox-shadow[33m:[39m[31m[91m0[33m}[39m[31m[91m[33m.invalid-feedback[39m[31m[91m[33m{[39m[31m[91mdisplay[33m:[39m[31m[91mnone[33m;[39m[31m[91mwidth[33m:[39m[31m[91m100%[33m;[39m[31m[91mmargin-top[33m:[39m[31m[91m0[33m;[39m[31m[91mfont-size[33m:[39m[31m[91m16px[33m;[39m[31m[91mcolor[33m:[39m[31m[91m[35m#f55[39m[31m[91m[33m}[39m[31m[91m[33m.invalid-tooltip[39m[31m[91m[33m{[39m[31m[91mposition[[39m[22m[1m[31m33m:[39m[31m[91mabsolute[33m;[39m[31m[91mtop[33m:[39m[31m[91m100%[33m;[39m[31m[91mz-index[33m:[39m[31m[91m5[33m;[39m[31m[91mdisplay[33m:[39m[31m[91mnone[33m;[39m[31m[91mmax-width[33m:[39m[31m[91m100%[33m;[39m[31m[91mpadding[33m:[39m[31m[91m0 8px[33m;[39m[31m[91mfont-size[33m:[39m[31m[91m16px[33m;[39m[31m[91mline-height[33m:[39m[31m[91m14px[33m;[39m[31m[91mcolor[33m:[39m[31m[91m[35m#fff[39m[31m[91m[33m;[39m[31m[91mbackground-color[33m:[39m[31m[91m[35m#bbb[39m[31m[91m[33m}[39m[31m[91m[33m.is-invalid~.invalid-feedback,.is-invalid~.invalid-tooltip,.was-validated[39m[31m[91m [33m:[39m[31m[91minvalid~.invalid-feedback,.was-validated [33m:[39m[31m[91minvalid~.invalid-tooltip[33m{[39m[31m[91mdisplay[33m:[39m[31m[91mblock[33m}[39m[31m[91m[33m.form-control.is-invalid,.was-validated[39m[31m[91m [33m.form-control[39m[31m[91m[33m:[39m[31m[91minvalid[33m{[39m[31m[91mborder-color[33m:[39m[31m[91m[35m#f55[39m[31m[91m[33m}[39m[31m[91m[33m.form-control.is-invalid[39m[31m[91m[33m:[39m[31m[91mfocus,.was-validated [33m.form-control[39m[31m[91m[33m:[39m[31m[91minvalid[33m:[39m[31m[91mfocus[33m{[39m[31m[91mborder-color[33m:[39m[31m[91m[35m#f55[39m[31m[91m[33m;[39m[31m[91mbox-shadow[33m:[39m[31m[91m0[33m}[39m[31m[91m[33m.custom-select.is-invalid,.was-validated[39m[31m[91m [33m.custom-select[39m[31m[91m[33m:[39m[31m[91minvalid[33m{[39m[31m[91mborder-color[33m:[39m[31m[91m[35m#f55[39m[31m[91m[33m}[39m[31m[91m[33m.custom-select.is-invalid[39m[31m[91m[33m:[39m[31m[91mfocus,.was-validated [33m.custom-select[39m[31m[91m[33m:[39m[31m[91minvalid[33m:[39m[31m[91mfocus[33m{[39m[31m[91mborder-color[33m:[39m[31m[91m[35m#f55[39m[31m[91m[33m;[39m[31m[91mbox-shadow[33m:[39m[31m[91m0[33m}[39m[31m[91m[33m.form-check-input.is-invalid~.form-check-label,.was-validated[39m[31m[91m [33m.form-check-input[39m[31m[91m[33m:[39m[31m[91minvalid~.form-check-label[33m{[39m[31m[91mcolor[33m:[39m[31m[91m[35m#f55[39m[31m[91m[33m}[39m[31m[91m[33m.form-check-input.is-invalid~.invalid-feedback,.form-check-input.is-invalid~.invalid-tooltip,.was-validated[39m[31m[91m [33m.form-check-input[39m[31m[91[39m[22m[1m[31mm[33m:[39m[31m[91minvalid~.invalid-feedback,.was-validated [33m.form-check-input[39m[31m[91m[33m:[39m[31m[91minvalid~.invalid-tooltip[33m{[39m[31m[91mdisplay[33m:[39m[31m[91mblock[33m}[39m[31m[91m[33m.custom-control-input.is-invalid~.custom-control-label,.was-validated[39m[31m[91m [33m.custom-control-input[39m[31m[91m[33m:[39m[31m[91minvalid~.custom-control-label[33m{[39m[31m[91mcolor[33m:[39m[31m[91m[35m#f55[39m[31m[91m[33m}[39m[31m[91m[33m.custom-control-input.is-invalid~.custom-control-label[39m[31m[91m[33m:[39m[31m[91m[33m:[39m[31m[91mbefore,.was-validated [33m.custom-control-input[39m[31m[91m[33m:[39m[31m[91minvalid~.custom-control-label[33m:[39m[31m[91m[33m:[39m[31m[91mbefore[33m{[39m[31m[91mborder-color[33m:[39m[31m[91m[35m#f55[39m[31m[91m[33m}[39m[31m[91m[33m.custom-control-input.is-invalid[39m[31m[91m[33m:[39m[31m[91mchecked~.custom-control-label[33m:[39m[31m[91m[33m:[39m[31m[91mbefore,.was-validated [33m.custom-control-input[39m[31m[91m[33m:[39m[31m[91minvalid[33m:[39m[31m[91mchecked~.custom-control-label[33m:[39m[31m[91m[33m:[39m[31m[91mbefore[33m{[39m[31m[91mborder-color[33m:[39m[31m[91m[35m#f88[39m[31m[91m[33m}[39m[31m[91m[33m.custom-control-input.is-invalid[39m[31m[91m[33m:[39m[31m[91mfocus~.custom-control-label[33m:[39m[31m[91m[33m:[39m[31m[91mbefore,.was-validated [33m.custom-control-input[39m[31m[91m[33m:[39m[31m[91minvalid[33m:[39m[31m[91mfocus~.custom-control-label[33m:[39m[31m[91m[33m:[39m[31m[91mbefore[33m{[39m[31m[91mbox-shadow[33m:[39m[31m[91m0[33m}[39m[31m[91m[33m.custom-control-input.is-invalid[39m[31m[91m[33m:[39m[31m[91mfocus[33m:[39m[31m[91m[36mnot[39m[31m[91m[36m(:checked)[39m[31m[91m~.custom-control-label[33m:[39m[31m[91m[33m:[39m[31m[91mbefore,.was-validated [33m.custom-control-input[39m[31m[91m[33m:[39m[31m[91minvalid[33m:[39m[31m[91mfocus[33m:[39m[31m[91m[36mnot[39m[31m[91m[36m(:checked)[39m[31m[91m~.custom-control-label[33m:[39m[31m[91m[33m:[39m[31m[91mbefore[33m{[39m[31m[91mborder-color[33m:[39m[31m[91m[35m#f55[39m[31m[91m[33m}[39m[31m[91m[33m.custom-file-input.is-invalid~.custom-file-label,.was-v[39m[22m[1m[31malidated[39m[31m[91m [33m.custom-file-input[39m[31m[91m[33m:[39m[31m[91minvalid~.custom-file-label[33m{[39m[31m[91mborder-color[33m:[39m[31m[91m[35m#f55[39m[31m[91m[33m}[39m[31m[91m[33m.custom-file-input.is-invalid[39m[31m[91m[33m:[39m[31m[91mfocus~.custom-file-label,.was-validated [33m.custom-file-input[39m[31m[91m[33m:[39m[31m[91minvalid[33m:[39m[31m[91mfocus~.custom-file-label[33m{[39m[31m[91mborder-color[33m:[39m[31m[91m[35m#f55[39m[31m[91m[33m;[39m[31m[91mbox-shadow[33m:[39m[31m[91m0[33m}[39m[31m[91m[33m.form-inline[39m[31m[91m[33m{[39m[31m[91mdisplay[33m:[39m[31m[91m-ms-flexbox[33m;[39m[31m[91mdisplay[33m:[39m[31m[91mflex[33m;[39m[31m[91m-ms-flex-flow[33m:[39m[31m[91mrow wrap[33m;[39m[31m[91mflex-flow[33m:[39m[31m[91mrow wrap[33m;[39m[31m[91m-ms-flex-align[33m:[39m[31m[91mcenter[33m;[39m[31m[91malign-items[33m:[39m[31m[91mcenter[33m}[39m[31m[91m[33m.form-inline[39m[31m[91m [33m.form-check[39m[31m[91m[33m{[39m[31m[91mwidth[33m:[39m[31m[91m100%[33m}[39m[31m[91m[36m@media[39m[31m[91m[36m [39m[31m[91m[36m(min-width:576px)[39m[31m[91m[33m{[39m[31m[91m[33m.form-inline[39m[31m[91m label[33m{[39m[31m[91mdisplay[33m:[39m[31m[91m-ms-flexbox[33m;[39m[31m[91mdisplay[33m:[39m[31m[91mflex[33m;[39m[31m[91m-ms-flex-align[33m:[39m[31m[91mcenter[33m;[39m[31m[91malign-items[33m:[39m[31m[91mcenter[33m;[39m[31m[91m-ms-flex-pack[33m:[39m[31m[91mcenter[33m;[39m[31m[91mjustify-content[33m:[39m[31m[91mcenter[33m;[39m[31m[91mmargin-bottom[33m:[39m[31m[91m0[33m}[39m[31m[91m[33m.form-inline[39m[31m[91m [33m.form-group[39m[31m[91m[33m{[39m[31m[91mdisplay[33m:[39m[31m[91m-ms-flexbox[33m;[39m[31m[91mdisplay[33m:[39m[31m[91mflex[33m;[39m[31m[91m-ms-flex[33m:[39m[31m[91m0 0 auto[33m;[39m[31m[91mflex[33m:[39m[31m[91m0 0 auto[33m;[39m[31m[91m-ms-flex-flow[33m:[39m[31m[91mrow wrap[33m;[39m[31m[91mflex-flow[33m:[39m[31m[91mrow wrap[33m;[39m[31m[91m-ms-flex-align[33m:[39m[31m[91mcenter[33m;[39m[31m[91malign-items[33m:[39m[31m[91mcenter[33m;[39m[31m[91mmargin-bottom[33m:[39m[31m[91m0[33m}[39m[31m[91m[33m.form-inline[39m[31m[91m [33m.form-control[39m[31m[91m[33m{[39m[31m[91mdispl[39m[22m[1m[31may[33m:[39m[31m[91minline-block[33m;[39m[31m[91mwidth[33m:[39m[31m[91mauto[33m;[39m[31m[91mvertical-align[33m:[39m[31m[91mmiddle[33m}[39m[31m[91m[33m.form-inline[39m[31m[91m [33m.form-control-plaintext[39m[31m[91m[33m{[39m[31m[91mdisplay[33m:[39m[31m[91minline-block[33m}[39m[31m[91m[33m.form-inline[39m[31m[91m [33m.custom-select,.form-inline[39m[31m[91m [33m.input-group[39m[31m[91m[33m{[39m[31m[91mwidth[33m:[39m[31m[91mauto[33m}[39m[31m[91m[33m.form-inline[39m[31m[91m [33m.form-check[39m[31m[91m[33m{[39m[31m[91mdisplay[33m:[39m[31m[91m-ms-flexbox[33m;[39m[31m[91mdisplay[33m:[39m[31m[91mflex[33m;[39m[31m[91m-ms-flex-align[33m:[39m[31m[91mcenter[33m;[39m[31m[91malign-items[33m:[39m[31m[91mcenter[33m;[39m[31m[91m-ms-flex-pack[33m:[39m[31m[91mcenter[33m;[39m[31m[91mjustify-content[33m:[39m[31m[91mcenter[33m;[39m[31m[91mwidth[33m:[39m[31m[91mauto[33m;[39m[31m[91mpadding-left[33m:[39m[31m[91m0[33m}[39m[31m[91m[33m.form-inline[39m[31m[91m [33m.form-check-input[39m[31m[91m[33m{[39m[31m[91mposition[33m:[39m[31m[91mrelative[33m;[39m[31m[91m-ms-flex-negative[33m:[39m[31m[91m0[33m;[39m[31m[91mflex-shrink[33m:[39m[31m[91m0[33m;[39m[31m[91mmargin-top[33m:[39m[31m[91m0[33m;[39m[31m[91mmargin-right[33m:[39m[31m[91m0[33m;[39m[31m[91mmargin-left[33m:[39m[31m[91m0[33m}[39m[31m[91m[33m.form-inline[39m[31m[91m [33m.custom-control[39m[31m[91m[33m{[39m[31m[91m-ms-flex-align[33m:[39m[31m[91mcenter[33m;[39m[31m[91malign-items[33m:[39m[31m[91mcenter[33m;[39m[31m[91m-ms-flex-pack[33m:[39m[31m[91mcenter[33m;[39m[31m[91mjustify-content[33m:[39m[31m[91mcenter[33m}[39m[31m[91m[33m.form-inline[39m[31m[91m [33m.custom-control-label[39m[31m[91m[33m{[39m[31m[91mmargin-bottom[33m:[39m[31m[91m0[33m}[39m[31m[91m[33m}[39m[31m[91m[33m.btn[39m[31m[91m[33m{[39m[31m[91mdisplay[33m:[39m[31m[91minline-block[33m;[39m[31m[91mcolor[33m:[39m[31m[91m[35m#000[39m[31m[91m[33m;[39m[31m[91mtext-align[33m:[39m[31m[91mleft[33m;[39m[31m[91mcursor[33m:[39m[31m[91mpointer[33m;[39m[31m[91m-webkit-user-select[33m:[39m[31m[91mnone[33m;[39m[31m[91m-moz-user-select[33m:[39m[31m[91mnone[33m;[39m[31m[91m-ms-user[39m[22m[1m[31m-select[33m:[39m[31m[91mnone[33m;[39m[31m[91muser-select[33m:[39m[31m[91mnone[33m;[39m[31m[91mbackground-color[33m:[39m[31m[91m[35m#bbb[39m[31m[91m[33m;[39m[31m[91mborder[33m:[39m[31m[91mnone[33m;[39m[31m[91mpadding[33m:[39m[31m[91m0 16px[33m}[39m[31m[91m[33m.btn.focus,.btn[39m[31m[91m[33m:[39m[31m[91mfocus[33m{[39m[31m[91moutline[33m:[39m[31m[91m0[33m}[39m[31m[91ma.btn.disabled,fieldset[33m:[39m[31m[91mdisabled a.btn[33m{[39m[31m[91mpointer-events[33m:[39m[31m[91mnone[33m}[39m[31m[91m[33m.bs-component>.btn-primary[39m[31m[91m[33m:[39m[31m[91m[36mnot[39m[31m[91m[36m(.disabled)[39m[31m[91m[33m:[39m[31m[91m[36mnot[39m[31m[91m[36m(.btn-sm)[39m[31m[91m[33m:[39m[31m[91m[36mnot[39m[31m[91m[36m(.btn-lg)[39m[31m[91m[33m:[39m[31m[91mhover[33m{[39m[31m[91mpadding-left[33m:[39m[31m[91m0[33m;[39m[31m[91mpadding-right[33m:[39m[31m[91m0[33m}[39m[31m[91m[33m.bs-component>.btn-primary[39m[31m[91m[33m:[39m[31m[91m[36mnot[39m[31m[91m[36m(.disabled)[39m[31m[91m[33m:[39m[31m[91m[36mnot[39m[31m[91m[36m(.btn-sm)[39m[31m[91m[33m:[39m[31m[91m[36mnot[39m[31m[91m[36m(.btn-lg)[39m[31m[91m[33m:[39m[31m[91mhover[33m:[39m[31m[91mbefore[33m{[39m[31m[91mcontent[33m:[39m[31m[91m[32m'\25ba\20'[39m[31m[91m[33m}[39m[31m[91m[33m.bs-component>.btn-primary[39m[31m[91m[33m:[39m[31m[91m[36mnot[39m[31m[91m[36m(.disabled)[39m[31m[91m[33m:[39m[31m[91m[36mnot[39m[31m[91m[36m(.btn-sm)[39m[31m[91m[33m:[39m[31m[91m[36mnot[39m[31m[91m[36m(.btn-lg)[39m[31m[91m[33m:[39m[31m[91mhover[33m:[39m[31m[91mafter[33m{[39m[31m[91mcontent[33m:[39m[31m[91m[32m' \25c4'[39m[31m[91m[33m}[39m[31m[91m[33m.btn-primary[39m[31m[91m[33m{[39m[31m[91mcolor[33m:[39m[31m[91m[35m#000[39m[31m[91m[33m;[39m[31m[91mborder-color[33m:[39m[31m[91m[35m#000[39m[31m[91m[33m;[39m[31m[91mbackground-color[33m:[39m[31m[91m[35m#bbb[39m[31m[91m[33m}[39m[31m[91m[33m.btn-primary[39m[31m[91m[33m:[39m[31m[91mhover[33m:[39m[31m[91mafter,.btn-primary[33m:[39m[31m[91mhover[33m:[39m[31m[91mbefore[33m{[39m[31m[91mcolor[33m:[39m[31m[91m[35m#fff[39m[31m[91m[33m}[39m[31m[91m[33m.btn-primary[39m[31m[91m[33m:[39m[31m[91mhover[33m{[39m[31m[91mcolor[33m:[39m[31m[[39m[22m[1m[31m91m[35m#fff[39m[31m[91m[33m;[39m[31m[91mborder-color[33m:[39m[31m[91m[35m#fff[39m[31m[91m[33m}[39m[31m[91m[33m.btn-primary.focus,.btn-primary[39m[31m[91m[33m:[39m[31m[91mfocus[33m{[39m[31m[91mborder-color[33m:[39m[31m[91m[35m#fff[39m[31m[91m[33m}[39m[31m[91m[33m.btn-primary.disabled,.btn-primary[39m[31m[91m[33m:[39m[31m[91mdisabled[33m{[39m[31m[91mcolor[33m:[39m[31m[91m[35m#555[39m[31m[91m[33m;[39m[31m[91mbackground-color[33m:[39m[31m[91m[35m#bbb[39m[31m[91m[33m;[39m[31m[91mborder-color[33m:[39m[31m[91m[35m#bbb[39m[31m[91m[33m}[39m[31m[91m[33m.btn-primary[39m[31m[91m[33m:[39m[31m[91m[36mnot[39m[31m[91m[36m(:disabled)[39m[31m[91m[33m:[39m[31m[91m[36mnot[39m[31m[91m[36m(.disabled)[39m[31m[91m[33m.active,.btn-primary[39m[31m[91m[33m:[39m[31m[91m[36mnot[39m[31m[91m[36m(:disabled)[39m[31m[91m[33m:[39m[31m[91m[36mnot[39m[31m[91m[36m(.disabled)[39m[31m[91m[33m:[39m[31m[91mactive,.show>.btn-primary.dropdown-toggle[33m{[39m[31m[91mcolor[33m:[39m[31m[91m[35m#bbb[39m[31m[91m[33m;[39m[31m[91mbackground-color[33m:[39m[31m[91m[35m#000[39m[31m[91m[33m}[39m[31m[91m[33m.btn-group-lg>.btn-primary.btn,.btn-primary.btn-lg[39m[31m[91m[33m{[39m[31m[91mbackground-color[33m:[39m[31m[91m[35m#bbb[39m[31m[91m[33m;[39m[31m[91mborder[33m:[39m[31m[91m[33m.875px[39m[31m[91m solid [35m#000[39m[31m[91m[33m;[39m[31m[91mmargin-top[33m:[39m[31m[91m7px[33m;[39m[31m[91mpadding-top[33m:[39m[31m[91m6.125px[33m;[39m[31m[91mpadding-bottom[33m:[39m[31m[91m7px[33m;[39m[31m[91mmargin-bottom[33m:[39m[31m[91m6.125px[33m;[39m[31m[91mborder-left-width[33m:[39m[31m[91m2px[33m;[39m[31m[91mborder-right-width[33m:[39m[31m[91m2px[33m;[39m[31m[91mmargin-left[33m:[39m[31m[91m3.5px[33m;[39m[31m[91mpadding-left[33m:[39m[31m[91m10.5px[33m;[39m[31m[91mpadding-right[33m:[39m[31m[91m11.5px[33m;[39m[31m[91mmargin-right[33m:[39m[31m[91m2.5px[33m;[39m[31m[91mbox-shadow[33m:[39m[31m[91m-3.5px -7px 0 0 [35m#bbb,2.5px[39m[31m[91m 6.125px 0 0 [35m#bbb,-3.5px[39m[31m[91m 6.125px 0 0 [35m#bbb,2.5px[39m[31m[91m -7px 0 0 [35m#bbb[39m[31m[91m[33m;[39m[31m[91m-webkit-filter[33m:[39m[31m[91m[36mdrop-shadow[39m[31m[91m[3[39m[22m[1m[31m6m(7px 8px 0 #000)[39m[31m[91m[33m;[39m[31m[91mfilter[33m:[39m[31m[91m[36mdrop-shadow[39m[31m[91m[36m(7px 8px 0 #000)[39m[31m[91m[33m;[39m[31m[91mmargin-right[33m:[39m[31m[91m10.5px[33m;[39m[31m[91mmargin-bottom[33m:[39m[31m[91m20px[33m}[39m[31m[91m[33m.btn-group-lg>.btn-primary.btn[39m[31m[91m[33m:[39m[31m[91mhover,.btn-primary.btn-lg[33m:[39m[31m[91mhover[33m{[39m[31m[91mbox-shadow[33m:[39m[31m[91m-3.5px -7px 0 0 [35m#555,2.5px[39m[31m[91m 6.125px 0 0 [35m#555,-3.5px[39m[31m[91m 6.125px 0 0 [35m#555,2.5px[39m[31m[91m -7px 0 0 [35m#555[39m[31m[91m[33m;[39m[31m[91mcolor[33m:[39m[31m[91m[35m#fff[39m[31m[91m[33m;[39m[31m[91mborder-color[33m:[39m[31m[91m[35m#fff[39m[31m[91m[33m;[39m[31m[91mbackground-color[33m:[39m[31m[91m[35m#555[39m[31m[91m[33m}[39m[31m[91m[33m.btn-group-lg.show>.btn-primary.dropdown-toggle.btn,.btn-group-lg>.btn-primary.btn[39m[31m[91m[33m:[39m[31m[91m[36mnot[39m[31m[91m[36m(:disabled)[39m[31m[91m[33m:[39m[31m[91m[36mnot[39m[31m[91m[36m(.disabled)[39m[31m[91m[33m.active,.btn-group-lg>.btn-primary.btn[39m[31m[91m[33m:[39m[31m[91m[36mnot[39m[31m[91m[36m(:disabled)[39m[31m[91m[33m:[39m[31m[91m[36mnot[39m[31m[91m[36m(.disabled)[39m[31m[91m[33m:[39m[31m[91mactive,.btn-primary.btn-lg[33m:[39m[31m[91m[36mnot[39m[31m[91m[36m(:disabled)[39m[31m[91m[33m:[39m[31m[91m[36mnot[39m[31m[91m[36m(.disabled)[39m[31m[91m[33m.active,.btn-primary.btn-lg[39m[31m[91m[33m:[39m[31m[91m[36mnot[39m[31m[91m[36m(:disabled)[39m[31m[91m[33m:[39m[31m[91m[36mnot[39m[31m[91m[36m(.disabled)[39m[31m[91m[33m:[39m[31m[91mactive,.show>.btn-primary.btn-lg.dropdown-toggle[33m{[39m[31m[91mbox-shadow[33m:[39m[31m[91m-3.5px -7px 0 0 [35m#555,2.5px[39m[31m[91m 6.125px 0 0 [35m#555,-3.5px[39m[31m[91m 6.125px 0 0 [35m#555,2.5px[39m[31m[91m -7px 0 0 [35m#555[39m[31m[91m[33m;[39m[31m[91mcolor[33m:[39m[31m[91m[35m#fff[39m[31m[91m[33m;[39m[31m[91mborder-color[33m:[39m[31m[91m[35m#fff[39m[31m[91m[33m;[39m[31m[91mbackground-color[33m:[39m[31m[91m[35m#555[39m[31m[91m[33m;[39m[31m[91m-webkit-filter[33m:[39m[31m[91mnone[33m;[39m[31m[91mfilter[33m:[39m[31m[91mnone[33m;[39m[31m[91mfil[39m[22m[1m[31mter[33m:[39m[31m[91mnone[33m;[39m[31m[91mposition[33m:[39m[31m[91mrelative[33m;[39m[31m[91mtop[33m:[39m[31m[91m14px[33m;[39m[31m[91mleft[33m:[39m[31m[91m8px[33m}[39m[31m[91m[33m.bs-component>.btn-secondary[39m[31m[91m[33m:[39m[31m[91m[36mnot[39m[31m[91m[36m(.disabled)[39m[31m[91m[33m:[39m[31m[91m[36mnot[39m[31m[91m[36m(.btn-sm)[39m[31m[91m[33m:[39m[31m[91m[36mnot[39m[31m[91m[36m(.btn-lg)[39m[31m[91m[33m:[39m[31m[91mhover[33m{[39m[31m[91mpadding-left[33m:[39m[31m[91m0[33m;[39m[31m[91mpadding-right[33m:[39m[31m[91m0[33m}[39m[31m[91m[33m.bs-component>.btn-secondary[39m[31m[91m[33m:[39m[31m[91m[36mnot[39m[31m[91m[36m(.disabled)[39m[31m[91m[33m:[39m[31m[91m[36mnot[39m[31m[91m[36m(.btn-sm)[39m[31m[91m[33m:[39m[31m[91m[36mnot[39m[31m[91m[36m(.btn-lg)[39m[31m[91m[33m:[39m[31m[91mhover[33m:[39m[31m[91mbefore[33m{[39m[31m[91mcontent[33m:[39m[31m[91m[32m'\25ba\20'[39m[31m[91m[33m}[39m[31m[91m[33m.bs-component>.btn-secondary[39m[31m[91m[33m:[39m[31m[91m[36mnot[39m[31m[91m[36m(.disabled)[39m[31m[91m[33m:[39m[31m[91m[36mnot[39m[31m[91m[36m(.btn-sm)[39m[31m[91m[33m:[39m[31m[91m[36mnot[39m[31m[91m[36m(.btn-lg)[39m[31m[91m[33m:[39m[31m[91mhover[33m:[39m[31m[91mafter[33m{[39m[31m[91mcontent[33m:[39m[31m[91m[32m' \25c4'[39m[31m[91m[33m}[39m[31m[91m[33m.btn-secondary[39m[31m[91m[33m{[39m[31m[91mcolor[33m:[39m[31m[91m[35m#000[39m[31m[91m[33m;[39m[31m[91mborder-color[33m:[39m[31m[91m[35m#000[39m[31m[91m[33m;[39m[31m[91mbackground-color[33m:[39m[31m[91m[35m#bbb[39m[31m[91m[33m}[39m[31m[91m[33m.btn-secondary[39m[31m[91m[33m:[39m[31m[91mhover[33m:[39m[31m[91mafter,.btn-secondary[33m:[39m[31m[91mhover[33m:[39m[31m[91mbefore[33m{[39m[31m[91mcolor[33m:[39m[31m[91m[35m#fff[39m[31m[91m[33m}[39m[31m[91m[33m.btn-secondary[39m[31m[91m[33m:[39m[31m[91mhover[33m{[39m[31m[91mcolor[33m:[39m[31m[91m[35m#fff[39m[31m[91m[33m;[39m[31m[91mborder-color[33m:[39m[31m[91m[35m#fff[39m[31m[91m[33m}[39m[31m[91m[33m.btn-secondary.focus,.btn-secondary[39m[31m[91m[33m:[39m[31m[91mfocus[33m{[39m[31m[91mborder-color[33m:[39m[31m[91m[35m#fff[39m[31m[91m[33m}[39m[31m[91m[33m.btn-secondary.disabled,.btn-second[39m[22m[1m[31mary[39m[31m[91m[33m:[39m[31m[91mdisabled[33m{[39m[31m[91mcolor[33m:[39m[31m[91m[35m#555[39m[31m[91m[33m;[39m[31m[91mbackground-color[33m:[39m[31m[91m[35m#bbb[39m[31m[91m[33m;[39m[31m[91mborder-color[33m:[39m[31m[91m[35m#bbb[39m[31m[91m[33m}[39m[31m[91m[33m.btn-secondary[39m[31m[91m[33m:[39m[31m[91m[36mnot[39m[31m[91m[36m(:disabled)[39m[31m[91m[33m:[39m[31m[91m[36mnot[39m[31m[91m[36m(.disabled)[39m[31m[91m[33m.active,.btn-secondary[39m[31m[91m[33m:[39m[31m[91m[36mnot[39m[31m[91m[36m(:disabled)[39m[31m[91m[33m:[39m[31m[91m[36mnot[39m[31m[91m[36m(.disabled)[39m[31m[91m[33m:[39m[31m[91mactive,.show>.btn-secondary.dropdown-toggle[33m{[39m[31m[91mcolor[33m:[39m[31m[91m[35m#bbb[39m[31m[91m[33m;[39m[31m[91mbackground-color[33m:[39m[31m[91m[35m#000[39m[31m[91m[33m}[39m[31m[91m[33m.btn-group-lg>.btn-secondary.btn,.btn-secondary.btn-lg[39m[31m[91m[33m{[39m[31m[91mbackground-color[33m:[39m[31m[91m[35m#bbb[39m[31m[91m[33m;[39m[31m[91mborder[33m:[39m[31m[91m[33m.875px[39m[31m[91m solid [35m#000[39m[31m[91m[33m;[39m[31m[91mmargin-top[33m:[39m[31m[91m7px[33m;[39m[31m[91mpadding-top[33m:[39m[31m[91m6.125px[33m;[39m[31m[91mpadding-bottom[33m:[39m[31m[91m7px[33m;[39m[31m[91mmargin-bottom[33m:[39m[31m[91m6.125px[33m;[39m[31m[91mborder-left-width[33m:[39m[31m[91m2px[33m;[39m[31m[91mborder-right-width[33m:[39m[31m[91m2px[33m;[39m[31m[91mmargin-left[33m:[39m[31m[91m3.5px[33m;[39m[31m[91mpadding-left[33m:[39m[31m[91m10.5px[33m;[39m[31m[91mpadding-right[33m:[39m[31m[91m11.5px[33m;[39m[31m[91mmargin-right[33m:[39m[31m[91m2.5px[33m;[39m[31m[91mbox-shadow[33m:[39m[31m[91m-3.5px -7px 0 0 [35m#bbb,2.5px[39m[31m[91m 6.125px 0 0 [35m#bbb,-3.5px[39m[31m[91m 6.125px 0 0 [35m#bbb,2.5px[39m[31m[91m -7px 0 0 [35m#bbb[39m[31m[91m[33m;[39m[31m[91m-webkit-filter[33m:[39m[31m[91m[36mdrop-shadow[39m[31m[91m[36m(7px 8px 0 #000)[39m[31m[91m[33m;[39m[31m[91mfilter[33m:[39m[31m[91m[36mdrop-shadow[39m[31m[91m[36m(7px 8px 0 #000)[39m[31m[91m[33m;[39m[31m[91mmargin-right[33m:[39m[31m[91m10.5px[33m;[39m[31m[91mmargin-bottom[33m:[39m[31m[91m20px[33m}[39m[31m[91m[33m.btn-group-lg>.btn-secondary.b[39m[22m[1m[31mtn[39m[31m[91m[33m:[39m[31m[91mhover,.btn-secondary.btn-lg[33m:[39m[31m[91mhover[33m{[39m[31m[91mbox-shadow[33m:[39m[31m[91m-3.5px -7px 0 0 [35m#555,2.5px[39m[31m[91m 6.125px 0 0 [35m#555,-3.5px[39m[31m[91m 6.125px 0 0 [35m#555,2.5px[39m[31m[91m -7px 0 0 [35m#555[39m[31m[91m[33m;[39m[31m[91mcolor[33m:[39m[31m[91m[35m#fff[39m[31m[91m[33m;[39m[31m[91mborder-color[33m:[39m[31m[91m[35m#fff[39m[31m[91m[33m;[39m[31m[91mbackground-color[33m:[39m[31m[91m[35m#555[39m[31m[91m[33m}[39m[31m[91m[33m.btn-group-lg.show>.btn-secondary.dropdown-toggle.btn,.btn-group-lg>.btn-secondary.btn[39m[31m[91m[33m:[39m[31m[91m[36mnot[39m[31m[91m[36m(:disabled)[39m[31m[91m[33m:[39m[31m[91m[36mnot[39m[31m[91m[36m(.disabled)[39m[31m[91m[33m.active,.btn-group-lg>.btn-secondary.btn[39m[31m[91m[33m:[39m[31m[91m[36mnot[39m[31m[91m[36m(:disabled)[39m[31m[91m[33m:[39m[31m[91m[36mnot[39m[31m[91m[36m(.disabled)[39m[31m[91m[33m:[39m[31m[91mactive,.btn-secondary.btn-lg[33m:[39m[31m[91m[36mnot[39m[31m[91m[36m(:disabled)[39m[31m[91m[33m:[39m[31m[91m[36mnot[39m[31m[91m[36m(.disabled)[39m[31m[91m[33m.active,.btn-secondary.btn-lg[39m[31m[91m[33m:[39m[31m[91m[36mnot[39m[31m[91m[36m(:disabled)[39m[31m[91m[33m:[39m[31m[91m[36mnot[39m[31m[91m[36m(.disabled)[39m[31m[91m[33m:[39m[31m[91mactive,.show>.btn-secondary.btn-lg.dropdown-toggle[33m{[39m[31m[91mbox-shadow[33m:[39m[31m[91m-3.5px -7px 0 0 [35m#555,2.5px[39m[31m[91m 6.125px 0 0 [35m#555,-3.5px[39m[31m[91m 6.125px 0 0 [35m#555,2.5px[39m[31m[91m -7px 0 0 [35m#555[39m[31m[91m[33m;[39m[31m[91mcolor[33m:[39m[31m[91m[35m#fff[39m[31m[91m[33m;[39m[31m[91mborder-color[33m:[39m[31m[91m[35m#fff[39m[31m[91m[33m;[39m[31m[91mbackground-color[33m:[39m[31m[91m[35m#555[39m[31m[91m[33m;[39m[31m[91m-webkit-filter[33m:[39m[31m[91mnone[33m;[39m[31m[91mfilter[33m:[39m[31m[91mnone[33m;[39m[31m[91mfilter[33m:[39m[31m[91mnone[33m;[39m[31m[91mposition[33m:[39m[31m[91mrelative[33m;[39m[31m[91mtop[33m:[39m[31m[91m14px[33m;[39m[31m[91mleft[33m:[39m[31m[91m8px[33m}[39m[31m[91m[33m.bs-component>.btn-success[39m[31m[91m[33m:[39m[31m[91m[36mnot[39m[31m[91m[36m(.disabled)[39m[22m[1m[31m[39m[91m[33m:[39m[31m[91m[36mnot[39m[31m[91m[36m(.btn-sm)[39m[31m[91m[33m:[39m[31m[91m[36mnot[39m[31m[91m[36m(.btn-lg)[39m[31m[91m[33m:[39m[31m[91mhover[33m{[39m[31m[91mpadding-left[33m:[39m[31m[91m0[33m;[39m[31m[91mpadding-right[33m:[39m[31m[91m0[33m}[39m[31m[91m[33m.bs-component>.btn-success[39m[31m[91m[33m:[39m[31m[91m[36mnot[39m[31m[91m[36m(.disabled)[39m[31m[91m[33m:[39m[31m[91m[36mnot[39m[31m[91m[36m(.btn-sm)[39m[31m[91m[33m:[39m[31m[91m[36mnot[39m[31m[91m[36m(.btn-lg)[39m[31m[91m[33m:[39m[31m[91mhover[33m:[39m[31m[91mbefore[33m{[39m[31m[91mcontent[33m:[39m[31m[91m[32m'\25ba\20'[39m[31m[91m[33m}[39m[31m[91m[33m.bs-component>.btn-success[39m[31m[91m[33m:[39m[31m[91m[36mnot[39m[31m[91m[36m(.disabled)[39m[31m[91m[33m:[39m[31m[91m[36mnot[39m[31m[91m[36m(.btn-sm)[39m[31m[91m[33m:[39m[31m[91m[36mnot[39m[31m[91m[36m(.btn-lg)[39m[31m[91m[33m:[39m[31m[91mhover[33m:[39m[31m[91mafter[33m{[39m[31m[91mcontent[33m:[39m[31m[91m[32m' \25c4'[39m[31m[91m[33m}[39m[31m[91m[33m.btn-success[39m[31m[91m[33m{[39m[31m[91mcolor[33m:[39m[31m[91m[35m#000[39m[31m[91m[33m;[39m[31m[91mborder-color[33m:[39m[31m[91m[35m#000[39m[31m[91m[33m;[39m[31m[91mbackground-color[33m:[39m[31m[91m[35m#0a0[39m[31m[91m[33m}[39m[31m[91m[33m.btn-success[39m[31m[91m[33m:[39m[31m[91mhover[33m:[39m[31m[91mafter,.btn-success[33m:[39m[31m[91mhover[33m:[39m[31m[91mbefore[33m{[39m[31m[91mcolor[33m:[39m[31m[91m[35m#5f5[39m[31m[91m[33m}[39m[31m[91m[33m.btn-success[39m[31m[91m[33m:[39m[31m[91mhover[33m{[39m[31m[91mcolor[33m:[39m[31m[91m[35m#5f5[39m[31m[91m[33m;[39m[31m[91mborder-color[33m:[39m[31m[91m[35m#fff[39m[31m[91m[33m}[39m[31m[91m[33m.btn-success.focus,.btn-success[39m[31m[91m[33m:[39m[31m[91mfocus[33m{[39m[31m[91mborder-color[33m:[39m[31m[91m[35m#fff[39m[31m[91m[33m}[39m[31m[91m[33m.btn-success.disabled,.btn-success[39m[31m[91m[33m:[39m[31m[91mdisabled[33m{[39m[31m[91mcolor[33m:[39m[31m[91m[35m#555[39m[31m[91m[33m;[39m[31m[91mbackground-color[33m:[39m[31m[91m[35m#bbb[39m[31m[91m[33m;[39m[31m[91mborder-color[33m:[39m[31m[91m[35m#0a0[39m[31m[91m[33m}[39m[31m[91m[33m.btn-success[39m[31m[91m[33m:[39m[31m[[39m[22m[1m[31m91m[36mnot[39m[31m[91m[36m(:disabled)[39m[31m[91m[33m:[39m[31m[91m[36mnot[39m[31m[91m[36m(.disabled)[39m[31m[91m[33m.active,.btn-success[39m[31m[91m[33m:[39m[31m[91m[36mnot[39m[31m[91m[36m(:disabled)[39m[31m[91m[33m:[39m[31m[91m[36mnot[39m[31m[91m[36m(.disabled)[39m[31m[91m[33m:[39m[31m[91mactive,.show>.btn-success.dropdown-toggle[33m{[39m[31m[91mcolor[33m:[39m[31m[91m[35m#0a0[39m[31m[91m[33m;[39m[31m[91mbackground-color[33m:[39m[31m[91m[35m#000[39m[31m[91m[33m}[39m[31m[91m[33m.btn-group-lg>.btn-success.btn,.btn-success.btn-lg[39m[31m[91m[33m{[39m[31m[91mbackground-color[33m:[39m[31m[91m[35m#0a0[39m[31m[91m[33m;[39m[31m[91mborder[33m:[39m[31m[91m[33m.875px[39m[31m[91m solid [35m#000[39m[31m[91m[33m;[39m[31m[91mmargin-top[33m:[39m[31m[91m7px[33m;[39m[31m[91mpadding-top[33m:[39m[31m[91m6.125px[33m;[39m[31m[91mpadding-bottom[33m:[39m[31m[91m7px[33m;[39m[31m[91mmargin-bottom[33m:[39m[31m[91m6.125px[33m;[39m[31m[91mborder-left-width[33m:[39m[31m[91m2px[33m;[39m[31m[91mborder-right-width[33m:[39m[31m[91m2px[33m;[39m[31m[91mmargin-left[33m:[39m[31m[91m3.5px[33m;[39m[31m[91mpadding-left[33m:[39m[31m[91m10.5px[33m;[39m[31m[91mpadding-right[33m:[39m[31m[91m11.5px[33m;[39m[31m[91mmargin-right[33m:[39m[31m[91m2.5px[33m;[39m[31m[91mbox-shadow[33m:[39m[31m[91m-3.5px -7px 0 0 [35m#0a0,2.5px[39m[31m[91m 6.125px 0 0 [35m#0a0,-3.5px[39m[31m[91m 6.125px 0 0 [35m#0a0,2.5px[39m[31m[91m -7px 0 0 [35m#0a0[39m[31m[91m[33m;[39m[31m[91m-webkit-filter[33m:[39m[31m[91m[36mdrop-shadow[39m[31m[91m[36m(7px 8px 0 #000)[39m[31m[91m[33m;[39m[31m[91mfilter[33m:[39m[31m[91m[36mdrop-shadow[39m[31m[91m[36m(7px 8px 0 #000)[39m[31m[91m[33m;[39m[31m[91mmargin-right[33m:[39m[31m[91m10.5px[33m;[39m[31m[91mmargin-bottom[33m:[39m[31m[91m20px[33m}[39m[31m[91m[33m.btn-group-lg>.btn-success.btn[39m[31m[91m[33m:[39m[31m[91mhover,.btn-success.btn-lg[33m:[39m[31m[91mhover[33m{[39m[31m[91mbox-shadow[33m:[39m[31m[91m-3.5px -7px 0 0 [35m#0a0,2.5px[39m[31m[91m 6.125px 0 0 [35m#0a0,-3.5px[39m[31m[91m 6.125px 0 0 [35m#0a0,2.5px[39m[31m[91m -7px 0 0 [35m#0a0[39m[31m[91m[33m;[39m[31m[91mcolor[33m:[39m[22m[1m[31m[39m[91m[35m#fff[39m[31m[91m[33m;[39m[31m[91mborder-color[33m:[39m[31m[91m[35m#fff[39m[31m[91m[33m;[39m[31m[91mbackground-color[33m:[39m[31m[91m[35m#0a0[39m[31m[91m[33m}[39m[31m[91m[33m.btn-group-lg.show>.btn-success.dropdown-toggle.btn,.btn-group-lg>.btn-success.btn[39m[31m[91m[33m:[39m[31m[91m[36mnot[39m[31m[91m[36m(:disabled)[39m[31m[91m[33m:[39m[31m[91m[36mnot[39m[31m[91m[36m(.disabled)[39m[31m[91m[33m.active,.btn-group-lg>.btn-success.btn[39m[31m[91m[33m:[39m[31m[91m[36mnot[39m[31m[91m[36m(:disabled)[39m[31m[91m[33m:[39m[31m[91m[36mnot[39m[31m[91m[36m(.disabled)[39m[31m[91m[33m:[39m[31m[91mactive,.btn-success.btn-lg[33m:[39m[31m[91m[36mnot[39m[31m[91m[36m(:disabled)[39m[31m[91m[33m:[39m[31m[91m[36mnot[39m[31m[91m[36m(.disabled)[39m[31m[91m[33m.active,.btn-success.btn-lg[39m[31m[91m[33m:[39m[31m[91m[36mnot[39m[31m[91m[36m(:disabled)[39m[31m[91m[33m:[39m[31m[91m[36mnot[39m[31m[91m[36m(.disabled)[39m[31m[91m[33m:[39m[31m[91mactive,.show>.btn-success.btn-lg.dropdown-toggle[33m{[39m[31m[91mbox-shadow[33m:[39m[31m[91m-3.5px -7px 0 0 [35m#0a0,2.5px[39m[31m[91m 6.125px 0 0 [35m#0a0,-3.5px[39m[31m[91m 6.125px 0 0 [35m#0a0,2.5px[39m[31m[91m -7px 0 0 [35m#0a0[39m[31m[91m[33m;[39m[31m[91mcolor[33m:[39m[31m[91m[35m#fff[39m[31m[91m[33m;[39m[31m[91mborder-color[33m:[39m[31m[91m[35m#fff[39m[31m[91m[33m;[39m[31m[91mbackground-color[33m:[39m[31m[91m[35m#0a0[39m[31m[91m[33m;[39m[31m[91m-webkit-filter[33m:[39m[31m[91mnone[33m;[39m[31m[91mfilter[33m:[39m[31m[91mnone[33m;[39m[31m[91mfilter[33m:[39m[31m[91mnone[33m;[39m[31m[91mposition[33m:[39m[31m[91mrelative[33m;[39m[31m[91mtop[33m:[39m[31m[91m14px[33m;[39m[31m[91mleft[33m:[39m[31m[91m8px[33m}[39m[31m[91m[33m.bs-component>.btn-info[39m[31m[91m[33m:[39m[31m[91m[36mnot[39m[31m[91m[36m(.disabled)[39m[31m[91m[33m:[39m[31m[91m[36mnot[39m[31m[91m[36m(.btn-sm)[39m[31m[91m[33m:[39m[31m[91m[36mnot[39m[31m[91m[36m(.btn-lg)[39m[31m[91m[33m:[39m[31m[91mhover[33m{[39m[31m[91mpadding-left[33m:[39m[31m[91m0[33m;[39m[31m[91mpadding-right[33m:[39m[31m[91m0[33m}[39m[31m[91m[33m.bs-component>.btn-info[39m[31m[91m[33m:[39m[31m[91m[39m[22m[1m[31m[36mnot[39m[31m[91m[36m(.disabled)[39m[31m[91m[33m:[39m[31m[91m[36mnot[39m[31m[91m[36m(.btn-sm)[39m[31m[91m[33m:[39m[31m[91m[36mnot[39m[31m[91m[36m(.btn-lg)[39m[31m[91m[33m:[39m[31m[91mhover[33m:[39m[31m[91mbefore[33m{[39m[31m[91mcontent[33m:[39m[31m[91m[32m'\25ba\20'[39m[31m[91m[33m}[39m[31m[91m[33m.bs-component>.btn-info[39m[31m[91m[33m:[39m[31m[91m[36mnot[39m[31m[91m[36m(.disabled)[39m[31m[91m[33m:[39m[31m[91m[36mnot[39m[31m[91m[36m(.btn-sm)[39m[31m[91m[33m:[39m[31m[91m[36mnot[39m[31m[91m[36m(.btn-lg)[39m[31m[91m[33m:[39m[31m[91mhover[33m:[39m[31m[91mafter[33m{[39m[31m[91mcontent[33m:[39m[31m[91m[32m' \25c4'[39m[31m[91m[33m}[39m[31m[91m[33m.btn-info[39m[31m[91m[33m{[39m[31m[91mcolor[33m:[39m[31m[91m[35m#000[39m[31m[91m[33m;[39m[31m[91mborder-color[33m:[39m[31m[91m[35m#000[39m[31m[91m[33m;[39m[31m[91mbackground-color[33m:[39m[31m[91m[35m#0aa[39m[31m[91m[33m}[39m[31m[91m[33m.btn-info[39m[31m[91m[33m:[39m[31m[91mhover[33m:[39m[31m[91mafter,.btn-info[33m:[39m[31m[91mhover[33m:[39m[31m[91mbefore[33m{[39m[31m[91mcolor[33m:[39m[31m[91m[35m#5ff[39m[31m[91m[33m}[39m[31m[91m[33m.btn-info[39m[31m[91m[33m:[39m[31m[91mhover[33m{[39m[31m[91mcolor[33m:[39m[31m[91m[35m#5ff[39m[31m[91m[33m;[39m[31m[91mborder-color[33m:[39m[31m[91m[35m#fff[39m[31m[91m[33m}[39m[31m[91m[33m.btn-info.focus,.btn-info[39m[31m[91m[33m:[39m[31m[91mfocus[33m{[39m[31m[91mborder-color[33m:[39m[31m[91m[35m#fff[39m[31m[91m[33m}[39m[31m[91m[33m.btn-info.disabled,.btn-info[39m[31m[91m[33m:[39m[31m[91mdisabled[33m{[39m[31m[91mcolor[33m:[39m[31m[91m[35m#555[39m[31m[91m[33m;[39m[31m[91mbackground-color[33m:[39m[31m[91m[35m#bbb[39m[31m[91m[33m;[39m[31m[91mborder-color[33m:[39m[31m[91m[35m#0aa[39m[31m[91m[33m}[39m[31m[91m[33m.btn-info[39m[31m[91m[33m:[39m[31m[91m[36mnot[39m[31m[91m[36m(:disabled)[39m[31m[91m[33m:[39m[31m[91m[36mnot[39m[31m[91m[36m(.disabled)[39m[31m[91m[33m.active,.btn-info[39m[31m[91m[33m:[39m[31m[91m[36mnot[39m[31m[91m[36m(:disabled)[39m[31m[91m[33m:[39m[31m[91m[36mnot[39m[31m[91m[36m(.disabled)[39m[31m[91m[33m:[39m[31m[91mactive,.show>.btn-info.dropdown-toggle[33m{[39m[31m[91mcolor[33m:[39m[22m[1m[31m[39m[91m[35m#0aa[39m[31m[91m[33m;[39m[31m[91mbackground-color[33m:[39m[31m[91m[35m#000[39m[31m[91m[33m}[39m[31m[91m[33m.btn-group-lg>.btn-info.btn,.btn-info.btn-lg[39m[31m[91m[33m{[39m[31m[91mbackground-color[33m:[39m[31m[91m[35m#0aa[39m[31m[91m[33m;[39m[31m[91mborder[33m:[39m[31m[91m[33m.875px[39m[31m[91m solid [35m#000[39m[31m[91m[33m;[39m[31m[91mmargin-top[33m:[39m[31m[91m7px[33m;[39m[31m[91mpadding-top[33m:[39m[31m[91m6.125px[33m;[39m[31m[91mpadding-bottom[33m:[39m[31m[91m7px[33m;[39m[31m[91mmargin-bottom[33m:[39m[31m[91m6.125px[33m;[39m[31m[91mborder-left-width[33m:[39m[31m[91m2px[33m;[39m[31m[91mborder-right-width[33m:[39m[31m[91m2px[33m;[39m[31m[91mmargin-left[33m:[39m[31m[91m3.5px[33m;[39m[31m[91mpadding-left[33m:[39m[31m[91m10.5px[33m;[39m[31m[91mpadding-right[33m:[39m[31m[91m11.5px[33m;[39m[31m[91mmargin-right[33m:[39m[31m[91m2.5px[33m;[39m[31m[91mbox-shadow[33m:[39m[31m[91m-3.5px -7px 0 0 [35m#0aa,2.5px[39m[31m[91m 6.125px 0 0 [35m#0aa,-3.5px[39m[31m[91m 6.125px 0 0 [35m#0aa,2.5px[39m[31m[91m -7px 0 0 [35m#0aa[39m[31m[91m[33m;[39m[31m[91m-webkit-filter[33m:[39m[31m[91m[36mdrop-shadow[39m[31m[91m[36m(7px 8px 0 #000)[39m[31m[91m[33m;[39m[31m[91mfilter[33m:[39m[31m[91m[36mdrop-shadow[39m[31m[91m[36m(7px 8px 0 #000)[39m[31m[91m[33m;[39m[31m[91mmargin-right[33m:[39m[31m[91m10.5px[33m;[39m[31m[91mmargin-bottom[33m:[39m[31m[91m20px[33m}[39m[31m[91m[33m.btn-group-lg>.btn-info.btn[39m[31m[91m[33m:[39m[31m[91mhover,.btn-info.btn-lg[33m:[39m[31m[91mhover[33m{[39m[31m[91mbox-shadow[33m:[39m[31m[91m-3.5px -7px 0 0 [35m#0aa,2.5px[39m[31m[91m 6.125px 0 0 [35m#0aa,-3.5px[39m[31m[91m 6.125px 0 0 [35m#0aa,2.5px[39m[31m[91m -7px 0 0 [35m#0aa[39m[31m[91m[33m;[39m[31m[91mcolor[33m:[39m[31m[91m[35m#fff[39m[31m[91m[33m;[39m[31m[91mborder-color[33m:[39m[31m[91m[35m#fff[39m[31m[91m[33m;[39m[31m[91mbackground-color[33m:[39m[31m[91m[35m#0aa[39m[31m[91m[33m}[39m[31m[91m[33m.btn-group-lg.show>.btn-info.dropdown-toggle.btn,.btn-group-lg>.btn-info.btn[39m[31m[91m[33m:[39m[31m[91m[36mnot[39m[31m[91m[36m(:disabled)[39m[31m[91m[33m:[39m[31m[91m[36mnot[39m[31m[91m[39m[22m[1m[31m[36m(.disabled)[39m[31m[91m[33m.active,.btn-group-lg>.btn-info.btn[39m[31m[91m[33m:[39m[31m[91m[36mnot[39m[31m[91m[36m(:disabled)[39m[31m[91m[33m:[39m[31m[91m[36mnot[39m[31m[91m[36m(.disabled)[39m[31m[91m[33m:[39m[31m[91mactive,.btn-info.btn-lg[33m:[39m[31m[91m[36mnot[39m[31m[91m[36m(:disabled)[39m[31m[91m[33m:[39m[31m[91m[36mnot[39m[31m[91m[36m(.disabled)[39m[31m[91m[33m.active,.btn-info.btn-lg[39m[31m[91m[33m:[39m[31m[91m[36mnot[39m[31m[91m[36m(:disabled)[39m[31m[91m[33m:[39m[31m[91m[36mnot[39m[31m[91m[36m(.disabled)[39m[31m[91m[33m:[39m[31m[91mactive,.show>.btn-info.btn-lg.dropdown-toggle[33m{[39m[31m[91mbox-shadow[33m:[39m[31m[91m-3.5px -7px 0 0 [35m#0aa,2.5px[39m[31m[91m 6.125px 0 0 [35m#0aa,-3.5px[39m[31m[91m 6.125px 0 0 [35m#0aa,2.5px[39m[31m[91m -7px 0 0 [35m#0aa[39m[31m[91m[33m;[39m[31m[91mcolor[33m:[39m[31m[91m[35m#fff[39m[31m[91m[33m;[39m[31m[91mborder-color[33m:[39m[31m[91m[35m#fff[39m[31m[91m[33m;[39m[31m[91mbackground-color[33m:[39m[31m[91m[35m#0aa[39m[31m[91m[33m;[39m[31m[91m-webkit-filter[33m:[39m[31m[91mnone[33m;[39m[31m[91mfilter[33m:[39m[31m[91mnone[33m;[39m[31m[91mfilter[33m:[39m[31m[91mnone[33m;[39m[31m[91mposition[33m:[39m[31m[91mrelative[33m;[39m[31m[91mtop[33m:[39m[31m[91m14px[33m;[39m[31m[91mleft[33m:[39m[31m[91m8px[33m}[39m[31m[91m[33m.bs-component>.btn-warning[39m[31m[91m[33m:[39m[31m[91m[36mnot[39m[31m[91m[36m(.disabled)[39m[31m[91m[33m:[39m[31m[91m[36mnot[39m[31m[91m[36m(.btn-sm)[39m[31m[91m[33m:[39m[31m[91m[36mnot[39m[31m[91m[36m(.btn-lg)[39m[31m[91m[33m:[39m[31m[91mhover[33m{[39m[31m[91mpadding-left[33m:[39m[31m[91m0[33m;[39m[31m[91mpadding-right[33m:[39m[31m[91m0[33m}[39m[31m[91m[33m.bs-component>.btn-warning[39m[31m[91m[33m:[39m[31m[91m[36mnot[39m[31m[91m[36m(.disabled)[39m[31m[91m[33m:[39m[31m[91m[36mnot[39m[31m[91m[36m(.btn-sm)[39m[31m[91m[33m:[39m[31m[91m[36mnot[39m[31m[91m[36m(.btn-lg)[39m[31m[91m[33m:[39m[31m[91mhover[33m:[39m[31m[91mbefore[33m{[39m[31m[91mcontent[33m:[39m[31m[91m[32m'\25ba\20'[39m[31m[91m[33m}[39m[31m[91m[33m.bs-component>.btn-warning[39m[31m[91m[33m:[39m[31m[91m[36mnot[39m[31m[91m[36m(.disable[39m[22m[1m[31md)[39m[31m[91m[33m:[39m[31m[91m[36mnot[39m[31m[91m[36m(.btn-sm)[39m[31m[91m[33m:[39m[31m[91m[36mnot[39m[31m[91m[36m(.btn-lg)[39m[31m[91m[33m:[39m[31m[91mhover[33m:[39m[31m[91mafter[33m{[39m[31m[91mcontent[33m:[39m[31m[91m[32m' \25c4'[39m[31m[91m[33m}[39m[31m[91m[33m.btn-warning[39m[31m[91m[33m{[39m[31m[91mcolor[33m:[39m[31m[91m[35m#000[39m[31m[91m[33m;[39m[31m[91mborder-color[33m:[39m[31m[91m[35m#000[39m[31m[91m[33m;[39m[31m[91mbackground-color[33m:[39m[31m[91m[35m#a50[39m[31m[91m[33m}[39m[31m[91m[33m.btn-warning[39m[31m[91m[33m:[39m[31m[91mhover[33m:[39m[31m[91mafter,.btn-warning[33m:[39m[31m[91mhover[33m:[39m[31m[91mbefore[33m{[39m[31m[91mcolor[33m:[39m[31m[91m[35m#ff5[39m[31m[91m[33m}[39m[31m[91m[33m.btn-warning[39m[31m[91m[33m:[39m[31m[91mhover[33m{[39m[31m[91mcolor[33m:[39m[31m[91m[35m#ff5[39m[31m[91m[33m;[39m[31m[91mborder-color[33m:[39m[31m[91m[35m#fff[39m[31m[91m[33m}[39m[31m[91m[33m.btn-warning.focus,.btn-warning[39m[31m[91m[33m:[39m[31m[91mfocus[33m{[39m[31m[91mborder-color[33m:[39m[31m[91m[35m#fff[39m[31m[91m[33m}[39m[31m[91m[33m.btn-warning.disabled,.btn-warning[39m[31m[91m[33m:[39m[31m[91mdisabled[33m{[39m[31m[91mcolor[33m:[39m[31m[91m[35m#555[39m[31m[91m[33m;[39m[31m[91mbackground-color[33m:[39m[31m[91m[35m#bbb[39m[31m[91m[33m;[39m[31m[91mborder-color[33m:[39m[31m[91m[35m#a50[39m[31m[91m[33m}[39m[31m[91m[33m.btn-warning[39m[31m[91m[33m:[39m[31m[91m[36mnot[39m[31m[91m[36m(:disabled)[39m[31m[91m[33m:[39m[31m[91m[36mnot[39m[31m[91m[36m(.disabled)[39m[31m[91m[33m.active,.btn-warning[39m[31m[91m[33m:[39m[31m[91m[36mnot[39m[31m[91m[36m(:disabled)[39m[31m[91m[33m:[39m[31m[91m[36mnot[39m[31m[91m[36m(.disabled)[39m[31m[91m[33m:[39m[31m[91mactive,.show>.btn-warning.dropdown-toggle[33m{[39m[31m[91mcolor[33m:[39m[31m[91m[35m#a50[39m[31m[91m[33m;[39m[31m[91mbackground-color[33m:[39m[31m[91m[35m#000[39m[31m[91m[33m}[39m[31m[91m[33m.btn-group-lg>.btn-warning.btn,.btn-warning.btn-lg[39m[31m[91m[33m{[39m[31m[91mbackground-color[33m:[39m[31m[91m[35m#a50[39m[31m[91m[33m;[39m[31m[91mborder[33m:[39m[31m[91m[33m.875px[39m[31m[91m solid [35m#000[39m[31m[91m[33m;[39m[22m[1m[31m[39m[91mmargin-top[33m:[39m[31m[91m7px[33m;[39m[31m[91mpadding-top[33m:[39m[31m[91m6.125px[33m;[39m[31m[91mpadding-bottom[33m:[39m[31m[91m7px[33m;[39m[31m[91mmargin-bottom[33m:[39m[31m[91m6.125px[33m;[39m[31m[91mborder-left-width[33m:[39m[31m[91m2px[33m;[39m[31m[91mborder-right-width[33m:[39m[31m[91m2px[33m;[39m[31m[91mmargin-left[33m:[39m[31m[91m3.5px[33m;[39m[31m[91mpadding-left[33m:[39m[31m[91m10.5px[33m;[39m[31m[91mpadding-right[33m:[39m[31m[91m11.5px[33m;[39m[31m[91mmargin-right[33m:[39m[31m[91m2.5px[33m;[39m[31m[91mbox-shadow[33m:[39m[31m[91m-3.5px -7px 0 0 [35m#a50,2.5px[39m[31m[91m 6.125px 0 0 [35m#a50,-3.5px[39m[31m[91m 6.125px 0 0 [35m#a50,2.5px[39m[31m[91m -7px 0 0 [35m#a50[39m[31m[91m[33m;[39m[31m[91m-webkit-filter[33m:[39m[31m[91m[36mdrop-shadow[39m[31m[91m[36m(7px 8px 0 #000)[39m[31m[91m[33m;[39m[31m[91mfilter[33m:[39m[31m[91m[36mdrop-shadow[39m[31m[91m[36m(7px 8px 0 #000)[39m[31m[91m[33m;[39m[31m[91mmargin-right[33m:[39m[31m[91m10.5px[33m;[39m[31m[91mmargin-bottom[33m:[39m[31m[91m20px[33m}[39m[31m[91m[33m.btn-group-lg>.btn-warning.btn[39m[31m[91m[33m:[39m[31m[91mhover,.btn-warning.btn-lg[33m:[39m[31m[91mhover[33m{[39m[31m[91mbox-shadow[33m:[39m[31m[91m-3.5px -7px 0 0 [35m#a50,2.5px[39m[31m[91m 6.125px 0 0 [35m#a50,-3.5px[39m[31m[91m 6.125px 0 0 [35m#a50,2.5px[39m[31m[91m -7px 0 0 [35m#a50[39m[31m[91m[33m;[39m[31m[91mcolor[33m:[39m[31m[91m[35m#fff[39m[31m[91m[33m;[39m[31m[91mborder-color[33m:[39m[31m[91m[35m#fff[39m[31m[91m[33m;[39m[31m[91mbackground-color[33m:[39m[31m[91m[35m#a50[39m[31m[91m[33m}[39m[31m[91m[33m.btn-group-lg.show>.btn-warning.dropdown-toggle.btn,.btn-group-lg>.btn-warning.btn[39m[31m[91m[33m:[39m[31m[91m[36mnot[39m[31m[91m[36m(:disabled)[39m[31m[91m[33m:[39m[31m[91m[36mnot[39m[31m[91m[36m(.disabled)[39m[31m[91m[33m.active,.btn-group-lg>.btn-warning.btn[39m[31m[91m[33m:[39m[31m[91m[36mnot[39m[31m[91m[36m(:disabled)[39m[31m[91m[33m:[39m[31m[91m[36mnot[39m[31m[91m[36m(.disabled)[39m[31m[91m[33m:[39m[31m[91mactive,.btn-warning.btn-lg[33m:[39m[31m[91m[36mnot[39m[31m[91m[36m(:disabled)[39m[31m[91m[33m:[39m[31m[91m[39m[22m[1m[31m[36mnot[39m[31m[91m[36m(.disabled)[39m[31m[91m[33m.active,.btn-warning.btn-lg[39m[31m[91m[33m:[39m[31m[91m[36mnot[39m[31m[91m[36m(:disabled)[39m[31m[91m[33m:[39m[31m[91m[36mnot[39m[31m[91m[36m(.disabled)[39m[31m[91m[33m:[39m[31m[91mactive,.show>.btn-warning.btn-lg.dropdown-toggle[33m{[39m[31m[91mbox-shadow[33m:[39m[31m[91m-3.5px -7px 0 0 [35m#a50,2.5px[39m[31m[91m 6.125px 0 0 [35m#a50,-3.5px[39m[31m[91m 6.125px 0 0 [35m#a50,2.5px[39m[31m[91m -7px 0 0 [35m#a50[39m[31m[91m[33m;[39m[31m[91mcolor[33m:[39m[31m[91m[35m#fff[39m[31m[91m[33m;[39m[31m[91mborder-color[33m:[39m[31m[91m[35m#fff[39m[31m[91m[33m;[39m[31m[91mbackground-color[33m:[39m[31m[91m[35m#a50[39m[31m[91m[33m;[39m[31m[91m-webkit-filter[33m:[39m[31m[91mnone[33m;[39m[31m[91mfilter[33m:[39m[31m[91mnone[33m;[39m[31m[91mfilter[33m:[39m[31m[91mnone[33m;[39m[31m[91mposition[33m:[39m[31m[91mrelative[33m;[39m[31m[91mtop[33m:[39m[31m[91m14px[33m;[39m[31m[91mleft[33m:[39m[31m[91m8px[33m}[39m[31m[91m[33m.bs-component>.btn-danger[39m[31m[91m[33m:[39m[31m[91m[36mnot[39m[31m[91m[36m(.disabled)[39m[31m[91m[33m:[39m[31m[91m[36mnot[39m[31m[91m[36m(.btn-sm)[39m[31m[91m[33m:[39m[31m[91m[36mnot[39m[31m[91m[36m(.btn-lg)[39m[31m[91m[33m:[39m[31m[91mhover[33m{[39m[31m[91mpadding-left[33m:[39m[31m[91m0[33m;[39m[31m[91mpadding-right[33m:[39m[31m[91m0[33m}[39m[31m[91m[33m.bs-component>.btn-danger[39m[31m[91m[33m:[39m[31m[91m[36mnot[39m[31m[91m[36m(.disabled)[39m[31m[91m[33m:[39m[31m[91m[36mnot[39m[31m[91m[36m(.btn-sm)[39m[31m[91m[33m:[39m[31m[91m[36mnot[39m[31m[91m[36m(.btn-lg)[39m[31m[91m[33m:[39m[31m[91mhover[33m:[39m[31m[91mbefore[33m{[39m[31m[91mcontent[33m:[39m[31m[91m[32m'\25ba\20'[39m[31m[91m[33m}[39m[31m[91m[33m.bs-component>.btn-danger[39m[31m[91m[33m:[39m[31m[91m[36mnot[39m[31m[91m[36m(.disabled)[39m[31m[91m[33m:[39m[31m[91m[36mnot[39m[31m[91m[36m(.btn-sm)[39m[31m[91m[33m:[39m[31m[91m[36mnot[39m[31m[91m[36m(.btn-lg)[39m[31m[91m[33m:[39m[31m[91mhover[33m:[39m[31m[91mafter[33m{[39m[31m[91mcontent[33m:[39m[31m[91m[32m' \25c4'[39m[31m[91m[33m}[39m[31m[91m[33m.btn-danger[39m[31m[91m[33m{[39m[31m[91mcolor[33m:[39m[31m[[39m[22m[1m[31m91m[35m#000[39m[31m[91m[33m;[39m[31m[91mborder-color[33m:[39m[31m[91m[35m#000[39m[31m[91m[33m;[39m[31m[91mbackground-color[33m:[39m[31m[91m[35m#a00[39m[31m[91m[33m}[39m[31m[91m[33m.btn-danger[39m[31m[91m[33m:[39m[31m[91mhover[33m:[39m[31m[91mafter,.btn-danger[33m:[39m[31m[91mhover[33m:[39m[31m[91mbefore[33m{[39m[31m[91mcolor[33m:[39m[31m[91m[35m#f55[39m[31m[91m[33m}[39m[31m[91m[33m.btn-danger[39m[31m[91m[33m:[39m[31m[91mhover[33m{[39m[31m[91mcolor[33m:[39m[31m[91m[35m#f55[39m[31m[91m[33m;[39m[31m[91mborder-color[33m:[39m[31m[91m[35m#fff[39m[31m[91m[33m}[39m[31m[91m[33m.btn-danger.focus,.btn-danger[39m[31m[91m[33m:[39m[31m[91mfocus[33m{[39m[31m[91mborder-color[33m:[39m[31m[91m[35m#fff[39m[31m[91m[33m}[39m[31m[91m[33m.btn-danger.disabled,.btn-danger[39m[31m[91m[33m:[39m[31m[91mdisabled[33m{[39m[31m[91mcolor[33m:[39m[31m[91m[35m#555[39m[31m[91m[33m;[39m[31m[91mbackground-color[33m:[39m[31m[91m[35m#bbb[39m[31m[91m[33m;[39m[31m[91mborder-color[33m:[39m[31m[91m[35m#a00[39m[31m[91m[33m}[39m[31m[91m[33m.btn-danger[39m[31m[91m[33m:[39m[31m[91m[36mnot[39m[31m[91m[36m(:disabled)[39m[31m[91m[33m:[39m[31m[91m[36mnot[39m[31m[91m[36m(.disabled)[39m[31m[91m[33m.active,.btn-danger[39m[31m[91m[33m:[39m[31m[91m[36mnot[39m[31m[91m[36m(:disabled)[39m[31m[91m[33m:[39m[31m[91m[36mnot[39m[31m[91m[36m(.disabled)[39m[31m[91m[33m:[39m[31m[91mactive,.show>.btn-danger.dropdown-toggle[33m{[39m[31m[91mcolor[33m:[39m[31m[91m[35m#a00[39m[31m[91m[33m;[39m[31m[91mbackground-color[33m:[39m[31m[91m[35m#000[39m[31m[91m[33m}[39m[31m[91m[33m.btn-danger.btn-lg,.btn-group-lg>.btn-danger.btn[39m[31m[91m[33m{[39m[31m[91mbackground-color[33m:[39m[31m[91m[35m#a00[39m[31m[91m[33m;[39m[31m[91mborder[33m:[39m[31m[91m[33m.875px[39m[31m[91m solid [35m#000[39m[31m[91m[33m;[39m[31m[91mmargin-top[33m:[39m[31m[91m7px[33m;[39m[31m[91mpadding-top[33m:[39m[31m[91m6.125px[33m;[39m[31m[91mpadding-bottom[33m:[39m[31m[91m7px[33m;[39m[31m[91mmargin-bottom[33m:[39m[31m[91m6.125px[33m;[39m[31m[91mborder-left-width[33m:[39m[31m[91m2px[33m;[39m[31m[91mborder-right-width[33m:[39m[31m[91m2px[33m;[39m[31m[91mmargin-left[39m[22m[1m[31m[33m:[39m[31m[91m3.5px[33m;[39m[31m[91mpadding-left[33m:[39m[31m[91m10.5px[33m;[39m[31m[91mpadding-right[33m:[39m[31m[91m11.5px[33m;[39m[31m[91mmargin-right[33m:[39m[31m[91m2.5px[33m;[39m[31m[91mbox-shadow[33m:[39m[31m[91m-3.5px -7px 0 0 [35m#a00,2.5px[39m[31m[91m 6.125px 0 0 [35m#a00,-3.5px[39m[31m[91m 6.125px 0 0 [35m#a00,2.5px[39m[31m[91m -7px 0 0 [35m#a00[39m[31m[91m[33m;[39m[31m[91m-webkit-filter[33m:[39m[31m[91m[36mdrop-shadow[39m[31m[91m[36m(7px 8px 0 #000)[39m[31m[91m[33m;[39m[31m[91mfilter[33m:[39m[31m[91m[36mdrop-shadow[39m[31m[91m[36m(7px 8px 0 #000)[39m[31m[91m[33m;[39m[31m[91mmargin-right[33m:[39m[31m[91m10.5px[33m;[39m[31m[91mmargin-bottom[33m:[39m[31m[91m20px[33m}[39m[31m[91m[33m.btn-danger.btn-lg[39m[31m[91m[33m:[39m[31m[91mhover,.btn-group-lg>.btn-danger.btn[33m:[39m[31m[91mhover[33m{[39m[31m[91mbox-shadow[33m:[39m[31m[91m-3.5px -7px 0 0 [35m#a00,2.5px[39m[31m[91m 6.125px 0 0 [35m#a00,-3.5px[39m[31m[91m 6.125px 0 0 [35m#a00,2.5px[39m[31m[91m -7px 0 0 [35m#a00[39m[31m[91m[33m;[39m[31m[91mcolor[33m:[39m[31m[91m[35m#fff[39m[31m[91m[33m;[39m[31m[91mborder-color[33m:[39m[31m[91m[35m#fff[39m[31m[91m[33m;[39m[31m[91mbackground-color[33m:[39m[31m[91m[35m#a00[39m[31m[91m[33m}[39m[31m[91m[33m.btn-danger.btn-lg[39m[31m[91m[33m:[39m[31m[91m[36mnot[39m[31m[91m[36m(:disabled)[39m[31m[91m[33m:[39m[31m[91m[36mnot[39m[31m[91m[36m(.disabled)[39m[31m[91m[33m.active,.btn-danger.btn-lg[39m[31m[91m[33m:[39m[31m[91m[36mnot[39m[31m[91m[36m(:disabled)[39m[31m[91m[33m:[39m[31m[91m[36mnot[39m[31m[91m[36m(.disabled)[39m[31m[91m[33m:[39m[31m[91mactive,.btn-group-lg.show>.btn-danger.dropdown-toggle.btn,.btn-group-lg>.btn-danger.btn[33m:[39m[31m[91m[36mnot[39m[31m[91m[36m(:disabled)[39m[31m[91m[33m:[39m[31m[91m[36mnot[39m[31m[91m[36m(.disabled)[39m[31m[91m[33m.active,.btn-group-lg>.btn-danger.btn[39m[31m[91m[33m:[39m[31m[91m[36mnot[39m[31m[91m[36m(:disabled)[39m[31m[91m[33m:[39m[31m[91m[36mnot[39m[31m[91m[36m(.disabled)[39m[31m[91m[33m:[39m[31m[91mactive,.show>.btn-danger.btn-lg.dropdown-toggle[33m{[39m[31m[91mbox-shadow[33m:[39m[31m[91m-3.5px -7px 0 0 [39m[22m[1m[31m[35m#a00,2.5px[39m[31m[91m 6.125px 0 0 [35m#a00,-3.5px[39m[31m[91m 6.125px 0 0 [35m#a00,2.5px[39m[31m[91m -7px 0 0 [35m#a00[39m[31m[91m[33m;[39m[31m[91mcolor[33m:[39m[31m[91m[35m#fff[39m[31m[91m[33m;[39m[31m[91mborder-color[33m:[39m[31m[91m[35m#fff[39m[31m[91m[33m;[39m[31m[91mbackground-color[33m:[39m[31m[91m[35m#a00[39m[31m[91m[33m;[39m[31m[91m-webkit-filter[33m:[39m[31m[91mnone[33m;[39m[31m[91mfilter[33m:[39m[31m[91mnone[33m;[39m[31m[91mfilter[33m:[39m[31m[91mnone[33m;[39m[31m[91mposition[33m:[39m[31m[91mrelative[33m;[39m[31m[91mtop[33m:[39m[31m[91m14px[33m;[39m[31m[91mleft[33m:[39m[31m[91m8px[33m}[39m[31m[91m[33m.bs-component>.btn-light[39m[31m[91m[33m:[39m[31m[91m[36mnot[39m[31m[91m[36m(.disabled)[39m[31m[91m[33m:[39m[31m[91m[36mnot[39m[31m[91m[36m(.btn-sm)[39m[31m[91m[33m:[39m[31m[91m[36mnot[39m[31m[91m[36m(.btn-lg)[39m[31m[91m[33m:[39m[31m[91mhover[33m{[39m[31m[91mpadding-left[33m:[39m[31m[91m0[33m;[39m[31m[91mpadding-right[33m:[39m[31m[91m0[33m}[39m[31m[91m[33m.bs-component>.btn-light[39m[31m[91m[33m:[39m[31m[91m[36mnot[39m[31m[91m[36m(.disabled)[39m[31m[91m[33m:[39m[31m[91m[36mnot[39m[31m[91m[36m(.btn-sm)[39m[31m[91m[33m:[39m[31m[91m[36mnot[39m[31m[91m[36m(.btn-lg)[39m[31m[91m[33m:[39m[31m[91mhover[33m:[39m[31m[91mbefore[33m{[39m[31m[91mcontent[33m:[39m[31m[91m[32m'\25ba\20'[39m[31m[91m[33m}[39m[31m[91m[33m.bs-component>.btn-light[39m[31m[91m[33m:[39m[31m[91m[36mnot[39m[31m[91m[36m(.disabled)[39m[31m[91m[33m:[39m[31m[91m[36mnot[39m[31m[91m[36m(.btn-sm)[39m[31m[91m[33m:[39m[31m[91m[36mnot[39m[31m[91m[36m(.btn-lg)[39m[31m[91m[33m:[39m[31m[91mhover[33m:[39m[31m[91mafter[33m{[39m[31m[91mcontent[33m:[39m[31m[91m[32m' \25c4'[39m[31m[91m[33m}[39m[31m[91m[33m.btn-light[39m[31m[91m[33m{[39m[31m[91mcolor[33m:[39m[31m[91m[35m#000[39m[31m[91m[33m;[39m[31m[91mborder-color[33m:[39m[31m[91m[35m#000[39m[31m[91m[33m;[39m[31m[91mbackground-color[33m:[39m[31m[91m[35m#fff[39m[31m[91m[33m}[39m[31m[91m[33m.btn-light[39m[31m[91m[33m:[39m[31m[91mhover[33m{[39m[31m[91mborder-color[33m:[39m[31m[91m[35m#fff[39m[31m[91m[33m}[39m[31m[91m[33m.btn-light.focus,.btn-light[39m[31m[9[39m[22m[1m[31m1m[33m:[39m[31m[91mfocus[33m{[39m[31m[91mborder-color[33m:[39m[31m[91m[35m#fff[39m[31m[91m[33m}[39m[31m[91m[33m.btn-light.disabled,.btn-light[39m[31m[91m[33m:[39m[31m[91mdisabled[33m{[39m[31m[91mcolor[33m:[39m[31m[91m[35m#555[39m[31m[91m[33m;[39m[31m[91mbackground-color[33m:[39m[31m[91m[35m#bbb[39m[31m[91m[33m;[39m[31m[91mborder-color[33m:[39m[31m[91m[35m#fff[39m[31m[91m[33m}[39m[31m[91m[33m.btn-light[39m[31m[91m[33m:[39m[31m[91m[36mnot[39m[31m[91m[36m(:disabled)[39m[31m[91m[33m:[39m[31m[91m[36mnot[39m[31m[91m[36m(.disabled)[39m[31m[91m[33m.active,.btn-light[39m[31m[91m[33m:[39m[31m[91m[36mnot[39m[31m[91m[36m(:disabled)[39m[31m[91m[33m:[39m[31m[91m[36mnot[39m[31m[91m[36m(.disabled)[39m[31m[91m[33m:[39m[31m[91mactive,.show>.btn-light.dropdown-toggle[33m{[39m[31m[91mcolor[33m:[39m[31m[91m[35m#fff[39m[31m[91m[33m;[39m[31m[91mbackground-color[33m:[39m[31m[91m[35m#000[39m[31m[91m[33m}[39m[31m[91m[33m.btn-group-lg>.btn-light.btn,.btn-light.btn-lg[39m[31m[91m[33m{[39m[31m[91mbackground-color[33m:[39m[31m[91m[35m#fff[39m[31m[91m[33m;[39m[31m[91mborder[33m:[39m[31m[91m[33m.875px[39m[31m[91m solid [35m#000[39m[31m[91m[33m;[39m[31m[91mmargin-top[33m:[39m[31m[91m7px[33m;[39m[31m[91mpadding-top[33m:[39m[31m[91m6.125px[33m;[39m[31m[91mpadding-bottom[33m:[39m[31m[91m7px[33m;[39m[31m[91mmargin-bottom[33m:[39m[31m[91m6.125px[33m;[39m[31m[91mborder-left-width[33m:[39m[31m[91m2px[33m;[39m[31m[91mborder-right-width[33m:[39m[31m[91m2px[33m;[39m[31m[91mmargin-left[33m:[39m[31m[91m3.5px[33m;[39m[31m[91mpadding-left[33m:[39m[31m[91m10.5px[33m;[39m[31m[91mpadding-right[33m:[39m[31m[91m11.5px[33m;[39m[31m[91mmargin-right[33m:[39m[31m[91m2.5px[33m;[39m[31m[91mbox-shadow[33m:[39m[31m[91m-3.5px -7px 0 0 [35m#fff,2.5px[39m[31m[91m 6.125px 0 0 [35m#fff,-3.5px[39m[31m[91m 6.125px 0 0 [35m#fff,2.5px[39m[31m[91m -7px 0 0 [35m#fff[39m[31m[91m[33m;[39m[31m[91m-webkit-filter[33m:[39m[31m[91m[36mdrop-shadow[39m[31m[91m[36m(7px 8px 0 #000)[39m[31m[91m[33m;[39m[31m[91mfilter[33m:[39m[31m[91m[36mdrop-shadow[39m[31m[91m[36m(7px 8px 0 #000)[39m[31m[91m[33m;[39m[31m[91mmargin-right[33m:[[39m[22m[1m[31m39m[91m10.5px[33m;[39m[31m[91mmargin-bottom[33m:[39m[31m[91m20px[33m}[39m[31m[91m[33m.btn-group-lg>.btn-light.btn[39m[31m[91m[33m:[39m[31m[91mhover,.btn-light.btn-lg[33m:[39m[31m[91mhover[33m{[39m[31m[91mbox-shadow[33m:[39m[31m[91m-3.5px -7px 0 0 [35m#bbb,2.5px[39m[31m[91m 6.125px 0 0 [35m#bbb,-3.5px[39m[31m[91m 6.125px 0 0 [35m#bbb,2.5px[39m[31m[91m -7px 0 0 [35m#bbb[39m[31m[91m[33m;[39m[31m[91mcolor[33m:[39m[31m[91m[35m#fff[39m[31m[91m[33m;[39m[31m[91mborder-color[33m:[39m[31m[91m[35m#fff[39m[31m[91m[33m;[39m[31m[91mbackground-color[33m:[39m[31m[91m[35m#bbb[39m[31m[91m[33m}[39m[31m[91m[33m.btn-group-lg.show>.btn-light.dropdown-toggle.btn,.btn-group-lg>.btn-light.btn[39m[31m[91m[33m:[39m[31m[91m[36mnot[39m[31m[91m[36m(:disabled)[39m[31m[91m[33m:[39m[31m[91m[36mnot[39m[31m[91m[36m(.disabled)[39m[31m[91m[33m.active,.btn-group-lg>.btn-light.btn[39m[31m[91m[33m:[39m[31m[91m[36mnot[39m[31m[91m[36m(:disabled)[39m[31m[91m[33m:[39m[31m[91m[36mnot[39m[31m[91m[36m(.disabled)[39m[31m[91m[33m:[39m[31m[91mactive,.btn-light.btn-lg[33m:[39m[31m[91m[36mnot[39m[31m[91m[36m(:disabled)[39m[31m[91m[33m:[39m[31m[91m[36mnot[39m[31m[91m[36m(.disabled)[39m[31m[91m[33m.active,.btn-light.btn-lg[39m[31m[91m[33m:[39m[31m[91m[36mnot[39m[31m[91m[36m(:disabled)[39m[31m[91m[33m:[39m[31m[91m[36mnot[39m[31m[91m[36m(.disabled)[39m[31m[91m[33m:[39m[31m[91mactive,.show>.btn-light.btn-lg.dropdown-toggle[33m{[39m[31m[91mbox-shadow[33m:[39m[31m[91m-3.5px -7px 0 0 [35m#bbb,2.5px[39m[31m[91m 6.125px 0 0 [35m#bbb,-3.5px[39m[31m[91m 6.125px 0 0 [35m#bbb,2.5px[39m[31m[91m -7px 0 0 [35m#bbb[39m[31m[91m[33m;[39m[31m[91mcolor[33m:[39m[31m[91m[35m#fff[39m[31m[91m[33m;[39m[31m[91mborder-color[33m:[39m[31m[91m[35m#fff[39m[31m[91m[33m;[39m[31m[91mbackground-color[33m:[39m[31m[91m[35m#bbb[39m[31m[91m[33m;[39m[31m[91m-webkit-filter[33m:[39m[31m[91mnone[33m;[39m[31m[91mfilter[33m:[39m[31m[91mnone[33m;[39m[31m[91mfilter[33m:[39m[31m[91mnone[33m;[39m[31m[91mposition[33m:[39m[31m[91mrelative[33m;[39m[31m[91mtop[33m:[39m[31m[91m14px[33m;[39m[31m[91mleft[33m:[39m[31m[91m8px[33m}[39m[31m[91m[33m.bs-c[39m[22m[1m[31momponent>.btn-dark[39m[31m[91m[33m:[39m[31m[91m[36mnot[39m[31m[91m[36m(.disabled)[39m[31m[91m[33m:[39m[31m[91m[36mnot[39m[31m[91m[36m(.btn-sm)[39m[31m[91m[33m:[39m[31m[91m[36mnot[39m[31m[91m[36m(.btn-lg)[39m[31m[91m[33m:[39m[31m[91mhover[33m{[39m[31m[91mpadding-left[33m:[39m[31m[91m0[33m;[39m[31m[91mpadding-right[33m:[39m[31m[91m0[33m}[39m[31m[91m[33m.bs-component>.btn-dark[39m[31m[91m[33m:[39m[31m[91m[36mnot[39m[31m[91m[36m(.disabled)[39m[31m[91m[33m:[39m[31m[91m[36mnot[39m[31m[91m[36m(.btn-sm)[39m[31m[91m[33m:[39m[31m[91m[36mnot[39m[31m[91m[36m(.btn-lg)[39m[31m[91m[33m:[39m[31m[91mhover[33m:[39m[31m[91mbefore[33m{[39m[31m[91mcontent[33m:[39m[31m[91m[32m'\25ba\20'[39m[31m[91m[33m}[39m[31m[91m[33m.bs-component>.btn-dark[39m[31m[91m[33m:[39m[31m[91m[36mnot[39m[31m[91m[36m(.disabled)[39m[31m[91m[33m:[39m[31m[91m[36mnot[39m[31m[91m[36m(.btn-sm)[39m[31m[91m[33m:[39m[31m[91m[36mnot[39m[31m[91m[36m(.btn-lg)[39m[31m[91m[33m:[39m[31m[91mhover[33m:[39m[31m[91mafter[33m{[39m[31m[91mcontent[33m:[39m[31m[91m[32m' \25c4'[39m[31m[91m[33m}[39m[31m[91m[33m.btn-dark[39m[31m[91m[33m{[39m[31m[91mcolor[33m:[39m[31m[91m[35m#000[39m[31m[91m[33m;[39m[31m[91mborder-color[33m:[39m[31m[91m[35m#000[39m[31m[91m[33m;[39m[31m[91mbackground-color[33m:[39m[31m[91m[35m#000[39m[31m[91m[33m}[39m[31m[91m[33m.btn-dark[39m[31m[91m[33m:[39m[31m[91mhover[33m:[39m[31m[91mafter,.btn-dark[33m:[39m[31m[91mhover[33m:[39m[31m[91mbefore[33m{[39m[31m[91mcolor[33m:[39m[31m[91m[35m#555[39m[31m[91m[33m}[39m[31m[91m[33m.btn-dark[39m[31m[91m[33m:[39m[31m[91mhover[33m{[39m[31m[91mcolor[33m:[39m[31m[91m[35m#555[39m[31m[91m[33m;[39m[31m[91mborder-color[33m:[39m[31m[91m[35m#fff[39m[31m[91m[33m}[39m[31m[91m[33m.btn-dark.focus,.btn-dark[39m[31m[91m[33m:[39m[31m[91mfocus[33m{[39m[31m[91mborder-color[33m:[39m[31m[91m[35m#fff[39m[31m[91m[33m}[39m[31m[91m[33m.btn-dark.disabled,.btn-dark[39m[31m[91m[33m:[39m[31m[91mdisabled[33m{[39m[31m[91mcolor[33m:[39m[31m[91m[35m#555[39m[31m[91m[33m;[39m[31m[91mbackground-color[33m:[39m[31m[91m[35m#bbb[39m[31m[91m[33m;[39m[31m[91mborder-color[33m:[39m[31m[91m[35m#000[39m[31m[91m[33m}[39m[22m[1m[31m[39m[91m[33m.btn-dark[39m[31m[91m[33m:[39m[31m[91m[36mnot[39m[31m[91m[36m(:disabled)[39m[31m[91m[33m:[39m[31m[91m[36mnot[39m[31m[91m[36m(.disabled)[39m[31m[91m[33m.active,.btn-dark[39m[31m[91m[33m:[39m[31m[91m[36mnot[39m[31m[91m[36m(:disabled)[39m[31m[91m[33m:[39m[31m[91m[36mnot[39m[31m[91m[36m(.disabled)[39m[31m[91m[33m:[39m[31m[91mactive,.show>.btn-dark.dropdown-toggle[33m{[39m[31m[91mcolor[33m:[39m[31m[91m[35m#000[39m[31m[91m[33m;[39m[31m[91mbackground-color[33m:[39m[31m[91m[35m#000[39m[31m[91m[33m}[39m[31m[91m[33m.btn-dark.btn-lg,.btn-group-lg>.btn-dark.btn[39m[31m[91m[33m{[39m[31m[91mbackground-color[33m:[39m[31m[91m[35m#000[39m[31m[91m[33m;[39m[31m[91mborder[33m:[39m[31m[91m[33m.875px[39m[31m[91m solid [35m#000[39m[31m[91m[33m;[39m[31m[91mmargin-top[33m:[39m[31m[91m7px[33m;[39m[31m[91mpadding-top[33m:[39m[31m[91m6.125px[33m;[39m[31m[91mpadding-bottom[33m:[39m[31m[91m7px[33m;[39m[31m[91mmargin-bottom[33m:[39m[31m[91m6.125px[33m;[39m[31m[91mborder-left-width[33m:[39m[31m[91m2px[33m;[39m[31m[91mborder-right-width[33m:[39m[31m[91m2px[33m;[39m[31m[91mmargin-left[33m:[39m[31m[91m3.5px[33m;[39m[31m[91mpadding-left[33m:[39m[31m[91m10.5px[33m;[39m[31m[91mpadding-right[33m:[39m[31m[91m11.5px[33m;[39m[31m[91mmargin-right[33m:[39m[31m[91m2.5px[33m;[39m[31m[91mbox-shadow[33m:[39m[31m[91m-3.5px -7px 0 0 [35m#000,2.5px[39m[31m[91m 6.125px 0 0 [35m#000,-3.5px[39m[31m[91m 6.125px 0 0 [35m#000,2.5px[39m[31m[91m -7px 0 0 [35m#000[39m[31m[91m[33m;[39m[31m[91m-webkit-filter[33m:[39m[31m[91m[36mdrop-shadow[39m[31m[91m[36m(7px 8px 0 #000)[39m[31m[91m[33m;[39m[31m[91mfilter[33m:[39m[31m[91m[36mdrop-shadow[39m[31m[91m[36m(7px 8px 0 #000)[39m[31m[91m[33m;[39m[31m[91mmargin-right[33m:[39m[31m[91m10.5px[33m;[39m[31m[91mmargin-bottom[33m:[39m[31m[91m20px[33m}[39m[31m[91m[33m.btn-dark.btn-lg[39m[31m[91m[33m:[39m[31m[91mhover,.btn-group-lg>.btn-dark.btn[33m:[39m[31m[91mhover[33m{[39m[31m[91mbox-shadow[33m:[39m[31m[91m-3.5px -7px 0 0 [35m#000,2.5px[39m[31m[91m 6.125px 0 0 [35m#000,-3.5px[39m[31m[91m 6.125px 0 0 [35m#000,2.5px[39m[31m[91m -7px 0 0 [35m#000[39m[31m[91m[39m[22m[1m[31m[33m;[39m[31m[91mcolor[33m:[39m[31m[91m[35m#fff[39m[31m[91m[33m;[39m[31m[91mborder-color[33m:[39m[31m[91m[35m#fff[39m[31m[91m[33m;[39m[31m[91mbackground-color[33m:[39m[31m[91m[35m#000[39m[31m[91m[33m}[39m[31m[91m[33m.btn-dark.btn-lg[39m[31m[91m[33m:[39m[31m[91m[36mnot[39m[31m[91m[36m(:disabled)[39m[31m[91m[33m:[39m[31m[91m[36mnot[39m[31m[91m[36m(.disabled)[39m[31m[91m[33m.active,.btn-dark.btn-lg[39m[31m[91m[33m:[39m[31m[91m[36mnot[39m[31m[91m[36m(:disabled)[39m[31m[91m[33m:[39m[31m[91m[36mnot[39m[31m[91m[36m(.disabled)[39m[31m[91m[33m:[39m[31m[91mactive,.btn-group-lg.show>.btn-dark.dropdown-toggle.btn,.btn-group-lg>.btn-dark.btn[33m:[39m[31m[91m[36mnot[39m[31m[91m[36m(:disabled)[39m[31m[91m[33m:[39m[31m[91m[36mnot[39m[31m[91m[36m(.disabled)[39m[31m[91m[33m.active,.btn-group-lg>.btn-dark.btn[39m[31m[91m[33m:[39m[31m[91m[36mnot[39m[31m[91m[36m(:disabled)[39m[31m[91m[33m:[39m[31m[91m[36mnot[39m[31m[91m[36m(.disabled)[39m[31m[91m[33m:[39m[31m[91mactive,.show>.btn-dark.btn-lg.dropdown-toggle[33m{[39m[31m[91mbox-shadow[33m:[39m[31m[91m-3.5px -7px 0 0 [35m#000,2.5px[39m[31m[91m 6.125px 0 0 [35m#000,-3.5px[39m[31m[91m 6.125px 0 0 [35m#000,2.5px[39m[31m[91m -7px 0 0 [35m#000[39m[31m[91m[33m;[39m[31m[91mcolor[33m:[39m[31m[91m[35m#fff[39m[31m[91m[33m;[39m[31m[91mborder-color[33m:[39m[31m[91m[35m#fff[39m[31m[91m[33m;[39m[31m[91mbackground-color[33m:[39m[31m[91m[35m#000[39m[31m[91m[33m;[39m[31m[91m-webkit-filter[33m:[39m[31m[91mnone[33m;[39m[31m[91mfilter[33m:[39m[31m[91mnone[33m;[39m[31m[91mfilter[33m:[39m[31m[91mnone[33m;[39m[31m[91mposition[33m:[39m[31m[91mrelative[33m;[39m[31m[91mtop[33m:[39m[31m[91m14px[33m;[39m[31m[91mleft[33m:[39m[31m[91m8px[33m}[39m[31m[91m[33m.btn-outline-primary[39m[31m[91m[33m{[39m[31m[91mcolor[33m:[39m[31m[91m[35m#fff[39m[31m[91m[33m;[39m[31m[91mborder-color[33m:[39m[31m[91m[35m#fff[39m[31m[91m[33m;[39m[31m[91mbackground[33m:[39m[31m[91m0 0[33m;[39m[31m[91mborder[33m:[39m[31m[91m[33m.875px[39m[31m[91m solid [35m#fff[39m[31m[91m[33m;[39m[31m[91mmargin-top[33m:[39m[31m[91m7px[33m;[39m[31m[91mpadding-top[33m:[39m[31m[91m6.125px[33m;[[39m[22m[1m[31m39m[91mpadding-bottom[33m:[39m[31m[91m7px[33m;[39m[31m[91mmargin-bottom[33m:[39m[31m[91m6.125px[33m;[39m[31m[91mborder-left-width[33m:[39m[31m[91m2px[33m;[39m[31m[91mborder-right-width[33m:[39m[31m[91m2px[33m;[39m[31m[91mmargin-left[33m:[39m[31m[91m3.5px[33m;[39m[31m[91mpadding-left[33m:[39m[31m[91m10.5px[33m;[39m[31m[91mpadding-right[33m:[39m[31m[91m11.5px[33m;[39m[31m[91mmargin-right[33m:[39m[31m[91m2.5px[33m}[39m[31m[91m[33m.btn-outline-primary[39m[31m[91m[33m:[39m[31m[91mhover[33m{[39m[31m[91mborder[33m:[39m[31m[91m[33m.875px[39m[31m[91m solid [35m#555[39m[31m[91m[33m;[39m[31m[91mmargin-top[33m:[39m[31m[91m7px[33m;[39m[31m[91mpadding-top[33m:[39m[31m[91m6.125px[33m;[39m[31m[91mpadding-bottom[33m:[39m[31m[91m7px[33m;[39m[31m[91mmargin-bottom[33m:[39m[31m[91m6.125px[33m;[39m[31m[91mborder-left-width[33m:[39m[31m[91m2px[33m;[39m[31m[91mborder-right-width[33m:[39m[31m[91m2px[33m;[39m[31m[91mmargin-left[33m:[39m[31m[91m3.5px[33m;[39m[31m[91mpadding-left[33m:[39m[31m[91m10.5px[33m;[39m[31m[91mpadding-right[33m:[39m[31m[91m11.5px[33m;[39m[31m[91mmargin-right[33m:[39m[31m[91m2.5px[33m;[39m[31m[91mcolor[33m:[39m[31m[91m[35m#fff[39m[31m[91m[33m}[39m[31m[91m[33m.btn-outline-primary.disabled,.btn-outline-primary[39m[31m[91m[33m:[39m[31m[91mdisabled[33m{[39m[31m[91mcolor[33m:[39m[31m[91m[35m#bbb[39m[31m[91m[33m}[39m[31m[91m[33m.btn-outline-primary[39m[31m[91m[33m:[39m[31m[91m[36mnot[39m[31m[91m[36m(:disabled)[39m[31m[91m[33m:[39m[31m[91m[36mnot[39m[31m[91m[36m(.disabled)[39m[31m[91m[33m.active,.btn-outline-primary[39m[31m[91m[33m:[39m[31m[91m[36mnot[39m[31m[91m[36m(:disabled)[39m[31m[91m[33m:[39m[31m[91m[36mnot[39m[31m[91m[36m(.disabled)[39m[31m[91m[33m:[39m[31m[91mactive,.show>.btn-outline-primary.dropdown-toggle[33m{[39m[31m[91mcolor[33m:[39m[31m[91m[35m#fff[39m[31m[91m[33m;[39m[31m[91mborder-color[33m:[39m[31m[91m[35m#bbb[39m[31m[91m[33m}[39m[31m[91m[33m.btn-outline-secondary[39m[31m[91m[33m{[39m[31m[91mcolor[33m:[39m[31m[91m[35m#fff[39m[31m[91m[33m;[39m[31m[91mborder-color[33m:[39m[31m[91m[35m#fff[39m[31m[91m[33m;[39m[31m[91mbackground[33m:[39m[31m[91[39m[22m[1m[31mm0 0[33m;[39m[31m[91mborder[33m:[39m[31m[91m[33m.875px[39m[31m[91m solid [35m#fff[39m[31m[91m[33m;[39m[31m[91mmargin-top[33m:[39m[31m[91m7px[33m;[39m[31m[91mpadding-top[33m:[39m[31m[91m6.125px[33m;[39m[31m[91mpadding-bottom[33m:[39m[31m[91m7px[33m;[39m[31m[91mmargin-bottom[33m:[39m[31m[91m6.125px[33m;[39m[31m[91mborder-left-width[33m:[39m[31m[91m2px[33m;[39m[31m[91mborder-right-width[33m:[39m[31m[91m2px[33m;[39m[31m[91mmargin-left[33m:[39m[31m[91m3.5px[33m;[39m[31m[91mpadding-left[33m:[39m[31m[91m10.5px[33m;[39m[31m[91mpadding-right[33m:[39m[31m[91m11.5px[33m;[39m[31m[91mmargin-right[33m:[39m[31m[91m2.5px[33m}[39m[31m[91m[33m.btn-outline-secondary[39m[31m[91m[33m:[39m[31m[91mhover[33m{[39m[31m[91mborder[33m:[39m[31m[91m[33m.875px[39m[31m[91m solid [35m#555[39m[31m[91m[33m;[39m[31m[91mmargin-top[33m:[39m[31m[91m7px[33m;[39m[31m[91mpadding-top[33m:[39m[31m[91m6.125px[33m;[39m[31m[91mpadding-bottom[33m:[39m[31m[91m7px[33m;[39m[31m[91mmargin-bottom[33m:[39m[31m[91m6.125px[33m;[39m[31m[91mborder-left-width[33m:[39m[31m[91m2px[33m;[39m[31m[91mborder-right-width[33m:[39m[31m[91m2px[33m;[39m[31m[91mmargin-left[33m:[39m[31m[91m3.5px[33m;[39m[31m[91mpadding-left[33m:[39m[31m[91m10.5px[33m;[39m[31m[91mpadding-right[33m:[39m[31m[91m11.5px[33m;[39m[31m[91mmargin-right[33m:[39m[31m[91m2.5px[33m;[39m[31m[91mcolor[33m:[39m[31m[91m[35m#fff[39m[31m[91m[33m}[39m[31m[91m[33m.btn-outline-secondary.disabled,.btn-outline-secondary[39m[31m[91m[33m:[39m[31m[91mdisabled[33m{[39m[31m[91mcolor[33m:[39m[31m[91m[35m#bbb[39m[31m[91m[33m}[39m[31m[91m[33m.btn-outline-secondary[39m[31m[91m[33m:[39m[31m[91m[36mnot[39m[31m[91m[36m(:disabled)[39m[31m[91m[33m:[39m[31m[91m[36mnot[39m[31m[91m[36m(.disabled)[39m[31m[91m[33m.active,.btn-outline-secondary[39m[31m[91m[33m:[39m[31m[91m[36mnot[39m[31m[91m[36m(:disabled)[39m[31m[91m[33m:[39m[31m[91m[36mnot[39m[31m[91m[36m(.disabled)[39m[31m[91m[33m:[39m[31m[91mactive,.show>.btn-outline-secondary.dropdown-toggle[33m{[39m[31m[91mcolor[33m:[39m[31m[91m[35m#fff[39m[31m[91m[33m;[39m[31m[91mborder-color[33m:[39m[31m[91m[35m#bbb[39m[31m[91m[33m}[3[39m[22m[1m[31m9m[91m[33m.btn-outline-success[39m[31m[91m[33m{[39m[31m[91mcolor[33m:[39m[31m[91m[35m#5f5[39m[31m[91m[33m;[39m[31m[91mborder-color[33m:[39m[31m[91m[35m#5f5[39m[31m[91m[33m;[39m[31m[91mbackground[33m:[39m[31m[91m0 0[33m;[39m[31m[91mborder[33m:[39m[31m[91m[33m.875px[39m[31m[91m solid [35m#5f5[39m[31m[91m[33m;[39m[31m[91mmargin-top[33m:[39m[31m[91m7px[33m;[39m[31m[91mpadding-top[33m:[39m[31m[91m6.125px[33m;[39m[31m[91mpadding-bottom[33m:[39m[31m[91m7px[33m;[39m[31m[91mmargin-bottom[33m:[39m[31m[91m6.125px[33m;[39m[31m[91mborder-left-width[33m:[39m[31m[91m2px[33m;[39m[31m[91mborder-right-width[33m:[39m[31m[91m2px[33m;[39m[31m[91mmargin-left[33m:[39m[31m[91m3.5px[33m;[39m[31m[91mpadding-left[33m:[39m[31m[91m10.5px[33m;[39m[31m[91mpadding-right[33m:[39m[31m[91m11.5px[33m;[39m[31m[91mmargin-right[33m:[39m[31m[91m2.5px[33m}[39m[31m[91m[33m.btn-outline-success[39m[31m[91m[33m:[39m[31m[91mhover[33m{[39m[31m[91mborder[33m:[39m[31m[91m[33m.875px[39m[31m[91m solid [35m#0a0[39m[31m[91m[33m;[39m[31m[91mmargin-top[33m:[39m[31m[91m7px[33m;[39m[31m[91mpadding-top[33m:[39m[31m[91m6.125px[33m;[39m[31m[91mpadding-bottom[33m:[39m[31m[91m7px[33m;[39m[31m[91mmargin-bottom[33m:[39m[31m[91m6.125px[33m;[39m[31m[91mborder-left-width[33m:[39m[31m[91m2px[33m;[39m[31m[91mborder-right-width[33m:[39m[31m[91m2px[33m;[39m[31m[91mmargin-left[33m:[39m[31m[91m3.5px[33m;[39m[31m[91mpadding-left[33m:[39m[31m[91m10.5px[33m;[39m[31m[91mpadding-right[33m:[39m[31m[91m11.5px[33m;[39m[31m[91mmargin-right[33m:[39m[31m[91m2.5px[33m;[39m[31m[91mcolor[33m:[39m[31m[91m[35m#fff[39m[31m[91m[33m}[39m[31m[91m[33m.btn-outline-success.disabled,.btn-outline-success[39m[31m[91m[33m:[39m[31m[91mdisabled[33m{[39m[31m[91mcolor[33m:[39m[31m[91m[35m#0a0[39m[31m[91m[33m}[39m[31m[91m[33m.btn-outline-success[39m[31m[91m[33m:[39m[31m[91m[36mnot[39m[31m[91m[36m(:disabled)[39m[31m[91m[33m:[39m[31m[91m[36mnot[39m[31m[91m[36m(.disabled)[39m[31m[91m[33m.active,.btn-outline-success[39m[31m[91m[33m:[39m[31m[91m[36mnot[39m[31m[91m[36m(:disabled)[39m[31m[91m[33m:[39m[31m[91m[36mnot[39m[31m[91m[36m(.disabled)[39m[31m[91m[3[39m[22m[1m[31m3m:[39m[31m[91mactive,.show>.btn-outline-success.dropdown-toggle[33m{[39m[31m[91mcolor[33m:[39m[31m[91m[35m#5f5[39m[31m[91m[33m;[39m[31m[91mborder-color[33m:[39m[31m[91m[35m#0a0[39m[31m[91m[33m}[39m[31m[91m[33m.btn-outline-info[39m[31m[91m[33m{[39m[31m[91mcolor[33m:[39m[31m[91m[35m#5ff[39m[31m[91m[33m;[39m[31m[91mborder-color[33m:[39m[31m[91m[35m#5ff[39m[31m[91m[33m;[39m[31m[91mbackground[33m:[39m[31m[91m0 0[33m;[39m[31m[91mborder[33m:[39m[31m[91m[33m.875px[39m[31m[91m solid [35m#5ff[39m[31m[91m[33m;[39m[31m[91mmargin-top[33m:[39m[31m[91m7px[33m;[39m[31m[91mpadding-top[33m:[39m[31m[91m6.125px[33m;[39m[31m[91mpadding-bottom[33m:[39m[31m[91m7px[33m;[39m[31m[91mmargin-bottom[33m:[39m[31m[91m6.125px[33m;[39m[31m[91mborder-left-width[33m:[39m[31m[91m2px[33m;[39m[31m[91mborder-right-width[33m:[39m[31m[91m2px[33m;[39m[31m[91mmargin-left[33m:[39m[31m[91m3.5px[33m;[39m[31m[91mpadding-left[33m:[39m[31m[91m10.5px[33m;[39m[31m[91mpadding-right[33m:[39m[31m[91m11.5px[33m;[39m[31m[91mmargin-right[33m:[39m[31m[91m2.5px[33m}[39m[31m[91m[33m.btn-outline-info[39m[31m[91m[33m:[39m[31m[91mhover[33m{[39m[31m[91mborder[33m:[39m[31m[91m[33m.875px[39m[31m[91m solid [35m#0aa[39m[31m[91m[33m;[39m[31m[91mmargin-top[33m:[39m[31m[91m7px[33m;[39m[31m[91mpadding-top[33m:[39m[31m[91m6.125px[33m;[39m[31m[91mpadding-bottom[33m:[39m[31m[91m7px[33m;[39m[31m[91mmargin-bottom[33m:[39m[31m[91m6.125px[33m;[39m[31m[91mborder-left-width[33m:[39m[31m[91m2px[33m;[39m[31m[91mborder-right-width[33m:[39m[31m[91m2px[33m;[39m[31m[91mmargin-left[33m:[39m[31m[91m3.5px[33m;[39m[31m[91mpadding-left[33m:[39m[31m[91m10.5px[33m;[39m[31m[91mpadding-right[33m:[39m[31m[91m11.5px[33m;[39m[31m[91mmargin-right[33m:[39m[31m[91m2.5px[33m;[39m[31m[91mcolor[33m:[39m[31m[91m[35m#fff[39m[31m[91m[33m}[39m[31m[91m[33m.btn-outline-info.disabled,.btn-outline-info[39m[31m[91m[33m:[39m[31m[91mdisabled[33m{[39m[31m[91mcolor[33m:[39m[31m[91m[35m#0aa[39m[31m[91m[33m}[39m[31m[91m[33m.btn-outline-info[39m[31m[91m[33m:[39m[31m[91m[36mnot[39m[31m[91m[36m(:disabled)[39m[31m[91m[33m:[39m[31m[91m[36mnot[39m[31m[91m[36m(.disabled)[39m[22m[1m[31m[39m[91m[33m.active,.btn-outline-info[39m[31m[91m[33m:[39m[31m[91m[36mnot[39m[31m[91m[36m(:disabled)[39m[31m[91m[33m:[39m[31m[91m[36mnot[39m[31m[91m[36m(.disabled)[39m[31m[91m[33m:[39m[31m[91mactive,.show>.btn-outline-info.dropdown-toggle[33m{[39m[31m[91mcolor[33m:[39m[31m[91m[35m#5ff[39m[31m[91m[33m;[39m[31m[91mborder-color[33m:[39m[31m[91m[35m#0aa[39m[31m[91m[33m}[39m[31m[91m[33m.btn-outline-warning[39m[31m[91m[33m{[39m[31m[91mcolor[33m:[39m[31m[91m[35m#ff5[39m[31m[91m[33m;[39m[31m[91mborder-color[33m:[39m[31m[91m[35m#ff5[39m[31m[91m[33m;[39m[31m[91mbackground[33m:[39m[31m[91m0 0[33m;[39m[31m[91mborder[33m:[39m[31m[91m[33m.875px[39m[31m[91m solid [35m#ff5[39m[31m[91m[33m;[39m[31m[91mmargin-top[33m:[39m[31m[91m7px[33m;[39m[31m[91mpadding-top[33m:[39m[31m[91m6.125px[33m;[39m[31m[91mpadding-bottom[33m:[39m[31m[91m7px[33m;[39m[31m[91mmargin-bottom[33m:[39m[31m[91m6.125px[33m;[39m[31m[91mborder-left-width[33m:[39m[31m[91m2px[33m;[39m[31m[91mborder-right-width[33m:[39m[31m[91m2px[33m;[39m[31m[91mmargin-left[33m:[39m[31m[91m3.5px[33m;[39m[31m[91mpadding-left[33m:[39m[31m[91m10.5px[33m;[39m[31m[91mpadding-right[33m:[39m[31m[91m11.5px[33m;[39m[31m[91mmargin-right[33m:[39m[31m[91m2.5px[33m}[39m[31m[91m[33m.btn-outline-warning[39m[31m[91m[33m:[39m[31m[91mhover[33m{[39m[31m[91mborder[33m:[39m[31m[91m[33m.875px[39m[31m[91m solid [35m#a50[39m[31m[91m[33m;[39m[31m[91mmargin-top[33m:[39m[31m[91m7px[33m;[39m[31m[91mpadding-top[33m:[39m[31m[91m6.125px[33m;[39m[31m[91mpadding-bottom[33m:[39m[31m[91m7px[33m;[39m[31m[91mmargin-bottom[33m:[39m[31m[91m6.125px[33m;[39m[31m[91mborder-left-width[33m:[39m[31m[91m2px[33m;[39m[31m[91mborder-right-width[33m:[39m[31m[91m2px[33m;[39m[31m[91mmargin-left[33m:[39m[31m[91m3.5px[33m;[39m[31m[91mpadding-left[33m:[39m[31m[91m10.5px[33m;[39m[31m[91mpadding-right[33m:[39m[31m[91m11.5px[33m;[39m[31m[91mmargin-right[33m:[39m[31m[91m2.5px[33m;[39m[31m[91mcolor[33m:[39m[31m[91m[35m#fff[39m[31m[91m[33m}[39m[31m[91m[33m.btn-outline-warning.disabled,.btn-outline-warning[39m[31m[91m[33m:[39m[31m[91mdisabled[33m{[39m[31m[91mcolor[33m:[39m[31m[[39m[22m[1m[31m91m[35m#a50[39m[31m[91m[33m}[39m[31m[91m[33m.btn-outline-warning[39m[31m[91m[33m:[39m[31m[91m[36mnot[39m[31m[91m[36m(:disabled)[39m[31m[91m[33m:[39m[31m[91m[36mnot[39m[31m[91m[36m(.disabled)[39m[31m[91m[33m.active,.btn-outline-warning[39m[31m[91m[33m:[39m[31m[91m[36mnot[39m[31m[91m[36m(:disabled)[39m[31m[91m[33m:[39m[31m[91m[36mnot[39m[31m[91m[36m(.disabled)[39m[31m[91m[33m:[39m[31m[91mactive,.show>.btn-outline-warning.dropdown-toggle[33m{[39m[31m[91mcolor[33m:[39m[31m[91m[35m#ff5[39m[31m[91m[33m;[39m[31m[91mborder-color[33m:[39m[31m[91m[35m#a50[39m[31m[91m[33m}[39m[31m[91m[33m.btn-outline-danger[39m[31m[91m[33m{[39m[31m[91mcolor[33m:[39m[31m[91m[35m#f55[39m[31m[91m[33m;[39m[31m[91mborder-color[33m:[39m[31m[91m[35m#f55[39m[31m[91m[33m;[39m[31m[91mbackground[33m:[39m[31m[91m0 0[33m;[39m[31m[91mborder[33m:[39m[31m[91m[33m.875px[39m[31m[91m solid [35m#f55[39m[31m[91m[33m;[39m[31m[91mmargin-top[33m:[39m[31m[91m7px[33m;[39m[31m[91mpadding-top[33m:[39m[31m[91m6.125px[33m;[39m[31m[91mpadding-bottom[33m:[39m[31m[91m7px[33m;[39m[31m[91mmargin-bottom[33m:[39m[31m[91m6.125px[33m;[39m[31m[91mborder-left-width[33m:[39m[31m[91m2px[33m;[39m[31m[91mborder-right-width[33m:[39m[31m[91m2px[33m;[39m[31m[91mmargin-left[33m:[39m[31m[91m3.5px[33m;[39m[31m[91mpadding-left[33m:[39m[31m[91m10.5px[33m;[39m[31m[91mpadding-right[33m:[39m[31m[91m11.5px[33m;[39m[31m[91mmargin-right[33m:[39m[31m[91m2.5px[33m}[39m[31m[91m[33m.btn-outline-danger[39m[31m[91m[33m:[39m[31m[91mhover[33m{[39m[31m[91mborder[33m:[39m[31m[91m[33m.875px[39m[31m[91m solid [35m#a00[39m[31m[91m[33m;[39m[31m[91mmargin-top[33m:[39m[31m[91m7px[33m;[39m[31m[91mpadding-top[33m:[39m[31m[91m6.125px[33m;[39m[31m[91mpadding-bottom[33m:[39m[31m[91m7px[33m;[39m[31m[91mmargin-bottom[33m:[39m[31m[91m6.125px[33m;[39m[31m[91mborder-left-width[33m:[39m[31m[91m2px[33m;[39m[31m[91mborder-right-width[33m:[39m[31m[91m2px[33m;[39m[31m[91mmargin-left[33m:[39m[31m[91m3.5px[33m;[39m[31m[91mpadding-left[33m:[39m[31m[91m10.5px[33m;[39m[31m[91mpadding-right[33m:[39m[31m[91m11.5px[33m;[39m[31m[91mmargin-right[33m:[39m[31m[91m2.5px[33m;[39m[22m[1m[31m[39m[91mcolor[33m:[39m[31m[91m[35m#fff[39m[31m[91m[33m}[39m[31m[91m[33m.btn-outline-danger.disabled,.btn-outline-danger[39m[31m[91m[33m:[39m[31m[91mdisabled[33m{[39m[31m[91mcolor[33m:[39m[31m[91m[35m#a00[39m[31m[91m[33m}[39m[31m[91m[33m.btn-outline-danger[39m[31m[91m[33m:[39m[31m[91m[36mnot[39m[31m[91m[36m(:disabled)[39m[31m[91m[33m:[39m[31m[91m[36mnot[39m[31m[91m[36m(.disabled)[39m[31m[91m[33m.active,.btn-outline-danger[39m[31m[91m[33m:[39m[31m[91m[36mnot[39m[31m[91m[36m(:disabled)[39m[31m[91m[33m:[39m[31m[91m[36mnot[39m[31m[91m[36m(.disabled)[39m[31m[91m[33m:[39m[31m[91mactive,.show>.btn-outline-danger.dropdown-toggle[33m{[39m[31m[91mcolor[33m:[39m[31m[91m[35m#f55[39m[31m[91m[33m;[39m[31m[91mborder-color[33m:[39m[31m[91m[35m#a00[39m[31m[91m[33m}[39m[31m[91m[33m.btn-outline-light[39m[31m[91m[33m{[39m[31m[91mbackground[33m:[39m[31m[91m0 0[33m;[39m[31m[91mborder[33m:[39m[31m[91m[33m.875px[39m[31m[91m solid[33m;[39m[31m[91mmargin-top[33m:[39m[31m[91m7px[33m;[39m[31m[91mpadding-top[33m:[39m[31m[91m6.125px[33m;[39m[31m[91mpadding-bottom[33m:[39m[31m[91m7px[33m;[39m[31m[91mmargin-bottom[33m:[39m[31m[91m6.125px[33m;[39m[31m[91mborder-left-width[33m:[39m[31m[91m2px[33m;[39m[31m[91mborder-right-width[33m:[39m[31m[91m2px[33m;[39m[31m[91mmargin-left[33m:[39m[31m[91m3.5px[33m;[39m[31m[91mpadding-left[33m:[39m[31m[91m10.5px[33m;[39m[31m[91mpadding-right[33m:[39m[31m[91m11.5px[33m;[39m[31m[91mmargin-right[33m:[39m[31m[91m2.5px[33m}[39m[31m[91m[33m.btn-outline-light[39m[31m[91m[33m:[39m[31m[91mhover[33m{[39m[31m[91mborder[33m:[39m[31m[91m[33m.875px[39m[31m[91m solid [35m#bbb[39m[31m[91m[33m;[39m[31m[91mmargin-top[33m:[39m[31m[91m7px[33m;[39m[31m[91mpadding-top[33m:[39m[31m[91m6.125px[33m;[39m[31m[91mpadding-bottom[33m:[39m[31m[91m7px[33m;[39m[31m[91mmargin-bottom[33m:[39m[31m[91m6.125px[33m;[39m[31m[91mborder-left-width[33m:[39m[31m[91m2px[33m;[39m[31m[91mborder-right-width[33m:[39m[31m[91m2px[33m;[39m[31m[91mmargin-left[33m:[39m[31m[91m3.5px[33m;[39m[31m[91mpadding-left[33m:[39m[31m[91m10.5px[33m;[39m[31m[91mpadding-right[33m:[39m[31m[91m11.5px[33m;[39m[31m[9[39m[22m[1m[31m1mmargin-right[33m:[39m[31m[91m2.5px[33m;[39m[31m[91mcolor[33m:[39m[31m[91m[35m#fff[39m[31m[91m[33m}[39m[31m[91m[33m.btn-outline-light.disabled,.btn-outline-light[39m[31m[91m[33m:[39m[31m[91mdisabled[33m{[39m[31m[91mcolor[33m:[39m[31m[91m[35m#fff[39m[31m[91m[33m}[39m[31m[91m[33m.btn-outline-light[39m[31m[91m[33m:[39m[31m[91m[36mnot[39m[31m[91m[36m(:disabled)[39m[31m[91m[33m:[39m[31m[91m[36mnot[39m[31m[91m[36m(.disabled)[39m[31m[91m[33m.active,.btn-outline-light[39m[31m[91m[33m:[39m[31m[91m[36mnot[39m[31m[91m[36m(:disabled)[39m[31m[91m[33m:[39m[31m[91m[36mnot[39m[31m[91m[36m(.disabled)[39m[31m[91m[33m:[39m[31m[91mactive,.show>.btn-outline-light.dropdown-toggle[33m{[39m[31m[91mborder-color[33m:[39m[31m[91m[35m#fff[39m[31m[91m[33m}[39m[31m[91m[33m.btn-outline-dark[39m[31m[91m[33m{[39m[31m[91mcolor[33m:[39m[31m[91m[35m#555[39m[31m[91m[33m;[39m[31m[91mborder-color[33m:[39m[31m[91m[35m#555[39m[31m[91m[33m;[39m[31m[91mbackground[33m:[39m[31m[91m0 0[33m;[39m[31m[91mborder[33m:[39m[31m[91m[33m.875px[39m[31m[91m solid [35m#555[39m[31m[91m[33m;[39m[31m[91mmargin-top[33m:[39m[31m[91m7px[33m;[39m[31m[91mpadding-top[33m:[39m[31m[91m6.125px[33m;[39m[31m[91mpadding-bottom[33m:[39m[31m[91m7px[33m;[39m[31m[91mmargin-bottom[33m:[39m[31m[91m6.125px[33m;[39m[31m[91mborder-left-width[33m:[39m[31m[91m2px[33m;[39m[31m[91mborder-right-width[33m:[39m[31m[91m2px[33m;[39m[31m[91mmargin-left[33m:[39m[31m[91m3.5px[33m;[39m[31m[91mpadding-left[33m:[39m[31m[91m10.5px[33m;[39m[31m[91mpadding-right[33m:[39m[31m[91m11.5px[33m;[39m[31m[91mmargin-right[33m:[39m[31m[91m2.5px[33m}[39m[31m[91m[33m.btn-outline-dark[39m[31m[91m[33m:[39m[31m[91mhover[33m{[39m[31m[91mborder[33m:[39m[31m[91m[33m.875px[39m[31m[91m solid [35m#000[39m[31m[91m[33m;[39m[31m[91mmargin-top[33m:[39m[31m[91m7px[33m;[39m[31m[91mpadding-top[33m:[39m[31m[91m6.125px[33m;[39m[31m[91mpadding-bottom[33m:[39m[31m[91m7px[33m;[39m[31m[91mmargin-bottom[33m:[39m[31m[91m6.125px[33m;[39m[31m[91mborder-left-width[33m:[39m[31m[91m2px[33m;[39m[31m[91mborder-right-width[33m:[39m[31m[91m2px[33m;[39m[31m[91mmargin-left[33m:[39m[31m[91m3.[39m[22m[1m[31m5px[33m;[39m[31m[91mpadding-left[33m:[39m[31m[91m10.5px[33m;[39m[31m[91mpadding-right[33m:[39m[31m[91m11.5px[33m;[39m[31m[91mmargin-right[33m:[39m[31m[91m2.5px[33m;[39m[31m[91mcolor[33m:[39m[31m[91m[35m#fff[39m[31m[91m[33m}[39m[31m[91m[33m.btn-outline-dark.disabled,.btn-outline-dark[39m[31m[91m[33m:[39m[31m[91mdisabled[33m{[39m[31m[91mcolor[33m:[39m[31m[91m[35m#000[39m[31m[91m[33m}[39m[31m[91m[33m.btn-outline-dark[39m[31m[91m[33m:[39m[31m[91m[36mnot[39m[31m[91m[36m(:disabled)[39m[31m[91m[33m:[39m[31m[91m[36mnot[39m[31m[91m[36m(.disabled)[39m[31m[91m[33m.active,.btn-outline-dark[39m[31m[91m[33m:[39m[31m[91m[36mnot[39m[31m[91m[36m(:disabled)[39m[31m[91m[33m:[39m[31m[91m[36mnot[39m[31m[91m[36m(.disabled)[39m[31m[91m[33m:[39m[31m[91mactive,.show>.btn-outline-dark.dropdown-toggle[33m{[39m[31m[91mcolor[33m:[39m[31m[91m[35m#555[39m[31m[91m[33m;[39m[31m[91mborder-color[33m:[39m[31m[91m[35m#000[39m[31m[91m[33m}[39m[31m[91m[33m.btn-link[39m[31m[91m[33m{[39m[31m[91mfont-weight[33m:[39m[31m[91m400[33m;[39m[31m[91mcolor[33m:[39m[31m[91m[35m#ff5[39m[31m[91m[33m;[39m[31m[91mbackground[33m:[39m[31m[91m0 0[33m}[39m[31m[91m[33m.btn-link[39m[31m[91m[33m:[39m[31m[91mhover[33m{[39m[31m[91mcolor[33m:[39m[31m[91m[35m#bbb[39m[31m[91m[33m;[39m[31m[91mbackground-color[33m:[39m[31m[91m[35m#000[39m[31m[91m[33m}[39m[31m[91m[33m.btn-link[39m[31m[91m[33m:[39m[31m[91mafter,.btn-link[33m:[39m[31m[91mbefore[33m{[39m[31m[91mcontent[33m:[39m[31m[91m[32m'_'[39m[31m[91m[33m}[39m[31m[91m[33m.btn-link.disabled,.btn-link[39m[31m[91m[33m:[39m[31m[91mdisabled[33m{[39m[31m[91mcolor[33m:[39m[31m[91m[35m#555[39m[31m[91m[33m;[39m[31m[91mpointer-events[33m:[39m[31m[91mnone[33m}[39m[31m[91m[33m.btn-group-sm>.btn,.btn-sm[39m[31m[91m[33m{[39m[31m[91mborder[33m:[39m[31m[91m0[33m;[39m[31m[91mpadding[33m:[39m[31m[91m0[33m;[39m[31m[91mbox-shadow[33m:[39m[31m[91mnone[33m;[39m[31m[91mmargin-left[33m:[39m[31m[91m0[33m}[39m[31m[91m[33m.btn-group-sm>.btn[39m[31m[91m[33m:[39m[31m[91mbefore,.btn-sm[33m:[39m[31m[91mbefore[33m{[39m[31m[91mcontent[33m:[39m[31m[91m[32m'<'[39m[31m[91m[33m}[39m[31m[91m[33m.btn-group-s[39m[22m[1m[31mm>.btn[39m[31m[91m[33m:[39m[31m[91mafter,.btn-sm[33m:[39m[31m[91mafter[33m{[39m[31m[91mcontent[33m:[39m[31m[91m[32m'>'[39m[31m[91m[33m}[39m[31m[91m[33m.btn-block[39m[31m[91m[33m{[39m[31m[91mdisplay[33m:[39m[31m[91mblock[33m;[39m[31m[91mwidth[33m:[39m[31m[91m[36mcalc[39m[31m[91m[36m(100% - 6px)[39m[31m[91m[33m}[39m[31m[91m[33m.btn-block+.btn-block[39m[31m[91m[33m{[39m[31m[91mmargin-top[33m:[39m[31m[91m0[33m}[39m[31m[91minput[33m[[39m[31m[91mtype=button[33m][39m[31m[91m[33m.btn-block,input[39m[31m[91m[33m[[39m[31m[91mtype=reset[33m][39m[31m[91m[33m.btn-block,input[39m[31m[91m[33m[[39m[31m[91mtype=submit[33m][39m[31m[91m[33m.btn-block[39m[31m[91m[33m{[39m[31m[91mwidth[33m:[39m[31m[91m[36mcalc[39m[31m[91m[36m(100% - 6px)[39m[31m[91m[33m}[39m[31m[91m[33m.dropdown,.dropleft,.dropright,.dropup[39m[31m[91m[33m{[39m[31m[91mposition[33m:[39m[31m[91mrelative[33m}[39m[31m[91m[33m.dropdown-toggle[39m[31m[91m[33m{[39m[31m[91mwhite-space[33m:[39m[31m[91mnowrap[33m;[39m[31m[91mpadding[33m:[39m[31m[91m0 8px[33m}[39m[31m[91m[33m.dropdown-toggle[39m[31m[91m[33m:[39m[31m[91m[33m:[39m[31m[91mafter[33m{[39m[31m[91mdisplay[33m:[39m[31m[91minline-block[33m;[39m[31m[91mcontent[33m:[39m[31m[91m[32m"\25bc"[39m[31m[91m[33m}[39m[31m[91m[33m.dropdown-toggle[39m[31m[91m[33m:[39m[31m[91mempty[33m:[39m[31m[91m[33m:[39m[31m[91mafter[33m{[39m[31m[91mmargin-left[33m:[39m[31m[91m0[33m}[39m[31m[91m[33m.dropdown-menu[39m[31m[91m[33m{[39m[31m[91mposition[33m:[39m[31m[91mabsolute[33m;[39m[31m[91mtop[33m:[39m[31m[91m100%[33m;[39m[31m[91mleft[33m:[39m[31m[91m0[33m;[39m[31m[91mz-index[33m:[39m[31m[91m1000[33m;[39m[31m[91mdisplay[33m:[39m[31m[91mnone[33m;[39m[31m[91mfloat[33m:[39m[31m[91mleft[33m;[39m[31m[91mmin-width[33m:[39m[31m[91m0[33m;[39m[31m[91mpadding[33m:[39m[31m[91m0 0[33m;[39m[31m[91mmargin[33m:[39m[31m[91m0 0 0[33m;[39m[31m[91mcolor[33m:[39m[31m[91m[35m#000[39m[31m[91m[33m;[39m[31m[91mtext-align[33m:[39m[31m[91mleft[33m;[39m[31m[91mlist-style[33m:[39m[31m[91mnone[33m;[39m[31m[91mbackground-color[33m:[39m[31m[91m[35m#bbb[39m[31m[91m[33m;[39m[31m[91mbackground-clip[33m:[39m[31m[91mpadding-[39m[22m[1m[31mbox[33m;[39m[31m[91mborder[33m:[39m[31m[91m[33m.875px[39m[31m[91m solid [35m#000[39m[31m[91m[33m;[39m[31m[91mmargin-top[33m:[39m[31m[91m7px[33m;[39m[31m[91mpadding-top[33m:[39m[31m[91m6.125px[33m;[39m[31m[91mpadding-bottom[33m:[39m[31m[91m7px[33m;[39m[31m[91mmargin-bottom[33m:[39m[31m[91m6.125px[33m;[39m[31m[91mborder-left-width[33m:[39m[31m[91m2px[33m;[39m[31m[91mborder-right-width[33m:[39m[31m[91m2px[33m;[39m[31m[91mmargin-left[33m:[39m[31m[91m3.5px[33m;[39m[31m[91mpadding-left[33m:[39m[31m[91m2.5px[33m;[39m[31m[91mpadding-right[33m:[39m[31m[91m3.5px[33m;[39m[31m[91mmargin-right[33m:[39m[31m[91m2.5px[33m;[39m[31m[91mbox-shadow[33m:[39m[31m[91m-3.5px -7px 0 0 [35m#bbb,2.5px[39m[31m[91m 6.125px 0 0 [35m#bbb,-3.5px[39m[31m[91m 6.125px 0 0 [35m#bbb,2.5px[39m[31m[91m -7px 0 0 [35m#bbb[39m[31m[91m[33m;[39m[31m[91m-webkit-filter[33m:[39m[31m[91m[36mdrop-shadow[39m[31m[91m[36m(7px 8px 0 #000)[39m[31m[91m[33m;[39m[31m[91mfilter[33m:[39m[31m[91m[36mdrop-shadow[39m[31m[91m[36m(7px 8px 0 #000)[39m[31m[91m[33m;[39m[31m[91mmargin-right[33m:[39m[31m[91m10.5px[33m}[39m[31m[91m[33m.dropdown-menu[39m[31m[91m a[33m:[39m[31m[91m[33m:[39m[31m[91mfirst-letter[33m{[39m[31m[91mcolor[33m:[39m[31m[91m[35m#fff[39m[31m[91m[33m}[39m[31m[91m[33m.dropdown-menu[39m[31m[91m a[33m:[39m[31m[91mhover[33m:[39m[31m[91m[33m:[39m[31m[91mfirst-letter[33m{[39m[31m[91mcolor[33m:[39m[31m[91m[35m#000[39m[31m[91m[33m;[39m[31m[91mbackground[33m:[39m[31m[91m[35m#fff[39m[31m[91m[33m}[39m[31m[91m[33m.dropdown-menu-left[39m[31m[91m[33m{[39m[31m[91mright[33m:[39m[31m[91mauto[33m;[39m[31m[91mleft[33m:[39m[31m[91m0[33m}[39m[31m[91m[33m.dropdown-menu-right[39m[31m[91m[33m{[39m[31m[91mright[33m:[39m[31m[91m0[33m;[39m[31m[91mleft[33m:[39m[31m[91mauto[33m}[39m[31m[91m[36m@media[39m[31m[91m[36m [39m[31m[91m[36m(min-width:576px)[39m[31m[91m[33m{[39m[31m[91m[33m.dropdown-menu-sm-left[39m[31m[91m[33m{[39m[31m[91mright[33m:[39m[31m[91mauto[33m;[39m[31m[91mleft[33m:[39m[31m[91m0[33m}[39m[31m[91m[33m.dropdown-menu-sm-right[39m[31m[91m[33m{[39m[31m[91mright[33m:[39m[31m[91m0[33m;[39m[31m[91mleft[33m:[39m[31m[91ma[39m[22m[1m[31muto[33m}[39m[31m[91m[33m}[39m[31m[91m[36m@media[39m[31m[91m[36m [39m[31m[91m[36m(min-width:768px)[39m[31m[91m[33m{[39m[31m[91m[33m.dropdown-menu-md-left[39m[31m[91m[33m{[39m[31m[91mright[33m:[39m[31m[91mauto[33m;[39m[31m[91mleft[33m:[39m[31m[91m0[33m}[39m[31m[91m[33m.dropdown-menu-md-right[39m[31m[91m[33m{[39m[31m[91mright[33m:[39m[31m[91m0[33m;[39m[31m[91mleft[33m:[39m[31m[91mauto[33m}[39m[31m[91m[33m}[39m[31m[91m[36m@media[39m[31m[91m[36m [39m[31m[91m[36m(min-width:960px)[39m[31m[91m[33m{[39m[31m[91m[33m.dropdown-menu-lg-left[39m[31m[91m[33m{[39m[31m[91mright[33m:[39m[31m[91mauto[33m;[39m[31m[91mleft[33m:[39m[31m[91m0[33m}[39m[31m[91m[33m.dropdown-menu-lg-right[39m[31m[91m[33m{[39m[31m[91mright[33m:[39m[31m[91m0[33m;[39m[31m[91mleft[33m:[39m[31m[91mauto[33m}[39m[31m[91m[33m}[39m[31m[91m[36m@media[39m[31m[91m[36m [39m[31m[91m[36m(min-width:1152px)[39m[31m[91m[33m{[39m[31m[91m[33m.dropdown-menu-xl-left[39m[31m[91m[33m{[39m[31m[91mright[33m:[39m[31m[91mauto[33m;[39m[31m[91mleft[33m:[39m[31m[91m0[33m}[39m[31m[91m[33m.dropdown-menu-xl-right[39m[31m[91m[33m{[39m[31m[91mright[33m:[39m[31m[91m0[33m;[39m[31m[91mleft[33m:[39m[31m[91mauto[33m}[39m[31m[91m[33m}[39m[31m[91m[33m.dropup[39m[31m[91m [33m.dropdown-menu[39m[31m[91m[33m{[39m[31m[91mtop[33m:[39m[31m[91mauto[33m;[39m[31m[91mbottom[33m:[39m[31m[91m100%[33m;[39m[31m[91mmargin-top[33m:[39m[31m[91m0[33m;[39m[31m[91mmargin-bottom[33m:[39m[31m[91m0[33m}[39m[31m[91m[33m.dropup[39m[31m[91m [33m.dropdown-toggle[39m[31m[91m[33m{[39m[31m[91mpadding[33m:[39m[31m[91m0 8px[33m}[39m[31m[91m[33m.dropup[39m[31m[91m [33m.dropdown-toggle[39m[31m[91m[33m:[39m[31m[91m[33m:[39m[31m[91mafter[33m{[39m[31m[91mdisplay[33m:[39m[31m[91minline-block[33m;[39m[31m[91mcontent[33m:[39m[31m[91m[32m"\25b2"[39m[31m[91m[33m}[39m[31m[91m[33m.dropup[39m[31m[91m [33m.dropdown-toggle[39m[31m[91m[33m:[39m[31m[91mempty[33m:[39m[31m[91m[33m:[39m[31m[91mafter[33m{[39m[31m[91mmargin-left[33m:[39m[31m[91m0[33m}[39m[31m[91m[33m.dropright[39m[31m[91m [33m.dropdown-menu[39m[31m[91m[33m{[39m[31m[91mtop[33m:[39m[31m[91m0[33m;[39m[31m[91mright[33m:[39m[31m[91ma[39m[22m[1m[31muto[33m;[39m[31m[91mleft[33m:[39m[31m[91m100%[33m;[39m[31m[91mmargin-top[33m:[39m[31m[91m0[33m;[39m[31m[91mmargin-left[33m:[39m[31m[91m0[33m}[39m[31m[91m[33m.dropright[39m[31m[91m [33m.dropdown-toggle[39m[31m[91m[33m{[39m[31m[91mbackground[33m:[39m[31m[91m[36murl[39m[31m[91m[36m(assets/fonts/arrow-down.svg)[39m[31m[91m 3px 3.6px/4.87px no-repeat [33m.dropright[39m[31m[91m [33m.dropdown-toggle[39m[31m[91m[33m}[39m[31m[91m[33m.dropright[39m[31m[91m [33m.dropdown-toggle[39m[31m[91m [33m:[39m[31m[91m[33m:[39m[31m[91mafter[33m{[39m[31m[91mvertical-align[33m:[39m[31m[91m0[33m}[39m[31m[91m[33m.dropleft[39m[31m[91m [33m.dropdown-menu[39m[31m[91m[33m{[39m[31m[91mtop[33m:[39m[31m[91m0[33m;[39m[31m[91mright[33m:[39m[31m[91m100%[33m;[39m[31m[91mleft[33m:[39m[31m[91mauto[33m;[39m[31m[91mmargin-top[33m:[39m[31m[91m0[33m;[39m[31m[91mmargin-right[33m:[39m[31m[91m0[33m}[39m[31m[91m[33m.dropleft[39m[31m[91m [33m.dropdown-toggle[39m[31m[91m[33m{[39m[31m[91mpadding[33m:[39m[31m[91m0 8px[33m}[39m[31m[91m[33m.dropleft[39m[31m[91m [33m.dropdown-toggle[39m[31m[91m[33m:[39m[31m[91m[33m:[39m[31m[91mafter[33m{[39m[31m[91mdisplay[33m:[39m[31m[91minline-block[33m}[39m[31m[91m[33m.dropleft[39m[31m[91m [33m.dropdown-toggle[39m[31m[91m[33m:[39m[31m[91m[33m:[39m[31m[91mafter[33m{[39m[31m[91mdisplay[33m:[39m[31m[91mnone[33m}[39m[31m[91m[33m.dropleft[39m[31m[91m [33m.dropdown-toggle[39m[31m[91m[33m:[39m[31m[91m[33m:[39m[31m[91mbefore[33m{[39m[31m[91mdisplay[33m:[39m[31m[91minline-block[33m;[39m[31m[91mmargin-right[33m:[39m[31m[91m8px[33m;[39m[31m[91mcontent[33m:[39m[31m[91m[32m"\25c4"[39m[31m[91m[33m}[39m[31m[91m[33m.dropleft[39m[31m[91m [33m.dropdown-toggle[39m[31m[91m[33m:[39m[31m[91mempty[33m:[39m[31m[91m[33m:[39m[31m[91mafter[33m{[39m[31m[91mmargin-left[33m:[39m[31m[91m0[33m}[39m[31m[91m[33m.dropleft[39m[31m[91m [33m.dropdown-toggle[39m[31m[91m[33m:[39m[31m[91m[33m:[39m[31m[91mbefore[33m{[39m[31m[91mvertical-align[33m:[39m[31m[91m0[33m}[39m[31m[91m[33m.dropdown-menu[39m[31m[91m[33m[[39m[31m[91mx-placement^=bottom[33m][39m[31m[91m,.dropdown-menu[33m[[39m[31m[91mx-placement^=left[3[39m[22m[1m[31m3m][39m[31m[91m,.dropdown-menu[33m[[39m[31m[91mx-placement^=right[33m][39m[31m[91m,.dropdown-menu[33m[[39m[31m[91mx-placement^=top[33m][39m[31m[91m[33m{[39m[31m[91mright[33m:[39m[31m[91mauto[33m;[39m[31m[91mbottom[33m:[39m[31m[91mauto[33m}[39m[31m[91m[33m.dropdown-divider[39m[31m[91m[33m{[39m[31m[91mheight[33m:[39m[31m[91m0[33m;[39m[31m[91mmargin[33m:[39m[31m[91m6px -3px 7px -2.5px[33m;[39m[31m[91moverflow[33m:[39m[31m[91mhidden[33m;[39m[31m[91mborder-top[33m:[39m[31m[91m1px solid [35m#000[39m[31m[91m[33m}[39m[31m[91m[33m.dropdown-item[39m[31m[91m[33m{[39m[31m[91mdisplay[33m:[39m[31m[91mblock[33m;[39m[31m[91mwidth[33m:[39m[31m[91m100%[33m;[39m[31m[91mpadding[33m:[39m[31m[91m0 8px[33m;[39m[31m[91mclear[33m:[39m[31m[91mboth[33m;[39m[31m[91mfont-weight[33m:[39m[31m[91m400[33m;[39m[31m[91mcolor[33m:[39m[31m[91m[35m#000[39m[31m[91m[33m;[39m[31m[91mtext-align[33m:[39m[31m[91minherit[33m;[39m[31m[91mwhite-space[33m:[39m[31m[91mnowrap[33m;[39m[31m[91mbackground-color[33m:[39m[31m[91mtransparent[33m;[39m[31m[91mborder[33m:[39m[31m[91m0[33m}[39m[31m[91m[33m.dropdown-item[39m[31m[91m[33m:[39m[31m[91mfocus,.dropdown-item[33m:[39m[31m[91mhover[33m{[39m[31m[91mtext-decoration[33m:[39m[31m[91mnone[33m}[39m[31m[91m[33m.dropdown-item.disabled,.dropdown-item[39m[31m[91m[33m:[39m[31m[91mdisabled[33m{[39m[31m[91mcolor[33m:[39m[31m[91m[35m#555[39m[31m[91m[33m;[39m[31m[91mpointer-events[33m:[39m[31m[91mnone[33m;[39m[31m[91mbackground-color[33m:[39m[31m[91mtransparent[33m}[39m[31m[91m[33m.dropdown-menu.show[39m[31m[91m[33m{[39m[31m[91mdisplay[33m:[39m[31m[91mblock[33m}[39m[31m[91m[33m.dropdown-header[39m[31m[91m[33m{[39m[31m[91mdisplay[33m:[39m[31m[91mblock[33m;[39m[31m[91mpadding[33m:[39m[31m[91m0 8px[33m;[39m[31m[91mmargin-bottom[33m:[39m[31m[91m0[33m;[39m[31m[91mcolor[33m:[39m[31m[91m[35m#bbb[39m[31m[91m[33m;[39m[31m[91mwhite-space[33m:[39m[31m[91mnowrap[33m}[39m[31m[91m[33m.dropdown-item-text[39m[31m[91m[33m{[39m[31m[91mdisplay[33m:[39m[31m[91mblock[33m;[39m[31m[91mpadding[33m:[39m[31m[91m0 8px[33m;[39m[31m[91mcolor[33m:[39m[31m[91m[35m#000[39m[31m[91m[33m}[39m[31m[91m[39m[22m[1m[31m[33m.btn-group,.btn-group-vertical[39m[31m[91m[33m{[39m[31m[91mposition[33m:[39m[31m[91mrelative[33m;[39m[31m[91mmargin[33m:[39m[31m[91m0[33m;[39m[31m[91mdisplay[33m:[39m[31m[91m-ms-inline-flexbox[33m;[39m[31m[91mdisplay[33m:[39m[31m[91minline-flex[33m}[39m[31m[91m[33m.btn-group-vertical>.btn,.btn-group>.btn[39m[31m[91m[33m{[39m[31m[91mposition[33m:[39m[31m[91mrelative[33m;[39m[31m[91m-ms-flex[33m:[39m[31m[91m1 1 auto[33m;[39m[31m[91mflex[33m:[39m[31m[91m1 1 auto[33m}[39m[31m[91m[33m.btn-group-vertical>.btn[39m[31m[91m[33m:[39m[31m[91mhover,.btn-group>.btn[33m:[39m[31m[91mhover[33m{[39m[31m[91mz-index[33m:[39m[31m[91m1[33m}[39m[31m[91m[33m.btn-group-vertical>.btn[39m[31m[91m[33m:[39m[31m[91m[36mnot[39m[31m[91m[36m(.dropdown-toggle)[39m[31m[91m[33m:[39m[31m[91mafter,.btn-group>.btn[33m:[39m[31m[91m[36mnot[39m[31m[91m[36m(.dropdown-toggle)[39m[31m[91m[33m:[39m[31m[91mafter[33m{[39m[31m[91mcontent[33m:[39m[31m[91m[32m""[39m[31m[91m[33m}[39m[31m[91m[33m.btn-group-vertical>.btn[39m[31m[91m[33m:[39m[31m[91mbefore,.btn-group>.btn[33m:[39m[31m[91mbefore[33m{[39m[31m[91mcontent[33m:[39m[31m[91m[32m""[39m[31m[91m[33m}[39m[31m[91m[33m.btn-group-vertical>.btn.active,.btn-group-vertical>.btn[39m[31m[91m[33m:[39m[31m[91mactive,.btn-group-vertical>.btn[33m:[39m[31m[91mfocus,.btn-group>.btn.active,.btn-group>.btn[33m:[39m[31m[91mactive,.btn-group>.btn[33m:[39m[31m[91mfocus[33m{[39m[31m[91mz-index[33m:[39m[31m[91m1[33m}[39m[31m[91m[33m.btn-toolbar[39m[31m[91m[33m{[39m[31m[91mdisplay[33m:[39m[31m[91m-ms-flexbox[33m;[39m[31m[91mdisplay[33m:[39m[31m[91mflex[33m;[39m[31m[91m-ms-flex-wrap[33m:[39m[31m[91mwrap[33m;[39m[31m[91mflex-wrap[33m:[39m[31m[91mwrap[33m;[39m[31m[91m-ms-flex-pack[33m:[39m[31m[91mstart[33m;[39m[31m[91mjustify-content[33m:[39m[31m[91mflex-start[33m}[39m[31m[91m[33m.btn-toolbar[39m[31m[91m [33m.input-group[39m[31m[91m[33m{[39m[31m[91mwidth[33m:[39m[31m[91mauto[33m}[39m[31m[91m[33m.dropdown-toggle-split[39m[31m[91m[33m{[39m[31m[91mpadding-right[33m:[39m[31m[91m0[33m;[39m[31m[91mpadding-left[33m:[39m[31m[91m0[33m}[39m[31m[91m[33m.dropdown-toggle-[39m[22m[1m[31msplit[39m[31m[91m[33m:[39m[31m[91m[33m:[39m[31m[91mafter,.dropright [33m.dropdown-toggle-split[39m[31m[91m[33m:[39m[31m[91m[33m:[39m[31m[91mafter,.dropup [33m.dropdown-toggle-split[39m[31m[91m[33m:[39m[31m[91m[33m:[39m[31m[91mafter[33m{[39m[31m[91mmargin-left[33m:[39m[31m[91m0[33m}[39m[31m[91m[33m.dropleft[39m[31m[91m [33m.dropdown-toggle-split[39m[31m[91m[33m:[39m[31m[91m[33m:[39m[31m[91mbefore[33m{[39m[31m[91mmargin-right[33m:[39m[31m[91m0[33m}[39m[31m[91m[33m.btn-group-sm>.btn+.dropdown-toggle-split,.btn-sm+.dropdown-toggle-split[39m[31m[91m[33m{[39m[31m[91mpadding-right[33m:[39m[31m[91m0[33m;[39m[31m[91mpadding-left[33m:[39m[31m[91m0[33m}[39m[31m[91m[33m.btn-group-lg>.btn+.dropdown-toggle-split,.btn-lg+.dropdown-toggle-split[39m[31m[91m[33m{[39m[31m[91mpadding-right[33m:[39m[31m[91m0[33m;[39m[31m[91mpadding-left[33m:[39m[31m[91m0[33m}[39m[31m[91m[33m.btn-group-vertical[39m[31m[91m[33m{[39m[31m[91m-ms-flex-direction[33m:[39m[31m[91mcolumn[33m;[39m[31m[91mflex-direction[33m:[39m[31m[91mcolumn[33m;[39m[31m[91m-ms-flex-align[33m:[39m[31m[91mstart[33m;[39m[31m[91malign-items[33m:[39m[31m[91mflex-start[33m;[39m[31m[91m-ms-flex-pack[33m:[39m[31m[91mcenter[33m;[39m[31m[91mjustify-content[33m:[39m[31m[91mcenter[33m}[39m[31m[91m[33m.btn-group-vertical>.btn,.btn-group-vertical>.btn-group[39m[31m[91m[33m{[39m[31m[91mwidth[33m:[39m[31m[91m100%[33m}[39m[31m[91m[33m.btn-group-toggle>.btn,.btn-group-toggle>.btn-group>.btn[39m[31m[91m[33m{[39m[31m[91mmargin-bottom[33m:[39m[31m[91m0[33m}[39m[31m[91m[33m.btn-group-toggle>.btn[39m[31m[91m input[33m[[39m[31m[91mtype=checkbox[33m][39m[31m[91m,.btn-group-toggle>.btn input[33m[[39m[31m[91mtype=radio[33m][39m[31m[91m,.btn-group-toggle>.btn-group>.btn input[33m[[39m[31m[91mtype=checkbox[33m][39m[31m[91m,.btn-group-toggle>.btn-group>.btn input[33m[[39m[31m[91mtype=radio[33m][39m[31m[91m[33m{[39m[31m[91mposition[33m:[39m[31m[91mabsolute[33m;[39m[31m[91mclip[33m:[39m[31m[91m[36mrect[39m[31m[91m[36m(0,0,0,0)[39m[31m[91m[33m;[39m[31m[91mpointer-events[33m:[39m[31m[91mnone[33m}[39m[31m[91m[33m.input-group[39m[31m[9[39m[22m[1m[31m1m[33m{[39m[31m[91mposition[33m:[39m[31m[91mrelative[33m;[39m[31m[91mdisplay[33m:[39m[31m[91m-ms-flexbox[33m;[39m[31m[91mdisplay[33m:[39m[31m[91mflex[33m;[39m[31m[91m-ms-flex-wrap[33m:[39m[31m[91mwrap[33m;[39m[31m[91mflex-wrap[33m:[39m[31m[91mwrap[33m;[39m[31m[91m-ms-flex-align[33m:[39m[31m[91mstretch[33m;[39m[31m[91malign-items[33m:[39m[31m[91mstretch[33m;[39m[31m[91mwidth[33m:[39m[31m[91m100%[33m}[39m[31m[91m[33m.input-group>.custom-file,.input-group>.custom-select,.input-group>.form-control,.input-group>.form-control-plaintext[39m[31m[91m[33m{[39m[31m[91mposition[33m:[39m[31m[91mrelative[33m;[39m[31m[91m-ms-flex[33m:[39m[31m[91m1 1 0%[33m;[39m[31m[91mflex[33m:[39m[31m[91m1 1 0%[33m;[39m[31m[91mmin-width[33m:[39m[31m[91m0[33m;[39m[31m[91mmargin-bottom[33m:[39m[31m[91m0[33m}[39m[31m[91m[33m.input-group>.custom-file+.custom-file,.input-group>.custom-file+.custom-select,.input-group>.custom-file+.form-control,.input-group>.custom-select+.custom-file,.input-group>.custom-select+.custom-select,.input-group>.custom-select+.form-control,.input-group>.form-control+.custom-file,.input-group>.form-control+.custom-select,.input-group>.form-control+.form-control,.input-group>.form-control-plaintext+.custom-file,.input-group>.form-control-plaintext+.custom-select,.input-group>.form-control-plaintext+.form-control[39m[31m[91m[33m{[39m[31m[91mmargin-left[33m:[39m[31m[91m0[33m}[39m[31m[91m[33m.input-group>.custom-file[39m[31m[91m [33m.custom-file-input[39m[31m[91m[33m:[39m[31m[91mfocus~.custom-file-label,.input-group>.custom-select[33m:[39m[31m[91mfocus,.input-group>.form-control[33m:[39m[31m[91mfocus[33m{[39m[31m[91mz-index[33m:[39m[31m[91m3[33m}[39m[31m[91m[33m.input-group>.custom-file[39m[31m[91m [33m.custom-file-input[39m[31m[91m[33m:[39m[31m[91mfocus[33m{[39m[31m[91mz-index[33m:[39m[31m[91m4[33m}[39m[31m[91m[33m.input-group>.custom-file[39m[31m[91m[33m{[39m[31m[91mdisplay[33m:[39m[31m[91m-ms-flexbox[33m;[39m[31m[91mdisplay[33m:[39m[31m[91mflex[33m;[39m[31m[91m-ms-flex-align[33m:[39m[31m[91mcenter[33m;[39m[31m[91malign-items[33m[39m[22m[1m[31m:[39m[31m[91mcenter[33m}[39m[31m[91m[33m.input-group-append,.input-group-prepend[39m[31m[91m[33m{[39m[31m[91mdisplay[33m:[39m[31m[91m-ms-flexbox[33m;[39m[31m[91mdisplay[33m:[39m[31m[91mflex[33m}[39m[31m[91m[33m.input-group-append[39m[31m[91m [33m.btn,.input-group-prepend[39m[31m[91m [33m.btn[39m[31m[91m[33m{[39m[31m[91mposition[33m:[39m[31m[91mrelative[33m;[39m[31m[91mz-index[33m:[39m[31m[91m2[33m}[39m[31m[91m[33m.input-group-append[39m[31m[91m [33m.btn[39m[31m[91m[33m:[39m[31m[91mfocus,.input-group-prepend [33m.btn[39m[31m[91m[33m:[39m[31m[91mfocus[33m{[39m[31m[91mz-index[33m:[39m[31m[91m3[33m}[39m[31m[91m[33m.input-group-append[39m[31m[91m [33m.btn+.btn,.input-group-append[39m[31m[91m [33m.btn+.input-group-text,.input-group-append[39m[31m[91m [33m.input-group-text+.btn,.input-group-append[39m[31m[91m [33m.input-group-text+.input-group-text,.input-group-prepend[39m[31m[91m [33m.btn+.btn,.input-group-prepend[39m[31m[91m [33m.btn+.input-group-text,.input-group-prepend[39m[31m[91m [33m.input-group-text+.btn,.input-group-prepend[39m[31m[91m [33m.input-group-text+.input-group-text[39m[31m[91m[33m{[39m[31m[91mmargin-left[33m:[39m[31m[91m0[33m}[39m[31m[91m[33m.input-group-prepend[39m[31m[91m[33m{[39m[31m[91mmargin-right[33m:[39m[31m[91m0[33m}[39m[31m[91m[33m.input-group-append[39m[31m[91m[33m{[39m[31m[91mmargin-left[33m:[39m[31m[91m0[33m}[39m[31m[91m[33m.input-group-text[39m[31m[91m[33m{[39m[31m[91mdisplay[33m:[39m[31m[91m-ms-flexbox[33m;[39m[31m[91mdisplay[33m:[39m[31m[91mflex[33m;[39m[31m[91m-ms-flex-align[33m:[39m[31m[91mcenter[33m;[39m[31m[91malign-items[33m:[39m[31m[91mcenter[33m;[39m[31m[91mpadding[33m:[39m[31m[91m0 0[33m;[39m[31m[91mmargin-bottom[33m:[39m[31m[91m0[33m;[39m[31m[91mfont-size[33m:[39m[31m[91m16px[33m;[39m[31m[91mfont-weight[33m:[39m[31m[91m400[33m;[39m[31m[91mline-height[33m:[39m[31m[91m14px[33m;[39m[31m[91mcolor[33m:[39m[31m[91m[35m#fff[39m[31m[91m[33m;[39m[31m[91mtext-align[33m:[39m[31m[91mcenter[33m;[39m[31m[91mwhite-space[33m:[39m[31m[91mnowrap[33m;[39m[31m[91mbackground-color[33m:[39m[31m[91m[35m#555[39m[31m[91m[33m;[39m[22m[1m[31m[39m[91mborder[33m:[39m[31m[91m0 solid [35m#555[39m[31m[91m[33m}[39m[31m[91m[33m.input-group-text[39m[31m[91m input[33m[[39m[31m[91mtype=checkbox[33m][39m[31m[91m,.input-group-text input[33m[[39m[31m[91mtype=radio[33m][39m[31m[91m[33m{[39m[31m[91mmargin-top[33m:[39m[31m[91m0[33m}[39m[31m[91m[33m.input-group-lg>.custom-select,.input-group-lg>.form-control[39m[31m[91m[33m:[39m[31m[91m[36mnot[39m[31m[91m[36m(textarea)[39m[31m[91m[33m{[39m[31m[91mheight[33m:[39m[31m[91m14px[33m}[39m[31m[91m[33m.input-group-lg>.custom-select,.input-group-lg>.form-control,.input-group-lg>.input-group-append>.btn,.input-group-lg>.input-group-append>.input-group-text,.input-group-lg>.input-group-prepend>.btn,.input-group-lg>.input-group-prepend>.input-group-text[39m[31m[91m[33m{[39m[31m[91mpadding[33m:[39m[31m[91m0 0[33m;[39m[31m[91mfont-size[33m:[39m[31m[91m16px[33m;[39m[31m[91mline-height[33m:[39m[31m[91m14px[33m}[39m[31m[91m[33m.input-group-sm>.custom-select,.input-group-sm>.form-control[39m[31m[91m[33m:[39m[31m[91m[36mnot[39m[31m[91m[36m(textarea)[39m[31m[91m[33m{[39m[31m[91mheight[33m:[39m[31m[91m14px[33m}[39m[31m[91m[33m.input-group-sm>.custom-select,.input-group-sm>.form-control,.input-group-sm>.input-group-append>.btn,.input-group-sm>.input-group-append>.input-group-text,.input-group-sm>.input-group-prepend>.btn,.input-group-sm>.input-group-prepend>.input-group-text[39m[31m[91m[33m{[39m[31m[91mpadding[33m:[39m[31m[91m0 0[33m;[39m[31m[91mfont-size[33m:[39m[31m[91m16px[33m;[39m[31m[91mline-height[33m:[39m[31m[91m14px[33m}[39m[31m[91m[33m.input-group-lg>.custom-select,.input-group-sm>.custom-select[39m[31m[91m[33m{[39m[31m[91mpadding-right[33m:[39m[31m[91m1rem[33m}[39m[31m[91m[33m.custom-control[39m[31m[91m[33m{[39m[31m[91mposition[33m:[39m[31m[91mrelative[33m;[39m[31m[91mdisplay[33m:[39m[31m[91mblock[33m;[39m[31m[91mmin-height[33m:[39m[31m[91m14px[33m;[39m[31m[91mpadding-left[33m:[39m[31m[91m32px[33m}[39m[31m[91m[33m.custom-control-inline[39m[31m[91m[33m{[39m[31m[91mdisplay[33m:[39m[31m[91m-ms-inline-flexbox[33m;[39m[31m[91mdisplay[33m:[39[39m[22m[1m[31mm[91minline-flex[33m;[39m[31m[91mmargin-right[33m:[39m[31m[91m0[33m}[39m[31m[91m[33m.custom-control-input[39m[31m[91m[33m{[39m[31m[91mposition[33m:[39m[31m[91mabsolute[33m;[39m[31m[91mleft[33m:[39m[31m[91m0[33m;[39m[31m[91mz-index[33m:[39m[31m[91m-1[33m;[39m[31m[91mwidth[33m:[39m[31m[91m32px[33m;[39m[31m[91mheight[33m:[39m[31m[91m16px[33m;[39m[31m[91mopacity[33m:[39m[31m[91m0[33m}[39m[31m[91m[33m.custom-control-input[39m[31m[91m[33m:[39m[31m[91mchecked~.custom-control-label[33m:[39m[31m[91m[33m:[39m[31m[91mbefore[33m{[39m[31m[91mcolor[33m:[39m[31m[91m[35m#fff[39m[31m[91m[33m;[39m[31m[91mborder-color[33m:[39m[31m[91m[35m#000[39m[31m[91m[33m}[39m[31m[91m[33m.custom-control-input[39m[31m[91m[33m:[39m[31m[91mfocus[33m:[39m[31m[91m[36mnot[39m[31m[91m[36m(:checked)[39m[31m[91m~.custom-control-label[33m:[39m[31m[91m[33m:[39m[31m[91mbefore[33m{[39m[31m[91mborder-color[33m:[39m[31m[91m[35m#404040[39m[31m[91m[33m}[39m[31m[91m[33m.custom-control-input[39m[31m[91m[33m:[39m[31m[91m[36mnot[39m[31m[91m[36m(:disabled)[39m[31m[91m[33m:[39m[31m[91mactive~.custom-control-label[33m:[39m[31m[91m[33m:[39m[31m[91mbefore[33m{[39m[31m[91mcolor[33m:[39m[31m[91m[35m#fff[39m[31m[91m[33m}[39m[31m[91m[33m.custom-control-input[39m[31m[91m[33m:[39m[31m[91mdisabled~.custom-control-label,.custom-control-input[33m[[39m[31m[91mdisabled[33m][39m[31m[91m~.custom-control-label[33m{[39m[31m[91mcolor[33m:[39m[31m[91m[35m#555[39m[31m[91m[33m}[39m[31m[91m[33m.custom-control-input[39m[31m[91m[33m:[39m[31m[91mdisabled~.custom-control-label[33m:[39m[31m[91m[33m:[39m[31m[91mafter,.custom-control-input[33m:[39m[31m[91mdisabled~.custom-control-label[33m:[39m[31m[91m[33m:[39m[31m[91mbefore,.custom-control-input[33m[[39m[31m[91mdisabled[33m][39m[31m[91m~.custom-control-label[33m:[39m[31m[91m[33m:[39m[31m[91mafter,.custom-control-input[33m[[39m[31m[91mdisabled[33m][39m[31m[91m~.custom-control-label[33m:[39m[31m[91m[33m:[39m[31m[91mbefore[33m{[39m[31m[91mcolor[33m:[39m[31m[91m[35m#555[39m[31m[91m[33m}[39m[31m[91m[33m.custom-control-label[39m[31m[91m[33m{[39m[31m[91mposition[33m:[39m[31m[91mrelat[39m[22m[1m[31mive[33m;[39m[31m[91mmargin-bottom[33m:[39m[31m[91m0[33m;[39m[31m[91mvertical-align[33m:[39m[31m[91mtop[33m}[39m[31m[91m[33m.custom-control-label[39m[31m[91m[33m:[39m[31m[91m[33m:[39m[31m[91mbefore[33m{[39m[31m[91mposition[33m:[39m[31m[91mabsolute[33m;[39m[31m[91mtop[33m:[39m[31m[91m0[33m;[39m[31m[91mleft[33m:[39m[31m[91m-32px[33m;[39m[31m[91mdisplay[33m:[39m[31m[91mblock[33m;[39m[31m[91mwidth[33m:[39m[31m[91m32px[33m;[39m[31m[91mheight[33m:[39m[31m[91m14px[33m;[39m[31m[91mpointer-events[33m:[39m[31m[91mnone[33m;[39m[31m[91mcontent[33m:[39m[31m[91m[32m""[39m[31m[91m[33m;[39m[31m[91mbackground-color[33m:[39m[31m[91m[35m#000084[39m[31m[91m[33m}[39m[31m[91m[33m.custom-control-label[39m[31m[91m[33m:[39m[31m[91m[33m:[39m[31m[91mafter[33m{[39m[31m[91mposition[33m:[39m[31m[91mabsolute[33m;[39m[31m[91mtop[33m:[39m[31m[91m0[33m;[39m[31m[91mleft[33m:[39m[31m[91m-32px[33m;[39m[31m[91mdisplay[33m:[39m[31m[91mblock[33m;[39m[31m[91mwidth[33m:[39m[31m[91m32px[33m;[39m[31m[91mheight[33m:[39m[31m[91m14px[33m;[39m[31m[91mcontent[33m:[39m[31m[91m[32m""[39m[31m[91m[33m}[39m[31m[91m[33m.custom-checkbox[39m[31m[91m [33m.custom-control-label[39m[31m[91m[33m:[39m[31m[91m[33m:[39m[31m[91mafter[33m{[39m[31m[91mcontent[33m:[39m[31m[91m[32m'[ ]'[39m[31m[91m[33m}[39m[31m[91m[33m.custom-checkbox[39m[31m[91m [33m.custom-control-input[39m[31m[91m[33m:[39m[31m[91mchecked~.custom-control-label[33m{[39m[31m[91mcolor[33m:[39m[31m[91m[35m#fff[39m[31m[91m[33m}[39m[31m[91m[33m.custom-checkbox[39m[31m[91m [33m.custom-control-input[39m[31m[91m[33m:[39m[31m[91mchecked~.custom-control-label[33m:[39m[31m[91m[33m:[39m[31m[91mafter[33m{[39m[31m[91mcolor[33m:[39m[31m[91m[35m#fff[39m[31m[91m[33m;[39m[31m[91mcontent[33m:[39m[31m[91m[32m'[X]'[39m[31m[91m[33m}[39m[31m[91m[33m.custom-checkbox[39m[31m[91m [33m.custom-control-input[39m[31m[91m[33m:[39m[31m[91mdisabled[33m:[39m[31m[91mchecked~.custom-control-label[33m:[39m[31m[91m[33m:[39m[31m[91mbefore[33m{[39m[31m[91mcolor[33m:[39m[31m[91m[35m#555[39m[31m[91m[33m}[39m[31m[91m[33m.custom-radio[39m[31m[91m [33m.custom-control-label[39m[31m[91m[33m:[39m[31m[[39m[22m[1m[31m91m[33m:[39m[31m[91mafter[33m{[39m[31m[91mcontent[33m:[39m[31m[91m[32m'( )'[39m[31m[91m[33m}[39m[31m[91m[33m.custom-radio[39m[31m[91m [33m.custom-control-input[39m[31m[91m[33m:[39m[31m[91mchecked~.custom-control-label[33m{[39m[31m[91mcolor[33m:[39m[31m[91m[35m#fff[39m[31m[91m[33m}[39m[31m[91m[33m.custom-radio[39m[31m[91m [33m.custom-control-input[39m[31m[91m[33m:[39m[31m[91mchecked~.custom-control-label[33m:[39m[31m[91m[33m:[39m[31m[91mafter[33m{[39m[31m[91mcolor[33m:[39m[31m[91m[35m#fff[39m[31m[91m[33m;[39m[31m[91mcontent[33m:[39m[31m[91m[32m'(*)'[39m[31m[91m[33m}[39m[31m[91m[33m.custom-radio[39m[31m[91m [33m.custom-control-input[39m[31m[91m[33m:[39m[31m[91mdisabled[33m:[39m[31m[91mchecked~.custom-control-label[33m:[39m[31m[91m[33m:[39m[31m[91mafter[33m{[39m[31m[91mcolor[33m:[39m[31m[91m[35m#555[39m[31m[91m[33m}[39m[31m[91m[33m.custom-switch[39m[31m[91m[33m{[39m[31m[91mpadding-left[33m:[39m[31m[91m32px[33m}[39m[31m[91m[33m.custom-switch[39m[31m[91m [33m.custom-control-label[39m[31m[91m[33m:[39m[31m[91m[33m:[39m[31m[91mbefore[33m{[39m[31m[91mleft[33m:[39m[31m[91m-32px[33m;[39m[31m[91mwidth[33m:[39m[31m[91m32px[33m;[39m[31m[91mpointer-events[33m:[39m[31m[91mall[33m}[39m[31m[91m[33m.custom-switch[39m[31m[91m [33m.custom-control-label[39m[31m[91m[33m:[39m[31m[91m[33m:[39m[31m[91mafter[33m{[39m[31m[91mtop[33m:[39m[31m[91m0[33m;[39m[31m[91mleft[33m:[39m[31m[91m-32px[33m;[39m[31m[91mwidth[33m:[39m[31m[91m32px[33m;[39m[31m[91mheight[33m:[39m[31m[91m14px[33m;[39m[31m[91mcontent[33m:[39m[31m[91m[32m'\2588\2591\2591'[39m[31m[91m[33m}[39m[31m[91m[33m.custom-switch[39m[31m[91m [33m.custom-control-input[39m[31m[91m[33m:[39m[31m[91mchecked~.custom-control-label[33m{[39m[31m[91mcolor[33m:[39m[31m[91m[35m#fff[39m[31m[91m[33m}[39m[31m[91m[33m.custom-switch[39m[31m[91m [33m.custom-control-input[39m[31m[91m[33m:[39m[31m[91mchecked~.custom-control-label[33m:[39m[31m[91m[33m:[39m[31m[91mafter[33m{[39m[31m[91mcontent[33m:[39m[31m[91m[32m'\2591\2591\2588'[39m[31m[91m[33m;[39m[31m[91mcolor[33m:[39m[31m[91m[35m#fff[39m[31m[91m[33m}[39m[31m[91m[33m.custom-switch[39m[31m[91m [39m[22m[1m[31m[33m.custom-control-input[39m[31m[91m[33m:[39m[31m[91mdisabled[33m:[39m[31m[91mchecked~.custom-control-label[33m:[39m[31m[91m[33m:[39m[31m[91mbefore[33m{[39m[31m[91mcolor[33m:[39m[31m[91m[35m#555[39m[31m[91m[33m}[39m[31m[91m[33m.custom-select[39m[31m[91m[33m{[39m[31m[91mdisplay[33m:[39m[31m[91minline-block[33m;[39m[31m[91mwidth[33m:[39m[31m[91m100%[33m;[39m[31m[91mheight[33m:[39m[31m[91m14px[33m;[39m[31m[91mpadding[33m:[39m[31m[91m0[33m;[39m[31m[91mcolor[33m:[39m[31m[91m[35m#000[39m[31m[91m[33m;[39m[31m[91mvertical-align[33m:[39m[31m[91mmiddle[33m;[39m[31m[91mbackground[33m:[39m[31m[91m[36murl[39m[31m[91m[36m(assets/fonts/arrow-down-black.svg)[39m[31m[91m no-repeat right center,[35m#bbb[39m[31m[91m[33m;[39m[31m[91mborder[33m:[39m[31m[91m0 solid [35m#555[39m[31m[91m[33m;[39m[31m[91m-webkit-appearance[33m:[39m[31m[91mnone[33m;[39m[31m[91m-moz-appearance[33m:[39m[31m[91mnone[33m;[39m[31m[91mappearance[33m:[39m[31m[91mnone[33m}[39m[31m[91m[33m.custom-select[39m[31m[91m[33m:[39m[31m[91mfocus[33m{[39m[31m[91moutline[33m:[39m[31m[91m0[33m}[39m[31m[91m[33m.custom-select[39m[31m[91m[33m:[39m[31m[91mfocus[33m:[39m[31m[91m[33m:[39m[31m[91m-ms-value[33m{[39m[31m[91mcolor[33m:[39m[31m[91m[35m#fff[39m[31m[91m[33m;[39m[31m[91mbackground-color[33m:[39m[31m[91m[35m#000084[39m[31m[91m[33m}[39m[31m[91m[33m.custom-select[39m[31m[91m[33m[[39m[31m[91mmultiple[33m][39m[31m[91m,.custom-select[33m[[39m[31m[91msize[33m][39m[31m[91m[33m:[39m[31m[91m[36mnot[39m[31m[91m[36m([39m[31m[91m[33m[[39m[31m[91msize=[32m"1"[39m[31m[91m[33m][39m[31m[91m[36m)[39m[31m[91m[33m{[39m[31m[91mheight[33m:[39m[31m[91mauto[33m;[39m[31m[91mpadding-right[33m:[39m[31m[91m0[33m;[39m[31m[91mbackground-image[33m:[39m[31m[91mnone[33m}[39m[31m[91m[33m.custom-select[39m[31m[91m[33m:[39m[31m[91mdisabled[33m{[39m[31m[91mcolor[33m:[39m[31m[91m[35m#555[39m[31m[91m[33m;[39m[31m[91mbackground-color[33m:[39m[31m[91m[35m#555[39m[31m[91m[33m}[39m[31m[91m[33m.custom-select[39m[31m[91m[33m:[39m[31m[91m[33m:[39m[31m[91m-ms-expand[33m{[39m[31m[91mdisplay[33m:[39m[31m[91mnone[33m}[39m[31m[91m[33m.custom-select[39m[31m[91m[[39m[22m[1m[31m33m:[39m[31m[91m-moz-focusring[33m{[39m[31m[91mcolor[33m:[39m[31m[91mtransparent[33m;[39m[31m[91mtext-shadow[33m:[39m[31m[91m0 0 0 [35m#000[39m[31m[91m[33m}[39m[31m[91m[33m.custom-select-sm[39m[31m[91m[33m{[39m[31m[91mheight[33m:[39m[31m[91m14px[33m;[39m[31m[91mfont-size[33m:[39m[31m[91m16px[33m}[39m[31m[91m[33m.custom-select-lg[39m[31m[91m[33m{[39m[31m[91mheight[33m:[39m[31m[91m14px[33m;[39m[31m[91mfont-size[33m:[39m[31m[91m16px[33m}[39m[31m[91m[33m.custom-file[39m[31m[91m[33m{[39m[31m[91mposition[33m:[39m[31m[91mrelative[33m;[39m[31m[91mdisplay[33m:[39m[31m[91minline-block[33m;[39m[31m[91mwidth[33m:[39m[31m[91m100%[33m;[39m[31m[91mheight[33m:[39m[31m[91m14px[33m;[39m[31m[91mmargin-bottom[33m:[39m[31m[91m0[33m}[39m[31m[91m[33m.custom-file+.input-group-append>.input-group-text[39m[31m[91m[33m{[39m[31m[91mpadding[33m:[39m[31m[91m0 8px[33m;[39m[31m[91mbackground[33m:[39m[31m[91m[35m#a0a[39m[31m[91m[33m;[39m[31m[91mcursor[33m:[39m[31m[91mpointer[33m}[39m[31m[91m[33m.custom-file+.input-group-append>.input-group-text[39m[31m[91m[33m:[39m[31m[91mhover[33m{[39m[31m[91mbackground[33m:[39m[31m[91m[35m#000[39m[31m[91m[33m;[39m[31m[91mcolor[33m:[39m[31m[91m[35m#f5f[39m[31m[91m[33m}[39m[31m[91m[33m.custom-file-input[39m[31m[91m[33m{[39m[31m[91mposition[33m:[39m[31m[91mrelative[33m;[39m[31m[91mz-index[33m:[39m[31m[91m2[33m;[39m[31m[91mwidth[33m:[39m[31m[91m100%[33m;[39m[31m[91mheight[33m:[39m[31m[91m14px[33m;[39m[31m[91mmargin[33m:[39m[31m[91m0[33m;[39m[31m[91mopacity[33m:[39m[31m[91m0[33m}[39m[31m[91m[33m.custom-file-input[39m[31m[91m[33m:[39m[31m[91mfocus~.custom-file-label[33m{[39m[31m[91mborder-color[33m:[39m[31m[91m[35m#404040[39m[31m[91m[33m;[39m[31m[91mbox-shadow[33m:[39m[31m[91m0 0 0 0 [36mrgba[39m[31m[91m[36m(0,0,0,.25)[39m[31m[91m[33m}[39m[31m[91m[33m.custom-file-input[39m[31m[91m[33m:[39m[31m[91mdisabled~.custom-file-label,.custom-file-input[33m[[39m[31m[91mdisabled[33m][39m[31m[91m~.custom-file-label[33m{[39m[31m[91mbackground-color[33m:[39m[31m[91m[35m#555[39m[31m[91m[33m}[39m[31m[91m[33m.custom-file-input[39m[31m[91m[33m:[39m[31m[91m[36mlang[39m[31m[39m[22m[1m[31m[91m[36m(en)[39m[31m[91m~.custom-file-label[33m:[39m[31m[91m[33m:[39m[31m[91mafter[33m{[39m[31m[91mcontent[33m:[39m[31m[91m[32m"[ Browse ]"[39m[31m[91m[33m}[39m[31m[91m[33m.custom-file-input~.custom-file-label[39m[31m[91m[33m[[39m[31m[91mdata-browse[33m][39m[31m[91m[33m:[39m[31m[91m[33m:[39m[31m[91mafter[33m{[39m[31m[91mcontent[33m:[39m[31m[91m[36mattr[39m[31m[91m[36m(data-browse)[39m[31m[91m[33m}[39m[31m[91m[33m.custom-file-label[39m[31m[91m[33m{[39m[31m[91mposition[33m:[39m[31m[91mabsolute[33m;[39m[31m[91mtop[33m:[39m[31m[91m0[33m;[39m[31m[91mright[33m:[39m[31m[91m0[33m;[39m[31m[91mleft[33m:[39m[31m[91m0[33m;[39m[31m[91mz-index[33m:[39m[31m[91m1[33m;[39m[31m[91mheight[33m:[39m[31m[91m14px[33m;[39m[31m[91mpadding[33m:[39m[31m[91m0 0[33m;[39m[31m[91mfont-weight[33m:[39m[31m[91m400[33m;[39m[31m[91mline-height[33m:[39m[31m[91m14px[33m;[39m[31m[91mcolor[33m:[39m[31m[91m[35m#fff[39m[31m[91m[33m;[39m[31m[91mbackground-color[33m:[39m[31m[91m[35m#000084[39m[31m[91m[33m}[39m[31m[91m[33m.custom-file-label[39m[31m[91m[33m:[39m[31m[91m[33m:[39m[31m[91mafter[33m{[39m[31m[91mposition[33m:[39m[31m[91mabsolute[33m;[39m[31m[91mpadding[33m:[39m[31m[91m0[33m;[39m[31m[91mtop[33m:[39m[31m[91m0[33m;[39m[31m[91mright[33m:[39m[31m[91m0[33m;[39m[31m[91mbottom[33m:[39m[31m[91m0[33m;[39m[31m[91mz-index[33m:[39m[31m[91m3[33m;[39m[31m[91mdisplay[33m:[39m[31m[91mblock[33m;[39m[31m[91mbackground[33m:[39m[31m[91m[35m#bbb[39m[31m[91m[33m;[39m[31m[91mcolor[33m:[39m[31m[91m[35m#000[39m[31m[91m[33m}[39m[31m[91m[33m.custom-range[39m[31m[91m[33m{[39m[31m[91mwidth[33m:[39m[31m[91m100%[33m;[39m[31m[91mheight[33m:[39m[31m[91m7px[33m;[39m[31m[91mpadding[33m:[39m[31m[91m0[33m;[39m[31m[91mbackground-color[33m:[39m[31m[91mtransparent[33m;[39m[31m[91m-webkit-appearance[33m:[39m[31m[91mnone[33m;[39m[31m[91m-moz-appearance[33m:[39m[31m[91mnone[33m;[39m[31m[91mappearance[33m:[39m[31m[91mnone[33m}[39m[31m[91m[33m.custom-range[39m[31m[91m[33m:[39m[31m[91mfocus[33m{[39m[31m[91moutline[33m:[39m[31m[91m0[33m}[39m[31m[91m[33m.custom-range[39m[31m[91m[33m:[39m[31m[91mfocus[33m:[39m[31m[91m[33m:[39m[31m[91m-we[39m[22m[1m[31mbkit-slider-thumb[33m{[39m[31m[91mbox-shadow[33m:[39m[31m[91m0[33m}[39m[31m[91m[33m.custom-range[39m[31m[91m[33m:[39m[31m[91mfocus[33m:[39m[31m[91m[33m:[39m[31m[91m-moz-range-thumb[33m{[39m[31m[91mbox-shadow[33m:[39m[31m[91m0[33m}[39m[31m[91m[33m.custom-range[39m[31m[91m[33m:[39m[31m[91mfocus[33m:[39m[31m[91m[33m:[39m[31m[91m-ms-thumb[33m{[39m[31m[91mbox-shadow[33m:[39m[31m[91m0[33m}[39m[31m[91m[33m.custom-range[39m[31m[91m[33m:[39m[31m[91m[33m:[39m[31m[91m-moz-focus-outer[33m{[39m[31m[91mborder[33m:[39m[31m[91m0[33m}[39m[31m[91m[33m.custom-range[39m[31m[91m[33m:[39m[31m[91m[33m:[39m[31m[91m-webkit-slider-thumb[33m{[39m[31m[91mwidth[33m:[39m[31m[91m8px[33m;[39m[31m[91mheight[33m:[39m[31m[91m14px[33m;[39m[31m[91mbackground[33m:[39m[31m[91m[35m#000[39m[31m[91m[33m;[39m[31m[91mmargin[33m:[39m[31m[91m0[33m;[39m[31m[91mborder[33m:[39m[31m[91m0[33m;[39m[31m[91m-webkit-appearance[33m:[39m[31m[91mnone[33m;[39m[31m[91mappearance[33m:[39m[31m[91mnone[33m}[39m[31m[91m[33m.custom-range[39m[31m[91m[33m:[39m[31m[91m[33m:[39m[31m[91m-webkit-slider-runnable-track[33m{[39m[31m[91mwidth[33m:[39m[31m[91m100%[33m;[39m[31m[91mheight[33m:[39m[31m[91m14px[33m;[39m[31m[91mcolor[33m:[39m[31m[91mtransparent[33m;[39m[31m[91mcursor[33m:[39m[31m[91mnone[33m;[39m[31m[91mmargin[33m:[39m[31m[91m0[33m;[39m[31m[91mbackground[33m:[39m[31m[91m[36murl[39m[31m[91m[36m(assets/fonts/hyphen-black.svg)[39m[31m[91m repeat-x left center,[35m#bbb[39m[31m[91m[33m;[39m[31m[91mborder-color[33m:[39m[31m[91mtransparent[33m}[39m[31m[91m[33m.custom-range[39m[31m[91m[33m:[39m[31m[91m[33m:[39m[31m[91m-moz-range-thumb[33m{[39m[31m[91mwidth[33m:[39m[31m[91m8px[33m;[39m[31m[91mheight[33m:[39m[31m[91m11px[33m;[39m[31m[91mborder[33m:[39m[31m[91m0[33m;[39m[31m[91mmargin[33m:[39m[31m[91m0[33m;[39m[31m[91mpadding[33m:[39m[31m[91m0[33m;[39m[31m[91mbackground[33m:[39m[31m[91m[35m#000[39m[31m[91m[33m;[39m[31m[91mborder-radius[33m:[39m[31m[91m0[33m;[39m[31m[91m-moz-appearance[33m:[39m[31m[91mnone[33m;[39m[31m[91mappearance[33m:[39m[31m[91mnone[33m}[39m[31m[91m[33m.custom-range[39m[31m[91m[33m:[39m[31m[91m[33m:[39m[31m[39m[22m[1m[31m[91m-moz-range-track[33m{[39m[31m[91mwidth[33m:[39m[31m[91m100%[33m;[39m[31m[91mheight[33m:[39m[31m[91m14px[33m;[39m[31m[91mcolor[33m:[39m[31m[91mtransparent[33m;[39m[31m[91mcursor[33m:[39m[31m[91mnone[33m;[39m[31m[91mbackground[33m:[39m[31m[91m[36murl[39m[31m[91m[36m(assets/fonts/hyphen-black.svg)[39m[31m[91m repeat-x left center,[35m#bbb[39m[31m[91m[33m;[39m[31m[91mborder-color[33m:[39m[31m[91mtransparent[33m}[39m[31m[91m[33m.custom-range[39m[31m[91m[33m:[39m[31m[91m[33m:[39m[31m[91m-ms-thumb[33m{[39m[31m[91mwidth[33m:[39m[31m[91m8px[33m;[39m[31m[91mheight[33m:[39m[31m[91m14px[33m;[39m[31m[91mmargin-top[33m:[39m[31m[91m0[33m;[39m[31m[91mmargin-right[33m:[39m[31m[91m0[33m;[39m[31m[91mmargin-left[33m:[39m[31m[91m0[33m;[39m[31m[91mborder[33m:[39m[31m[91m0[33m;[39m[31m[91mappearance[33m:[39m[31m[91mnone[33m}[39m[31m[91m[33m.custom-range[39m[31m[91m[33m:[39m[31m[91m[33m:[39m[31m[91m-ms-track[33m{[39m[31m[91mwidth[33m:[39m[31m[91m100%[33m;[39m[31m[91mheight[33m:[39m[31m[91m14px[33m;[39m[31m[91mcolor[33m:[39m[31m[91mtransparent[33m;[39m[31m[91mcursor[33m:[39m[31m[91mnone[33m;[39m[31m[91mbackground-color[33m:[39m[31m[91mtransparent[33m;[39m[31m[91mborder-color[33m:[39m[31m[91mtransparent[33m;[39m[31m[91mborder-width[33m:[39m[31m[91m7px[33m}[39m[31m[91m[33m.custom-range[39m[31m[91m[33m:[39m[31m[91m[33m:[39m[31m[91m-ms-fill-lower[33m{[39m[31m[91mbackground-color[33m:[39m[31m[91m[35m#fff[39m[31m[91m[33m}[39m[31m[91m[33m.custom-range[39m[31m[91m[33m:[39m[31m[91m[33m:[39m[31m[91m-ms-fill-upper[33m{[39m[31m[91mmargin-right[33m:[39m[31m[91m15px[33m;[39m[31m[91mbackground-color[33m:[39m[31m[91m[35m#fff[39m[31m[91m[33m}[39m[31m[91m[33m.custom-range[39m[31m[91m[33m:[39m[31m[91mdisabled[33m:[39m[31m[91m[33m:[39m[31m[91m-webkit-slider-thumb[33m{[39m[31m[91mbackground-color[33m:[39m[31m[91m[35m#555[39m[31m[91m[33m}[39m[31m[91m[33m.custom-range[39m[31m[91m[33m:[39m[31m[91mdisabled[33m:[39m[31m[91m[33m:[39m[31m[91m-webkit-slider-runnable-track[33m{[39m[31m[91mcursor[33m:[39m[31m[91mdefault[33m}[39m[31m[91m[33m.custom-range[39m[31m[91m[33m:[39m[31m[91mdisabled[33m:[39m[31m[39m[22m[1m[31m[91m[33m:[39m[31m[91m-moz-range-thumb[33m{[39m[31m[91mbackground-color[33m:[39m[31m[91m[35m#555[39m[31m[91m[33m}[39m[31m[91m[33m.custom-range[39m[31m[91m[33m:[39m[31m[91mdisabled[33m:[39m[31m[91m[33m:[39m[31m[91m-moz-range-track[33m{[39m[31m[91mcursor[33m:[39m[31m[91mdefault[33m}[39m[31m[91m[33m.custom-range[39m[31m[91m[33m:[39m[31m[91mdisabled[33m:[39m[31m[91m[33m:[39m[31m[91m-ms-thumb[33m{[39m[31m[91mbackground-color[33m:[39m[31m[91m[35m#555[39m[31m[91m[33m}[39m[31m[91m[33m.nav[39m[31m[91m[33m{[39m[31m[91mdisplay[33m:[39m[31m[91m-ms-flexbox[33m;[39m[31m[91mdisplay[33m:[39m[31m[91mflex[33m;[39m[31m[91m-ms-flex-wrap[33m:[39m[31m[91mnowrap[33m;[39m[31m[91mflex-wrap[33m:[39m[31m[91mnowrap[33m;[39m[31m[91mpadding-left[33m:[39m[31m[91m0[33m;[39m[31m[91mmargin-bottom[33m:[39m[31m[91m0[33m;[39m[31m[91mlist-style[33m:[39m[31m[91mnone[33m}[39m[31m[91m[33m.nav-link[39m[31m[91m[33m{[39m[31m[91mdisplay[33m:[39m[31m[91mblock[33m;[39m[31m[91mpadding[33m:[39m[31m[91m0 0[33m}[39m[31m[91m[33m.nav-link[39m[31m[91m[33m:[39m[31m[91mfocus,.nav-link[33m:[39m[31m[91mhover[33m{[39m[31m[91mtext-decoration[33m:[39m[31m[91mnone[33m}[39m[31m[91m[33m.nav-link.disabled[39m[31m[91m[33m{[39m[31m[91mcolor[33m:[39m[31m[91m[35m#555[39m[31m[91m[33m;[39m[31m[91mpointer-events[33m:[39m[31m[91mnone[33m;[39m[31m[91mcursor[33m:[39m[31m[91mdefault[33m}[39m[31m[91m[33m.nav-item[39m[31m[91m[33m{[39m[31m[91mpadding[33m:[39m[31m[91m0[33m}[39m[31m[91m[33m.nav-tabs[39m[31m[91m[33m{[39m[31m[91mheight[33m:[39m[31m[91m35px[33m;[39m[31m[91mmargin-left[33m:[39m[31m[91m0[33m;[39m[31m[91mpadding-left[33m:[39m[31m[91m8px[33m;[39m[31m[91mborder-bottom[33m:[39m[31m[91m1px solid [35m#bbb[39m[31m[91m[33m;[39m[31m[91mmargin-bottom[33m:[39m[31m[91m9px[33m}[39m[31m[91m[33m.nav-tabs[39m[31m[91m [33m.nav-item[39m[31m[91m[33m{[39m[31m[91mmargin[33m:[39m[31m[91m0[33m}[39m[31m[91m[33m.nav-tabs[39m[31m[91m [33m.nav-link[39m[31m[91m[33m{[39m[31m[91mborder[33m:[39m[31m[91m[33m.875px[39m[31m[91m solid [35m#bbb[39m[31m[91m[33m;[39m[31m[91mmargin-top[33m:[39m[31m[91m7px[33m;[39m[31m[91mpadding-top[33m:[39m[31m[91m6.125px[3[39m[22m[1m[31m3m;[39m[31m[91mpadding-bottom[33m:[39m[31m[91m7px[33m;[39m[31m[91mmargin-bottom[33m:[39m[31m[91m6.125px[33m;[39m[31m[91mborder-left-width[33m:[39m[31m[91m2px[33m;[39m[31m[91mborder-right-width[33m:[39m[31m[91m2px[33m;[39m[31m[91mmargin-left[33m:[39m[31m[91m3.5px[33m;[39m[31m[91mpadding-left[33m:[39m[31m[91m10.5px[33m;[39m[31m[91mpadding-right[33m:[39m[31m[91m11.5px[33m;[39m[31m[91mmargin-right[33m:[39m[31m[91m2.5px[33m;[39m[31m[91mcolor[33m:[39m[31m[91m[35m#bbb[39m[31m[91m[33m;[39m[31m[91mbackground-color[33m:[39m[31m[91m[35m#000084[39m[31m[91m[33m;[39m[31m[91mborder-bottom[33m:[39m[31m[91m0[33m}[39m[31m[91m[33m.nav-tabs[39m[31m[91m [33m.nav-link.disabled[39m[31m[91m[33m{[39m[31m[91mborder[33m:[39m[31m[91m0[33m;[39m[31m[91mpadding-bottom[33m:[39m[31m[91m0[33m;[39m[31m[91mcolor[33m:[39m[31m[91m[35m#555[39m[31m[91m[33m}[39m[31m[91m[33m.nav-tabs[39m[31m[91m [33m.nav-item.show[39m[31m[91m [33m.nav-link,.nav-tabs[39m[31m[91m [33m.nav-link.active[39m[31m[91m[33m{[39m[31m[91moutline[33m:[39m[31m[91m0[33m;[39m[31m[91mcolor[33m:[39m[31m[91m[35m#fff[39m[31m[91m[33m}[39m[31m[91m[33m.nav-tabs[39m[31m[91m [33m.dropdown-menu[39m[31m[91m[33m{[39m[31m[91mmargin-top[33m:[39m[31m[91m-1px[33m;[39m[31m[91mmargin-left[33m:[39m[31m[91m0[33m}[39m[31m[91m[33m.nav-pills[39m[31m[91m [33m.nav-link[39m[31m[91m[33m:[39m[31m[91m[33m:[39m[31m[91mbefore[33m{[39m[31m[91mcontent[33m:[39m[31m[91m[32m'('[39m[31m[91m[33m;[39m[31m[91mmargin-right[33m:[39m[31m[91m8px[33m}[39m[31m[91m[33m.nav-pills[39m[31m[91m [33m.nav-link[39m[31m[91m[33m:[39m[31m[91m[33m:[39m[31m[91mafter[33m{[39m[31m[91mcontent[33m:[39m[31m[91m[32m')'[39m[31m[91m[33m;[39m[31m[91mmargin-left[33m:[39m[31m[91m8px[33m}[39m[31m[91m[33m.nav-pills[39m[31m[91m [33m.nav-link.active,.nav-pills[39m[31m[91m [33m.show>.nav-link[39m[31m[91m[33m{[39m[31m[91mcolor[33m:[39m[31m[91m[35m#fff[39m[31m[91m[33m;[39m[31m[91mbackground-color[33m:[39m[31m[91m[35m#000[39m[31m[91m[33m}[39m[31m[91m[33m.nav-fill[39m[31m[91m [33m.nav-item[39m[31m[91m[33m{[39m[31m[91m-ms-flex[33m:[39m[31m[91m1 1 auto[33m;[39m[31m[91mflex[33m:[39m[31m[91m1 1 auto[33m;[3[39m[22m[1m[31m9m[91mtext-align[33m:[39m[31m[91mcenter[33m}[39m[31m[91m[33m.nav-justified[39m[31m[91m [33m.nav-item[39m[31m[91m[33m{[39m[31m[91m-ms-flex-preferred-size[33m:[39m[31m[91m0[33m;[39m[31m[91mflex-basis[33m:[39m[31m[91m0[33m;[39m[31m[91m-ms-flex-positive[33m:[39m[31m[91m1[33m;[39m[31m[91mflex-grow[33m:[39m[31m[91m1[33m;[39m[31m[91mtext-align[33m:[39m[31m[91mcenter[33m}[39m[31m[91m[33m.tab-content>.tab-pane[39m[31m[91m[33m{[39m[31m[91mdisplay[33m:[39m[31m[91mnone[33m}[39m[31m[91m[33m.tab-content>.active[39m[31m[91m[33m{[39m[31m[91mdisplay[33m:[39m[31m[91mblock[33m}[39m[31m[91m[33m.navbar[39m[31m[91m[33m{[39m[31m[91mposition[33m:[39m[31m[91mrelative[33m;[39m[31m[91mdisplay[33m:[39m[31m[91m-ms-flexbox[33m;[39m[31m[91mdisplay[33m:[39m[31m[91mflex[33m;[39m[31m[91m-ms-flex-wrap[33m:[39m[31m[91mwrap[33m;[39m[31m[91mflex-wrap[33m:[39m[31m[91mwrap[33m;[39m[31m[91m-ms-flex-align[33m:[39m[31m[91mcenter[33m;[39m[31m[91malign-items[33m:[39m[31m[91mcenter[33m;[39m[31m[91m-ms-flex-pack[33m:[39m[31m[91mjustify[33m;[39m[31m[91mjustify-content[33m:[39m[31m[91mspace-between[33m;[39m[31m[91mpadding[33m:[39m[31m[91m0[33m}[39m[31m[91m[33m.navbar[39m[31m[91m [33m.container,.navbar[39m[31m[91m [33m.container-fluid,.navbar[39m[31m[91m [33m.container-lg,.navbar[39m[31m[91m [33m.container-md,.navbar[39m[31m[91m [33m.container-sm,.navbar[39m[31m[91m [33m.container-xl[39m[31m[91m[33m{[39m[31m[91mdisplay[33m:[39m[31m[91m-ms-flexbox[33m;[39m[31m[91mdisplay[33m:[39m[31m[91mflex[33m;[39m[31m[91m-ms-flex-wrap[33m:[39m[31m[91mwrap[33m;[39m[31m[91mflex-wrap[33m:[39m[31m[91mwrap[33m;[39m[31m[91m-ms-flex-align[33m:[39m[31m[91mcenter[33m;[39m[31m[91malign-items[33m:[39m[31m[91mcenter[33m;[39m[31m[91m-ms-flex-pack[33m:[39m[31m[91mjustify[33m;[39m[31m[91mjustify-content[33m:[39m[31m[91mspace-between[33m}[39m[31m[91m[33m.navbar-brand[39m[31m[91m[33m{[39m[31m[91mdisplay[33m:[39m[31m[91minline-block[33m;[39m[31m[91mmargin[33m:[39m[31m[91m0[33m;[39m[31m[91mpadding[33m:[39m[31m[91m0 8px[33m;[39m[31m[91mline-height[33m:[39m[31m[91minherit[33m;[39m[31m[91mwhite-space[33m:[39m[31m[91mnowrap[33m;[39m[22m[1m[31m[39m[31m[91mcolor[33m:[39m[31m[91m[35m#000084[39m[31m[91m[33m}[39m[31m[91m[33m.navbar-brand[39m[31m[91m[33m:[39m[31m[91mfocus,.navbar-brand[33m:[39m[31m[91mhover[33m{[39m[31m[91mtext-decoration[33m:[39m[31m[91mnone[33m}[39m[31m[91m[33m.navbar-nav[39m[31m[91m[33m{[39m[31m[91mdisplay[33m:[39m[31m[91m-ms-flexbox[33m;[39m[31m[91mdisplay[33m:[39m[31m[91mflex[33m;[39m[31m[91m-ms-flex-direction[33m:[39m[31m[91mcolumn[33m;[39m[31m[91mflex-direction[33m:[39m[31m[91mcolumn[33m;[39m[31m[91mpadding-left[33m:[39m[31m[91m0[33m;[39m[31m[91mmargin-bottom[33m:[39m[31m[91m0[33m;[39m[31m[91mlist-style[33m:[39m[31m[91mnone[33m}[39m[31m[91m[33m.navbar-nav[39m[31m[91m [33m.nav-link[39m[31m[91m[33m{[39m[31m[91mpadding-right[33m:[39m[31m[91m0[33m;[39m[31m[91mpadding-left[33m:[39m[31m[91m0[33m}[39m[31m[91m[33m.navbar-nav[39m[31m[91m [33m.dropdown-menu[39m[31m[91m[33m{[39m[31m[91mposition[33m:[39m[31m[91mstatic[33m;[39m[31m[91mfloat[33m:[39m[31m[91mnone[33m}[39m[31m[91m[33m.navbar-text[39m[31m[91m[33m{[39m[31m[91mdisplay[33m:[39m[31m[91minline-block[33m;[39m[31m[91mpadding-top[33m:[39m[31m[91m0[33m;[39m[31m[91mpadding-bottom[33m:[39m[31m[91m0[33m}[39m[31m[91m[33m.navbar-collapse[39m[31m[91m[33m{[39m[31m[91m-ms-flex-preferred-size[33m:[39m[31m[91m100%[33m;[39m[31m[91mflex-basis[33m:[39m[31m[91m100%[33m;[39m[31m[91m-ms-flex-positive[33m:[39m[31m[91m1[33m;[39m[31m[91mflex-grow[33m:[39m[31m[91m1[33m;[39m[31m[91m-ms-flex-align[33m:[39m[31m[91mcenter[33m;[39m[31m[91malign-items[33m:[39m[31m[91mcenter[33m}[39m[31m[91m[33m.navbar-toggler[39m[31m[91m[33m{[39m[31m[91mpadding[33m:[39m[31m[91m0 0[33m;[39m[31m[91mfont-size[33m:[39m[31m[91m16px[33m;[39m[31m[91mbackground-color[33m:[39m[31m[91mtransparent[33m;[39m[31m[91mborder[33m:[39m[31m[91m0 solid transparent[33m}[39m[31m[91m[33m.navbar-toggler[39m[31m[91m[33m:[39m[31m[91mfocus,.navbar-toggler[33m:[39m[31m[91mhover[33m{[39m[31m[91mtext-decoration[33m:[39m[31m[91mnone[33m}[39m[31m[91m[33m.navbar-toggler-icon[39m[31m[91m[33m{[39m[31m[91mdisplay[33m:[39m[31m[91minline-block[33m;[39m[31m[91mwidth[33m:[39m[31m[91m16px[33m;[39m[31m[91mheight[39m[22m[1m[31m[33m:[39m[31m[91m14px[33m;[39m[31m[91mvertical-align[33m:[39m[31m[91mmiddle[33m;[39m[31m[91mcontent[33m:[39m[31m[91m[32m""[39m[31m[91m[33m;[39m[31m[91mbackground[33m:[39m[31m[91mno-repeat center center[33m;[39m[31m[91mbackground-size[33m:[39m[31m[91m100% 100%[33m}[39m[31m[91m[36m@media[39m[31m[91m[36m [39m[31m[91m[36m(max-width:575.98px)[39m[31m[91m[33m{[39m[31m[91m[33m.navbar-expand-sm>.container,.navbar-expand-sm>.container-fluid,.navbar-expand-sm>.container-lg,.navbar-expand-sm>.container-md,.navbar-expand-sm>.container-sm,.navbar-expand-sm>.container-xl[39m[31m[91m[33m{[39m[31m[91mpadding-right[33m:[39m[31m[91m0[33m;[39m[31m[91mpadding-left[33m:[39m[31m[91m0[33m}[39m[31m[91m[33m}[39m[31m[91m[36m@media[39m[31m[91m[36m [39m[31m[91m[36m(min-width:576px)[39m[31m[91m[33m{[39m[31m[91m[33m.navbar-expand-sm[39m[31m[91m[33m{[39m[31m[91m-ms-flex-flow[33m:[39m[31m[91mrow nowrap[33m;[39m[31m[91mflex-flow[33m:[39m[31m[91mrow nowrap[33m;[39m[31m[91m-ms-flex-pack[33m:[39m[31m[91mstart[33m;[39m[31m[91mjustify-content[33m:[39m[31m[91mflex-start[33m}[39m[31m[91m[33m.navbar-expand-sm[39m[31m[91m [33m.navbar-nav[39m[31m[91m[33m{[39m[31m[91m-ms-flex-direction[33m:[39m[31m[91mrow[33m;[39m[31m[91mflex-direction[33m:[39m[31m[91mrow[33m}[39m[31m[91m[33m.navbar-expand-sm[39m[31m[91m [33m.navbar-nav[39m[31m[91m [33m.dropdown-menu[39m[31m[91m[33m{[39m[31m[91mposition[33m:[39m[31m[91mabsolute[33m}[39m[31m[91m[33m.navbar-expand-sm[39m[31m[91m [33m.navbar-nav[39m[31m[91m [33m.nav-link[39m[31m[91m[33m{[39m[31m[91mpadding-right[33m:[39m[31m[91m8px[33m;[39m[31m[91mpadding-left[33m:[39m[31m[91m8px[33m}[39m[31m[91m[33m.navbar-expand-sm>.container,.navbar-expand-sm>.container-fluid,.navbar-expand-sm>.container-lg,.navbar-expand-sm>.container-md,.navbar-expand-sm>.container-sm,.navbar-expand-sm>.container-xl[39m[31m[91m[33m{[39m[31m[91m-ms-flex-wrap[33m:[39m[31m[91mnowrap[33m;[39m[31m[91mflex-wrap[33m:[39m[31m[91mnowrap[33m}[39m[31m[91m[33m.navbar-expand-sm[39m[31m[91m [33m.navbar-collapse[39m[31m[91m[33m{[39m[31m[91mdisplay[33m:[39m[31m[91m-ms-flexbox!important[3[39m[22m[1m[31m3m;[39m[31m[91mdisplay[33m:[39m[31m[91mflex!important[33m;[39m[31m[91m-ms-flex-preferred-size[33m:[39m[31m[91mauto[33m;[39m[31m[91mflex-basis[33m:[39m[31m[91mauto[33m}[39m[31m[91m[33m.navbar-expand-sm[39m[31m[91m [33m.navbar-toggler[39m[31m[91m[33m{[39m[31m[91mdisplay[33m:[39m[31m[91mnone[33m}[39m[31m[91m[33m}[39m[31m[91m[36m@media[39m[31m[91m[36m [39m[31m[91m[36m(max-width:767.98px)[39m[31m[91m[33m{[39m[31m[91m[33m.navbar-expand-md>.container,.navbar-expand-md>.container-fluid,.navbar-expand-md>.container-lg,.navbar-expand-md>.container-md,.navbar-expand-md>.container-sm,.navbar-expand-md>.container-xl[39m[31m[91m[33m{[39m[31m[91mpadding-right[33m:[39m[31m[91m0[33m;[39m[31m[91mpadding-left[33m:[39m[31m[91m0[33m}[39m[31m[91m[33m}[39m[31m[91m[36m@media[39m[31m[91m[36m [39m[31m[91m[36m(min-width:768px)[39m[31m[91m[33m{[39m[31m[91m[33m.navbar-expand-md[39m[31m[91m[33m{[39m[31m[91m-ms-flex-flow[33m:[39m[31m[91mrow nowrap[33m;[39m[31m[91mflex-flow[33m:[39m[31m[91mrow nowrap[33m;[39m[31m[91m-ms-flex-pack[33m:[39m[31m[91mstart[33m;[39m[31m[91mjustify-content[33m:[39m[31m[91mflex-start[33m}[39m[31m[91m[33m.navbar-expand-md[39m[31m[91m [33m.navbar-nav[39m[31m[91m[33m{[39m[31m[91m-ms-flex-direction[33m:[39m[31m[91mrow[33m;[39m[31m[91mflex-direction[33m:[39m[31m[91mrow[33m}[39m[31m[91m[33m.navbar-expand-md[39m[31m[91m [33m.navbar-nav[39m[31m[91m [33m.dropdown-menu[39m[31m[91m[33m{[39m[31m[91mposition[33m:[39m[31m[91mabsolute[33m}[39m[31m[91m[33m.navbar-expand-md[39m[31m[91m [33m.navbar-nav[39m[31m[91m [33m.nav-link[39m[31m[91m[33m{[39m[31m[91mpadding-right[33m:[39m[31m[91m8px[33m;[39m[31m[91mpadding-left[33m:[39m[31m[91m8px[33m}[39m[31m[91m[33m.navbar-expand-md>.container,.navbar-expand-md>.container-fluid,.navbar-expand-md>.container-lg,.navbar-expand-md>.container-md,.navbar-expand-md>.container-sm,.navbar-expand-md>.container-xl[39m[31m[91m[33m{[39m[31m[91m-ms-flex-wrap[33m:[39m[31m[91mnowrap[33m;[39m[31m[91mflex-wrap[33m:[39m[31m[91mnowrap[33m}[39m[31m[91m[33m.navbar-expand-md[39m[31m[91m [33m.navbar-collapse[39m[31m[91m[33m{[39m[31m[91mdis[39m[22m[1m[31mplay[33m:[39m[31m[91m-ms-flexbox!important[33m;[39m[31m[91mdisplay[33m:[39m[31m[91mflex!important[33m;[39m[31m[91m-ms-flex-preferred-size[33m:[39m[31m[91mauto[33m;[39m[31m[91mflex-basis[33m:[39m[31m[91mauto[33m}[39m[31m[91m[33m.navbar-expand-md[39m[31m[91m [33m.navbar-toggler[39m[31m[91m[33m{[39m[31m[91mdisplay[33m:[39m[31m[91mnone[33m}[39m[31m[91m[33m}[39m[31m[91m[36m@media[39m[31m[91m[36m [39m[31m[91m[36m(max-width:959.98px)[39m[31m[91m[33m{[39m[31m[91m[33m.navbar-expand-lg>.container,.navbar-expand-lg>.container-fluid,.navbar-expand-lg>.container-lg,.navbar-expand-lg>.container-md,.navbar-expand-lg>.container-sm,.navbar-expand-lg>.container-xl[39m[31m[91m[33m{[39m[31m[91mpadding-right[33m:[39m[31m[91m0[33m;[39m[31m[91mpadding-left[33m:[39m[31m[91m0[33m}[39m[31m[91m[33m}[39m[31m[91m[36m@media[39m[31m[91m[36m [39m[31m[91m[36m(min-width:960px)[39m[31m[91m[33m{[39m[31m[91m[33m.navbar-expand-lg[39m[31m[91m[33m{[39m[31m[91m-ms-flex-flow[33m:[39m[31m[91mrow nowrap[33m;[39m[31m[91mflex-flow[33m:[39m[31m[91mrow nowrap[33m;[39m[31m[91m-ms-flex-pack[33m:[39m[31m[91mstart[33m;[39m[31m[91mjustify-content[33m:[39m[31m[91mflex-start[33m}[39m[31m[91m[33m.navbar-expand-lg[39m[31m[91m [33m.navbar-nav[39m[31m[91m[33m{[39m[31m[91m-ms-flex-direction[33m:[39m[31m[91mrow[33m;[39m[31m[91mflex-direction[33m:[39m[31m[91mrow[33m}[39m[31m[91m[33m.navbar-expand-lg[39m[31m[91m [33m.navbar-nav[39m[31m[91m [33m.dropdown-menu[39m[31m[91m[33m{[39m[31m[91mposition[33m:[39m[31m[91mabsolute[33m}[39m[31m[91m[33m.navbar-expand-lg[39m[31m[91m [33m.navbar-nav[39m[31m[91m [33m.nav-link[39m[31m[91m[33m{[39m[31m[91mpadding-right[33m:[39m[31m[91m8px[33m;[39m[31m[91mpadding-left[33m:[39m[31m[91m8px[33m}[39m[31m[91m[33m.navbar-expand-lg>.container,.navbar-expand-lg>.container-fluid,.navbar-expand-lg>.container-lg,.navbar-expand-lg>.container-md,.navbar-expand-lg>.container-sm,.navbar-expand-lg>.container-xl[39m[31m[91m[33m{[39m[31m[91m-ms-flex-wrap[33m:[39m[31m[91mnowrap[33m;[39m[31m[91mflex-wrap[33m:[39m[31m[91mnowrap[33m}[39m[31m[91m[33m.navbar-expand-lg[39m[31m[91m [33m.[39m[22m[1m[31mnavbar-collapse[39m[31m[91m[33m{[39m[31m[91mdisplay[33m:[39m[31m[91m-ms-flexbox!important[33m;[39m[31m[91mdisplay[33m:[39m[31m[91mflex!important[33m;[39m[31m[91m-ms-flex-preferred-size[33m:[39m[31m[91mauto[33m;[39m[31m[91mflex-basis[33m:[39m[31m[91mauto[33m}[39m[31m[91m[33m.navbar-expand-lg[39m[31m[91m [33m.navbar-toggler[39m[31m[91m[33m{[39m[31m[91mdisplay[33m:[39m[31m[91mnone[33m}[39m[31m[91m[33m}[39m[31m[91m[36m@media[39m[31m[91m[36m [39m[31m[91m[36m(max-width:1151.98px)[39m[31m[91m[33m{[39m[31m[91m[33m.navbar-expand-xl>.container,.navbar-expand-xl>.container-fluid,.navbar-expand-xl>.container-lg,.navbar-expand-xl>.container-md,.navbar-expand-xl>.container-sm,.navbar-expand-xl>.container-xl[39m[31m[91m[33m{[39m[31m[91mpadding-right[33m:[39m[31m[91m0[33m;[39m[31m[91mpadding-left[33m:[39m[31m[91m0[33m}[39m[31m[91m[33m}[39m[31m[91m[36m@media[39m[31m[91m[36m [39m[31m[91m[36m(min-width:1152px)[39m[31m[91m[33m{[39m[31m[91m[33m.navbar-expand-xl[39m[31m[91m[33m{[39m[31m[91m-ms-flex-flow[33m:[39m[31m[91mrow nowrap[33m;[39m[31m[91mflex-flow[33m:[39m[31m[91mrow nowrap[33m;[39m[31m[91m-ms-flex-pack[33m:[39m[31m[91mstart[33m;[39m[31m[91mjustify-content[33m:[39m[31m[91mflex-start[33m}[39m[31m[91m[33m.navbar-expand-xl[39m[31m[91m [33m.navbar-nav[39m[31m[91m[33m{[39m[31m[91m-ms-flex-direction[33m:[39m[31m[91mrow[33m;[39m[31m[91mflex-direction[33m:[39m[31m[91mrow[33m}[39m[31m[91m[33m.navbar-expand-xl[39m[31m[91m [33m.navbar-nav[39m[31m[91m [33m.dropdown-menu[39m[31m[91m[33m{[39m[31m[91mposition[33m:[39m[31m[91mabsolute[33m}[39m[31m[91m[33m.navbar-expand-xl[39m[31m[91m [33m.navbar-nav[39m[31m[91m [33m.nav-link[39m[31m[91m[33m{[39m[31m[91mpadding-right[33m:[39m[31m[91m8px[33m;[39m[31m[91mpadding-left[33m:[39m[31m[91m8px[33m}[39m[31m[91m[33m.navbar-expand-xl>.container,.navbar-expand-xl>.container-fluid,.navbar-expand-xl>.container-lg,.navbar-expand-xl>.container-md,.navbar-expand-xl>.container-sm,.navbar-expand-xl>.container-xl[39m[31m[91m[33m{[39m[31m[91m-ms-flex-wrap[33m:[39m[31m[91mnowrap[33m;[39m[31m[91mflex-wrap[33m:[39m[31m[91mnowrap[33m}[3[39m[22m[1m[31m9m[91m[33m.navbar-expand-xl[39m[31m[91m [33m.navbar-collapse[39m[31m[91m[33m{[39m[31m[91mdisplay[33m:[39m[31m[91m-ms-flexbox!important[33m;[39m[31m[91mdisplay[33m:[39m[31m[91mflex!important[33m;[39m[31m[91m-ms-flex-preferred-size[33m:[39m[31m[91mauto[33m;[39m[31m[91mflex-basis[33m:[39m[31m[91mauto[33m}[39m[31m[91m[33m.navbar-expand-xl[39m[31m[91m [33m.navbar-toggler[39m[31m[91m[33m{[39m[31m[91mdisplay[33m:[39m[31m[91mnone[33m}[39m[31m[91m[33m}[39m[31m[91m[33m.navbar-expand[39m[31m[91m[33m{[39m[31m[91m-ms-flex-flow[33m:[39m[31m[91mrow nowrap[33m;[39m[31m[91mflex-flow[33m:[39m[31m[91mrow nowrap[33m;[39m[31m[91m-ms-flex-pack[33m:[39m[31m[91mstart[33m;[39m[31m[91mjustify-content[33m:[39m[31m[91mflex-start[33m}[39m[31m[91m[33m.navbar-expand>.container,.navbar-expand>.container-fluid,.navbar-expand>.container-lg,.navbar-expand>.container-md,.navbar-expand>.container-sm,.navbar-expand>.container-xl[39m[31m[91m[33m{[39m[31m[91mpadding-right[33m:[39m[31m[91m0[33m;[39m[31m[91mpadding-left[33m:[39m[31m[91m0[33m}[39m[31m[91m[33m.navbar-expand[39m[31m[91m [33m.navbar-nav[39m[31m[91m[33m{[39m[31m[91m-ms-flex-direction[33m:[39m[31m[91mrow[33m;[39m[31m[91mflex-direction[33m:[39m[31m[91mrow[33m}[39m[31m[91m[33m.navbar-expand[39m[31m[91m [33m.navbar-nav[39m[31m[91m [33m.dropdown-menu[39m[31m[91m[33m{[39m[31m[91mposition[33m:[39m[31m[91mabsolute[33m}[39m[31m[91m[33m.navbar-expand[39m[31m[91m [33m.navbar-nav[39m[31m[91m [33m.nav-link[39m[31m[91m[33m{[39m[31m[91mpadding-right[33m:[39m[31m[91m8px[33m;[39m[31m[91mpadding-left[33m:[39m[31m[91m8px[33m}[39m[31m[91m[33m.navbar-expand>.container,.navbar-expand>.container-fluid,.navbar-expand>.container-lg,.navbar-expand>.container-md,.navbar-expand>.container-sm,.navbar-expand>.container-xl[39m[31m[91m[33m{[39m[31m[91m-ms-flex-wrap[33m:[39m[31m[91mnowrap[33m;[39m[31m[91mflex-wrap[33m:[39m[31m[91mnowrap[33m}[39m[31m[91m[33m.navbar-expand[39m[31m[91m [33m.navbar-collapse[39m[31m[91m[33m{[39m[31m[91mdisplay[33m:[39m[31m[91m-ms-flexbox!important[33m;[39m[31m[91mdisplay[33m:[39m[31m[91mflex!important[33m;[39m[31m[39m[22m[1m[31m[91m-ms-flex-preferred-size[33m:[39m[31m[91mauto[33m;[39m[31m[91mflex-basis[33m:[39m[31m[91mauto[33m}[39m[31m[91m[33m.navbar-expand[39m[31m[91m [33m.navbar-toggler[39m[31m[91m[33m{[39m[31m[91mdisplay[33m:[39m[31m[91mnone[33m}[39m[31m[91m[33m.navbar-light[39m[31m[91m [33m.navbar-brand[39m[31m[91m[33m{[39m[31m[91mcolor[33m:[39m[31m[91m[35m#000[39m[31m[91m[33m}[39m[31m[91m[33m.navbar-light[39m[31m[91m [33m.navbar-brand[39m[31m[91m[33m:[39m[31m[91mfocus,.navbar-light [33m.navbar-brand[39m[31m[91m[33m:[39m[31m[91mhover[33m{[39m[31m[91mcolor[33m:[39m[31m[91m[35m#fff[39m[31m[91m[33m;[39m[31m[91mbackground[33m:[39m[31m[91m[35m#000[39m[31m[91m[33m}[39m[31m[91m[33m.navbar-light[39m[31m[91m [33m.navbar-nav[39m[31m[91m [33m.nav-link[39m[31m[91m[33m{[39m[31m[91mcolor[33m:[39m[31m[91m[35m#000[39m[31m[91m[33m}[39m[31m[91m[33m.navbar-light[39m[31m[91m [33m.navbar-nav[39m[31m[91m [33m.nav-link[39m[31m[91m[33m:[39m[31m[91mfocus,.navbar-light [33m.navbar-nav[39m[31m[91m [33m.nav-link[39m[31m[91m[33m:[39m[31m[91mhover[33m{[39m[31m[91mcolor[33m:[39m[31m[91m[35m#fff[39m[31m[91m[33m;[39m[31m[91mbackground[33m:[39m[31m[91m[35m#000[39m[31m[91m[33m}[39m[31m[91m[33m.navbar-light[39m[31m[91m [33m.navbar-nav[39m[31m[91m [33m.nav-link.disabled[39m[31m[91m[33m{[39m[31m[91mcolor[33m:[39m[31m[91m[35m#bbb[39m[31m[91m[33m}[39m[31m[91m[33m.navbar-light[39m[31m[91m [33m.navbar-nav[39m[31m[91m [33m.active>.nav-link,.navbar-light[39m[31m[91m [33m.navbar-nav[39m[31m[91m [33m.nav-link.active,.navbar-light[39m[31m[91m [33m.navbar-nav[39m[31m[91m [33m.nav-link.show,.navbar-light[39m[31m[91m [33m.navbar-nav[39m[31m[91m [33m.show>.nav-link[39m[31m[91m[33m{[39m[31m[91mcolor[33m:[39m[31m[91m[35m#bbb[39m[31m[91m[33m;[39m[31m[91mbackground[33m:[39m[31m[91m[35m#000[39m[31m[91m[33m}[39m[31m[91m[33m.navbar-light[39m[31m[91m [33m.navbar-toggler[39m[31m[91m[33m{[39m[31m[91mcolor[33m:[39m[31m[91m[35m#000[39m[31m[91m[33m}[39m[31m[91m[33m.navbar-light[39m[31m[91m [33m.navbar-text[39m[31m[91m[33m{[39m[31m[91mcolor[33m:[39m[31m[91m[35m#000[39m[31m[91m[33m}[39m[31m[91m[33m.navbar-light[39m[31m[91m [33m.nav[39m[22m[1m[31mbar-text[39m[31m[91m a[33m{[39m[31m[91mcolor[33m:[39m[31m[91m[35m#bbb[39m[31m[91m[33m;[39m[31m[91mbackground[33m:[39m[31m[91m[35m#000[39m[31m[91m[33m}[39m[31m[91m[33m.navbar-light[39m[31m[91m [33m.navbar-text[39m[31m[91m a[33m:[39m[31m[91mfocus,.navbar-light [33m.navbar-text[39m[31m[91m a[33m:[39m[31m[91mhover[33m{[39m[31m[91mcolor[33m:[39m[31m[91m[35m#bbb[39m[31m[91m[33m}[39m[31m[91m[33m.navbar-dark[39m[31m[91m [33m.navbar-brand[39m[31m[91m[33m{[39m[31m[91mcolor[33m:[39m[31m[91m[35m#000[39m[31m[91m[33m}[39m[31m[91m[33m.navbar-dark[39m[31m[91m [33m.navbar-brand[39m[31m[91m[33m:[39m[31m[91mfocus,.navbar-dark [33m.navbar-brand[39m[31m[91m[33m:[39m[31m[91mhover[33m{[39m[31m[91mcolor[33m:[39m[31m[91m[35m#fff[39m[31m[91m[33m;[39m[31m[91mbackground[33m:[39m[31m[91m[35m#000[39m[31m[91m[33m}[39m[31m[91m[33m.navbar-dark[39m[31m[91m [33m.navbar-nav[39m[31m[91m [33m.nav-link[39m[31m[91m[33m{[39m[31m[91mcolor[33m:[39m[31m[91m[35m#000[39m[31m[91m[33m}[39m[31m[91m[33m.navbar-dark[39m[31m[91m [33m.navbar-nav[39m[31m[91m [33m.nav-link[39m[31m[91m[33m:[39m[31m[91mfocus,.navbar-dark [33m.navbar-nav[39m[31m[91m [33m.nav-link[39m[31m[91m[33m:[39m[31m[91mhover[33m{[39m[31m[91mcolor[33m:[39m[31m[91m[35m#bbb[39m[31m[91m[33m;[39m[31m[91mbackground[33m:[39m[31m[91m[35m#000[39m[31m[91m[33m}[39m[31m[91m[33m.navbar-dark[39m[31m[91m [33m.navbar-nav[39m[31m[91m [33m.nav-link.disabled[39m[31m[91m[33m{[39m[31m[91mcolor[33m:[39m[31m[91m[35m#555[39m[31m[91m[33m}[39m[31m[91m[33m.navbar-dark[39m[31m[91m [33m.navbar-nav[39m[31m[91m [33m.active>.nav-link,.navbar-dark[39m[31m[91m [33m.navbar-nav[39m[31m[91m [33m.nav-link.active,.navbar-dark[39m[31m[91m [33m.navbar-nav[39m[31m[91m [33m.nav-link.show,.navbar-dark[39m[31m[91m [33m.navbar-nav[39m[31m[91m [33m.show>.nav-link[39m[31m[91m[33m{[39m[31m[91mcolor[33m:[39m[31m[91m[35m#bbb[39m[31m[91m[33m;[39m[31m[91mbackground[33m:[39m[31m[91m[35m#000[39m[31m[91m[33m}[39m[31m[91m[33m.navbar-dark.bg-dark[39m[31m[91m [33m.nav-link,.navbar-dark.bg-dark[39m[31m[91m [33m.navbar-brand[39m[31m[91m[33m{[39m[31m[91mcolor[33m:[39m[31m[91m[35m#fff[39m[31m[91m[39m[22m[1m[31m[33m}[39m[31m[91m[33m.navbar-dark[39m[31m[91m [33m.navbar-toggler[39m[31m[91m[33m{[39m[31m[91mcolor[33m:[39m[31m[91m[35m#000[39m[31m[91m[33m;[39m[31m[91mborder-color[33m:[39m[31m[91m[35m#fff[39m[31m[91m[33m}[39m[31m[91m[33m.navbar-dark[39m[31m[91m [33m.navbar-text[39m[31m[91m[33m{[39m[31m[91mcolor[33m:[39m[31m[91m[35m#000[39m[31m[91m[33m}[39m[31m[91m[33m.navbar-dark[39m[31m[91m [33m.navbar-text[39m[31m[91m a[33m{[39m[31m[91mcolor[33m:[39m[31m[91m[35m#bbb[39m[31m[91m[33m;[39m[31m[91mbackground[33m:[39m[31m[91m[35m#000[39m[31m[91m[33m}[39m[31m[91m[33m.navbar-dark[39m[31m[91m [33m.navbar-text[39m[31m[91m a[33m:[39m[31m[91mfocus,.navbar-dark [33m.navbar-text[39m[31m[91m a[33m:[39m[31m[91mhover[33m{[39m[31m[91mcolor[33m:[39m[31m[91m[35m#bbb[39m[31m[91m[33m}[39m[31m[91m[33m.card[39m[31m[91m[33m{[39m[31m[91mposition[33m:[39m[31m[91mrelative[33m;[39m[31m[91mdisplay[33m:[39m[31m[91m-ms-flexbox[33m;[39m[31m[91mdisplay[33m:[39m[31m[91mflex[33m;[39m[31m[91m-ms-flex-direction[33m:[39m[31m[91mcolumn[33m;[39m[31m[91mflex-direction[33m:[39m[31m[91mcolumn[33m;[39m[31m[91mmin-width[33m:[39m[31m[91m0[33m;[39m[31m[91mword-wrap[33m:[39m[31m[91mbreak-word[33m;[39m[31m[91mbackground-color[33m:[39m[31m[91m[35m#bbb[39m[31m[91m[33m;[39m[31m[91mbackground-clip[33m:[39m[31m[91mborder-box[33m;[39m[31m[91mborder-radius[33m:[39m[31m[91m0[33m}[39m[31m[91m[33m.card>hr[39m[31m[91m[33m{[39m[31m[91mmargin-right[33m:[39m[31m[91m0[33m;[39m[31m[91mmargin-left[33m:[39m[31m[91m0[33m}[39m[31m[91m[33m.card-body[39m[31m[91m[33m{[39m[31m[91m-ms-flex[33m:[39m[31m[91m1 1 auto[33m;[39m[31m[91mflex[33m:[39m[31m[91m1 1 auto[33m;[39m[31m[91mmin-height[33m:[39m[31m[91m1px[33m;[39m[31m[91mpadding[33m:[39m[31m[91m14px 16px[33m;[39m[31m[91mcolor[33m:[39m[31m[91m[35m#000[39m[31m[91m[33m}[39m[31m[91m[33m.card-title[39m[31m[91m[33m{[39m[31m[91mmargin-bottom[33m:[39m[31m[91m0[33m}[39m[31m[91m[33m.card-subtitle[39m[31m[91m[33m{[39m[31m[91mmargin-top[33m:[39m[31m[91m0[33m;[39m[31m[91mmargin-bottom[33m:[39m[31m[91m0[33m}[39m[31m[91m[33m.card-text[39m[31m[91m[33m:[39m[31m[91mlast-child[33m{[39m[31m[91mmargin-bottom[39m[22m[1m[31m[33m:[39m[31m[91m0[33m}[39m[31m[91m[33m.card-link[39m[31m[91m[33m:[39m[31m[91mhover[33m{[39m[31m[91mtext-decoration[33m:[39m[31m[91mnone[33m}[39m[31m[91m[33m.card-link+.card-link[39m[31m[91m[33m{[39m[31m[91mmargin-left[33m:[39m[31m[91m16px[33m}[39m[31m[91m[33m.card-header[39m[31m[91m[33m{[39m[31m[91mpadding[33m:[39m[31m[91m0 16px[33m;[39m[31m[91mmargin-bottom[33m:[39m[31m[91m0[33m;[39m[31m[91mcolor[33m:[39m[31m[91m[35m#fff[39m[31m[91m[33m;[39m[31m[91mbackground-color[33m:[39m[31m[91m[35m#a0a[39m[31m[91m[33m}[39m[31m[91m[33m.card-header+.list-group[39m[31m[91m [33m.list-group-item[39m[31m[91m[33m:[39m[31m[91mfirst-child[33m{[39m[31m[91mborder-top[33m:[39m[31m[91m0[33m}[39m[31m[91m[33m.card-footer[39m[31m[91m[33m{[39m[31m[91mpadding[33m:[39m[31m[91m0 16px[33m;[39m[31m[91mbackground-color[33m:[39m[31m[91m[35m#a0a[39m[31m[91m[33m}[39m[31m[91m[33m.card-footer.text-muted,.card-header.text-muted[39m[31m[91m[33m{[39m[31m[91mcolor[33m:[39m[31m[91m[35m#000[39m[31m[91m[33m}[39m[31m[91m[33m.card-header-tabs[39m[31m[91m[33m{[39m[31m[91mmargin-right[33m:[39m[31m[91m-16px[33m;[39m[31m[91mmargin-bottom[33m:[39m[31m[91m0[33m;[39m[31m[91mmargin-left[33m:[39m[31m[91m-16px[33m;[39m[31m[91mborder-bottom[33m:[39m[31m[91m0[33m}[39m[31m[91m[33m.card-header-pills[39m[31m[91m[33m{[39m[31m[91mmargin-right[33m:[39m[31m[91m-16px[33m;[39m[31m[91mmargin-left[33m:[39m[31m[91m-16px[33m}[39m[31m[91m[33m.card-img-overlay[39m[31m[91m[33m{[39m[31m[91mposition[33m:[39m[31m[91mabsolute[33m;[39m[31m[91mtop[33m:[39m[31m[91m0[33m;[39m[31m[91mright[33m:[39m[31m[91m0[33m;[39m[31m[91mbottom[33m:[39m[31m[91m0[33m;[39m[31m[91mleft[33m:[39m[31m[91m0[33m;[39m[31m[91mpadding[33m:[39m[31m[91m0[33m}[39m[31m[91m[33m.card-img,.card-img-bottom,.card-img-top[39m[31m[91m[33m{[39m[31m[91m-ms-flex-negative[33m:[39m[31m[91m0[33m;[39m[31m[91mflex-shrink[33m:[39m[31m[91m0[33m;[39m[31m[91mwidth[33m:[39m[31m[91m100%[33m}[39m[31m[91m[33m.card-deck[39m[31m[91m [33m.card[39m[31m[91m[33m{[39m[31m[91mmargin-bottom[33m:[39m[31m[91m8px[33m}[39m[31m[91m[36m@media[39m[31m[91m[36m [39m[31m[91m[36m(min-width:576px)[39m[31m[91[39m[22m[1m[31mm[33m{[39m[31m[91m[33m.card-deck[39m[31m[91m[33m{[39m[31m[91mdisplay[33m:[39m[31m[91m-ms-flexbox[33m;[39m[31m[91mdisplay[33m:[39m[31m[91mflex[33m;[39m[31m[91m-ms-flex-flow[33m:[39m[31m[91mrow wrap[33m;[39m[31m[91mflex-flow[33m:[39m[31m[91mrow wrap[33m;[39m[31m[91mmargin-right[33m:[39m[31m[91m-8px[33m;[39m[31m[91mmargin-left[33m:[39m[31m[91m-8px[33m}[39m[31m[91m[33m.card-deck[39m[31m[91m [33m.card[39m[31m[91m[33m{[39m[31m[91m-ms-flex[33m:[39m[31m[91m1 0 0%[33m;[39m[31m[91mflex[33m:[39m[31m[91m1 0 0%[33m;[39m[31m[91mmargin-right[33m:[39m[31m[91m8px[33m;[39m[31m[91mmargin-bottom[33m:[39m[31m[91m0[33m;[39m[31m[91mmargin-left[33m:[39m[31m[91m8px[33m}[39m[31m[91m[33m}[39m[31m[91m[33m.card-group>.card[39m[31m[91m[33m{[39m[31m[91mmargin-bottom[33m:[39m[31m[91m8px[33m}[39m[31m[91m[36m@media[39m[31m[91m[36m [39m[31m[91m[36m(min-width:576px)[39m[31m[91m[33m{[39m[31m[91m[33m.card-group[39m[31m[91m[33m{[39m[31m[91mdisplay[33m:[39m[31m[91m-ms-flexbox[33m;[39m[31m[91mdisplay[33m:[39m[31m[91mflex[33m;[39m[31m[91m-ms-flex-flow[33m:[39m[31m[91mrow wrap[33m;[39m[31m[91mflex-flow[33m:[39m[31m[91mrow wrap[33m}[39m[31m[91m[33m.card-group>.card[39m[31m[91m[33m{[39m[31m[91m-ms-flex[33m:[39m[31m[91m1 0 0%[33m;[39m[31m[91mflex[33m:[39m[31m[91m1 0 0%[33m;[39m[31m[91mmargin-bottom[33m:[39m[31m[91m0[33m}[39m[31m[91m[33m.card-group>.card+.card[39m[31m[91m[33m{[39m[31m[91mmargin-left[33m:[39m[31m[91m0[33m;[39m[31m[91mborder-left[33m:[39m[31m[91m0[33m}[39m[31m[91m[33m}[39m[31m[91m[33m.card-columns[39m[31m[91m [33m.card[39m[31m[91m[33m{[39m[31m[91mmargin-bottom[33m:[39m[31m[91m0[33m}[39m[31m[91m[36m@media[39m[31m[91m[36m [39m[31m[91m[36m(min-width:576px)[39m[31m[91m[33m{[39m[31m[91m[33m.card-columns[39m[31m[91m[33m{[39m[31m[91m-webkit-column-count[33m:[39m[31m[91m3[33m;[39m[31m[91m-moz-column-count[33m:[39m[31m[91m3[33m;[39m[31m[91mcolumn-count[33m:[39m[31m[91m3[33m;[39m[31m[91m-webkit-column-gap[33m:[39m[31m[91m8px[33m;[39m[31m[91m-moz-column-gap[33m:[39m[31m[91m8px[33m;[39m[31m[91mcolumn-gap[33m:[39m[31m[91m8px[33m;[39m[31m[91morphans[33m:[39m[31m[91m1[33m;[39m[31m[91mwidows[33m:[39m[22m[1m[31m[39m[91m1[33m}[39m[31m[91m[33m.card-columns[39m[31m[91m [33m.card[39m[31m[91m[33m{[39m[31m[91mdisplay[33m:[39m[31m[91minline-block[33m;[39m[31m[91mwidth[33m:[39m[31m[91m100%[33m}[39m[31m[91m[33m}[39m[31m[91m[33m.accordion>.card[39m[31m[91m[33m{[39m[31m[91moverflow[33m:[39m[31m[91mhidden[33m}[39m[31m[91m[33m.accordion>.card[39m[31m[91m[33m:[39m[31m[91m[36mnot[39m[31m[91m[36m(:last-of-type)[39m[31m[91m[33m{[39m[31m[91mborder-bottom[33m:[39m[31m[91m0[33m}[39m[31m[91m[33m.breadcrumb[39m[31m[91m[33m{[39m[31m[91mdisplay[33m:[39m[31m[91m-ms-flexbox[33m;[39m[31m[91mdisplay[33m:[39m[31m[91mflex[33m;[39m[31m[91m-ms-flex-wrap[33m:[39m[31m[91mwrap[33m;[39m[31m[91mflex-wrap[33m:[39m[31m[91mwrap[33m;[39m[31m[91mpadding[33m:[39m[31m[91m0[33m;[39m[31m[91mmargin-bottom[33m:[39m[31m[91m0[33m;[39m[31m[91mmargin-left[33m:[39m[31m[91m0[33m;[39m[31m[91mlist-style[33m:[39m[31m[91mnone[33m;[39m[31m[91mbackground-color[33m:[39m[31m[91m[35m#000[39m[31m[91m[33m}[39m[31m[91m[33m.breadcrumb-item+.breadcrumb-item[39m[31m[91m[33m{[39m[31m[91mpadding-left[33m:[39m[31m[91m8px[33m}[39m[31m[91m[33m.breadcrumb-item+.breadcrumb-item[39m[31m[91m[33m:[39m[31m[91m[33m:[39m[31m[91mbefore[33m{[39m[31m[91mdisplay[33m:[39m[31m[91minline-block[33m;[39m[31m[91mpadding-right[33m:[39m[31m[91m8px[33m;[39m[31m[91mcolor[33m:[39m[31m[91m[35m#bbb[39m[31m[91m[33m;[39m[31m[91mcontent[33m:[39m[31m[91m[32m"/"[39m[31m[91m[33m}[39m[31m[91m[33m.breadcrumb-item+.breadcrumb-item[39m[31m[91m[33m:[39m[31m[91mhover[33m:[39m[31m[91m[33m:[39m[31m[91mbefore[33m{[39m[31m[91mtext-decoration[33m:[39m[31m[91munderline[33m}[39m[31m[91m[33m.breadcrumb-item+.breadcrumb-item[39m[31m[91m[33m:[39m[31m[91mhover[33m:[39m[31m[91m[33m:[39m[31m[91mbefore[33m{[39m[31m[91mtext-decoration[33m:[39m[31m[91mnone[33m}[39m[31m[91m[33m.breadcrumb-item.active[39m[31m[91m[33m{[39m[31m[91mcolor[33m:[39m[31m[91m[35m#bbb[39m[31m[91m[33m}[39m[31m[91m[33m.pagination[39m[31m[91m[33m{[39m[31m[91mdisplay[33m:[39m[31m[91m-ms-flexbox[33m;[39m[31m[91mdisplay[33m:[39m[31m[91mflex[33m;[39m[31m[91mpadding-left[33m:[39m[31m[91m0[33m;[39m[31m[91mmargin-bott[39m[22m[1m[31mom[33m:[39m[31m[91m0[33m;[39m[31m[91mmargin-left[33m:[39m[31m[91m0[33m;[39m[31m[91mlist-style[33m:[39m[31m[91mnone[33m}[39m[31m[91m[33m.page-link[39m[31m[91m[33m{[39m[31m[91mposition[33m:[39m[31m[91mrelative[33m;[39m[31m[91mdisplay[33m:[39m[31m[91mblock[33m;[39m[31m[91mpadding[33m:[39m[31m[91m0 8px[33m;[39m[31m[91mmargin-left[33m:[39m[31m[91m0[33m;[39m[31m[91mcolor[33m:[39m[31m[91m[35m#ff5[39m[31m[91m[33m;[39m[31m[91mbackground-color[33m:[39m[31m[91mtransparent[33m}[39m[31m[91m[33m.page-link[39m[31m[91m[33m:[39m[31m[91mhover[33m{[39m[31m[91mz-index[33m:[39m[31m[91m2[33m;[39m[31m[91mcolor[33m:[39m[31m[91m[35m#bbb[39m[31m[91m[33m;[39m[31m[91mtext-decoration[33m:[39m[31m[91mnone[33m;[39m[31m[91mbackground-color[33m:[39m[31m[91m[35m#000[39m[31m[91m[33m}[39m[31m[91m[33m.page-link[39m[31m[91m[33m:[39m[31m[91mfocus[33m{[39m[31m[91mz-index[33m:[39m[31m[91m3[33m;[39m[31m[91moutline[33m:[39m[31m[91m0[33m;[39m[31m[91mbox-shadow[33m:[39m[31m[91m0 0 0 0 [36mrgba[39m[31m[91m[36m(0,0,0,.25)[39m[31m[91m[33m}[39m[31m[91m[33m.page-item[39m[31m[91m[33m{[39m[31m[91mpadding-left[33m:[39m[31m[91m0[33m}[39m[31m[91m[33m.page-item[39m[31m[91m[33m:[39m[31m[91mfirst-child [33m.page-link[39m[31m[91m[33m{[39m[31m[91mmargin-left[33m:[39m[31m[91m0[33m}[39m[31m[91m[33m.page-item.active[39m[31m[91m [33m.page-link[39m[31m[91m[33m{[39m[31m[91mz-index[33m:[39m[31m[91m3[33m;[39m[31m[91mcolor[33m:[39m[31m[91m[35m#fff[39m[31m[91m[33m;[39m[31m[91mbackground-color[33m:[39m[31m[91m[35m#000[39m[31m[91m[33m}[39m[31m[91m[33m.page-item.disabled[39m[31m[91m [33m.page-link[39m[31m[91m[33m{[39m[31m[91mcolor[33m:[39m[31m[91m[35m#555[39m[31m[91m[33m;[39m[31m[91mpointer-events[33m:[39m[31m[91mnone[33m;[39m[31m[91mcursor[33m:[39m[31m[91mauto[33m}[39m[31m[91m[33m.pagination-lg[39m[31m[91m [33m.page-link[39m[31m[91m[33m{[39m[31m[91mpadding[33m:[39m[31m[91m14px 8px[33m;[39m[31m[91mline-height[33m:[39m[31m[91m14px[33m}[39m[31m[91m[33m.pagination-sm[39m[31m[91m [33m.page-link[39m[31m[91m[33m{[39m[31m[91mpadding[33m:[39m[31m[91m0 0[33m;[39m[31m[91mline-height[33m:[39m[31m[91m14px[33m}[39m[31m[91m[33m.badge[39m[31m[39m[22m[1m[31m[91m[33m{[39m[31m[91mdisplay[33m:[39m[31m[91minline-block[33m;[39m[31m[91mpadding[33m:[39m[31m[91m0 8px[33m;[39m[31m[91mtext-align[33m:[39m[31m[91mcenter[33m;[39m[31m[91mwhite-space[33m:[39m[31m[91mnowrap[33m;[39m[31m[91mvertical-align[33m:[39m[31m[91mbaseline[33m}[39m[31m[91ma.badge[33m:[39m[31m[91mfocus,a.badge[33m:[39m[31m[91mhover[33m{[39m[31m[91mtext-decoration[33m:[39m[31m[91mnone[33m}[39m[31m[91m[33m.badge[39m[31m[91m[33m:[39m[31m[91mempty[33m{[39m[31m[91mdisplay[33m:[39m[31m[91mnone[33m}[39m[31m[91m[33m.btn[39m[31m[91m [33m.badge[39m[31m[91m[33m{[39m[31m[91mposition[33m:[39m[31m[91mrelative[33m;[39m[31m[91mtop[33m:[39m[31m[91m-1px[33m}[39m[31m[91m[33m.badge-primary[39m[31m[91m[33m{[39m[31m[91mcolor[33m:[39m[31m[91m[35m#fff[39m[31m[91m[33m;[39m[31m[91mbackground-color[33m:[39m[31m[91mtransparent[33m}[39m[31m[91m[33m.badge-primary[39m[31m[91m[33m:[39m[31m[91mbefore[33m{[39m[31m[91mcolor[33m:[39m[31m[91m[35m#bbb[39m[31m[91m[33m;[39m[31m[91mcontent[33m:[39m[31m[91m[32m"["[39m[31m[91m[33m}[39m[31m[91m[33m.badge-primary[39m[31m[91m[33m:[39m[31m[91mafter[33m{[39m[31m[91mcolor[33m:[39m[31m[91m[35m#bbb[39m[31m[91m[33m;[39m[31m[91mcontent[33m:[39m[31m[91m[32m"]"[39m[31m[91m[33m}[39m[31m[91ma.badge-primary[33m:[39m[31m[91mfocus,a.badge-primary[33m:[39m[31m[91mhover[33m{[39m[31m[91mcolor[33m:[39m[31m[91m[35m#bbb[39m[31m[91m[33m}[39m[31m[91ma.badge-primary.focus,a.badge-primary[33m:[39m[31m[91mfocus[33m{[39m[31m[91moutline[33m:[39m[31m[91m0[33m}[39m[31m[91m[33m.badge-secondary[39m[31m[91m[33m{[39m[31m[91mcolor[33m:[39m[31m[91m[35m#fff[39m[31m[91m[33m;[39m[31m[91mbackground-color[33m:[39m[31m[91mtransparent[33m}[39m[31m[91m[33m.badge-secondary[39m[31m[91m[33m:[39m[31m[91mbefore[33m{[39m[31m[91mcolor[33m:[39m[31m[91m[35m#bbb[39m[31m[91m[33m;[39m[31m[91mcontent[33m:[39m[31m[91m[32m"["[39m[31m[91m[33m}[39m[31m[91m[33m.badge-secondary[39m[31m[91m[33m:[39m[31m[91mafter[33m{[39m[31m[91mcolor[33m:[39m[31m[91m[35m#bbb[39m[31m[91m[33m;[39m[31m[91mcontent[33m:[39m[31m[91m[32m"]"[39m[31m[91m[33m}[39m[31m[91ma.badge-secondary[33m:[39m[31m[91mfocus,a.badge-secondary[33m[39m[22m[1m[31m:[39m[31m[91mhover[33m{[39m[31m[91mcolor[33m:[39m[31m[91m[35m#bbb[39m[31m[91m[33m}[39m[31m[91ma.badge-secondary.focus,a.badge-secondary[33m:[39m[31m[91mfocus[33m{[39m[31m[91moutline[33m:[39m[31m[91m0[33m}[39m[31m[91m[33m.badge-success[39m[31m[91m[33m{[39m[31m[91mcolor[33m:[39m[31m[91m[35m#5f5[39m[31m[91m[33m;[39m[31m[91mbackground-color[33m:[39m[31m[91mtransparent[33m}[39m[31m[91m[33m.badge-success[39m[31m[91m[33m:[39m[31m[91mbefore[33m{[39m[31m[91mcolor[33m:[39m[31m[91m[35m#0a0[39m[31m[91m[33m;[39m[31m[91mcontent[33m:[39m[31m[91m[32m"["[39m[31m[91m[33m}[39m[31m[91m[33m.badge-success[39m[31m[91m[33m:[39m[31m[91mafter[33m{[39m[31m[91mcolor[33m:[39m[31m[91m[35m#0a0[39m[31m[91m[33m;[39m[31m[91mcontent[33m:[39m[31m[91m[32m"]"[39m[31m[91m[33m}[39m[31m[91ma.badge-success[33m:[39m[31m[91mfocus,a.badge-success[33m:[39m[31m[91mhover[33m{[39m[31m[91mcolor[33m:[39m[31m[91m[35m#fff[39m[31m[91m[33m}[39m[31m[91ma.badge-success.focus,a.badge-success[33m:[39m[31m[91mfocus[33m{[39m[31m[91moutline[33m:[39m[31m[91m0[33m}[39m[31m[91m[33m.badge-info[39m[31m[91m[33m{[39m[31m[91mcolor[33m:[39m[31m[91m[35m#5ff[39m[31m[91m[33m;[39m[31m[91mbackground-color[33m:[39m[31m[91mtransparent[33m}[39m[31m[91m[33m.badge-info[39m[31m[91m[33m:[39m[31m[91mbefore[33m{[39m[31m[91mcolor[33m:[39m[31m[91m[35m#0aa[39m[31m[91m[33m;[39m[31m[91mcontent[33m:[39m[31m[91m[32m"["[39m[31m[91m[33m}[39m[31m[91m[33m.badge-info[39m[31m[91m[33m:[39m[31m[91mafter[33m{[39m[31m[91mcolor[33m:[39m[31m[91m[35m#0aa[39m[31m[91m[33m;[39m[31m[91mcontent[33m:[39m[31m[91m[32m"]"[39m[31m[91m[33m}[39m[31m[91ma.badge-info[33m:[39m[31m[91mfocus,a.badge-info[33m:[39m[31m[91mhover[33m{[39m[31m[91mcolor[33m:[39m[31m[91m[35m#fff[39m[31m[91m[33m}[39m[31m[91ma.badge-info.focus,a.badge-info[33m:[39m[31m[91mfocus[33m{[39m[31m[91moutline[33m:[39m[31m[91m0[33m}[39m[31m[91m[33m.badge-warning[39m[31m[91m[33m{[39m[31m[91mcolor[33m:[39m[31m[91m[35m#ff5[39m[31m[91m[33m;[39m[31m[91mbackground-color[33m:[39m[31m[91mtransparent[33m}[39m[31m[91m[33m.badge-warning[39m[31m[91m[33m:[39m[31m[91mbefore[33m{[39m[31m[91mcolor[33m:[39m[31m[91m[35m#a50[[39m[22m[1m[31m39m[91m[33m;[39m[31m[91mcontent[33m:[39m[31m[91m[32m"["[39m[31m[91m[33m}[39m[31m[91m[33m.badge-warning[39m[31m[91m[33m:[39m[31m[91mafter[33m{[39m[31m[91mcolor[33m:[39m[31m[91m[35m#a50[39m[31m[91m[33m;[39m[31m[91mcontent[33m:[39m[31m[91m[32m"]"[39m[31m[91m[33m}[39m[31m[91ma.badge-warning[33m:[39m[31m[91mfocus,a.badge-warning[33m:[39m[31m[91mhover[33m{[39m[31m[91mcolor[33m:[39m[31m[91m[35m#fff[39m[31m[91m[33m}[39m[31m[91ma.badge-warning.focus,a.badge-warning[33m:[39m[31m[91mfocus[33m{[39m[31m[91moutline[33m:[39m[31m[91m0[33m}[39m[31m[91m[33m.badge-danger[39m[31m[91m[33m{[39m[31m[91mcolor[33m:[39m[31m[91m[35m#f55[39m[31m[91m[33m;[39m[31m[91mbackground-color[33m:[39m[31m[91mtransparent[33m}[39m[31m[91m[33m.badge-danger[39m[31m[91m[33m:[39m[31m[91mbefore[33m{[39m[31m[91mcolor[33m:[39m[31m[91m[35m#a00[39m[31m[91m[33m;[39m[31m[91mcontent[33m:[39m[31m[91m[32m"["[39m[31m[91m[33m}[39m[31m[91m[33m.badge-danger[39m[31m[91m[33m:[39m[31m[91mafter[33m{[39m[31m[91mcolor[33m:[39m[31m[91m[35m#a00[39m[31m[91m[33m;[39m[31m[91mcontent[33m:[39m[31m[91m[32m"]"[39m[31m[91m[33m}[39m[31m[91ma.badge-danger[33m:[39m[31m[91mfocus,a.badge-danger[33m:[39m[31m[91mhover[33m{[39m[31m[91mcolor[33m:[39m[31m[91m[35m#fff[39m[31m[91m[33m}[39m[31m[91ma.badge-danger.focus,a.badge-danger[33m:[39m[31m[91mfocus[33m{[39m[31m[91moutline[33m:[39m[31m[91m0[33m}[39m[31m[91m[33m.badge-light[39m[31m[91m[33m{[39m[31m[91mbackground-color[33m:[39m[31m[91mtransparent[33m}[39m[31m[91m[33m.badge-light[39m[31m[91m[33m:[39m[31m[91mbefore[33m{[39m[31m[91mcolor[33m:[39m[31m[91m[35m#fff[39m[31m[91m[33m;[39m[31m[91mcontent[33m:[39m[31m[91m[32m"["[39m[31m[91m[33m}[39m[31m[91m[33m.badge-light[39m[31m[91m[33m:[39m[31m[91mafter[33m{[39m[31m[91mcolor[33m:[39m[31m[91m[35m#fff[39m[31m[91m[33m;[39m[31m[91mcontent[33m:[39m[31m[91m[32m"]"[39m[31m[91m[33m}[39m[31m[91ma.badge-light[33m:[39m[31m[91mfocus,a.badge-light[33m:[39m[31m[91mhover[33m{[39m[31m[91mcolor[33m:[39m[31m[91m[35m#bbb[39m[31m[91m[33m}[39m[31m[91ma.badge-light.focus,a.badge-light[33m:[39m[31m[91mfocus[33m{[39m[31m[91moutline[33m:[39m[31m[91m0[33m}[39m[31m[91m[[39m[22m[1m[31m33m.badge-dark[39m[31m[91m[33m{[39m[31m[91mcolor[33m:[39m[31m[91m[35m#555[39m[31m[91m[33m;[39m[31m[91mbackground-color[33m:[39m[31m[91mtransparent[33m}[39m[31m[91m[33m.badge-dark[39m[31m[91m[33m:[39m[31m[91mbefore[33m{[39m[31m[91mcolor[33m:[39m[31m[91m[35m#000[39m[31m[91m[33m;[39m[31m[91mcontent[33m:[39m[31m[91m[32m"["[39m[31m[91m[33m}[39m[31m[91m[33m.badge-dark[39m[31m[91m[33m:[39m[31m[91mafter[33m{[39m[31m[91mcolor[33m:[39m[31m[91m[35m#000[39m[31m[91m[33m;[39m[31m[91mcontent[33m:[39m[31m[91m[32m"]"[39m[31m[91m[33m}[39m[31m[91ma.badge-dark[33m:[39m[31m[91mfocus,a.badge-dark[33m:[39m[31m[91mhover[33m{[39m[31m[91mcolor[33m:[39m[31m[91m[35m#fff[39m[31m[91m[33m}[39m[31m[91ma.badge-dark.focus,a.badge-dark[33m:[39m[31m[91mfocus[33m{[39m[31m[91moutline[33m:[39m[31m[91m0[33m}[39m[31m[91m[33m.badge-pill[39m[31m[91m[33m:[39m[31m[91mbefore[33m{[39m[31m[91mcontent[33m:[39m[31m[91m[32m"("[39m[31m[91m[33m}[39m[31m[91m[33m.badge-pill[39m[31m[91m[33m:[39m[31m[91mafter[33m{[39m[31m[91mcontent[33m:[39m[31m[91m[32m")"[39m[31m[91m[33m}[39m[31m[91m[33m.jumbotron[39m[31m[91m[33m{[39m[31m[91mpadding[33m:[39m[31m[91m28px 16px[33m;[39m[31m[91mmargin-bottom[33m:[39m[31m[91m28px 16px[33m;[39m[31m[91mcolor[33m:[39m[31m[91m[35m#000[39m[31m[91m[33m;[39m[31m[91mbackground-color[33m:[39m[31m[91m[35m#bbb[39m[31m[91m[33m;[39m[31m[91mborder[33m:[39m[31m[91m[33m.875px[39m[31m[91m solid [35m#000[39m[31m[91m[33m;[39m[31m[91mmargin-top[33m:[39m[31m[91m7px[33m;[39m[31m[91mpadding-top[33m:[39m[31m[91m6.125px[33m;[39m[31m[91mpadding-bottom[33m:[39m[31m[91m7px[33m;[39m[31m[91mmargin-bottom[33m:[39m[31m[91m6.125px[33m;[39m[31m[91mborder-left-width[33m:[39m[31m[91m2px[33m;[39m[31m[91mborder-right-width[33m:[39m[31m[91m2px[33m;[39m[31m[91mmargin-left[33m:[39m[31m[91m3.5px[33m;[39m[31m[91mpadding-left[33m:[39m[31m[91m10.5px[33m;[39m[31m[91mpadding-right[33m:[39m[31m[91m11.5px[33m;[39m[31m[91mmargin-right[33m:[39m[31m[91m2.5px[33m;[39m[31m[91mbox-shadow[33m:[39m[31m[91m-3.5px -7px 0 0 [35m#bbb,2.5px[39m[31m[91m 6.125px 0 0 [35m#bbb,-3.5px[39m[31m[91m 6.125px 0 0 [35m#bbb,2.5px[39m[31m[91m -7px 0 0 [39m[22m[1m[31m[35m#bbb[39m[31m[91m[33m;[39m[31m[91mdisplay[33m:[39m[31m[91minline-block[33m;[39m[31m[91mwidth[33m:[39m[31m[91m[36mcalc[39m[31m[91m[36m(100% - 6px)[39m[31m[91m[33m}[39m[31m[91m[33m.jumbotron[39m[31m[91m [33m.display-4[39m[31m[91m[33m{[39m[31m[91mtext-indent[33m:[39m[31m[91m0[33m;[39m[31m[91mposition[33m:[39m[31m[91mabsolute[33m;[39m[31m[91mpadding[33m:[39m[31m[91m0 11px[33m;[39m[31m[91mtop[33m:[39m[31m[91m-7px[33m;[39m[31m[91mmargin[33m:[39m[31m[91m0[33m;[39m[31m[91mleft[33m:[39m[31m[91m20px[33m;[39m[31m[91mbackground[33m:[39m[31m[91m[35m#bbb[39m[31m[91m[33m;[39m[31m[91mborder-left[33m:[39m[31m[91m3px double [35m#000[39m[31m[91m[33m;[39m[31m[91mborder-right[33m:[39m[31m[91m3px double [35m#000[39m[31m[91m[33m}[39m[31m[91m[33m.jumbotron-fluid[39m[31m[91m[33m{[39m[31m[91mpadding-right[33m:[39m[31m[91m0[33m;[39m[31m[91mpadding-left[33m:[39m[31m[91m0[33m}[39m[31m[91m[33m.alert[39m[31m[91m[33m{[39m[31m[91mposition[33m:[39m[31m[91mrelative[33m;[39m[31m[91mpadding[33m:[39m[31m[91m0 8px 14px[33m;[39m[31m[91mmargin-bottom[33m:[39m[31m[91m0[33m;[39m[31m[91mborder[33m:[39m[31m[91m0 solid transparent[33m;[39m[31m[91mbackground[33m:[39m[31m[91m[35m#bbb[39m[31m[91m[33m;[39m[31m[91mcolor[33m:[39m[31m[91m[35m#000[39m[31m[91m[33m}[39m[31m[91m[33m.alert[39m[31m[91m [33m.alert-link[39m[31m[91m[33m{[39m[31m[91mcolor[33m:[39m[31m[91m[35m#000084[39m[31m[91m[33m}[39m[31m[91m[33m.alert[39m[31m[91m [33m.alert-link[39m[31m[91m[33m:[39m[31m[91mhover[33m{[39m[31m[91mbackground[33m:[39m[31m[91m0 0[33m;[39m[31m[91mcolor[33m:[39m[31m[91m[35m#55f[39m[31m[91m[33m}[39m[31m[91m[33m.alert-heading[39m[31m[91m[33m{[39m[31m[91mcolor[33m:[39m[31m[91minherit[33m}[39m[31m[91m[33m.alert-dismissible[39m[31m[91m [33m.close[39m[31m[91m[33m{[39m[31m[91mposition[33m:[39m[31m[91mabsolute[33m;[39m[31m[91mtop[33m:[39m[31m[91m0[33m;[39m[31m[91mright[33m:[39m[31m[91m0[33m;[39m[31m[91mpadding[33m:[39m[31m[91m0 8px[33m}[39m[31m[91m[33m.alert-primary[39m[31m[91m[33m:[39m[31m[91m[33m:[39m[31m[91mbefore[33m{[39m[31m[91mmargin[33m:[39m[31m[91m0 -8px 14px[33m;[39m[31m[91mpadding[33m:[39m[31m[91m0 8px[33m;[39m[31m[9[39m[22m[1m[31m1mdisplay[33m:[39m[31m[91mblock[33m;[39m[31m[91mtext-transform[33m:[39m[31m[91mcapitalize[33m;[39m[31m[91mcolor[33m:[39m[31m[91m[35m#fff[39m[31m[91m[33m;[39m[31m[91mbackground[33m:[39m[31m[91m[35m#555[39m[31m[91m[33m;[39m[31m[91mcontent[33m:[39m[31m[91m[32m"Alert"[39m[31m[91m[33m}[39m[31m[91m[33m.alert-secondary[39m[31m[91m[33m:[39m[31m[91m[33m:[39m[31m[91mbefore[33m{[39m[31m[91mmargin[33m:[39m[31m[91m0 -8px 14px[33m;[39m[31m[91mpadding[33m:[39m[31m[91m0 8px[33m;[39m[31m[91mdisplay[33m:[39m[31m[91mblock[33m;[39m[31m[91mtext-transform[33m:[39m[31m[91mcapitalize[33m;[39m[31m[91mcolor[33m:[39m[31m[91m[35m#fff[39m[31m[91m[33m;[39m[31m[91mbackground[33m:[39m[31m[91m[35m#555[39m[31m[91m[33m;[39m[31m[91mcontent[33m:[39m[31m[91m[32m"Alert"[39m[31m[91m[33m}[39m[31m[91m[33m.alert-success[39m[31m[91m[33m:[39m[31m[91m[33m:[39m[31m[91mbefore[33m{[39m[31m[91mmargin[33m:[39m[31m[91m0 -8px 14px[33m;[39m[31m[91mpadding[33m:[39m[31m[91m0 8px[33m;[39m[31m[91mdisplay[33m:[39m[31m[91mblock[33m;[39m[31m[91mtext-transform[33m:[39m[31m[91mcapitalize[33m;[39m[31m[91mcolor[33m:[39m[31m[91m[35m#fff[39m[31m[91m[33m;[39m[31m[91mbackground[33m:[39m[31m[91m[35m#0a0[39m[31m[91m[33m;[39m[31m[91mcontent[33m:[39m[31m[91m[32m"success"[39m[31m[91m[33m}[39m[31m[91m[33m.alert-info[39m[31m[91m[33m:[39m[31m[91m[33m:[39m[31m[91mbefore[33m{[39m[31m[91mmargin[33m:[39m[31m[91m0 -8px 14px[33m;[39m[31m[91mpadding[33m:[39m[31m[91m0 8px[33m;[39m[31m[91mdisplay[33m:[39m[31m[91mblock[33m;[39m[31m[91mtext-transform[33m:[39m[31m[91mcapitalize[33m;[39m[31m[91mcolor[33m:[39m[31m[91m[35m#fff[39m[31m[91m[33m;[39m[31m[91mbackground[33m:[39m[31m[91m[35m#0aa[39m[31m[91m[33m;[39m[31m[91mcontent[33m:[39m[31m[91m[32m"info"[39m[31m[91m[33m}[39m[31m[91m[33m.alert-warning[39m[31m[91m[33m:[39m[31m[91m[33m:[39m[31m[91mbefore[33m{[39m[31m[91mmargin[33m:[39m[31m[91m0 -8px 14px[33m;[39m[31m[91mpadding[33m:[39m[31m[91m0 8px[33m;[39m[31m[91mdisplay[33m:[39m[31m[91mblock[33m;[39m[31m[91mtext-transform[33m:[39m[31m[91mcapitalize[33m;[39m[31m[91mcolor[33m:[39m[31m[91m[35m#fff[39m[31m[91m[33m;[39m[31m[91mbackground[33m:[39m[31m[91m[39m[22m[1m[31m[35m#a50[39m[31m[91m[33m;[39m[31m[91mcontent[33m:[39m[31m[91m[32m"warning"[39m[31m[91m[33m}[39m[31m[91m[33m.alert-danger[39m[31m[91m[33m:[39m[31m[91m[33m:[39m[31m[91mbefore[33m{[39m[31m[91mmargin[33m:[39m[31m[91m0 -8px 14px[33m;[39m[31m[91mpadding[33m:[39m[31m[91m0 8px[33m;[39m[31m[91mdisplay[33m:[39m[31m[91mblock[33m;[39m[31m[91mtext-transform[33m:[39m[31m[91mcapitalize[33m;[39m[31m[91mcolor[33m:[39m[31m[91m[35m#fff[39m[31m[91m[33m;[39m[31m[91mbackground[33m:[39m[31m[91m[35m#a00[39m[31m[91m[33m;[39m[31m[91mcontent[33m:[39m[31m[91m[32m"danger"[39m[31m[91m[33m}[39m[31m[91m[33m.alert-light[39m[31m[91m[33m:[39m[31m[91m[33m:[39m[31m[91mbefore[33m{[39m[31m[91mmargin[33m:[39m[31m[91m0 -8px 14px[33m;[39m[31m[91mpadding[33m:[39m[31m[91m0 8px[33m;[39m[31m[91mdisplay[33m:[39m[31m[91mblock[33m;[39m[31m[91mtext-transform[33m:[39m[31m[91mcapitalize[33m;[39m[31m[91mcolor[33m:[39m[31m[91m[35m#fff[39m[31m[91m[33m;[39m[31m[91mcontent[33m:[39m[31m[91m[32m"Alert"[39m[31m[91m[33m;[39m[31m[91mbackground[33m:[39m[31m[91m[35m#a0a[39m[31m[91m[33m}[39m[31m[91m[33m.alert-dark[39m[31m[91m[33m:[39m[31m[91m[33m:[39m[31m[91mbefore[33m{[39m[31m[91mmargin[33m:[39m[31m[91m0 -8px 14px[33m;[39m[31m[91mpadding[33m:[39m[31m[91m0 8px[33m;[39m[31m[91mdisplay[33m:[39m[31m[91mblock[33m;[39m[31m[91mtext-transform[33m:[39m[31m[91mcapitalize[33m;[39m[31m[91mcolor[33m:[39m[31m[91m[35m#fff[39m[31m[91m[33m;[39m[31m[91mbackground[33m:[39m[31m[91m[35m#000[39m[31m[91m[33m;[39m[31m[91mcontent[33m:[39m[31m[91m[32m"dark"[39m[31m[91m[33m}[39m[31m[91m[33m.progress[39m[31m[91m[33m{[39m[31m[91mdisplay[33m:[39m[31m[91m-ms-flexbox[33m;[39m[31m[91mdisplay[33m:[39m[31m[91mflex[33m;[39m[31m[91mheight[33m:[39m[31m[91m14px[33m;[39m[31m[91mbackground[33m:[39m[31m[91m[36murl[39m[31m[91m[36m(assets/fonts/shade-50-grayLight.svg)[39m[31m[91m repeat-x left center[33m}[39m[31m[91m[33m.progress-bar[39m[31m[91m[33m{[39m[31m[91mdisplay[33m:[39m[31m[91m-ms-flexbox[33m;[39m[31m[91mdisplay[33m:[39m[31m[91mflex[33m;[39m[31m[91m-ms-flex-direction[33m:[39m[31m[91mcolumn[33m;[39m[31m[91mflex-direction[33m:[39m[31m[91mcolumn[33m;[3[39m[22m[1m[31m9m[91m-ms-flex-pack[33m:[39m[31m[91mcenter[33m;[39m[31m[91mjustify-content[33m:[39m[31m[91mcenter[33m;[39m[31m[91moverflow[33m:[39m[31m[91mhidden[33m;[39m[31m[91mcolor[33m:[39m[31m[91m[35m#fff[39m[31m[91m[33m;[39m[31m[91mtext-align[33m:[39m[31m[91mcenter[33m;[39m[31m[91mwhite-space[33m:[39m[31m[91mnowrap[33m;[39m[31m[91mbackground-color[33m:[39m[31m[91m[35m#ff0[39m[31m[91m[33m}[39m[31m[91m[33m.progress-bar-striped[39m[31m[91m[33m{[39m[31m[91mbackground-size[33m:[39m[31m[91m14px 14px[33m}[39m[31m[91m[33m.media[39m[31m[91m[33m{[39m[31m[91mdisplay[33m:[39m[31m[91m-ms-flexbox[33m;[39m[31m[91mdisplay[33m:[39m[31m[91mflex[33m;[39m[31m[91m-ms-flex-align[33m:[39m[31m[91mstart[33m;[39m[31m[91malign-items[33m:[39m[31m[91mflex-start[33m}[39m[31m[91m[33m.media-body[39m[31m[91m[33m{[39m[31m[91m-ms-flex[33m:[39m[31m[91m1[33m;[39m[31m[91mflex[33m:[39m[31m[91m1[33m}[39m[31m[91m[33m.list-group[39m[31m[91m[33m{[39m[31m[91mdisplay[33m:[39m[31m[91m-ms-flexbox[33m;[39m[31m[91mdisplay[33m:[39m[31m[91mflex[33m;[39m[31m[91m-ms-flex-direction[33m:[39m[31m[91mcolumn[33m;[39m[31m[91mflex-direction[33m:[39m[31m[91mcolumn[33m;[39m[31m[91mmargin-bottom[33m:[39m[31m[91m0[33m;[39m[31m[91mborder[33m:[39m[31m[91m[33m.875px[39m[31m[91m solid [35m#bbb[39m[31m[91m[33m;[39m[31m[91mmargin-top[33m:[39m[31m[91m7px[33m;[39m[31m[91mpadding-top[33m:[39m[31m[91m6.125px[33m;[39m[31m[91mpadding-bottom[33m:[39m[31m[91m7px[33m;[39m[31m[91mmargin-bottom[33m:[39m[31m[91m6.125px[33m;[39m[31m[91mborder-left-width[33m:[39m[31m[91m2px[33m;[39m[31m[91mborder-right-width[33m:[39m[31m[91m2px[33m;[39m[31m[91mmargin-left[33m:[39m[31m[91m3.5px[33m;[39m[31m[91mpadding-left[33m:[39m[31m[91m2.5px[33m;[39m[31m[91mpadding-right[33m:[39m[31m[91m3.5px[33m;[39m[31m[91mmargin-right[33m:[39m[31m[91m2.5px[33m;[39m[31m[91mdisplay[33m:[39m[31m[91minline-block[33m;[39m[31m[91mwidth[33m:[39m[31m[91m[36mcalc[39m[31m[91m[36m(100% - 6px)[39m[31m[91m[33m}[39m[31m[91m[33m.list-group-item-action[39m[31m[91m[33m{[39m[31m[91mwidth[33m:[39m[31m[91m100%[33m;[39m[31m[91mcolor[33m:[39m[31m[91m[35m#bbb[39m[31m[91m[33m;[39m[31m[91mtext-[39m[22m[1m[31malign[33m:[39m[31m[91minherit[33m}[39m[31m[91m[33m.list-group-item-action[39m[31m[91m[33m:[39m[31m[91mfocus,.list-group-item-action[33m:[39m[31m[91mhover[33m{[39m[31m[91mz-index[33m:[39m[31m[91m1[33m;[39m[31m[91mcolor[33m:[39m[31m[91m[35m#bbb[39m[31m[91m[33m;[39m[31m[91mtext-decoration[33m:[39m[31m[91mnone[33m;[39m[31m[91mbackground-color[33m:[39m[31m[91m[35m#555[39m[31m[91m[33m}[39m[31m[91m[33m.list-group-item-action[39m[31m[91m[33m:[39m[31m[91mactive[33m{[39m[31m[91mcolor[33m:[39m[31m[91m[35m#bbb[39m[31m[91m[33m;[39m[31m[91mbackground-color[33m:[39m[31m[91m[35m#555[39m[31m[91m[33m}[39m[31m[91m[33m.list-group-item[39m[31m[91m[33m{[39m[31m[91mposition[33m:[39m[31m[91mrelative[33m;[39m[31m[91mdisplay[33m:[39m[31m[91mblock[33m;[39m[31m[91mpadding[33m:[39m[31m[91m14px 8px[33m;[39m[31m[91mbackground-color[33m:[39m[31m[91mtransparent[33m}[39m[31m[91m[33m.list-group-item.disabled,.list-group-item[39m[31m[91m[33m:[39m[31m[91mdisabled[33m{[39m[31m[91mcolor[33m:[39m[31m[91m[35m#555[39m[31m[91m[33m;[39m[31m[91mpointer-events[33m:[39m[31m[91mnone[33m;[39m[31m[91mbackground-color[33m:[39m[31m[91mtransparent[33m}[39m[31m[91m[33m.list-group-item.active[39m[31m[91m[33m{[39m[31m[91mz-index[33m:[39m[31m[91m2[33m;[39m[31m[91mcolor[33m:[39m[31m[91m[35m#fff[39m[31m[91m[33m;[39m[31m[91mbackground-color[33m:[39m[31m[91m[35m#000[39m[31m[91m[33m;[39m[31m[91mborder-color[33m:[39m[31m[91m[35m#000[39m[31m[91m[33m}[39m[31m[91m[33m.list-group-item+.list-group-item[39m[31m[91m[33m{[39m[31m[91mborder-top-width[33m:[39m[31m[91m0[33m}[39m[31m[91m[33m.list-group-item+.list-group-item.active[39m[31m[91m[33m{[39m[31m[91mmargin-top[33m:[39m[31m[91m0[33m;[39m[31m[91mborder-top-width[33m:[39m[31m[91m0[33m}[39m[31m[91m[33m.list-group-horizontal[39m[31m[91m[33m{[39m[31m[91m-ms-flex-direction[33m:[39m[31m[91mrow[33m;[39m[31m[91mflex-direction[33m:[39m[31m[91mrow[33m}[39m[31m[91m[33m.list-group-horizontal[39m[31m[91m [33m.list-group-item.active[39m[31m[91m[33m{[39m[31m[91mmargin-top[33m:[39m[31m[91m0[33m}[39m[31m[91m[33m.list-group-horizontal[39m[31m[91m [33m.list-group-item+.list-grou[39m[22m[1m[31mp-item[39m[31m[91m[33m{[39m[31m[91mborder-top-width[33m:[39m[31m[91m0[33m;[39m[31m[91mborder-left-width[33m:[39m[31m[91m0[33m}[39m[31m[91m[33m.list-group-horizontal[39m[31m[91m [33m.list-group-item+.list-group-item.active[39m[31m[91m[33m{[39m[31m[91mmargin-left[33m:[39m[31m[91m0[33m;[39m[31m[91mborder-left-width[33m:[39m[31m[91m0[33m}[39m[31m[91m[36m@media[39m[31m[91m[36m [39m[31m[91m[36m(min-width:576px)[39m[31m[91m[33m{[39m[31m[91m[33m.list-group-horizontal-sm[39m[31m[91m[33m{[39m[31m[91m-ms-flex-direction[33m:[39m[31m[91mrow[33m;[39m[31m[91mflex-direction[33m:[39m[31m[91mrow[33m}[39m[31m[91m[33m.list-group-horizontal-sm[39m[31m[91m [33m.list-group-item.active[39m[31m[91m[33m{[39m[31m[91mmargin-top[33m:[39m[31m[91m0[33m}[39m[31m[91m[33m.list-group-horizontal-sm[39m[31m[91m [33m.list-group-item+.list-group-item[39m[31m[91m[33m{[39m[31m[91mborder-top-width[33m:[39m[31m[91m0[33m;[39m[31m[91mborder-left-width[33m:[39m[31m[91m0[33m}[39m[31m[91m[33m.list-group-horizontal-sm[39m[31m[91m [33m.list-group-item+.list-group-item.active[39m[31m[91m[33m{[39m[31m[91mmargin-left[33m:[39m[31m[91m0[33m;[39m[31m[91mborder-left-width[33m:[39m[31m[91m0[33m}[39m[31m[91m[33m}[39m[31m[91m[36m@media[39m[31m[91m[36m [39m[31m[91m[36m(min-width:768px)[39m[31m[91m[33m{[39m[31m[91m[33m.list-group-horizontal-md[39m[31m[91m[33m{[39m[31m[91m-ms-flex-direction[33m:[39m[31m[91mrow[33m;[39m[31m[91mflex-direction[33m:[39m[31m[91mrow[33m}[39m[31m[91m[33m.list-group-horizontal-md[39m[31m[91m [33m.list-group-item.active[39m[31m[91m[33m{[39m[31m[91mmargin-top[33m:[39m[31m[91m0[33m}[39m[31m[91m[33m.list-group-horizontal-md[39m[31m[91m [33m.list-group-item+.list-group-item[39m[31m[91m[33m{[39m[31m[91mborder-top-width[33m:[39m[31m[91m0[33m;[39m[31m[91mborder-left-width[33m:[39m[31m[91m0[33m}[39m[31m[91m[33m.list-group-horizontal-md[39m[31m[91m [33m.list-group-item+.list-group-item.active[39m[31m[91m[33m{[39m[31m[91mmargin-left[33m:[39m[31m[91m0[33m;[39m[31m[91mborder-left-width[33m:[39m[31m[91m0[33m}[39m[31m[91m[33m}[39m[31m[91m[36m@media[39m[31m[91m[36m [39m[31m[91m[36m(min-width[39m[22m[1m[31m:960px)[39m[31m[91m[33m{[39m[31m[91m[33m.list-group-horizontal-lg[39m[31m[91m[33m{[39m[31m[91m-ms-flex-direction[33m:[39m[31m[91mrow[33m;[39m[31m[91mflex-direction[33m:[39m[31m[91mrow[33m}[39m[31m[91m[33m.list-group-horizontal-lg[39m[31m[91m [33m.list-group-item.active[39m[31m[91m[33m{[39m[31m[91mmargin-top[33m:[39m[31m[91m0[33m}[39m[31m[91m[33m.list-group-horizontal-lg[39m[31m[91m [33m.list-group-item+.list-group-item[39m[31m[91m[33m{[39m[31m[91mborder-top-width[33m:[39m[31m[91m0[33m;[39m[31m[91mborder-left-width[33m:[39m[31m[91m0[33m}[39m[31m[91m[33m.list-group-horizontal-lg[39m[31m[91m [33m.list-group-item+.list-group-item.active[39m[31m[91m[33m{[39m[31m[91mmargin-left[33m:[39m[31m[91m0[33m;[39m[31m[91mborder-left-width[33m:[39m[31m[91m0[33m}[39m[31m[91m[33m}[39m[31m[91m[36m@media[39m[31m[91m[36m [39m[31m[91m[36m(min-width:1152px)[39m[31m[91m[33m{[39m[31m[91m[33m.list-group-horizontal-xl[39m[31m[91m[33m{[39m[31m[91m-ms-flex-direction[33m:[39m[31m[91mrow[33m;[39m[31m[91mflex-direction[33m:[39m[31m[91mrow[33m}[39m[31m[91m[33m.list-group-horizontal-xl[39m[31m[91m [33m.list-group-item.active[39m[31m[91m[33m{[39m[31m[91mmargin-top[33m:[39m[31m[91m0[33m}[39m[31m[91m[33m.list-group-horizontal-xl[39m[31m[91m [33m.list-group-item+.list-group-item[39m[31m[91m[33m{[39m[31m[91mborder-top-width[33m:[39m[31m[91m0[33m;[39m[31m[91mborder-left-width[33m:[39m[31m[91m0[33m}[39m[31m[91m[33m.list-group-horizontal-xl[39m[31m[91m [33m.list-group-item+.list-group-item.active[39m[31m[91m[33m{[39m[31m[91mmargin-left[33m:[39m[31m[91m0[33m;[39m[31m[91mborder-left-width[33m:[39m[31m[91m0[33m}[39m[31m[91m[33m}[39m[31m[91m[33m.list-group-flush[39m[31m[91m [33m.list-group-item[39m[31m[91m[33m{[39m[31m[91mborder-right-width[33m:[39m[31m[91m0[33m;[39m[31m[91mborder-left-width[33m:[39m[31m[91m0[33m}[39m[31m[91m[33m.list-group-flush[39m[31m[91m [33m.list-group-item[39m[31m[91m[33m:[39m[31m[91mfirst-child[33m{[39m[31m[91mborder-top-width[33m:[39m[31m[91m0[33m}[39m[31m[91m[33m.list-group-flush[39m[31m[91m[33m:[39m[31m[91mlast-child [33m.list-group-item[39m[31m[91m[33m:[39[39m[22m[1m[31mm[91mlast-child[33m{[39m[31m[91mborder-bottom-width[33m:[39m[31m[91m0[33m}[39m[31m[91m[33m.list-group-item-primary[39m[31m[91m[33m{[39m[31m[91mcolor[33m:[39m[31m[91m[35m#fff[39m[31m[91m[33m;[39m[31m[91mbackground-color[33m:[39m[31m[91m[35m#fff[39m[31m[91m[33m}[39m[31m[91m[33m.list-group-item-primary.list-group-item-action[39m[31m[91m[33m:[39m[31m[91mfocus,.list-group-item-primary.list-group-item-action[33m:[39m[31m[91mhover[33m{[39m[31m[91mcolor[33m:[39m[31m[91m[35m#fff[39m[31m[91m[33m;[39m[31m[91mbackground-color[33m:[39m[31m[91m[35m#fff[39m[31m[91m[33m}[39m[31m[91m[33m.list-group-item-primary.list-group-item-action.active[39m[31m[91m[33m{[39m[31m[91mcolor[33m:[39m[31m[91m[35m#fff[39m[31m[91m[33m;[39m[31m[91mbackground-color[33m:[39m[31m[91m[35m#fff[39m[31m[91m[33m;[39m[31m[91mborder-color[33m:[39m[31m[91m[35m#fff[39m[31m[91m[33m}[39m[31m[91m[33m.list-group-item-secondary[39m[31m[91m[33m{[39m[31m[91mcolor[33m:[39m[31m[91m[35m#fff[39m[31m[91m[33m;[39m[31m[91mbackground-color[33m:[39m[31m[91m[35m#fff[39m[31m[91m[33m}[39m[31m[91m[33m.list-group-item-secondary.list-group-item-action[39m[31m[91m[33m:[39m[31m[91mfocus,.list-group-item-secondary.list-group-item-action[33m:[39m[31m[91mhover[33m{[39m[31m[91mcolor[33m:[39m[31m[91m[35m#fff[39m[31m[91m[33m;[39m[31m[91mbackground-color[33m:[39m[31m[91m[35m#fff[39m[31m[91m[33m}[39m[31m[91m[33m.list-group-item-secondary.list-group-item-action.active[39m[31m[91m[33m{[39m[31m[91mcolor[33m:[39m[31m[91m[35m#fff[39m[31m[91m[33m;[39m[31m[91mbackground-color[33m:[39m[31m[91m[35m#fff[39m[31m[91m[33m;[39m[31m[91mborder-color[33m:[39m[31m[91m[35m#fff[39m[31m[91m[33m}[39m[31m[91m[33m.list-group-item-success[39m[31m[91m[33m{[39m[31m[91mcolor[33m:[39m[31m[91m[35m#5f5[39m[31m[91m[33m;[39m[31m[91mbackground-color[33m:[39m[31m[91m[35m#5f5[39m[31m[91m[33m}[39m[31m[91m[33m.list-group-item-success.list-group-item-action[39m[31m[91m[33m:[39m[31m[91mfocus,.list-group-item-success.list-group-item-action[33m:[39m[31m[91mhover[33m{[39m[31m[91mcolor[33m:[39m[31m[91m[35m#5f5[39m[31m[91m[33m;[39m[31m[91mbackground-color[33m:[39[39m[22m[1m[31mm[91m[35m#5f5[39m[31m[91m[33m}[39m[31m[91m[33m.list-group-item-success.list-group-item-action.active[39m[31m[91m[33m{[39m[31m[91mcolor[33m:[39m[31m[91m[35m#fff[39m[31m[91m[33m;[39m[31m[91mbackground-color[33m:[39m[31m[91m[35m#5f5[39m[31m[91m[33m;[39m[31m[91mborder-color[33m:[39m[31m[91m[35m#5f5[39m[31m[91m[33m}[39m[31m[91m[33m.list-group-item-info[39m[31m[91m[33m{[39m[31m[91mcolor[33m:[39m[31m[91m[35m#5ff[39m[31m[91m[33m;[39m[31m[91mbackground-color[33m:[39m[31m[91m[35m#5ff[39m[31m[91m[33m}[39m[31m[91m[33m.list-group-item-info.list-group-item-action[39m[31m[91m[33m:[39m[31m[91mfocus,.list-group-item-info.list-group-item-action[33m:[39m[31m[91mhover[33m{[39m[31m[91mcolor[33m:[39m[31m[91m[35m#5ff[39m[31m[91m[33m;[39m[31m[91mbackground-color[33m:[39m[31m[91m[35m#5ff[39m[31m[91m[33m}[39m[31m[91m[33m.list-group-item-info.list-group-item-action.active[39m[31m[91m[33m{[39m[31m[91mcolor[33m:[39m[31m[91m[35m#fff[39m[31m[91m[33m;[39m[31m[91mbackground-color[33m:[39m[31m[91m[35m#5ff[39m[31m[91m[33m;[39m[31m[91mborder-color[33m:[39m[31m[91m[35m#5ff[39m[31m[91m[33m}[39m[31m[91m[33m.list-group-item-warning[39m[31m[91m[33m{[39m[31m[91mcolor[33m:[39m[31m[91m[35m#ff5[39m[31m[91m[33m;[39m[31m[91mbackground-color[33m:[39m[31m[91m[35m#ff5[39m[31m[91m[33m}[39m[31m[91m[33m.list-group-item-warning.list-group-item-action[39m[31m[91m[33m:[39m[31m[91mfocus,.list-group-item-warning.list-group-item-action[33m:[39m[31m[91mhover[33m{[39m[31m[91mcolor[33m:[39m[31m[91m[35m#ff5[39m[31m[91m[33m;[39m[31m[91mbackground-color[33m:[39m[31m[91m[35m#ff5[39m[31m[91m[33m}[39m[31m[91m[33m.list-group-item-warning.list-group-item-action.active[39m[31m[91m[33m{[39m[31m[91mcolor[33m:[39m[31m[91m[35m#fff[39m[31m[91m[33m;[39m[31m[91mbackground-color[33m:[39m[31m[91m[35m#ff5[39m[31m[91m[33m;[39m[31m[91mborder-color[33m:[39m[31m[91m[35m#ff5[39m[31m[91m[33m}[39m[31m[91m[33m.list-group-item-danger[39m[31m[91m[33m{[39m[31m[91mcolor[33m:[39m[31m[91m[35m#f55[39m[31m[91m[33m;[39m[31m[91mbackground-color[33m:[39m[31m[91m[35m#f55[39m[31m[91m[33m}[39m[31m[91m[33m.list-group-item-danger.list-group-ite[39m[22m[1m[31mm-action[39m[31m[91m[33m:[39m[31m[91mfocus,.list-group-item-danger.list-group-item-action[33m:[39m[31m[91mhover[33m{[39m[31m[91mcolor[33m:[39m[31m[91m[35m#f55[39m[31m[91m[33m;[39m[31m[91mbackground-color[33m:[39m[31m[91m[35m#f55[39m[31m[91m[33m}[39m[31m[91m[33m.list-group-item-danger.list-group-item-action.active[39m[31m[91m[33m{[39m[31m[91mcolor[33m:[39m[31m[91m[35m#fff[39m[31m[91m[33m;[39m[31m[91mbackground-color[33m:[39m[31m[91m[35m#f55[39m[31m[91m[33m;[39m[31m[91mborder-color[33m:[39m[31m[91m[35m#f55[39m[31m[91m[33m}[39m[31m[91m[33m.list-group-item-light.list-group-item-action.active[39m[31m[91m[33m{[39m[31m[91mcolor[33m:[39m[31m[91m[35m#fff[39m[31m[91m[33m}[39m[31m[91m[33m.list-group-item-dark[39m[31m[91m[33m{[39m[31m[91mcolor[33m:[39m[31m[91m[35m#555[39m[31m[91m[33m;[39m[31m[91mbackground-color[33m:[39m[31m[91m[35m#555[39m[31m[91m[33m}[39m[31m[91m[33m.list-group-item-dark.list-group-item-action[39m[31m[91m[33m:[39m[31m[91mfocus,.list-group-item-dark.list-group-item-action[33m:[39m[31m[91mhover[33m{[39m[31m[91mcolor[33m:[39m[31m[91m[35m#555[39m[31m[91m[33m;[39m[31m[91mbackground-color[33m:[39m[31m[91m[35m#555[39m[31m[91m[33m}[39m[31m[91m[33m.list-group-item-dark.list-group-item-action.active[39m[31m[91m[33m{[39m[31m[91mcolor[33m:[39m[31m[91m[35m#fff[39m[31m[91m[33m;[39m[31m[91mbackground-color[33m:[39m[31m[91m[35m#555[39m[31m[91m[33m;[39m[31m[91mborder-color[33m:[39m[31m[91m[35m#555[39m[31m[91m[33m}[39m[31m[91m[33m.close[39m[31m[91m[33m{[39m[31m[91mfloat[33m:[39m[31m[91mright[33m;[39m[31m[91mline-height[33m:[39m[31m[91m1[33m;[39m[31m[91mcolor[33m:[39m[31m[91m[35m#fff[39m[31m[91m[33m}[39m[31m[91m[33m.close[39m[31m[91m[33m:[39m[31m[91mhover[33m{[39m[31m[91mcolor[33m:[39m[31m[91m[35m#fff[39m[31m[91m[33m;[39m[31m[91mtext-decoration[33m:[39m[31m[91mnone[33m}[39m[31m[91mbutton.close[33m{[39m[31m[91mpadding[33m:[39m[31m[91m0 0 0 8px[33m;[39m[31m[91mbackground-color[33m:[39m[31m[91mtransparent[33m;[39m[31m[91mborder[33m:[39m[31m[91m0[33m;[39m[31m[91m-webkit-appearance[33m:[39m[31m[91mnone[33m;[39m[31m[91m-moz-appearance[33m:[39m[31m[91mnone[33m;[39[39m[22m[1m[31mm[91mappearance[33m:[39m[31m[91mnone[33m}[39m[31m[91ma.close.disabled[33m{[39m[31m[91mpointer-events[33m:[39m[31m[91mnone[33m}[39m[31m[91m[33m.toast[39m[31m[91m[33m{[39m[31m[91mmax-width[33m:[39m[31m[91m360px[33m;[39m[31m[91moverflow[33m:[39m[31m[91mhidden[33m;[39m[31m[91mcolor[33m:[39m[31m[91m[35m#000[39m[31m[91m[33m;[39m[31m[91mpadding[33m:[39m[31m[91m0[33m;[39m[31m[91mbackground-color[33m:[39m[31m[91m[35m#bbb[39m[31m[91m[33m;[39m[31m[91mbackground-clip[33m:[39m[31m[91mpadding-box[33m;[39m[31m[91mopacity[33m:[39m[31m[91m0[33m}[39m[31m[91m[33m.toast[39m[31m[91m[33m:[39m[31m[91m[36mnot[39m[31m[91m[36m(:last-child)[39m[31m[91m[33m{[39m[31m[91mmargin-bottom[33m:[39m[31m[91m8px[33m}[39m[31m[91m[33m.toast.showing[39m[31m[91m[33m{[39m[31m[91mopacity[33m:[39m[31m[91m1[33m}[39m[31m[91m[33m.toast.show[39m[31m[91m[33m{[39m[31m[91mdisplay[33m:[39m[31m[91mblock[33m;[39m[31m[91mopacity[33m:[39m[31m[91m1[33m}[39m[31m[91m[33m.toast.hide[39m[31m[91m[33m{[39m[31m[91mdisplay[33m:[39m[31m[91mnone[33m}[39m[31m[91m[33m.toast-header[39m[31m[91m[33m{[39m[31m[91mdisplay[33m:[39m[31m[91m-ms-flexbox[33m;[39m[31m[91mdisplay[33m:[39m[31m[91mflex[33m;[39m[31m[91m-ms-flex-align[33m:[39m[31m[91mcenter[33m;[39m[31m[91malign-items[33m:[39m[31m[91mcenter[33m;[39m[31m[91mpadding[33m:[39m[31m[91m0 8px[33m;[39m[31m[91mcolor[33m:[39m[31m[91m[35m#fff[39m[31m[91m[33m;[39m[31m[91mbackground-color[33m:[39m[31m[91m[35m#a0a[39m[31m[91m[33m}[39m[31m[91m[33m.toast-body[39m[31m[91m[33m{[39m[31m[91mpadding[33m:[39m[31m[91m8px[33m}[39m[31m[91m[33m.modal-open[39m[31m[91m[33m{[39m[31m[91moverflow[33m:[39m[31m[91mhidden[33m}[39m[31m[91m[33m.modal-open[39m[31m[91m [33m.modal[39m[31m[91m[33m{[39m[31m[91moverflow-x[33m:[39m[31m[91mhidden[33m;[39m[31m[91moverflow-y[33m:[39m[31m[91mauto[33m}[39m[31m[91m[33m.modal[39m[31m[91m[33m{[39m[31m[91mposition[33m:[39m[31m[91mfixed[33m;[39m[31m[91mtop[33m:[39m[31m[91m0[33m;[39m[31m[91mleft[33m:[39m[31m[91m0[33m;[39m[31m[91mz-index[33m:[39m[31m[91m1050[33m;[39m[31m[91mdisplay[33m:[39m[31m[91mnone[33m;[39m[31m[91mwidth[33m:[39m[31m[91m100%[33m;[39m[31m[91mheight[33m:[39[39m[22m[1m[31mm[91m100%[33m;[39m[31m[91moverflow[33m:[39m[31m[91mhidden[33m;[39m[31m[91moutline[33m:[39m[31m[91m0[33m;[39m[31m[91m-webkit-filter[33m:[39m[31m[91m[36mdrop-shadow[39m[31m[91m[36m(7px 8px 0 #000)[39m[31m[91m[33m;[39m[31m[91mfilter[33m:[39m[31m[91m[36mdrop-shadow[39m[31m[91m[36m(7px 8px 0 #000)[39m[31m[91m[33m;[39m[31m[91mmargin-right[33m:[39m[31m[91m10.5px[33m;[39m[31m[91mmargin-bottom[33m:[39m[31m[91m14px[33m}[39m[31m[91m[33m.modal[39m[31m[91m [33m.btn[39m[31m[91m[33m{[39m[31m[91m-webkit-filter[33m:[39m[31m[91m[36mdrop-shadow[39m[31m[91m[36m(7px 8px 0 #000)[39m[31m[91m[33m;[39m[31m[91mfilter[33m:[39m[31m[91m[36mdrop-shadow[39m[31m[91m[36m(7px 8px 0 #000)[39m[31m[91m[33m;[39m[31m[91mmargin-right[33m:[39m[31m[91m10.5px[33m;[39m[31m[91mbackground[33m:[39m[31m[91m[35m#fff[39m[31m[91m[33m}[39m[31m[91m[33m.modal[39m[31m[91m [33m.btn[39m[31m[91m[33m:[39m[31m[91m[33m:[39m[31m[91mfirst-letter[33m{[39m[31m[91mcolor[33m:[39m[31m[91m[35m#f55[39m[31m[91m[33m}[39m[31m[91m[33m.modal[39m[31m[91m [33m.btn[39m[31m[91m[33m:[39m[31m[91mhover[33m{[39m[31m[91mcolor[33m:[39m[31m[91m[35m#000[39m[31m[91m[33m}[39m[31m[91m[33m.modal-dialog[39m[31m[91m[33m{[39m[31m[91mposition[33m:[39m[31m[91mrelative[33m;[39m[31m[91mwidth[33m:[39m[31m[91mauto[33m;[39m[31m[91mpointer-events[33m:[39m[31m[91mnone[33m}[39m[31m[91m[33m.modal.fade[39m[31m[91m [33m.modal-dialog[39m[31m[91m[33m{[39m[31m[91m-webkit-transform[33m:[39m[31m[91m[36mtranslate[39m[31m[91m[36m(0,-50px)[39m[31m[91m[33m;[39m[31m[91mtransform[33m:[39m[31m[91m[36mtranslate[39m[31m[91m[36m(0,-50px)[39m[31m[91m[33m}[39m[31m[91m[33m.modal.show[39m[31m[91m [33m.modal-dialog[39m[31m[91m[33m{[39m[31m[91m-webkit-transform[33m:[39m[31m[91mnone[33m;[39m[31m[91mtransform[33m:[39m[31m[91mnone[33m}[39m[31m[91m[33m.modal.modal-static[39m[31m[91m [33m.modal-dialog[39m[31m[91m[33m{[39m[31m[91m-webkit-transform[33m:[39m[31m[91m[36mscale[39m[31m[91m[36m(1.02)[39m[31m[91m[33m;[39m[31m[91mtransform[33m:[39m[31m[91m[36mscale[39m[31m[91m[36m(1.02)[39m[31m[91m[33m}[39m[31m[91m[33m.modal-dialog-scrollable[39m[31m[91m[33m{[39m[31m[91mdisplay[33m:[39m[31m[39m[22m[1m[31m[91m-ms-flexbox[33m;[39m[31m[91mdisplay[33m:[39m[31m[91mflex[33m}[39m[31m[91m[33m.modal-dialog-scrollable[39m[31m[91m [33m.modal-content[39m[31m[91m[33m{[39m[31m[91moverflow[33m:[39m[31m[91mhidden[33m}[39m[31m[91m[33m.modal-dialog-scrollable[39m[31m[91m [33m.modal-footer,.modal-dialog-scrollable[39m[31m[91m [33m.modal-header[39m[31m[91m[33m{[39m[31m[91m-ms-flex-negative[33m:[39m[31m[91m0[33m;[39m[31m[91mflex-shrink[33m:[39m[31m[91m0[33m}[39m[31m[91m[33m.modal-dialog-scrollable[39m[31m[91m [33m.modal-body[39m[31m[91m[33m{[39m[31m[91moverflow-y[33m:[39m[31m[91mauto[33m}[39m[31m[91m[33m.modal-dialog-centered[39m[31m[91m[33m{[39m[31m[91mdisplay[33m:[39m[31m[91m-ms-flexbox[33m;[39m[31m[91mdisplay[33m:[39m[31m[91mflex[33m;[39m[31m[91m-ms-flex-align[33m:[39m[31m[91mcenter[33m;[39m[31m[91malign-items[33m:[39m[31m[91mcenter[33m}[39m[31m[91m[33m.modal-dialog-centered[39m[31m[91m[33m:[39m[31m[91m[33m:[39m[31m[91mbefore[33m{[39m[31m[91mdisplay[33m:[39m[31m[91mblock[33m;[39m[31m[91mcontent[33m:[39m[31m[91m[32m""[39m[31m[91m[33m}[39m[31m[91m[33m.modal-dialog-centered.modal-dialog-scrollable[39m[31m[91m[33m{[39m[31m[91m-ms-flex-direction[33m:[39m[31m[91mcolumn[33m;[39m[31m[91mflex-direction[33m:[39m[31m[91mcolumn[33m;[39m[31m[91m-ms-flex-pack[33m:[39m[31m[91mcenter[33m;[39m[31m[91mjustify-content[33m:[39m[31m[91mcenter[33m;[39m[31m[91mheight[33m:[39m[31m[91m100%[33m}[39m[31m[91m[33m.modal-dialog-centered.modal-dialog-scrollable[39m[31m[91m [33m.modal-content[39m[31m[91m[33m{[39m[31m[91mmax-height[33m:[39m[31m[91mnone[33m}[39m[31m[91m[33m.modal-dialog-centered.modal-dialog-scrollable[39m[31m[91m[33m:[39m[31m[91m[33m:[39m[31m[91mbefore[33m{[39m[31m[91mcontent[33m:[39m[31m[91mnone[33m}[39m[31m[91m[33m.modal-content[39m[31m[91m[33m{[39m[31m[91mposition[33m:[39m[31m[91mrelative[33m;[39m[31m[91mdisplay[33m:[39m[31m[91m-ms-flexbox[33m;[39m[31m[91mdisplay[33m:[39m[31m[91mflex[33m;[39m[31m[91m-ms-flex-direction[33m:[39m[31m[91mcolumn[33m;[39m[31m[91mflex-direction[33m:[39m[31m[91mcolumn[33m;[39m[31m[91mwidth[33m:[39m[31m[91m100%[33m;[39m[31m[91mcolor[33m:[39m[31m[91[39m[22m[1m[31mm[35m#000[39m[31m[91m[33m;[39m[31m[91mpointer-events[33m:[39m[31m[91mauto[33m;[39m[31m[91mbackground-color[33m:[39m[31m[91m[35m#bbb[39m[31m[91m[33m;[39m[31m[91mbackground-clip[33m:[39m[31m[91mpadding-box[33m;[39m[31m[91moutline[33m:[39m[31m[91m0[33m}[39m[31m[91m[33m.modal-backdrop[39m[31m[91m[33m{[39m[31m[91mposition[33m:[39m[31m[91mfixed[33m;[39m[31m[91mtop[33m:[39m[31m[91m0[33m;[39m[31m[91mleft[33m:[39m[31m[91m0[33m;[39m[31m[91mz-index[33m:[39m[31m[91m1040[33m;[39m[31m[91mwidth[33m:[39m[31m[91m100vw[33m;[39m[31m[91mheight[33m:[39m[31m[91m100vh[33m;[39m[31m[91mbackground-color[33m:[39m[31m[91m[35m#000[39m[31m[91m[33m}[39m[31m[91m[33m.modal-backdrop.fade[39m[31m[91m[33m{[39m[31m[91mopacity[33m:[39m[31m[91m0[33m}[39m[31m[91m[33m.modal-header[39m[31m[91m[33m{[39m[31m[91mdisplay[33m:[39m[31m[91m-ms-flexbox[33m;[39m[31m[91mdisplay[33m:[39m[31m[91mflex[33m;[39m[31m[91m-ms-flex-align[33m:[39m[31m[91mstart[33m;[39m[31m[91malign-items[33m:[39m[31m[91mflex-start[33m;[39m[31m[91m-ms-flex-pack[33m:[39m[31m[91mjustify[33m;[39m[31m[91mjustify-content[33m:[39m[31m[91mspace-between[33m;[39m[31m[91mpadding[33m:[39m[31m[91m0 8px[33m;[39m[31m[91mbackground[33m:[39m[31m[91m[35m#a0a[39m[31m[91m[33m;[39m[31m[91mcolor[33m:[39m[31m[91m[35m#fff[39m[31m[91m[33m}[39m[31m[91m[33m.modal-header[39m[31m[91m [33m.h1,.modal-header[39m[31m[91m [33m.h2,.modal-header[39m[31m[91m [33m.h3,.modal-header[39m[31m[91m [33m.h4,.modal-header[39m[31m[91m [33m.h5,.modal-header[39m[31m[91m [33m.h6,.modal-header[39m[31m[91m h1,.modal-header h2,.modal-header h3,.modal-header h4,.modal-header h5,.modal-header h6[33m{[39m[31m[91mborder[33m:[39m[31m[91m0[33m;[39m[31m[91mpadding[33m:[39m[31m[91m0[33m;[39m[31m[91mmargin[33m:[39m[31m[91m0[33m;[39m[31m[91m-webkit-animation[33m:[39m[31m[91mnone[33m;[39m[31m[91manimation[33m:[39m[31m[91mnone[33m}[39m[31m[91m[33m.modal-header[39m[31m[91m [33m.h1[39m[31m[91m[33m:[39m[31m[91m[33m:[39m[31m[91mafter,.modal-header [33m.h1[39m[31m[91m[33m:[39m[31m[91m[33m:[39m[31m[91mbefore,.modal-header [33m.h2[39m[31m[91m[33m:[39m[31m[91m[33m:[39m[31m[91mafter,.modal-header[39m[22m[1m[31m [33m.h2[39m[31m[91m[33m:[39m[31m[91m[33m:[39m[31m[91mbefore,.modal-header [33m.h3[39m[31m[91m[33m:[39m[31m[91m[33m:[39m[31m[91mafter,.modal-header [33m.h3[39m[31m[91m[33m:[39m[31m[91m[33m:[39m[31m[91mbefore,.modal-header [33m.h4[39m[31m[91m[33m:[39m[31m[91m[33m:[39m[31m[91mafter,.modal-header [33m.h4[39m[31m[91m[33m:[39m[31m[91m[33m:[39m[31m[91mbefore,.modal-header [33m.h5[39m[31m[91m[33m:[39m[31m[91m[33m:[39m[31m[91mafter,.modal-header [33m.h5[39m[31m[91m[33m:[39m[31m[91m[33m:[39m[31m[91mbefore,.modal-header [33m.h6[39m[31m[91m[33m:[39m[31m[91m[33m:[39m[31m[91mafter,.modal-header [33m.h6[39m[31m[91m[33m:[39m[31m[91m[33m:[39m[31m[91mbefore,.modal-header h1[33m:[39m[31m[91m[33m:[39m[31m[91mafter,.modal-header h1[33m:[39m[31m[91m[33m:[39m[31m[91mbefore,.modal-header h2[33m:[39m[31m[91m[33m:[39m[31m[91mafter,.modal-header h2[33m:[39m[31m[91m[33m:[39m[31m[91mbefore,.modal-header h3[33m:[39m[31m[91m[33m:[39m[31m[91mafter,.modal-header h3[33m:[39m[31m[91m[33m:[39m[31m[91mbefore,.modal-header h4[33m:[39m[31m[91m[33m:[39m[31m[91mafter,.modal-header h4[33m:[39m[31m[91m[33m:[39m[31m[91mbefore,.modal-header h5[33m:[39m[31m[91m[33m:[39m[31m[91mafter,.modal-header h5[33m:[39m[31m[91m[33m:[39m[31m[91mbefore,.modal-header h6[33m:[39m[31m[91m[33m:[39m[31m[91mafter,.modal-header h6[33m:[39m[31m[91m[33m:[39m[31m[91mbefore[33m{[39m[31m[91mcontent[33m:[39m[31m[91m[32m''[39m[31m[91m[33m}[39m[31m[91m[33m.modal-header[39m[31m[91m [33m.close[39m[31m[91m[33m{[39m[31m[91mpadding[33m:[39m[31m[91m0 8px[33m;[39m[31m[91mmargin[33m:[39m[31m[91m0 -8px 0 auto[33m}[39m[31m[91m[33m.modal-body[39m[31m[91m[33m{[39m[31m[91mposition[33m:[39m[31m[91mrelative[33m;[39m[31m[91m-ms-flex[33m:[39m[31m[91m1 1 auto[33m;[39m[31m[91mflex[33m:[39m[31m[91m1 1 auto[33m;[39m[31m[91mpadding[33m:[39m[31m[91m14px 16px[33m}[39m[31m[91m[33m.modal-footer[39m[31m[91m[33m{[39m[31m[91mdisplay[33m:[39m[31m[91m-ms-flexbox[33m;[39m[31m[91mdisplay[33m:[39m[31m[91mflex[33m;[39m[31m[91m-ms-flex-wrap[33m:[39m[31m[91mwrap[33m;[39m[31m[91mflex-wrap[33m:[39m[31m[91mwrap[33m;[39m[31m[91m-ms-flex-align[33m:[39m[31m[91mc[39m[22m[1m[31menter[33m;[39m[31m[91malign-items[33m:[39m[31m[91mcenter[33m;[39m[31m[91m-ms-flex-pack[33m:[39m[31m[91mend[33m;[39m[31m[91mjustify-content[33m:[39m[31m[91mflex-end[33m;[39m[31m[91mpadding[33m:[39m[31m[91m0 8px 14px[33m}[39m[31m[91m[33m.modal-footer>*[39m[31m[91m[33m{[39m[31m[91mmargin[33m:[39m[31m[91m0 8px[33m}[39m[31m[91m[33m.modal-scrollbar-measure[39m[31m[91m[33m{[39m[31m[91mposition[33m:[39m[31m[91mabsolute[33m;[39m[31m[91mtop[33m:[39m[31m[91m-9999px[33m;[39m[31m[91mwidth[33m:[39m[31m[91m50px[33m;[39m[31m[91mheight[33m:[39m[31m[91m50px[33m;[39m[31m[91moverflow[33m:[39m[31m[91mscroll[33m}[39m[31m[91m[36m@media[39m[31m[91m[36m [39m[31m[91m[36m(min-width:576px)[39m[31m[91m[33m{[39m[31m[91m[33m.modal-dialog[39m[31m[91m[33m{[39m[31m[91mmax-width[33m:[39m[31m[91m480px[33m}[39m[31m[91m[33m.modal-sm[39m[31m[91m[33m{[39m[31m[91mmax-width[33m:[39m[31m[91m240px[33m}[39m[31m[91m[33m}[39m[31m[91m[36m@media[39m[31m[91m[36m [39m[31m[91m[36m(min-width:960px)[39m[31m[91m[33m{[39m[31m[91m[33m.modal-lg,.modal-xl[39m[31m[91m[33m{[39m[31m[91mmax-width[33m:[39m[31m[91m800px[33m}[39m[31m[91m[33m}[39m[31m[91m[36m@media[39m[31m[91m[36m [39m[31m[91m[36m(min-width:1152px)[39m[31m[91m[33m{[39m[31m[91m[33m.modal-xl[39m[31m[91m[33m{[39m[31m[91mmax-width[33m:[39m[31m[91m1120px[33m}[39m[31m[91m[33m}[39m[31m[91m[33m.tooltip[39m[31m[91m[33m{[39m[31m[91mposition[33m:[39m[31m[91mabsolute[33m;[39m[31m[91mz-index[33m:[39m[31m[91m1070[33m;[39m[31m[91mdisplay[33m:[39m[31m[91mblock[33m;[39m[31m[91mmargin[33m:[39m[31m[91m0[33m;[39m[31m[91mfont-family[33m:[39m[31m[91mDOS,Monaco,Menlo,Consolas,[32m"Courier New"[39m[31m[91m,monospace[33m;[39m[31m[91mfont-style[33m:[39m[31m[91mnormal[33m;[39m[31m[91mfont-weight[33m:[39m[31m[91m400[33m;[39m[31m[91mline-height[33m:[39m[31m[91m14px[33m;[39m[31m[91mtext-align[33m:[39m[31m[91mleft[33m;[39m[31m[91mtext-align[33m:[39m[31m[91mstart[33m;[39m[31m[91mtext-decoration[33m:[39m[31m[91mnone[33m;[39m[31m[91mtext-shadow[33m:[39m[31m[91mnone[33m;[39m[31m[91mtext-transform[33m:[39m[31m[91mnone[33m;[39m[31m[91mletter-spacing[33m:[39m[31m[91mnormal[33m;[39m[31m[9[39m[22m[1m[31m1mword-break[33m:[39m[31m[91mnormal[33m;[39m[31m[91mword-spacing[33m:[39m[31m[91mnormal[33m;[39m[31m[91mwhite-space[33m:[39m[31m[91mnormal[33m;[39m[31m[91mline-break[33m:[39m[31m[91mauto[33m;[39m[31m[91mword-wrap[33m:[39m[31m[91mbreak-word[33m;[39m[31m[91mopacity[33m:[39m[31m[91m0[33m}[39m[31m[91m[33m.tooltip.show[39m[31m[91m[33m{[39m[31m[91mopacity[33m:[39m[31m[91m1[33m}[39m[31m[91m[33m.tooltip[39m[31m[91m [33m.arrow[39m[31m[91m[33m{[39m[31m[91mposition[33m:[39m[31m[91mabsolute[33m;[39m[31m[91mdisplay[33m:[39m[31m[91mblock[33m;[39m[31m[91mcolor[33m:[39m[31m[91m[35m#000[39m[31m[91m[33m;[39m[31m[91mwidth[33m:[39m[31m[91m8px[33m;[39m[31m[91mheight[33m:[39m[31m[91m14px[33m}[39m[31m[91m[33m.tooltip[39m[31m[91m [33m.arrow[39m[31m[91m[33m:[39m[31m[91m[33m:[39m[31m[91mbefore[33m{[39m[31m[91mposition[33m:[39m[31m[91mabsolute[33m;[39m[31m[91mcontent[33m:[39m[31m[91m[32m""[39m[31m[91m[33m;[39m[31m[91mborder-color[33m:[39m[31m[91mtransparent[33m;[39m[31m[91mborder-style[33m:[39m[31m[91msolid[33m}[39m[31m[91m[33m.bs-tooltip-auto[39m[31m[91m[33m[[39m[31m[91mx-placement^=top[33m][39m[31m[91m,.bs-tooltip-top[33m{[39m[31m[91mpadding[33m:[39m[31m[91m14px 0[33m}[39m[31m[91m[33m.bs-tooltip-auto[39m[31m[91m[33m[[39m[31m[91mx-placement^=top[33m][39m[31m[91m [33m.arrow,.bs-tooltip-top[39m[31m[91m [33m.arrow[39m[31m[91m[33m{[39m[31m[91mbottom[33m:[39m[31m[91m0[33m}[39m[31m[91m[33m.bs-tooltip-auto[39m[31m[91m[33m[[39m[31m[91mx-placement^=top[33m][39m[31m[91m [33m.arrow[39m[31m[91m[33m:[39m[31m[91m[33m:[39m[31m[91mafter,.bs-tooltip-top [33m.arrow[39m[31m[91m[33m:[39m[31m[91m[33m:[39m[31m[91mafter[33m{[39m[31m[91mcontent[33m:[39m[31m[91m[32m'\25bc'[39m[31m[91m[33m}[39m[31m[91m[33m.bs-tooltip-auto[39m[31m[91m[33m[[39m[31m[91mx-placement^=top[33m][39m[31m[91m [33m.arrow[39m[31m[91m[33m:[39m[31m[91m[33m:[39m[31m[91mbefore,.bs-tooltip-top [33m.arrow[39m[31m[91m[33m:[39m[31m[91m[33m:[39m[31m[91mbefore[33m{[39m[31m[91mtop[33m:[39m[31m[91m0[33m}[39m[31m[91m[33m.bs-tooltip-auto[39m[31m[91m[33m[[39m[31m[91mx-placement^=right[33m][39m[31m[91m,.bs-tooltip-right[33m{[39m[31m[91mpadding[3[39m[22m[1m[31m3m:[39m[31m[91m0 8px[33m}[39m[31m[91m[33m.bs-tooltip-auto[39m[31m[91m[33m[[39m[31m[91mx-placement^=right[33m][39m[31m[91m [33m.arrow,.bs-tooltip-right[39m[31m[91m [33m.arrow[39m[31m[91m[33m{[39m[31m[91mleft[33m:[39m[31m[91m0[33m}[39m[31m[91m[33m.bs-tooltip-auto[39m[31m[91m[33m[[39m[31m[91mx-placement^=right[33m][39m[31m[91m [33m.arrow[39m[31m[91m[33m:[39m[31m[91m[33m:[39m[31m[91mbefore,.bs-tooltip-right [33m.arrow[39m[31m[91m[33m:[39m[31m[91m[33m:[39m[31m[91mbefore[33m{[39m[31m[91mright[33m:[39m[31m[91m0[33m;[39m[31m[91mcontent[33m:[39m[31m[91m[32m'\25c4'[39m[31m[91m[33m}[39m[31m[91m[33m.bs-tooltip-auto[39m[31m[91m[33m[[39m[31m[91mx-placement^=bottom[33m][39m[31m[91m,.bs-tooltip-bottom[33m{[39m[31m[91mpadding[33m:[39m[31m[91m14px 0[33m}[39m[31m[91m[33m.bs-tooltip-auto[39m[31m[91m[33m[[39m[31m[91mx-placement^=bottom[33m][39m[31m[91m [33m.arrow,.bs-tooltip-bottom[39m[31m[91m [33m.arrow[39m[31m[91m[33m{[39m[31m[91mtop[33m:[39m[31m[91m0[33m}[39m[31m[91m[33m.bs-tooltip-auto[39m[31m[91m[33m[[39m[31m[91mx-placement^=bottom[33m][39m[31m[91m [33m.arrow[39m[31m[91m[33m:[39m[31m[91m[33m:[39m[31m[91mafter,.bs-tooltip-bottom [33m.arrow[39m[31m[91m[33m:[39m[31m[91m[33m:[39m[31m[91mafter[33m{[39m[31m[91mcontent[33m:[39m[31m[91m[32m'\25b2'[39m[31m[91m[33m}[39m[31m[91m[33m.bs-tooltip-auto[39m[31m[91m[33m[[39m[31m[91mx-placement^=left[33m][39m[31m[91m,.bs-tooltip-left[33m{[39m[31m[91mpadding[33m:[39m[31m[91m0 8px[33m}[39m[31m[91m[33m.bs-tooltip-auto[39m[31m[91m[33m[[39m[31m[91mx-placement^=left[33m][39m[31m[91m [33m.arrow,.bs-tooltip-left[39m[31m[91m [33m.arrow[39m[31m[91m[33m{[39m[31m[91mright[33m:[39m[31m[91m0[33m}[39m[31m[91m[33m.bs-tooltip-auto[39m[31m[91m[33m[[39m[31m[91mx-placement^=left[33m][39m[31m[91m [33m.arrow[39m[31m[91m[33m:[39m[31m[91m[33m:[39m[31m[91mafter,.bs-tooltip-left [33m.arrow[39m[31m[91m[33m:[39m[31m[91m[33m:[39m[31m[91mafter[33m{[39m[31m[91mcontent[33m:[39m[31m[91m[32m'\25ba'[39m[31m[91m[33m}[39m[31m[91m[33m.tooltip-inner[39m[31m[91m[33m{[39m[31m[91mmax-width[33m:[39m[31m[91m200px[33m;[39m[31m[91mpadding[33m:[39m[31m[91m0 8px[33m;[39m[31m[91mco[39m[22m[1m[31mlor[33m:[39m[31m[91m[35m#fff[39m[31m[91m[33m;[39m[31m[91mtext-align[33m:[39m[31m[91mcenter[33m;[39m[31m[91mbackground-color[33m:[39m[31m[91m[35m#000[39m[31m[91m[33m}[39m[31m[91m[33m.popover[39m[31m[91m[33m{[39m[31m[91mposition[33m:[39m[31m[91mabsolute[33m;[39m[31m[91mtop[33m:[39m[31m[91m0[33m;[39m[31m[91mleft[33m:[39m[31m[91m0[33m;[39m[31m[91mz-index[33m:[39m[31m[91m1060[33m;[39m[31m[91mdisplay[33m:[39m[31m[91mblock[33m;[39m[31m[91mmax-width[33m:[39m[31m[91m280px[33m;[39m[31m[91mfont-family[33m:[39m[31m[91mDOS,Monaco,Menlo,Consolas,[32m"Courier New"[39m[31m[91m,monospace[33m;[39m[31m[91mfont-style[33m:[39m[31m[91mnormal[33m;[39m[31m[91mfont-weight[33m:[39m[31m[91m400[33m;[39m[31m[91mline-height[33m:[39m[31m[91m14px[33m;[39m[31m[91mtext-align[33m:[39m[31m[91mleft[33m;[39m[31m[91mtext-align[33m:[39m[31m[91mstart[33m;[39m[31m[91mtext-decoration[33m:[39m[31m[91mnone[33m;[39m[31m[91mtext-shadow[33m:[39m[31m[91mnone[33m;[39m[31m[91mtext-transform[33m:[39m[31m[91mnone[33m;[39m[31m[91mletter-spacing[33m:[39m[31m[91mnormal[33m;[39m[31m[91mword-break[33m:[39m[31m[91mnormal[33m;[39m[31m[91mword-spacing[33m:[39m[31m[91mnormal[33m;[39m[31m[91mwhite-space[33m:[39m[31m[91mnormal[33m;[39m[31m[91mline-break[33m:[39m[31m[91mauto[33m;[39m[31m[91mword-wrap[33m:[39m[31m[91mbreak-word[33m;[39m[31m[91mbackground-color[33m:[39m[31m[91m[35m#bbb[39m[31m[91m[33m;[39m[31m[91mbackground-clip[33m:[39m[31m[91mpadding-box[33m}[39m[31m[91m[33m.popover[39m[31m[91m [33m.h3,.popover[39m[31m[91m h3[33m{[39m[31m[91mborder[33m:[39m[31m[91m0[33m;[39m[31m[91mpadding[33m:[39m[31m[91m0[33m;[39m[31m[91mmargin[33m:[39m[31m[91m0[33m;[39m[31m[91mbox-shadow[33m:[39m[31m[91m0[33m}[39m[31m[91m[33m.popover[39m[31m[91m [33m.arrow[39m[31m[91m[33m{[39m[31m[91mposition[33m:[39m[31m[91mabsolute[33m;[39m[31m[91mdisplay[33m:[39m[31m[91mblock[33m;[39m[31m[91mwidth[33m:[39m[31m[91m8px[33m;[39m[31m[91mheight[33m:[39m[31m[91m14px[33m;[39m[31m[91mmargin[33m:[39m[31m[91m0[33m;[39m[31m[91mbackground[33m:[39m[31m[91m0 0[33m}[39m[31m[91m[33m.popover[39m[31m[91m [33m.arrow[39m[31m[91m[33m:[39m[31m[91m[33m:[39m[31m[91ma[39m[22m[1m[31mfter,.popover [33m.arrow[39m[31m[91m[33m:[39m[31m[91m[33m:[39m[31m[91mbefore[33m{[39m[31m[91mposition[33m:[39m[31m[91mabsolute[33m;[39m[31m[91mdisplay[33m:[39m[31m[91mblock[33m;[39m[31m[91mcontent[33m:[39m[31m[91m[32m""[39m[31m[91m[33m}[39m[31m[91m[33m.bs-popover-auto[39m[31m[91m[33m[[39m[31m[91mx-placement^=top[33m][39m[31m[91m,.bs-popover-top[33m{[39m[31m[91mmargin-bottom[33m:[39m[31m[91m14px[33m}[39m[31m[91m[33m.bs-popover-auto[39m[31m[91m[33m[[39m[31m[91mx-placement^=top[33m][39m[31m[91m>.arrow,.bs-popover-top>.arrow[33m{[39m[31m[91mbottom[33m:[39m[31m[91m-14px[33m}[39m[31m[91m[33m.bs-popover-auto[39m[31m[91m[33m[[39m[31m[91mx-placement^=top[33m][39m[31m[91m>.arrow[33m:[39m[31m[91m[33m:[39m[31m[91mafter,.bs-popover-top>.arrow[33m:[39m[31m[91m[33m:[39m[31m[91mafter[33m{[39m[31m[91mcontent[33m:[39m[31m[91m[32m'\25bc'[39m[31m[91m[33m}[39m[31m[91m[33m.bs-popover-auto[39m[31m[91m[33m[[39m[31m[91mx-placement^=right[33m][39m[31m[91m,.bs-popover-right[33m{[39m[31m[91mmargin-left[33m:[39m[31m[91m8px[33m}[39m[31m[91m[33m.bs-popover-auto[39m[31m[91m[33m[[39m[31m[91mx-placement^=right[33m][39m[31m[91m>.arrow,.bs-popover-right>.arrow[33m{[39m[31m[91mleft[33m:[39m[31m[91m-8px[33m;[39m[31m[91mwidth[33m:[39m[31m[91m8px[33m;[39m[31m[91mheight[33m:[39m[31m[91m14px[33m;[39m[31m[91mmargin[33m:[39m[31m[91m0[33m}[39m[31m[91m[33m.bs-popover-auto[39m[31m[91m[33m[[39m[31m[91mx-placement^=right[33m][39m[31m[91m>.arrow[33m:[39m[31m[91m[33m:[39m[31m[91mafter,.bs-popover-right>.arrow[33m:[39m[31m[91m[33m:[39m[31m[91mafter[33m{[39m[31m[91mcontent[33m:[39m[31m[91m[32m'\25c4'[39m[31m[91m[33m;[39m[31m[91mleft[33m:[39m[31m[91m0[33m}[39m[31m[91m[33m.bs-popover-auto[39m[31m[91m[33m[[39m[31m[91mx-placement^=bottom[33m][39m[31m[91m,.bs-popover-bottom[33m{[39m[31m[91mmargin-top[33m:[39m[31m[91m14px[33m}[39m[31m[91m[33m.bs-popover-auto[39m[31m[91m[33m[[39m[31m[91mx-placement^=bottom[33m][39m[31m[91m>.arrow,.bs-popover-bottom>.arrow[33m{[39m[31m[91mtop[33m:[39m[31m[91m-14px[33m}[39m[31m[91m[33m.bs-popover-auto[39m[31m[91m[33m[[39m[31m[91mx-placement^=bottom[33m][39m[31m[91m>.arrow[39m[22m[1m[31m[33m:[39m[31m[91m[33m:[39m[31m[91mafter,.bs-popover-bottom>.arrow[33m:[39m[31m[91m[33m:[39m[31m[91mafter[33m{[39m[31m[91mcontent[33m:[39m[31m[91m[32m'\25b2'[39m[31m[91m[33m}[39m[31m[91m[33m.bs-popover-auto[39m[31m[91m[33m[[39m[31m[91mx-placement^=bottom[33m][39m[31m[91m [33m.popover-header[39m[31m[91m[33m:[39m[31m[91m[33m:[39m[31m[91mbefore,.bs-popover-bottom [33m.popover-header[39m[31m[91m[33m:[39m[31m[91m[33m:[39m[31m[91mbefore[33m{[39m[31m[91mposition[33m:[39m[31m[91mabsolute[33m;[39m[31m[91mtop[33m:[39m[31m[91m0[33m;[39m[31m[91mleft[33m:[39m[31m[91m50%[33m;[39m[31m[91mdisplay[33m:[39m[31m[91mblock[33m;[39m[31m[91mwidth[33m:[39m[31m[91m8px[33m;[39m[31m[91mmargin-left[33m:[39m[31m[91m-4px[33m;[39m[31m[91mcontent[33m:[39m[31m[91m[32m""[39m[31m[91m[33m}[39m[31m[91m[33m.bs-popover-auto[39m[31m[91m[33m[[39m[31m[91mx-placement^=left[33m][39m[31m[91m,.bs-popover-left[33m{[39m[31m[91mmargin-right[33m:[39m[31m[91m8px[33m}[39m[31m[91m[33m.bs-popover-auto[39m[31m[91m[33m[[39m[31m[91mx-placement^=left[33m][39m[31m[91m>.arrow,.bs-popover-left>.arrow[33m{[39m[31m[91mright[33m:[39m[31m[91m-8px[33m;[39m[31m[91mwidth[33m:[39m[31m[91m8px[33m;[39m[31m[91mheight[33m:[39m[31m[91m14px[33m;[39m[31m[91mmargin[33m:[39m[31m[91m0[33m}[39m[31m[91m[33m.bs-popover-auto[39m[31m[91m[33m[[39m[31m[91mx-placement^=left[33m][39m[31m[91m>.arrow[33m:[39m[31m[91m[33m:[39m[31m[91mafter,.bs-popover-left>.arrow[33m:[39m[31m[91m[33m:[39m[31m[91mafter[33m{[39m[31m[91mcontent[33m:[39m[31m[91m[32m'\25ba'[39m[31m[91m[33m;[39m[31m[91mright[33m:[39m[31m[91m0[33m}[39m[31m[91m[33m.popover-header[39m[31m[91m[33m{[39m[31m[91mpadding[33m:[39m[31m[91m0 8px[33m;[39m[31m[91mmargin-bottom[33m:[39m[31m[91m0[33m;[39m[31m[91mfont-size[33m:[39m[31m[91m16px[33m;[39m[31m[91mcolor[33m:[39m[31m[91m[35m#fff[39m[31m[91m[33m;[39m[31m[91mbackground-color[33m:[39m[31m[91m[35m#a0a[39m[31m[91m[33m}[39m[31m[91m[33m.popover-header[39m[31m[91m[33m:[39m[31m[91mempty[33m{[39m[31m[91mdisplay[33m:[39m[31m[91mnone[33m}[39m[31m[91m[33m.popover-body[39m[31m[91m[33m{[39m[31m[91mpadding[33m:[39m[31m[91m0 8px[33m;[39m[31m[91mcolor[[39m[22m[1m[31m33m:[39m[31m[91m[35m#000[39m[31m[91m[33m}[39m[31m[91m[33m.carousel[39m[31m[91m[33m{[39m[31m[91mposition[33m:[39m[31m[91mrelative[33m}[39m[31m[91m[33m.carousel.pointer-event[39m[31m[91m[33m{[39m[31m[91m-ms-touch-action[33m:[39m[31m[91mpan-y[33m;[39m[31m[91mtouch-action[33m:[39m[31m[91mpan-y[33m}[39m[31m[91m[33m.carousel-inner[39m[31m[91m[33m{[39m[31m[91mposition[33m:[39m[31m[91mrelative[33m;[39m[31m[91mwidth[33m:[39m[31m[91m100%[33m;[39m[31m[91moverflow[33m:[39m[31m[91mhidden[33m}[39m[31m[91m[33m.carousel-inner[39m[31m[91m[33m:[39m[31m[91m[33m:[39m[31m[91mafter[33m{[39m[31m[91mdisplay[33m:[39m[31m[91mblock[33m;[39m[31m[91mclear[33m:[39m[31m[91mboth[33m;[39m[31m[91mcontent[33m:[39m[31m[91m[32m""[39m[31m[91m[33m}[39m[31m[91m[33m.carousel-item[39m[31m[91m[33m{[39m[31m[91mposition[33m:[39m[31m[91mrelative[33m;[39m[31m[91mdisplay[33m:[39m[31m[91mnone[33m;[39m[31m[91mfloat[33m:[39m[31m[91mleft[33m;[39m[31m[91mwidth[33m:[39m[31m[91m100%[33m;[39m[31m[91mmargin-right[33m:[39m[31m[91m-100%[33m;[39m[31m[91m-webkit-backface-visibility[33m:[39m[31m[91mhidden[33m;[39m[31m[91mbackface-visibility[33m:[39m[31m[91mhidden[33m}[39m[31m[91m[33m.carousel-item-next,.carousel-item-prev,.carousel-item.active[39m[31m[91m[33m{[39m[31m[91mdisplay[33m:[39m[31m[91mblock[33m}[39m[31m[91m[33m.active.carousel-item-right,.carousel-item-next[39m[31m[91m[33m:[39m[31m[91m[36mnot[39m[31m[91m[36m(.carousel-item-left)[39m[31m[91m[33m{[39m[31m[91m-webkit-transform[33m:[39m[31m[91m[36mtranslateX[39m[31m[91m[36m(100%)[39m[31m[91m[33m;[39m[31m[91mtransform[33m:[39m[31m[91m[36mtranslateX[39m[31m[91m[36m(100%)[39m[31m[91m[33m}[39m[31m[91m[33m.active.carousel-item-left,.carousel-item-prev[39m[31m[91m[33m:[39m[31m[91m[36mnot[39m[31m[91m[36m(.carousel-item-right)[39m[31m[91m[33m{[39m[31m[91m-webkit-transform[33m:[39m[31m[91m[36mtranslateX[39m[31m[91m[36m(-100%)[39m[31m[91m[33m;[39m[31m[91mtransform[33m:[39m[31m[91m[36mtranslateX[39m[31m[91m[36m(-100%)[39m[31m[91m[33m}[39m[31m[91m[33m.carousel-fade[39m[31m[91m [33m.carousel-item[39m[31m[91m[33m{[39m[31m[91mopacity[33m:[39m[31m[91m0[33m;[39m[31m[91m[39m[22m[1m[31mtransition-property[33m:[39m[31m[91mopacity[33m;[39m[31m[91m-webkit-transform[33m:[39m[31m[91mnone[33m;[39m[31m[91mtransform[33m:[39m[31m[91mnone[33m}[39m[31m[91m[33m.carousel-fade[39m[31m[91m [33m.carousel-item-next.carousel-item-left,.carousel-fade[39m[31m[91m [33m.carousel-item-prev.carousel-item-right,.carousel-fade[39m[31m[91m [33m.carousel-item.active[39m[31m[91m[33m{[39m[31m[91mz-index[33m:[39m[31m[91m1[33m;[39m[31m[91mopacity[33m:[39m[31m[91m1[33m}[39m[31m[91m[33m.carousel-fade[39m[31m[91m [33m.active.carousel-item-left,.carousel-fade[39m[31m[91m [33m.active.carousel-item-right[39m[31m[91m[33m{[39m[31m[91mz-index[33m:[39m[31m[91m0[33m;[39m[31m[91mopacity[33m:[39m[31m[91m0[33m}[39m[31m[91m[33m.carousel-control-next,.carousel-control-prev[39m[31m[91m[33m{[39m[31m[91mposition[33m:[39m[31m[91mabsolute[33m;[39m[31m[91mtop[33m:[39m[31m[91m0[33m;[39m[31m[91mbottom[33m:[39m[31m[91m0[33m;[39m[31m[91mz-index[33m:[39m[31m[91m1[33m;[39m[31m[91mdisplay[33m:[39m[31m[91m-ms-flexbox[33m;[39m[31m[91mdisplay[33m:[39m[31m[91mflex[33m;[39m[31m[91m-ms-flex-align[33m:[39m[31m[91mcenter[33m;[39m[31m[91malign-items[33m:[39m[31m[91mcenter[33m;[39m[31m[91m-ms-flex-pack[33m:[39m[31m[91mcenter[33m;[39m[31m[91mjustify-content[33m:[39m[31m[91mcenter[33m;[39m[31m[91mwidth[33m:[39m[31m[91m15%[33m;[39m[31m[91mcolor[33m:[39m[31m[91m[35m#fff[39m[31m[91m[33m;[39m[31m[91mtext-align[33m:[39m[31m[91mcenter[33m;[39m[31m[91mopacity[33m:[39m[31m[91m[33m.5[39m[31m[91m[33m}[39m[31m[91m[33m.carousel-control-next[39m[31m[91m[33m:[39m[31m[91mfocus,.carousel-control-next[33m:[39m[31m[91mhover,.carousel-control-prev[33m:[39m[31m[91mfocus,.carousel-control-prev[33m:[39m[31m[91mhover[33m{[39m[31m[91mcolor[33m:[39m[31m[91m[35m#fff[39m[31m[91m[33m;[39m[31m[91mtext-decoration[33m:[39m[31m[91mnone[33m;[39m[31m[91moutline[33m:[39m[31m[91m0[33m;[39m[31m[91mopacity[33m:[39m[31m[91m[33m.9[39m[31m[91m[33m}[39m[31m[91m[33m.carousel-control-prev[39m[31m[91m[33m{[39m[31m[91mleft[33m:[39m[31m[91m0[33m}[39m[31m[91m[33m.carousel-control-next[39m[31m[91m[33m{[39m[31m[91mright[33m:[39m[31m[91m0[33m}[39m[22m[1m[31m[39m[91m[33m.carousel-control-next-icon,.carousel-control-prev-icon[39m[31m[91m[33m{[39m[31m[91mdisplay[33m:[39m[31m[91minline-block[33m;[39m[31m[91mwidth[33m:[39m[31m[91m20px[33m;[39m[31m[91mheight[33m:[39m[31m[91m20px[33m;[39m[31m[91mbackground[33m:[39m[31m[91mno-repeat 50%/100% 100%[33m}[39m[31m[91m[33m.carousel-indicators[39m[31m[91m[33m{[39m[31m[91mposition[33m:[39m[31m[91mabsolute[33m;[39m[31m[91mright[33m:[39m[31m[91m0[33m;[39m[31m[91mbottom[33m:[39m[31m[91m0[33m;[39m[31m[91mleft[33m:[39m[31m[91m0[33m;[39m[31m[91mz-index[33m:[39m[31m[91m15[33m;[39m[31m[91mdisplay[33m:[39m[31m[91m-ms-flexbox[33m;[39m[31m[91mdisplay[33m:[39m[31m[91mflex[33m;[39m[31m[91m-ms-flex-pack[33m:[39m[31m[91mcenter[33m;[39m[31m[91mjustify-content[33m:[39m[31m[91mcenter[33m;[39m[31m[91mpadding-left[33m:[39m[31m[91m0[33m;[39m[31m[91mmargin-right[33m:[39m[31m[91m15%[33m;[39m[31m[91mmargin-left[33m:[39m[31m[91m15%[33m;[39m[31m[91mlist-style[33m:[39m[31m[91mnone[33m}[39m[31m[91m[33m.carousel-indicators[39m[31m[91m li[33m{[39m[31m[91mbox-sizing[33m:[39m[31m[91mcontent-box[33m;[39m[31m[91m-ms-flex[33m:[39m[31m[91m0 1 auto[33m;[39m[31m[91mflex[33m:[39m[31m[91m0 1 auto[33m;[39m[31m[91mwidth[33m:[39m[31m[91m30px[33m;[39m[31m[91mheight[33m:[39m[31m[91m3px[33m;[39m[31m[91mmargin-right[33m:[39m[31m[91m3px[33m;[39m[31m[91mmargin-left[33m:[39m[31m[91m3px[33m;[39m[31m[91mtext-indent[33m:[39m[31m[91m-999px[33m;[39m[31m[91mcursor[33m:[39m[31m[91mpointer[33m;[39m[31m[91mbackground-color[33m:[39m[31m[91m[35m#fff[39m[31m[91m[33m;[39m[31m[91mbackground-clip[33m:[39m[31m[91mpadding-box[33m;[39m[31m[91mborder-top[33m:[39m[31m[91m10px solid transparent[33m;[39m[31m[91mborder-bottom[33m:[39m[31m[91m10px solid transparent[33m;[39m[31m[91mopacity[33m:[39m[31m[91m[33m.5[39m[31m[91m[33m}[39m[31m[91m[33m.carousel-indicators[39m[31m[91m [33m.active[39m[31m[91m[33m{[39m[31m[91mopacity[33m:[39m[31m[91m1[33m}[39m[31m[91m[33m.carousel-caption[39m[31m[91m[33m{[39m[31m[91mposition[33m:[39m[31m[91mabsolute[33m;[39m[31m[91mright[33m:[39m[31m[91m15%[33m;[39m[31m[91mbottom[33m:[39m[31m[91m20px[33m;[39m[31m[91[39m[22m[1m[31mmleft[33m:[39m[31m[91m15%[33m;[39m[31m[91mz-index[33m:[39m[31m[91m10[33m;[39m[31m[91mpadding-top[33m:[39m[31m[91m20px[33m;[39m[31m[91mpadding-bottom[33m:[39m[31m[91m20px[33m;[39m[31m[91mcolor[33m:[39m[31m[91m[35m#fff[39m[31m[91m[33m;[39m[31m[91mtext-align[33m:[39m[31m[91mcenter[33m}[39m[31m[91m[36m@-webkit-keyframes[39m[31m[91m spinner-border[33m{[39m[31m[91mto[33m{[39m[31m[91m-webkit-transform[33m:[39m[31m[91m[36mrotate[39m[31m[91m[36m(360deg)[39m[31m[91m[33m;[39m[31m[91mtransform[33m:[39m[31m[91m[36mrotate[39m[31m[91m[36m(360deg)[39m[31m[91m[33m}[39m[31m[91m[33m}[39m[31m[91m[36m@keyframes[39m[31m[91m spinner-border[33m{[39m[31m[91mto[33m{[39m[31m[91m-webkit-transform[33m:[39m[31m[91m[36mrotate[39m[31m[91m[36m(360deg)[39m[31m[91m[33m;[39m[31m[91mtransform[33m:[39m[31m[91m[36mrotate[39m[31m[91m[36m(360deg)[39m[31m[91m[33m}[39m[31m[91m[33m}[39m[31m[91m[33m.spinner-border[39m[31m[91m[33m{[39m[31m[91mdisplay[33m:[39m[31m[91minline-block[33m;[39m[31m[91mwidth[33m:[39m[31m[91m2rem[33m;[39m[31m[91mheight[33m:[39m[31m[91m2rem[33m;[39m[31m[91mvertical-align[33m:[39m[31m[91mtext-bottom[33m;[39m[31m[91mborder[33m:[39m[31m[91m[33m.25em[39m[31m[91m solid currentColor[33m;[39m[31m[91mborder-right-color[33m:[39m[31m[91mtransparent[33m;[39m[31m[91mborder-radius[33m:[39m[31m[91m50%[33m;[39m[31m[91m-webkit-animation[33m:[39m[31m[91mspinner-border [33m.75s[39m[31m[91m linear infinite[33m;[39m[31m[91manimation[33m:[39m[31m[91mspinner-border [33m.75s[39m[31m[91m linear infinite[33m}[39m[31m[91m[33m.spinner-border-sm[39m[31m[91m[33m{[39m[31m[91mwidth[33m:[39m[31m[91m1rem[33m;[39m[31m[91mheight[33m:[39m[31m[91m1rem[33m;[39m[31m[91mborder-width[33m:[39m[31m[91m[33m.2em[39m[31m[91m[33m}[39m[31m[91m[36m@-webkit-keyframes[39m[31m[91m spinner-grow[33m{[39m[31m[91m0%[33m{[39m[31m[91m-webkit-transform[33m:[39m[31m[91m[36mscale[39m[31m[91m[36m(0)[39m[31m[91m[33m;[39m[31m[91mtransform[33m:[39m[31m[91m[36mscale[39m[31m[91m[36m(0)[39m[31m[91m[33m}[39m[31m[91m50%[33m{[39m[31m[91mopacity[33m:[39m[31m[91m1[33m}[39m[31m[91m[33m}[39m[31m[91m[36m@keyframes[39m[31m[91m spinner-grow[33m{[39m[22m[1m[31m[39m[91m0%[33m{[39m[31m[91m-webkit-transform[33m:[39m[31m[91m[36mscale[39m[31m[91m[36m(0)[39m[31m[91m[33m;[39m[31m[91mtransform[33m:[39m[31m[91m[36mscale[39m[31m[91m[36m(0)[39m[31m[91m[33m}[39m[31m[91m50%[33m{[39m[31m[91mopacity[33m:[39m[31m[91m1[33m}[39m[31m[91m[33m}[39m[31m[91m[33m.spinner-grow[39m[31m[91m[33m{[39m[31m[91mdisplay[33m:[39m[31m[91minline-block[33m;[39m[31m[91mwidth[33m:[39m[31m[91m2rem[33m;[39m[31m[91mheight[33m:[39m[31m[91m2rem[33m;[39m[31m[91mvertical-align[33m:[39m[31m[91mtext-bottom[33m;[39m[31m[91mbackground-color[33m:[39m[31m[91mcurrentColor[33m;[39m[31m[91mborder-radius[33m:[39m[31m[91m50%[33m;[39m[31m[91mopacity[33m:[39m[31m[91m0[33m;[39m[31m[91m-webkit-animation[33m:[39m[31m[91mspinner-grow [33m.75s[39m[31m[91m linear infinite[33m;[39m[31m[91manimation[33m:[39m[31m[91mspinner-grow [33m.75s[39m[31m[91m linear infinite[33m}[39m[31m[91m[33m.spinner-grow-sm[39m[31m[91m[33m{[39m[31m[91mwidth[33m:[39m[31m[91m1rem[33m;[39m[31m[91mheight[33m:[39m[31m[91m1rem[33m}[39m[31m[91m[33m.bootstra-cursor[39m[31m[91m[33m{[39m[31m[91mmix-blend-mode[33m:[39m[31m[91mdifference[33m;[39m[31m[91mposition[33m:[39m[31m[91mabsolute[33m;[39m[31m[91mbackground-color[33m:[39m[31m[91m[35m#cbd448[39m[31m[91m[33m;[39m[31m[91mpointer-events[33m:[39m[31m[91mnone[33m;[39m[31m[91mwidth[33m:[39m[31m[91m8px[33m;[39m[31m[91mheight[33m:[39m[31m[91m14px[33m;[39m[31m[91mz-index[33m:[39m[31m[91m20000[33m}[39m[31m[91m[33m.bootstra-enable-cursor[39m[31m[91m *,body.bootstra-enable-cursor[33m{[39m[31m[91mcursor[33m:[39m[31m[91mnone!important[33m}[39m[31m[91m[33m:[39m[31m[91m[33m:[39m[31m[91m-webkit-scrollbar[33m{[39m[31m[91mwidth[33m:[39m[31m[91m8px[33m;[39m[31m[91mbackground[33m:[39m[31m[91m[35m#000[39m[31m[91m[33m}[39m[31m[91m[33m:[39m[31m[91m[33m:[39m[31m[91m-webkit-scrollbar-thumb[33m{[39m[31m[91mbackground[33m:[39m[31m[91m[35m#000[39m[31m[91m[33m}[39m[31m[91m[33m:[39m[31m[91m[33m:[39m[31m[91m-webkit-scrollbar-track[33m{[39m[31m[91mbackground[33m:[39m[31m[91m[36murl[39m[31m[91m[36m(assets/fonts/shade-50-grayLight.svg)[39m[31m[91m repeat[33m}[39m[31m[91m[33m:[39m[31m[39m[22m[1m[31m[91m[33m:[39m[31m[91m-webkit-scrollbar-button[33m:[39m[31m[91mvertical[33m:[39m[31m[91mdecrement[33m{[39m[31m[91mbackground[33m:[39m[31m[91m[36murl[39m[31m[91m[36m(assets/fonts/arrow-up-black.svg)[39m[31m[91m no-repeat[33m;[39m[31m[91mbackground-color[33m:[39m[31m[91m[35m#bbb[39m[31m[91m[33m}[39m[31m[91m[33m:[39m[31m[91m[33m:[39m[31m[91m-webkit-scrollbar-button[33m:[39m[31m[91mvertical[33m:[39m[31m[91mincrement[33m{[39m[31m[91mbackground[33m:[39m[31m[91m[36murl[39m[31m[91m[36m(assets/fonts/arrow-down-black.svg)[39m[31m[91m no-repeat[33m;[39m[31m[91mbackground-color[33m:[39m[31m[91m[35m#bbb[39m[31m[91m[33m}[39m[31m[91m[33m.align-baseline[39m[31m[91m[33m{[39m[31m[91mvertical-align[33m:[39m[31m[91mbaseline!important[33m}[39m[31m[91m[33m.align-top[39m[31m[91m[33m{[39m[31m[91mvertical-align[33m:[39m[31m[91mtop!important[33m}[39m[31m[91m[33m.align-middle[39m[31m[91m[33m{[39m[31m[91mvertical-align[33m:[39m[31m[91mmiddle!important[33m}[39m[31m[91m[33m.align-bottom[39m[31m[91m[33m{[39m[31m[91mvertical-align[33m:[39m[31m[91mbottom!important[33m}[39m[31m[91m[33m.align-text-bottom[39m[31m[91m[33m{[39m[31m[91mvertical-align[33m:[39m[31m[91mtext-bottom!important[33m}[39m[31m[91m[33m.align-text-top[39m[31m[91m[33m{[39m[31m[91mvertical-align[33m:[39m[31m[91mtext-top!important[33m}[39m[31m[91m[33m.bg-primary[39m[31m[91m[33m{[39m[31m[91mbackground-color[33m:[39m[31m[91m[35m#bbb[39m[31m[91m!important[33m}[39m[31m[91ma.bg-primary[33m:[39m[31m[91mfocus,a.bg-primary[33m:[39m[31m[91mhover,button.bg-primary[33m:[39m[31m[91mfocus,button.bg-primary[33m:[39m[31m[91mhover[33m{[39m[31m[91mbackground-color[33m:[39m[31m[91m[35m#bbb[39m[31m[91m!important[33m}[39m[31m[91m[33m.bg-secondary[39m[31m[91m[33m{[39m[31m[91mbackground-color[33m:[39m[31m[91m[35m#bbb[39m[31m[91m!important[33m}[39m[31m[91ma.bg-secondary[33m:[39m[31m[91mfocus,a.bg-secondary[33m:[39m[31m[91mhover,button.bg-secondary[33m:[39m[31m[91mfocus,button.bg-secondary[33m:[39m[31m[91mhover[33m{[39m[31m[91mbackground-color[33m:[39m[31m[91m[35m#bbb[39m[31m[91m!important[33m}[39m[31m[91m[33m.bg-success[39m[31m[91m[39m[22m[1m[31m[33m{[39m[31m[91mbackground-color[33m:[39m[31m[91m[35m#0a0[39m[31m[91m!important[33m}[39m[31m[91ma.bg-success[33m:[39m[31m[91mfocus,a.bg-success[33m:[39m[31m[91mhover,button.bg-success[33m:[39m[31m[91mfocus,button.bg-success[33m:[39m[31m[91mhover[33m{[39m[31m[91mbackground-color[33m:[39m[31m[91m[35m#0a0[39m[31m[91m!important[33m}[39m[31m[91m[33m.bg-info[39m[31m[91m[33m{[39m[31m[91mbackground-color[33m:[39m[31m[91m[35m#0aa[39m[31m[91m!important[33m}[39m[31m[91ma.bg-info[33m:[39m[31m[91mfocus,a.bg-info[33m:[39m[31m[91mhover,button.bg-info[33m:[39m[31m[91mfocus,button.bg-info[33m:[39m[31m[91mhover[33m{[39m[31m[91mbackground-color[33m:[39m[31m[91m[35m#0aa[39m[31m[91m!important[33m}[39m[31m[91m[33m.bg-warning[39m[31m[91m[33m{[39m[31m[91mbackground-color[33m:[39m[31m[91m[35m#a50[39m[31m[91m!important[33m}[39m[31m[91ma.bg-warning[33m:[39m[31m[91mfocus,a.bg-warning[33m:[39m[31m[91mhover,button.bg-warning[33m:[39m[31m[91mfocus,button.bg-warning[33m:[39m[31m[91mhover[33m{[39m[31m[91mbackground-color[33m:[39m[31m[91m[35m#a50[39m[31m[91m!important[33m}[39m[31m[91m[33m.bg-danger[39m[31m[91m[33m{[39m[31m[91mbackground-color[33m:[39m[31m[91m[35m#a00[39m[31m[91m!important[33m}[39m[31m[91ma.bg-danger[33m:[39m[31m[91mfocus,a.bg-danger[33m:[39m[31m[91mhover,button.bg-danger[33m:[39m[31m[91mfocus,button.bg-danger[33m:[39m[31m[91mhover[33m{[39m[31m[91mbackground-color[33m:[39m[31m[91m[35m#a00[39m[31m[91m!important[33m}[39m[31m[91m[33m.bg-light[39m[31m[91m[33m{[39m[31m[91mbackground-color[33m:[39m[31m[91m[35m#fff[39m[31m[91m!important[33m}[39m[31m[91ma.bg-light[33m:[39m[31m[91mfocus,a.bg-light[33m:[39m[31m[91mhover,button.bg-light[33m:[39m[31m[91mfocus,button.bg-light[33m:[39m[31m[91mhover[33m{[39m[31m[91mbackground-color[33m:[39m[31m[91m[35m#fff[39m[31m[91m!important[33m}[39m[31m[91m[33m.bg-dark[39m[31m[91m[33m{[39m[31m[91mbackground-color[33m:[39m[31m[91m[35m#000[39m[31m[91m!important[33m}[39m[31m[91ma.bg-dark[33m:[39m[31m[91mfocus,a.bg-dark[33m:[39m[31m[91mhover,button.bg-dark[33m:[39m[31m[91mfocus,button.bg-dark[33m:[39m[31m[91mhover[33m{[39m[31m[91mbackgr[39m[22m[1m[31mound-color[33m:[39m[31m[91m[35m#000[39m[31m[91m!important[33m}[39m[31m[91m[33m.bg-white[39m[31m[91m[33m{[39m[31m[91mbackground-color[33m:[39m[31m[91m[35m#bbb[39m[31m[91m!important[33m}[39m[31m[91m[33m.bg-transparent[39m[31m[91m[33m{[39m[31m[91mbackground-color[33m:[39m[31m[91mtransparent!important[33m}[39m[31m[91m[33m.border,.border-0[39m[31m[91m[33m{[39m[31m[91mborder[33m:[39m[31m[91m0!important[33m}[39m[31m[91m[33m.border-top,.border-top-0[39m[31m[91m[33m{[39m[31m[91mborder-top[33m:[39m[31m[91m0!important[33m}[39m[31m[91m[33m.border-right,.border-right-0[39m[31m[91m[33m{[39m[31m[91mborder-right[33m:[39m[31m[91m0!important[33m}[39m[31m[91m[33m.border-bottom,.border-bottom-0[39m[31m[91m[33m{[39m[31m[91mborder-bottom[33m:[39m[31m[91m0!important[33m}[39m[31m[91m[33m.border-left,.border-left-0[39m[31m[91m[33m{[39m[31m[91mborder-left[33m:[39m[31m[91m0!important[33m}[39m[31m[91m[33m.border-primary[39m[31m[91m[33m{[39m[31m[91mborder-color[33m:[39m[31m[91m[35m#bbb[39m[31m[91m!important[33m}[39m[31m[91m[33m.border-secondary[39m[31m[91m[33m{[39m[31m[91mborder-color[33m:[39m[31m[91m[35m#bbb[39m[31m[91m!important[33m}[39m[31m[91m[33m.border-success[39m[31m[91m[33m{[39m[31m[91mborder-color[33m:[39m[31m[91m[35m#0a0[39m[31m[91m!important[33m}[39m[31m[91m[33m.border-info[39m[31m[91m[33m{[39m[31m[91mborder-color[33m:[39m[31m[91m[35m#0aa[39m[31m[91m!important[33m}[39m[31m[91m[33m.border-warning[39m[31m[91m[33m{[39m[31m[91mborder-color[33m:[39m[31m[91m[35m#a50[39m[31m[91m!important[33m}[39m[31m[91m[33m.border-danger[39m[31m[91m[33m{[39m[31m[91mborder-color[33m:[39m[31m[91m[35m#a00[39m[31m[91m!important[33m}[39m[31m[91m[33m.border-light[39m[31m[91m[33m{[39m[31m[91mborder-color[33m:[39m[31m[91m[35m#fff[39m[31m[91m!important[33m}[39m[31m[91m[33m.border-dark[39m[31m[91m[33m{[39m[31m[91mborder-color[33m:[39m[31m[91m[35m#000[39m[31m[91m!important[33m}[39m[31m[91m[33m.rounded[39m[31m[91m[33m{[39m[31m[91mborder-radius[33m:[39m[31m[91m0!important[33m}[39m[31m[91m[33m.clearfix[39m[31m[91m[33m:[39m[31m[91m[33m:[39m[31m[91mafter[33m{[39m[31m[91mdisplay[33m:[39m[31m[91mblock[39m[22m[1m[31m[33m;[39m[31m[91mclear[33m:[39m[31m[91mboth[33m;[39m[31m[91mcontent[33m:[39m[31m[91m[32m""[39m[31m[91m[33m}[39m[31m[91m[33m.d-none[39m[31m[91m[33m{[39m[31m[91mdisplay[33m:[39m[31m[91mnone!important[33m}[39m[31m[91m[33m.d-inline[39m[31m[91m[33m{[39m[31m[91mdisplay[33m:[39m[31m[91minline!important[33m}[39m[31m[91m[33m.d-inline-block[39m[31m[91m[33m{[39m[31m[91mdisplay[33m:[39m[31m[91minline-block!important[33m}[39m[31m[91m[33m.d-block[39m[31m[91m[33m{[39m[31m[91mdisplay[33m:[39m[31m[91mblock!important[33m}[39m[31m[91m[33m.d-table[39m[31m[91m[33m{[39m[31m[91mdisplay[33m:[39m[31m[91mtable!important[33m}[39m[31m[91m[33m.d-table-row[39m[31m[91m[33m{[39m[31m[91mdisplay[33m:[39m[31m[91mtable-row!important[33m}[39m[31m[91m[33m.d-table-cell[39m[31m[91m[33m{[39m[31m[91mdisplay[33m:[39m[31m[91mtable-cell!important[33m}[39m[31m[91m[33m.d-flex[39m[31m[91m[33m{[39m[31m[91mdisplay[33m:[39m[31m[91m-ms-flexbox!important[33m;[39m[31m[91mdisplay[33m:[39m[31m[91mflex!important[33m}[39m[31m[91m[33m.d-inline-flex[39m[31m[91m[33m{[39m[31m[91mdisplay[33m:[39m[31m[91m-ms-inline-flexbox!important[33m;[39m[31m[91mdisplay[33m:[39m[31m[91minline-flex!important[33m}[39m[31m[91m[36m@media[39m[31m[91m[36m [39m[31m[91m[36m(min-width:576px)[39m[31m[91m[33m{[39m[31m[91m[33m.d-sm-none[39m[31m[91m[33m{[39m[31m[91mdisplay[33m:[39m[31m[91mnone!important[33m}[39m[31m[91m[33m.d-sm-inline[39m[31m[91m[33m{[39m[31m[91mdisplay[33m:[39m[31m[91minline!important[33m}[39m[31m[91m[33m.d-sm-inline-block[39m[31m[91m[33m{[39m[31m[91mdisplay[33m:[39m[31m[91minline-block!important[33m}[39m[31m[91m[33m.d-sm-block[39m[31m[91m[33m{[39m[31m[91mdisplay[33m:[39m[31m[91mblock!important[33m}[39m[31m[91m[33m.d-sm-table[39m[31m[91m[33m{[39m[31m[91mdisplay[33m:[39m[31m[91mtable!important[33m}[39m[31m[91m[33m.d-sm-table-row[39m[31m[91m[33m{[39m[31m[91mdisplay[33m:[39m[31m[91mtable-row!important[33m}[39m[31m[91m[33m.d-sm-table-cell[39m[31m[91m[33m{[39m[31m[91mdisplay[33m:[39m[31m[91mtable-cell!important[33m}[39m[31m[91m[33m.d-sm-flex[39m[31m[91m[33m{[39m[31m[91mdisplay[33m:[39m[31m[91m-ms-flexbox!important[33m;[[39m[22m[1m[31m39m[91mdisplay[33m:[39m[31m[91mflex!important[33m}[39m[31m[91m[33m.d-sm-inline-flex[39m[31m[91m[33m{[39m[31m[91mdisplay[33m:[39m[31m[91m-ms-inline-flexbox!important[33m;[39m[31m[91mdisplay[33m:[39m[31m[91minline-flex!important[33m}[39m[31m[91m[33m}[39m[31m[91m[36m@media[39m[31m[91m[36m [39m[31m[91m[36m(min-width:768px)[39m[31m[91m[33m{[39m[31m[91m[33m.d-md-none[39m[31m[91m[33m{[39m[31m[91mdisplay[33m:[39m[31m[91mnone!important[33m}[39m[31m[91m[33m.d-md-inline[39m[31m[91m[33m{[39m[31m[91mdisplay[33m:[39m[31m[91minline!important[33m}[39m[31m[91m[33m.d-md-inline-block[39m[31m[91m[33m{[39m[31m[91mdisplay[33m:[39m[31m[91minline-block!important[33m}[39m[31m[91m[33m.d-md-block[39m[31m[91m[33m{[39m[31m[91mdisplay[33m:[39m[31m[91mblock!important[33m}[39m[31m[91m[33m.d-md-table[39m[31m[91m[33m{[39m[31m[91mdisplay[33m:[39m[31m[91mtable!important[33m}[39m[31m[91m[33m.d-md-table-row[39m[31m[91m[33m{[39m[31m[91mdisplay[33m:[39m[31m[91mtable-row!important[33m}[39m[31m[91m[33m.d-md-table-cell[39m[31m[91m[33m{[39m[31m[91mdisplay[33m:[39m[31m[91mtable-cell!important[33m}[39m[31m[91m[33m.d-md-flex[39m[31m[91m[33m{[39m[31m[91mdisplay[33m:[39m[31m[91m-ms-flexbox!important[33m;[39m[31m[91mdisplay[33m:[39m[31m[91mflex!important[33m}[39m[31m[91m[33m.d-md-inline-flex[39m[31m[91m[33m{[39m[31m[91mdisplay[33m:[39m[31m[91m-ms-inline-flexbox!important[33m;[39m[31m[91mdisplay[33m:[39m[31m[91minline-flex!important[33m}[39m[31m[91m[33m}[39m[31m[91m[36m@media[39m[31m[91m[36m [39m[31m[91m[36m(min-width:960px)[39m[31m[91m[33m{[39m[31m[91m[33m.d-lg-none[39m[31m[91m[33m{[39m[31m[91mdisplay[33m:[39m[31m[91mnone!important[33m}[39m[31m[91m[33m.d-lg-inline[39m[31m[91m[33m{[39m[31m[91mdisplay[33m:[39m[31m[91minline!important[33m}[39m[31m[91m[33m.d-lg-inline-block[39m[31m[91m[33m{[39m[31m[91mdisplay[33m:[39m[31m[91minline-block!important[33m}[39m[31m[91m[33m.d-lg-block[39m[31m[91m[33m{[39m[31m[91mdisplay[33m:[39m[31m[91mblock!important[33m}[39m[31m[91m[33m.d-lg-table[39m[31m[91m[33m{[39m[31m[91mdisplay[33m:[39m[31m[91mtable!important[33m}[39m[31m[91m[33m.d-lg-table-row[39m[31m[91m[33m[39m[22m[1m[31m{[39m[31m[91mdisplay[33m:[39m[31m[91mtable-row!important[33m}[39m[31m[91m[33m.d-lg-table-cell[39m[31m[91m[33m{[39m[31m[91mdisplay[33m:[39m[31m[91mtable-cell!important[33m}[39m[31m[91m[33m.d-lg-flex[39m[31m[91m[33m{[39m[31m[91mdisplay[33m:[39m[31m[91m-ms-flexbox!important[33m;[39m[31m[91mdisplay[33m:[39m[31m[91mflex!important[33m}[39m[31m[91m[33m.d-lg-inline-flex[39m[31m[91m[33m{[39m[31m[91mdisplay[33m:[39m[31m[91m-ms-inline-flexbox!important[33m;[39m[31m[91mdisplay[33m:[39m[31m[91minline-flex!important[33m}[39m[31m[91m[33m}[39m[31m[91m[36m@media[39m[31m[91m[36m [39m[31m[91m[36m(min-width:1152px)[39m[31m[91m[33m{[39m[31m[91m[33m.d-xl-none[39m[31m[91m[33m{[39m[31m[91mdisplay[33m:[39m[31m[91mnone!important[33m}[39m[31m[91m[33m.d-xl-inline[39m[31m[91m[33m{[39m[31m[91mdisplay[33m:[39m[31m[91minline!important[33m}[39m[31m[91m[33m.d-xl-inline-block[39m[31m[91m[33m{[39m[31m[91mdisplay[33m:[39m[31m[91minline-block!important[33m}[39m[31m[91m[33m.d-xl-block[39m[31m[91m[33m{[39m[31m[91mdisplay[33m:[39m[31m[91mblock!important[33m}[39m[31m[91m[33m.d-xl-table[39m[31m[91m[33m{[39m[31m[91mdisplay[33m:[39m[31m[91mtable!important[33m}[39m[31m[91m[33m.d-xl-table-row[39m[31m[91m[33m{[39m[31m[91mdisplay[33m:[39m[31m[91mtable-row!important[33m}[39m[31m[91m[33m.d-xl-table-cell[39m[31m[91m[33m{[39m[31m[91mdisplay[33m:[39m[31m[91mtable-cell!important[33m}[39m[31m[91m[33m.d-xl-flex[39m[31m[91m[33m{[39m[31m[91mdisplay[33m:[39m[31m[91m-ms-flexbox!important[33m;[39m[31m[91mdisplay[33m:[39m[31m[91mflex!important[33m}[39m[31m[91m[33m.d-xl-inline-flex[39m[31m[91m[33m{[39m[31m[91mdisplay[33m:[39m[31m[91m-ms-inline-flexbox!important[33m;[39m[31m[91mdisplay[33m:[39m[31m[91minline-flex!important[33m}[39m[31m[91m[33m}[39m[31m[91m[36m@media[39m[31m[91m print[33m{[39m[31m[91m[33m.d-print-none[39m[31m[91m[33m{[39m[31m[91mdisplay[33m:[39m[31m[91mnone!important[33m}[39m[31m[91m[33m.d-print-inline[39m[31m[91m[33m{[39m[31m[91mdisplay[33m:[39m[31m[91minline!important[33m}[39m[31m[91m[33m.d-print-inline-block[39m[31m[91m[33m{[39m[31m[91mdisplay[33m:[39m[31m[91minline-block!important[33m}[39m[22m[1m[31m[39m[91m[33m.d-print-block[39m[31m[91m[33m{[39m[31m[91mdisplay[33m:[39m[31m[91mblock!important[33m}[39m[31m[91m[33m.d-print-table[39m[31m[91m[33m{[39m[31m[91mdisplay[33m:[39m[31m[91mtable!important[33m}[39m[31m[91m[33m.d-print-table-row[39m[31m[91m[33m{[39m[31m[91mdisplay[33m:[39m[31m[91mtable-row!important[33m}[39m[31m[91m[33m.d-print-table-cell[39m[31m[91m[33m{[39m[31m[91mdisplay[33m:[39m[31m[91mtable-cell!important[33m}[39m[31m[91m[33m.d-print-flex[39m[31m[91m[33m{[39m[31m[91mdisplay[33m:[39m[31m[91m-ms-flexbox!important[33m;[39m[31m[91mdisplay[33m:[39m[31m[91mflex!important[33m}[39m[31m[91m[33m.d-print-inline-flex[39m[31m[91m[33m{[39m[31m[91mdisplay[33m:[39m[31m[91m-ms-inline-flexbox!important[33m;[39m[31m[91mdisplay[33m:[39m[31m[91minline-flex!important[33m}[39m[31m[91m[33m}[39m[31m[91m[33m.embed-responsive[39m[31m[91m[33m{[39m[31m[91mposition[33m:[39m[31m[91mrelative[33m;[39m[31m[91mdisplay[33m:[39m[31m[91mblock[33m;[39m[31m[91mwidth[33m:[39m[31m[91m100%[33m;[39m[31m[91mpadding[33m:[39m[31m[91m0[33m;[39m[31m[91moverflow[33m:[39m[31m[91mhidden[33m}[39m[31m[91m[33m.embed-responsive[39m[31m[91m[33m:[39m[31m[91m[33m:[39m[31m[91mbefore[33m{[39m[31m[91mdisplay[33m:[39m[31m[91mblock[33m;[39m[31m[91mcontent[33m:[39m[31m[91m[32m""[39m[31m[91m[33m}[39m[31m[91m[33m.embed-responsive[39m[31m[91m [33m.embed-responsive-item,.embed-responsive[39m[31m[91m embed,.embed-responsive iframe,.embed-responsive object,.embed-responsive video[33m{[39m[31m[91mposition[33m:[39m[31m[91mabsolute[33m;[39m[31m[91mtop[33m:[39m[31m[91m0[33m;[39m[31m[91mbottom[33m:[39m[31m[91m0[33m;[39m[31m[91mleft[33m:[39m[31m[91m0[33m;[39m[31m[91mwidth[33m:[39m[31m[91m100%[33m;[39m[31m[91mheight[33m:[39m[31m[91m100%[33m;[39m[31m[91mborder[33m:[39m[31m[91m0[33m}[39m[31m[91m[33m.embed-responsive-21by9[39m[31m[91m[33m:[39m[31m[91m[33m:[39m[31m[91mbefore[33m{[39m[31m[91mpadding-top[33m:[39m[31m[91m42.857143%[33m}[39m[31m[91m[33m.embed-responsive-16by9[39m[31m[91m[33m:[39m[31m[91m[33m:[39m[31m[91mbefore[33m{[39m[31m[91mpadding-top[33m:[39m[31m[91m56.25%[33m}[39m[31m[91m[33m.embed-responsiv[39m[22m[1m[31me-4by3[39m[31m[91m[33m:[39m[31m[91m[33m:[39m[31m[91mbefore[33m{[39m[31m[91mpadding-top[33m:[39m[31m[91m75%[33m}[39m[31m[91m[33m.embed-responsive-1by1[39m[31m[91m[33m:[39m[31m[91m[33m:[39m[31m[91mbefore[33m{[39m[31m[91mpadding-top[33m:[39m[31m[91m100%[33m}[39m[31m[91m[33m.flex-row[39m[31m[91m[33m{[39m[31m[91m-ms-flex-direction[33m:[39m[31m[91mrow!important[33m;[39m[31m[91mflex-direction[33m:[39m[31m[91mrow!important[33m}[39m[31m[91m[33m.flex-column[39m[31m[91m[33m{[39m[31m[91m-ms-flex-direction[33m:[39m[31m[91mcolumn!important[33m;[39m[31m[91mflex-direction[33m:[39m[31m[91mcolumn!important[33m}[39m[31m[91m[33m.flex-row-reverse[39m[31m[91m[33m{[39m[31m[91m-ms-flex-direction[33m:[39m[31m[91mrow-reverse!important[33m;[39m[31m[91mflex-direction[33m:[39m[31m[91mrow-reverse!important[33m}[39m[31m[91m[33m.flex-column-reverse[39m[31m[91m[33m{[39m[31m[91m-ms-flex-direction[33m:[39m[31m[91mcolumn-reverse!important[33m;[39m[31m[91mflex-direction[33m:[39m[31m[91mcolumn-reverse!important[33m}[39m[31m[91m[33m.flex-wrap[39m[31m[91m[33m{[39m[31m[91m-ms-flex-wrap[33m:[39m[31m[91mwrap!important[33m;[39m[31m[91mflex-wrap[33m:[39m[31m[91mwrap!important[33m}[39m[31m[91m[33m.flex-nowrap[39m[31m[91m[33m{[39m[31m[91m-ms-flex-wrap[33m:[39m[31m[91mnowrap!important[33m;[39m[31m[91mflex-wrap[33m:[39m[31m[91mnowrap!important[33m}[39m[31m[91m[33m.flex-wrap-reverse[39m[31m[91m[33m{[39m[31m[91m-ms-flex-wrap[33m:[39m[31m[91mwrap-reverse!important[33m;[39m[31m[91mflex-wrap[33m:[39m[31m[91mwrap-reverse!important[33m}[39m[31m[91m[33m.flex-fill[39m[31m[91m[33m{[39m[31m[91m-ms-flex[33m:[39m[31m[91m1 1 auto!important[33m;[39m[31m[91mflex[33m:[39m[31m[91m1 1 auto!important[33m}[39m[31m[91m[33m.flex-grow-0[39m[31m[91m[33m{[39m[31m[91m-ms-flex-positive[33m:[39m[31m[91m0!important[33m;[39m[31m[91mflex-grow[33m:[39m[31m[91m0!important[33m}[39m[31m[91m[33m.flex-grow-1[39m[31m[91m[33m{[39m[31m[91m-ms-flex-positive[33m:[39m[31m[91m1!important[33m;[39m[31m[91mflex-grow[33m:[39m[31m[91m1!important[33m}[39m[31m[91m[33m.flex-shrink-0[39m[31m[91m[33m{[39m[31m[91m-ms-flex-negative[33m:[39m[31m[39m[22m[1m[31m[91m0!important[33m;[39m[31m[91mflex-shrink[33m:[39m[31m[91m0!important[33m}[39m[31m[91m[33m.flex-shrink-1[39m[31m[91m[33m{[39m[31m[91m-ms-flex-negative[33m:[39m[31m[91m1!important[33m;[39m[31m[91mflex-shrink[33m:[39m[31m[91m1!important[33m}[39m[31m[91m[33m.justify-content-start[39m[31m[91m[33m{[39m[31m[91m-ms-flex-pack[33m:[39m[31m[91mstart!important[33m;[39m[31m[91mjustify-content[33m:[39m[31m[91mflex-start!important[33m}[39m[31m[91m[33m.justify-content-end[39m[31m[91m[33m{[39m[31m[91m-ms-flex-pack[33m:[39m[31m[91mend!important[33m;[39m[31m[91mjustify-content[33m:[39m[31m[91mflex-end!important[33m}[39m[31m[91m[33m.justify-content-center[39m[31m[91m[33m{[39m[31m[91m-ms-flex-pack[33m:[39m[31m[91mcenter!important[33m;[39m[31m[91mjustify-content[33m:[39m[31m[91mcenter!important[33m}[39m[31m[91m[33m.justify-content-between[39m[31m[91m[33m{[39m[31m[91m-ms-flex-pack[33m:[39m[31m[91mjustify!important[33m;[39m[31m[91mjustify-content[33m:[39m[31m[91mspace-between!important[33m}[39m[31m[91m[33m.justify-content-around[39m[31m[91m[33m{[39m[31m[91m-ms-flex-pack[33m:[39m[31m[91mdistribute!important[33m;[39m[31m[91mjustify-content[33m:[39m[31m[91mspace-around!important[33m}[39m[31m[91m[33m.align-items-start[39m[31m[91m[33m{[39m[31m[91m-ms-flex-align[33m:[39m[31m[91mstart!important[33m;[39m[31m[91malign-items[33m:[39m[31m[91mflex-start!important[33m}[39m[31m[91m[33m.align-items-end[39m[31m[91m[33m{[39m[31m[91m-ms-flex-align[33m:[39m[31m[91mend!important[33m;[39m[31m[91malign-items[33m:[39m[31m[91mflex-end!important[33m}[39m[31m[91m[33m.align-items-center[39m[31m[91m[33m{[39m[31m[91m-ms-flex-align[33m:[39m[31m[91mcenter!important[33m;[39m[31m[91malign-items[33m:[39m[31m[91mcenter!important[33m}[39m[31m[91m[33m.align-items-baseline[39m[31m[91m[33m{[39m[31m[91m-ms-flex-align[33m:[39m[31m[91mbaseline!important[33m;[39m[31m[91malign-items[33m:[39m[31m[91mbaseline!important[33m}[39m[31m[91m[33m.align-items-stretch[39m[31m[91m[33m{[39m[31m[91m-ms-flex-align[33m:[39m[31m[91mstretch!important[33m;[39m[31m[91malign-items[33m:[39m[31m[91mstretch!important[3[39m[22m[1m[31m3m}[39m[31m[91m[33m.align-content-start[39m[31m[91m[33m{[39m[31m[91m-ms-flex-line-pack[33m:[39m[31m[91mstart!important[33m;[39m[31m[91malign-content[33m:[39m[31m[91mflex-start!important[33m}[39m[31m[91m[33m.align-content-end[39m[31m[91m[33m{[39m[31m[91m-ms-flex-line-pack[33m:[39m[31m[91mend!important[33m;[39m[31m[91malign-content[33m:[39m[31m[91mflex-end!important[33m}[39m[31m[91m[33m.align-content-center[39m[31m[91m[33m{[39m[31m[91m-ms-flex-line-pack[33m:[39m[31m[91mcenter!important[33m;[39m[31m[91malign-content[33m:[39m[31m[91mcenter!important[33m}[39m[31m[91m[33m.align-content-between[39m[31m[91m[33m{[39m[31m[91m-ms-flex-line-pack[33m:[39m[31m[91mjustify!important[33m;[39m[31m[91malign-content[33m:[39m[31m[91mspace-between!important[33m}[39m[31m[91m[33m.align-content-around[39m[31m[91m[33m{[39m[31m[91m-ms-flex-line-pack[33m:[39m[31m[91mdistribute!important[33m;[39m[31m[91malign-content[33m:[39m[31m[91mspace-around!important[33m}[39m[31m[91m[33m.align-content-stretch[39m[31m[91m[33m{[39m[31m[91m-ms-flex-line-pack[33m:[39m[31m[91mstretch!important[33m;[39m[31m[91malign-content[33m:[39m[31m[91mstretch!important[33m}[39m[31m[91m[33m.align-self-auto[39m[31m[91m[33m{[39m[31m[91m-ms-flex-item-align[33m:[39m[31m[91mauto!important[33m;[39m[31m[91malign-self[33m:[39m[31m[91mauto!important[33m}[39m[31m[91m[33m.align-self-start[39m[31m[91m[33m{[39m[31m[91m-ms-flex-item-align[33m:[39m[31m[91mstart!important[33m;[39m[31m[91malign-self[33m:[39m[31m[91mflex-start!important[33m}[39m[31m[91m[33m.align-self-end[39m[31m[91m[33m{[39m[31m[91m-ms-flex-item-align[33m:[39m[31m[91mend!important[33m;[39m[31m[91malign-self[33m:[39m[31m[91mflex-end!important[33m}[39m[31m[91m[33m.align-self-center[39m[31m[91m[33m{[39m[31m[91m-ms-flex-item-align[33m:[39m[31m[91mcenter!important[33m;[39m[31m[91malign-self[33m:[39m[31m[91mcenter!important[33m}[39m[31m[91m[33m.align-self-baseline[39m[31m[91m[33m{[39m[31m[91m-ms-flex-item-align[33m:[39m[31m[91mbaseline!important[33m;[39m[31m[91malign-self[33m:[39m[31m[91mbaseline!important[33m}[39m[31m[91m[33m.align-self-stretch[39m[22m[1m[31m[39m[91m[33m{[39m[31m[91m-ms-flex-item-align[33m:[39m[31m[91mstretch!important[33m;[39m[31m[91malign-self[33m:[39m[31m[91mstretch!important[33m}[39m[31m[91m[36m@media[39m[31m[91m[36m [39m[31m[91m[36m(min-width:576px)[39m[31m[91m[33m{[39m[31m[91m[33m.flex-sm-row[39m[31m[91m[33m{[39m[31m[91m-ms-flex-direction[33m:[39m[31m[91mrow!important[33m;[39m[31m[91mflex-direction[33m:[39m[31m[91mrow!important[33m}[39m[31m[91m[33m.flex-sm-column[39m[31m[91m[33m{[39m[31m[91m-ms-flex-direction[33m:[39m[31m[91mcolumn!important[33m;[39m[31m[91mflex-direction[33m:[39m[31m[91mcolumn!important[33m}[39m[31m[91m[33m.flex-sm-row-reverse[39m[31m[91m[33m{[39m[31m[91m-ms-flex-direction[33m:[39m[31m[91mrow-reverse!important[33m;[39m[31m[91mflex-direction[33m:[39m[31m[91mrow-reverse!important[33m}[39m[31m[91m[33m.flex-sm-column-reverse[39m[31m[91m[33m{[39m[31m[91m-ms-flex-direction[33m:[39m[31m[91mcolumn-reverse!important[33m;[39m[31m[91mflex-direction[33m:[39m[31m[91mcolumn-reverse!important[33m}[39m[31m[91m[33m.flex-sm-wrap[39m[31m[91m[33m{[39m[31m[91m-ms-flex-wrap[33m:[39m[31m[91mwrap!important[33m;[39m[31m[91mflex-wrap[33m:[39m[31m[91mwrap!important[33m}[39m[31m[91m[33m.flex-sm-nowrap[39m[31m[91m[33m{[39m[31m[91m-ms-flex-wrap[33m:[39m[31m[91mnowrap!important[33m;[39m[31m[91mflex-wrap[33m:[39m[31m[91mnowrap!important[33m}[39m[31m[91m[33m.flex-sm-wrap-reverse[39m[31m[91m[33m{[39m[31m[91m-ms-flex-wrap[33m:[39m[31m[91mwrap-reverse!important[33m;[39m[31m[91mflex-wrap[33m:[39m[31m[91mwrap-reverse!important[33m}[39m[31m[91m[33m.flex-sm-fill[39m[31m[91m[33m{[39m[31m[91m-ms-flex[33m:[39m[31m[91m1 1 auto!important[33m;[39m[31m[91mflex[33m:[39m[31m[91m1 1 auto!important[33m}[39m[31m[91m[33m.flex-sm-grow-0[39m[31m[91m[33m{[39m[31m[91m-ms-flex-positive[33m:[39m[31m[91m0!important[33m;[39m[31m[91mflex-grow[33m:[39m[31m[91m0!important[33m}[39m[31m[91m[33m.flex-sm-grow-1[39m[31m[91m[33m{[39m[31m[91m-ms-flex-positive[33m:[39m[31m[91m1!important[33m;[39m[31m[91mflex-grow[33m:[39m[31m[91m1!important[33m}[39m[31m[91m[33m.flex-sm-shrink-0[39m[31m[91m[33m{[39m[31m[91m-ms-flex-nega[39m[22m[1m[31mtive[33m:[39m[31m[91m0!important[33m;[39m[31m[91mflex-shrink[33m:[39m[31m[91m0!important[33m}[39m[31m[91m[33m.flex-sm-shrink-1[39m[31m[91m[33m{[39m[31m[91m-ms-flex-negative[33m:[39m[31m[91m1!important[33m;[39m[31m[91mflex-shrink[33m:[39m[31m[91m1!important[33m}[39m[31m[91m[33m.justify-content-sm-start[39m[31m[91m[33m{[39m[31m[91m-ms-flex-pack[33m:[39m[31m[91mstart!important[33m;[39m[31m[91mjustify-content[33m:[39m[31m[91mflex-start!important[33m}[39m[31m[91m[33m.justify-content-sm-end[39m[31m[91m[33m{[39m[31m[91m-ms-flex-pack[33m:[39m[31m[91mend!important[33m;[39m[31m[91mjustify-content[33m:[39m[31m[91mflex-end!important[33m}[39m[31m[91m[33m.justify-content-sm-center[39m[31m[91m[33m{[39m[31m[91m-ms-flex-pack[33m:[39m[31m[91mcenter!important[33m;[39m[31m[91mjustify-content[33m:[39m[31m[91mcenter!important[33m}[39m[31m[91m[33m.justify-content-sm-between[39m[31m[91m[33m{[39m[31m[91m-ms-flex-pack[33m:[39m[31m[91mjustify!important[33m;[39m[31m[91mjustify-content[33m:[39m[31m[91mspace-between!important[33m}[39m[31m[91m[33m.justify-content-sm-around[39m[31m[91m[33m{[39m[31m[91m-ms-flex-pack[33m:[39m[31m[91mdistribute!important[33m;[39m[31m[91mjustify-content[33m:[39m[31m[91mspace-around!important[33m}[39m[31m[91m[33m.align-items-sm-start[39m[31m[91m[33m{[39m[31m[91m-ms-flex-align[33m:[39m[31m[91mstart!important[33m;[39m[31m[91malign-items[33m:[39m[31m[91mflex-start!important[33m}[39m[31m[91m[33m.align-items-sm-end[39m[31m[91m[33m{[39m[31m[91m-ms-flex-align[33m:[39m[31m[91mend!important[33m;[39m[31m[91malign-items[33m:[39m[31m[91mflex-end!important[33m}[39m[31m[91m[33m.align-items-sm-center[39m[31m[91m[33m{[39m[31m[91m-ms-flex-align[33m:[39m[31m[91mcenter!important[33m;[39m[31m[91malign-items[33m:[39m[31m[91mcenter!important[33m}[39m[31m[91m[33m.align-items-sm-baseline[39m[31m[91m[33m{[39m[31m[91m-ms-flex-align[33m:[39m[31m[91mbaseline!important[33m;[39m[31m[91malign-items[33m:[39m[31m[91mbaseline!important[33m}[39m[31m[91m[33m.align-items-sm-stretch[39m[31m[91m[33m{[39m[31m[91m-ms-flex-align[33m:[39m[31m[91mstretch!important[33m;[39m[31m[9[39m[22m[1m[31m1malign-items[33m:[39m[31m[91mstretch!important[33m}[39m[31m[91m[33m.align-content-sm-start[39m[31m[91m[33m{[39m[31m[91m-ms-flex-line-pack[33m:[39m[31m[91mstart!important[33m;[39m[31m[91malign-content[33m:[39m[31m[91mflex-start!important[33m}[39m[31m[91m[33m.align-content-sm-end[39m[31m[91m[33m{[39m[31m[91m-ms-flex-line-pack[33m:[39m[31m[91mend!important[33m;[39m[31m[91malign-content[33m:[39m[31m[91mflex-end!important[33m}[39m[31m[91m[33m.align-content-sm-center[39m[31m[91m[33m{[39m[31m[91m-ms-flex-line-pack[33m:[39m[31m[91mcenter!important[33m;[39m[31m[91malign-content[33m:[39m[31m[91mcenter!important[33m}[39m[31m[91m[33m.align-content-sm-between[39m[31m[91m[33m{[39m[31m[91m-ms-flex-line-pack[33m:[39m[31m[91mjustify!important[33m;[39m[31m[91malign-content[33m:[39m[31m[91mspace-between!important[33m}[39m[31m[91m[33m.align-content-sm-around[39m[31m[91m[33m{[39m[31m[91m-ms-flex-line-pack[33m:[39m[31m[91mdistribute!important[33m;[39m[31m[91malign-content[33m:[39m[31m[91mspace-around!important[33m}[39m[31m[91m[33m.align-content-sm-stretch[39m[31m[91m[33m{[39m[31m[91m-ms-flex-line-pack[33m:[39m[31m[91mstretch!important[33m;[39m[31m[91malign-content[33m:[39m[31m[91mstretch!important[33m}[39m[31m[91m[33m.align-self-sm-auto[39m[31m[91m[33m{[39m[31m[91m-ms-flex-item-align[33m:[39m[31m[91mauto!important[33m;[39m[31m[91malign-self[33m:[39m[31m[91mauto!important[33m}[39m[31m[91m[33m.align-self-sm-start[39m[31m[91m[33m{[39m[31m[91m-ms-flex-item-align[33m:[39m[31m[91mstart!important[33m;[39m[31m[91malign-self[33m:[39m[31m[91mflex-start!important[33m}[39m[31m[91m[33m.align-self-sm-end[39m[31m[91m[33m{[39m[31m[91m-ms-flex-item-align[33m:[39m[31m[91mend!important[33m;[39m[31m[91malign-self[33m:[39m[31m[91mflex-end!important[33m}[39m[31m[91m[33m.align-self-sm-center[39m[31m[91m[33m{[39m[31m[91m-ms-flex-item-align[33m:[39m[31m[91mcenter!important[33m;[39m[31m[91malign-self[33m:[39m[31m[91mcenter!important[33m}[39m[31m[91m[33m.align-self-sm-baseline[39m[31m[91m[33m{[39m[31m[91m-ms-flex-item-align[33m:[39m[31m[91mbaseline!important[33m;[39m[31m[91mali[39m[22m[1m[31mgn-self[33m:[39m[31m[91mbaseline!important[33m}[39m[31m[91m[33m.align-self-sm-stretch[39m[31m[91m[33m{[39m[31m[91m-ms-flex-item-align[33m:[39m[31m[91mstretch!important[33m;[39m[31m[91malign-self[33m:[39m[31m[91mstretch!important[33m}[39m[31m[91m[33m}[39m[31m[91m[36m@media[39m[31m[91m[36m [39m[31m[91m[36m(min-width:768px)[39m[31m[91m[33m{[39m[31m[91m[33m.flex-md-row[39m[31m[91m[33m{[39m[31m[91m-ms-flex-direction[33m:[39m[31m[91mrow!important[33m;[39m[31m[91mflex-direction[33m:[39m[31m[91mrow!important[33m}[39m[31m[91m[33m.flex-md-column[39m[31m[91m[33m{[39m[31m[91m-ms-flex-direction[33m:[39m[31m[91mcolumn!important[33m;[39m[31m[91mflex-direction[33m:[39m[31m[91mcolumn!important[33m}[39m[31m[91m[33m.flex-md-row-reverse[39m[31m[91m[33m{[39m[31m[91m-ms-flex-direction[33m:[39m[31m[91mrow-reverse!important[33m;[39m[31m[91mflex-direction[33m:[39m[31m[91mrow-reverse!important[33m}[39m[31m[91m[33m.flex-md-column-reverse[39m[31m[91m[33m{[39m[31m[91m-ms-flex-direction[33m:[39m[31m[91mcolumn-reverse!important[33m;[39m[31m[91mflex-direction[33m:[39m[31m[91mcolumn-reverse!important[33m}[39m[31m[91m[33m.flex-md-wrap[39m[31m[91m[33m{[39m[31m[91m-ms-flex-wrap[33m:[39m[31m[91mwrap!important[33m;[39m[31m[91mflex-wrap[33m:[39m[31m[91mwrap!important[33m}[39m[31m[91m[33m.flex-md-nowrap[39m[31m[91m[33m{[39m[31m[91m-ms-flex-wrap[33m:[39m[31m[91mnowrap!important[33m;[39m[31m[91mflex-wrap[33m:[39m[31m[91mnowrap!important[33m}[39m[31m[91m[33m.flex-md-wrap-reverse[39m[31m[91m[33m{[39m[31m[91m-ms-flex-wrap[33m:[39m[31m[91mwrap-reverse!important[33m;[39m[31m[91mflex-wrap[33m:[39m[31m[91mwrap-reverse!important[33m}[39m[31m[91m[33m.flex-md-fill[39m[31m[91m[33m{[39m[31m[91m-ms-flex[33m:[39m[31m[91m1 1 auto!important[33m;[39m[31m[91mflex[33m:[39m[31m[91m1 1 auto!important[33m}[39m[31m[91m[33m.flex-md-grow-0[39m[31m[91m[33m{[39m[31m[91m-ms-flex-positive[33m:[39m[31m[91m0!important[33m;[39m[31m[91mflex-grow[33m:[39m[31m[91m0!important[33m}[39m[31m[91m[33m.flex-md-grow-1[39m[31m[91m[33m{[39m[31m[91m-ms-flex-positive[33m:[39m[31m[91m1!important[33m;[39m[31m[91mflex-grow[3[39m[22m[1m[31m3m:[39m[31m[91m1!important[33m}[39m[31m[91m[33m.flex-md-shrink-0[39m[31m[91m[33m{[39m[31m[91m-ms-flex-negative[33m:[39m[31m[91m0!important[33m;[39m[31m[91mflex-shrink[33m:[39m[31m[91m0!important[33m}[39m[31m[91m[33m.flex-md-shrink-1[39m[31m[91m[33m{[39m[31m[91m-ms-flex-negative[33m:[39m[31m[91m1!important[33m;[39m[31m[91mflex-shrink[33m:[39m[31m[91m1!important[33m}[39m[31m[91m[33m.justify-content-md-start[39m[31m[91m[33m{[39m[31m[91m-ms-flex-pack[33m:[39m[31m[91mstart!important[33m;[39m[31m[91mjustify-content[33m:[39m[31m[91mflex-start!important[33m}[39m[31m[91m[33m.justify-content-md-end[39m[31m[91m[33m{[39m[31m[91m-ms-flex-pack[33m:[39m[31m[91mend!important[33m;[39m[31m[91mjustify-content[33m:[39m[31m[91mflex-end!important[33m}[39m[31m[91m[33m.justify-content-md-center[39m[31m[91m[33m{[39m[31m[91m-ms-flex-pack[33m:[39m[31m[91mcenter!important[33m;[39m[31m[91mjustify-content[33m:[39m[31m[91mcenter!important[33m}[39m[31m[91m[33m.justify-content-md-between[39m[31m[91m[33m{[39m[31m[91m-ms-flex-pack[33m:[39m[31m[91mjustify!important[33m;[39m[31m[91mjustify-content[33m:[39m[31m[91mspace-between!important[33m}[39m[31m[91m[33m.justify-content-md-around[39m[31m[91m[33m{[39m[31m[91m-ms-flex-pack[33m:[39m[31m[91mdistribute!important[33m;[39m[31m[91mjustify-content[33m:[39m[31m[91mspace-around!important[33m}[39m[31m[91m[33m.align-items-md-start[39m[31m[91m[33m{[39m[31m[91m-ms-flex-align[33m:[39m[31m[91mstart!important[33m;[39m[31m[91malign-items[33m:[39m[31m[91mflex-start!important[33m}[39m[31m[91m[33m.align-items-md-end[39m[31m[91m[33m{[39m[31m[91m-ms-flex-align[33m:[39m[31m[91mend!important[33m;[39m[31m[91malign-items[33m:[39m[31m[91mflex-end!important[33m}[39m[31m[91m[33m.align-items-md-center[39m[31m[91m[33m{[39m[31m[91m-ms-flex-align[33m:[39m[31m[91mcenter!important[33m;[39m[31m[91malign-items[33m:[39m[31m[91mcenter!important[33m}[39m[31m[91m[33m.align-items-md-baseline[39m[31m[91m[33m{[39m[31m[91m-ms-flex-align[33m:[39m[31m[91mbaseline!important[33m;[39m[31m[91malign-items[33m:[39m[31m[91mbaseline!important[33m}[39m[31m[91m[33m.align-it[39m[22m[1m[31mems-md-stretch[39m[31m[91m[33m{[39m[31m[91m-ms-flex-align[33m:[39m[31m[91mstretch!important[33m;[39m[31m[91malign-items[33m:[39m[31m[91mstretch!important[33m}[39m[31m[91m[33m.align-content-md-start[39m[31m[91m[33m{[39m[31m[91m-ms-flex-line-pack[33m:[39m[31m[91mstart!important[33m;[39m[31m[91malign-content[33m:[39m[31m[91mflex-start!important[33m}[39m[31m[91m[33m.align-content-md-end[39m[31m[91m[33m{[39m[31m[91m-ms-flex-line-pack[33m:[39m[31m[91mend!important[33m;[39m[31m[91malign-content[33m:[39m[31m[91mflex-end!important[33m}[39m[31m[91m[33m.align-content-md-center[39m[31m[91m[33m{[39m[31m[91m-ms-flex-line-pack[33m:[39m[31m[91mcenter!important[33m;[39m[31m[91malign-content[33m:[39m[31m[91mcenter!important[33m}[39m[31m[91m[33m.align-content-md-between[39m[31m[91m[33m{[39m[31m[91m-ms-flex-line-pack[33m:[39m[31m[91mjustify!important[33m;[39m[31m[91malign-content[33m:[39m[31m[91mspace-between!important[33m}[39m[31m[91m[33m.align-content-md-around[39m[31m[91m[33m{[39m[31m[91m-ms-flex-line-pack[33m:[39m[31m[91mdistribute!important[33m;[39m[31m[91malign-content[33m:[39m[31m[91mspace-around!important[33m}[39m[31m[91m[33m.align-content-md-stretch[39m[31m[91m[33m{[39m[31m[91m-ms-flex-line-pack[33m:[39m[31m[91mstretch!important[33m;[39m[31m[91malign-content[33m:[39m[31m[91mstretch!important[33m}[39m[31m[91m[33m.align-self-md-auto[39m[31m[91m[33m{[39m[31m[91m-ms-flex-item-align[33m:[39m[31m[91mauto!important[33m;[39m[31m[91malign-self[33m:[39m[31m[91mauto!important[33m}[39m[31m[91m[33m.align-self-md-start[39m[31m[91m[33m{[39m[31m[91m-ms-flex-item-align[33m:[39m[31m[91mstart!important[33m;[39m[31m[91malign-self[33m:[39m[31m[91mflex-start!important[33m}[39m[31m[91m[33m.align-self-md-end[39m[31m[91m[33m{[39m[31m[91m-ms-flex-item-align[33m:[39m[31m[91mend!important[33m;[39m[31m[91malign-self[33m:[39m[31m[91mflex-end!important[33m}[39m[31m[91m[33m.align-self-md-center[39m[31m[91m[33m{[39m[31m[91m-ms-flex-item-align[33m:[39m[31m[91mcenter!important[33m;[39m[31m[91malign-self[33m:[39m[31m[91mcenter!important[33m}[39m[31m[91m[33m.align-self-md-basel[39m[22m[1m[31mine[39m[31m[91m[33m{[39m[31m[91m-ms-flex-item-align[33m:[39m[31m[91mbaseline!important[33m;[39m[31m[91malign-self[33m:[39m[31m[91mbaseline!important[33m}[39m[31m[91m[33m.align-self-md-stretch[39m[31m[91m[33m{[39m[31m[91m-ms-flex-item-align[33m:[39m[31m[91mstretch!important[33m;[39m[31m[91malign-self[33m:[39m[31m[91mstretch!important[33m}[39m[31m[91m[33m}[39m[31m[91m[36m@media[39m[31m[91m[36m [39m[31m[91m[36m(min-width:960px)[39m[31m[91m[33m{[39m[31m[91m[33m.flex-lg-row[39m[31m[91m[33m{[39m[31m[91m-ms-flex-direction[33m:[39m[31m[91mrow!important[33m;[39m[31m[91mflex-direction[33m:[39m[31m[91mrow!important[33m}[39m[31m[91m[33m.flex-lg-column[39m[31m[91m[33m{[39m[31m[91m-ms-flex-direction[33m:[39m[31m[91mcolumn!important[33m;[39m[31m[91mflex-direction[33m:[39m[31m[91mcolumn!important[33m}[39m[31m[91m[33m.flex-lg-row-reverse[39m[31m[91m[33m{[39m[31m[91m-ms-flex-direction[33m:[39m[31m[91mrow-reverse!important[33m;[39m[31m[91mflex-direction[33m:[39m[31m[91mrow-reverse!important[33m}[39m[31m[91m[33m.flex-lg-column-reverse[39m[31m[91m[33m{[39m[31m[91m-ms-flex-direction[33m:[39m[31m[91mcolumn-reverse!important[33m;[39m[31m[91mflex-direction[33m:[39m[31m[91mcolumn-reverse!important[33m}[39m[31m[91m[33m.flex-lg-wrap[39m[31m[91m[33m{[39m[31m[91m-ms-flex-wrap[33m:[39m[31m[91mwrap!important[33m;[39m[31m[91mflex-wrap[33m:[39m[31m[91mwrap!important[33m}[39m[31m[91m[33m.flex-lg-nowrap[39m[31m[91m[33m{[39m[31m[91m-ms-flex-wrap[33m:[39m[31m[91mnowrap!important[33m;[39m[31m[91mflex-wrap[33m:[39m[31m[91mnowrap!important[33m}[39m[31m[91m[33m.flex-lg-wrap-reverse[39m[31m[91m[33m{[39m[31m[91m-ms-flex-wrap[33m:[39m[31m[91mwrap-reverse!important[33m;[39m[31m[91mflex-wrap[33m:[39m[31m[91mwrap-reverse!important[33m}[39m[31m[91m[33m.flex-lg-fill[39m[31m[91m[33m{[39m[31m[91m-ms-flex[33m:[39m[31m[91m1 1 auto!important[33m;[39m[31m[91mflex[33m:[39m[31m[91m1 1 auto!important[33m}[39m[31m[91m[33m.flex-lg-grow-0[39m[31m[91m[33m{[39m[31m[91m-ms-flex-positive[33m:[39m[31m[91m0!important[33m;[39m[31m[91mflex-grow[33m:[39m[31m[91m0!important[33m}[39m[31m[91m[33m.flex-lg-gro[39m[22m[1m[31mw-1[39m[31m[91m[33m{[39m[31m[91m-ms-flex-positive[33m:[39m[31m[91m1!important[33m;[39m[31m[91mflex-grow[33m:[39m[31m[91m1!important[33m}[39m[31m[91m[33m.flex-lg-shrink-0[39m[31m[91m[33m{[39m[31m[91m-ms-flex-negative[33m:[39m[31m[91m0!important[33m;[39m[31m[91mflex-shrink[33m:[39m[31m[91m0!important[33m}[39m[31m[91m[33m.flex-lg-shrink-1[39m[31m[91m[33m{[39m[31m[91m-ms-flex-negative[33m:[39m[31m[91m1!important[33m;[39m[31m[91mflex-shrink[33m:[39m[31m[91m1!important[33m}[39m[31m[91m[33m.justify-content-lg-start[39m[31m[91m[33m{[39m[31m[91m-ms-flex-pack[33m:[39m[31m[91mstart!important[33m;[39m[31m[91mjustify-content[33m:[39m[31m[91mflex-start!important[33m}[39m[31m[91m[33m.justify-content-lg-end[39m[31m[91m[33m{[39m[31m[91m-ms-flex-pack[33m:[39m[31m[91mend!important[33m;[39m[31m[91mjustify-content[33m:[39m[31m[91mflex-end!important[33m}[39m[31m[91m[33m.justify-content-lg-center[39m[31m[91m[33m{[39m[31m[91m-ms-flex-pack[33m:[39m[31m[91mcenter!important[33m;[39m[31m[91mjustify-content[33m:[39m[31m[91mcenter!important[33m}[39m[31m[91m[33m.justify-content-lg-between[39m[31m[91m[33m{[39m[31m[91m-ms-flex-pack[33m:[39m[31m[91mjustify!important[33m;[39m[31m[91mjustify-content[33m:[39m[31m[91mspace-between!important[33m}[39m[31m[91m[33m.justify-content-lg-around[39m[31m[91m[33m{[39m[31m[91m-ms-flex-pack[33m:[39m[31m[91mdistribute!important[33m;[39m[31m[91mjustify-content[33m:[39m[31m[91mspace-around!important[33m}[39m[31m[91m[33m.align-items-lg-start[39m[31m[91m[33m{[39m[31m[91m-ms-flex-align[33m:[39m[31m[91mstart!important[33m;[39m[31m[91malign-items[33m:[39m[31m[91mflex-start!important[33m}[39m[31m[91m[33m.align-items-lg-end[39m[31m[91m[33m{[39m[31m[91m-ms-flex-align[33m:[39m[31m[91mend!important[33m;[39m[31m[91malign-items[33m:[39m[31m[91mflex-end!important[33m}[39m[31m[91m[33m.align-items-lg-center[39m[31m[91m[33m{[39m[31m[91m-ms-flex-align[33m:[39m[31m[91mcenter!important[33m;[39m[31m[91malign-items[33m:[39m[31m[91mcenter!important[33m}[39m[31m[91m[33m.align-items-lg-baseline[39m[31m[91m[33m{[39m[31m[91m-ms-flex-align[33m:[39m[31m[91mbaseline[39m[22m[1m[31m!important[33m;[39m[31m[91malign-items[33m:[39m[31m[91mbaseline!important[33m}[39m[31m[91m[33m.align-items-lg-stretch[39m[31m[91m[33m{[39m[31m[91m-ms-flex-align[33m:[39m[31m[91mstretch!important[33m;[39m[31m[91malign-items[33m:[39m[31m[91mstretch!important[33m}[39m[31m[91m[33m.align-content-lg-start[39m[31m[91m[33m{[39m[31m[91m-ms-flex-line-pack[33m:[39m[31m[91mstart!important[33m;[39m[31m[91malign-content[33m:[39m[31m[91mflex-start!important[33m}[39m[31m[91m[33m.align-content-lg-end[39m[31m[91m[33m{[39m[31m[91m-ms-flex-line-pack[33m:[39m[31m[91mend!important[33m;[39m[31m[91malign-content[33m:[39m[31m[91mflex-end!important[33m}[39m[31m[91m[33m.align-content-lg-center[39m[31m[91m[33m{[39m[31m[91m-ms-flex-line-pack[33m:[39m[31m[91mcenter!important[33m;[39m[31m[91malign-content[33m:[39m[31m[91mcenter!important[33m}[39m[31m[91m[33m.align-content-lg-between[39m[31m[91m[33m{[39m[31m[91m-ms-flex-line-pack[33m:[39m[31m[91mjustify!important[33m;[39m[31m[91malign-content[33m:[39m[31m[91mspace-between!important[33m}[39m[31m[91m[33m.align-content-lg-around[39m[31m[91m[33m{[39m[31m[91m-ms-flex-line-pack[33m:[39m[31m[91mdistribute!important[33m;[39m[31m[91malign-content[33m:[39m[31m[91mspace-around!important[33m}[39m[31m[91m[33m.align-content-lg-stretch[39m[31m[91m[33m{[39m[31m[91m-ms-flex-line-pack[33m:[39m[31m[91mstretch!important[33m;[39m[31m[91malign-content[33m:[39m[31m[91mstretch!important[33m}[39m[31m[91m[33m.align-self-lg-auto[39m[31m[91m[33m{[39m[31m[91m-ms-flex-item-align[33m:[39m[31m[91mauto!important[33m;[39m[31m[91malign-self[33m:[39m[31m[91mauto!important[33m}[39m[31m[91m[33m.align-self-lg-start[39m[31m[91m[33m{[39m[31m[91m-ms-flex-item-align[33m:[39m[31m[91mstart!important[33m;[39m[31m[91malign-self[33m:[39m[31m[91mflex-start!important[33m}[39m[31m[91m[33m.align-self-lg-end[39m[31m[91m[33m{[39m[31m[91m-ms-flex-item-align[33m:[39m[31m[91mend!important[33m;[39m[31m[91malign-self[33m:[39m[31m[91mflex-end!important[33m}[39m[31m[91m[33m.align-self-lg-center[39m[31m[91m[33m{[39m[31m[91m-ms-flex-item-align[33m:[39m[31m[91mcenter!importa[39m[22m[1m[31mnt[33m;[39m[31m[91malign-self[33m:[39m[31m[91mcenter!important[33m}[39m[31m[91m[33m.align-self-lg-baseline[39m[31m[91m[33m{[39m[31m[91m-ms-flex-item-align[33m:[39m[31m[91mbaseline!important[33m;[39m[31m[91malign-self[33m:[39m[31m[91mbaseline!important[33m}[39m[31m[91m[33m.align-self-lg-stretch[39m[31m[91m[33m{[39m[31m[91m-ms-flex-item-align[33m:[39m[31m[91mstretch!important[33m;[39m[31m[91malign-self[33m:[39m[31m[91mstretch!important[33m}[39m[31m[91m[33m}[39m[31m[91m[36m@media[39m[31m[91m[36m [39m[31m[91m[36m(min-width:1152px)[39m[31m[91m[33m{[39m[31m[91m[33m.flex-xl-row[39m[31m[91m[33m{[39m[31m[91m-ms-flex-direction[33m:[39m[31m[91mrow!important[33m;[39m[31m[91mflex-direction[33m:[39m[31m[91mrow!important[33m}[39m[31m[91m[33m.flex-xl-column[39m[31m[91m[33m{[39m[31m[91m-ms-flex-direction[33m:[39m[31m[91mcolumn!important[33m;[39m[31m[91mflex-direction[33m:[39m[31m[91mcolumn!important[33m}[39m[31m[91m[33m.flex-xl-row-reverse[39m[31m[91m[33m{[39m[31m[91m-ms-flex-direction[33m:[39m[31m[91mrow-reverse!important[33m;[39m[31m[91mflex-direction[33m:[39m[31m[91mrow-reverse!important[33m}[39m[31m[91m[33m.flex-xl-column-reverse[39m[31m[91m[33m{[39m[31m[91m-ms-flex-direction[33m:[39m[31m[91mcolumn-reverse!important[33m;[39m[31m[91mflex-direction[33m:[39m[31m[91mcolumn-reverse!important[33m}[39m[31m[91m[33m.flex-xl-wrap[39m[31m[91m[33m{[39m[31m[91m-ms-flex-wrap[33m:[39m[31m[91mwrap!important[33m;[39m[31m[91mflex-wrap[33m:[39m[31m[91mwrap!important[33m}[39m[31m[91m[33m.flex-xl-nowrap[39m[31m[91m[33m{[39m[31m[91m-ms-flex-wrap[33m:[39m[31m[91mnowrap!important[33m;[39m[31m[91mflex-wrap[33m:[39m[31m[91mnowrap!important[33m}[39m[31m[91m[33m.flex-xl-wrap-reverse[39m[31m[91m[33m{[39m[31m[91m-ms-flex-wrap[33m:[39m[31m[91mwrap-reverse!important[33m;[39m[31m[91mflex-wrap[33m:[39m[31m[91mwrap-reverse!important[33m}[39m[31m[91m[33m.flex-xl-fill[39m[31m[91m[33m{[39m[31m[91m-ms-flex[33m:[39m[31m[91m1 1 auto!important[33m;[39m[31m[91mflex[33m:[39m[31m[91m1 1 auto!important[33m}[39m[31m[91m[33m.flex-xl-grow-0[39m[31m[91m[33m{[39m[31m[91m-ms-flex-positive[33m:[39[39m[22m[1m[31mm[91m0!important[33m;[39m[31m[91mflex-grow[33m:[39m[31m[91m0!important[33m}[39m[31m[91m[33m.flex-xl-grow-1[39m[31m[91m[33m{[39m[31m[91m-ms-flex-positive[33m:[39m[31m[91m1!important[33m;[39m[31m[91mflex-grow[33m:[39m[31m[91m1!important[33m}[39m[31m[91m[33m.flex-xl-shrink-0[39m[31m[91m[33m{[39m[31m[91m-ms-flex-negative[33m:[39m[31m[91m0!important[33m;[39m[31m[91mflex-shrink[33m:[39m[31m[91m0!important[33m}[39m[31m[91m[33m.flex-xl-shrink-1[39m[31m[91m[33m{[39m[31m[91m-ms-flex-negative[33m:[39m[31m[91m1!important[33m;[39m[31m[91mflex-shrink[33m:[39m[31m[91m1!important[33m}[39m[31m[91m[33m.justify-content-xl-start[39m[31m[91m[33m{[39m[31m[91m-ms-flex-pack[33m:[39m[31m[91mstart!important[33m;[39m[31m[91mjustify-content[33m:[39m[31m[91mflex-start!important[33m}[39m[31m[91m[33m.justify-content-xl-end[39m[31m[91m[33m{[39m[31m[91m-ms-flex-pack[33m:[39m[31m[91mend!important[33m;[39m[31m[91mjustify-content[33m:[39m[31m[91mflex-end!important[33m}[39m[31m[91m[33m.justify-content-xl-center[39m[31m[91m[33m{[39m[31m[91m-ms-flex-pack[33m:[39m[31m[91mcenter!important[33m;[39m[31m[91mjustify-content[33m:[39m[31m[91mcenter!important[33m}[39m[31m[91m[33m.justify-content-xl-between[39m[31m[91m[33m{[39m[31m[91m-ms-flex-pack[33m:[39m[31m[91mjustify!important[33m;[39m[31m[91mjustify-content[33m:[39m[31m[91mspace-between!important[33m}[39m[31m[91m[33m.justify-content-xl-around[39m[31m[91m[33m{[39m[31m[91m-ms-flex-pack[33m:[39m[31m[91mdistribute!important[33m;[39m[31m[91mjustify-content[33m:[39m[31m[91mspace-around!important[33m}[39m[31m[91m[33m.align-items-xl-start[39m[31m[91m[33m{[39m[31m[91m-ms-flex-align[33m:[39m[31m[91mstart!important[33m;[39m[31m[91malign-items[33m:[39m[31m[91mflex-start!important[33m}[39m[31m[91m[33m.align-items-xl-end[39m[31m[91m[33m{[39m[31m[91m-ms-flex-align[33m:[39m[31m[91mend!important[33m;[39m[31m[91malign-items[33m:[39m[31m[91mflex-end!important[33m}[39m[31m[91m[33m.align-items-xl-center[39m[31m[91m[33m{[39m[31m[91m-ms-flex-align[33m:[39m[31m[91mcenter!important[33m;[39m[31m[91malign-items[33m:[39m[31m[91mcenter!important[33m}[39m[22m[1m[31m[39m[91m[33m.align-items-xl-baseline[39m[31m[91m[33m{[39m[31m[91m-ms-flex-align[33m:[39m[31m[91mbaseline!important[33m;[39m[31m[91malign-items[33m:[39m[31m[91mbaseline!important[33m}[39m[31m[91m[33m.align-items-xl-stretch[39m[31m[91m[33m{[39m[31m[91m-ms-flex-align[33m:[39m[31m[91mstretch!important[33m;[39m[31m[91malign-items[33m:[39m[31m[91mstretch!important[33m}[39m[31m[91m[33m.align-content-xl-start[39m[31m[91m[33m{[39m[31m[91m-ms-flex-line-pack[33m:[39m[31m[91mstart!important[33m;[39m[31m[91malign-content[33m:[39m[31m[91mflex-start!important[33m}[39m[31m[91m[33m.align-content-xl-end[39m[31m[91m[33m{[39m[31m[91m-ms-flex-line-pack[33m:[39m[31m[91mend!important[33m;[39m[31m[91malign-content[33m:[39m[31m[91mflex-end!important[33m}[39m[31m[91m[33m.align-content-xl-center[39m[31m[91m[33m{[39m[31m[91m-ms-flex-line-pack[33m:[39m[31m[91mcenter!important[33m;[39m[31m[91malign-content[33m:[39m[31m[91mcenter!important[33m}[39m[31m[91m[33m.align-content-xl-between[39m[31m[91m[33m{[39m[31m[91m-ms-flex-line-pack[33m:[39m[31m[91mjustify!important[33m;[39m[31m[91malign-content[33m:[39m[31m[91mspace-between!important[33m}[39m[31m[91m[33m.align-content-xl-around[39m[31m[91m[33m{[39m[31m[91m-ms-flex-line-pack[33m:[39m[31m[91mdistribute!important[33m;[39m[31m[91malign-content[33m:[39m[31m[91mspace-around!important[33m}[39m[31m[91m[33m.align-content-xl-stretch[39m[31m[91m[33m{[39m[31m[91m-ms-flex-line-pack[33m:[39m[31m[91mstretch!important[33m;[39m[31m[91malign-content[33m:[39m[31m[91mstretch!important[33m}[39m[31m[91m[33m.align-self-xl-auto[39m[31m[91m[33m{[39m[31m[91m-ms-flex-item-align[33m:[39m[31m[91mauto!important[33m;[39m[31m[91malign-self[33m:[39m[31m[91mauto!important[33m}[39m[31m[91m[33m.align-self-xl-start[39m[31m[91m[33m{[39m[31m[91m-ms-flex-item-align[33m:[39m[31m[91mstart!important[33m;[39m[31m[91malign-self[33m:[39m[31m[91mflex-start!important[33m}[39m[31m[91m[33m.align-self-xl-end[39m[31m[91m[33m{[39m[31m[91m-ms-flex-item-align[33m:[39m[31m[91mend!important[33m;[39m[31m[91malign-self[33m:[39m[31m[91mflex-end!important[33m}[39m[31m[91[39m[22m[1m[31mm[33m.align-self-xl-center[39m[31m[91m[33m{[39m[31m[91m-ms-flex-item-align[33m:[39m[31m[91mcenter!important[33m;[39m[31m[91malign-self[33m:[39m[31m[91mcenter!important[33m}[39m[31m[91m[33m.align-self-xl-baseline[39m[31m[91m[33m{[39m[31m[91m-ms-flex-item-align[33m:[39m[31m[91mbaseline!important[33m;[39m[31m[91malign-self[33m:[39m[31m[91mbaseline!important[33m}[39m[31m[91m[33m.align-self-xl-stretch[39m[31m[91m[33m{[39m[31m[91m-ms-flex-item-align[33m:[39m[31m[91mstretch!important[33m;[39m[31m[91malign-self[33m:[39m[31m[91mstretch!important[33m}[39m[31m[91m[33m}[39m[31m[91m[33m.float-left[39m[31m[91m[33m{[39m[31m[91mfloat[33m:[39m[31m[91mleft!important[33m}[39m[31m[91m[33m.float-right[39m[31m[91m[33m{[39m[31m[91mfloat[33m:[39m[31m[91mright!important[33m}[39m[31m[91m[33m.float-none[39m[31m[91m[33m{[39m[31m[91mfloat[33m:[39m[31m[91mnone!important[33m}[39m[31m[91m[36m@media[39m[31m[91m[36m [39m[31m[91m[36m(min-width:576px)[39m[31m[91m[33m{[39m[31m[91m[33m.float-sm-left[39m[31m[91m[33m{[39m[31m[91mfloat[33m:[39m[31m[91mleft!important[33m}[39m[31m[91m[33m.float-sm-right[39m[31m[91m[33m{[39m[31m[91mfloat[33m:[39m[31m[91mright!important[33m}[39m[31m[91m[33m.float-sm-none[39m[31m[91m[33m{[39m[31m[91mfloat[33m:[39m[31m[91mnone!important[33m}[39m[31m[91m[33m}[39m[31m[91m[36m@media[39m[31m[91m[36m [39m[31m[91m[36m(min-width:768px)[39m[31m[91m[33m{[39m[31m[91m[33m.float-md-left[39m[31m[91m[33m{[39m[31m[91mfloat[33m:[39m[31m[91mleft!important[33m}[39m[31m[91m[33m.float-md-right[39m[31m[91m[33m{[39m[31m[91mfloat[33m:[39m[31m[91mright!important[33m}[39m[31m[91m[33m.float-md-none[39m[31m[91m[33m{[39m[31m[91mfloat[33m:[39m[31m[91mnone!important[33m}[39m[31m[91m[33m}[39m[31m[91m[36m@media[39m[31m[91m[36m [39m[31m[91m[36m(min-width:960px)[39m[31m[91m[33m{[39m[31m[91m[33m.float-lg-left[39m[31m[91m[33m{[39m[31m[91mfloat[33m:[39m[31m[91mleft!important[33m}[39m[31m[91m[33m.float-lg-right[39m[31m[91m[33m{[39m[31m[91mfloat[33m:[39m[31m[91mright!important[33m}[39m[31m[91m[33m.float-lg-none[39m[31m[91m[33m{[39m[31m[91mfloat[33m:[39m[31m[91mnone!important[33m}[39m[31m[91m[33m[39m[22m[1m[31m}[39m[31m[91m[36m@media[39m[31m[91m[36m [39m[31m[91m[36m(min-width:1152px)[39m[31m[91m[33m{[39m[31m[91m[33m.float-xl-left[39m[31m[91m[33m{[39m[31m[91mfloat[33m:[39m[31m[91mleft!important[33m}[39m[31m[91m[33m.float-xl-right[39m[31m[91m[33m{[39m[31m[91mfloat[33m:[39m[31m[91mright!important[33m}[39m[31m[91m[33m.float-xl-none[39m[31m[91m[33m{[39m[31m[91mfloat[33m:[39m[31m[91mnone!important[33m}[39m[31m[91m[33m}[39m[31m[91m[33m.overflow-auto[39m[31m[91m[33m{[39m[31m[91moverflow[33m:[39m[31m[91mauto!important[33m}[39m[31m[91m[33m.overflow-hidden[39m[31m[91m[33m{[39m[31m[91moverflow[33m:[39m[31m[91mhidden!important[33m}[39m[31m[91m[33m.position-static[39m[31m[91m[33m{[39m[31m[91mposition[33m:[39m[31m[91mstatic!important[33m}[39m[31m[91m[33m.position-relative[39m[31m[91m[33m{[39m[31m[91mposition[33m:[39m[31m[91mrelative!important[33m}[39m[31m[91m[33m.position-absolute[39m[31m[91m[33m{[39m[31m[91mposition[33m:[39m[31m[91mabsolute!important[33m}[39m[31m[91m[33m.position-fixed[39m[31m[91m[33m{[39m[31m[91mposition[33m:[39m[31m[91mfixed!important[33m}[39m[31m[91m[33m.position-sticky[39m[31m[91m[33m{[39m[31m[91mposition[33m:[39m[31m[91m-webkit-sticky!important[33m;[39m[31m[91mposition[33m:[39m[31m[91msticky!important[33m}[39m[31m[91m[33m.fixed-top[39m[31m[91m[33m{[39m[31m[91mposition[33m:[39m[31m[91mfixed[33m;[39m[31m[91mtop[33m:[39m[31m[91m0[33m;[39m[31m[91mright[33m:[39m[31m[91m0[33m;[39m[31m[91mleft[33m:[39m[31m[91m0[33m;[39m[31m[91mz-index[33m:[39m[31m[91m1030[33m}[39m[31m[91m[33m.fixed-bottom[39m[31m[91m[33m{[39m[31m[91mposition[33m:[39m[31m[91mfixed[33m;[39m[31m[91mright[33m:[39m[31m[91m0[33m;[39m[31m[91mbottom[33m:[39m[31m[91m0[33m;[39m[31m[91mleft[33m:[39m[31m[91m0[33m;[39m[31m[91mz-index[33m:[39m[31m[91m1030[33m}[39m[31m[91m[36m@supports[39m[31m[91m[36m [39m[31m[91m[36m([39m[31m[91m[36m(position:-webkit-sticky)[39m[31m[91m or[36m [39m[31m[91m[36m(position:sticky)[39m[31m[91m[36m)[39m[31m[91m[33m{[39m[31m[91m[33m.sticky-top[39m[31m[91m[33m{[39m[31m[91mposition[33m:[39m[31m[91m-webkit-sticky[33m;[39m[31m[91mposition[33m:[39m[31m[91msticky[33m;[39m[31m[91mtop[39m[22m[1m[31m[33m:[39m[31m[91m0[33m;[39m[31m[91mz-index[33m:[39m[31m[91m1020[33m}[39m[31m[91m[33m}[39m[31m[91m[33m.sr-only[39m[31m[91m[33m{[39m[31m[91mposition[33m:[39m[31m[91mabsolute[33m;[39m[31m[91mwidth[33m:[39m[31m[91m1px[33m;[39m[31m[91mheight[33m:[39m[31m[91m1px[33m;[39m[31m[91mpadding[33m:[39m[31m[91m0[33m;[39m[31m[91mmargin[33m:[39m[31m[91m-1px[33m;[39m[31m[91moverflow[33m:[39m[31m[91mhidden[33m;[39m[31m[91mclip[33m:[39m[31m[91m[36mrect[39m[31m[91m[36m(0,0,0,0)[39m[31m[91m[33m;[39m[31m[91mwhite-space[33m:[39m[31m[91mnowrap[33m;[39m[31m[91mborder[33m:[39m[31m[91m0[33m}[39m[31m[91m[33m.sr-only-focusable[39m[31m[91m[33m:[39m[31m[91mactive,.sr-only-focusable[33m:[39m[31m[91mfocus[33m{[39m[31m[91mposition[33m:[39m[31m[91mstatic[33m;[39m[31m[91mwidth[33m:[39m[31m[91mauto[33m;[39m[31m[91mheight[33m:[39m[31m[91mauto[33m;[39m[31m[91moverflow[33m:[39m[31m[91mvisible[33m;[39m[31m[91mclip[33m:[39m[31m[91mauto[33m;[39m[31m[91mwhite-space[33m:[39m[31m[91mnormal[33m}[39m[31m[91m[33m.shadow-none[39m[31m[91m[33m{[39m[31m[91mbox-shadow[33m:[39m[31m[91mnone!important[33m}[39m[31m[91m[33m.w-25[39m[31m[91m[33m{[39m[31m[91mwidth[33m:[39m[31m[91m100%!important[33m}[39m[31m[91m[33m.w-50[39m[31m[91m[33m{[39m[31m[91mwidth[33m:[39m[31m[91m100%!important[33m}[39m[31m[91m[33m.w-75[39m[31m[91m[33m{[39m[31m[91mwidth[33m:[39m[31m[91m100%!important[33m}[39m[31m[91m[33m.w-100[39m[31m[91m[33m{[39m[31m[91mwidth[33m:[39m[31m[91m100%!important[33m}[39m[31m[91m[33m.w-auto[39m[31m[91m[33m{[39m[31m[91mwidth[33m:[39m[31m[91mauto!important[33m}[39m[31m[91m[33m.h-25[39m[31m[91m[33m{[39m[31m[91mheight[33m:[39m[31m[91m100%!important[33m}[39m[31m[91m[33m.h-50[39m[31m[91m[33m{[39m[31m[91mheight[33m:[39m[31m[91m100%!important[33m}[39m[31m[91m[33m.h-75[39m[31m[91m[33m{[39m[31m[91mheight[33m:[39m[31m[91m100%!important[33m}[39m[31m[91m[33m.h-100[39m[31m[91m[33m{[39m[31m[91mheight[33m:[39m[31m[91m100%!important[33m}[39m[31m[91m[33m.h-auto[39m[31m[91m[33m{[39m[31m[91mheight[33m:[39m[31m[91mauto!important[33m}[39m[31m[91m[33m.mw-100[39m[31m[91m[33m{[39m[31m[91mmax-width[33m:[39m[31m[91m100%!important[33m}[39m[31m[39m[22m[1m[31m[91m[33m.mh-100[39m[31m[91m[33m{[39m[31m[91mmax-height[33m:[39m[31m[91m100%!important[33m}[39m[31m[91m[33m.min-vw-100[39m[31m[91m[33m{[39m[31m[91mmin-width[33m:[39m[31m[91m100vw!important[33m}[39m[31m[91m[33m.min-vh-100[39m[31m[91m[33m{[39m[31m[91mmin-height[33m:[39m[31m[91m100vh!important[33m}[39m[31m[91m[33m.vw-100[39m[31m[91m[33m{[39m[31m[91mwidth[33m:[39m[31m[91m100vw!important[33m}[39m[31m[91m[33m.vh-100[39m[31m[91m[33m{[39m[31m[91mheight[33m:[39m[31m[91m100vh!important[33m}[39m[31m[91m[33m.stretched-link[39m[31m[91m[33m:[39m[31m[91m[33m:[39m[31m[91mafter[33m{[39m[31m[91mposition[33m:[39m[31m[91mabsolute[33m;[39m[31m[91mtop[33m:[39m[31m[91m0[33m;[39m[31m[91mright[33m:[39m[31m[91m0[33m;[39m[31m[91mbottom[33m:[39m[31m[91m0[33m;[39m[31m[91mleft[33m:[39m[31m[91m0[33m;[39m[31m[91mz-index[33m:[39m[31m[91m1[33m;[39m[31m[91mpointer-events[33m:[39m[31m[91mauto[33m;[39m[31m[91mcontent[33m:[39m[31m[91m[32m""[39m[31m[91m[33m;[39m[31m[91mbackground-color[33m:[39m[31m[91m[36mrgba[39m[31m[91m[36m(0,0,0,0)[39m[31m[91m[33m}[39m[31m[91m[33m.m-0[39m[31m[91m[33m{[39m[31m[91mmargin[33m:[39m[31m[91m0 0!important[33m}[39m[31m[91m[33m.mt-0,.my-0[39m[31m[91m[33m{[39m[31m[91mmargin-top[33m:[39m[31m[91m0!important[33m}[39m[31m[91m[33m.mr-0,.mx-0[39m[31m[91m[33m{[39m[31m[91mmargin-right[33m:[39m[31m[91m0!important[33m}[39m[31m[91m[33m.mb-0,.my-0[39m[31m[91m[33m{[39m[31m[91mmargin-bottom[33m:[39m[31m[91m0!important[33m}[39m[31m[91m[33m.ml-0,.mx-0[39m[31m[91m[33m{[39m[31m[91mmargin-left[33m:[39m[31m[91m0!important[33m}[39m[31m[91m[33m.m-1[39m[31m[91m[33m{[39m[31m[91mmargin[33m:[39m[31m[91m0 0!important[33m}[39m[31m[91m[33m.mt-1,.my-1[39m[31m[91m[33m{[39m[31m[91mmargin-top[33m:[39m[31m[91m0!important[33m}[39m[31m[91m[33m.mr-1,.mx-1[39m[31m[91m[33m{[39m[31m[91mmargin-right[33m:[39m[31m[91m0!important[33m}[39m[31m[91m[33m.mb-1,.my-1[39m[31m[91m[33m{[39m[31m[91mmargin-bottom[33m:[39m[31m[91m0!important[33m}[39m[31m[91m[33m.ml-1,.mx-1[39m[31m[91m[33m{[39m[31m[91mmargin-left[33m:[39m[31m[91m0!important[33m}[39m[31m[91m[33m.m-2[39m[31m[91m[33m{[39m[31m[91mmargin[33m:[39m[31m[91m14px [39m[22m[1m[31m8px!important[33m}[39m[31m[91m[33m.mt-2,.my-2[39m[31m[91m[33m{[39m[31m[91mmargin-top[33m:[39m[31m[91m14px!important[33m}[39m[31m[91m[33m.mr-2,.mx-2[39m[31m[91m[33m{[39m[31m[91mmargin-right[33m:[39m[31m[91m8px!important[33m}[39m[31m[91m[33m.mb-2,.my-2[39m[31m[91m[33m{[39m[31m[91mmargin-bottom[33m:[39m[31m[91m14px!important[33m}[39m[31m[91m[33m.ml-2,.mx-2[39m[31m[91m[33m{[39m[31m[91mmargin-left[33m:[39m[31m[91m8px!important[33m}[39m[31m[91m[33m.m-3[39m[31m[91m[33m{[39m[31m[91mmargin[33m:[39m[31m[91m14px 8px!important[33m}[39m[31m[91m[33m.mt-3,.my-3[39m[31m[91m[33m{[39m[31m[91mmargin-top[33m:[39m[31m[91m14px!important[33m}[39m[31m[91m[33m.mr-3,.mx-3[39m[31m[91m[33m{[39m[31m[91mmargin-right[33m:[39m[31m[91m8px!important[33m}[39m[31m[91m[33m.mb-3,.my-3[39m[31m[91m[33m{[39m[31m[91mmargin-bottom[33m:[39m[31m[91m14px!important[33m}[39m[31m[91m[33m.ml-3,.mx-3[39m[31m[91m[33m{[39m[31m[91mmargin-left[33m:[39m[31m[91m8px!important[33m}[39m[31m[91m[33m.m-4[39m[31m[91m[33m{[39m[31m[91mmargin[33m:[39m[31m[91m28px 16px!important[33m}[39m[31m[91m[33m.mt-4,.my-4[39m[31m[91m[33m{[39m[31m[91mmargin-top[33m:[39m[31m[91m28px!important[33m}[39m[31m[91m[33m.mr-4,.mx-4[39m[31m[91m[33m{[39m[31m[91mmargin-right[33m:[39m[31m[91m16px!important[33m}[39m[31m[91m[33m.mb-4,.my-4[39m[31m[91m[33m{[39m[31m[91mmargin-bottom[33m:[39m[31m[91m28px!important[33m}[39m[31m[91m[33m.ml-4,.mx-4[39m[31m[91m[33m{[39m[31m[91mmargin-left[33m:[39m[31m[91m16px!important[33m}[39m[31m[91m[33m.m-5[39m[31m[91m[33m{[39m[31m[91mmargin[33m:[39m[31m[91m28px 16px!important[33m}[39m[31m[91m[33m.mt-5,.my-5[39m[31m[91m[33m{[39m[31m[91mmargin-top[33m:[39m[31m[91m28px!important[33m}[39m[31m[91m[33m.mr-5,.mx-5[39m[31m[91m[33m{[39m[31m[91mmargin-right[33m:[39m[31m[91m16px!important[33m}[39m[31m[91m[33m.mb-5,.my-5[39m[31m[91m[33m{[39m[31m[91mmargin-bottom[33m:[39m[31m[91m28px!important[33m}[39m[31m[91m[33m.ml-5,.mx-5[39m[31m[91m[33m{[39m[31m[91mmargin-left[33m:[39m[31m[91m16px!important[33m}[39m[31m[91m[33m.m-6[39m[31m[91m[33m{[39m[31m[91mmargin[33m:[39m[31m[91m42px 24px!important[33m}[39m[31m[91m[33m.mt-6,.my-6[39m[22m[1m[31m[39m[31m[91m[33m{[39m[31m[91mmargin-top[33m:[39m[31m[91m42px!important[33m}[39m[31m[91m[33m.mr-6,.mx-6[39m[31m[91m[33m{[39m[31m[91mmargin-right[33m:[39m[31m[91m24px!important[33m}[39m[31m[91m[33m.mb-6,.my-6[39m[31m[91m[33m{[39m[31m[91mmargin-bottom[33m:[39m[31m[91m42px!important[33m}[39m[31m[91m[33m.ml-6,.mx-6[39m[31m[91m[33m{[39m[31m[91mmargin-left[33m:[39m[31m[91m24px!important[33m}[39m[31m[91m[33m.p-0[39m[31m[91m[33m{[39m[31m[91mpadding[33m:[39m[31m[91m0 0!important[33m}[39m[31m[91m[33m.pt-0,.py-0[39m[31m[91m[33m{[39m[31m[91mpadding-top[33m:[39m[31m[91m0!important[33m}[39m[31m[91m[33m.pr-0,.px-0[39m[31m[91m[33m{[39m[31m[91mpadding-right[33m:[39m[31m[91m0!important[33m}[39m[31m[91m[33m.pb-0,.py-0[39m[31m[91m[33m{[39m[31m[91mpadding-bottom[33m:[39m[31m[91m0!important[33m}[39m[31m[91m[33m.pl-0,.px-0[39m[31m[91m[33m{[39m[31m[91mpadding-left[33m:[39m[31m[91m0!important[33m}[39m[31m[91m[33m.p-1[39m[31m[91m[33m{[39m[31m[91mpadding[33m:[39m[31m[91m0 0!important[33m}[39m[31m[91m[33m.pt-1,.py-1[39m[31m[91m[33m{[39m[31m[91mpadding-top[33m:[39m[31m[91m0!important[33m}[39m[31m[91m[33m.pr-1,.px-1[39m[31m[91m[33m{[39m[31m[91mpadding-right[33m:[39m[31m[91m0!important[33m}[39m[31m[91m[33m.pb-1,.py-1[39m[31m[91m[33m{[39m[31m[91mpadding-bottom[33m:[39m[31m[91m0!important[33m}[39m[31m[91m[33m.pl-1,.px-1[39m[31m[91m[33m{[39m[31m[91mpadding-left[33m:[39m[31m[91m0!important[33m}[39m[31m[91m[33m.p-2[39m[31m[91m[33m{[39m[31m[91mpadding[33m:[39m[31m[91m14px 8px!important[33m}[39m[31m[91m[33m.pt-2,.py-2[39m[31m[91m[33m{[39m[31m[91mpadding-top[33m:[39m[31m[91m14px!important[33m}[39m[31m[91m[33m.pr-2,.px-2[39m[31m[91m[33m{[39m[31m[91mpadding-right[33m:[39m[31m[91m8px!important[33m}[39m[31m[91m[33m.pb-2,.py-2[39m[31m[91m[33m{[39m[31m[91mpadding-bottom[33m:[39m[31m[91m14px!important[33m}[39m[31m[91m[33m.pl-2,.px-2[39m[31m[91m[33m{[39m[31m[91mpadding-left[33m:[39m[31m[91m8px!important[33m}[39m[31m[91m[33m.p-3[39m[31m[91m[33m{[39m[31m[91mpadding[33m:[39m[31m[91m14px 8px!important[33m}[39m[31m[91m[33m.pt-3,.py-3[39m[31m[91m[33m{[39m[31m[91mpadding-top[33m:[39m[31m[91m14px!import[39m[22m[1m[31mant[33m}[39m[31m[91m[33m.pr-3,.px-3[39m[31m[91m[33m{[39m[31m[91mpadding-right[33m:[39m[31m[91m8px!important[33m}[39m[31m[91m[33m.pb-3,.py-3[39m[31m[91m[33m{[39m[31m[91mpadding-bottom[33m:[39m[31m[91m14px!important[33m}[39m[31m[91m[33m.pl-3,.px-3[39m[31m[91m[33m{[39m[31m[91mpadding-left[33m:[39m[31m[91m8px!important[33m}[39m[31m[91m[33m.p-4[39m[31m[91m[33m{[39m[31m[91mpadding[33m:[39m[31m[91m28px 16px!important[33m}[39m[31m[91m[33m.pt-4,.py-4[39m[31m[91m[33m{[39m[31m[91mpadding-top[33m:[39m[31m[91m28px!important[33m}[39m[31m[91m[33m.pr-4,.px-4[39m[31m[91m[33m{[39m[31m[91mpadding-right[33m:[39m[31m[91m16px!important[33m}[39m[31m[91m[33m.pb-4,.py-4[39m[31m[91m[33m{[39m[31m[91mpadding-bottom[33m:[39m[31m[91m28px!important[33m}[39m[31m[91m[33m.pl-4,.px-4[39m[31m[91m[33m{[39m[31m[91mpadding-left[33m:[39m[31m[91m16px!important[33m}[39m[31m[91m[33m.p-5[39m[31m[91m[33m{[39m[31m[91mpadding[33m:[39m[31m[91m28px 16px!important[33m}[39m[31m[91m[33m.pt-5,.py-5[39m[31m[91m[33m{[39m[31m[91mpadding-top[33m:[39m[31m[91m28px!important[33m}[39m[31m[91m[33m.pr-5,.px-5[39m[31m[91m[33m{[39m[31m[91mpadding-right[33m:[39m[31m[91m16px!important[33m}[39m[31m[91m[33m.pb-5,.py-5[39m[31m[91m[33m{[39m[31m[91mpadding-bottom[33m:[39m[31m[91m28px!important[33m}[39m[31m[91m[33m.pl-5,.px-5[39m[31m[91m[33m{[39m[31m[91mpadding-left[33m:[39m[31m[91m16px!important[33m}[39m[31m[91m[33m.p-6[39m[31m[91m[33m{[39m[31m[91mpadding[33m:[39m[31m[91m42px 24px!important[33m}[39m[31m[91m[33m.pt-6,.py-6[39m[31m[91m[33m{[39m[31m[91mpadding-top[33m:[39m[31m[91m42px!important[33m}[39m[31m[91m[33m.pr-6,.px-6[39m[31m[91m[33m{[39m[31m[91mpadding-right[33m:[39m[31m[91m24px!important[33m}[39m[31m[91m[33m.pb-6,.py-6[39m[31m[91m[33m{[39m[31m[91mpadding-bottom[33m:[39m[31m[91m42px!important[33m}[39m[31m[91m[33m.pl-6,.px-6[39m[31m[91m[33m{[39m[31m[91mpadding-left[33m:[39m[31m[91m24px!important[33m}[39m[31m[91m[33m.m-n1[39m[31m[91m[33m{[39m[31m[91mmargin[33m:[39m[31m[91m0!important[33m}[39m[31m[91m[33m.mt-n1,.my-n1[39m[31m[91m[33m{[39m[31m[91mmargin-top[33m:[39m[31m[91m0!important[33m}[39m[31m[91m[33m.mr-n1,.[39m[22m[1m[31mmx-n1[39m[31m[91m[33m{[39m[31m[91mmargin-right[33m:[39m[31m[91m0!important[33m}[39m[31m[91m[33m.mb-n1,.my-n1[39m[31m[91m[33m{[39m[31m[91mmargin-bottom[33m:[39m[31m[91m0!important[33m}[39m[31m[91m[33m.ml-n1,.mx-n1[39m[31m[91m[33m{[39m[31m[91mmargin-left[33m:[39m[31m[91m0!important[33m}[39m[31m[91m[33m.m-n2[39m[31m[91m[33m{[39m[31m[91mmargin[33m:[39m[31m[91m-22px!important[33m}[39m[31m[91m[33m.mt-n2,.my-n2[39m[31m[91m[33m{[39m[31m[91mmargin-top[33m:[39m[31m[91m-14px!important[33m}[39m[31m[91m[33m.mr-n2,.mx-n2[39m[31m[91m[33m{[39m[31m[91mmargin-right[33m:[39m[31m[91m-8px!important[33m}[39m[31m[91m[33m.mb-n2,.my-n2[39m[31m[91m[33m{[39m[31m[91mmargin-bottom[33m:[39m[31m[91m-14px!important[33m}[39m[31m[91m[33m.ml-n2,.mx-n2[39m[31m[91m[33m{[39m[31m[91mmargin-left[33m:[39m[31m[91m-8px!important[33m}[39m[31m[91m[33m.m-n3[39m[31m[91m[33m{[39m[31m[91mmargin[33m:[39m[31m[91m-22px!important[33m}[39m[31m[91m[33m.mt-n3,.my-n3[39m[31m[91m[33m{[39m[31m[91mmargin-top[33m:[39m[31m[91m-14px!important[33m}[39m[31m[91m[33m.mr-n3,.mx-n3[39m[31m[91m[33m{[39m[31m[91mmargin-right[33m:[39m[31m[91m-8px!important[33m}[39m[31m[91m[33m.mb-n3,.my-n3[39m[31m[91m[33m{[39m[31m[91mmargin-bottom[33m:[39m[31m[91m-14px!important[33m}[39m[31m[91m[33m.ml-n3,.mx-n3[39m[31m[91m[33m{[39m[31m[91mmargin-left[33m:[39m[31m[91m-8px!important[33m}[39m[31m[91m[33m.m-n4[39m[31m[91m[33m{[39m[31m[91mmargin[33m:[39m[31m[91m-44px!important[33m}[39m[31m[91m[33m.mt-n4,.my-n4[39m[31m[91m[33m{[39m[31m[91mmargin-top[33m:[39m[31m[91m-28px!important[33m}[39m[31m[91m[33m.mr-n4,.mx-n4[39m[31m[91m[33m{[39m[31m[91mmargin-right[33m:[39m[31m[91m-16px!important[33m}[39m[31m[91m[33m.mb-n4,.my-n4[39m[31m[91m[33m{[39m[31m[91mmargin-bottom[33m:[39m[31m[91m-28px!important[33m}[39m[31m[91m[33m.ml-n4,.mx-n4[39m[31m[91m[33m{[39m[31m[91mmargin-left[33m:[39m[31m[91m-16px!important[33m}[39m[31m[91m[33m.m-n5[39m[31m[91m[33m{[39m[31m[91mmargin[33m:[39m[31m[91m-44px!important[33m}[39m[31m[91m[33m.mt-n5,.my-n5[39m[31m[91m[33m{[39m[31m[91mmargin-top[33m:[39m[31m[91m-28px!important[33m}[39m[31m[91m[33m.mr-n5,.mx-n5[39m[31m[91m[33m[39m[22m[1m[31m{[39m[31m[91mmargin-right[33m:[39m[31m[91m-16px!important[33m}[39m[31m[91m[33m.mb-n5,.my-n5[39m[31m[91m[33m{[39m[31m[91mmargin-bottom[33m:[39m[31m[91m-28px!important[33m}[39m[31m[91m[33m.ml-n5,.mx-n5[39m[31m[91m[33m{[39m[31m[91mmargin-left[33m:[39m[31m[91m-16px!important[33m}[39m[31m[91m[33m.m-n6[39m[31m[91m[33m{[39m[31m[91mmargin[33m:[39m[31m[91m-66px!important[33m}[39m[31m[91m[33m.mt-n6,.my-n6[39m[31m[91m[33m{[39m[31m[91mmargin-top[33m:[39m[31m[91m-42px!important[33m}[39m[31m[91m[33m.mr-n6,.mx-n6[39m[31m[91m[33m{[39m[31m[91mmargin-right[33m:[39m[31m[91m-24px!important[33m}[39m[31m[91m[33m.mb-n6,.my-n6[39m[31m[91m[33m{[39m[31m[91mmargin-bottom[33m:[39m[31m[91m-42px!important[33m}[39m[31m[91m[33m.ml-n6,.mx-n6[39m[31m[91m[33m{[39m[31m[91mmargin-left[33m:[39m[31m[91m-24px!important[33m}[39m[31m[91m[33m.m-auto[39m[31m[91m[33m{[39m[31m[91mmargin[33m:[39m[31m[91mauto!important[33m}[39m[31m[91m[33m.mt-auto,.my-auto[39m[31m[91m[33m{[39m[31m[91mmargin-top[33m:[39m[31m[91mauto!important[33m}[39m[31m[91m[33m.mr-auto,.mx-auto[39m[31m[91m[33m{[39m[31m[91mmargin-right[33m:[39m[31m[91mauto!important[33m}[39m[31m[91m[33m.mb-auto,.my-auto[39m[31m[91m[33m{[39m[31m[91mmargin-bottom[33m:[39m[31m[91mauto!important[33m}[39m[31m[91m[33m.ml-auto,.mx-auto[39m[31m[91m[33m{[39m[31m[91mmargin-left[33m:[39m[31m[91mauto!important[33m}[39m[31m[91m[36m@media[39m[31m[91m[36m [39m[31m[91m[36m(min-width:576px)[39m[31m[91m[33m{[39m[31m[91m[33m.m-sm-0[39m[31m[91m[33m{[39m[31m[91mmargin[33m:[39m[31m[91m0 0!important[33m}[39m[31m[91m[33m.mt-sm-0,.my-sm-0[39m[31m[91m[33m{[39m[31m[91mmargin-top[33m:[39m[31m[91m0!important[33m}[39m[31m[91m[33m.mr-sm-0,.mx-sm-0[39m[31m[91m[33m{[39m[31m[91mmargin-right[33m:[39m[31m[91m0!important[33m}[39m[31m[91m[33m.mb-sm-0,.my-sm-0[39m[31m[91m[33m{[39m[31m[91mmargin-bottom[33m:[39m[31m[91m0!important[33m}[39m[31m[91m[33m.ml-sm-0,.mx-sm-0[39m[31m[91m[33m{[39m[31m[91mmargin-left[33m:[39m[31m[91m0!important[33m}[39m[31m[91m[33m.m-sm-1[39m[31m[91m[33m{[39m[31m[91mmargin[33m:[39m[31m[91m0 0!important[33m}[39m[31m[91m[33m.mt-sm-1,.my-sm-1[39m[31m[91m[33m{[[39m[22m[1m[31m39m[91mmargin-top[33m:[39m[31m[91m0!important[33m}[39m[31m[91m[33m.mr-sm-1,.mx-sm-1[39m[31m[91m[33m{[39m[31m[91mmargin-right[33m:[39m[31m[91m0!important[33m}[39m[31m[91m[33m.mb-sm-1,.my-sm-1[39m[31m[91m[33m{[39m[31m[91mmargin-bottom[33m:[39m[31m[91m0!important[33m}[39m[31m[91m[33m.ml-sm-1,.mx-sm-1[39m[31m[91m[33m{[39m[31m[91mmargin-left[33m:[39m[31m[91m0!important[33m}[39m[31m[91m[33m.m-sm-2[39m[31m[91m[33m{[39m[31m[91mmargin[33m:[39m[31m[91m14px 8px!important[33m}[39m[31m[91m[33m.mt-sm-2,.my-sm-2[39m[31m[91m[33m{[39m[31m[91mmargin-top[33m:[39m[31m[91m14px!important[33m}[39m[31m[91m[33m.mr-sm-2,.mx-sm-2[39m[31m[91m[33m{[39m[31m[91mmargin-right[33m:[39m[31m[91m8px!important[33m}[39m[31m[91m[33m.mb-sm-2,.my-sm-2[39m[31m[91m[33m{[39m[31m[91mmargin-bottom[33m:[39m[31m[91m14px!important[33m}[39m[31m[91m[33m.ml-sm-2,.mx-sm-2[39m[31m[91m[33m{[39m[31m[91mmargin-left[33m:[39m[31m[91m8px!important[33m}[39m[31m[91m[33m.m-sm-3[39m[31m[91m[33m{[39m[31m[91mmargin[33m:[39m[31m[91m14px 8px!important[33m}[39m[31m[91m[33m.mt-sm-3,.my-sm-3[39m[31m[91m[33m{[39m[31m[91mmargin-top[33m:[39m[31m[91m14px!important[33m}[39m[31m[91m[33m.mr-sm-3,.mx-sm-3[39m[31m[91m[33m{[39m[31m[91mmargin-right[33m:[39m[31m[91m8px!important[33m}[39m[31m[91m[33m.mb-sm-3,.my-sm-3[39m[31m[91m[33m{[39m[31m[91mmargin-bottom[33m:[39m[31m[91m14px!important[33m}[39m[31m[91m[33m.ml-sm-3,.mx-sm-3[39m[31m[91m[33m{[39m[31m[91mmargin-left[33m:[39m[31m[91m8px!important[33m}[39m[31m[91m[33m.m-sm-4[39m[31m[91m[33m{[39m[31m[91mmargin[33m:[39m[31m[91m28px 16px!important[33m}[39m[31m[91m[33m.mt-sm-4,.my-sm-4[39m[31m[91m[33m{[39m[31m[91mmargin-top[33m:[39m[31m[91m28px!important[33m}[39m[31m[91m[33m.mr-sm-4,.mx-sm-4[39m[31m[91m[33m{[39m[31m[91mmargin-right[33m:[39m[31m[91m16px!important[33m}[39m[31m[91m[33m.mb-sm-4,.my-sm-4[39m[31m[91m[33m{[39m[31m[91mmargin-bottom[33m:[39m[31m[91m28px!important[33m}[39m[31m[91m[33m.ml-sm-4,.mx-sm-4[39m[31m[91m[33m{[39m[31m[91mmargin-left[33m:[39m[31m[91m16px!important[33m}[39m[31m[91m[33m.m-sm-5[39m[31m[91m[33m{[39m[31m[91mmargin[33m:[39m[31m[91m28px 16px!important[33m}[39m[22m[1m[31m[39m[31m[91m[33m.mt-sm-5,.my-sm-5[39m[31m[91m[33m{[39m[31m[91mmargin-top[33m:[39m[31m[91m28px!important[33m}[39m[31m[91m[33m.mr-sm-5,.mx-sm-5[39m[31m[91m[33m{[39m[31m[91mmargin-right[33m:[39m[31m[91m16px!important[33m}[39m[31m[91m[33m.mb-sm-5,.my-sm-5[39m[31m[91m[33m{[39m[31m[91mmargin-bottom[33m:[39m[31m[91m28px!important[33m}[39m[31m[91m[33m.ml-sm-5,.mx-sm-5[39m[31m[91m[33m{[39m[31m[91mmargin-left[33m:[39m[31m[91m16px!important[33m}[39m[31m[91m[33m.m-sm-6[39m[31m[91m[33m{[39m[31m[91mmargin[33m:[39m[31m[91m42px 24px!important[33m}[39m[31m[91m[33m.mt-sm-6,.my-sm-6[39m[31m[91m[33m{[39m[31m[91mmargin-top[33m:[39m[31m[91m42px!important[33m}[39m[31m[91m[33m.mr-sm-6,.mx-sm-6[39m[31m[91m[33m{[39m[31m[91mmargin-right[33m:[39m[31m[91m24px!important[33m}[39m[31m[91m[33m.mb-sm-6,.my-sm-6[39m[31m[91m[33m{[39m[31m[91mmargin-bottom[33m:[39m[31m[91m42px!important[33m}[39m[31m[91m[33m.ml-sm-6,.mx-sm-6[39m[31m[91m[33m{[39m[31m[91mmargin-left[33m:[39m[31m[91m24px!important[33m}[39m[31m[91m[33m.p-sm-0[39m[31m[91m[33m{[39m[31m[91mpadding[33m:[39m[31m[91m0 0!important[33m}[39m[31m[91m[33m.pt-sm-0,.py-sm-0[39m[31m[91m[33m{[39m[31m[91mpadding-top[33m:[39m[31m[91m0!important[33m}[39m[31m[91m[33m.pr-sm-0,.px-sm-0[39m[31m[91m[33m{[39m[31m[91mpadding-right[33m:[39m[31m[91m0!important[33m}[39m[31m[91m[33m.pb-sm-0,.py-sm-0[39m[31m[91m[33m{[39m[31m[91mpadding-bottom[33m:[39m[31m[91m0!important[33m}[39m[31m[91m[33m.pl-sm-0,.px-sm-0[39m[31m[91m[33m{[39m[31m[91mpadding-left[33m:[39m[31m[91m0!important[33m}[39m[31m[91m[33m.p-sm-1[39m[31m[91m[33m{[39m[31m[91mpadding[33m:[39m[31m[91m0 0!important[33m}[39m[31m[91m[33m.pt-sm-1,.py-sm-1[39m[31m[91m[33m{[39m[31m[91mpadding-top[33m:[39m[31m[91m0!important[33m}[39m[31m[91m[33m.pr-sm-1,.px-sm-1[39m[31m[91m[33m{[39m[31m[91mpadding-right[33m:[39m[31m[91m0!important[33m}[39m[31m[91m[33m.pb-sm-1,.py-sm-1[39m[31m[91m[33m{[39m[31m[91mpadding-bottom[33m:[39m[31m[91m0!important[33m}[39m[31m[91m[33m.pl-sm-1,.px-sm-1[39m[31m[91m[33m{[39m[31m[91mpadding-left[33m:[39m[31m[91m0!important[33m}[39m[31m[91m[33m.p-sm-2[39m[31m[91m[33m{[39m[31m[91mpaddi[39m[22m[1m[31mng[33m:[39m[31m[91m14px 8px!important[33m}[39m[31m[91m[33m.pt-sm-2,.py-sm-2[39m[31m[91m[33m{[39m[31m[91mpadding-top[33m:[39m[31m[91m14px!important[33m}[39m[31m[91m[33m.pr-sm-2,.px-sm-2[39m[31m[91m[33m{[39m[31m[91mpadding-right[33m:[39m[31m[91m8px!important[33m}[39m[31m[91m[33m.pb-sm-2,.py-sm-2[39m[31m[91m[33m{[39m[31m[91mpadding-bottom[33m:[39m[31m[91m14px!important[33m}[39m[31m[91m[33m.pl-sm-2,.px-sm-2[39m[31m[91m[33m{[39m[31m[91mpadding-left[33m:[39m[31m[91m8px!important[33m}[39m[31m[91m[33m.p-sm-3[39m[31m[91m[33m{[39m[31m[91mpadding[33m:[39m[31m[91m14px 8px!important[33m}[39m[31m[91m[33m.pt-sm-3,.py-sm-3[39m[31m[91m[33m{[39m[31m[91mpadding-top[33m:[39m[31m[91m14px!important[33m}[39m[31m[91m[33m.pr-sm-3,.px-sm-3[39m[31m[91m[33m{[39m[31m[91mpadding-right[33m:[39m[31m[91m8px!important[33m}[39m[31m[91m[33m.pb-sm-3,.py-sm-3[39m[31m[91m[33m{[39m[31m[91mpadding-bottom[33m:[39m[31m[91m14px!important[33m}[39m[31m[91m[33m.pl-sm-3,.px-sm-3[39m[31m[91m[33m{[39m[31m[91mpadding-left[33m:[39m[31m[91m8px!important[33m}[39m[31m[91m[33m.p-sm-4[39m[31m[91m[33m{[39m[31m[91mpadding[33m:[39m[31m[91m28px 16px!important[33m}[39m[31m[91m[33m.pt-sm-4,.py-sm-4[39m[31m[91m[33m{[39m[31m[91mpadding-top[33m:[39m[31m[91m28px!important[33m}[39m[31m[91m[33m.pr-sm-4,.px-sm-4[39m[31m[91m[33m{[39m[31m[91mpadding-right[33m:[39m[31m[91m16px!important[33m}[39m[31m[91m[33m.pb-sm-4,.py-sm-4[39m[31m[91m[33m{[39m[31m[91mpadding-bottom[33m:[39m[31m[91m28px!important[33m}[39m[31m[91m[33m.pl-sm-4,.px-sm-4[39m[31m[91m[33m{[39m[31m[91mpadding-left[33m:[39m[31m[91m16px!important[33m}[39m[31m[91m[33m.p-sm-5[39m[31m[91m[33m{[39m[31m[91mpadding[33m:[39m[31m[91m28px 16px!important[33m}[39m[31m[91m[33m.pt-sm-5,.py-sm-5[39m[31m[91m[33m{[39m[31m[91mpadding-top[33m:[39m[31m[91m28px!important[33m}[39m[31m[91m[33m.pr-sm-5,.px-sm-5[39m[31m[91m[33m{[39m[31m[91mpadding-right[33m:[39m[31m[91m16px!important[33m}[39m[31m[91m[33m.pb-sm-5,.py-sm-5[39m[31m[91m[33m{[39m[31m[91mpadding-bottom[33m:[39m[31m[91m28px!important[33m}[39m[31m[91m[33m.pl-sm-5,.px-sm-5[39m[31m[91m[33m{[39m[31m[91mpadding-left[33m:[39m[22m[1m[31m[39m[91m16px!important[33m}[39m[31m[91m[33m.p-sm-6[39m[31m[91m[33m{[39m[31m[91mpadding[33m:[39m[31m[91m42px 24px!important[33m}[39m[31m[91m[33m.pt-sm-6,.py-sm-6[39m[31m[91m[33m{[39m[31m[91mpadding-top[33m:[39m[31m[91m42px!important[33m}[39m[31m[91m[33m.pr-sm-6,.px-sm-6[39m[31m[91m[33m{[39m[31m[91mpadding-right[33m:[39m[31m[91m24px!important[33m}[39m[31m[91m[33m.pb-sm-6,.py-sm-6[39m[31m[91m[33m{[39m[31m[91mpadding-bottom[33m:[39m[31m[91m42px!important[33m}[39m[31m[91m[33m.pl-sm-6,.px-sm-6[39m[31m[91m[33m{[39m[31m[91mpadding-left[33m:[39m[31m[91m24px!important[33m}[39m[31m[91m[33m.m-sm-n1[39m[31m[91m[33m{[39m[31m[91mmargin[33m:[39m[31m[91m0!important[33m}[39m[31m[91m[33m.mt-sm-n1,.my-sm-n1[39m[31m[91m[33m{[39m[31m[91mmargin-top[33m:[39m[31m[91m0!important[33m}[39m[31m[91m[33m.mr-sm-n1,.mx-sm-n1[39m[31m[91m[33m{[39m[31m[91mmargin-right[33m:[39m[31m[91m0!important[33m}[39m[31m[91m[33m.mb-sm-n1,.my-sm-n1[39m[31m[91m[33m{[39m[31m[91mmargin-bottom[33m:[39m[31m[91m0!important[33m}[39m[31m[91m[33m.ml-sm-n1,.mx-sm-n1[39m[31m[91m[33m{[39m[31m[91mmargin-left[33m:[39m[31m[91m0!important[33m}[39m[31m[91m[33m.m-sm-n2[39m[31m[91m[33m{[39m[31m[91mmargin[33m:[39m[31m[91m-22px!important[33m}[39m[31m[91m[33m.mt-sm-n2,.my-sm-n2[39m[31m[91m[33m{[39m[31m[91mmargin-top[33m:[39m[31m[91m-14px!important[33m}[39m[31m[91m[33m.mr-sm-n2,.mx-sm-n2[39m[31m[91m[33m{[39m[31m[91mmargin-right[33m:[39m[31m[91m-8px!important[33m}[39m[31m[91m[33m.mb-sm-n2,.my-sm-n2[39m[31m[91m[33m{[39m[31m[91mmargin-bottom[33m:[39m[31m[91m-14px!important[33m}[39m[31m[91m[33m.ml-sm-n2,.mx-sm-n2[39m[31m[91m[33m{[39m[31m[91mmargin-left[33m:[39m[31m[91m-8px!important[33m}[39m[31m[91m[33m.m-sm-n3[39m[31m[91m[33m{[39m[31m[91mmargin[33m:[39m[31m[91m-22px!important[33m}[39m[31m[91m[33m.mt-sm-n3,.my-sm-n3[39m[31m[91m[33m{[39m[31m[91mmargin-top[33m:[39m[31m[91m-14px!important[33m}[39m[31m[91m[33m.mr-sm-n3,.mx-sm-n3[39m[31m[91m[33m{[39m[31m[91mmargin-right[33m:[39m[31m[91m-8px!important[33m}[39m[31m[91m[33m.mb-sm-n3,.my-sm-n3[39m[31m[91m[33m{[39m[31m[91mmargin-bottom[33m:[39m[31m[91m-14px!important[33m}[[39m[22m[1m[31m39m[91m[33m.ml-sm-n3,.mx-sm-n3[39m[31m[91m[33m{[39m[31m[91mmargin-left[33m:[39m[31m[91m-8px!important[33m}[39m[31m[91m[33m.m-sm-n4[39m[31m[91m[33m{[39m[31m[91mmargin[33m:[39m[31m[91m-44px!important[33m}[39m[31m[91m[33m.mt-sm-n4,.my-sm-n4[39m[31m[91m[33m{[39m[31m[91mmargin-top[33m:[39m[31m[91m-28px!important[33m}[39m[31m[91m[33m.mr-sm-n4,.mx-sm-n4[39m[31m[91m[33m{[39m[31m[91mmargin-right[33m:[39m[31m[91m-16px!important[33m}[39m[31m[91m[33m.mb-sm-n4,.my-sm-n4[39m[31m[91m[33m{[39m[31m[91mmargin-bottom[33m:[39m[31m[91m-28px!important[33m}[39m[31m[91m[33m.ml-sm-n4,.mx-sm-n4[39m[31m[91m[33m{[39m[31m[91mmargin-left[33m:[39m[31m[91m-16px!important[33m}[39m[31m[91m[33m.m-sm-n5[39m[31m[91m[33m{[39m[31m[91mmargin[33m:[39m[31m[91m-44px!important[33m}[39m[31m[91m[33m.mt-sm-n5,.my-sm-n5[39m[31m[91m[33m{[39m[31m[91mmargin-top[33m:[39m[31m[91m-28px!important[33m}[39m[31m[91m[33m.mr-sm-n5,.mx-sm-n5[39m[31m[91m[33m{[39m[31m[91mmargin-right[33m:[39m[31m[91m-16px!important[33m}[39m[31m[91m[33m.mb-sm-n5,.my-sm-n5[39m[31m[91m[33m{[39m[31m[91mmargin-bottom[33m:[39m[31m[91m-28px!important[33m}[39m[31m[91m[33m.ml-sm-n5,.mx-sm-n5[39m[31m[91m[33m{[39m[31m[91mmargin-left[33m:[39m[31m[91m-16px!important[33m}[39m[31m[91m[33m.m-sm-n6[39m[31m[91m[33m{[39m[31m[91mmargin[33m:[39m[31m[91m-66px!important[33m}[39m[31m[91m[33m.mt-sm-n6,.my-sm-n6[39m[31m[91m[33m{[39m[31m[91mmargin-top[33m:[39m[31m[91m-42px!important[33m}[39m[31m[91m[33m.mr-sm-n6,.mx-sm-n6[39m[31m[91m[33m{[39m[31m[91mmargin-right[33m:[39m[31m[91m-24px!important[33m}[39m[31m[91m[33m.mb-sm-n6,.my-sm-n6[39m[31m[91m[33m{[39m[31m[91mmargin-bottom[33m:[39m[31m[91m-42px!important[33m}[39m[31m[91m[33m.ml-sm-n6,.mx-sm-n6[39m[31m[91m[33m{[39m[31m[91mmargin-left[33m:[39m[31m[91m-24px!important[33m}[39m[31m[91m[33m.m-sm-auto[39m[31m[91m[33m{[39m[31m[91mmargin[33m:[39m[31m[91mauto!important[33m}[39m[31m[91m[33m.mt-sm-auto,.my-sm-auto[39m[31m[91m[33m{[39m[31m[91mmargin-top[33m:[39m[31m[91mauto!important[33m}[39m[31m[91m[33m.mr-sm-auto,.mx-sm-auto[39m[31m[91m[33m{[39m[31m[91mmargin-right[33m:[39m[31m[91mauto!important[33m}[[39m[22m[1m[31m39m[91m[33m.mb-sm-auto,.my-sm-auto[39m[31m[91m[33m{[39m[31m[91mmargin-bottom[33m:[39m[31m[91mauto!important[33m}[39m[31m[91m[33m.ml-sm-auto,.mx-sm-auto[39m[31m[91m[33m{[39m[31m[91mmargin-left[33m:[39m[31m[91mauto!important[33m}[39m[31m[91m[33m}[39m[31m[91m[36m@media[39m[31m[91m[36m [39m[31m[91m[36m(min-width:768px)[39m[31m[91m[33m{[39m[31m[91m[33m.m-md-0[39m[31m[91m[33m{[39m[31m[91mmargin[33m:[39m[31m[91m0 0!important[33m}[39m[31m[91m[33m.mt-md-0,.my-md-0[39m[31m[91m[33m{[39m[31m[91mmargin-top[33m:[39m[31m[91m0!important[33m}[39m[31m[91m[33m.mr-md-0,.mx-md-0[39m[31m[91m[33m{[39m[31m[91mmargin-right[33m:[39m[31m[91m0!important[33m}[39m[31m[91m[33m.mb-md-0,.my-md-0[39m[31m[91m[33m{[39m[31m[91mmargin-bottom[33m:[39m[31m[91m0!important[33m}[39m[31m[91m[33m.ml-md-0,.mx-md-0[39m[31m[91m[33m{[39m[31m[91mmargin-left[33m:[39m[31m[91m0!important[33m}[39m[31m[91m[33m.m-md-1[39m[31m[91m[33m{[39m[31m[91mmargin[33m:[39m[31m[91m0 0!important[33m}[39m[31m[91m[33m.mt-md-1,.my-md-1[39m[31m[91m[33m{[39m[31m[91mmargin-top[33m:[39m[31m[91m0!important[33m}[39m[31m[91m[33m.mr-md-1,.mx-md-1[39m[31m[91m[33m{[39m[31m[91mmargin-right[33m:[39m[31m[91m0!important[33m}[39m[31m[91m[33m.mb-md-1,.my-md-1[39m[31m[91m[33m{[39m[31m[91mmargin-bottom[33m:[39m[31m[91m0!important[33m}[39m[31m[91m[33m.ml-md-1,.mx-md-1[39m[31m[91m[33m{[39m[31m[91mmargin-left[33m:[39m[31m[91m0!important[33m}[39m[31m[91m[33m.m-md-2[39m[31m[91m[33m{[39m[31m[91mmargin[33m:[39m[31m[91m14px 8px!important[33m}[39m[31m[91m[33m.mt-md-2,.my-md-2[39m[31m[91m[33m{[39m[31m[91mmargin-top[33m:[39m[31m[91m14px!important[33m}[39m[31m[91m[33m.mr-md-2,.mx-md-2[39m[31m[91m[33m{[39m[31m[91mmargin-right[33m:[39m[31m[91m8px!important[33m}[39m[31m[91m[33m.mb-md-2,.my-md-2[39m[31m[91m[33m{[39m[31m[91mmargin-bottom[33m:[39m[31m[91m14px!important[33m}[39m[31m[91m[33m.ml-md-2,.mx-md-2[39m[31m[91m[33m{[39m[31m[91mmargin-left[33m:[39m[31m[91m8px!important[33m}[39m[31m[91m[33m.m-md-3[39m[31m[91m[33m{[39m[31m[91mmargin[33m:[39m[31m[91m14px 8px!important[33m}[39m[31m[91m[33m.mt-md-3,.my-md-3[39m[31m[91m[33m{[39m[31m[91mmargin-top[3[39m[22m[1m[31m3m:[39m[31m[91m14px!important[33m}[39m[31m[91m[33m.mr-md-3,.mx-md-3[39m[31m[91m[33m{[39m[31m[91mmargin-right[33m:[39m[31m[91m8px!important[33m}[39m[31m[91m[33m.mb-md-3,.my-md-3[39m[31m[91m[33m{[39m[31m[91mmargin-bottom[33m:[39m[31m[91m14px!important[33m}[39m[31m[91m[33m.ml-md-3,.mx-md-3[39m[31m[91m[33m{[39m[31m[91mmargin-left[33m:[39m[31m[91m8px!important[33m}[39m[31m[91m[33m.m-md-4[39m[31m[91m[33m{[39m[31m[91mmargin[33m:[39m[31m[91m28px 16px!important[33m}[39m[31m[91m[33m.mt-md-4,.my-md-4[39m[31m[91m[33m{[39m[31m[91mmargin-top[33m:[39m[31m[91m28px!important[33m}[39m[31m[91m[33m.mr-md-4,.mx-md-4[39m[31m[91m[33m{[39m[31m[91mmargin-right[33m:[39m[31m[91m16px!important[33m}[39m[31m[91m[33m.mb-md-4,.my-md-4[39m[31m[91m[33m{[39m[31m[91mmargin-bottom[33m:[39m[31m[91m28px!important[33m}[39m[31m[91m[33m.ml-md-4,.mx-md-4[39m[31m[91m[33m{[39m[31m[91mmargin-left[33m:[39m[31m[91m16px!important[33m}[39m[31m[91m[33m.m-md-5[39m[31m[91m[33m{[39m[31m[91mmargin[33m:[39m[31m[91m28px 16px!important[33m}[39m[31m[91m[33m.mt-md-5,.my-md-5[39m[31m[91m[33m{[39m[31m[91mmargin-top[33m:[39m[31m[91m28px!important[33m}[39m[31m[91m[33m.mr-md-5,.mx-md-5[39m[31m[91m[33m{[39m[31m[91mmargin-right[33m:[39m[31m[91m16px!important[33m}[39m[31m[91m[33m.mb-md-5,.my-md-5[39m[31m[91m[33m{[39m[31m[91mmargin-bottom[33m:[39m[31m[91m28px!important[33m}[39m[31m[91m[33m.ml-md-5,.mx-md-5[39m[31m[91m[33m{[39m[31m[91mmargin-left[33m:[39m[31m[91m16px!important[33m}[39m[31m[91m[33m.m-md-6[39m[31m[91m[33m{[39m[31m[91mmargin[33m:[39m[31m[91m42px 24px!important[33m}[39m[31m[91m[33m.mt-md-6,.my-md-6[39m[31m[91m[33m{[39m[31m[91mmargin-top[33m:[39m[31m[91m42px!important[33m}[39m[31m[91m[33m.mr-md-6,.mx-md-6[39m[31m[91m[33m{[39m[31m[91mmargin-right[33m:[39m[31m[91m24px!important[33m}[39m[31m[91m[33m.mb-md-6,.my-md-6[39m[31m[91m[33m{[39m[31m[91mmargin-bottom[33m:[39m[31m[91m42px!important[33m}[39m[31m[91m[33m.ml-md-6,.mx-md-6[39m[31m[91m[33m{[39m[31m[91mmargin-left[33m:[39m[31m[91m24px!important[33m}[39m[31m[91m[33m.p-md-0[39m[31m[91m[33m{[39m[31m[91mpadding[33m:[39m[31m[91m0 0!important[33m}[39m[31m[91m[39m[22m[1m[31m[33m.pt-md-0,.py-md-0[39m[31m[91m[33m{[39m[31m[91mpadding-top[33m:[39m[31m[91m0!important[33m}[39m[31m[91m[33m.pr-md-0,.px-md-0[39m[31m[91m[33m{[39m[31m[91mpadding-right[33m:[39m[31m[91m0!important[33m}[39m[31m[91m[33m.pb-md-0,.py-md-0[39m[31m[91m[33m{[39m[31m[91mpadding-bottom[33m:[39m[31m[91m0!important[33m}[39m[31m[91m[33m.pl-md-0,.px-md-0[39m[31m[91m[33m{[39m[31m[91mpadding-left[33m:[39m[31m[91m0!important[33m}[39m[31m[91m[33m.p-md-1[39m[31m[91m[33m{[39m[31m[91mpadding[33m:[39m[31m[91m0 0!important[33m}[39m[31m[91m[33m.pt-md-1,.py-md-1[39m[31m[91m[33m{[39m[31m[91mpadding-top[33m:[39m[31m[91m0!important[33m}[39m[31m[91m[33m.pr-md-1,.px-md-1[39m[31m[91m[33m{[39m[31m[91mpadding-right[33m:[39m[31m[91m0!important[33m}[39m[31m[91m[33m.pb-md-1,.py-md-1[39m[31m[91m[33m{[39m[31m[91mpadding-bottom[33m:[39m[31m[91m0!important[33m}[39m[31m[91m[33m.pl-md-1,.px-md-1[39m[31m[91m[33m{[39m[31m[91mpadding-left[33m:[39m[31m[91m0!important[33m}[39m[31m[91m[33m.p-md-2[39m[31m[91m[33m{[39m[31m[91mpadding[33m:[39m[31m[91m14px 8px!important[33m}[39m[31m[91m[33m.pt-md-2,.py-md-2[39m[31m[91m[33m{[39m[31m[91mpadding-top[33m:[39m[31m[91m14px!important[33m}[39m[31m[91m[33m.pr-md-2,.px-md-2[39m[31m[91m[33m{[39m[31m[91mpadding-right[33m:[39m[31m[91m8px!important[33m}[39m[31m[91m[33m.pb-md-2,.py-md-2[39m[31m[91m[33m{[39m[31m[91mpadding-bottom[33m:[39m[31m[91m14px!important[33m}[39m[31m[91m[33m.pl-md-2,.px-md-2[39m[31m[91m[33m{[39m[31m[91mpadding-left[33m:[39m[31m[91m8px!important[33m}[39m[31m[91m[33m.p-md-3[39m[31m[91m[33m{[39m[31m[91mpadding[33m:[39m[31m[91m14px 8px!important[33m}[39m[31m[91m[33m.pt-md-3,.py-md-3[39m[31m[91m[33m{[39m[31m[91mpadding-top[33m:[39m[31m[91m14px!important[33m}[39m[31m[91m[33m.pr-md-3,.px-md-3[39m[31m[91m[33m{[39m[31m[91mpadding-right[33m:[39m[31m[91m8px!important[33m}[39m[31m[91m[33m.pb-md-3,.py-md-3[39m[31m[91m[33m{[39m[31m[91mpadding-bottom[33m:[39m[31m[91m14px!important[33m}[39m[31m[91m[33m.pl-md-3,.px-md-3[39m[31m[91m[33m{[39m[31m[91mpadding-left[33m:[39m[31m[91m8px!important[33m}[39m[31m[91m[33m.p-md-4[39m[31m[91m[33m{[39m[31m[91mpaddin[39m[22m[1m[31mg[33m:[39m[31m[91m28px 16px!important[33m}[39m[31m[91m[33m.pt-md-4,.py-md-4[39m[31m[91m[33m{[39m[31m[91mpadding-top[33m:[39m[31m[91m28px!important[33m}[39m[31m[91m[33m.pr-md-4,.px-md-4[39m[31m[91m[33m{[39m[31m[91mpadding-right[33m:[39m[31m[91m16px!important[33m}[39m[31m[91m[33m.pb-md-4,.py-md-4[39m[31m[91m[33m{[39m[31m[91mpadding-bottom[33m:[39m[31m[91m28px!important[33m}[39m[31m[91m[33m.pl-md-4,.px-md-4[39m[31m[91m[33m{[39m[31m[91mpadding-left[33m:[39m[31m[91m16px!important[33m}[39m[31m[91m[33m.p-md-5[39m[31m[91m[33m{[39m[31m[91mpadding[33m:[39m[31m[91m28px 16px!important[33m}[39m[31m[91m[33m.pt-md-5,.py-md-5[39m[31m[91m[33m{[39m[31m[91mpadding-top[33m:[39m[31m[91m28px!important[33m}[39m[31m[91m[33m.pr-md-5,.px-md-5[39m[31m[91m[33m{[39m[31m[91mpadding-right[33m:[39m[31m[91m16px!important[33m}[39m[31m[91m[33m.pb-md-5,.py-md-5[39m[31m[91m[33m{[39m[31m[91mpadding-bottom[33m:[39m[31m[91m28px!important[33m}[39m[31m[91m[33m.pl-md-5,.px-md-5[39m[31m[91m[33m{[39m[31m[91mpadding-left[33m:[39m[31m[91m16px!important[33m}[39m[31m[91m[33m.p-md-6[39m[31m[91m[33m{[39m[31m[91mpadding[33m:[39m[31m[91m42px 24px!important[33m}[39m[31m[91m[33m.pt-md-6,.py-md-6[39m[31m[91m[33m{[39m[31m[91mpadding-top[33m:[39m[31m[91m42px!important[33m}[39m[31m[91m[33m.pr-md-6,.px-md-6[39m[31m[91m[33m{[39m[31m[91mpadding-right[33m:[39m[31m[91m24px!important[33m}[39m[31m[91m[33m.pb-md-6,.py-md-6[39m[31m[91m[33m{[39m[31m[91mpadding-bottom[33m:[39m[31m[91m42px!important[33m}[39m[31m[91m[33m.pl-md-6,.px-md-6[39m[31m[91m[33m{[39m[31m[91mpadding-left[33m:[39m[31m[91m24px!important[33m}[39m[31m[91m[33m.m-md-n1[39m[31m[91m[33m{[39m[31m[91mmargin[33m:[39m[31m[91m0!important[33m}[39m[31m[91m[33m.mt-md-n1,.my-md-n1[39m[31m[91m[33m{[39m[31m[91mmargin-top[33m:[39m[31m[91m0!important[33m}[39m[31m[91m[33m.mr-md-n1,.mx-md-n1[39m[31m[91m[33m{[39m[31m[91mmargin-right[33m:[39m[31m[91m0!important[33m}[39m[31m[91m[33m.mb-md-n1,.my-md-n1[39m[31m[91m[33m{[39m[31m[91mmargin-bottom[33m:[39m[31m[91m0!important[33m}[39m[31m[91m[33m.ml-md-n1,.mx-md-n1[39m[31m[91m[33m{[39m[31m[91mmargin-left[33m:[39m[31m[91[39m[22m[1m[31mm0!important[33m}[39m[31m[91m[33m.m-md-n2[39m[31m[91m[33m{[39m[31m[91mmargin[33m:[39m[31m[91m-22px!important[33m}[39m[31m[91m[33m.mt-md-n2,.my-md-n2[39m[31m[91m[33m{[39m[31m[91mmargin-top[33m:[39m[31m[91m-14px!important[33m}[39m[31m[91m[33m.mr-md-n2,.mx-md-n2[39m[31m[91m[33m{[39m[31m[91mmargin-right[33m:[39m[31m[91m-8px!important[33m}[39m[31m[91m[33m.mb-md-n2,.my-md-n2[39m[31m[91m[33m{[39m[31m[91mmargin-bottom[33m:[39m[31m[91m-14px!important[33m}[39m[31m[91m[33m.ml-md-n2,.mx-md-n2[39m[31m[91m[33m{[39m[31m[91mmargin-left[33m:[39m[31m[91m-8px!important[33m}[39m[31m[91m[33m.m-md-n3[39m[31m[91m[33m{[39m[31m[91mmargin[33m:[39m[31m[91m-22px!important[33m}[39m[31m[91m[33m.mt-md-n3,.my-md-n3[39m[31m[91m[33m{[39m[31m[91mmargin-top[33m:[39m[31m[91m-14px!important[33m}[39m[31m[91m[33m.mr-md-n3,.mx-md-n3[39m[31m[91m[33m{[39m[31m[91mmargin-right[33m:[39m[31m[91m-8px!important[33m}[39m[31m[91m[33m.mb-md-n3,.my-md-n3[39m[31m[91m[33m{[39m[31m[91mmargin-bottom[33m:[39m[31m[91m-14px!important[33m}[39m[31m[91m[33m.ml-md-n3,.mx-md-n3[39m[31m[91m[33m{[39m[31m[91mmargin-left[33m:[39m[31m[91m-8px!important[33m}[39m[31m[91m[33m.m-md-n4[39m[31m[91m[33m{[39m[31m[91mmargin[33m:[39m[31m[91m-44px!important[33m}[39m[31m[91m[33m.mt-md-n4,.my-md-n4[39m[31m[91m[33m{[39m[31m[91mmargin-top[33m:[39m[31m[91m-28px!important[33m}[39m[31m[91m[33m.mr-md-n4,.mx-md-n4[39m[31m[91m[33m{[39m[31m[91mmargin-right[33m:[39m[31m[91m-16px!important[33m}[39m[31m[91m[33m.mb-md-n4,.my-md-n4[39m[31m[91m[33m{[39m[31m[91mmargin-bottom[33m:[39m[31m[91m-28px!important[33m}[39m[31m[91m[33m.ml-md-n4,.mx-md-n4[39m[31m[91m[33m{[39m[31m[91mmargin-left[33m:[39m[31m[91m-16px!important[33m}[39m[31m[91m[33m.m-md-n5[39m[31m[91m[33m{[39m[31m[91mmargin[33m:[39m[31m[91m-44px!important[33m}[39m[31m[91m[33m.mt-md-n5,.my-md-n5[39m[31m[91m[33m{[39m[31m[91mmargin-top[33m:[39m[31m[91m-28px!important[33m}[39m[31m[91m[33m.mr-md-n5,.mx-md-n5[39m[31m[91m[33m{[39m[31m[91mmargin-right[33m:[39m[31m[91m-16px!important[33m}[39m[31m[91m[33m.mb-md-n5,.my-md-n5[39m[31m[91m[33m{[39m[31m[91mmargin-bottom[33m:[39m[31m[91m-28px!impor[39m[22m[1m[31mtant[33m}[39m[31m[91m[33m.ml-md-n5,.mx-md-n5[39m[31m[91m[33m{[39m[31m[91mmargin-left[33m:[39m[31m[91m-16px!important[33m}[39m[31m[91m[33m.m-md-n6[39m[31m[91m[33m{[39m[31m[91mmargin[33m:[39m[31m[91m-66px!important[33m}[39m[31m[91m[33m.mt-md-n6,.my-md-n6[39m[31m[91m[33m{[39m[31m[91mmargin-top[33m:[39m[31m[91m-42px!important[33m}[39m[31m[91m[33m.mr-md-n6,.mx-md-n6[39m[31m[91m[33m{[39m[31m[91mmargin-right[33m:[39m[31m[91m-24px!important[33m}[39m[31m[91m[33m.mb-md-n6,.my-md-n6[39m[31m[91m[33m{[39m[31m[91mmargin-bottom[33m:[39m[31m[91m-42px!important[33m}[39m[31m[91m[33m.ml-md-n6,.mx-md-n6[39m[31m[91m[33m{[39m[31m[91mmargin-left[33m:[39m[31m[91m-24px!important[33m}[39m[31m[91m[33m.m-md-auto[39m[31m[91m[33m{[39m[31m[91mmargin[33m:[39m[31m[91mauto!important[33m}[39m[31m[91m[33m.mt-md-auto,.my-md-auto[39m[31m[91m[33m{[39m[31m[91mmargin-top[33m:[39m[31m[91mauto!important[33m}[39m[31m[91m[33m.mr-md-auto,.mx-md-auto[39m[31m[91m[33m{[39m[31m[91mmargin-right[33m:[39m[31m[91mauto!important[33m}[39m[31m[91m[33m.mb-md-auto,.my-md-auto[39m[31m[91m[33m{[39m[31m[91mmargin-bottom[33m:[39m[31m[91mauto!important[33m}[39m[31m[91m[33m.ml-md-auto,.mx-md-auto[39m[31m[91m[33m{[39m[31m[91mmargin-left[33m:[39m[31m[91mauto!important[33m}[39m[31m[91m[33m}[39m[31m[91m[36m@media[39m[31m[91m[36m [39m[31m[91m[36m(min-width:960px)[39m[31m[91m[33m{[39m[31m[91m[33m.m-lg-0[39m[31m[91m[33m{[39m[31m[91mmargin[33m:[39m[31m[91m0 0!important[33m}[39m[31m[91m[33m.mt-lg-0,.my-lg-0[39m[31m[91m[33m{[39m[31m[91mmargin-top[33m:[39m[31m[91m0!important[33m}[39m[31m[91m[33m.mr-lg-0,.mx-lg-0[39m[31m[91m[33m{[39m[31m[91mmargin-right[33m:[39m[31m[91m0!important[33m}[39m[31m[91m[33m.mb-lg-0,.my-lg-0[39m[31m[91m[33m{[39m[31m[91mmargin-bottom[33m:[39m[31m[91m0!important[33m}[39m[31m[91m[33m.ml-lg-0,.mx-lg-0[39m[31m[91m[33m{[39m[31m[91mmargin-left[33m:[39m[31m[91m0!important[33m}[39m[31m[91m[33m.m-lg-1[39m[31m[91m[33m{[39m[31m[91mmargin[33m:[39m[31m[91m0 0!important[33m}[39m[31m[91m[33m.mt-lg-1,.my-lg-1[39m[31m[91m[33m{[39m[31m[91mmargin-top[33m:[39m[31m[91m0!important[33m}[39m[31m[91m[33m.mr-lg-1,.mx[39m[22m[1m[31m-lg-1[39m[31m[91m[33m{[39m[31m[91mmargin-right[33m:[39m[31m[91m0!important[33m}[39m[31m[91m[33m.mb-lg-1,.my-lg-1[39m[31m[91m[33m{[39m[31m[91mmargin-bottom[33m:[39m[31m[91m0!important[33m}[39m[31m[91m[33m.ml-lg-1,.mx-lg-1[39m[31m[91m[33m{[39m[31m[91mmargin-left[33m:[39m[31m[91m0!important[33m}[39m[31m[91m[33m.m-lg-2[39m[31m[91m[33m{[39m[31m[91mmargin[33m:[39m[31m[91m14px 8px!important[33m}[39m[31m[91m[33m.mt-lg-2,.my-lg-2[39m[31m[91m[33m{[39m[31m[91mmargin-top[33m:[39m[31m[91m14px!important[33m}[39m[31m[91m[33m.mr-lg-2,.mx-lg-2[39m[31m[91m[33m{[39m[31m[91mmargin-right[33m:[39m[31m[91m8px!important[33m}[39m[31m[91m[33m.mb-lg-2,.my-lg-2[39m[31m[91m[33m{[39m[31m[91mmargin-bottom[33m:[39m[31m[91m14px!important[33m}[39m[31m[91m[33m.ml-lg-2,.mx-lg-2[39m[31m[91m[33m{[39m[31m[91mmargin-left[33m:[39m[31m[91m8px!important[33m}[39m[31m[91m[33m.m-lg-3[39m[31m[91m[33m{[39m[31m[91mmargin[33m:[39m[31m[91m14px 8px!important[33m}[39m[31m[91m[33m.mt-lg-3,.my-lg-3[39m[31m[91m[33m{[39m[31m[91mmargin-top[33m:[39m[31m[91m14px!important[33m}[39m[31m[91m[33m.mr-lg-3,.mx-lg-3[39m[31m[91m[33m{[39m[31m[91mmargin-right[33m:[39m[31m[91m8px!important[33m}[39m[31m[91m[33m.mb-lg-3,.my-lg-3[39m[31m[91m[33m{[39m[31m[91mmargin-bottom[33m:[39m[31m[91m14px!important[33m}[39m[31m[91m[33m.ml-lg-3,.mx-lg-3[39m[31m[91m[33m{[39m[31m[91mmargin-left[33m:[39m[31m[91m8px!important[33m}[39m[31m[91m[33m.m-lg-4[39m[31m[91m[33m{[39m[31m[91mmargin[33m:[39m[31m[91m28px 16px!important[33m}[39m[31m[91m[33m.mt-lg-4,.my-lg-4[39m[31m[91m[33m{[39m[31m[91mmargin-top[33m:[39m[31m[91m28px!important[33m}[39m[31m[91m[33m.mr-lg-4,.mx-lg-4[39m[31m[91m[33m{[39m[31m[91mmargin-right[33m:[39m[31m[91m16px!important[33m}[39m[31m[91m[33m.mb-lg-4,.my-lg-4[39m[31m[91m[33m{[39m[31m[91mmargin-bottom[33m:[39m[31m[91m28px!important[33m}[39m[31m[91m[33m.ml-lg-4,.mx-lg-4[39m[31m[91m[33m{[39m[31m[91mmargin-left[33m:[39m[31m[91m16px!important[33m}[39m[31m[91m[33m.m-lg-5[39m[31m[91m[33m{[39m[31m[91mmargin[33m:[39m[31m[91m28px 16px!important[33m}[39m[31m[91m[33m.mt-lg-5,.my-lg-5[39m[31m[91m[33m{[39m[31m[91mmargin-top[33m:[39[39m[22m[1m[31mm[91m28px!important[33m}[39m[31m[91m[33m.mr-lg-5,.mx-lg-5[39m[31m[91m[33m{[39m[31m[91mmargin-right[33m:[39m[31m[91m16px!important[33m}[39m[31m[91m[33m.mb-lg-5,.my-lg-5[39m[31m[91m[33m{[39m[31m[91mmargin-bottom[33m:[39m[31m[91m28px!important[33m}[39m[31m[91m[33m.ml-lg-5,.mx-lg-5[39m[31m[91m[33m{[39m[31m[91mmargin-left[33m:[39m[31m[91m16px!important[33m}[39m[31m[91m[33m.m-lg-6[39m[31m[91m[33m{[39m[31m[91mmargin[33m:[39m[31m[91m42px 24px!important[33m}[39m[31m[91m[33m.mt-lg-6,.my-lg-6[39m[31m[91m[33m{[39m[31m[91mmargin-top[33m:[39m[31m[91m42px!important[33m}[39m[31m[91m[33m.mr-lg-6,.mx-lg-6[39m[31m[91m[33m{[39m[31m[91mmargin-right[33m:[39m[31m[91m24px!important[33m}[39m[31m[91m[33m.mb-lg-6,.my-lg-6[39m[31m[91m[33m{[39m[31m[91mmargin-bottom[33m:[39m[31m[91m42px!important[33m}[39m[31m[91m[33m.ml-lg-6,.mx-lg-6[39m[31m[91m[33m{[39m[31m[91mmargin-left[33m:[39m[31m[91m24px!important[33m}[39m[31m[91m[33m.p-lg-0[39m[31m[91m[33m{[39m[31m[91mpadding[33m:[39m[31m[91m0 0!important[33m}[39m[31m[91m[33m.pt-lg-0,.py-lg-0[39m[31m[91m[33m{[39m[31m[91mpadding-top[33m:[39m[31m[91m0!important[33m}[39m[31m[91m[33m.pr-lg-0,.px-lg-0[39m[31m[91m[33m{[39m[31m[91mpadding-right[33m:[39m[31m[91m0!important[33m}[39m[31m[91m[33m.pb-lg-0,.py-lg-0[39m[31m[91m[33m{[39m[31m[91mpadding-bottom[33m:[39m[31m[91m0!important[33m}[39m[31m[91m[33m.pl-lg-0,.px-lg-0[39m[31m[91m[33m{[39m[31m[91mpadding-left[33m:[39m[31m[91m0!important[33m}[39m[31m[91m[33m.p-lg-1[39m[31m[91m[33m{[39m[31m[91mpadding[33m:[39m[31m[91m0 0!important[33m}[39m[31m[91m[33m.pt-lg-1,.py-lg-1[39m[31m[91m[33m{[39m[31m[91mpadding-top[33m:[39m[31m[91m0!important[33m}[39m[31m[91m[33m.pr-lg-1,.px-lg-1[39m[31m[91m[33m{[39m[31m[91mpadding-right[33m:[39m[31m[91m0!important[33m}[39m[31m[91m[33m.pb-lg-1,.py-lg-1[39m[31m[91m[33m{[39m[31m[91mpadding-bottom[33m:[39m[31m[91m0!important[33m}[39m[31m[91m[33m.pl-lg-1,.px-lg-1[39m[31m[91m[33m{[39m[31m[91mpadding-left[33m:[39m[31m[91m0!important[33m}[39m[31m[91m[33m.p-lg-2[39m[31m[91m[33m{[39m[31m[91mpadding[33m:[39m[31m[91m14px 8px!important[33m}[39m[31m[91m[33m.pt-lg-2,.py-lg-2[39[39m[22m[1m[31mm[91m[33m{[39m[31m[91mpadding-top[33m:[39m[31m[91m14px!important[33m}[39m[31m[91m[33m.pr-lg-2,.px-lg-2[39m[31m[91m[33m{[39m[31m[91mpadding-right[33m:[39m[31m[91m8px!important[33m}[39m[31m[91m[33m.pb-lg-2,.py-lg-2[39m[31m[91m[33m{[39m[31m[91mpadding-bottom[33m:[39m[31m[91m14px!important[33m}[39m[31m[91m[33m.pl-lg-2,.px-lg-2[39m[31m[91m[33m{[39m[31m[91mpadding-left[33m:[39m[31m[91m8px!important[33m}[39m[31m[91m[33m.p-lg-3[39m[31m[91m[33m{[39m[31m[91mpadding[33m:[39m[31m[91m14px 8px!important[33m}[39m[31m[91m[33m.pt-lg-3,.py-lg-3[39m[31m[91m[33m{[39m[31m[91mpadding-top[33m:[39m[31m[91m14px!important[33m}[39m[31m[91m[33m.pr-lg-3,.px-lg-3[39m[31m[91m[33m{[39m[31m[91mpadding-right[33m:[39m[31m[91m8px!important[33m}[39m[31m[91m[33m.pb-lg-3,.py-lg-3[39m[31m[91m[33m{[39m[31m[91mpadding-bottom[33m:[39m[31m[91m14px!important[33m}[39m[31m[91m[33m.pl-lg-3,.px-lg-3[39m[31m[91m[33m{[39m[31m[91mpadding-left[33m:[39m[31m[91m8px!important[33m}[39m[31m[91m[33m.p-lg-4[39m[31m[91m[33m{[39m[31m[91mpadding[33m:[39m[31m[91m28px 16px!important[33m}[39m[31m[91m[33m.pt-lg-4,.py-lg-4[39m[31m[91m[33m{[39m[31m[91mpadding-top[33m:[39m[31m[91m28px!important[33m}[39m[31m[91m[33m.pr-lg-4,.px-lg-4[39m[31m[91m[33m{[39m[31m[91mpadding-right[33m:[39m[31m[91m16px!important[33m}[39m[31m[91m[33m.pb-lg-4,.py-lg-4[39m[31m[91m[33m{[39m[31m[91mpadding-bottom[33m:[39m[31m[91m28px!important[33m}[39m[31m[91m[33m.pl-lg-4,.px-lg-4[39m[31m[91m[33m{[39m[31m[91mpadding-left[33m:[39m[31m[91m16px!important[33m}[39m[31m[91m[33m.p-lg-5[39m[31m[91m[33m{[39m[31m[91mpadding[33m:[39m[31m[91m28px 16px!important[33m}[39m[31m[91m[33m.pt-lg-5,.py-lg-5[39m[31m[91m[33m{[39m[31m[91mpadding-top[33m:[39m[31m[91m28px!important[33m}[39m[31m[91m[33m.pr-lg-5,.px-lg-5[39m[31m[91m[33m{[39m[31m[91mpadding-right[33m:[39m[31m[91m16px!important[33m}[39m[31m[91m[33m.pb-lg-5,.py-lg-5[39m[31m[91m[33m{[39m[31m[91mpadding-bottom[33m:[39m[31m[91m28px!important[33m}[39m[31m[91m[33m.pl-lg-5,.px-lg-5[39m[31m[91m[33m{[39m[31m[91mpadding-left[33m:[39m[31m[91m16px!important[33m}[39m[31m[91m[33m.p-lg-6[39m[31m[91m[33m{[39m[31m[91mp[39m[22m[1m[31madding[33m:[39m[31m[91m42px 24px!important[33m}[39m[31m[91m[33m.pt-lg-6,.py-lg-6[39m[31m[91m[33m{[39m[31m[91mpadding-top[33m:[39m[31m[91m42px!important[33m}[39m[31m[91m[33m.pr-lg-6,.px-lg-6[39m[31m[91m[33m{[39m[31m[91mpadding-right[33m:[39m[31m[91m24px!important[33m}[39m[31m[91m[33m.pb-lg-6,.py-lg-6[39m[31m[91m[33m{[39m[31m[91mpadding-bottom[33m:[39m[31m[91m42px!important[33m}[39m[31m[91m[33m.pl-lg-6,.px-lg-6[39m[31m[91m[33m{[39m[31m[91mpadding-left[33m:[39m[31m[91m24px!important[33m}[39m[31m[91m[33m.m-lg-n1[39m[31m[91m[33m{[39m[31m[91mmargin[33m:[39m[31m[91m0!important[33m}[39m[31m[91m[33m.mt-lg-n1,.my-lg-n1[39m[31m[91m[33m{[39m[31m[91mmargin-top[33m:[39m[31m[91m0!important[33m}[39m[31m[91m[33m.mr-lg-n1,.mx-lg-n1[39m[31m[91m[33m{[39m[31m[91mmargin-right[33m:[39m[31m[91m0!important[33m}[39m[31m[91m[33m.mb-lg-n1,.my-lg-n1[39m[31m[91m[33m{[39m[31m[91mmargin-bottom[33m:[39m[31m[91m0!important[33m}[39m[31m[91m[33m.ml-lg-n1,.mx-lg-n1[39m[31m[91m[33m{[39m[31m[91mmargin-left[33m:[39m[31m[91m0!important[33m}[39m[31m[91m[33m.m-lg-n2[39m[31m[91m[33m{[39m[31m[91mmargin[33m:[39m[31m[91m-22px!important[33m}[39m[31m[91m[33m.mt-lg-n2,.my-lg-n2[39m[31m[91m[33m{[39m[31m[91mmargin-top[33m:[39m[31m[91m-14px!important[33m}[39m[31m[91m[33m.mr-lg-n2,.mx-lg-n2[39m[31m[91m[33m{[39m[31m[91mmargin-right[33m:[39m[31m[91m-8px!important[33m}[39m[31m[91m[33m.mb-lg-n2,.my-lg-n2[39m[31m[91m[33m{[39m[31m[91mmargin-bottom[33m:[39m[31m[91m-14px!important[33m}[39m[31m[91m[33m.ml-lg-n2,.mx-lg-n2[39m[31m[91m[33m{[39m[31m[91mmargin-left[33m:[39m[31m[91m-8px!important[33m}[39m[31m[91m[33m.m-lg-n3[39m[31m[91m[33m{[39m[31m[91mmargin[33m:[39m[31m[91m-22px!important[33m}[39m[31m[91m[33m.mt-lg-n3,.my-lg-n3[39m[31m[91m[33m{[39m[31m[91mmargin-top[33m:[39m[31m[91m-14px!important[33m}[39m[31m[91m[33m.mr-lg-n3,.mx-lg-n3[39m[31m[91m[33m{[39m[31m[91mmargin-right[33m:[39m[31m[91m-8px!important[33m}[39m[31m[91m[33m.mb-lg-n3,.my-lg-n3[39m[31m[91m[33m{[39m[31m[91mmargin-bottom[33m:[39m[31m[91m-14px!important[33m}[39m[31m[91m[33m.ml-lg-n3,.mx-lg-n3[39m[31m[91m[33m{[39m[31m[91mmargin-left[33m:[3[39m[22m[1m[31m9m[91m-8px!important[33m}[39m[31m[91m[33m.m-lg-n4[39m[31m[91m[33m{[39m[31m[91mmargin[33m:[39m[31m[91m-44px!important[33m}[39m[31m[91m[33m.mt-lg-n4,.my-lg-n4[39m[31m[91m[33m{[39m[31m[91mmargin-top[33m:[39m[31m[91m-28px!important[33m}[39m[31m[91m[33m.mr-lg-n4,.mx-lg-n4[39m[31m[91m[33m{[39m[31m[91mmargin-right[33m:[39m[31m[91m-16px!important[33m}[39m[31m[91m[33m.mb-lg-n4,.my-lg-n4[39m[31m[91m[33m{[39m[31m[91mmargin-bottom[33m:[39m[31m[91m-28px!important[33m}[39m[31m[91m[33m.ml-lg-n4,.mx-lg-n4[39m[31m[91m[33m{[39m[31m[91mmargin-left[33m:[39m[31m[91m-16px!important[33m}[39m[31m[91m[33m.m-lg-n5[39m[31m[91m[33m{[39m[31m[91mmargin[33m:[39m[31m[91m-44px!important[33m}[39m[31m[91m[33m.mt-lg-n5,.my-lg-n5[39m[31m[91m[33m{[39m[31m[91mmargin-top[33m:[39m[31m[91m-28px!important[33m}[39m[31m[91m[33m.mr-lg-n5,.mx-lg-n5[39m[31m[91m[33m{[39m[31m[91mmargin-right[33m:[39m[31m[91m-16px!important[33m}[39m[31m[91m[33m.mb-lg-n5,.my-lg-n5[39m[31m[91m[33m{[39m[31m[91mmargin-bottom[33m:[39m[31m[91m-28px!important[33m}[39m[31m[91m[33m.ml-lg-n5,.mx-lg-n5[39m[31m[91m[33m{[39m[31m[91mmargin-left[33m:[39m[31m[91m-16px!important[33m}[39m[31m[91m[33m.m-lg-n6[39m[31m[91m[33m{[39m[31m[91mmargin[33m:[39m[31m[91m-66px!important[33m}[39m[31m[91m[33m.mt-lg-n6,.my-lg-n6[39m[31m[91m[33m{[39m[31m[91mmargin-top[33m:[39m[31m[91m-42px!important[33m}[39m[31m[91m[33m.mr-lg-n6,.mx-lg-n6[39m[31m[91m[33m{[39m[31m[91mmargin-right[33m:[39m[31m[91m-24px!important[33m}[39m[31m[91m[33m.mb-lg-n6,.my-lg-n6[39m[31m[91m[33m{[39m[31m[91mmargin-bottom[33m:[39m[31m[91m-42px!important[33m}[39m[31m[91m[33m.ml-lg-n6,.mx-lg-n6[39m[31m[91m[33m{[39m[31m[91mmargin-left[33m:[39m[31m[91m-24px!important[33m}[39m[31m[91m[33m.m-lg-auto[39m[31m[91m[33m{[39m[31m[91mmargin[33m:[39m[31m[91mauto!important[33m}[39m[31m[91m[33m.mt-lg-auto,.my-lg-auto[39m[31m[91m[33m{[39m[31m[91mmargin-top[33m:[39m[31m[91mauto!important[33m}[39m[31m[91m[33m.mr-lg-auto,.mx-lg-auto[39m[31m[91m[33m{[39m[31m[91mmargin-right[33m:[39m[31m[91mauto!important[33m}[39m[31m[91m[33m.mb-lg-auto,.my-lg-auto[39m[31m[91m[33m{[39m[31m[91mmargin-bottom[3[39m[22m[1m[31m3m:[39m[31m[91mauto!important[33m}[39m[31m[91m[33m.ml-lg-auto,.mx-lg-auto[39m[31m[91m[33m{[39m[31m[91mmargin-left[33m:[39m[31m[91mauto!important[33m}[39m[31m[91m[33m}[39m[31m[91m[36m@media[39m[31m[91m[36m [39m[31m[91m[36m(min-width:1152px)[39m[31m[91m[33m{[39m[31m[91m[33m.m-xl-0[39m[31m[91m[33m{[39m[31m[91mmargin[33m:[39m[31m[91m0 0!important[33m}[39m[31m[91m[33m.mt-xl-0,.my-xl-0[39m[31m[91m[33m{[39m[31m[91mmargin-top[33m:[39m[31m[91m0!important[33m}[39m[31m[91m[33m.mr-xl-0,.mx-xl-0[39m[31m[91m[33m{[39m[31m[91mmargin-right[33m:[39m[31m[91m0!important[33m}[39m[31m[91m[33m.mb-xl-0,.my-xl-0[39m[31m[91m[33m{[39m[31m[91mmargin-bottom[33m:[39m[31m[91m0!important[33m}[39m[31m[91m[33m.ml-xl-0,.mx-xl-0[39m[31m[91m[33m{[39m[31m[91mmargin-left[33m:[39m[31m[91m0!important[33m}[39m[31m[91m[33m.m-xl-1[39m[31m[91m[33m{[39m[31m[91mmargin[33m:[39m[31m[91m0 0!important[33m}[39m[31m[91m[33m.mt-xl-1,.my-xl-1[39m[31m[91m[33m{[39m[31m[91mmargin-top[33m:[39m[31m[91m0!important[33m}[39m[31m[91m[33m.mr-xl-1,.mx-xl-1[39m[31m[91m[33m{[39m[31m[91mmargin-right[33m:[39m[31m[91m0!important[33m}[39m[31m[91m[33m.mb-xl-1,.my-xl-1[39m[31m[91m[33m{[39m[31m[91mmargin-bottom[33m:[39m[31m[91m0!important[33m}[39m[31m[91m[33m.ml-xl-1,.mx-xl-1[39m[31m[91m[33m{[39m[31m[91mmargin-left[33m:[39m[31m[91m0!important[33m}[39m[31m[91m[33m.m-xl-2[39m[31m[91m[33m{[39m[31m[91mmargin[33m:[39m[31m[91m14px 8px!important[33m}[39m[31m[91m[33m.mt-xl-2,.my-xl-2[39m[31m[91m[33m{[39m[31m[91mmargin-top[33m:[39m[31m[91m14px!important[33m}[39m[31m[91m[33m.mr-xl-2,.mx-xl-2[39m[31m[91m[33m{[39m[31m[91mmargin-right[33m:[39m[31m[91m8px!important[33m}[39m[31m[91m[33m.mb-xl-2,.my-xl-2[39m[31m[91m[33m{[39m[31m[91mmargin-bottom[33m:[39m[31m[91m14px!important[33m}[39m[31m[91m[33m.ml-xl-2,.mx-xl-2[39m[31m[91m[33m{[39m[31m[91mmargin-left[33m:[39m[31m[91m8px!important[33m}[39m[31m[91m[33m.m-xl-3[39m[31m[91m[33m{[39m[31m[91mmargin[33m:[39m[31m[91m14px 8px!important[33m}[39m[31m[91m[33m.mt-xl-3,.my-xl-3[39m[31m[91m[33m{[39m[31m[91mmargin-top[33m:[39m[31m[91m14px!important[33m}[39m[31m[91m[33m.mr-xl-3,.mx-xl-3[39m[31m[91m[[39m[22m[1m[31m33m{[39m[31m[91mmargin-right[33m:[39m[31m[91m8px!important[33m}[39m[31m[91m[33m.mb-xl-3,.my-xl-3[39m[31m[91m[33m{[39m[31m[91mmargin-bottom[33m:[39m[31m[91m14px!important[33m}[39m[31m[91m[33m.ml-xl-3,.mx-xl-3[39m[31m[91m[33m{[39m[31m[91mmargin-left[33m:[39m[31m[91m8px!important[33m}[39m[31m[91m[33m.m-xl-4[39m[31m[91m[33m{[39m[31m[91mmargin[33m:[39m[31m[91m28px 16px!important[33m}[39m[31m[91m[33m.mt-xl-4,.my-xl-4[39m[31m[91m[33m{[39m[31m[91mmargin-top[33m:[39m[31m[91m28px!important[33m}[39m[31m[91m[33m.mr-xl-4,.mx-xl-4[39m[31m[91m[33m{[39m[31m[91mmargin-right[33m:[39m[31m[91m16px!important[33m}[39m[31m[91m[33m.mb-xl-4,.my-xl-4[39m[31m[91m[33m{[39m[31m[91mmargin-bottom[33m:[39m[31m[91m28px!important[33m}[39m[31m[91m[33m.ml-xl-4,.mx-xl-4[39m[31m[91m[33m{[39m[31m[91mmargin-left[33m:[39m[31m[91m16px!important[33m}[39m[31m[91m[33m.m-xl-5[39m[31m[91m[33m{[39m[31m[91mmargin[33m:[39m[31m[91m28px 16px!important[33m}[39m[31m[91m[33m.mt-xl-5,.my-xl-5[39m[31m[91m[33m{[39m[31m[91mmargin-top[33m:[39m[31m[91m28px!important[33m}[39m[31m[91m[33m.mr-xl-5,.mx-xl-5[39m[31m[91m[33m{[39m[31m[91mmargin-right[33m:[39m[31m[91m16px!important[33m}[39m[31m[91m[33m.mb-xl-5,.my-xl-5[39m[31m[91m[33m{[39m[31m[91mmargin-bottom[33m:[39m[31m[91m28px!important[33m}[39m[31m[91m[33m.ml-xl-5,.mx-xl-5[39m[31m[91m[33m{[39m[31m[91mmargin-left[33m:[39m[31m[91m16px!important[33m}[39m[31m[91m[33m.m-xl-6[39m[31m[91m[33m{[39m[31m[91mmargin[33m:[39m[31m[91m42px 24px!important[33m}[39m[31m[91m[33m.mt-xl-6,.my-xl-6[39m[31m[91m[33m{[39m[31m[91mmargin-top[33m:[39m[31m[91m42px!important[33m}[39m[31m[91m[33m.mr-xl-6,.mx-xl-6[39m[31m[91m[33m{[39m[31m[91mmargin-right[33m:[39m[31m[91m24px!important[33m}[39m[31m[91m[33m.mb-xl-6,.my-xl-6[39m[31m[91m[33m{[39m[31m[91mmargin-bottom[33m:[39m[31m[91m42px!important[33m}[39m[31m[91m[33m.ml-xl-6,.mx-xl-6[39m[31m[91m[33m{[39m[31m[91mmargin-left[33m:[39m[31m[91m24px!important[33m}[39m[31m[91m[33m.p-xl-0[39m[31m[91m[33m{[39m[31m[91mpadding[33m:[39m[31m[91m0 0!important[33m}[39m[31m[91m[33m.pt-xl-0,.py-xl-0[39m[31m[91m[33m{[39m[31m[91mpadding-top[33m:[39m[31m[91m0![39m[22m[1m[31mimportant[33m}[39m[31m[91m[33m.pr-xl-0,.px-xl-0[39m[31m[91m[33m{[39m[31m[91mpadding-right[33m:[39m[31m[91m0!important[33m}[39m[31m[91m[33m.pb-xl-0,.py-xl-0[39m[31m[91m[33m{[39m[31m[91mpadding-bottom[33m:[39m[31m[91m0!important[33m}[39m[31m[91m[33m.pl-xl-0,.px-xl-0[39m[31m[91m[33m{[39m[31m[91mpadding-left[33m:[39m[31m[91m0!important[33m}[39m[31m[91m[33m.p-xl-1[39m[31m[91m[33m{[39m[31m[91mpadding[33m:[39m[31m[91m0 0!important[33m}[39m[31m[91m[33m.pt-xl-1,.py-xl-1[39m[31m[91m[33m{[39m[31m[91mpadding-top[33m:[39m[31m[91m0!important[33m}[39m[31m[91m[33m.pr-xl-1,.px-xl-1[39m[31m[91m[33m{[39m[31m[91mpadding-right[33m:[39m[31m[91m0!important[33m}[39m[31m[91m[33m.pb-xl-1,.py-xl-1[39m[31m[91m[33m{[39m[31m[91mpadding-bottom[33m:[39m[31m[91m0!important[33m}[39m[31m[91m[33m.pl-xl-1,.px-xl-1[39m[31m[91m[33m{[39m[31m[91mpadding-left[33m:[39m[31m[91m0!important[33m}[39m[31m[91m[33m.p-xl-2[39m[31m[91m[33m{[39m[31m[91mpadding[33m:[39m[31m[91m14px 8px!important[33m}[39m[31m[91m[33m.pt-xl-2,.py-xl-2[39m[31m[91m[33m{[39m[31m[91mpadding-top[33m:[39m[31m[91m14px!important[33m}[39m[31m[91m[33m.pr-xl-2,.px-xl-2[39m[31m[91m[33m{[39m[31m[91mpadding-right[33m:[39m[31m[91m8px!important[33m}[39m[31m[91m[33m.pb-xl-2,.py-xl-2[39m[31m[91m[33m{[39m[31m[91mpadding-bottom[33m:[39m[31m[91m14px!important[33m}[39m[31m[91m[33m.pl-xl-2,.px-xl-2[39m[31m[91m[33m{[39m[31m[91mpadding-left[33m:[39m[31m[91m8px!important[33m}[39m[31m[91m[33m.p-xl-3[39m[31m[91m[33m{[39m[31m[91mpadding[33m:[39m[31m[91m14px 8px!important[33m}[39m[31m[91m[33m.pt-xl-3,.py-xl-3[39m[31m[91m[33m{[39m[31m[91mpadding-top[33m:[39m[31m[91m14px!important[33m}[39m[31m[91m[33m.pr-xl-3,.px-xl-3[39m[31m[91m[33m{[39m[31m[91mpadding-right[33m:[39m[31m[91m8px!important[33m}[39m[31m[91m[33m.pb-xl-3,.py-xl-3[39m[31m[91m[33m{[39m[31m[91mpadding-bottom[33m:[39m[31m[91m14px!important[33m}[39m[31m[91m[33m.pl-xl-3,.px-xl-3[39m[31m[91m[33m{[39m[31m[91mpadding-left[33m:[39m[31m[91m8px!important[33m}[39m[31m[91m[33m.p-xl-4[39m[31m[91m[33m{[39m[31m[91mpadding[33m:[39m[31m[91m28px 16px!important[33m}[39m[31m[91m[33m.pt-xl-4,.py-xl-4[3[39m[22m[1m[31m9m[91m[33m{[39m[31m[91mpadding-top[33m:[39m[31m[91m28px!important[33m}[39m[31m[91m[33m.pr-xl-4,.px-xl-4[39m[31m[91m[33m{[39m[31m[91mpadding-right[33m:[39m[31m[91m16px!important[33m}[39m[31m[91m[33m.pb-xl-4,.py-xl-4[39m[31m[91m[33m{[39m[31m[91mpadding-bottom[33m:[39m[31m[91m28px!important[33m}[39m[31m[91m[33m.pl-xl-4,.px-xl-4[39m[31m[91m[33m{[39m[31m[91mpadding-left[33m:[39m[31m[91m16px!important[33m}[39m[31m[91m[33m.p-xl-5[39m[31m[91m[33m{[39m[31m[91mpadding[33m:[39m[31m[91m28px 16px!important[33m}[39m[31m[91m[33m.pt-xl-5,.py-xl-5[39m[31m[91m[33m{[39m[31m[91mpadding-top[33m:[39m[31m[91m28px!important[33m}[39m[31m[91m[33m.pr-xl-5,.px-xl-5[39m[31m[91m[33m{[39m[31m[91mpadding-right[33m:[39m[31m[91m16px!important[33m}[39m[31m[91m[33m.pb-xl-5,.py-xl-5[39m[31m[91m[33m{[39m[31m[91mpadding-bottom[33m:[39m[31m[91m28px!important[33m}[39m[31m[91m[33m.pl-xl-5,.px-xl-5[39m[31m[91m[33m{[39m[31m[91mpadding-left[33m:[39m[31m[91m16px!important[33m}[39m[31m[91m[33m.p-xl-6[39m[31m[91m[33m{[39m[31m[91mpadding[33m:[39m[31m[91m42px 24px!important[33m}[39m[31m[91m[33m.pt-xl-6,.py-xl-6[39m[31m[91m[33m{[39m[31m[91mpadding-top[33m:[39m[31m[91m42px!important[33m}[39m[31m[91m[33m.pr-xl-6,.px-xl-6[39m[31m[91m[33m{[39m[31m[91mpadding-right[33m:[39m[31m[91m24px!important[33m}[39m[31m[91m[33m.pb-xl-6,.py-xl-6[39m[31m[91m[33m{[39m[31m[91mpadding-bottom[33m:[39m[31m[91m42px!important[33m}[39m[31m[91m[33m.pl-xl-6,.px-xl-6[39m[31m[91m[33m{[39m[31m[91mpadding-left[33m:[39m[31m[91m24px!important[33m}[39m[31m[91m[33m.m-xl-n1[39m[31m[91m[33m{[39m[31m[91mmargin[33m:[39m[31m[91m0!important[33m}[39m[31m[91m[33m.mt-xl-n1,.my-xl-n1[39m[31m[91m[33m{[39m[31m[91mmargin-top[33m:[39m[31m[91m0!important[33m}[39m[31m[91m[33m.mr-xl-n1,.mx-xl-n1[39m[31m[91m[33m{[39m[31m[91mmargin-right[33m:[39m[31m[91m0!important[33m}[39m[31m[91m[33m.mb-xl-n1,.my-xl-n1[39m[31m[91m[33m{[39m[31m[91mmargin-bottom[33m:[39m[31m[91m0!important[33m}[39m[31m[91m[33m.ml-xl-n1,.mx-xl-n1[39m[31m[91m[33m{[39m[31m[91mmargin-left[33m:[39m[31m[91m0!important[33m}[39m[31m[91m[33m.m-xl-n2[39m[31m[91m[33m{[39m[31m[91mmargin[33[39m[22m[1m[31mm:[39m[31m[91m-22px!important[33m}[39m[31m[91m[33m.mt-xl-n2,.my-xl-n2[39m[31m[91m[33m{[39m[31m[91mmargin-top[33m:[39m[31m[91m-14px!important[33m}[39m[31m[91m[33m.mr-xl-n2,.mx-xl-n2[39m[31m[91m[33m{[39m[31m[91mmargin-right[33m:[39m[31m[91m-8px!important[33m}[39m[31m[91m[33m.mb-xl-n2,.my-xl-n2[39m[31m[91m[33m{[39m[31m[91mmargin-bottom[33m:[39m[31m[91m-14px!important[33m}[39m[31m[91m[33m.ml-xl-n2,.mx-xl-n2[39m[31m[91m[33m{[39m[31m[91mmargin-left[33m:[39m[31m[91m-8px!important[33m}[39m[31m[91m[33m.m-xl-n3[39m[31m[91m[33m{[39m[31m[91mmargin[33m:[39m[31m[91m-22px!important[33m}[39m[31m[91m[33m.mt-xl-n3,.my-xl-n3[39m[31m[91m[33m{[39m[31m[91mmargin-top[33m:[39m[31m[91m-14px!important[33m}[39m[31m[91m[33m.mr-xl-n3,.mx-xl-n3[39m[31m[91m[33m{[39m[31m[91mmargin-right[33m:[39m[31m[91m-8px!important[33m}[39m[31m[91m[33m.mb-xl-n3,.my-xl-n3[39m[31m[91m[33m{[39m[31m[91mmargin-bottom[33m:[39m[31m[91m-14px!important[33m}[39m[31m[91m[33m.ml-xl-n3,.mx-xl-n3[39m[31m[91m[33m{[39m[31m[91mmargin-left[33m:[39m[31m[91m-8px!important[33m}[39m[31m[91m[33m.m-xl-n4[39m[31m[91m[33m{[39m[31m[91mmargin[33m:[39m[31m[91m-44px!important[33m}[39m[31m[91m[33m.mt-xl-n4,.my-xl-n4[39m[31m[91m[33m{[39m[31m[91mmargin-top[33m:[39m[31m[91m-28px!important[33m}[39m[31m[91m[33m.mr-xl-n4,.mx-xl-n4[39m[31m[91m[33m{[39m[31m[91mmargin-right[33m:[39m[31m[91m-16px!important[33m}[39m[31m[91m[33m.mb-xl-n4,.my-xl-n4[39m[31m[91m[33m{[39m[31m[91mmargin-bottom[33m:[39m[31m[91m-28px!important[33m}[39m[31m[91m[33m.ml-xl-n4,.mx-xl-n4[39m[31m[91m[33m{[39m[31m[91mmargin-left[33m:[39m[31m[91m-16px!important[33m}[39m[31m[91m[33m.m-xl-n5[39m[31m[91m[33m{[39m[31m[91mmargin[33m:[39m[31m[91m-44px!important[33m}[39m[31m[91m[33m.mt-xl-n5,.my-xl-n5[39m[31m[91m[33m{[39m[31m[91mmargin-top[33m:[39m[31m[91m-28px!important[33m}[39m[31m[91m[33m.mr-xl-n5,.mx-xl-n5[39m[31m[91m[33m{[39m[31m[91mmargin-right[33m:[39m[31m[91m-16px!important[33m}[39m[31m[91m[33m.mb-xl-n5,.my-xl-n5[39m[31m[91m[33m{[39m[31m[91mmargin-bottom[33m:[39m[31m[91m-28px!important[33m}[39m[31m[91m[33m.ml-xl-n5,.mx-xl-n5[39m[31m[91m[33m{[39m[31m[91mmargin-[39m[22m[1m[31mleft[33m:[39m[31m[91m-16px!important[33m}[39m[31m[91m[33m.m-xl-n6[39m[31m[91m[33m{[39m[31m[91mmargin[33m:[39m[31m[91m-66px!important[33m}[39m[31m[91m[33m.mt-xl-n6,.my-xl-n6[39m[31m[91m[33m{[39m[31m[91mmargin-top[33m:[39m[31m[91m-42px!important[33m}[39m[31m[91m[33m.mr-xl-n6,.mx-xl-n6[39m[31m[91m[33m{[39m[31m[91mmargin-right[33m:[39m[31m[91m-24px!important[33m}[39m[31m[91m[33m.mb-xl-n6,.my-xl-n6[39m[31m[91m[33m{[39m[31m[91mmargin-bottom[33m:[39m[31m[91m-42px!important[33m}[39m[31m[91m[33m.ml-xl-n6,.mx-xl-n6[39m[31m[91m[33m{[39m[31m[91mmargin-left[33m:[39m[31m[91m-24px!important[33m}[39m[31m[91m[33m.m-xl-auto[39m[31m[91m[33m{[39m[31m[91mmargin[33m:[39m[31m[91mauto!important[33m}[39m[31m[91m[33m.mt-xl-auto,.my-xl-auto[39m[31m[91m[33m{[39m[31m[91mmargin-top[33m:[39m[31m[91mauto!important[33m}[39m[31m[91m[33m.mr-xl-auto,.mx-xl-auto[39m[31m[91m[33m{[39m[31m[91mmargin-right[33m:[39m[31m[91mauto!important[33m}[39m[31m[91m[33m.mb-xl-auto,.my-xl-auto[39m[31m[91m[33m{[39m[31m[91mmargin-bottom[33m:[39m[31m[91mauto!important[33m}[39m[31m[91m[33m.ml-xl-auto,.mx-xl-auto[39m[31m[91m[33m{[39m[31m[91mmargin-left[33m:[39m[31m[91mauto!important[33m}[39m[31m[91m[33m}[39m[31m[91m[33m.text-monospace[39m[31m[91m[33m{[39m[31m[91mfont-family[33m:[39m[31m[91mDOS,Monaco,Menlo,Consolas,[32m"Courier New"[39m[31m[91m,monospace!important[33m}[39m[31m[91m[33m.text-justify[39m[31m[91m[33m{[39m[31m[91mtext-align[33m:[39m[31m[91mjustify!important[33m}[39m[31m[91m[33m.text-wrap[39m[31m[91m[33m{[39m[31m[91mwhite-space[33m:[39m[31m[91mnormal!important[33m}[39m[31m[91m[33m.text-nowrap[39m[31m[91m[33m{[39m[31m[91mwhite-space[33m:[39m[31m[91mnowrap!important[33m}[39m[31m[91m[33m.text-truncate[39m[31m[91m[33m{[39m[31m[91moverflow[33m:[39m[31m[91mhidden[33m;[39m[31m[91mtext-overflow[33m:[39m[31m[91mellipsis[33m;[39m[31m[91mwhite-space[33m:[39m[31m[91mnowrap[33m}[39m[31m[91m[33m.text-left[39m[31m[91m[33m{[39m[31m[91mtext-align[33m:[39m[31m[91mleft!important[33m}[39m[31m[91m[33m.text-right[39m[31m[91m[33m{[39m[31m[91mtext-align[33m:[39m[31m[91mright!important[33m}[39m[31m[91m[33m.text-[39m[22m[1m[31mcenter[39m[31m[91m[33m{[39m[31m[91mtext-align[33m:[39m[31m[91mcenter!important[33m}[39m[31m[91m[36m@media[39m[31m[91m[36m [39m[31m[91m[36m(min-width:576px)[39m[31m[91m[33m{[39m[31m[91m[33m.text-sm-left[39m[31m[91m[33m{[39m[31m[91mtext-align[33m:[39m[31m[91mleft!important[33m}[39m[31m[91m[33m.text-sm-right[39m[31m[91m[33m{[39m[31m[91mtext-align[33m:[39m[31m[91mright!important[33m}[39m[31m[91m[33m.text-sm-center[39m[31m[91m[33m{[39m[31m[91mtext-align[33m:[39m[31m[91mcenter!important[33m}[39m[31m[91m[33m}[39m[31m[91m[36m@media[39m[31m[91m[36m [39m[31m[91m[36m(min-width:768px)[39m[31m[91m[33m{[39m[31m[91m[33m.text-md-left[39m[31m[91m[33m{[39m[31m[91mtext-align[33m:[39m[31m[91mleft!important[33m}[39m[31m[91m[33m.text-md-right[39m[31m[91m[33m{[39m[31m[91mtext-align[33m:[39m[31m[91mright!important[33m}[39m[31m[91m[33m.text-md-center[39m[31m[91m[33m{[39m[31m[91mtext-align[33m:[39m[31m[91mcenter!important[33m}[39m[31m[91m[33m}[39m[31m[91m[36m@media[39m[31m[91m[36m [39m[31m[91m[36m(min-width:960px)[39m[31m[91m[33m{[39m[31m[91m[33m.text-lg-left[39m[31m[91m[33m{[39m[31m[91mtext-align[33m:[39m[31m[91mleft!important[33m}[39m[31m[91m[33m.text-lg-right[39m[31m[91m[33m{[39m[31m[91mtext-align[33m:[39m[31m[91mright!important[33m}[39m[31m[91m[33m.text-lg-center[39m[31m[91m[33m{[39m[31m[91mtext-align[33m:[39m[31m[91mcenter!important[33m}[39m[31m[91m[33m}[39m[31m[91m[36m@media[39m[31m[91m[36m [39m[31m[91m[36m(min-width:1152px)[39m[31m[91m[33m{[39m[31m[91m[33m.text-xl-left[39m[31m[91m[33m{[39m[31m[91mtext-align[33m:[39m[31m[91mleft!important[33m}[39m[31m[91m[33m.text-xl-right[39m[31m[91m[33m{[39m[31m[91mtext-align[33m:[39m[31m[91mright!important[33m}[39m[31m[91m[33m.text-xl-center[39m[31m[91m[33m{[39m[31m[91mtext-align[33m:[39m[31m[91mcenter!important[33m}[39m[31m[91m[33m}[39m[31m[91m[33m.text-lowercase[39m[31m[91m[33m{[39m[31m[91mtext-transform[33m:[39m[31m[91mlowercase!important[33m}[39m[31m[91m[33m.text-uppercase[39m[31m[91m[33m{[39m[31m[91mtext-transform[33m:[39m[31m[91muppercase!important[33m}[39m[31m[91m[33m.text-capitalize[39m[31m[91m[33m{[39m[31m[91mtext-transfo[39m[22m[1m[31mrm[33m:[39m[31m[91mcapitalize!important[33m}[39m[31m[91m[33m.font-italic[39m[31m[91m[33m{[39m[31m[91mfont-style[33m:[39m[31m[91mnormal!important[33m}[39m[31m[91m[33m.text-white[39m[31m[91m[33m{[39m[31m[91mcolor[33m:[39m[31m[91m[35m#fff[39m[31m[91m!important[33m}[39m[31m[91m[33m.text-primary[39m[31m[91m[33m{[39m[31m[91mcolor[33m:[39m[31m[91m[35m#fff[39m[31m[91m!important[33m}[39m[31m[91m[33m.text-secondary[39m[31m[91m[33m{[39m[31m[91mcolor[33m:[39m[31m[91m[35m#fff[39m[31m[91m!important[33m}[39m[31m[91m[33m.text-success[39m[31m[91m[33m{[39m[31m[91mcolor[33m:[39m[31m[91m[35m#5f5[39m[31m[91m!important[33m}[39m[31m[91m[33m.text-info[39m[31m[91m[33m{[39m[31m[91mcolor[33m:[39m[31m[91m[35m#5ff[39m[31m[91m!important[33m}[39m[31m[91m[33m.text-warning[39m[31m[91m[33m{[39m[31m[91mcolor[33m:[39m[31m[91m[35m#ff5[39m[31m[91m!important[33m}[39m[31m[91m[33m.text-danger[39m[31m[91m[33m{[39m[31m[91mcolor[33m:[39m[31m[91m[35m#f55[39m[31m[91m!important[33m}[39m[31m[91m[33m.text-dark[39m[31m[91m[33m{[39m[31m[91mcolor[33m:[39m[31m[91m[35m#555[39m[31m[91m!important[33m}[39m[31m[91m[33m.text-body[39m[31m[91m[33m{[39m[31m[91mcolor[33m:[39m[31m[91m[35m#bbb[39m[31m[91m!important[33m}[39m[31m[91m[33m.text-muted[39m[31m[91m[33m{[39m[31m[91mcolor[33m:[39m[31m[91m[35m#555[39m[31m[91m[33m}[39m[31m[91m[33m.text-hide[39m[31m[91m[33m{[39m[31m[91mfont[33m:[39m[31m[91m0/0 a[33m;[39m[31m[91mcolor[33m:[39m[31m[91mtransparent[33m;[39m[31m[91mtext-shadow[33m:[39m[31m[91mnone[33m;[39m[31m[91mbackground-color[33m:[39m[31m[91mtransparent[33m;[39m[31m[91mborder[33m:[39m[31m[91m0[33m}[39m[31m[91m[33m.text-decoration-none[39m[31m[91m[33m{[39m[31m[91mtext-decoration[33m:[39m[31m[91mnone!important[33m}[39m[31m[91m[33m.text-break[39m[31m[91m[33m{[39m[31m[91mword-break[33m:[39m[31m[91mbreak-word!important[33m;[39m[31m[91moverflow-wrap[33m:[39m[31m[91mbreak-word!important[33m}[39m[31m[91m[33m.text-reset[39m[31m[91m[33m{[39m[31m[91mcolor[33m:[39m[31m[91minherit!important[33m}[39m[31m[91m[33m.visible[39m[31m[91m[33m{[39m[31m[91mvisibility[33m:[39m[31m[91mvisible!important[33m}[39m[31m[91m[33m.invisible[39m[22m[1m[31m[39m[91m[33m{[39m[31m[91mvisibility[33m:[39m[31m[91mhidden!important[33m}[39m[31m[91m[36m@media[39m[31m[91m print[33m{[39m[31m[91m*,[33m:[39m[31m[91m[33m:[39m[31m[91mafter,[33m:[39m[31m[91m[33m:[39m[31m[91mbefore[33m{[39m[31m[91mtext-shadow[33m:[39m[31m[91mnone!important[33m;[39m[31m[91mbox-shadow[33m:[39m[31m[91mnone!important[33m}[39m[31m[91ma[33m:[39m[31m[91m[36mnot[39m[31m[91m[36m(.btn)[39m[31m[91m[33m{[39m[31m[91mtext-decoration[33m:[39m[31m[91munderline[33m}[39m[31m[91mabbr[33m[[39m[31m[91mtitle[33m][39m[31m[91m[33m:[39m[31m[91m[33m:[39m[31m[91mafter[33m{[39m[31m[91mcontent[33m:[39m[31m[91m[32m" ("[39m[31m[91m [36mattr[39m[31m[91m[36m(title)[39m[31m[91m [32m")"[39m[31m[91m[33m}[39m[31m[91mpre[33m{[39m[31m[91mwhite-space[33m:[39m[31m[91mpre-wrap!important[33m}[39m[31m[91mblockquote,pre[33m{[39m[31m[91mborder[33m:[39m[31m[91m0 solid [35m#555[39m[31m[91m[33m;[39m[31m[91mpage-break-inside[33m:[39m[31m[91mavoid[33m}[39m[31m[91mthead[33m{[39m[31m[91mdisplay[33m:[39m[31m[91mtable-header-group[33m}[39m[31m[91mimg,tr[33m{[39m[31m[91mpage-break-inside[33m:[39m[31m[91mavoid[33m}[39m[31m[91mh2,h3,p[33m{[39m[31m[91morphans[33m:[39m[31m[91m3[33m;[39m[31m[91mwidows[33m:[39m[31m[91m3[33m}[39m[31m[91mh2,h3[33m{[39m[31m[91mpage-break-after[33m:[39m[31m[91mavoid[33m}[39m[31m[91m[36m@page[39m[31m[91m[33m{[39m[31m[91msize[33m:[39m[31m[91ma3[33m}[39m[31m[91mbody[33m{[39m[31m[91mmin-width[33m:[39m[31m[91m960px!important[33m}[39m[31m[91m[33m.container[39m[31m[91m[33m{[39m[31m[91mmin-width[33m:[39m[31m[91m960px!important[33m}[39m[31m[91m[33m.navbar[39m[31m[91m[33m{[39m[31m[91mdisplay[33m:[39m[31m[91mnone[33m}[39m[31m[91m[33m.badge[39m[31m[91m[33m{[39m[31m[91mborder[33m:[39m[31m[91m0 solid [35m#000[39m[31m[91m[33m}[39m[31m[91m[33m.table[39m[31m[91m[33m{[39m[31m[91mborder-collapse[33m:[39m[31m[91mcollapse!important[33m}[39m[31m[91m[33m.table[39m[31m[91m td,.table th[33m{[39m[31m[91mbackground-color[33m:[39m[31m[91m[35m#fff[39m[31m[91m!important[33m}[39m[31m[91m[33m.table-bordered[39m[31m[91m td,.table-bordered th[33m{[39m[31m[91mborder[33m:[39m[31m[91m1px solid [35m#55[39m[22m[1m[31m5[39m[31m[91m!important[33m}[39m[31m[91m[33m.table-dark[39m[31m[91m[33m{[39m[31m[91mcolor[33m:[39m[31m[91minherit[33m}[39m[31m[91m[33m.table-dark[39m[31m[91m tbody+tbody,.table-dark td,.table-dark th,.table-dark thead th[33m{[39m[31m[91mborder-color[33m:[39m[31m[91m[35m#555[39m[31m[91m[33m}[39m[31m[91m[33m.table[39m[31m[91m [33m.thead-dark[39m[31m[91m th[33m{[39m[31m[91mcolor[33m:[39m[31m[91minherit[33m;[39m[31m[91mborder-color[33m:[39m[31m[91m[35m#555[39m[31m[91m[33m}[39m[31m[91m[33m}[39m[31m[91m[39m[31m[0m[39m[22m
[1m[31m[0m[91m [90m   | [39m[31m[91m                                                                                                                                                                                                                                                                                                                                                                                                                                                                                                                                                                                                                                                                                                                                                                                                                                                                                                                                                                                                                                                                                                                                                                                                                                                                                                                                                                                                                                                                                                                                       [39m[22m[1m[31m                                                                                                                                                                                                                                                                                                                                                                                                                                                                                                                                                                                                                                                                                                                                                                                                                                                                                                                                                                                                                                                                                                                                                                                                                                                                                                                                                                                                                                                                                                                                                                                                                                                                                                                                                                                                                                                                                                                                                                                                                                                                                [39m[22m[1m[31m                                                                                                                                                                                                                                                                                                                                                                                                                                                                                                                                                                                                                                                                                                                                                                                                                                                                                                                                                                                                                                                                                                                                                                                                                                                                                                                                                                                                                                                                                                                                                                                                                                                                                                                                                                                                                                                                                                                                                                                                                                                                                [39m[22m[1m[31m                                                                                                                                                                                                                                                                                                                                                                                                                                                                                                                                                                                                                                                                                                                                                                                                                                                                                                                                                                                                                                                                                                                                                                                                                                                                                                                                                                                                                                                                                                                                                                                                                                                                                                                                                                                                                                                                                                                                                                                                                                                                                [39m[22m[1m[31m                                                                                                                                                                                                                                                                                                                                                                                                                                                                                                                                                                                                                                                                                                                                                                                                                                                                                                                                                                                                                                                                                                                                                                                                                                                                                                                                                                                                                                                                                                                                                                                                                                                                                                                                                                                                                                                                                                                                                                                                                                                                                [39m[22m[1m[31m                                                                                                                                                                                                                                                                                                                                                                                                                                                                                                                                                                                                                                                                                                                                                                                                                                                                                                                                                                                                                                                                                                                                                                                                                                                                                                                                                                                                                                                                                                                                                                                                                                                                                                                                                                                                                                                                                                                                                                                                                                                                                [39m[22m[1m[31m                                                                                                                                                                                                                                                                                                                                                                                                                                                                                                                                                                                                                                                                                                                                                                                                                                                                                                                                                                                                                                                                                                                                                                                                                                                                                                                                                                                                                                                                                                                                                                                                                                                                                                                                                                                                                                                                                                                                                                                                                                                                                [39m[22m[1m[31m                                                                                                                                                                                                                                                                                                                                                                                                                                                                                                                                                                                                                                                                                                                                                                                                                                                                                                                                                                                                                                                                                                                                                                                                                                                                                                                                                                                                                                                                                                                                                                                                                                                                                                                                                                                                                                                                                                                                                                                                                                                                                [39m[22m[1m[31m                                                                                                                                                                                                                                                                                                                                                                                                                                                                                                                                                                                                                                                                                                                                                                                                                                                                                                                                                                                                                                                                                                                                                                                                                                                                                                                                                                                                                                                                                                                                                                                                                                                                                                                                                                                                                                                                                                                                                                                                                                                                                [39m[22m[1m[31m                                                                                                                                                                                                                                                                                                                                                                                                                                                                                                                                                                                                                                                                                                                                                                                                                                                                                                                                                                                                                                                                                                                                                                                                                                                                                                                                                                                                                                                                                                                                                                                                                                                                                                                                                                                                                                                                                                                                                                                                                                                                                [39m[22m[1m[31m                                                                                                                                                                                                                                                                                                                                                                                                                                                                                                                                                                                                                                                                                                                                                                                                                                                                                                                                                                                                                                                                                                                                                                                                                                                                                                                                                                                                                                                                                                                                                                                                                                                                                                                                                                                                                                                                                                                                                                                                                                                                                [39m[22m[1m[31m                                                                                                                                                                                                                                                                                                                                                                                                                                                                                                                                                                                                                                                                                                                                                                                                                                                                                                                                                                                                                                                                                                                                                                                                                                                                                                                                                                                                                                                                                                                                                                                                                                                                                                                                                                                                                                                                                                                                                                                                                                                                                [39m[22m[1m[31m                                                                                                                                                                                                                                                                                                                                                                                                                                                                                                                                                                                                                                                                                                                                                                                                                                                                                                                                                                                                                                                                                                                                                                                                                                                                                                                                                                                                                                                                                                                                                                                                                                                                                                                                                                                                                                                                                                                                                                                                                                                                                [39m[22m[1m[31m                                                                                                                                                                                                                                                                                                                                                                                                                                                                                                                                                                                                                                                                                                                                                                                                                                                                                                                                                                                                                                                                                                                                                                                                                                                                                                                                                                                                                                                                                                                                                                                                                                                                                                                                                                                                                                                                                                                                                                                                                                                                                [39m[22m[1m[31m                                                                                                                                                                                                                                                                                                                                                                                                                                                                                                                                                                                                                                                                                                                                                                                                                                                                                                                                                                                                                                                                                                                                                                                                                                                                                                                                                                                                                                                                                                                                                                                                                                                                                                                                                                                                                                                                                                                                                                                                                                                                                [39m[22m[1m[31m                                                                                                                                                                                                                                                                                                                                                                                                                                                                                                                                                                                                                                                                                                                                                                                                                                                                                                                                                                                                                                                                                                                                                                                                                                                                                                                                                                                                                                                                                                                                                                                                                                                                                                                                                                                                                                                                                                                                                                                                                                                                                [39m[22m[1m[31m                                                                                                                                                                                                                                                                                                                                                                                                                                                                                                                                                                                                                                                                                                                                                                                                                                                                                                                                                                                                                                                                                                                                                                                                                                                                                                                                                                                                                                                                                                                                                                                                                                                                                                                                                                                                                                                                                                                                                                                                                                                                                [39m[22m[1m[31m                                                                                                                                                                                                                                                                                                                                                                                                                                                                                                                                                                                                                                                                                                                                                                                                                                                                                                                                                                                                                                                                                                                                                                                                                                                                                                                                                                                                                                                                                                                                                                                                                                                                                                                                                                                                                                                                                                                                                                                                                                                                                [39m[22m[1m[31m                                                                                                                                                                                                                                                                                                                                                                                                                                                                                                                                                                                                                                                                                                                                                                                                                                                                                                                                                                                                                                                                                                                                                                                                                                                                                                                                                                                                                                                                                                                                                                                                                                                                                                                                                                                                                                                                                                                                                                                                                                                                                [39m[22m[1m[31m                                                                                                                                                                                                                                                                                                                                                                                                                                                                                                                                                                                                                                                                                                                                                                                                                                                                                                                                                                                                                                                                                                                                                                                                                                                                                                                                                                                                                                                                                                                                                                                                                                                                                                                                                                                                                                                                                                                                                                                                                                                                                [39m[22m[1m[31m                                                                                                                                                                                                                                                                                                                                                                                                                                                                                                                                                                                                                                                                                                                                                                                                                                                                                                                                                                                                                                                                                                                                                                                                                                                                                                                                                                                                                                                                                                                                                                                                                                                                                                                                                                                                                                                                                                                                                                                                                                                                                [39m[22m[1m[31m                                                                                                                                                                                                                                                                                                                                                                                                                                                                                                                                                                                                                                                                                                                                                                                                                                                                                                                                                                                                                                                                                                                                                                                                                                                                                                                                                                                                                                                                                                                                                                                                                                                                                                                                                                                                                                                                                                                                                                                                                                                                                [39m[22m[1m[31m                                                                                                                                                                                                                                                                                                                                                                                                                                                                                                                                                                                                                                                                                                                                                                                                                                                                                                                                                                                                                                                                                                                                                                                                                                                                                                                                                                                                                                                                                                                                                                                                                                                                                                                                                                                                                                                                                                                                                                                                                                                                                [39m[22m[1m[31m                                                                                                                                                                                                                                                                                                                                                                                                                                                                                                                                                                                                                                                                                                                                                                                                                                                                                                                                                                                                                                                                                                                                                                                                                                                                                                                                                                                                                                                                                                                                                                                                                                                                                                                                                                                                                                                                                                                                                                                                                                                                                [39m[22m[1m[31m                                                                                                                                                                                                                                                                                                                                                                                                                                                                                                                                                                                                                                                                                                                                                                                                                                                                                                                                                                                                                                                                                                                                                                                                                                                                                                                                                                                                                                                                                                                                                                                                                                                                                                                                                                                                                                                                                                                                                                                                                                                                                [39m[22m[1m[31m                                                                                                                                                                                                                                                                                                                                                                                                                                                                                                                                                                                                                                                                                                                                                                                                                                                                                                                                                                                                                                                                                                                                                                                                                                                                                                                                                                                                                                                                                                                                                                                                                                                                                                                                                                                                                                                                                                                                                                                                                                                                                [39m[22m[1m[31m                                                                                                                                                                                                                                                                                                                                                                                                                                                                                                                                                                                                                                                                                                                                                                                                                                                                                                                                                                                                                                                                                                                                                                                                                                                                                                                                                                                                                                                                                                                                                                                                                                                                                                                                                                                                                                                                                                                                                                                                                                                                                [39m[22m[1m[31m                                                                                                                                                                                                                                                                                                                                                                                                                                                                                                                                                                                                                                                                                                                                                                                                                                                                                                                                                                                                                                                                                                                                                                                                                                                                                                                                                                                                                                                                                                                                                                                                                                                                                                                                                                                                                                                                                                                                                                                                                                                                                [39m[22m[1m[31m                                                                                                                                                                                                                                                                                                                                                                                                                                                                                                                                                                                                                                                                                                                                                                                                                                                                                                                                                                                                                                                                                                                                                                                                                                                                                                                                                                                                                                                                                                                                                                                                                                                                                                                                                                                                                                                                                                                                                                                                                                                                                [39m[22m[1m[31m                                                                                                                                                                                                                                                                                                                                                                                                                                                                                                                                                                                                                                                                                                                                                                                                                                                                                                                                                                                                                                                                                                                                                                                                                                                                                                                                                                                                                                                                                                                                                                                                                                                                                                                                                                                                                                                                                                                                                                                                                                                                                [39m[22m[1m[31m                                                                                                                                                                                                                                                                                                                                                                                                                                                                                                                                                                                                                                                                                                                                                                                                                                                                                                                                                                                                                                                                                                                                                                                                                                                                                                                                                                                                                                                                                                                                                                                                                                                                                                                                                                                                                                                                                                                                                                                                                                                                                [39m[22m[1m[31m                                                                                                                                                                                                                                                                                                                                                                                                                                                                                                                                                                                                                                                                                                                                                                                                                                                                                                                                                                                                                                                                                                                                                                                                                                                                                                                                                                                                                                                                                                                                                                                                                                                                                                                                                                                                                                                                                                                                                                                                                                                                                [39m[22m[1m[31m                                                                                                                                                                                                                                                                                                                                                                                                                                                                                                                                                                                                                                                                                                                                                                                                                                                                                                                                                                                                                                                                                                                                                                                                                                                                                                                                                                                                                                                                                                                                                                                                                                                                                                                                                                                                                                                                                                                                                                                                                                                                                [39m[22m[1m[31m                                                                                                                                                                                                                                                                                                                                                                                                                                                                                                                                                                                                                                                                                                                                                                                                                                                                                                                                                                                                                                                                                                                                                                                                                                                                                                                                                                                                                                                                                                                                                                                                                                                                                                                                                                                                                                                                                                                                                                                                                                                                                [39m[22m[1m[31m                                                                                                                                                                                                                                                                                                                                                                                                                                                                                                                                                                                                                                                                                                                                                                                                                                                                                                                                                                                                                                                                                                                                                                                                                                                                                                                                                                                                                                                                                                                                                                                                                                                                                                                                                                                                                                                                                                                                                                                                                                                                                [39m[22m[1m[31m                                                                                                                                                                                                                                                                                                                                                                                                                                                                                                                                                                                                                                                                                                                                                                                                                                                                                                                                                                                                                                                                                                                                                                                                                                                                                                                                                                                                                                                                                                                                                                                                                                                                                                                                                                                                                                                                                                                                                                                                                                                                                [39m[22m[1m[31m                                                                                                                                                                                                                                                                                                                                                                                                                                                                                                                                                                                                                                                                                                                                                                                                                                                                                                                                                                                                                                                                                                                                                                                                                                                                                                                                                                                                                                                                                                                                                                                                                                                                                                                                                                                                                                                                                                                                                                                                                                                                                [39m[22m[1m[31m                                                                                                                                                                                                                                                                                                                                                                                                                                                                                                                                                                                                                                                                                                                                                                                                                                                                                                                                                                                                                                                                                                                                                                                                                                                                                                                                                                                                                                                                                                                                                                                                                                                                                                                                                                                                                                                                                                                                                                                                                                                                                [39m[22m[1m[31m                                                                                                                                                                                                                                                                                                                                                                                                                                                                                                                                                                                                                                                                                                                                                                                                                                                                                                                                                                                                                                                                                                                                                                                                                                                                                                                                                                                                                                                                                                                                                                                                                                                                                                                                                                                                                                                                                                                                                                                                                                                                                [39m[22m[1m[31m                                                                                                                                                                                                                                                                                                                                                                                                                                                                                                                                                                                                                                                                                                                                                                                                                                                                                                                                                                                                                                                                                                                                                                                                                                                                                                                                                                                                                                                                                                                                                                                                                                                                                                                                                                                                                                                                                                                                                                                                                                                                                [39m[22m[1m[31m                                                                                                                                                                                                                                                                                                                                                                                                                                                                                                                                                                                                                                                                                                                                                                                                                                                                                                                                                                                                                                                                                                                                                                                                                                                                                                                                                                                                                                                                                                                                                                                                                                                                                                                                                                                                                                                                                                                                                                                                                                                                                [39m[22m[1m[31m                                                                                                                                                                                                                                                                                                                                                                                                                                                                                                                                                                                                                                                                                                                                                                                                                                                                                                                                                                                                                                                                                                                                                                                                                                                                                                                                                                                                                                                                                                                                                                                                                                                                                                                                                                                                                                                                                                                                                                                                                                                                                [39m[22m[1m[31m                                                                                                                                                                                                                                                                                                                                                                                                                                                                                                                                                                                                                                                                                                                                                                                                                                                                                                                                                                                                                                                                                                                                                                                                                                                                                                                                                                                                                                                                                                                                                                                                                                                                                                                                                                                                                                                                                                                                                                                                                                                                                [39m[22m[1m[31m                                                                                                                                                                                                                                                                                                                                                                                                                                                                                                                                                                                                                                                                                                                                                                                                                                                                                                                                                                                                                                                                                                                                                                                                                                                                                                                                                                                                                                                                                                                                                                                                                                                                                                                                                                                                                                                                                                                                                                                                                                                                                [39m[22m[1m[31m                                                                                                                                                                                                                                                                                                                                                                                                                                                                                                                                                                                                                                                                                                                                                                                                                                                                                                                                                                                                                                                                                                                                                                                                                                                                                                                                                                                                                                                                                                                                                                                                                                                                                                                                                                                                                                                                                                                                                                                                                                                                                [39m[22m[1m[31m                                                                                                                                                                                                                                                                                                                                                                                                                                                                                                                                                                                                                                                                                                                                                                                                                                                                                                                                                                                                                                                                                                                                                                                                                                                                                                                                                                                                                                                                                                                                                                                                                                                                                                                                                                                                                                                                                                                                                                                                                                                                                [39m[22m[1m[31m                                                                                                                                                                                                                                                                                                                                                                                                                                                                                                                                                                                                                                                                                                                                                                                                                                                                                                                                                                                                                                                                                                                                                                                                                                                                                                                                                                                                                                                                                                                                                                                                                                                                                                                                                                                                                                                                                                                                                                                                                                                                                [39m[22m[1m[31m                                                                                                                                                                                                                                                                                                                                                                                                                                                                                                                                                                                                                                                                                                                                                                                                                                                                                                                                                                                                                                                                                                                                                                                                                                                                                                                                                                                                                                                                                                                                                                                                                                                                                                                                                                                                                                                                                                                                                                                                                                                                                [39m[22m[1m[31m                                                                                                                                                                                                                                                                                                                                                                                                                                                                                                                                                                                                                                                                                                                                                                                                                                                                                                                                                                                                                                                                                                                                                                                                                                                                                                                                                                                                                                                                                                                                                                                                                                                                                                                                                                                                                                                                                                                                                                                                                                                                                [39m[22m[1m[31m                                                                                                                                                                                                                                                                                                                                                                                                                                                                                                                                                                                                                                                                                                                                                                                                                                                                                                                                                                                                                                                                                                                                                                                                                                                                                                                                                                                                                                                                                                                                                                                                                                                                                                                                                                                                                                                                                                                                                                                                                                                                                [39m[22m[1m[31m                                                                                                                                                                                                                                                                                                                                                                                                                                                                                                                                                                                                                                                                                                                                                                                                                                                                                                                                                                                                                                                                                                                                                                                                                                                                                                                                                                                                                                                                                                                                                                                                                                                                                                                                                                                                                                                                                                                                                                                                                                                                                [39m[22m[1m[31m                                                                                                                                                                                                                                                                                                                                                                                                                                                                                                                                                                                                                                                                                                                                                                                                                                                                                                                                                                                                                                                                                                                                                                                                                                                                                                                                                                                                                                                                                                                                                                                                                                                                                                                                                                                                                                                                                                                                                                                                                                                                                [39m[22m[1m[31m                                                                                                                                                                                                                                                                                                                                                                                                                                                                                                                                                                                                                                                                                                                                                                                                                                                                                                                                                                                                                                                                                                                                                      [1m[31m^[39m[31m[91m[22m[1m[39m[31m[0m[39m[22m
[1m[31m[0m[91m [90m 7 | [39m[31m[91m[90m/*# sourceMappingURL=bootstrap.min.css.map */[39m[31m[91m[39m[31m[0m[39m[22m
[1m[31m[0m[91m[39m[31m[0m[39m[22m
[1m[31m[0m[91m    at Object.emitError (/Users/zefram/Documents/GitHub/astrodrop-frontend/node_modules/@angular-builders/custom-webpack/node_modules/webpack/lib/NormalModule.js:173:6)[39m[31m[0m[39m[22m
[1m[31m[0m[91m    at Declaration (/Users/zefram/Documents/GitHub/astrodrop-frontend/node_modules/@angular-builders/custom-webpack/node_modules/@angular-devkit/build-angular/src/webpack/plugins/postcss-cli-resources.js:123:28)[39m[31m[0m[39m[22m
[1m[31m[0m[91m    at runMicrotasks (<anonymous>)[39m[31m[0m[39m[22m
[1m[31m[0m[91m    at processTicksAndRejections (node:internal/process/task_queues:96:5)[39m[31m[0m[39m[22m
[1m[31m[0m[91m    at async LazyResult.runAsync (/Users/zefram/Documents/GitHub/astrodrop-frontend/node_modules/@angular-builders/custom-webpack/node_modules/postcss/lib/lazy-resul[39m[22m[1m[31mt.js:375:15)[39m[31m[0m[39m[22m
[1m[31m[0m[91m    at async Object.loader (/Users/zefram/Documents/GitHub/astrodrop-frontend/node_modules/@angular-builders/custom-webpack/node_modules/postcss-loader/dist/index.js:95:14)[39m[31m[0m[39m[22m
[1m[31m[0m[91m[39m[31m[0m[39m[22m
[1m[31m[0m[91m[39m[31m[0m[39m[22m
- Generating browser application bundles...
[32m✔[39m Browser application bundle generation complete.
[1m[33m[39m[22m
[1m[33m[0m[93mWarning: Emitted no files.[39m[33m[0m[39m[22m
[1m[33m[0m[93m[39m[33m[0m[39m[22m
[1m[33m[0m[93m[39m[33m[0m[39m[22m
[1m[33m[0m[93m[39m[33m[0m[39m[22m
[1m[31m[39m[22m
[1m[31m[0m[91mError: ./src/assets/css/bootstrap-reboot.min.css[39m[31m[0m[39m[22m
[1m[31m[0m[91mModule build failed (from ./node_modules/@angular-builders/custom-webpack/node_modules/mini-css-extract-plugin/dist/loader.js):[39m[31m[0m[39m[22m
[1m[31m[0m[91mModuleError: Module Error (from ./node_modules/@angular-builders/custom-webpack/node_modules/postcss-loader/dist/cjs.js):[39m[31m[0m[39m[22m
[1m[31m[0m[91m(Emitted value instead of an instance of Error) CssSyntaxError: /Users/zefram/Documents/GitHub/astrodrop-frontend/src/assets/css/bootstrap-reboot.min.css:7:39: Can't resolve 'assets/fonts/Px437_IBM_EGA8.otf' in '/Users/zefram/Documents/GitHub/astrodrop-frontend/src/assets/css'[39m[31m[0m[39m[22m
[1m[31m[0m[91m[39m[31m[0m[39m[22m
[1m[31m[0m[91m [90m 5 | [39m[31m[91m[90m * Licensed under MIT (https://github.com/twbs/bootstrap/blob/master/LICENSE)[39m[31m[91m[39m[31m[0m[39m[22m
[1m[31m[0m[91m [90m 6 | [39m[31m[91m[90m * Forked from Normalize.css, licensed MIT (https://github.com/necolas/normalize.css/blob/master/LICENSE.md)[39m[31m[91m[39m[31m[0m[39m[22m
[1m[31m[0m[91m[1m[31m>[39m[31m[91m[22m[1m[90m 7 | [39m[31m[91m[90m */[39m[31m[91m[36m@font-face[39m[31m[91m[33m{[39m[31m[91mfont-family[33m:[39m[31m[91mDOS[33m;[39m[31m[91msrc[33m:[39m[31m[91m[36murl[39m[31m[91m[36m(assets/fonts/Px437_IBM_EGA8.otf)[39m[31m[91m [36mformat[39m[31m[91m[36m([39m[31m[91m[32m"opentype"[39m[31m[91m[36m)[39m[31m[91m[33m;[39m[31m[91mfont-weight[33m:[39m[31m[91m400[33m;[39m[31m[91mfont-style[33m:[39m[31m[91mnormal[33m;[39m[31m[91m-webkit-font-kerning[33m:[39m[31m[91mnone[33m;[39m[31m[91mfont-kerning[33m:[39m[31m[91mnone[33m;[39m[31m[91mfont-synthesis[33m:[39m[31m[91mnone[33m;[39m[31m[91m-webkit-font-variant-ligatures[33m:[39m[31m[91mnone[33m;[39m[31m[91mfont-variant-ligatures[33m:[39m[31m[91mnone[33m;[39m[31m[91mfont-variant-numeric[33m:[39m[31m[91mtabular-nums[33m}[39m[31m[91m*,[33m:[39m[31m[91m[33m:[39m[31m[91mafter,[33m:[39m[31m[91m[33m:[39m[31m[91mbefore[33m{[39m[31m[91mbox-sizing[33m:[39m[31m[91mborder-box[33m}[39m[31m[91mhtml[33m{[39m[31m[91mfont-family[33m:[39m[31m[91mDOS,monospace[33m;[39m[31m[91mline-height[33m:[39m[31m[91m14px[33m;[[39m[22m[1m[31m39m[91m-webkit-text-size-adjust[33m:[39m[31m[91m100%[33m;[39m[31m[91m-webkit-tap-highlight-color[33m:[39m[31m[91mtransparent[33m;[39m[31m[91mline-height-step[33m:[39m[31m[91m14px[33m}[39m[31m[91marticle,aside,figcaption,figure,footer,header,hgroup,main,nav,section[33m{[39m[31m[91mdisplay[33m:[39m[31m[91mblock[33m}[39m[31m[91mbody[33m{[39m[31m[91mmargin[33m:[39m[31m[91m0[33m;[39m[31m[91mfont-family[33m:[39m[31m[91mDOS,Monaco,Menlo,Consolas,[32m"Courier New"[39m[31m[91m,monospace[33m;[39m[31m[91mfont-weight[33m:[39m[31m[91m400[33m;[39m[31m[91mline-height[33m:[39m[31m[91m14px[33m;[39m[31m[91mfont-size[33m:[39m[31m[91m16px[33m;[39m[31m[91mcolor[33m:[39m[31m[91m[35m#bbb[39m[31m[91m[33m;[39m[31m[91mtext-align[33m:[39m[31m[91mleft[33m;[39m[31m[91mbackground-color[33m:[39m[31m[91m[35m#000084[39m[31m[91m[33m;[39m[31m[91m-webkit-font-kerning[33m:[39m[31m[91mnone[33m;[39m[31m[91mfont-kerning[33m:[39m[31m[91mnone[33m;[39m[31m[91mtext-rendering[33m:[39m[31m[91mgeometricPrecision[33m}[39m[31m[91m[33m[[39m[31m[91mtabindex=[32m"-1"[39m[31m[91m[33m][39m[31m[91m[33m:[39m[31m[91mfocus[33m:[39m[31m[91m[36mnot[39m[31m[91m[36m(:focus-visible)[39m[31m[91m[33m{[39m[31m[91moutline[33m:[39m[31m[91m0!important[33m}[39m[31m[91mhr[33m{[39m[31m[91mbox-sizing[33m:[39m[31m[91mcontent-box[33m;[39m[31m[91mheight[33m:[39m[31m[91m0[33m;[39m[31m[91moverflow[33m:[39m[31m[91mvisible[33m}[39m[31m[91mh1,h2,h3,h4,h5,h6[33m{[39m[31m[91mmargin-top[33m:[39m[31m[91m0[33m;[39m[31m[91mmargin-bottom[33m:[39m[31m[91m14px[33m;[39m[31m[91mfont-weight[33m:[39m[31m[91m400[33m}[39m[31m[91mp[33m{[39m[31m[91mmargin-top[33m:[39m[31m[91m0[33m;[39m[31m[91mmargin-bottom[33m:[39m[31m[91m14px[33m}[39m[31m[91mabbr[33m[[39m[31m[91mdata-original-title[33m][39m[31m[91m,abbr[33m[[39m[31m[91mtitle[33m][39m[31m[91m[33m{[39m[31m[91mtext-decoration[33m:[39m[31m[91mnone[33m;[39m[31m[91mcursor[33m:[39m[31m[91mhelp[33m;[39m[31m[91mborder-bottom[33m:[39m[31m[91m0[33m;[39m[31m[91m-webkit-text-decoration-skip-ink[33m:[39m[31m[91mnone[33m;[39m[31m[91mtext-decoration-skip-ink[33m:[39m[31m[91mnone[33m}[39m[31m[91maddress[39m[22m[1m[31m[33m{[39m[31m[91mmargin-bottom[33m:[39m[31m[91m14px[33m;[39m[31m[91mfont-style[33m:[39m[31m[91mnormal[33m;[39m[31m[91mline-height[33m:[39m[31m[91minherit[33m}[39m[31m[91mdl,ol,ul[33m{[39m[31m[91mmargin-top[33m:[39m[31m[91m0[33m;[39m[31m[91mmargin-left[33m:[39m[31m[91m8px[33m;[39m[31m[91mpadding-left[33m:[39m[31m[91m0[33m;[39m[31m[91mmargin-bottom[33m:[39m[31m[91m14px[33m}[39m[31m[91mli[33m{[39m[31m[91mpadding-left[33m:[39m[31m[91m8px[33m}[39m[31m[91mol ol,ol ul,ul ol,ul ul[33m{[39m[31m[91mmargin-bottom[33m:[39m[31m[91m0[33m}[39m[31m[91mdt[33m{[39m[31m[91mfont-weight[33m:[39m[31m[91m400[33m}[39m[31m[91mdd[33m{[39m[31m[91mmargin-bottom[33m:[39m[31m[91m14px[33m;[39m[31m[91mmargin-left[33m:[39m[31m[91m0[33m}[39m[31m[91mblockquote[33m{[39m[31m[91mmargin[33m:[39m[31m[91m0 0 14px[33m}[39m[31m[91mb,strong[33m{[39m[31m[91mfont-weight[33m:[39m[31m[91m400[33m}[39m[31m[91mb[33m:[39m[31m[91m[33m:[39m[31m[91mafter,b[33m:[39m[31m[91m[33m:[39m[31m[91mbefore,strong[33m:[39m[31m[91m[33m:[39m[31m[91mafter,strong[33m:[39m[31m[91m[33m:[39m[31m[91mbefore[33m{[39m[31m[91mcontent[33m:[39m[31m[91m[32m'*'[39m[31m[91m[33m}[39m[31m[91msmall[33m{[39m[31m[91mfont-size[33m:[39m[31m[91m16px[33m}[39m[31m[91msub,sup[33m{[39m[31m[91mposition[33m:[39m[31m[91mrelative[33m;[39m[31m[91mline-height[33m:[39m[31m[91m0[33m;[39m[31m[91mvertical-align[33m:[39m[31m[91mbaseline[33m}[39m[31m[91msub[33m{[39m[31m[91mbottom[33m:[39m[31m[91m0[33m}[39m[31m[91msup[33m{[39m[31m[91mtop[33m:[39m[31m[91m0[33m}[39m[31m[91ma[33m{[39m[31m[91mcolor[33m:[39m[31m[91m[35m#ff5[39m[31m[91m[33m;[39m[31m[91mtext-decoration[33m:[39m[31m[91mnone[33m;[39m[31m[91mbackground-color[33m:[39m[31m[91mtransparent[33m}[39m[31m[91ma[33m:[39m[31m[91mhover[33m{[39m[31m[91mcolor[33m:[39m[31m[91m[35m#bbb[39m[31m[91m[33m;[39m[31m[91mbackground-color[33m:[39m[31m[91m[35m#000[39m[31m[91m[33m}[39m[31m[91mem[33m{[39m[31m[91mfont-style[33m:[39m[31m[91mnormal[33m}[39m[31m[91mem[33m:[39m[31m[91m[33m:[39m[31m[91mafter,em[33m:[39m[31m[91m[33m:[39m[31m[91mbefore[33m{[39m[31m[91mcontent[33m:[39m[31m[91m[32m"/"[39m[31m[91m[33m}[39m[31m[91ma[33m:[39m[31m[39m[22m[1m[31m[91m[36mnot[39m[31m[91m[36m([href])[39m[31m[91m[33m{[39m[31m[91mcolor[33m:[39m[31m[91minherit[33m;[39m[31m[91mtext-decoration[33m:[39m[31m[91mnone[33m}[39m[31m[91ma[33m:[39m[31m[91m[36mnot[39m[31m[91m[36m([href])[39m[31m[91m[33m:[39m[31m[91mhover[33m{[39m[31m[91mcolor[33m:[39m[31m[91minherit[33m;[39m[31m[91mtext-decoration[33m:[39m[31m[91mnone[33m}[39m[31m[91mcode,kbd,pre,samp[33m{[39m[31m[91mfont-family[33m:[39m[31m[91mDOS,Monaco,Menlo,Consolas,[32m"Courier New"[39m[31m[91m,monospace[33m;[39m[31m[91mfont-size[33m:[39m[31m[91m16px[33m}[39m[31m[91mpre[33m{[39m[31m[91mmargin-top[33m:[39m[31m[91m0[33m;[39m[31m[91mmargin-bottom[33m:[39m[31m[91m14px[33m;[39m[31m[91moverflow[33m:[39m[31m[91mauto[33m}[39m[31m[91mfigure[33m{[39m[31m[91mmargin[33m:[39m[31m[91m0 0 14px[33m}[39m[31m[91mimg[33m{[39m[31m[91mvertical-align[33m:[39m[31m[91mmiddle[33m;[39m[31m[91mborder-style[33m:[39m[31m[91mnone[33m}[39m[31m[91msvg[33m{[39m[31m[91moverflow[33m:[39m[31m[91mhidden[33m;[39m[31m[91mvertical-align[33m:[39m[31m[91mmiddle[33m}[39m[31m[91mtable[33m{[39m[31m[91mborder-collapse[33m:[39m[31m[91mcollapse[33m;[39m[31m[91mborder-spacing[33m:[39m[31m[91m0[33m}[39m[31m[91mcaption[33m{[39m[31m[91mpadding-top[33m:[39m[31m[91m0[33m;[39m[31m[91mpadding-bottom[33m:[39m[31m[91m0[33m;[39m[31m[91mcolor[33m:[39m[31m[91m[35m#555[39m[31m[91m[33m;[39m[31m[91mtext-align[33m:[39m[31m[91mleft[33m;[39m[31m[91mcaption-side[33m:[39m[31m[91mbottom[33m}[39m[31m[91mth[33m{[39m[31m[91mtext-align[33m:[39m[31m[91minherit[33m;[39m[31m[91mfont-weight[33m:[39m[31m[91m400[33m;[39m[31m[91mcolor[33m:[39m[31m[91m[35m#fff[39m[31m[91m[33m}[39m[31m[91mlabel[33m{[39m[31m[91mdisplay[33m:[39m[31m[91minline-block[33m;[39m[31m[91mmargin-bottom[33m:[39m[31m[91m0[33m}[39m[31m[91mbutton[33m{[39m[31m[91mborder-radius[33m:[39m[31m[91m0[33m;[39m[31m[91mpadding[33m:[39m[31m[91m0[33m}[39m[31m[91mbutton[33m:[39m[31m[91mfocus[33m{[39m[31m[91moutline[33m:[39m[31m[91m0 dotted[33m;[39m[31m[91moutline[33m:[39m[31m[91m5px auto -webkit-focus-ring-color[33m}[39m[31m[91mbutton,input,optgroup,select,textarea[33m{[39m[31m[91mmargin[33m[39m[22m[1m[31m:[39m[31m[91m0[33m;[39m[31m[91mfont[33m:[39m[31m[91m400 16px DOS!important[33m;[39m[31m[91mline-height[33m:[39m[31m[91m14px[33m}[39m[31m[91moption[33m{[39m[31m[91mpadding[33m:[39m[31m[91m0[33m;[39m[31m[91mmin-height[33m:[39m[31m[91m0[33m;[39m[31m[91mline-height[33m:[39m[31m[91m14px[33m}[39m[31m[91mbutton,input[33m{[39m[31m[91moverflow[33m:[39m[31m[91mvisible[33m}[39m[31m[91minput[33m:[39m[31m[91m[33m:[39m[31m[91mfocus[33m{[39m[31m[91mcolor[33m:[39m[31m[91m[35m#00f[39m[31m[91m[33m;[39m[31m[91moutline[33m:[39m[31m[91m0[33m}[39m[31m[91m[33m:[39m[31m[91mfocus[33m{[39m[31m[91moutline[33m:[39m[31m[91m0[33m}[39m[31m[91mbutton,select[33m{[39m[31m[91mtext-transform[33m:[39m[31m[91mnone[33m}[39m[31m[91mselect[33m{[39m[31m[91mword-wrap[33m:[39m[31m[91mnormal[33m}[39m[31m[91m[33m[[39m[31m[91mtype=button[33m][39m[31m[91m,[33m[[39m[31m[91mtype=reset[33m][39m[31m[91m,[33m[[39m[31m[91mtype=submit[33m][39m[31m[91m,button[33m{[39m[31m[91m-webkit-appearance[33m:[39m[31m[91mbutton[33m}[39m[31m[91m[33m[[39m[31m[91mtype=button[33m][39m[31m[91m[33m:[39m[31m[91m[36mnot[39m[31m[91m[36m(:disabled)[39m[31m[91m,[33m[[39m[31m[91mtype=reset[33m][39m[31m[91m[33m:[39m[31m[91m[36mnot[39m[31m[91m[36m(:disabled)[39m[31m[91m,[33m[[39m[31m[91mtype=submit[33m][39m[31m[91m[33m:[39m[31m[91m[36mnot[39m[31m[91m[36m(:disabled)[39m[31m[91m,button[33m:[39m[31m[91m[36mnot[39m[31m[91m[36m(:disabled)[39m[31m[91m[33m{[39m[31m[91mcursor[33m:[39m[31m[91mpointer[33m}[39m[31m[91m[33m[[39m[31m[91mtype=button[33m][39m[31m[91m[33m:[39m[31m[91m[33m:[39m[31m[91m-moz-focus-inner,[33m[[39m[31m[91mtype=reset[33m][39m[31m[91m[33m:[39m[31m[91m[33m:[39m[31m[91m-moz-focus-inner,[33m[[39m[31m[91mtype=submit[33m][39m[31m[91m[33m:[39m[31m[91m[33m:[39m[31m[91m-moz-focus-inner,button[33m:[39m[31m[91m[33m:[39m[31m[91m-moz-focus-inner[33m{[39m[31m[91mpadding[33m:[39m[31m[91m0[33m;[39m[31m[91mborder-style[33m:[39m[31m[91mnone[33m}[39m[31m[91minput[33m[[39m[31m[91mtype=checkbox[33m][39m[31m[91m,input[33m[[39m[31m[91mtype=radio[33m][39m[31m[91m[33m{[39m[31m[91mbox-sizing[33m:[39m[31m[91mborder-box[33m;[39m[31m[91mpadding[33m:[[39m[22m[1m[31m39m[91m0[33m}[39m[31m[91minput[33m[[39m[31m[91mtype=date[33m][39m[31m[91m,input[33m[[39m[31m[91mtype=datetime-local[33m][39m[31m[91m,input[33m[[39m[31m[91mtype=month[33m][39m[31m[91m,input[33m[[39m[31m[91mtype=time[33m][39m[31m[91m[33m{[39m[31m[91m-webkit-appearance[33m:[39m[31m[91mlistbox[33m}[39m[31m[91mtextarea[33m{[39m[31m[91moverflow[33m:[39m[31m[91mauto[33m;[39m[31m[91mresize[33m:[39m[31m[91mvertical[33m}[39m[31m[91mfieldset[33m{[39m[31m[91mmin-width[33m:[39m[31m[91m0[33m;[39m[31m[91mpadding[33m:[39m[31m[91m0[33m;[39m[31m[91mmargin[33m:[39m[31m[91m0[33m;[39m[31m[91mborder[33m:[39m[31m[91m0[33m}[39m[31m[91mlegend[33m{[39m[31m[91mdisplay[33m:[39m[31m[91mblock[33m;[39m[31m[91mwidth[33m:[39m[31m[91m100%[33m;[39m[31m[91mmax-width[33m:[39m[31m[91m100%[33m;[39m[31m[91mpadding[33m:[39m[31m[91m0[33m;[39m[31m[91mmargin-bottom[33m:[39m[31m[91m14px[33m;[39m[31m[91mfont-size[33m:[39m[31m[91m16px[33m;[39m[31m[91mline-height[33m:[39m[31m[91minherit[33m;[39m[31m[91mcolor[33m:[39m[31m[91minherit[33m;[39m[31m[91mwhite-space[33m:[39m[31m[91mnormal[33m}[39m[31m[91mprogress[33m{[39m[31m[91mvertical-align[33m:[39m[31m[91mbaseline[33m}[39m[31m[91m[33m[[39m[31m[91mtype=number[33m][39m[31m[91m[33m:[39m[31m[91m[33m:[39m[31m[91m-webkit-inner-spin-button,[33m[[39m[31m[91mtype=number[33m][39m[31m[91m[33m:[39m[31m[91m[33m:[39m[31m[91m-webkit-outer-spin-button[33m{[39m[31m[91mheight[33m:[39m[31m[91mauto[33m}[39m[31m[91m[33m[[39m[31m[91mtype=search[33m][39m[31m[91m[33m{[39m[31m[91moutline-offset[33m:[39m[31m[91m-2px[33m;[39m[31m[91m-webkit-appearance[33m:[39m[31m[91mnone[33m}[39m[31m[91m[33m[[39m[31m[91mtype=search[33m][39m[31m[91m[33m:[39m[31m[91m[33m:[39m[31m[91m-webkit-search-decoration[33m{[39m[31m[91m-webkit-appearance[33m:[39m[31m[91mnone[33m}[39m[31m[91m[33m:[39m[31m[91m[33m:[39m[31m[91m-webkit-file-upload-button[33m{[39m[31m[91mfont[33m:[39m[31m[91minherit[33m;[39m[31m[91m-webkit-appearance[33m:[39m[31m[91mbutton[33m}[39m[31m[91moutput[33m{[39m[31m[91mdisplay[33m:[39m[31m[91minline-block[33m}[39m[31m[91msummary[33m{[39m[31m[91mdisplay[33m:[39m[31m[91mlist-item[33m;[39m[22m[1m[31m[39m[31m[91mcursor[33m:[39m[31m[91mpointer[33m}[39m[31m[91mtemplate[33m{[39m[31m[91mdisplay[33m:[39m[31m[91mnone[33m}[39m[31m[91m[33m[[39m[31m[91mhidden[33m][39m[31m[91m[33m{[39m[31m[91mdisplay[33m:[39m[31m[91mnone!important[33m}[39m[31m[91m[39m[31m[0m[39m[22m
[1m[31m[0m[91m [90m   | [39m[31m[91m                                      [1m[31m^[39m[31m[91m[22m[1m[39m[31m[0m[39m[22m
[1m[31m[0m[91m [90m 8 | [39m[31m[91m[90m/*# sourceMappingURL=bootstrap-reboot.min.css.map */[39m[31m[91m[39m[31m[0m[39m[22m
[1m[31m[0m[91m[39m[31m[0m[39m[22m
[1m[31m[0m[91m    at Object.emitError (/Users/zefram/Documents/GitHub/astrodrop-frontend/node_modules/@angular-builders/custom-webpack/node_modules/webpack/lib/NormalModule.js:173:6)[39m[31m[0m[39m[22m
[1m[31m[0m[91m    at Declaration (/Users/zefram/Documents/GitHub/astrodrop-frontend/node_modules/@angular-builders/custom-webpack/node_modules/@angular-devkit/build-angular/src/webpack/plugins/postcss-cli-resources.js:123:28)[39m[31m[0m[39m[22m
[1m[31m[0m[91m    at runMicrotasks (<anonymous>)[39m[31m[0m[39m[22m
[1m[31m[0m[91m    at processTicksAndRejections (node:internal/process/task_queues:96:5)[39m[31m[0m[39m[22m
[1m[31m[0m[91m    at async LazyResult.runAsync (/Users/zefram/Documents/GitHub/astrodrop-frontend/node_modules/@angular-builders/custom-webpack/node_modules/postcss/lib/lazy-result.js:375:15)[39m[31m[0m[39m[22m
[1m[31m[0m[91m    at async Object.loader (/Users/zefram/Documents/GitHub/astrodrop-frontend/node_modules/@angular-builders/custom-webpack/node_modules/postcss-loader/dist/index.js:95:14)[39m[31m[0m[39m[22m
[1m[31m[0m[91m[39m[31m[0m[39m[22m
[1m[31m[0m[91m[39m[31m[0m[0m[91mError: ./src/assets/css/bootstrap.min.css[39m[31m[0m[39m[22m
[1m[31m[0m[91mModule build failed (from ./node_modules/@angular-builders/custom-webpack/node_modules/mini-css-extract-plugin/dist/loader.js):[39m[31m[0m[39m[22m
[1m[31m[0m[91mModuleError: Module Error (from ./node_modules/@angular-builders/custom-webpack/node_modules/postcss-loader/dist/cjs.js):[39m[31m[0m[39m[22m
[1m[31m[0m[91m(Emitted value instead of an instance of Error) CssSyntaxError: /Users/zefram/Documents/GitHub/astrodrop-frontend/src/assets/css/bootstrap.min.css:6:104590: Can't resolve 'assets/fonts/shade-[39m[22m[1m[31m50-grayLight.svg' in '/Users/zefram/Documents/GitHub/astrodrop-frontend/src/assets/css'[39m[31m[0m[39m[22m
[1m[31m[0m[91m[39m[31m[0m[39m[22m
[1m[31m[0m[91m [90m 4 | [39m[31m[91m[90m * Copyright 2011-2019 Twitter, Inc.[39m[31m[91m[39m[31m[0m[39m[22m
[1m[31m[0m[91m [90m 5 | [39m[31m[91m[90m * Licensed under MIT (https://github.com/twbs/bootstrap/blob/master/LICENSE)[39m[31m[91m[39m[31m[0m[39m[22m
[1m[31m[0m[91m[1m[31m>[39m[31m[91m[22m[1m[90m 6 | [39m[31m[91m[90m */[39m[31m[91m[33m:[39m[31m[91mroot[33m{[39m[31m[91m--blue[33m:[39m[31m[91m[35m#000084[39m[31m[91m[33m;[39m[31m[91m--indigo[33m:[39m[31m[91m[35m#55f[39m[31m[91m[33m;[39m[31m[91m--purple[33m:[39m[31m[91m[35m#aa00aa[39m[31m[91m[33m;[39m[31m[91m--pink[33m:[39m[31m[91m[35m#f5f[39m[31m[91m[33m;[39m[31m[91m--red[33m:[39m[31m[91m[35m#aa0000[39m[31m[91m[33m;[39m[31m[91m--orange[33m:[39m[31m[91m[35m#f55[39m[31m[91m[33m;[39m[31m[91m--yellow[33m:[39m[31m[91m[35m#ff5[39m[31m[91m[33m;[39m[31m[91m--green[33m:[39m[31m[91m[35m#00aa00[39m[31m[91m[33m;[39m[31m[91m--teal[33m:[39m[31m[91m[35m#00aaaa[39m[31m[91m[33m;[39m[31m[91m--cyan[33m:[39m[31m[91m[35m#00aaaa[39m[31m[91m[33m;[39m[31m[91m--white[33m:[39m[31m[91m[35m#fff[39m[31m[91m[33m;[39m[31m[91m--gray[33m:[39m[31m[91m[35m#bbbbbb[39m[31m[91m[33m;[39m[31m[91m--gray-dark[33m:[39m[31m[91m[35m#bbbbbb[39m[31m[91m[33m;[39m[31m[91m--primary[33m:[39m[31m[91m[35m#bbbbbb[39m[31m[91m[33m;[39m[31m[91m--secondary[33m:[39m[31m[91m[35m#bbbbbb[39m[31m[91m[33m;[39m[31m[91m--success[33m:[39m[31m[91m[35m#00aa00[39m[31m[91m[33m;[39m[31m[91m--info[33m:[39m[31m[91m[35m#00aaaa[39m[31m[91m[33m;[39m[31m[91m--warning[33m:[39m[31m[91m[35m#aa5500[39m[31m[91m[33m;[39m[31m[91m--danger[33m:[39m[31m[91m[35m#aa0000[39m[31m[91m[33m;[39m[31m[91m--light[33m:[39m[31m[91m[35m#fff[39m[31m[91m[33m;[39m[31m[91m--dark[33m:[39m[31m[91m[35m#000000[39m[31m[91m[33m;[39m[31m[91m--breakpoint-xs[33m:[39m[31m[91m0[33m;[39m[31m[91m--breakpoint-sm[33m:[39m[31m[91m576px[33m;[39m[31m[91m--breakpoint-md[33m:[39m[31m[91m768px[33m;[39m[31m[91m--breakpoint-lg[33m:[39m[31m[91m960px[33m;[39m[31m[91m--breakpoint-xl[33m:[39m[31m[91m1152px[33m;[39m[31m[91m--font-family-sans-seri[39m[22m[1m[31mf[33m:[39m[31m[91mDOS,Monaco,Menlo,Consolas,[32m"Courier New"[39m[31m[91m,monospace[33m;[39m[31m[91m--font-family-monospace[33m:[39m[31m[91mDOS,Monaco,Menlo,Consolas,[32m"Courier New"[39m[31m[91m,monospace[33m}[39m[31m[91m[36m@font-face[39m[31m[91m[33m{[39m[31m[91mfont-family[33m:[39m[31m[91mDOS[33m;[39m[31m[91msrc[33m:[39m[31m[91m[36murl[39m[31m[91m[36m(assets/fonts/Px437_IBM_EGA8.otf)[39m[31m[91m [36mformat[39m[31m[91m[36m([39m[31m[91m[32m"opentype"[39m[31m[91m[36m)[39m[31m[91m[33m;[39m[31m[91mfont-weight[33m:[39m[31m[91m400[33m;[39m[31m[91mfont-style[33m:[39m[31m[91mnormal[33m;[39m[31m[91m-webkit-font-kerning[33m:[39m[31m[91mnone[33m;[39m[31m[91mfont-kerning[33m:[39m[31m[91mnone[33m;[39m[31m[91mfont-synthesis[33m:[39m[31m[91mnone[33m;[39m[31m[91m-webkit-font-variant-ligatures[33m:[39m[31m[91mnone[33m;[39m[31m[91mfont-variant-ligatures[33m:[39m[31m[91mnone[33m;[39m[31m[91mfont-variant-numeric[33m:[39m[31m[91mtabular-nums[33m}[39m[31m[91m*,[33m:[39m[31m[91m[33m:[39m[31m[91mafter,[33m:[39m[31m[91m[33m:[39m[31m[91mbefore[33m{[39m[31m[91mbox-sizing[33m:[39m[31m[91mborder-box[33m}[39m[31m[91mhtml[33m{[39m[31m[91mfont-family[33m:[39m[31m[91mDOS,monospace[33m;[39m[31m[91mline-height[33m:[39m[31m[91m14px[33m;[39m[31m[91m-webkit-text-size-adjust[33m:[39m[31m[91m100%[33m;[39m[31m[91m-webkit-tap-highlight-color[33m:[39m[31m[91mtransparent[33m;[39m[31m[91mline-height-step[33m:[39m[31m[91m14px[33m}[39m[31m[91marticle,aside,figcaption,figure,footer,header,hgroup,main,nav,section[33m{[39m[31m[91mdisplay[33m:[39m[31m[91mblock[33m}[39m[31m[91mbody[33m{[39m[31m[91mmargin[33m:[39m[31m[91m0[33m;[39m[31m[91mfont-family[33m:[39m[31m[91mDOS,Monaco,Menlo,Consolas,[32m"Courier New"[39m[31m[91m,monospace[33m;[39m[31m[91mfont-weight[33m:[39m[31m[91m400[33m;[39m[31m[91mline-height[33m:[39m[31m[91m14px[33m;[39m[31m[91mfont-size[33m:[39m[31m[91m16px[33m;[39m[31m[91mcolor[33m:[39m[31m[91m[35m#bbb[39m[31m[91m[33m;[39m[31m[91mtext-align[33m:[39m[31m[91mleft[33m;[39m[31m[91mbackground-color[33m:[39m[31m[91m[35m#000084[39m[31m[91m[33m;[39m[31m[91m-webkit-font-kerning[33m[39m[22m[1m[31m:[39m[31m[91mnone[33m;[39m[31m[91mfont-kerning[33m:[39m[31m[91mnone[33m;[39m[31m[91mtext-rendering[33m:[39m[31m[91mgeometricPrecision[33m}[39m[31m[91m[33m[[39m[31m[91mtabindex=[32m"-1"[39m[31m[91m[33m][39m[31m[91m[33m:[39m[31m[91mfocus[33m:[39m[31m[91m[36mnot[39m[31m[91m[36m(:focus-visible)[39m[31m[91m[33m{[39m[31m[91moutline[33m:[39m[31m[91m0!important[33m}[39m[31m[91mhr[33m{[39m[31m[91mbox-sizing[33m:[39m[31m[91mcontent-box[33m;[39m[31m[91mheight[33m:[39m[31m[91m0[33m;[39m[31m[91moverflow[33m:[39m[31m[91mvisible[33m}[39m[31m[91mh1,h2,h3,h4,h5,h6[33m{[39m[31m[91mmargin-top[33m:[39m[31m[91m0[33m;[39m[31m[91mmargin-bottom[33m:[39m[31m[91m14px[33m;[39m[31m[91mfont-weight[33m:[39m[31m[91m400[33m}[39m[31m[91mp[33m{[39m[31m[91mmargin-top[33m:[39m[31m[91m0[33m;[39m[31m[91mmargin-bottom[33m:[39m[31m[91m14px[33m}[39m[31m[91mabbr[33m[[39m[31m[91mdata-original-title[33m][39m[31m[91m,abbr[33m[[39m[31m[91mtitle[33m][39m[31m[91m[33m{[39m[31m[91mtext-decoration[33m:[39m[31m[91mnone[33m;[39m[31m[91mcursor[33m:[39m[31m[91mhelp[33m;[39m[31m[91mborder-bottom[33m:[39m[31m[91m0[33m;[39m[31m[91m-webkit-text-decoration-skip-ink[33m:[39m[31m[91mnone[33m;[39m[31m[91mtext-decoration-skip-ink[33m:[39m[31m[91mnone[33m}[39m[31m[91maddress[33m{[39m[31m[91mmargin-bottom[33m:[39m[31m[91m14px[33m;[39m[31m[91mfont-style[33m:[39m[31m[91mnormal[33m;[39m[31m[91mline-height[33m:[39m[31m[91minherit[33m}[39m[31m[91mdl,ol,ul[33m{[39m[31m[91mmargin-top[33m:[39m[31m[91m0[33m;[39m[31m[91mmargin-left[33m:[39m[31m[91m8px[33m;[39m[31m[91mpadding-left[33m:[39m[31m[91m0[33m;[39m[31m[91mmargin-bottom[33m:[39m[31m[91m14px[33m}[39m[31m[91mli[33m{[39m[31m[91mpadding-left[33m:[39m[31m[91m8px[33m}[39m[31m[91mol ol,ol ul,ul ol,ul ul[33m{[39m[31m[91mmargin-bottom[33m:[39m[31m[91m0[33m}[39m[31m[91mdt[33m{[39m[31m[91mfont-weight[33m:[39m[31m[91m400[33m}[39m[31m[91mdd[33m{[39m[31m[91mmargin-bottom[33m:[39m[31m[91m14px[33m;[39m[31m[91mmargin-left[33m:[39m[31m[91m0[33m}[39m[31m[91mblockquote[33m{[39m[31m[91mmargin[33m:[39m[31m[91m0 0 14px[33m}[39m[31m[91mb,strong[33m{[39m[31m[91mfont-weight[33m:[39m[31m[91m400[39m[22m[1m[31m[33m}[39m[31m[91mb[33m:[39m[31m[91m[33m:[39m[31m[91mafter,b[33m:[39m[31m[91m[33m:[39m[31m[91mbefore,strong[33m:[39m[31m[91m[33m:[39m[31m[91mafter,strong[33m:[39m[31m[91m[33m:[39m[31m[91mbefore[33m{[39m[31m[91mcontent[33m:[39m[31m[91m[32m'*'[39m[31m[91m[33m}[39m[31m[91msmall[33m{[39m[31m[91mfont-size[33m:[39m[31m[91m16px[33m}[39m[31m[91msub,sup[33m{[39m[31m[91mposition[33m:[39m[31m[91mrelative[33m;[39m[31m[91mline-height[33m:[39m[31m[91m0[33m;[39m[31m[91mvertical-align[33m:[39m[31m[91mbaseline[33m}[39m[31m[91msub[33m{[39m[31m[91mbottom[33m:[39m[31m[91m0[33m}[39m[31m[91msup[33m{[39m[31m[91mtop[33m:[39m[31m[91m0[33m}[39m[31m[91ma[33m{[39m[31m[91mcolor[33m:[39m[31m[91m[35m#ff5[39m[31m[91m[33m;[39m[31m[91mtext-decoration[33m:[39m[31m[91mnone[33m;[39m[31m[91mbackground-color[33m:[39m[31m[91mtransparent[33m}[39m[31m[91ma[33m:[39m[31m[91mhover[33m{[39m[31m[91mcolor[33m:[39m[31m[91m[35m#bbb[39m[31m[91m[33m;[39m[31m[91mbackground-color[33m:[39m[31m[91m[35m#000[39m[31m[91m[33m}[39m[31m[91mem[33m{[39m[31m[91mfont-style[33m:[39m[31m[91mnormal[33m}[39m[31m[91mem[33m:[39m[31m[91m[33m:[39m[31m[91mafter,em[33m:[39m[31m[91m[33m:[39m[31m[91mbefore[33m{[39m[31m[91mcontent[33m:[39m[31m[91m[32m"/"[39m[31m[91m[33m}[39m[31m[91ma[33m:[39m[31m[91m[36mnot[39m[31m[91m[36m([href])[39m[31m[91m[33m{[39m[31m[91mcolor[33m:[39m[31m[91minherit[33m;[39m[31m[91mtext-decoration[33m:[39m[31m[91mnone[33m}[39m[31m[91ma[33m:[39m[31m[91m[36mnot[39m[31m[91m[36m([href])[39m[31m[91m[33m:[39m[31m[91mhover[33m{[39m[31m[91mcolor[33m:[39m[31m[91minherit[33m;[39m[31m[91mtext-decoration[33m:[39m[31m[91mnone[33m}[39m[31m[91mcode,kbd,pre,samp[33m{[39m[31m[91mfont-family[33m:[39m[31m[91mDOS,Monaco,Menlo,Consolas,[32m"Courier New"[39m[31m[91m,monospace[33m;[39m[31m[91mfont-size[33m:[39m[31m[91m16px[33m}[39m[31m[91mpre[33m{[39m[31m[91mmargin-top[33m:[39m[31m[91m0[33m;[39m[31m[91mmargin-bottom[33m:[39m[31m[91m14px[33m;[39m[31m[91moverflow[33m:[39m[31m[91mauto[33m}[39m[31m[91mfigure[33m{[39m[31m[91mmargin[33m:[39m[31m[91m0 0 14px[33m}[39m[31m[91mimg[33m{[39m[31m[91mvertical-align[33m:[39m[31m[91mmiddle[33m;[39m[31m[39m[22m[1m[31m[91mborder-style[33m:[39m[31m[91mnone[33m}[39m[31m[91msvg[33m{[39m[31m[91moverflow[33m:[39m[31m[91mhidden[33m;[39m[31m[91mvertical-align[33m:[39m[31m[91mmiddle[33m}[39m[31m[91mtable[33m{[39m[31m[91mborder-collapse[33m:[39m[31m[91mcollapse[33m;[39m[31m[91mborder-spacing[33m:[39m[31m[91m0[33m}[39m[31m[91mcaption[33m{[39m[31m[91mpadding-top[33m:[39m[31m[91m0[33m;[39m[31m[91mpadding-bottom[33m:[39m[31m[91m0[33m;[39m[31m[91mcolor[33m:[39m[31m[91m[35m#555[39m[31m[91m[33m;[39m[31m[91mtext-align[33m:[39m[31m[91mleft[33m;[39m[31m[91mcaption-side[33m:[39m[31m[91mbottom[33m}[39m[31m[91mth[33m{[39m[31m[91mtext-align[33m:[39m[31m[91minherit[33m;[39m[31m[91mfont-weight[33m:[39m[31m[91m400[33m;[39m[31m[91mcolor[33m:[39m[31m[91m[35m#fff[39m[31m[91m[33m}[39m[31m[91mlabel[33m{[39m[31m[91mdisplay[33m:[39m[31m[91minline-block[33m;[39m[31m[91mmargin-bottom[33m:[39m[31m[91m0[33m}[39m[31m[91mbutton[33m{[39m[31m[91mborder-radius[33m:[39m[31m[91m0[33m;[39m[31m[91mpadding[33m:[39m[31m[91m0[33m}[39m[31m[91mbutton[33m:[39m[31m[91mfocus[33m{[39m[31m[91moutline[33m:[39m[31m[91m0 dotted[33m;[39m[31m[91moutline[33m:[39m[31m[91m5px auto -webkit-focus-ring-color[33m}[39m[31m[91mbutton,input,optgroup,select,textarea[33m{[39m[31m[91mmargin[33m:[39m[31m[91m0[33m;[39m[31m[91mfont[33m:[39m[31m[91m400 16px DOS!important[33m;[39m[31m[91mline-height[33m:[39m[31m[91m14px[33m}[39m[31m[91moption[33m{[39m[31m[91mpadding[33m:[39m[31m[91m0[33m;[39m[31m[91mmin-height[33m:[39m[31m[91m0[33m;[39m[31m[91mline-height[33m:[39m[31m[91m14px[33m}[39m[31m[91mbutton,input[33m{[39m[31m[91moverflow[33m:[39m[31m[91mvisible[33m}[39m[31m[91minput[33m:[39m[31m[91m[33m:[39m[31m[91mfocus[33m{[39m[31m[91mcolor[33m:[39m[31m[91m[35m#00f[39m[31m[91m[33m;[39m[31m[91moutline[33m:[39m[31m[91m0[33m}[39m[31m[91m[33m:[39m[31m[91mfocus[33m{[39m[31m[91moutline[33m:[39m[31m[91m0[33m}[39m[31m[91mbutton,select[33m{[39m[31m[91mtext-transform[33m:[39m[31m[91mnone[33m}[39m[31m[91mselect[33m{[39m[31m[91mword-wrap[33m:[39m[31m[91mnormal[33m}[39m[31m[91m[33m[[39m[31m[91mtype=button[33m][39m[31m[91m,[33m[[39m[31m[91mtype=reset[33m][39m[31m[39m[22m[1m[31m[91m,[33m[[39m[31m[91mtype=submit[33m][39m[31m[91m,button[33m{[39m[31m[91m-webkit-appearance[33m:[39m[31m[91mbutton[33m}[39m[31m[91m[33m[[39m[31m[91mtype=button[33m][39m[31m[91m[33m:[39m[31m[91m[36mnot[39m[31m[91m[36m(:disabled)[39m[31m[91m,[33m[[39m[31m[91mtype=reset[33m][39m[31m[91m[33m:[39m[31m[91m[36mnot[39m[31m[91m[36m(:disabled)[39m[31m[91m,[33m[[39m[31m[91mtype=submit[33m][39m[31m[91m[33m:[39m[31m[91m[36mnot[39m[31m[91m[36m(:disabled)[39m[31m[91m,button[33m:[39m[31m[91m[36mnot[39m[31m[91m[36m(:disabled)[39m[31m[91m[33m{[39m[31m[91mcursor[33m:[39m[31m[91mpointer[33m}[39m[31m[91m[33m[[39m[31m[91mtype=button[33m][39m[31m[91m[33m:[39m[31m[91m[33m:[39m[31m[91m-moz-focus-inner,[33m[[39m[31m[91mtype=reset[33m][39m[31m[91m[33m:[39m[31m[91m[33m:[39m[31m[91m-moz-focus-inner,[33m[[39m[31m[91mtype=submit[33m][39m[31m[91m[33m:[39m[31m[91m[33m:[39m[31m[91m-moz-focus-inner,button[33m:[39m[31m[91m[33m:[39m[31m[91m-moz-focus-inner[33m{[39m[31m[91mpadding[33m:[39m[31m[91m0[33m;[39m[31m[91mborder-style[33m:[39m[31m[91mnone[33m}[39m[31m[91minput[33m[[39m[31m[91mtype=checkbox[33m][39m[31m[91m,input[33m[[39m[31m[91mtype=radio[33m][39m[31m[91m[33m{[39m[31m[91mbox-sizing[33m:[39m[31m[91mborder-box[33m;[39m[31m[91mpadding[33m:[39m[31m[91m0[33m}[39m[31m[91minput[33m[[39m[31m[91mtype=date[33m][39m[31m[91m,input[33m[[39m[31m[91mtype=datetime-local[33m][39m[31m[91m,input[33m[[39m[31m[91mtype=month[33m][39m[31m[91m,input[33m[[39m[31m[91mtype=time[33m][39m[31m[91m[33m{[39m[31m[91m-webkit-appearance[33m:[39m[31m[91mlistbox[33m}[39m[31m[91mtextarea[33m{[39m[31m[91moverflow[33m:[39m[31m[91mauto[33m;[39m[31m[91mresize[33m:[39m[31m[91mvertical[33m}[39m[31m[91mfieldset[33m{[39m[31m[91mmin-width[33m:[39m[31m[91m0[33m;[39m[31m[91mpadding[33m:[39m[31m[91m0[33m;[39m[31m[91mmargin[33m:[39m[31m[91m0[33m;[39m[31m[91mborder[33m:[39m[31m[91m0[33m}[39m[31m[91mlegend[33m{[39m[31m[91mdisplay[33m:[39m[31m[91mblock[33m;[39m[31m[91mwidth[33m:[39m[31m[91m100%[33m;[39m[31m[91mmax-width[33m:[39m[31m[91m100%[33m;[39m[31m[91mpadding[33m:[39m[31m[91m0[33m;[39m[31m[91mmargin-bottom[33m:[39m[31m[91m14px[39m[22m[1m[31m[33m;[39m[31m[91mfont-size[33m:[39m[31m[91m16px[33m;[39m[31m[91mline-height[33m:[39m[31m[91minherit[33m;[39m[31m[91mcolor[33m:[39m[31m[91minherit[33m;[39m[31m[91mwhite-space[33m:[39m[31m[91mnormal[33m}[39m[31m[91mprogress[33m{[39m[31m[91mvertical-align[33m:[39m[31m[91mbaseline[33m}[39m[31m[91m[33m[[39m[31m[91mtype=number[33m][39m[31m[91m[33m:[39m[31m[91m[33m:[39m[31m[91m-webkit-inner-spin-button,[33m[[39m[31m[91mtype=number[33m][39m[31m[91m[33m:[39m[31m[91m[33m:[39m[31m[91m-webkit-outer-spin-button[33m{[39m[31m[91mheight[33m:[39m[31m[91mauto[33m}[39m[31m[91m[33m[[39m[31m[91mtype=search[33m][39m[31m[91m[33m{[39m[31m[91moutline-offset[33m:[39m[31m[91m-2px[33m;[39m[31m[91m-webkit-appearance[33m:[39m[31m[91mnone[33m}[39m[31m[91m[33m[[39m[31m[91mtype=search[33m][39m[31m[91m[33m:[39m[31m[91m[33m:[39m[31m[91m-webkit-search-decoration[33m{[39m[31m[91m-webkit-appearance[33m:[39m[31m[91mnone[33m}[39m[31m[91m[33m:[39m[31m[91m[33m:[39m[31m[91m-webkit-file-upload-button[33m{[39m[31m[91mfont[33m:[39m[31m[91minherit[33m;[39m[31m[91m-webkit-appearance[33m:[39m[31m[91mbutton[33m}[39m[31m[91moutput[33m{[39m[31m[91mdisplay[33m:[39m[31m[91minline-block[33m}[39m[31m[91msummary[33m{[39m[31m[91mdisplay[33m:[39m[31m[91mlist-item[33m;[39m[31m[91mcursor[33m:[39m[31m[91mpointer[33m}[39m[31m[91mtemplate[33m{[39m[31m[91mdisplay[33m:[39m[31m[91mnone[33m}[39m[31m[91m[33m[[39m[31m[91mhidden[33m][39m[31m[91m[33m{[39m[31m[91mdisplay[33m:[39m[31m[91mnone!important[33m}[39m[31m[91m[33m.h1,.h2,h1,h2[39m[31m[91m[33m{[39m[31m[91mmargin-bottom[33m:[39m[31m[91m0[33m;[39m[31m[91mmargin-top[33m:[39m[31m[91m14px[33m;[39m[31m[91mfont-weight[33m:[39m[31m[91m400[33m;[39m[31m[91mline-height[33m:[39m[31m[91m14px[33m;[39m[31m[91mtext-indent[33m:[39m[31m[91m8px[33m;[39m[31m[91mbackground[33m:[39m[31m[91m[35m#0aa[39m[31m[91m[33m;[39m[31m[91mpadding[33m:[39m[31m[91m14px 8px[33m;[39m[31m[91mcolor[33m:[39m[31m[91m[35m#000[39m[31m[91m[33m}[39m[31m[91m[33m.h1[39m[31m[91m [33m.text-muted,.h2[39m[31m[91m [33m.text-muted,h1[39m[31m[91m [33m.text-muted,h2[39m[31m[91m [33m.text-muted[39m[31m[91m[33m{[39m[31m[91m[39m[22m[1m[31mcolor[33m:[39m[31m[91m[35m#bbb[39m[31m[91m[33m}[39m[31m[91m[33m.h2,h2[39m[31m[91m[33m{[39m[31m[91mpadding[33m:[39m[31m[91m0 8px[33m}[39m[31m[91m[33m.h3,h3[39m[31m[91m[33m{[39m[31m[91mcolor[33m:[39m[31m[91m[35m#fff[39m[31m[91m[33m;[39m[31m[91mborder[33m:[39m[31m[91m[33m.875px[39m[31m[91m solid [35m#fff[39m[31m[91m[33m;[39m[31m[91mmargin-top[33m:[39m[31m[91m7px[33m;[39m[31m[91mpadding-top[33m:[39m[31m[91m6.125px[33m;[39m[31m[91mpadding-bottom[33m:[39m[31m[91m7px[33m;[39m[31m[91mmargin-bottom[33m:[39m[31m[91m6.125px[33m;[39m[31m[91mborder-left-width[33m:[39m[31m[91m2px[33m;[39m[31m[91mborder-right-width[33m:[39m[31m[91m2px[33m;[39m[31m[91mmargin-left[33m:[39m[31m[91m3.5px[33m;[39m[31m[91mpadding-left[33m:[39m[31m[91m10.5px[33m;[39m[31m[91mpadding-right[33m:[39m[31m[91m11.5px[33m;[39m[31m[91mmargin-right[33m:[39m[31m[91m2.5px[33m;[39m[31m[91mdisplay[33m:[39m[31m[91minline-block[33m;[39m[31m[91mwidth[33m:[39m[31m[91m[36mcalc[39m[31m[91m[36m(100% - 6px)[39m[31m[91m[33m}[39m[31m[91m[33m.h4,h4[39m[31m[91m[33m{[39m[31m[91mcolor[33m:[39m[31m[91m[35m#fff[39m[31m[91m[33m}[39m[31m[91m[33m.h4[39m[31m[91m[33m:[39m[31m[91m[33m:[39m[31m[91mbefore,h4[33m:[39m[31m[91m[33m:[39m[31m[91mbefore[33m{[39m[31m[91mmargin-right[33m:[39m[31m[91m8px[33m;[39m[31m[91mcontent[33m:[39m[31m[91m[32m">>"[39m[31m[91m[33m}[39m[31m[91m[33m.h4[39m[31m[91m[33m:[39m[31m[91m[33m:[39m[31m[91mafter,h4[33m:[39m[31m[91m[33m:[39m[31m[91mafter[33m{[39m[31m[91mmargin-left[33m:[39m[31m[91m8px[33m;[39m[31m[91mcontent[33m:[39m[31m[91m[32m"<<"[39m[31m[91m[33m}[39m[31m[91m[33m.h4,.h5,.h6,h4,h5,h6[39m[31m[91m[33m{[39m[31m[91mmargin[33m:[39m[31m[91m0[33m;[39m[31m[91mpadding[33m:[39m[31m[91m0[33m;[39m[31m[91mcolor[33m:[39m[31m[91m[35m#fff[39m[31m[91m[33m}[39m[31m[91m[33m.h5,h5[39m[31m[91m[33m{[39m[31m[91m-webkit-animation[33m:[39m[31m[91mblinkingText 1.2s infinite[33m;[39m[31m[91manimation[33m:[39m[31m[91mblinkingText 1.2s infinite[33m}[39m[31m[91m[36m@-webkit-keyframes[39m[31m[91m blinkingText[33m{[39m[31m[91m1%[33m{[39m[31m[91mvisibility[33m:[39m[31m[91mhidden[33m}[39m[31m[91m49%[33m{[39m[31m[91mvisibility[33[39m[22m[1m[31mm:[39m[31m[91mhidden[33m}[39m[31m[91m60%[33m{[39m[31m[91mvisibility[33m:[39m[31m[91mvisible[33m}[39m[31m[91m99%[33m{[39m[31m[91mvisibility[33m:[39m[31m[91mvisible[33m}[39m[31m[91m100%[33m{[39m[31m[91mvisibility[33m:[39m[31m[91mhidden[33m}[39m[31m[91m[33m}[39m[31m[91m[36m@keyframes[39m[31m[91m blinkingText[33m{[39m[31m[91m1%[33m{[39m[31m[91mvisibility[33m:[39m[31m[91mhidden[33m}[39m[31m[91m49%[33m{[39m[31m[91mvisibility[33m:[39m[31m[91mhidden[33m}[39m[31m[91m60%[33m{[39m[31m[91mvisibility[33m:[39m[31m[91mvisible[33m}[39m[31m[91m99%[33m{[39m[31m[91mvisibility[33m:[39m[31m[91mvisible[33m}[39m[31m[91m100%[33m{[39m[31m[91mvisibility[33m:[39m[31m[91mhidden[33m}[39m[31m[91m[33m}[39m[31m[91m[33m.h6,h6[39m[31m[91m[33m{[39m[31m[91m-webkit-animation[33m:[39m[31m[91mjaggedScroll 3s infinite[33m;[39m[31m[91manimation[33m:[39m[31m[91mjaggedScroll 3s infinite[33m;[39m[31m[91m-webkit-animation-direction[33m:[39m[31m[91malternate[33m;[39m[31m[91manimation-direction[33m:[39m[31m[91malternate[33m;[39m[31m[91m-webkit-animation-timing-function[33m:[39m[31m[91m[36msteps[39m[31m[91m[36m(10,jump-both)[39m[31m[91m[33m;[39m[31m[91manimation-timing-function[33m:[39m[31m[91m[36msteps[39m[31m[91m[36m(10,jump-both)[39m[31m[91m[33m;[39m[31m[91mwhite-space[33m:[39m[31m[91mnowrap[33m}[39m[31m[91m[36m@-webkit-keyframes[39m[31m[91m jaggedScroll[33m{[39m[31m[91mfrom[33m{[39m[31m[91mmargin-left[33m:[39m[31m[91m-8px[33m}[39m[31m[91mto[33m{[39m[31m[91mmargin-left[33m:[39m[31m[91m80px[33m}[39m[31m[91m[33m}[39m[31m[91m[36m@keyframes[39m[31m[91m jaggedScroll[33m{[39m[31m[91mfrom[33m{[39m[31m[91mmargin-left[33m:[39m[31m[91m-8px[33m}[39m[31m[91mto[33m{[39m[31m[91mmargin-left[33m:[39m[31m[91m80px[33m}[39m[31m[91m[33m}[39m[31m[91m[33m.h1,h1[39m[31m[91m[33m{[39m[31m[91mfont-size[33m:[39m[31m[91m16px[33m}[39m[31m[91m[33m.h2,h2[39m[31m[91m[33m{[39m[31m[91mfont-size[33m:[39m[31m[91m16px[33m}[39m[31m[91m[33m.h3,h3[39m[31m[91m[33m{[39m[31m[91mfont-size[33m:[39m[31m[91m16px[33m}[39m[31m[91m[33m.h4,h4[39m[31m[91m[33m{[39m[31m[91mfont-size[33m:[39m[31m[91m16px[33m}[39m[31m[91m[33m.h5,h5[39m[31m[91m[33m{[39m[22m[1m[31m[39m[31m[91mfont-size[33m:[39m[31m[91m16px[33m}[39m[31m[91m[33m.h6,h6[39m[31m[91m[33m{[39m[31m[91mfont-size[33m:[39m[31m[91m16px[33m}[39m[31m[91m[33m.lead[39m[31m[91m[33m{[39m[31m[91mfont-size[33m:[39m[31m[91m16px[33m;[39m[31m[91mfont-weight[33m:[39m[31m[91m400[33m}[39m[31m[91m[33m.display-1[39m[31m[91m[33m{[39m[31m[91mfont-size[33m:[39m[31m[91m16px[33m;[39m[31m[91mfont-weight[33m:[39m[31m[91m400[33m;[39m[31m[91mline-height[33m:[39m[31m[91m14px[33m}[39m[31m[91m[33m.display-2[39m[31m[91m[33m{[39m[31m[91mfont-size[33m:[39m[31m[91m16px[33m;[39m[31m[91mfont-weight[33m:[39m[31m[91m400[33m;[39m[31m[91mline-height[33m:[39m[31m[91m14px[33m}[39m[31m[91m[33m.display-3[39m[31m[91m[33m{[39m[31m[91mfont-size[33m:[39m[31m[91m16px[33m;[39m[31m[91mfont-weight[33m:[39m[31m[91m400[33m;[39m[31m[91mline-height[33m:[39m[31m[91m14px[33m}[39m[31m[91m[33m.display-4[39m[31m[91m[33m{[39m[31m[91mfont-size[33m:[39m[31m[91m16px[33m;[39m[31m[91mfont-weight[33m:[39m[31m[91m400[33m;[39m[31m[91mline-height[33m:[39m[31m[91m14px[33m}[39m[31m[91mhr[33m{[39m[31m[91mmargin-top[33m:[39m[31m[91m14px[33m;[39m[31m[91mmargin-bottom[33m:[39m[31m[91m14px[33m;[39m[31m[91mborder[33m:[39m[31m[91m0[33m;[39m[31m[91mborder-top[33m:[39m[31m[91m0 solid [36mrgba[39m[31m[91m[36m(0,0,0,.1)[39m[31m[91m[33m}[39m[31m[91m[33m.small,small[39m[31m[91m[33m{[39m[31m[91mfont-size[33m:[39m[31m[91m16px[33m;[39m[31m[91mfont-weight[33m:[39m[31m[91m400[33m}[39m[31m[91m[33m.mark,mark[39m[31m[91m[33m{[39m[31m[91mpadding[33m:[39m[31m[91m0[33m;[39m[31m[91mbackground-color[33m:[39m[31m[91m[35m#bbb[39m[31m[91m[33m}[39m[31m[91m[33m.list-unstyled[39m[31m[91m[33m{[39m[31m[91mpadding-left[33m:[39m[31m[91m0[33m;[39m[31m[91mmargin-bottom[33m:[39m[31m[91m0[33m;[39m[31m[91mmargin-left[33m:[39m[31m[91m0[33m;[39m[31m[91mlist-style[33m:[39m[31m[91mnone[33m}[39m[31m[91m[33m.list-inline[39m[31m[91m[33m{[39m[31m[91mpadding-left[33m:[39m[31m[91m0[33m;[39m[31m[91mmargin-bottom[33m:[39m[31m[91m0[33m;[39m[31m[91mmargin-left[33m:[39m[31m[91m0[33m;[39m[31m[91mlist-style[33m:[39m[31m[91mnone[33m}[39m[31m[91m[33m.list-inline-item[39m[31m[91m[33m{[39[39m[22m[1m[31mm[91mdisplay[33m:[39m[31m[91minline-block[33m}[39m[31m[91m[33m.list-inline-item[39m[31m[91m[33m:[39m[31m[91m[36mnot[39m[31m[91m[36m(:last-child)[39m[31m[91m[33m{[39m[31m[91mmargin-right[33m:[39m[31m[91m0[33m}[39m[31m[91m[33m.initialism[39m[31m[91m[33m{[39m[31m[91mfont-size[33m:[39m[31m[91m16px[33m;[39m[31m[91mtext-transform[33m:[39m[31m[91muppercase[33m}[39m[31m[91m[33m.blockquote[39m[31m[91m[33m{[39m[31m[91mmargin-bottom[33m:[39m[31m[91m14px 8px[33m;[39m[31m[91mfont-size[33m:[39m[31m[91m16px[33m}[39m[31m[91m[33m.blockquote-footer[39m[31m[91m[33m{[39m[31m[91mdisplay[33m:[39m[31m[91mblock[33m;[39m[31m[91mfont-size[33m:[39m[31m[91m16px[33m;[39m[31m[91mcolor[33m:[39m[31m[91m[35m#bbb[39m[31m[91m[33m}[39m[31m[91m[33m.blockquote-footer[39m[31m[91m[33m:[39m[31m[91m[33m:[39m[31m[91mbefore[33m{[39m[31m[91mcontent[33m:[39m[31m[91m[32m"\2014\00A0"[39m[31m[91m[33m}[39m[31m[91m[33m.img-fluid[39m[31m[91m[33m{[39m[31m[91mmax-width[33m:[39m[31m[91m100%[33m;[39m[31m[91mheight[33m:[39m[31m[91mauto[33m}[39m[31m[91m[33m.img-thumbnail[39m[31m[91m[33m{[39m[31m[91mpadding[33m:[39m[31m[91m0[33m;[39m[31m[91mmax-width[33m:[39m[31m[91m100%[33m;[39m[31m[91mheight[33m:[39m[31m[91mauto[33m}[39m[31m[91m[33m.figure[39m[31m[91m[33m{[39m[31m[91mdisplay[33m:[39m[31m[91minline-block[33m}[39m[31m[91m[33m.figure-img[39m[31m[91m[33m{[39m[31m[91mmargin-bottom[33m:[39m[31m[91m14px 8px/2[33m;[39m[31m[91mline-height[33m:[39m[31m[91m1[33m}[39m[31m[91m[33m.figure-caption[39m[31m[91m[33m{[39m[31m[91mcolor[33m:[39m[31m[91m[35m#bbb[39m[31m[91m[33m}[39m[31m[91m[33m.card[39m[31m[91m img,.dropdown-list img,.nav-link img[33m{[39m[31m[91mdisplay[33m:[39m[31m[91mnone[33m}[39m[31m[91mcode[33m{[39m[31m[91mcolor[33m:[39m[31m[91m[35m#f5f[39m[31m[91m[33m;[39m[31m[91mword-wrap[33m:[39m[31m[91mbreak-word[33m}[39m[31m[91ma>code[33m{[39m[31m[91mcolor[33m:[39m[31m[91minherit[33m}[39m[31m[91mkbd[33m{[39m[31m[91mpadding[33m:[39m[31m[91m14px 8px[33m;[39m[31m[91mcolor[33m:[39m[31m[91m[35m#fff[39m[31m[91m[33m;[39m[31m[91mbackground-color[33m:[39m[31m[91m[35m#bbb[39m[31m[91m[33m}[39m[31m[91mkbd kbd[33m{[39m[31m[91mpaddin[39m[22m[1m[31mg[33m:[39m[31m[91m0[33m;[39m[31m[91mfont-weight[33m:[39m[31m[91m400[33m}[39m[31m[91mpre[33m{[39m[31m[91mdisplay[33m:[39m[31m[91mblock[33m;[39m[31m[91mcolor[33m:[39m[31m[91m[35m#000[39m[31m[91m[33m}[39m[31m[91mpre code[33m{[39m[31m[91mfont-size[33m:[39m[31m[91m16px[33m;[39m[31m[91mcolor[33m:[39m[31m[91minherit[33m;[39m[31m[91mword-break[33m:[39m[31m[91mnormal[33m}[39m[31m[91m[33m.pre-scrollable[39m[31m[91m[33m{[39m[31m[91mmax-height[33m:[39m[31m[91m350px[33m;[39m[31m[91moverflow-y[33m:[39m[31m[91mscroll[33m}[39m[31m[91m[33m.container[39m[31m[91m[33m{[39m[31m[91mwidth[33m:[39m[31m[91m100%[33m;[39m[31m[91mpadding-right[33m:[39m[31m[91m8px[33m;[39m[31m[91mpadding-left[33m:[39m[31m[91m8px[33m;[39m[31m[91mmargin-right[33m:[39m[31m[91mauto[33m;[39m[31m[91mmargin-left[33m:[39m[31m[91mauto[33m}[39m[31m[91m[36m@media[39m[31m[91m[36m [39m[31m[91m[36m(min-width:576px)[39m[31m[91m[33m{[39m[31m[91m[33m.container[39m[31m[91m[33m{[39m[31m[91mmax-width[33m:[39m[31m[91m480px[33m}[39m[31m[91m[33m}[39m[31m[91m[36m@media[39m[31m[91m[36m [39m[31m[91m[36m(min-width:768px)[39m[31m[91m[33m{[39m[31m[91m[33m.container[39m[31m[91m[33m{[39m[31m[91mmax-width[33m:[39m[31m[91m672px[33m}[39m[31m[91m[33m}[39m[31m[91m[36m@media[39m[31m[91m[36m [39m[31m[91m[36m(min-width:960px)[39m[31m[91m[33m{[39m[31m[91m[33m.container[39m[31m[91m[33m{[39m[31m[91mmax-width[33m:[39m[31m[91m960px[33m}[39m[31m[91m[33m}[39m[31m[91m[36m@media[39m[31m[91m[36m [39m[31m[91m[36m(min-width:1152px)[39m[31m[91m[33m{[39m[31m[91m[33m.container[39m[31m[91m[33m{[39m[31m[91mmax-width[33m:[39m[31m[91m1152px[33m}[39m[31m[91m[33m}[39m[31m[91m[33m.container-fluid,.container-lg,.container-md,.container-sm,.container-xl[39m[31m[91m[33m{[39m[31m[91mwidth[33m:[39m[31m[91m100%[33m;[39m[31m[91mpadding-right[33m:[39m[31m[91m8px[33m;[39m[31m[91mpadding-left[33m:[39m[31m[91m8px[33m;[39m[31m[91mmargin-right[33m:[39m[31m[91mauto[33m;[39m[31m[91mmargin-left[33m:[39m[31m[91mauto[33m}[39m[31m[91m[36m@media[39m[31m[91m[36m [39m[31m[91m[36m(min-width:576px)[39m[31m[91m[33m{[39m[31m[91m[33m.container,.container-sm[39m[31m[91m[33m{[39m[31m[91[39m[22m[1m[31mmmax-width[33m:[39m[31m[91m480px[33m}[39m[31m[91m[33m}[39m[31m[91m[36m@media[39m[31m[91m[36m [39m[31m[91m[36m(min-width:768px)[39m[31m[91m[33m{[39m[31m[91m[33m.container,.container-md,.container-sm[39m[31m[91m[33m{[39m[31m[91mmax-width[33m:[39m[31m[91m672px[33m}[39m[31m[91m[33m}[39m[31m[91m[36m@media[39m[31m[91m[36m [39m[31m[91m[36m(min-width:960px)[39m[31m[91m[33m{[39m[31m[91m[33m.container,.container-lg,.container-md,.container-sm[39m[31m[91m[33m{[39m[31m[91mmax-width[33m:[39m[31m[91m960px[33m}[39m[31m[91m[33m}[39m[31m[91m[36m@media[39m[31m[91m[36m [39m[31m[91m[36m(min-width:1152px)[39m[31m[91m[33m{[39m[31m[91m[33m.container,.container-lg,.container-md,.container-sm,.container-xl[39m[31m[91m[33m{[39m[31m[91mmax-width[33m:[39m[31m[91m1152px[33m}[39m[31m[91m[33m}[39m[31m[91m[33m.row[39m[31m[91m[33m{[39m[31m[91mdisplay[33m:[39m[31m[91m-ms-flexbox[33m;[39m[31m[91mdisplay[33m:[39m[31m[91mflex[33m;[39m[31m[91m-ms-flex-wrap[33m:[39m[31m[91mwrap[33m;[39m[31m[91mflex-wrap[33m:[39m[31m[91mwrap[33m;[39m[31m[91mmargin-right[33m:[39m[31m[91m-8px[33m;[39m[31m[91mmargin-left[33m:[39m[31m[91m-8px[33m}[39m[31m[91m[33m.no-gutters[39m[31m[91m[33m{[39m[31m[91mmargin-right[33m:[39m[31m[91m0[33m;[39m[31m[91mmargin-left[33m:[39m[31m[91m0[33m}[39m[31m[91m[33m.no-gutters>.col,.no-gutters>[39m[31m[91m[33m[[39m[31m[91mclass*=col-[33m][39m[31m[91m[33m{[39m[31m[91mpadding-right[33m:[39m[31m[91m0[33m;[39m[31m[91mpadding-left[33m:[39m[31m[91m0[33m}[39m[31m[91m[33m.col,.col-1,.col-10,.col-11,.col-12,.col-2,.col-3,.col-4,.col-5,.col-6,.col-7,.col-8,.col-9,.col-auto,.col-lg,.col-lg-1,.col-lg-10,.col-lg-11,.col-lg-12,.col-lg-2,.col-lg-3,.col-lg-4,.col-lg-5,.col-lg-6,.col-lg-7,.col-lg-8,.col-lg-9,.col-lg-auto,.col-md,.col-md-1,.col-md-10,.col-md-11,.col-md-12,.col-md-2,.col-md-3,.col-md-4,.col-md-5,.col-md-6,.col-md-7,.col-md-8,.col-md-9,.col-md-auto,.col-sm,.col-sm-1,.col-sm-10,.col-sm-11,.col-sm-12,.col-sm-2,.col-sm-3,.col-sm-4,.col-sm-5,.col-sm-6,.col-sm-7,.col-sm-8,.col-sm-9,.col-sm-auto,.col-xl,.col-xl-1,.col-xl-10,.col-xl-11,.col-xl-12,.col-xl-2,.co[39m[22m[1m[31ml-xl-3,.col-xl-4,.col-xl-5,.col-xl-6,.col-xl-7,.col-xl-8,.col-xl-9,.col-xl-auto[39m[31m[91m[33m{[39m[31m[91mposition[33m:[39m[31m[91mrelative[33m;[39m[31m[91mwidth[33m:[39m[31m[91m100%[33m;[39m[31m[91mpadding-right[33m:[39m[31m[91m8px[33m;[39m[31m[91mpadding-left[33m:[39m[31m[91m8px[33m}[39m[31m[91m[33m.col[39m[31m[91m[33m{[39m[31m[91m-ms-flex-preferred-size[33m:[39m[31m[91m0[33m;[39m[31m[91mflex-basis[33m:[39m[31m[91m0[33m;[39m[31m[91m-ms-flex-positive[33m:[39m[31m[91m1[33m;[39m[31m[91mflex-grow[33m:[39m[31m[91m1[33m;[39m[31m[91mmax-width[33m:[39m[31m[91m100%[33m}[39m[31m[91m[33m.row-cols-1>*[39m[31m[91m[33m{[39m[31m[91m-ms-flex[33m:[39m[31m[91m0 0 100%[33m;[39m[31m[91mflex[33m:[39m[31m[91m0 0 100%[33m;[39m[31m[91mmax-width[33m:[39m[31m[91m100%[33m}[39m[31m[91m[33m.row-cols-2>*[39m[31m[91m[33m{[39m[31m[91m-ms-flex[33m:[39m[31m[91m0 0 50%[33m;[39m[31m[91mflex[33m:[39m[31m[91m0 0 50%[33m;[39m[31m[91mmax-width[33m:[39m[31m[91m50%[33m}[39m[31m[91m[33m.row-cols-3>*[39m[31m[91m[33m{[39m[31m[91m-ms-flex[33m:[39m[31m[91m0 0 33.333333%[33m;[39m[31m[91mflex[33m:[39m[31m[91m0 0 33.333333%[33m;[39m[31m[91mmax-width[33m:[39m[31m[91m33.333333%[33m}[39m[31m[91m[33m.row-cols-4>*[39m[31m[91m[33m{[39m[31m[91m-ms-flex[33m:[39m[31m[91m0 0 25%[33m;[39m[31m[91mflex[33m:[39m[31m[91m0 0 25%[33m;[39m[31m[91mmax-width[33m:[39m[31m[91m25%[33m}[39m[31m[91m[33m.row-cols-5>*[39m[31m[91m[33m{[39m[31m[91m-ms-flex[33m:[39m[31m[91m0 0 20%[33m;[39m[31m[91mflex[33m:[39m[31m[91m0 0 20%[33m;[39m[31m[91mmax-width[33m:[39m[31m[91m20%[33m}[39m[31m[91m[33m.row-cols-6>*[39m[31m[91m[33m{[39m[31m[91m-ms-flex[33m:[39m[31m[91m0 0 16.666667%[33m;[39m[31m[91mflex[33m:[39m[31m[91m0 0 16.666667%[33m;[39m[31m[91mmax-width[33m:[39m[31m[91m16.666667%[33m}[39m[31m[91m[33m.col-auto[39m[31m[91m[33m{[39m[31m[91m-ms-flex[33m:[39m[31m[91m0 0 auto[33m;[39m[31m[91mflex[33m:[39m[31m[91m0 0 auto[33m;[39m[31m[91mwidth[33m:[39m[31m[91mauto[33m;[39m[31m[91mmax-width[33m:[39m[31m[91m100%[33m}[39m[31m[91m[33m.col-1[39m[31m[91m[33m{[39m[31m[91m-ms-flex[33m:[39m[31m[91m0 0 8.333333%[33m;[39m[31m[91mflex[33m:[39m[31m[91[39m[22m[1m[31mm0 0 8.333333%[33m;[39m[31m[91mmax-width[33m:[39m[31m[91m8.333333%[33m}[39m[31m[91m[33m.col-2[39m[31m[91m[33m{[39m[31m[91m-ms-flex[33m:[39m[31m[91m0 0 16.666667%[33m;[39m[31m[91mflex[33m:[39m[31m[91m0 0 16.666667%[33m;[39m[31m[91mmax-width[33m:[39m[31m[91m16.666667%[33m}[39m[31m[91m[33m.col-3[39m[31m[91m[33m{[39m[31m[91m-ms-flex[33m:[39m[31m[91m0 0 25%[33m;[39m[31m[91mflex[33m:[39m[31m[91m0 0 25%[33m;[39m[31m[91mmax-width[33m:[39m[31m[91m25%[33m}[39m[31m[91m[33m.col-4[39m[31m[91m[33m{[39m[31m[91m-ms-flex[33m:[39m[31m[91m0 0 33.333333%[33m;[39m[31m[91mflex[33m:[39m[31m[91m0 0 33.333333%[33m;[39m[31m[91mmax-width[33m:[39m[31m[91m33.333333%[33m}[39m[31m[91m[33m.col-5[39m[31m[91m[33m{[39m[31m[91m-ms-flex[33m:[39m[31m[91m0 0 41.666667%[33m;[39m[31m[91mflex[33m:[39m[31m[91m0 0 41.666667%[33m;[39m[31m[91mmax-width[33m:[39m[31m[91m41.666667%[33m}[39m[31m[91m[33m.col-6[39m[31m[91m[33m{[39m[31m[91m-ms-flex[33m:[39m[31m[91m0 0 50%[33m;[39m[31m[91mflex[33m:[39m[31m[91m0 0 50%[33m;[39m[31m[91mmax-width[33m:[39m[31m[91m50%[33m}[39m[31m[91m[33m.col-7[39m[31m[91m[33m{[39m[31m[91m-ms-flex[33m:[39m[31m[91m0 0 58.333333%[33m;[39m[31m[91mflex[33m:[39m[31m[91m0 0 58.333333%[33m;[39m[31m[91mmax-width[33m:[39m[31m[91m58.333333%[33m}[39m[31m[91m[33m.col-8[39m[31m[91m[33m{[39m[31m[91m-ms-flex[33m:[39m[31m[91m0 0 66.666667%[33m;[39m[31m[91mflex[33m:[39m[31m[91m0 0 66.666667%[33m;[39m[31m[91mmax-width[33m:[39m[31m[91m66.666667%[33m}[39m[31m[91m[33m.col-9[39m[31m[91m[33m{[39m[31m[91m-ms-flex[33m:[39m[31m[91m0 0 75%[33m;[39m[31m[91mflex[33m:[39m[31m[91m0 0 75%[33m;[39m[31m[91mmax-width[33m:[39m[31m[91m75%[33m}[39m[31m[91m[33m.col-10[39m[31m[91m[33m{[39m[31m[91m-ms-flex[33m:[39m[31m[91m0 0 83.333333%[33m;[39m[31m[91mflex[33m:[39m[31m[91m0 0 83.333333%[33m;[39m[31m[91mmax-width[33m:[39m[31m[91m83.333333%[33m}[39m[31m[91m[33m.col-11[39m[31m[91m[33m{[39m[31m[91m-ms-flex[33m:[39m[31m[91m0 0 91.666667%[33m;[39m[31m[91mflex[33m:[39m[31m[91m0 0 91.666667%[33m;[39m[31m[91mmax-width[33m:[39m[31m[91m91.666667%[33m}[39m[31m[91m[33m.col-12[39m[31m[91m[33m{[39m[31m[91m-ms-flex[33m:[39m[31m[91[39m[22m[1m[31mm0 0 100%[33m;[39m[31m[91mflex[33m:[39m[31m[91m0 0 100%[33m;[39m[31m[91mmax-width[33m:[39m[31m[91m100%[33m}[39m[31m[91m[33m.order-first[39m[31m[91m[33m{[39m[31m[91m-ms-flex-order[33m:[39m[31m[91m-1[33m;[39m[31m[91morder[33m:[39m[31m[91m-1[33m}[39m[31m[91m[33m.order-last[39m[31m[91m[33m{[39m[31m[91m-ms-flex-order[33m:[39m[31m[91m13[33m;[39m[31m[91morder[33m:[39m[31m[91m13[33m}[39m[31m[91m[33m.order-0[39m[31m[91m[33m{[39m[31m[91m-ms-flex-order[33m:[39m[31m[91m0[33m;[39m[31m[91morder[33m:[39m[31m[91m0[33m}[39m[31m[91m[33m.order-1[39m[31m[91m[33m{[39m[31m[91m-ms-flex-order[33m:[39m[31m[91m1[33m;[39m[31m[91morder[33m:[39m[31m[91m1[33m}[39m[31m[91m[33m.order-2[39m[31m[91m[33m{[39m[31m[91m-ms-flex-order[33m:[39m[31m[91m2[33m;[39m[31m[91morder[33m:[39m[31m[91m2[33m}[39m[31m[91m[33m.order-3[39m[31m[91m[33m{[39m[31m[91m-ms-flex-order[33m:[39m[31m[91m3[33m;[39m[31m[91morder[33m:[39m[31m[91m3[33m}[39m[31m[91m[33m.order-4[39m[31m[91m[33m{[39m[31m[91m-ms-flex-order[33m:[39m[31m[91m4[33m;[39m[31m[91morder[33m:[39m[31m[91m4[33m}[39m[31m[91m[33m.order-5[39m[31m[91m[33m{[39m[31m[91m-ms-flex-order[33m:[39m[31m[91m5[33m;[39m[31m[91morder[33m:[39m[31m[91m5[33m}[39m[31m[91m[33m.order-6[39m[31m[91m[33m{[39m[31m[91m-ms-flex-order[33m:[39m[31m[91m6[33m;[39m[31m[91morder[33m:[39m[31m[91m6[33m}[39m[31m[91m[33m.order-7[39m[31m[91m[33m{[39m[31m[91m-ms-flex-order[33m:[39m[31m[91m7[33m;[39m[31m[91morder[33m:[39m[31m[91m7[33m}[39m[31m[91m[33m.order-8[39m[31m[91m[33m{[39m[31m[91m-ms-flex-order[33m:[39m[31m[91m8[33m;[39m[31m[91morder[33m:[39m[31m[91m8[33m}[39m[31m[91m[33m.order-9[39m[31m[91m[33m{[39m[31m[91m-ms-flex-order[33m:[39m[31m[91m9[33m;[39m[31m[91morder[33m:[39m[31m[91m9[33m}[39m[31m[91m[33m.order-10[39m[31m[91m[33m{[39m[31m[91m-ms-flex-order[33m:[39m[31m[91m10[33m;[39m[31m[91morder[33m:[39m[31m[91m10[33m}[39m[31m[91m[33m.order-11[39m[31m[91m[33m{[39m[31m[91m-ms-flex-order[33m:[39m[31m[91m11[33m;[39m[31m[91morder[33m:[39m[31m[91m11[33m}[39m[31m[91m[33m.order-12[39m[31m[91m[33m{[39m[31m[91m-ms-flex-order[33m:[39m[31m[91m12[33m;[39m[31m[91morder[33m:[39m[31m[91m12[33m}[39m[31m[91m[33m.[39m[22m[1m[31moffset-1[39m[31m[91m[33m{[39m[31m[91mmargin-left[33m:[39m[31m[91m8.333333%[33m}[39m[31m[91m[33m.offset-2[39m[31m[91m[33m{[39m[31m[91mmargin-left[33m:[39m[31m[91m16.666667%[33m}[39m[31m[91m[33m.offset-3[39m[31m[91m[33m{[39m[31m[91mmargin-left[33m:[39m[31m[91m25%[33m}[39m[31m[91m[33m.offset-4[39m[31m[91m[33m{[39m[31m[91mmargin-left[33m:[39m[31m[91m33.333333%[33m}[39m[31m[91m[33m.offset-5[39m[31m[91m[33m{[39m[31m[91mmargin-left[33m:[39m[31m[91m41.666667%[33m}[39m[31m[91m[33m.offset-6[39m[31m[91m[33m{[39m[31m[91mmargin-left[33m:[39m[31m[91m50%[33m}[39m[31m[91m[33m.offset-7[39m[31m[91m[33m{[39m[31m[91mmargin-left[33m:[39m[31m[91m58.333333%[33m}[39m[31m[91m[33m.offset-8[39m[31m[91m[33m{[39m[31m[91mmargin-left[33m:[39m[31m[91m66.666667%[33m}[39m[31m[91m[33m.offset-9[39m[31m[91m[33m{[39m[31m[91mmargin-left[33m:[39m[31m[91m75%[33m}[39m[31m[91m[33m.offset-10[39m[31m[91m[33m{[39m[31m[91mmargin-left[33m:[39m[31m[91m83.333333%[33m}[39m[31m[91m[33m.offset-11[39m[31m[91m[33m{[39m[31m[91mmargin-left[33m:[39m[31m[91m91.666667%[33m}[39m[31m[91m[36m@media[39m[31m[91m[36m [39m[31m[91m[36m(min-width:576px)[39m[31m[91m[33m{[39m[31m[91m[33m.col-sm[39m[31m[91m[33m{[39m[31m[91m-ms-flex-preferred-size[33m:[39m[31m[91m0[33m;[39m[31m[91mflex-basis[33m:[39m[31m[91m0[33m;[39m[31m[91m-ms-flex-positive[33m:[39m[31m[91m1[33m;[39m[31m[91mflex-grow[33m:[39m[31m[91m1[33m;[39m[31m[91mmax-width[33m:[39m[31m[91m100%[33m}[39m[31m[91m[33m.row-cols-sm-1>*[39m[31m[91m[33m{[39m[31m[91m-ms-flex[33m:[39m[31m[91m0 0 100%[33m;[39m[31m[91mflex[33m:[39m[31m[91m0 0 100%[33m;[39m[31m[91mmax-width[33m:[39m[31m[91m100%[33m}[39m[31m[91m[33m.row-cols-sm-2>*[39m[31m[91m[33m{[39m[31m[91m-ms-flex[33m:[39m[31m[91m0 0 50%[33m;[39m[31m[91mflex[33m:[39m[31m[91m0 0 50%[33m;[39m[31m[91mmax-width[33m:[39m[31m[91m50%[33m}[39m[31m[91m[33m.row-cols-sm-3>*[39m[31m[91m[33m{[39m[31m[91m-ms-flex[33m:[39m[31m[91m0 0 33.333333%[33m;[39m[31m[91mflex[33m:[39m[31m[91m0 0 33.333333%[33m;[39m[31m[91mmax-width[33m:[39m[31m[91m33.333333%[33m}[39m[31m[91m[33m.row-cols-sm-4>*[39m[31m[91m[33m{[39m[31m[91m-ms-flex[33m:[39m[31m[91m0 0 25[39m[22m[1m[31m%[33m;[39m[31m[91mflex[33m:[39m[31m[91m0 0 25%[33m;[39m[31m[91mmax-width[33m:[39m[31m[91m25%[33m}[39m[31m[91m[33m.row-cols-sm-5>*[39m[31m[91m[33m{[39m[31m[91m-ms-flex[33m:[39m[31m[91m0 0 20%[33m;[39m[31m[91mflex[33m:[39m[31m[91m0 0 20%[33m;[39m[31m[91mmax-width[33m:[39m[31m[91m20%[33m}[39m[31m[91m[33m.row-cols-sm-6>*[39m[31m[91m[33m{[39m[31m[91m-ms-flex[33m:[39m[31m[91m0 0 16.666667%[33m;[39m[31m[91mflex[33m:[39m[31m[91m0 0 16.666667%[33m;[39m[31m[91mmax-width[33m:[39m[31m[91m16.666667%[33m}[39m[31m[91m[33m.col-sm-auto[39m[31m[91m[33m{[39m[31m[91m-ms-flex[33m:[39m[31m[91m0 0 auto[33m;[39m[31m[91mflex[33m:[39m[31m[91m0 0 auto[33m;[39m[31m[91mwidth[33m:[39m[31m[91mauto[33m;[39m[31m[91mmax-width[33m:[39m[31m[91m100%[33m}[39m[31m[91m[33m.col-sm-1[39m[31m[91m[33m{[39m[31m[91m-ms-flex[33m:[39m[31m[91m0 0 8.333333%[33m;[39m[31m[91mflex[33m:[39m[31m[91m0 0 8.333333%[33m;[39m[31m[91mmax-width[33m:[39m[31m[91m8.333333%[33m}[39m[31m[91m[33m.col-sm-2[39m[31m[91m[33m{[39m[31m[91m-ms-flex[33m:[39m[31m[91m0 0 16.666667%[33m;[39m[31m[91mflex[33m:[39m[31m[91m0 0 16.666667%[33m;[39m[31m[91mmax-width[33m:[39m[31m[91m16.666667%[33m}[39m[31m[91m[33m.col-sm-3[39m[31m[91m[33m{[39m[31m[91m-ms-flex[33m:[39m[31m[91m0 0 25%[33m;[39m[31m[91mflex[33m:[39m[31m[91m0 0 25%[33m;[39m[31m[91mmax-width[33m:[39m[31m[91m25%[33m}[39m[31m[91m[33m.col-sm-4[39m[31m[91m[33m{[39m[31m[91m-ms-flex[33m:[39m[31m[91m0 0 33.333333%[33m;[39m[31m[91mflex[33m:[39m[31m[91m0 0 33.333333%[33m;[39m[31m[91mmax-width[33m:[39m[31m[91m33.333333%[33m}[39m[31m[91m[33m.col-sm-5[39m[31m[91m[33m{[39m[31m[91m-ms-flex[33m:[39m[31m[91m0 0 41.666667%[33m;[39m[31m[91mflex[33m:[39m[31m[91m0 0 41.666667%[33m;[39m[31m[91mmax-width[33m:[39m[31m[91m41.666667%[33m}[39m[31m[91m[33m.col-sm-6[39m[31m[91m[33m{[39m[31m[91m-ms-flex[33m:[39m[31m[91m0 0 50%[33m;[39m[31m[91mflex[33m:[39m[31m[91m0 0 50%[33m;[39m[31m[91mmax-width[33m:[39m[31m[91m50%[33m}[39m[31m[91m[33m.col-sm-7[39m[31m[91m[33m{[39m[31m[91m-ms-flex[33m:[39m[31m[91m0 0 58.333333%[33m;[39m[31m[91mflex[33m:[39m[31m[91m0 0 58.333333%[33m;[39m[31m[91mmax-width[33m:[39m[31m[9[39m[22m[1m[31m1m58.333333%[33m}[39m[31m[91m[33m.col-sm-8[39m[31m[91m[33m{[39m[31m[91m-ms-flex[33m:[39m[31m[91m0 0 66.666667%[33m;[39m[31m[91mflex[33m:[39m[31m[91m0 0 66.666667%[33m;[39m[31m[91mmax-width[33m:[39m[31m[91m66.666667%[33m}[39m[31m[91m[33m.col-sm-9[39m[31m[91m[33m{[39m[31m[91m-ms-flex[33m:[39m[31m[91m0 0 75%[33m;[39m[31m[91mflex[33m:[39m[31m[91m0 0 75%[33m;[39m[31m[91mmax-width[33m:[39m[31m[91m75%[33m}[39m[31m[91m[33m.col-sm-10[39m[31m[91m[33m{[39m[31m[91m-ms-flex[33m:[39m[31m[91m0 0 83.333333%[33m;[39m[31m[91mflex[33m:[39m[31m[91m0 0 83.333333%[33m;[39m[31m[91mmax-width[33m:[39m[31m[91m83.333333%[33m}[39m[31m[91m[33m.col-sm-11[39m[31m[91m[33m{[39m[31m[91m-ms-flex[33m:[39m[31m[91m0 0 91.666667%[33m;[39m[31m[91mflex[33m:[39m[31m[91m0 0 91.666667%[33m;[39m[31m[91mmax-width[33m:[39m[31m[91m91.666667%[33m}[39m[31m[91m[33m.col-sm-12[39m[31m[91m[33m{[39m[31m[91m-ms-flex[33m:[39m[31m[91m0 0 100%[33m;[39m[31m[91mflex[33m:[39m[31m[91m0 0 100%[33m;[39m[31m[91mmax-width[33m:[39m[31m[91m100%[33m}[39m[31m[91m[33m.order-sm-first[39m[31m[91m[33m{[39m[31m[91m-ms-flex-order[33m:[39m[31m[91m-1[33m;[39m[31m[91morder[33m:[39m[31m[91m-1[33m}[39m[31m[91m[33m.order-sm-last[39m[31m[91m[33m{[39m[31m[91m-ms-flex-order[33m:[39m[31m[91m13[33m;[39m[31m[91morder[33m:[39m[31m[91m13[33m}[39m[31m[91m[33m.order-sm-0[39m[31m[91m[33m{[39m[31m[91m-ms-flex-order[33m:[39m[31m[91m0[33m;[39m[31m[91morder[33m:[39m[31m[91m0[33m}[39m[31m[91m[33m.order-sm-1[39m[31m[91m[33m{[39m[31m[91m-ms-flex-order[33m:[39m[31m[91m1[33m;[39m[31m[91morder[33m:[39m[31m[91m1[33m}[39m[31m[91m[33m.order-sm-2[39m[31m[91m[33m{[39m[31m[91m-ms-flex-order[33m:[39m[31m[91m2[33m;[39m[31m[91morder[33m:[39m[31m[91m2[33m}[39m[31m[91m[33m.order-sm-3[39m[31m[91m[33m{[39m[31m[91m-ms-flex-order[33m:[39m[31m[91m3[33m;[39m[31m[91morder[33m:[39m[31m[91m3[33m}[39m[31m[91m[33m.order-sm-4[39m[31m[91m[33m{[39m[31m[91m-ms-flex-order[33m:[39m[31m[91m4[33m;[39m[31m[91morder[33m:[39m[31m[91m4[33m}[39m[31m[91m[33m.order-sm-5[39m[31m[91m[33m{[39m[31m[91m-ms-flex-order[33m:[39m[31m[91m5[33m;[39m[31m[91morder[33m:[39m[31m[91m5[33m}[39m[31m[91m[33m.[39m[22m[1m[31morder-sm-6[39m[31m[91m[33m{[39m[31m[91m-ms-flex-order[33m:[39m[31m[91m6[33m;[39m[31m[91morder[33m:[39m[31m[91m6[33m}[39m[31m[91m[33m.order-sm-7[39m[31m[91m[33m{[39m[31m[91m-ms-flex-order[33m:[39m[31m[91m7[33m;[39m[31m[91morder[33m:[39m[31m[91m7[33m}[39m[31m[91m[33m.order-sm-8[39m[31m[91m[33m{[39m[31m[91m-ms-flex-order[33m:[39m[31m[91m8[33m;[39m[31m[91morder[33m:[39m[31m[91m8[33m}[39m[31m[91m[33m.order-sm-9[39m[31m[91m[33m{[39m[31m[91m-ms-flex-order[33m:[39m[31m[91m9[33m;[39m[31m[91morder[33m:[39m[31m[91m9[33m}[39m[31m[91m[33m.order-sm-10[39m[31m[91m[33m{[39m[31m[91m-ms-flex-order[33m:[39m[31m[91m10[33m;[39m[31m[91morder[33m:[39m[31m[91m10[33m}[39m[31m[91m[33m.order-sm-11[39m[31m[91m[33m{[39m[31m[91m-ms-flex-order[33m:[39m[31m[91m11[33m;[39m[31m[91morder[33m:[39m[31m[91m11[33m}[39m[31m[91m[33m.order-sm-12[39m[31m[91m[33m{[39m[31m[91m-ms-flex-order[33m:[39m[31m[91m12[33m;[39m[31m[91morder[33m:[39m[31m[91m12[33m}[39m[31m[91m[33m.offset-sm-0[39m[31m[91m[33m{[39m[31m[91mmargin-left[33m:[39m[31m[91m0[33m}[39m[31m[91m[33m.offset-sm-1[39m[31m[91m[33m{[39m[31m[91mmargin-left[33m:[39m[31m[91m8.333333%[33m}[39m[31m[91m[33m.offset-sm-2[39m[31m[91m[33m{[39m[31m[91mmargin-left[33m:[39m[31m[91m16.666667%[33m}[39m[31m[91m[33m.offset-sm-3[39m[31m[91m[33m{[39m[31m[91mmargin-left[33m:[39m[31m[91m25%[33m}[39m[31m[91m[33m.offset-sm-4[39m[31m[91m[33m{[39m[31m[91mmargin-left[33m:[39m[31m[91m33.333333%[33m}[39m[31m[91m[33m.offset-sm-5[39m[31m[91m[33m{[39m[31m[91mmargin-left[33m:[39m[31m[91m41.666667%[33m}[39m[31m[91m[33m.offset-sm-6[39m[31m[91m[33m{[39m[31m[91mmargin-left[33m:[39m[31m[91m50%[33m}[39m[31m[91m[33m.offset-sm-7[39m[31m[91m[33m{[39m[31m[91mmargin-left[33m:[39m[31m[91m58.333333%[33m}[39m[31m[91m[33m.offset-sm-8[39m[31m[91m[33m{[39m[31m[91mmargin-left[33m:[39m[31m[91m66.666667%[33m}[39m[31m[91m[33m.offset-sm-9[39m[31m[91m[33m{[39m[31m[91mmargin-left[33m:[39m[31m[91m75%[33m}[39m[31m[91m[33m.offset-sm-10[39m[31m[91m[33m{[39m[31m[91mmargin-left[33m:[39m[31m[91m83.333333%[33m}[39m[31m[91m[33m.offset-sm-11[39m[31m[91m[33m{[39m[31m[91mmargin-left[33m:[39m[31m[91m91.666667%[39m[22m[1m[31m[33m}[39m[31m[91m[33m}[39m[31m[91m[36m@media[39m[31m[91m[36m [39m[31m[91m[36m(min-width:768px)[39m[31m[91m[33m{[39m[31m[91m[33m.col-md[39m[31m[91m[33m{[39m[31m[91m-ms-flex-preferred-size[33m:[39m[31m[91m0[33m;[39m[31m[91mflex-basis[33m:[39m[31m[91m0[33m;[39m[31m[91m-ms-flex-positive[33m:[39m[31m[91m1[33m;[39m[31m[91mflex-grow[33m:[39m[31m[91m1[33m;[39m[31m[91mmax-width[33m:[39m[31m[91m100%[33m}[39m[31m[91m[33m.row-cols-md-1>*[39m[31m[91m[33m{[39m[31m[91m-ms-flex[33m:[39m[31m[91m0 0 100%[33m;[39m[31m[91mflex[33m:[39m[31m[91m0 0 100%[33m;[39m[31m[91mmax-width[33m:[39m[31m[91m100%[33m}[39m[31m[91m[33m.row-cols-md-2>*[39m[31m[91m[33m{[39m[31m[91m-ms-flex[33m:[39m[31m[91m0 0 50%[33m;[39m[31m[91mflex[33m:[39m[31m[91m0 0 50%[33m;[39m[31m[91mmax-width[33m:[39m[31m[91m50%[33m}[39m[31m[91m[33m.row-cols-md-3>*[39m[31m[91m[33m{[39m[31m[91m-ms-flex[33m:[39m[31m[91m0 0 33.333333%[33m;[39m[31m[91mflex[33m:[39m[31m[91m0 0 33.333333%[33m;[39m[31m[91mmax-width[33m:[39m[31m[91m33.333333%[33m}[39m[31m[91m[33m.row-cols-md-4>*[39m[31m[91m[33m{[39m[31m[91m-ms-flex[33m:[39m[31m[91m0 0 25%[33m;[39m[31m[91mflex[33m:[39m[31m[91m0 0 25%[33m;[39m[31m[91mmax-width[33m:[39m[31m[91m25%[33m}[39m[31m[91m[33m.row-cols-md-5>*[39m[31m[91m[33m{[39m[31m[91m-ms-flex[33m:[39m[31m[91m0 0 20%[33m;[39m[31m[91mflex[33m:[39m[31m[91m0 0 20%[33m;[39m[31m[91mmax-width[33m:[39m[31m[91m20%[33m}[39m[31m[91m[33m.row-cols-md-6>*[39m[31m[91m[33m{[39m[31m[91m-ms-flex[33m:[39m[31m[91m0 0 16.666667%[33m;[39m[31m[91mflex[33m:[39m[31m[91m0 0 16.666667%[33m;[39m[31m[91mmax-width[33m:[39m[31m[91m16.666667%[33m}[39m[31m[91m[33m.col-md-auto[39m[31m[91m[33m{[39m[31m[91m-ms-flex[33m:[39m[31m[91m0 0 auto[33m;[39m[31m[91mflex[33m:[39m[31m[91m0 0 auto[33m;[39m[31m[91mwidth[33m:[39m[31m[91mauto[33m;[39m[31m[91mmax-width[33m:[39m[31m[91m100%[33m}[39m[31m[91m[33m.col-md-1[39m[31m[91m[33m{[39m[31m[91m-ms-flex[33m:[39m[31m[91m0 0 8.333333%[33m;[39m[31m[91mflex[33m:[39m[31m[91m0 0 8.333333%[33m;[39m[31m[91mmax-width[33m:[39m[31m[91m8.333333%[33m}[39m[31m[91m[33m.col-md-2[39m[31m[91m[33m{[39m[31m[91m-ms-flex[33m:[39m[31m[91m0 [39m[22m[1m[31m0 16.666667%[33m;[39m[31m[91mflex[33m:[39m[31m[91m0 0 16.666667%[33m;[39m[31m[91mmax-width[33m:[39m[31m[91m16.666667%[33m}[39m[31m[91m[33m.col-md-3[39m[31m[91m[33m{[39m[31m[91m-ms-flex[33m:[39m[31m[91m0 0 25%[33m;[39m[31m[91mflex[33m:[39m[31m[91m0 0 25%[33m;[39m[31m[91mmax-width[33m:[39m[31m[91m25%[33m}[39m[31m[91m[33m.col-md-4[39m[31m[91m[33m{[39m[31m[91m-ms-flex[33m:[39m[31m[91m0 0 33.333333%[33m;[39m[31m[91mflex[33m:[39m[31m[91m0 0 33.333333%[33m;[39m[31m[91mmax-width[33m:[39m[31m[91m33.333333%[33m}[39m[31m[91m[33m.col-md-5[39m[31m[91m[33m{[39m[31m[91m-ms-flex[33m:[39m[31m[91m0 0 41.666667%[33m;[39m[31m[91mflex[33m:[39m[31m[91m0 0 41.666667%[33m;[39m[31m[91mmax-width[33m:[39m[31m[91m41.666667%[33m}[39m[31m[91m[33m.col-md-6[39m[31m[91m[33m{[39m[31m[91m-ms-flex[33m:[39m[31m[91m0 0 50%[33m;[39m[31m[91mflex[33m:[39m[31m[91m0 0 50%[33m;[39m[31m[91mmax-width[33m:[39m[31m[91m50%[33m}[39m[31m[91m[33m.col-md-7[39m[31m[91m[33m{[39m[31m[91m-ms-flex[33m:[39m[31m[91m0 0 58.333333%[33m;[39m[31m[91mflex[33m:[39m[31m[91m0 0 58.333333%[33m;[39m[31m[91mmax-width[33m:[39m[31m[91m58.333333%[33m}[39m[31m[91m[33m.col-md-8[39m[31m[91m[33m{[39m[31m[91m-ms-flex[33m:[39m[31m[91m0 0 66.666667%[33m;[39m[31m[91mflex[33m:[39m[31m[91m0 0 66.666667%[33m;[39m[31m[91mmax-width[33m:[39m[31m[91m66.666667%[33m}[39m[31m[91m[33m.col-md-9[39m[31m[91m[33m{[39m[31m[91m-ms-flex[33m:[39m[31m[91m0 0 75%[33m;[39m[31m[91mflex[33m:[39m[31m[91m0 0 75%[33m;[39m[31m[91mmax-width[33m:[39m[31m[91m75%[33m}[39m[31m[91m[33m.col-md-10[39m[31m[91m[33m{[39m[31m[91m-ms-flex[33m:[39m[31m[91m0 0 83.333333%[33m;[39m[31m[91mflex[33m:[39m[31m[91m0 0 83.333333%[33m;[39m[31m[91mmax-width[33m:[39m[31m[91m83.333333%[33m}[39m[31m[91m[33m.col-md-11[39m[31m[91m[33m{[39m[31m[91m-ms-flex[33m:[39m[31m[91m0 0 91.666667%[33m;[39m[31m[91mflex[33m:[39m[31m[91m0 0 91.666667%[33m;[39m[31m[91mmax-width[33m:[39m[31m[91m91.666667%[33m}[39m[31m[91m[33m.col-md-12[39m[31m[91m[33m{[39m[31m[91m-ms-flex[33m:[39m[31m[91m0 0 100%[33m;[39m[31m[91mflex[33m:[39m[31m[91m0 0 100%[33m;[39m[31m[91mmax-width[33m:[39m[31m[91m100%[33m}[39m[31m[91[39m[22m[1m[31mm[33m.order-md-first[39m[31m[91m[33m{[39m[31m[91m-ms-flex-order[33m:[39m[31m[91m-1[33m;[39m[31m[91morder[33m:[39m[31m[91m-1[33m}[39m[31m[91m[33m.order-md-last[39m[31m[91m[33m{[39m[31m[91m-ms-flex-order[33m:[39m[31m[91m13[33m;[39m[31m[91morder[33m:[39m[31m[91m13[33m}[39m[31m[91m[33m.order-md-0[39m[31m[91m[33m{[39m[31m[91m-ms-flex-order[33m:[39m[31m[91m0[33m;[39m[31m[91morder[33m:[39m[31m[91m0[33m}[39m[31m[91m[33m.order-md-1[39m[31m[91m[33m{[39m[31m[91m-ms-flex-order[33m:[39m[31m[91m1[33m;[39m[31m[91morder[33m:[39m[31m[91m1[33m}[39m[31m[91m[33m.order-md-2[39m[31m[91m[33m{[39m[31m[91m-ms-flex-order[33m:[39m[31m[91m2[33m;[39m[31m[91morder[33m:[39m[31m[91m2[33m}[39m[31m[91m[33m.order-md-3[39m[31m[91m[33m{[39m[31m[91m-ms-flex-order[33m:[39m[31m[91m3[33m;[39m[31m[91morder[33m:[39m[31m[91m3[33m}[39m[31m[91m[33m.order-md-4[39m[31m[91m[33m{[39m[31m[91m-ms-flex-order[33m:[39m[31m[91m4[33m;[39m[31m[91morder[33m:[39m[31m[91m4[33m}[39m[31m[91m[33m.order-md-5[39m[31m[91m[33m{[39m[31m[91m-ms-flex-order[33m:[39m[31m[91m5[33m;[39m[31m[91morder[33m:[39m[31m[91m5[33m}[39m[31m[91m[33m.order-md-6[39m[31m[91m[33m{[39m[31m[91m-ms-flex-order[33m:[39m[31m[91m6[33m;[39m[31m[91morder[33m:[39m[31m[91m6[33m}[39m[31m[91m[33m.order-md-7[39m[31m[91m[33m{[39m[31m[91m-ms-flex-order[33m:[39m[31m[91m7[33m;[39m[31m[91morder[33m:[39m[31m[91m7[33m}[39m[31m[91m[33m.order-md-8[39m[31m[91m[33m{[39m[31m[91m-ms-flex-order[33m:[39m[31m[91m8[33m;[39m[31m[91morder[33m:[39m[31m[91m8[33m}[39m[31m[91m[33m.order-md-9[39m[31m[91m[33m{[39m[31m[91m-ms-flex-order[33m:[39m[31m[91m9[33m;[39m[31m[91morder[33m:[39m[31m[91m9[33m}[39m[31m[91m[33m.order-md-10[39m[31m[91m[33m{[39m[31m[91m-ms-flex-order[33m:[39m[31m[91m10[33m;[39m[31m[91morder[33m:[39m[31m[91m10[33m}[39m[31m[91m[33m.order-md-11[39m[31m[91m[33m{[39m[31m[91m-ms-flex-order[33m:[39m[31m[91m11[33m;[39m[31m[91morder[33m:[39m[31m[91m11[33m}[39m[31m[91m[33m.order-md-12[39m[31m[91m[33m{[39m[31m[91m-ms-flex-order[33m:[39m[31m[91m12[33m;[39m[31m[91morder[33m:[39m[31m[91m12[33m}[39m[31m[91m[33m.offset-md-0[39m[31m[91m[33m{[39m[31m[91mmargin-left[33m:[39m[31m[91m0[3[39m[22m[1m[31m3m}[39m[31m[91m[33m.offset-md-1[39m[31m[91m[33m{[39m[31m[91mmargin-left[33m:[39m[31m[91m8.333333%[33m}[39m[31m[91m[33m.offset-md-2[39m[31m[91m[33m{[39m[31m[91mmargin-left[33m:[39m[31m[91m16.666667%[33m}[39m[31m[91m[33m.offset-md-3[39m[31m[91m[33m{[39m[31m[91mmargin-left[33m:[39m[31m[91m25%[33m}[39m[31m[91m[33m.offset-md-4[39m[31m[91m[33m{[39m[31m[91mmargin-left[33m:[39m[31m[91m33.333333%[33m}[39m[31m[91m[33m.offset-md-5[39m[31m[91m[33m{[39m[31m[91mmargin-left[33m:[39m[31m[91m41.666667%[33m}[39m[31m[91m[33m.offset-md-6[39m[31m[91m[33m{[39m[31m[91mmargin-left[33m:[39m[31m[91m50%[33m}[39m[31m[91m[33m.offset-md-7[39m[31m[91m[33m{[39m[31m[91mmargin-left[33m:[39m[31m[91m58.333333%[33m}[39m[31m[91m[33m.offset-md-8[39m[31m[91m[33m{[39m[31m[91mmargin-left[33m:[39m[31m[91m66.666667%[33m}[39m[31m[91m[33m.offset-md-9[39m[31m[91m[33m{[39m[31m[91mmargin-left[33m:[39m[31m[91m75%[33m}[39m[31m[91m[33m.offset-md-10[39m[31m[91m[33m{[39m[31m[91mmargin-left[33m:[39m[31m[91m83.333333%[33m}[39m[31m[91m[33m.offset-md-11[39m[31m[91m[33m{[39m[31m[91mmargin-left[33m:[39m[31m[91m91.666667%[33m}[39m[31m[91m[33m}[39m[31m[91m[36m@media[39m[31m[91m[36m [39m[31m[91m[36m(min-width:960px)[39m[31m[91m[33m{[39m[31m[91m[33m.col-lg[39m[31m[91m[33m{[39m[31m[91m-ms-flex-preferred-size[33m:[39m[31m[91m0[33m;[39m[31m[91mflex-basis[33m:[39m[31m[91m0[33m;[39m[31m[91m-ms-flex-positive[33m:[39m[31m[91m1[33m;[39m[31m[91mflex-grow[33m:[39m[31m[91m1[33m;[39m[31m[91mmax-width[33m:[39m[31m[91m100%[33m}[39m[31m[91m[33m.row-cols-lg-1>*[39m[31m[91m[33m{[39m[31m[91m-ms-flex[33m:[39m[31m[91m0 0 100%[33m;[39m[31m[91mflex[33m:[39m[31m[91m0 0 100%[33m;[39m[31m[91mmax-width[33m:[39m[31m[91m100%[33m}[39m[31m[91m[33m.row-cols-lg-2>*[39m[31m[91m[33m{[39m[31m[91m-ms-flex[33m:[39m[31m[91m0 0 50%[33m;[39m[31m[91mflex[33m:[39m[31m[91m0 0 50%[33m;[39m[31m[91mmax-width[33m:[39m[31m[91m50%[33m}[39m[31m[91m[33m.row-cols-lg-3>*[39m[31m[91m[33m{[39m[31m[91m-ms-flex[33m:[39m[31m[91m0 0 33.333333%[33m;[39m[31m[91mflex[33m:[39m[31m[91m0 0 33.333333%[33m;[39m[31m[91mmax-width[33m:[39m[31m[91m33.333333%[33m}[39m[31m[91m[33m.row[39m[22m[1m[31m-cols-lg-4>*[39m[31m[91m[33m{[39m[31m[91m-ms-flex[33m:[39m[31m[91m0 0 25%[33m;[39m[31m[91mflex[33m:[39m[31m[91m0 0 25%[33m;[39m[31m[91mmax-width[33m:[39m[31m[91m25%[33m}[39m[31m[91m[33m.row-cols-lg-5>*[39m[31m[91m[33m{[39m[31m[91m-ms-flex[33m:[39m[31m[91m0 0 20%[33m;[39m[31m[91mflex[33m:[39m[31m[91m0 0 20%[33m;[39m[31m[91mmax-width[33m:[39m[31m[91m20%[33m}[39m[31m[91m[33m.row-cols-lg-6>*[39m[31m[91m[33m{[39m[31m[91m-ms-flex[33m:[39m[31m[91m0 0 16.666667%[33m;[39m[31m[91mflex[33m:[39m[31m[91m0 0 16.666667%[33m;[39m[31m[91mmax-width[33m:[39m[31m[91m16.666667%[33m}[39m[31m[91m[33m.col-lg-auto[39m[31m[91m[33m{[39m[31m[91m-ms-flex[33m:[39m[31m[91m0 0 auto[33m;[39m[31m[91mflex[33m:[39m[31m[91m0 0 auto[33m;[39m[31m[91mwidth[33m:[39m[31m[91mauto[33m;[39m[31m[91mmax-width[33m:[39m[31m[91m100%[33m}[39m[31m[91m[33m.col-lg-1[39m[31m[91m[33m{[39m[31m[91m-ms-flex[33m:[39m[31m[91m0 0 8.333333%[33m;[39m[31m[91mflex[33m:[39m[31m[91m0 0 8.333333%[33m;[39m[31m[91mmax-width[33m:[39m[31m[91m8.333333%[33m}[39m[31m[91m[33m.col-lg-2[39m[31m[91m[33m{[39m[31m[91m-ms-flex[33m:[39m[31m[91m0 0 16.666667%[33m;[39m[31m[91mflex[33m:[39m[31m[91m0 0 16.666667%[33m;[39m[31m[91mmax-width[33m:[39m[31m[91m16.666667%[33m}[39m[31m[91m[33m.col-lg-3[39m[31m[91m[33m{[39m[31m[91m-ms-flex[33m:[39m[31m[91m0 0 25%[33m;[39m[31m[91mflex[33m:[39m[31m[91m0 0 25%[33m;[39m[31m[91mmax-width[33m:[39m[31m[91m25%[33m}[39m[31m[91m[33m.col-lg-4[39m[31m[91m[33m{[39m[31m[91m-ms-flex[33m:[39m[31m[91m0 0 33.333333%[33m;[39m[31m[91mflex[33m:[39m[31m[91m0 0 33.333333%[33m;[39m[31m[91mmax-width[33m:[39m[31m[91m33.333333%[33m}[39m[31m[91m[33m.col-lg-5[39m[31m[91m[33m{[39m[31m[91m-ms-flex[33m:[39m[31m[91m0 0 41.666667%[33m;[39m[31m[91mflex[33m:[39m[31m[91m0 0 41.666667%[33m;[39m[31m[91mmax-width[33m:[39m[31m[91m41.666667%[33m}[39m[31m[91m[33m.col-lg-6[39m[31m[91m[33m{[39m[31m[91m-ms-flex[33m:[39m[31m[91m0 0 50%[33m;[39m[31m[91mflex[33m:[39m[31m[91m0 0 50%[33m;[39m[31m[91mmax-width[33m:[39m[31m[91m50%[33m}[39m[31m[91m[33m.col-lg-7[39m[31m[91m[33m{[39m[31m[91m-ms-flex[33m:[39m[31m[91m0 0 58.333333%[33m;[39m[31m[91mflex[39m[22m[1m[31m[33m:[39m[31m[91m0 0 58.333333%[33m;[39m[31m[91mmax-width[33m:[39m[31m[91m58.333333%[33m}[39m[31m[91m[33m.col-lg-8[39m[31m[91m[33m{[39m[31m[91m-ms-flex[33m:[39m[31m[91m0 0 66.666667%[33m;[39m[31m[91mflex[33m:[39m[31m[91m0 0 66.666667%[33m;[39m[31m[91mmax-width[33m:[39m[31m[91m66.666667%[33m}[39m[31m[91m[33m.col-lg-9[39m[31m[91m[33m{[39m[31m[91m-ms-flex[33m:[39m[31m[91m0 0 75%[33m;[39m[31m[91mflex[33m:[39m[31m[91m0 0 75%[33m;[39m[31m[91mmax-width[33m:[39m[31m[91m75%[33m}[39m[31m[91m[33m.col-lg-10[39m[31m[91m[33m{[39m[31m[91m-ms-flex[33m:[39m[31m[91m0 0 83.333333%[33m;[39m[31m[91mflex[33m:[39m[31m[91m0 0 83.333333%[33m;[39m[31m[91mmax-width[33m:[39m[31m[91m83.333333%[33m}[39m[31m[91m[33m.col-lg-11[39m[31m[91m[33m{[39m[31m[91m-ms-flex[33m:[39m[31m[91m0 0 91.666667%[33m;[39m[31m[91mflex[33m:[39m[31m[91m0 0 91.666667%[33m;[39m[31m[91mmax-width[33m:[39m[31m[91m91.666667%[33m}[39m[31m[91m[33m.col-lg-12[39m[31m[91m[33m{[39m[31m[91m-ms-flex[33m:[39m[31m[91m0 0 100%[33m;[39m[31m[91mflex[33m:[39m[31m[91m0 0 100%[33m;[39m[31m[91mmax-width[33m:[39m[31m[91m100%[33m}[39m[31m[91m[33m.order-lg-first[39m[31m[91m[33m{[39m[31m[91m-ms-flex-order[33m:[39m[31m[91m-1[33m;[39m[31m[91morder[33m:[39m[31m[91m-1[33m}[39m[31m[91m[33m.order-lg-last[39m[31m[91m[33m{[39m[31m[91m-ms-flex-order[33m:[39m[31m[91m13[33m;[39m[31m[91morder[33m:[39m[31m[91m13[33m}[39m[31m[91m[33m.order-lg-0[39m[31m[91m[33m{[39m[31m[91m-ms-flex-order[33m:[39m[31m[91m0[33m;[39m[31m[91morder[33m:[39m[31m[91m0[33m}[39m[31m[91m[33m.order-lg-1[39m[31m[91m[33m{[39m[31m[91m-ms-flex-order[33m:[39m[31m[91m1[33m;[39m[31m[91morder[33m:[39m[31m[91m1[33m}[39m[31m[91m[33m.order-lg-2[39m[31m[91m[33m{[39m[31m[91m-ms-flex-order[33m:[39m[31m[91m2[33m;[39m[31m[91morder[33m:[39m[31m[91m2[33m}[39m[31m[91m[33m.order-lg-3[39m[31m[91m[33m{[39m[31m[91m-ms-flex-order[33m:[39m[31m[91m3[33m;[39m[31m[91morder[33m:[39m[31m[91m3[33m}[39m[31m[91m[33m.order-lg-4[39m[31m[91m[33m{[39m[31m[91m-ms-flex-order[33m:[39m[31m[91m4[33m;[39m[31m[91morder[33m:[39m[31m[91m4[33m}[39m[31m[91m[33m.order-lg-5[39m[31m[91m[33m{[39m[31m[91m-ms-flex-order[33m:[3[39m[22m[1m[31m9m[91m5[33m;[39m[31m[91morder[33m:[39m[31m[91m5[33m}[39m[31m[91m[33m.order-lg-6[39m[31m[91m[33m{[39m[31m[91m-ms-flex-order[33m:[39m[31m[91m6[33m;[39m[31m[91morder[33m:[39m[31m[91m6[33m}[39m[31m[91m[33m.order-lg-7[39m[31m[91m[33m{[39m[31m[91m-ms-flex-order[33m:[39m[31m[91m7[33m;[39m[31m[91morder[33m:[39m[31m[91m7[33m}[39m[31m[91m[33m.order-lg-8[39m[31m[91m[33m{[39m[31m[91m-ms-flex-order[33m:[39m[31m[91m8[33m;[39m[31m[91morder[33m:[39m[31m[91m8[33m}[39m[31m[91m[33m.order-lg-9[39m[31m[91m[33m{[39m[31m[91m-ms-flex-order[33m:[39m[31m[91m9[33m;[39m[31m[91morder[33m:[39m[31m[91m9[33m}[39m[31m[91m[33m.order-lg-10[39m[31m[91m[33m{[39m[31m[91m-ms-flex-order[33m:[39m[31m[91m10[33m;[39m[31m[91morder[33m:[39m[31m[91m10[33m}[39m[31m[91m[33m.order-lg-11[39m[31m[91m[33m{[39m[31m[91m-ms-flex-order[33m:[39m[31m[91m11[33m;[39m[31m[91morder[33m:[39m[31m[91m11[33m}[39m[31m[91m[33m.order-lg-12[39m[31m[91m[33m{[39m[31m[91m-ms-flex-order[33m:[39m[31m[91m12[33m;[39m[31m[91morder[33m:[39m[31m[91m12[33m}[39m[31m[91m[33m.offset-lg-0[39m[31m[91m[33m{[39m[31m[91mmargin-left[33m:[39m[31m[91m0[33m}[39m[31m[91m[33m.offset-lg-1[39m[31m[91m[33m{[39m[31m[91mmargin-left[33m:[39m[31m[91m8.333333%[33m}[39m[31m[91m[33m.offset-lg-2[39m[31m[91m[33m{[39m[31m[91mmargin-left[33m:[39m[31m[91m16.666667%[33m}[39m[31m[91m[33m.offset-lg-3[39m[31m[91m[33m{[39m[31m[91mmargin-left[33m:[39m[31m[91m25%[33m}[39m[31m[91m[33m.offset-lg-4[39m[31m[91m[33m{[39m[31m[91mmargin-left[33m:[39m[31m[91m33.333333%[33m}[39m[31m[91m[33m.offset-lg-5[39m[31m[91m[33m{[39m[31m[91mmargin-left[33m:[39m[31m[91m41.666667%[33m}[39m[31m[91m[33m.offset-lg-6[39m[31m[91m[33m{[39m[31m[91mmargin-left[33m:[39m[31m[91m50%[33m}[39m[31m[91m[33m.offset-lg-7[39m[31m[91m[33m{[39m[31m[91mmargin-left[33m:[39m[31m[91m58.333333%[33m}[39m[31m[91m[33m.offset-lg-8[39m[31m[91m[33m{[39m[31m[91mmargin-left[33m:[39m[31m[91m66.666667%[33m}[39m[31m[91m[33m.offset-lg-9[39m[31m[91m[33m{[39m[31m[91mmargin-left[33m:[39m[31m[91m75%[33m}[39m[31m[91m[33m.offset-lg-10[39m[31m[91m[33m{[39m[31m[91mmargin-left[33m:[39m[31m[91m83.333333%[33m}[39m[31m[91m[33m.offset-l[39m[22m[1m[31mg-11[39m[31m[91m[33m{[39m[31m[91mmargin-left[33m:[39m[31m[91m91.666667%[33m}[39m[31m[91m[33m}[39m[31m[91m[36m@media[39m[31m[91m[36m [39m[31m[91m[36m(min-width:1152px)[39m[31m[91m[33m{[39m[31m[91m[33m.col-xl[39m[31m[91m[33m{[39m[31m[91m-ms-flex-preferred-size[33m:[39m[31m[91m0[33m;[39m[31m[91mflex-basis[33m:[39m[31m[91m0[33m;[39m[31m[91m-ms-flex-positive[33m:[39m[31m[91m1[33m;[39m[31m[91mflex-grow[33m:[39m[31m[91m1[33m;[39m[31m[91mmax-width[33m:[39m[31m[91m100%[33m}[39m[31m[91m[33m.row-cols-xl-1>*[39m[31m[91m[33m{[39m[31m[91m-ms-flex[33m:[39m[31m[91m0 0 100%[33m;[39m[31m[91mflex[33m:[39m[31m[91m0 0 100%[33m;[39m[31m[91mmax-width[33m:[39m[31m[91m100%[33m}[39m[31m[91m[33m.row-cols-xl-2>*[39m[31m[91m[33m{[39m[31m[91m-ms-flex[33m:[39m[31m[91m0 0 50%[33m;[39m[31m[91mflex[33m:[39m[31m[91m0 0 50%[33m;[39m[31m[91mmax-width[33m:[39m[31m[91m50%[33m}[39m[31m[91m[33m.row-cols-xl-3>*[39m[31m[91m[33m{[39m[31m[91m-ms-flex[33m:[39m[31m[91m0 0 33.333333%[33m;[39m[31m[91mflex[33m:[39m[31m[91m0 0 33.333333%[33m;[39m[31m[91mmax-width[33m:[39m[31m[91m33.333333%[33m}[39m[31m[91m[33m.row-cols-xl-4>*[39m[31m[91m[33m{[39m[31m[91m-ms-flex[33m:[39m[31m[91m0 0 25%[33m;[39m[31m[91mflex[33m:[39m[31m[91m0 0 25%[33m;[39m[31m[91mmax-width[33m:[39m[31m[91m25%[33m}[39m[31m[91m[33m.row-cols-xl-5>*[39m[31m[91m[33m{[39m[31m[91m-ms-flex[33m:[39m[31m[91m0 0 20%[33m;[39m[31m[91mflex[33m:[39m[31m[91m0 0 20%[33m;[39m[31m[91mmax-width[33m:[39m[31m[91m20%[33m}[39m[31m[91m[33m.row-cols-xl-6>*[39m[31m[91m[33m{[39m[31m[91m-ms-flex[33m:[39m[31m[91m0 0 16.666667%[33m;[39m[31m[91mflex[33m:[39m[31m[91m0 0 16.666667%[33m;[39m[31m[91mmax-width[33m:[39m[31m[91m16.666667%[33m}[39m[31m[91m[33m.col-xl-auto[39m[31m[91m[33m{[39m[31m[91m-ms-flex[33m:[39m[31m[91m0 0 auto[33m;[39m[31m[91mflex[33m:[39m[31m[91m0 0 auto[33m;[39m[31m[91mwidth[33m:[39m[31m[91mauto[33m;[39m[31m[91mmax-width[33m:[39m[31m[91m100%[33m}[39m[31m[91m[33m.col-xl-1[39m[31m[91m[33m{[39m[31m[91m-ms-flex[33m:[39m[31m[91m0 0 8.333333%[33m;[39m[31m[91mflex[33m:[39m[31m[91m0 0 8.333333%[33m;[39m[31m[91mmax-width[33m:[39m[31m[91m8.333333%[33m}[39m[31m[[39m[22m[1m[31m91m[33m.col-xl-2[39m[31m[91m[33m{[39m[31m[91m-ms-flex[33m:[39m[31m[91m0 0 16.666667%[33m;[39m[31m[91mflex[33m:[39m[31m[91m0 0 16.666667%[33m;[39m[31m[91mmax-width[33m:[39m[31m[91m16.666667%[33m}[39m[31m[91m[33m.col-xl-3[39m[31m[91m[33m{[39m[31m[91m-ms-flex[33m:[39m[31m[91m0 0 25%[33m;[39m[31m[91mflex[33m:[39m[31m[91m0 0 25%[33m;[39m[31m[91mmax-width[33m:[39m[31m[91m25%[33m}[39m[31m[91m[33m.col-xl-4[39m[31m[91m[33m{[39m[31m[91m-ms-flex[33m:[39m[31m[91m0 0 33.333333%[33m;[39m[31m[91mflex[33m:[39m[31m[91m0 0 33.333333%[33m;[39m[31m[91mmax-width[33m:[39m[31m[91m33.333333%[33m}[39m[31m[91m[33m.col-xl-5[39m[31m[91m[33m{[39m[31m[91m-ms-flex[33m:[39m[31m[91m0 0 41.666667%[33m;[39m[31m[91mflex[33m:[39m[31m[91m0 0 41.666667%[33m;[39m[31m[91mmax-width[33m:[39m[31m[91m41.666667%[33m}[39m[31m[91m[33m.col-xl-6[39m[31m[91m[33m{[39m[31m[91m-ms-flex[33m:[39m[31m[91m0 0 50%[33m;[39m[31m[91mflex[33m:[39m[31m[91m0 0 50%[33m;[39m[31m[91mmax-width[33m:[39m[31m[91m50%[33m}[39m[31m[91m[33m.col-xl-7[39m[31m[91m[33m{[39m[31m[91m-ms-flex[33m:[39m[31m[91m0 0 58.333333%[33m;[39m[31m[91mflex[33m:[39m[31m[91m0 0 58.333333%[33m;[39m[31m[91mmax-width[33m:[39m[31m[91m58.333333%[33m}[39m[31m[91m[33m.col-xl-8[39m[31m[91m[33m{[39m[31m[91m-ms-flex[33m:[39m[31m[91m0 0 66.666667%[33m;[39m[31m[91mflex[33m:[39m[31m[91m0 0 66.666667%[33m;[39m[31m[91mmax-width[33m:[39m[31m[91m66.666667%[33m}[39m[31m[91m[33m.col-xl-9[39m[31m[91m[33m{[39m[31m[91m-ms-flex[33m:[39m[31m[91m0 0 75%[33m;[39m[31m[91mflex[33m:[39m[31m[91m0 0 75%[33m;[39m[31m[91mmax-width[33m:[39m[31m[91m75%[33m}[39m[31m[91m[33m.col-xl-10[39m[31m[91m[33m{[39m[31m[91m-ms-flex[33m:[39m[31m[91m0 0 83.333333%[33m;[39m[31m[91mflex[33m:[39m[31m[91m0 0 83.333333%[33m;[39m[31m[91mmax-width[33m:[39m[31m[91m83.333333%[33m}[39m[31m[91m[33m.col-xl-11[39m[31m[91m[33m{[39m[31m[91m-ms-flex[33m:[39m[31m[91m0 0 91.666667%[33m;[39m[31m[91mflex[33m:[39m[31m[91m0 0 91.666667%[33m;[39m[31m[91mmax-width[33m:[39m[31m[91m91.666667%[33m}[39m[31m[91m[33m.col-xl-12[39m[31m[91m[33m{[39m[31m[91m-ms-flex[33m:[39m[31m[91m0 0 100%[33m;[39m[31m[91mflex[33m:[39m[31m[91[39m[22m[1m[31mm0 0 100%[33m;[39m[31m[91mmax-width[33m:[39m[31m[91m100%[33m}[39m[31m[91m[33m.order-xl-first[39m[31m[91m[33m{[39m[31m[91m-ms-flex-order[33m:[39m[31m[91m-1[33m;[39m[31m[91morder[33m:[39m[31m[91m-1[33m}[39m[31m[91m[33m.order-xl-last[39m[31m[91m[33m{[39m[31m[91m-ms-flex-order[33m:[39m[31m[91m13[33m;[39m[31m[91morder[33m:[39m[31m[91m13[33m}[39m[31m[91m[33m.order-xl-0[39m[31m[91m[33m{[39m[31m[91m-ms-flex-order[33m:[39m[31m[91m0[33m;[39m[31m[91morder[33m:[39m[31m[91m0[33m}[39m[31m[91m[33m.order-xl-1[39m[31m[91m[33m{[39m[31m[91m-ms-flex-order[33m:[39m[31m[91m1[33m;[39m[31m[91morder[33m:[39m[31m[91m1[33m}[39m[31m[91m[33m.order-xl-2[39m[31m[91m[33m{[39m[31m[91m-ms-flex-order[33m:[39m[31m[91m2[33m;[39m[31m[91morder[33m:[39m[31m[91m2[33m}[39m[31m[91m[33m.order-xl-3[39m[31m[91m[33m{[39m[31m[91m-ms-flex-order[33m:[39m[31m[91m3[33m;[39m[31m[91morder[33m:[39m[31m[91m3[33m}[39m[31m[91m[33m.order-xl-4[39m[31m[91m[33m{[39m[31m[91m-ms-flex-order[33m:[39m[31m[91m4[33m;[39m[31m[91morder[33m:[39m[31m[91m4[33m}[39m[31m[91m[33m.order-xl-5[39m[31m[91m[33m{[39m[31m[91m-ms-flex-order[33m:[39m[31m[91m5[33m;[39m[31m[91morder[33m:[39m[31m[91m5[33m}[39m[31m[91m[33m.order-xl-6[39m[31m[91m[33m{[39m[31m[91m-ms-flex-order[33m:[39m[31m[91m6[33m;[39m[31m[91morder[33m:[39m[31m[91m6[33m}[39m[31m[91m[33m.order-xl-7[39m[31m[91m[33m{[39m[31m[91m-ms-flex-order[33m:[39m[31m[91m7[33m;[39m[31m[91morder[33m:[39m[31m[91m7[33m}[39m[31m[91m[33m.order-xl-8[39m[31m[91m[33m{[39m[31m[91m-ms-flex-order[33m:[39m[31m[91m8[33m;[39m[31m[91morder[33m:[39m[31m[91m8[33m}[39m[31m[91m[33m.order-xl-9[39m[31m[91m[33m{[39m[31m[91m-ms-flex-order[33m:[39m[31m[91m9[33m;[39m[31m[91morder[33m:[39m[31m[91m9[33m}[39m[31m[91m[33m.order-xl-10[39m[31m[91m[33m{[39m[31m[91m-ms-flex-order[33m:[39m[31m[91m10[33m;[39m[31m[91morder[33m:[39m[31m[91m10[33m}[39m[31m[91m[33m.order-xl-11[39m[31m[91m[33m{[39m[31m[91m-ms-flex-order[33m:[39m[31m[91m11[33m;[39m[31m[91morder[33m:[39m[31m[91m11[33m}[39m[31m[91m[33m.order-xl-12[39m[31m[91m[33m{[39m[31m[91m-ms-flex-order[33m:[39m[31m[91m12[33m;[39m[31m[91morder[33m:[39m[31m[91m12[33m}[39m[31m[91m[33m[39m[22m[1m[31m.offset-xl-0[39m[31m[91m[33m{[39m[31m[91mmargin-left[33m:[39m[31m[91m0[33m}[39m[31m[91m[33m.offset-xl-1[39m[31m[91m[33m{[39m[31m[91mmargin-left[33m:[39m[31m[91m8.333333%[33m}[39m[31m[91m[33m.offset-xl-2[39m[31m[91m[33m{[39m[31m[91mmargin-left[33m:[39m[31m[91m16.666667%[33m}[39m[31m[91m[33m.offset-xl-3[39m[31m[91m[33m{[39m[31m[91mmargin-left[33m:[39m[31m[91m25%[33m}[39m[31m[91m[33m.offset-xl-4[39m[31m[91m[33m{[39m[31m[91mmargin-left[33m:[39m[31m[91m33.333333%[33m}[39m[31m[91m[33m.offset-xl-5[39m[31m[91m[33m{[39m[31m[91mmargin-left[33m:[39m[31m[91m41.666667%[33m}[39m[31m[91m[33m.offset-xl-6[39m[31m[91m[33m{[39m[31m[91mmargin-left[33m:[39m[31m[91m50%[33m}[39m[31m[91m[33m.offset-xl-7[39m[31m[91m[33m{[39m[31m[91mmargin-left[33m:[39m[31m[91m58.333333%[33m}[39m[31m[91m[33m.offset-xl-8[39m[31m[91m[33m{[39m[31m[91mmargin-left[33m:[39m[31m[91m66.666667%[33m}[39m[31m[91m[33m.offset-xl-9[39m[31m[91m[33m{[39m[31m[91mmargin-left[33m:[39m[31m[91m75%[33m}[39m[31m[91m[33m.offset-xl-10[39m[31m[91m[33m{[39m[31m[91mmargin-left[33m:[39m[31m[91m83.333333%[33m}[39m[31m[91m[33m.offset-xl-11[39m[31m[91m[33m{[39m[31m[91mmargin-left[33m:[39m[31m[91m91.666667%[33m}[39m[31m[91m[33m}[39m[31m[91m[33m.table[39m[31m[91m[33m{[39m[31m[91mwidth[33m:[39m[31m[91m100%[33m;[39m[31m[91mmargin-bottom[33m:[39m[31m[91m14px 8px[33m;[39m[31m[91mcolor[33m:[39m[31m[91m[35m#bbb[39m[31m[91m[33m}[39m[31m[91m[33m.table[39m[31m[91m td,.table th[33m{[39m[31m[91mpadding[33m:[39m[31m[91m0[33m;[39m[31m[91mvertical-align[33m:[39m[31m[91mtop[33m}[39m[31m[91m[33m.table[39m[31m[91m thead th[33m{[39m[31m[91mvertical-align[33m:[39m[31m[91mbottom[33m}[39m[31m[91m[33m.table-sm[39m[31m[91m td,.table-sm th[33m{[39m[31m[91mpadding[33m:[39m[31m[91m0[33m}[39m[31m[91m[33m.table-bordered[39m[31m[91m[33m{[39m[31m[91mborder[33m:[39m[31m[91m0 solid [35m#555[39m[31m[91m[33m}[39m[31m[91m[33m.table-bordered[39m[31m[91m thead td,.table-bordered thead th[33m{[39m[31m[91mborder-bottom-width[33m:[39m[31m[91m0[33m}[39m[31m[91m[33m.table-borderless[39m[31m[91m tbody+tbody,.table-borderless td,.table-borderless th,.table-borderles[39m[22m[1m[31ms thead th[33m{[39m[31m[91mborder[33m:[39m[31m[91m0[33m}[39m[31m[91m[33m.table-striped[39m[31m[91m tbody tr[33m:[39m[31m[91m[36mnth-of-type[39m[31m[91m[36m(odd)[39m[31m[91m[33m{[39m[31m[91mbackground-color[33m:[39m[31m[91m[35m#000[39m[31m[91m[33m}[39m[31m[91m[33m.table-hover[39m[31m[91m td[33m:[39m[31m[91mhover,.table-hover th[33m:[39m[31m[91mhover[33m{[39m[31m[91mcolor[33m:[39m[31m[91m[35m#000[39m[31m[91m[33m;[39m[31m[91mbackground[33m:[39m[31m[91m[35m#bbb[39m[31m[91m[33m}[39m[31m[91m[33m.table-primary,.table-primary>td,.table-primary>th[39m[31m[91m[33m{[39m[31m[91mbackground-color[33m:[39m[31m[91m[35m#555[39m[31m[91m[33m}[39m[31m[91m[33m.table-secondary,.table-secondary>td,.table-secondary>th[39m[31m[91m[33m{[39m[31m[91mbackground-color[33m:[39m[31m[91m[35m#555[39m[31m[91m[33m}[39m[31m[91m[33m.table-success,.table-success>td,.table-success>th[39m[31m[91m[33m{[39m[31m[91mbackground-color[33m:[39m[31m[91m[35m#0a0[39m[31m[91m[33m}[39m[31m[91m[33m.table-info,.table-info>td,.table-info>th[39m[31m[91m[33m{[39m[31m[91mbackground-color[33m:[39m[31m[91m[35m#0aa[39m[31m[91m[33m}[39m[31m[91m[33m.table-warning,.table-warning>td,.table-warning>th[39m[31m[91m[33m{[39m[31m[91mbackground-color[33m:[39m[31m[91m[35m#a50[39m[31m[91m[33m}[39m[31m[91m[33m.table-danger,.table-danger>td,.table-danger>th[39m[31m[91m[33m{[39m[31m[91mbackground-color[33m:[39m[31m[91m[35m#a00[39m[31m[91m[33m}[39m[31m[91m[33m.table-dark,.table-dark>td,.table-dark>th[39m[31m[91m[33m{[39m[31m[91mbackground-color[33m:[39m[31m[91m[35m#000[39m[31m[91m[33m}[39m[31m[91m[33m.table-active,.table-active>td,.table-active>th[39m[31m[91m[33m{[39m[31m[91mbackground-color[33m:[39m[31m[91m[35m#000[39m[31m[91m[33m}[39m[31m[91m[33m.table[39m[31m[91m [33m.thead-dark[39m[31m[91m th[33m{[39m[31m[91mcolor[33m:[39m[31m[91m[35m#fff[39m[31m[91m[33m;[39m[31m[91mbackground-color[33m:[39m[31m[91m[35m#bbb[39m[31m[91m[33m;[39m[31m[91mborder-color[33m:[39m[31m[91m[35m#000[39m[31m[91m[33m}[39m[31m[91m[33m.table[39m[31m[91m [33m.thead-light[39m[31m[91m th[33m{[39m[31m[91mcolor[33m:[39m[31m[91m[35m#bbb[39m[31m[91m[33[39m[22m[1m[31mm;[39m[31m[91mbackground-color[33m:[39m[31m[91m[35m#555[39m[31m[91m[33m;[39m[31m[91mborder-color[33m:[39m[31m[91m[35m#555[39m[31m[91m[33m}[39m[31m[91m[33m.table-dark[39m[31m[91m[33m{[39m[31m[91mcolor[33m:[39m[31m[91m[35m#fff[39m[31m[91m[33m;[39m[31m[91mbackground-color[33m:[39m[31m[91m[35m#bbb[39m[31m[91m[33m}[39m[31m[91m[33m.table-dark[39m[31m[91m td,.table-dark th,.table-dark thead th[33m{[39m[31m[91mborder-color[33m:[39m[31m[91m[35m#000[39m[31m[91m[33m}[39m[31m[91m[33m.table-dark.table-bordered[39m[31m[91m[33m{[39m[31m[91mborder[33m:[39m[31m[91m0[33m}[39m[31m[91m[33m.table-dark.table-striped[39m[31m[91m tbody tr[33m:[39m[31m[91m[36mnth-of-type[39m[31m[91m[36m(odd)[39m[31m[91m[33m{[39m[31m[91mbackground-color[33m:[39m[31m[91m[35m#000[39m[31m[91m[33m}[39m[31m[91m[33m.table-dark.table-hover[39m[31m[91m tbody tr[33m:[39m[31m[91mhover[33m{[39m[31m[91mcolor[33m:[39m[31m[91m[35m#fff[39m[31m[91m[33m}[39m[31m[91m[36m@media[39m[31m[91m[36m [39m[31m[91m[36m(max-width:575.98px)[39m[31m[91m[33m{[39m[31m[91m[33m.table-responsive-sm[39m[31m[91m[33m{[39m[31m[91mdisplay[33m:[39m[31m[91mblock[33m;[39m[31m[91mwidth[33m:[39m[31m[91m100%[33m;[39m[31m[91moverflow-x[33m:[39m[31m[91mauto[33m;[39m[31m[91m-webkit-overflow-scrolling[33m:[39m[31m[91mtouch[33m}[39m[31m[91m[33m.table-responsive-sm>.table-bordered[39m[31m[91m[33m{[39m[31m[91mborder[33m:[39m[31m[91m0[33m}[39m[31m[91m[33m}[39m[31m[91m[36m@media[39m[31m[91m[36m [39m[31m[91m[36m(max-width:767.98px)[39m[31m[91m[33m{[39m[31m[91m[33m.table-responsive-md[39m[31m[91m[33m{[39m[31m[91mdisplay[33m:[39m[31m[91mblock[33m;[39m[31m[91mwidth[33m:[39m[31m[91m100%[33m;[39m[31m[91moverflow-x[33m:[39m[31m[91mauto[33m;[39m[31m[91m-webkit-overflow-scrolling[33m:[39m[31m[91mtouch[33m}[39m[31m[91m[33m.table-responsive-md>.table-bordered[39m[31m[91m[33m{[39m[31m[91mborder[33m:[39m[31m[91m0[33m}[39m[31m[91m[33m}[39m[31m[91m[36m@media[39m[31m[91m[36m [39m[31m[91m[36m(max-width:959.98px)[39m[31m[91m[33m{[39m[31m[91m[33m.table-responsive-lg[39m[31m[91m[33m{[39m[31m[91mdisplay[33m:[39m[31m[91mblock[33m;[39m[31m[91mwidth[33m:[39m[31m[91m100%[39m[22m[1m[31m[33m;[39m[31m[91moverflow-x[33m:[39m[31m[91mauto[33m;[39m[31m[91m-webkit-overflow-scrolling[33m:[39m[31m[91mtouch[33m}[39m[31m[91m[33m.table-responsive-lg>.table-bordered[39m[31m[91m[33m{[39m[31m[91mborder[33m:[39m[31m[91m0[33m}[39m[31m[91m[33m}[39m[31m[91m[36m@media[39m[31m[91m[36m [39m[31m[91m[36m(max-width:1151.98px)[39m[31m[91m[33m{[39m[31m[91m[33m.table-responsive-xl[39m[31m[91m[33m{[39m[31m[91mdisplay[33m:[39m[31m[91mblock[33m;[39m[31m[91mwidth[33m:[39m[31m[91m100%[33m;[39m[31m[91moverflow-x[33m:[39m[31m[91mauto[33m;[39m[31m[91m-webkit-overflow-scrolling[33m:[39m[31m[91mtouch[33m}[39m[31m[91m[33m.table-responsive-xl>.table-bordered[39m[31m[91m[33m{[39m[31m[91mborder[33m:[39m[31m[91m0[33m}[39m[31m[91m[33m}[39m[31m[91m[33m.table-responsive[39m[31m[91m[33m{[39m[31m[91mdisplay[33m:[39m[31m[91mblock[33m;[39m[31m[91mwidth[33m:[39m[31m[91m100%[33m;[39m[31m[91moverflow-x[33m:[39m[31m[91mauto[33m;[39m[31m[91m-webkit-overflow-scrolling[33m:[39m[31m[91mtouch[33m}[39m[31m[91m[33m.table-responsive>.table-bordered[39m[31m[91m[33m{[39m[31m[91mborder[33m:[39m[31m[91m0[33m}[39m[31m[91m[33m.form-control[39m[31m[91m[33m{[39m[31m[91mdisplay[33m:[39m[31m[91mblock[33m;[39m[31m[91mwidth[33m:[39m[31m[91m100%[33m;[39m[31m[91mheight[33m:[39m[31m[91m14px[33m;[39m[31m[91mpadding[33m:[39m[31m[91m0 0[33m;[39m[31m[91mfont-size[33m:[39m[31m[91m16px[33m;[39m[31m[91mfont-weight[33m:[39m[31m[91m400[33m;[39m[31m[91mline-height[33m:[39m[31m[91m14px[33m;[39m[31m[91mcolor[33m:[39m[31m[91m[35m#fff[39m[31m[91m[33m;[39m[31m[91mbackground-color[33m:[39m[31m[91m[35m#000084[39m[31m[91m[33m;[39m[31m[91mbackground-clip[33m:[39m[31m[91mpadding-box[33m;[39m[31m[91mborder[33m:[39m[31m[91m0 solid [35m#555[39m[31m[91m[33m}[39m[31m[91m[33m.form-control[39m[31m[91m[33m:[39m[31m[91m[33m:[39m[31m[91m-ms-expand[33m{[39m[31m[91mbackground-color[33m:[39m[31m[91mtransparent[33m;[39m[31m[91mborder[33m:[39m[31m[91m0[33m}[39m[31m[91m[33m.form-control[39m[31m[91m[33m:[39m[31m[91m-moz-focusring[33m{[39m[31m[91mcolor[33m:[39m[31m[91mtransparent[33m;[39m[31m[91mtext-shadow[33m:[39m[31m[91m0 0 0 [35m#fff[39m[31m[39m[22m[1m[31m[91m[33m}[39m[31m[91m[33m.form-control[39m[31m[91m[33m:[39m[31m[91mfocus[33m{[39m[31m[91moutline[33m:[39m[31m[91m0[33m}[39m[31m[91m[33m.form-control[39m[31m[91m[33m:[39m[31m[91m[33m:[39m[31m[91m-webkit-input-placeholder[33m{[39m[31m[91mcolor[33m:[39m[31m[91m[35m#bbb[39m[31m[91m[33m;[39m[31m[91mopacity[33m:[39m[31m[91m1[33m}[39m[31m[91m[33m.form-control[39m[31m[91m[33m:[39m[31m[91m[33m:[39m[31m[91m-moz-placeholder[33m{[39m[31m[91mcolor[33m:[39m[31m[91m[35m#bbb[39m[31m[91m[33m;[39m[31m[91mopacity[33m:[39m[31m[91m1[33m}[39m[31m[91m[33m.form-control[39m[31m[91m[33m:[39m[31m[91m-ms-input-placeholder[33m{[39m[31m[91mcolor[33m:[39m[31m[91m[35m#bbb[39m[31m[91m[33m;[39m[31m[91mopacity[33m:[39m[31m[91m1[33m}[39m[31m[91m[33m.form-control[39m[31m[91m[33m:[39m[31m[91m[33m:[39m[31m[91m-ms-input-placeholder[33m{[39m[31m[91mcolor[33m:[39m[31m[91m[35m#bbb[39m[31m[91m[33m;[39m[31m[91mopacity[33m:[39m[31m[91m1[33m}[39m[31m[91m[33m.form-control[39m[31m[91m[33m:[39m[31m[91m[33m:[39m[31m[91mplaceholder[33m{[39m[31m[91mcolor[33m:[39m[31m[91m[35m#bbb[39m[31m[91m[33m;[39m[31m[91mopacity[33m:[39m[31m[91m1[33m}[39m[31m[91m[33m.form-control[39m[31m[91m[33m:[39m[31m[91mdisabled,.form-control[33m[[39m[31m[91mreadonly[33m][39m[31m[91m[33m{[39m[31m[91mopacity[33m:[39m[31m[91m1[33m;[39m[31m[91mbackground[33m:[39m[31m[91m[36murl[39m[31m[91m[36m(assets/fonts/left-brace-grayLight.svg)[39m[31m[91m no-repeat left [36mbottom,url[39m[31m[91m[36m([39m[31m[91massets/fonts/right-brace-grayLight.svg[36m)[39m[31m[91m no-repeat right bottom,[35m#555[39m[31m[91m[33m}[39m[31m[91mselect.form-control[33m{[39m[31m[91mbackground[33m:[39m[31m[91m[35m#bbb[39m[31m[91m[33m;[39m[31m[91mborder[33m:[39m[31m[91m[33m.875px[39m[31m[91m solid [35m#000[39m[31m[91m[33m;[39m[31m[91mmargin-top[33m:[39m[31m[91m7px[33m;[39m[31m[91mpadding-top[33m:[39m[31m[91m6.125px[33m;[39m[31m[91mpadding-bottom[33m:[39m[31m[91m7px[33m;[39m[31m[91mmargin-bottom[33m:[39m[31m[91m6.125px[33m;[39m[31m[91mborder-left-width[33m:[39m[31m[91m2px[33m;[39m[31m[91mborder-right-width[33m:[39m[31m[91m2px[33m;[39m[31m[91mmargin-left[33m:[39m[31m[[39m[22m[1m[31m91m3.5px[33m;[39m[31m[91mpadding-left[33m:[39m[31m[91m2.5px[33m;[39m[31m[91mpadding-right[33m:[39m[31m[91m3.5px[33m;[39m[31m[91mmargin-right[33m:[39m[31m[91m2.5px[33m;[39m[31m[91mbox-shadow[33m:[39m[31m[91m-3.5px -7px 0 0 [35m#bbb,2.5px[39m[31m[91m 6.125px 0 0 [35m#bbb,-3.5px[39m[31m[91m 6.125px 0 0 [35m#bbb,2.5px[39m[31m[91m -7px 0 0 [35m#bbb[39m[31m[91m[33m;[39m[31m[91mwidth[33m:[39m[31m[91m[36mcalc[39m[31m[91m[36m(100% - 6px)[39m[31m[91m[33m;[39m[31m[91mcolor[33m:[39m[31m[91m[35m#000[39m[31m[91m[33m;[39m[31m[91mheight[33m:[39m[31m[91m28px[33m}[39m[31m[91mselect.form-control[33m:[39m[31m[91mfocus[33m:[39m[31m[91m[33m:[39m[31m[91m-ms-value[33m{[39m[31m[91mcolor[33m:[39m[31m[91m[35m#000[39m[31m[91m[33m;[39m[31m[91mbackground[33m:[39m[31m[91m[35m#bbb[39m[31m[91m[33m}[39m[31m[91m[33m.form-control-file,.form-control-range[39m[31m[91m[33m{[39m[31m[91mdisplay[33m:[39m[31m[91mblock[33m;[39m[31m[91mwidth[33m:[39m[31m[91m100%[33m}[39m[31m[91m[33m.col-form-label[39m[31m[91m[33m{[39m[31m[91mpadding-top[33m:[39m[31m[91m0[33m;[39m[31m[91mpadding-bottom[33m:[39m[31m[91m0[33m;[39m[31m[91mmargin-bottom[33m:[39m[31m[91m0[33m;[39m[31m[91mfont-size[33m:[39m[31m[91m16px[33m;[39m[31m[91mline-height[33m:[39m[31m[91m14px[33m}[39m[31m[91m[33m.col-form-label-lg[39m[31m[91m[33m{[39m[31m[91mpadding-top[33m:[39m[31m[91m0[33m;[39m[31m[91mpadding-bottom[33m:[39m[31m[91m0[33m;[39m[31m[91mfont-size[33m:[39m[31m[91m16px[33m;[39m[31m[91mline-height[33m:[39m[31m[91m14px[33m}[39m[31m[91m[33m.col-form-label-sm[39m[31m[91m[33m{[39m[31m[91mpadding-top[33m:[39m[31m[91m0[33m;[39m[31m[91mpadding-bottom[33m:[39m[31m[91m0[33m;[39m[31m[91mfont-size[33m:[39m[31m[91m16px[33m;[39m[31m[91mline-height[33m:[39m[31m[91m14px[33m}[39m[31m[91m[33m.form-control-plaintext[39m[31m[91m[33m{[39m[31m[91mdisplay[33m:[39m[31m[91mblock[33m;[39m[31m[91mwidth[33m:[39m[31m[91m100%[33m;[39m[31m[91mpadding[33m:[39m[31m[91m0 8px[33m;[39m[31m[91mmargin-bottom[33m:[39m[31m[91m0[33m;[39m[31m[91mline-height[33m:[39m[31m[91m14px[33m;[39m[31m[91mcolor[33m:[39m[31m[91m[35m#bbb[39m[31m[91m[33m;[39m[31m[91mbackground-color[3[39m[22m[1m[31m3m:[39m[31m[91mtransparent[33m;[39m[31m[91mborder[33m:[39m[31m[91m0[33m;[39m[31m[91mbackground[33m:[39m[31m[91m[36murl[39m[31m[91m[36m(assets/fonts/left-brace-grayLight.svg)[39m[31m[91m no-repeat left [36mbottom,url[39m[31m[91m[36m([39m[31m[91massets/fonts/right-brace-grayLight.svg[36m)[39m[31m[91m no-repeat right bottom[33m}[39m[31m[91m[33m.form-control-sm[39m[31m[91m[33m{[39m[31m[91mheight[33m:[39m[31m[91m14px[33m;[39m[31m[91mpadding[33m:[39m[31m[91m0 0[33m;[39m[31m[91mfont-size[33m:[39m[31m[91m16px[33m;[39m[31m[91mline-height[33m:[39m[31m[91m14px[33m}[39m[31m[91m[33m.form-control-lg[39m[31m[91m[33m{[39m[31m[91mheight[33m:[39m[31m[91m14px[33m;[39m[31m[91mpadding[33m:[39m[31m[91m0 0[33m;[39m[31m[91mfont-size[33m:[39m[31m[91m16px[33m;[39m[31m[91mline-height[33m:[39m[31m[91m14px[33m}[39m[31m[91mselect.form-control[33m[[39m[31m[91mmultiple[33m][39m[31m[91m,select.form-control[33m[[39m[31m[91msize[33m][39m[31m[91m[33m{[39m[31m[91mheight[33m:[39m[31m[91mauto[33m}[39m[31m[91mtextarea.form-control[33m{[39m[31m[91mheight[33m:[39m[31m[91mauto[33m;[39m[31m[91mwidth[33m:[39m[31m[91m[36mcalc[39m[31m[91m[36m(100% - 6px)[39m[31m[91m[33m;[39m[31m[91mborder[33m:[39m[31m[91m[33m.875px[39m[31m[91m solid [35m#000[39m[31m[91m[33m;[39m[31m[91mmargin-top[33m:[39m[31m[91m7px[33m;[39m[31m[91mpadding-top[33m:[39m[31m[91m6.125px[33m;[39m[31m[91mpadding-bottom[33m:[39m[31m[91m7px[33m;[39m[31m[91mmargin-bottom[33m:[39m[31m[91m6.125px[33m;[39m[31m[91mborder-left-width[33m:[39m[31m[91m2px[33m;[39m[31m[91mborder-right-width[33m:[39m[31m[91m2px[33m;[39m[31m[91mmargin-left[33m:[39m[31m[91m3.5px[33m;[39m[31m[91mpadding-left[33m:[39m[31m[91m2.5px[33m;[39m[31m[91mpadding-right[33m:[39m[31m[91m3.5px[33m;[39m[31m[91mmargin-right[33m:[39m[31m[91m2.5px[33m;[39m[31m[91mbox-shadow[33m:[39m[31m[91minset 0 -3.5px 0 3px [35m#bbb,inset[39m[31m[91m 0 3.5px 0 3px [35m#bbb,-3.5px[39m[31m[91m -7px 0 0 [35m#bbb,2.5px[39m[31m[91m 6.125px 0 0 [35m#bbb,-3.5px[39m[31m[91m 6.125px 0 0 [35m#bbb,2.5px[39m[31m[91m -7px 0 0 [35m#bbb[39m[31m[91m[33m}[39m[31m[91minput.form-control[33m{[39m[31m[91mbackgr[39m[22m[1m[31mound[33m:[39m[31m[91m[36murl[39m[31m[91m[36m(assets/fonts/left-brace-black.svg)[39m[31m[91m no-repeat left [36mbottom,url[39m[31m[91m[36m([39m[31m[91massets/fonts/right-brace-black.svg[36m)[39m[31m[91m no-repeat right bottom,[35m#bbb[39m[31m[91m[33m;[39m[31m[91mcolor[33m:[39m[31m[91m[35m#000[39m[31m[91m[33m;[39m[31m[91mpadding[33m:[39m[31m[91m0 8px[33m}[39m[31m[91m[33m.form-group[39m[31m[91m[33m{[39m[31m[91mmargin-bottom[33m:[39m[31m[91m0[33m}[39m[31m[91m[33m.form-text[39m[31m[91m[33m{[39m[31m[91mdisplay[33m:[39m[31m[91mblock[33m;[39m[31m[91mmargin-top[33m:[39m[31m[91m0[33m}[39m[31m[91m[33m.form-row[39m[31m[91m[33m{[39m[31m[91mdisplay[33m:[39m[31m[91m-ms-flexbox[33m;[39m[31m[91mdisplay[33m:[39m[31m[91mflex[33m;[39m[31m[91m-ms-flex-wrap[33m:[39m[31m[91mwrap[33m;[39m[31m[91mflex-wrap[33m:[39m[31m[91mwrap[33m;[39m[31m[91mmargin-right[33m:[39m[31m[91m-5px[33m;[39m[31m[91mmargin-left[33m:[39m[31m[91m-5px[33m}[39m[31m[91m[33m.form-row>.col,.form-row>[39m[31m[91m[33m[[39m[31m[91mclass*=col-[33m][39m[31m[91m[33m{[39m[31m[91mpadding-right[33m:[39m[31m[91m5px[33m;[39m[31m[91mpadding-left[33m:[39m[31m[91m5px[33m}[39m[31m[91m[33m.form-check[39m[31m[91m[33m{[39m[31m[91mposition[33m:[39m[31m[91mrelative[33m;[39m[31m[91mdisplay[33m:[39m[31m[91mblock[33m;[39m[31m[91mpadding-left[33m:[39m[31m[91m16px[33m}[39m[31m[91m[33m.form-check-input[39m[31m[91m[33m{[39m[31m[91mposition[33m:[39m[31m[91mabsolute[33m;[39m[31m[91mmargin-top[33m:[39m[31m[91m2px[33m;[39m[31m[91mmargin-left[33m:[39m[31m[91m-16px[33m}[39m[31m[91m[33m.form-check-input[39m[31m[91m[33m:[39m[31m[91mdisabled~.form-check-label,.form-check-input[33m[[39m[31m[91mdisabled[33m][39m[31m[91m~.form-check-label[33m{[39m[31m[91mcolor[33m:[39m[31m[91m[35m#555[39m[31m[91m[33m}[39m[31m[91m[33m.form-check-label[39m[31m[91m[33m{[39m[31m[91mmargin-bottom[33m:[39m[31m[91m0[33m}[39m[31m[91m[33m.form-check-inline[39m[31m[91m[33m{[39m[31m[91mdisplay[33m:[39m[31m[91m-ms-inline-flexbox[33m;[39m[31m[91mdisplay[33m:[39m[31m[91minline-flex[33m;[39m[31m[91m-ms-flex-align[33m:[39m[31m[91mcenter[33m;[39m[31m[91malign-items[33m:[[39m[22m[1m[31m39m[91mcenter[33m;[39m[31m[91mpadding-left[33m:[39m[31m[91m0[33m;[39m[31m[91mmargin-right[33m:[39m[31m[91m0[33m}[39m[31m[91m[33m.form-check-inline[39m[31m[91m [33m.form-check-input[39m[31m[91m[33m{[39m[31m[91mposition[33m:[39m[31m[91mstatic[33m;[39m[31m[91mmargin-top[33m:[39m[31m[91m0[33m;[39m[31m[91mmargin-right[33m:[39m[31m[91m0[33m;[39m[31m[91mmargin-left[33m:[39m[31m[91m0[33m}[39m[31m[91m[33m.valid-feedback[39m[31m[91m[33m{[39m[31m[91mdisplay[33m:[39m[31m[91mnone[33m;[39m[31m[91mwidth[33m:[39m[31m[91m100%[33m;[39m[31m[91mmargin-top[33m:[39m[31m[91m0[33m;[39m[31m[91mfont-size[33m:[39m[31m[91m16px[33m;[39m[31m[91mcolor[33m:[39m[31m[91m[35m#0a0[39m[31m[91m[33m}[39m[31m[91m[33m.valid-tooltip[39m[31m[91m[33m{[39m[31m[91mposition[33m:[39m[31m[91mabsolute[33m;[39m[31m[91mtop[33m:[39m[31m[91m100%[33m;[39m[31m[91mz-index[33m:[39m[31m[91m5[33m;[39m[31m[91mdisplay[33m:[39m[31m[91mnone[33m;[39m[31m[91mmax-width[33m:[39m[31m[91m100%[33m;[39m[31m[91mpadding[33m:[39m[31m[91m0 8px[33m;[39m[31m[91mfont-size[33m:[39m[31m[91m16px[33m;[39m[31m[91mline-height[33m:[39m[31m[91m14px[33m;[39m[31m[91mcolor[33m:[39m[31m[91m[35m#fff[39m[31m[91m[33m;[39m[31m[91mbackground-color[33m:[39m[31m[91m[35m#bbb[39m[31m[91m[33m}[39m[31m[91m[33m.is-valid~.valid-feedback,.is-valid~.valid-tooltip,.was-validated[39m[31m[91m [33m:[39m[31m[91mvalid~.valid-feedback,.was-validated [33m:[39m[31m[91mvalid~.valid-tooltip[33m{[39m[31m[91mdisplay[33m:[39m[31m[91mblock[33m}[39m[31m[91m[33m.form-control.is-valid,.was-validated[39m[31m[91m [33m.form-control[39m[31m[91m[33m:[39m[31m[91mvalid[33m{[39m[31m[91mborder-color[33m:[39m[31m[91m[35m#0a0[39m[31m[91m[33m}[39m[31m[91m[33m.form-control.is-valid[39m[31m[91m[33m:[39m[31m[91mfocus,.was-validated [33m.form-control[39m[31m[91m[33m:[39m[31m[91mvalid[33m:[39m[31m[91mfocus[33m{[39m[31m[91mborder-color[33m:[39m[31m[91m[35m#0a0[39m[31m[91m[33m;[39m[31m[91mbox-shadow[33m:[39m[31m[91m0[33m}[39m[31m[91m[33m.custom-select.is-valid,.was-validated[39m[31m[91m [33m.custom-select[39m[31m[91m[33m:[39m[31m[91mvalid[33m{[39m[31m[91mborder-color[33m:[39m[31m[91m[[39m[22m[1m[31m35m#0a0[39m[31m[91m[33m}[39m[31m[91m[33m.custom-select.is-valid[39m[31m[91m[33m:[39m[31m[91mfocus,.was-validated [33m.custom-select[39m[31m[91m[33m:[39m[31m[91mvalid[33m:[39m[31m[91mfocus[33m{[39m[31m[91mborder-color[33m:[39m[31m[91m[35m#0a0[39m[31m[91m[33m;[39m[31m[91mbox-shadow[33m:[39m[31m[91m0[33m}[39m[31m[91m[33m.form-check-input.is-valid~.form-check-label,.was-validated[39m[31m[91m [33m.form-check-input[39m[31m[91m[33m:[39m[31m[91mvalid~.form-check-label[33m{[39m[31m[91mcolor[33m:[39m[31m[91m[35m#0a0[39m[31m[91m[33m}[39m[31m[91m[33m.form-check-input.is-valid~.valid-feedback,.form-check-input.is-valid~.valid-tooltip,.was-validated[39m[31m[91m [33m.form-check-input[39m[31m[91m[33m:[39m[31m[91mvalid~.valid-feedback,.was-validated [33m.form-check-input[39m[31m[91m[33m:[39m[31m[91mvalid~.valid-tooltip[33m{[39m[31m[91mdisplay[33m:[39m[31m[91mblock[33m}[39m[31m[91m[33m.custom-control-input.is-valid~.custom-control-label,.was-validated[39m[31m[91m [33m.custom-control-input[39m[31m[91m[33m:[39m[31m[91mvalid~.custom-control-label[33m{[39m[31m[91mcolor[33m:[39m[31m[91m[35m#0a0[39m[31m[91m[33m}[39m[31m[91m[33m.custom-control-input.is-valid~.custom-control-label[39m[31m[91m[33m:[39m[31m[91m[33m:[39m[31m[91mbefore,.was-validated [33m.custom-control-input[39m[31m[91m[33m:[39m[31m[91mvalid~.custom-control-label[33m:[39m[31m[91m[33m:[39m[31m[91mbefore[33m{[39m[31m[91mborder-color[33m:[39m[31m[91m[35m#0a0[39m[31m[91m[33m}[39m[31m[91m[33m.custom-control-input.is-valid[39m[31m[91m[33m:[39m[31m[91mchecked~.custom-control-label[33m:[39m[31m[91m[33m:[39m[31m[91mbefore,.was-validated [33m.custom-control-input[39m[31m[91m[33m:[39m[31m[91mvalid[33m:[39m[31m[91mchecked~.custom-control-label[33m:[39m[31m[91m[33m:[39m[31m[91mbefore[33m{[39m[31m[91mborder-color[33m:[39m[31m[91m[35m#0d0[39m[31m[91m[33m}[39m[31m[91m[33m.custom-control-input.is-valid[39m[31m[91m[33m:[39m[31m[91mfocus~.custom-control-label[33m:[39m[31m[91m[33m:[39m[31m[91mbefore,.was-validated [33m.custom-control-input[39m[31m[91m[33m:[39m[31m[91mvalid[33m:[39m[31m[91mfocus~.custom-control-la[39m[22m[1m[31mbel[33m:[39m[31m[91m[33m:[39m[31m[91mbefore[33m{[39m[31m[91mbox-shadow[33m:[39m[31m[91m0[33m}[39m[31m[91m[33m.custom-control-input.is-valid[39m[31m[91m[33m:[39m[31m[91mfocus[33m:[39m[31m[91m[36mnot[39m[31m[91m[36m(:checked)[39m[31m[91m~.custom-control-label[33m:[39m[31m[91m[33m:[39m[31m[91mbefore,.was-validated [33m.custom-control-input[39m[31m[91m[33m:[39m[31m[91mvalid[33m:[39m[31m[91mfocus[33m:[39m[31m[91m[36mnot[39m[31m[91m[36m(:checked)[39m[31m[91m~.custom-control-label[33m:[39m[31m[91m[33m:[39m[31m[91mbefore[33m{[39m[31m[91mborder-color[33m:[39m[31m[91m[35m#0a0[39m[31m[91m[33m}[39m[31m[91m[33m.custom-file-input.is-valid~.custom-file-label,.was-validated[39m[31m[91m [33m.custom-file-input[39m[31m[91m[33m:[39m[31m[91mvalid~.custom-file-label[33m{[39m[31m[91mborder-color[33m:[39m[31m[91m[35m#0a0[39m[31m[91m[33m}[39m[31m[91m[33m.custom-file-input.is-valid[39m[31m[91m[33m:[39m[31m[91mfocus~.custom-file-label,.was-validated [33m.custom-file-input[39m[31m[91m[33m:[39m[31m[91mvalid[33m:[39m[31m[91mfocus~.custom-file-label[33m{[39m[31m[91mborder-color[33m:[39m[31m[91m[35m#0a0[39m[31m[91m[33m;[39m[31m[91mbox-shadow[33m:[39m[31m[91m0[33m}[39m[31m[91m[33m.invalid-feedback[39m[31m[91m[33m{[39m[31m[91mdisplay[33m:[39m[31m[91mnone[33m;[39m[31m[91mwidth[33m:[39m[31m[91m100%[33m;[39m[31m[91mmargin-top[33m:[39m[31m[91m0[33m;[39m[31m[91mfont-size[33m:[39m[31m[91m16px[33m;[39m[31m[91mcolor[33m:[39m[31m[91m[35m#f55[39m[31m[91m[33m}[39m[31m[91m[33m.invalid-tooltip[39m[31m[91m[33m{[39m[31m[91mposition[33m:[39m[31m[91mabsolute[33m;[39m[31m[91mtop[33m:[39m[31m[91m100%[33m;[39m[31m[91mz-index[33m:[39m[31m[91m5[33m;[39m[31m[91mdisplay[33m:[39m[31m[91mnone[33m;[39m[31m[91mmax-width[33m:[39m[31m[91m100%[33m;[39m[31m[91mpadding[33m:[39m[31m[91m0 8px[33m;[39m[31m[91mfont-size[33m:[39m[31m[91m16px[33m;[39m[31m[91mline-height[33m:[39m[31m[91m14px[33m;[39m[31m[91mcolor[33m:[39m[31m[91m[35m#fff[39m[31m[91m[33m;[39m[31m[91mbackground-color[33m:[39m[31m[91m[35m#bbb[39m[31m[91m[33m}[39m[31m[91m[33m.is-invalid~.invalid-feedback,.is-invalid~.invalid-tooltip,.was-validated[39m[31m[39m[22m[1m[31m[91m [33m:[39m[31m[91minvalid~.invalid-feedback,.was-validated [33m:[39m[31m[91minvalid~.invalid-tooltip[33m{[39m[31m[91mdisplay[33m:[39m[31m[91mblock[33m}[39m[31m[91m[33m.form-control.is-invalid,.was-validated[39m[31m[91m [33m.form-control[39m[31m[91m[33m:[39m[31m[91minvalid[33m{[39m[31m[91mborder-color[33m:[39m[31m[91m[35m#f55[39m[31m[91m[33m}[39m[31m[91m[33m.form-control.is-invalid[39m[31m[91m[33m:[39m[31m[91mfocus,.was-validated [33m.form-control[39m[31m[91m[33m:[39m[31m[91minvalid[33m:[39m[31m[91mfocus[33m{[39m[31m[91mborder-color[33m:[39m[31m[91m[35m#f55[39m[31m[91m[33m;[39m[31m[91mbox-shadow[33m:[39m[31m[91m0[33m}[39m[31m[91m[33m.custom-select.is-invalid,.was-validated[39m[31m[91m [33m.custom-select[39m[31m[91m[33m:[39m[31m[91minvalid[33m{[39m[31m[91mborder-color[33m:[39m[31m[91m[35m#f55[39m[31m[91m[33m}[39m[31m[91m[33m.custom-select.is-invalid[39m[31m[91m[33m:[39m[31m[91mfocus,.was-validated [33m.custom-select[39m[31m[91m[33m:[39m[31m[91minvalid[33m:[39m[31m[91mfocus[33m{[39m[31m[91mborder-color[33m:[39m[31m[91m[35m#f55[39m[31m[91m[33m;[39m[31m[91mbox-shadow[33m:[39m[31m[91m0[33m}[39m[31m[91m[33m.form-check-input.is-invalid~.form-check-label,.was-validated[39m[31m[91m [33m.form-check-input[39m[31m[91m[33m:[39m[31m[91minvalid~.form-check-label[33m{[39m[31m[91mcolor[33m:[39m[31m[91m[35m#f55[39m[31m[91m[33m}[39m[31m[91m[33m.form-check-input.is-invalid~.invalid-feedback,.form-check-input.is-invalid~.invalid-tooltip,.was-validated[39m[31m[91m [33m.form-check-input[39m[31m[91m[33m:[39m[31m[91minvalid~.invalid-feedback,.was-validated [33m.form-check-input[39m[31m[91m[33m:[39m[31m[91minvalid~.invalid-tooltip[33m{[39m[31m[91mdisplay[33m:[39m[31m[91mblock[33m}[39m[31m[91m[33m.custom-control-input.is-invalid~.custom-control-label,.was-validated[39m[31m[91m [33m.custom-control-input[39m[31m[91m[33m:[39m[31m[91minvalid~.custom-control-label[33m{[39m[31m[91mcolor[33m:[39m[31m[91m[35m#f55[39m[31m[91m[33m}[39m[31m[91m[33m.custom-control-input.is-invalid~.custom-control-label[39m[31m[91m[33m:[39m[31m[91m[33m:[39m[31m[91mbefore,.was-valida[39m[22m[1m[31mted [33m.custom-control-input[39m[31m[91m[33m:[39m[31m[91minvalid~.custom-control-label[33m:[39m[31m[91m[33m:[39m[31m[91mbefore[33m{[39m[31m[91mborder-color[33m:[39m[31m[91m[35m#f55[39m[31m[91m[33m}[39m[31m[91m[33m.custom-control-input.is-invalid[39m[31m[91m[33m:[39m[31m[91mchecked~.custom-control-label[33m:[39m[31m[91m[33m:[39m[31m[91mbefore,.was-validated [33m.custom-control-input[39m[31m[91m[33m:[39m[31m[91minvalid[33m:[39m[31m[91mchecked~.custom-control-label[33m:[39m[31m[91m[33m:[39m[31m[91mbefore[33m{[39m[31m[91mborder-color[33m:[39m[31m[91m[35m#f88[39m[31m[91m[33m}[39m[31m[91m[33m.custom-control-input.is-invalid[39m[31m[91m[33m:[39m[31m[91mfocus~.custom-control-label[33m:[39m[31m[91m[33m:[39m[31m[91mbefore,.was-validated [33m.custom-control-input[39m[31m[91m[33m:[39m[31m[91minvalid[33m:[39m[31m[91mfocus~.custom-control-label[33m:[39m[31m[91m[33m:[39m[31m[91mbefore[33m{[39m[31m[91mbox-shadow[33m:[39m[31m[91m0[33m}[39m[31m[91m[33m.custom-control-input.is-invalid[39m[31m[91m[33m:[39m[31m[91mfocus[33m:[39m[31m[91m[36mnot[39m[31m[91m[36m(:checked)[39m[31m[91m~.custom-control-label[33m:[39m[31m[91m[33m:[39m[31m[91mbefore,.was-validated [33m.custom-control-input[39m[31m[91m[33m:[39m[31m[91minvalid[33m:[39m[31m[91mfocus[33m:[39m[31m[91m[36mnot[39m[31m[91m[36m(:checked)[39m[31m[91m~.custom-control-label[33m:[39m[31m[91m[33m:[39m[31m[91mbefore[33m{[39m[31m[91mborder-color[33m:[39m[31m[91m[35m#f55[39m[31m[91m[33m}[39m[31m[91m[33m.custom-file-input.is-invalid~.custom-file-label,.was-validated[39m[31m[91m [33m.custom-file-input[39m[31m[91m[33m:[39m[31m[91minvalid~.custom-file-label[33m{[39m[31m[91mborder-color[33m:[39m[31m[91m[35m#f55[39m[31m[91m[33m}[39m[31m[91m[33m.custom-file-input.is-invalid[39m[31m[91m[33m:[39m[31m[91mfocus~.custom-file-label,.was-validated [33m.custom-file-input[39m[31m[91m[33m:[39m[31m[91minvalid[33m:[39m[31m[91mfocus~.custom-file-label[33m{[39m[31m[91mborder-color[33m:[39m[31m[91m[35m#f55[39m[31m[91m[33m;[39m[31m[91mbox-shadow[33m:[39m[31m[91m0[33m}[39m[31m[91m[33m.form-inline[39m[31m[91m[33m{[39m[31m[91mdisplay[33m:[39m[22m[1m[31m[39m[31m[91m-ms-flexbox[33m;[39m[31m[91mdisplay[33m:[39m[31m[91mflex[33m;[39m[31m[91m-ms-flex-flow[33m:[39m[31m[91mrow wrap[33m;[39m[31m[91mflex-flow[33m:[39m[31m[91mrow wrap[33m;[39m[31m[91m-ms-flex-align[33m:[39m[31m[91mcenter[33m;[39m[31m[91malign-items[33m:[39m[31m[91mcenter[33m}[39m[31m[91m[33m.form-inline[39m[31m[91m [33m.form-check[39m[31m[91m[33m{[39m[31m[91mwidth[33m:[39m[31m[91m100%[33m}[39m[31m[91m[36m@media[39m[31m[91m[36m [39m[31m[91m[36m(min-width:576px)[39m[31m[91m[33m{[39m[31m[91m[33m.form-inline[39m[31m[91m label[33m{[39m[31m[91mdisplay[33m:[39m[31m[91m-ms-flexbox[33m;[39m[31m[91mdisplay[33m:[39m[31m[91mflex[33m;[39m[31m[91m-ms-flex-align[33m:[39m[31m[91mcenter[33m;[39m[31m[91malign-items[33m:[39m[31m[91mcenter[33m;[39m[31m[91m-ms-flex-pack[33m:[39m[31m[91mcenter[33m;[39m[31m[91mjustify-content[33m:[39m[31m[91mcenter[33m;[39m[31m[91mmargin-bottom[33m:[39m[31m[91m0[33m}[39m[31m[91m[33m.form-inline[39m[31m[91m [33m.form-group[39m[31m[91m[33m{[39m[31m[91mdisplay[33m:[39m[31m[91m-ms-flexbox[33m;[39m[31m[91mdisplay[33m:[39m[31m[91mflex[33m;[39m[31m[91m-ms-flex[33m:[39m[31m[91m0 0 auto[33m;[39m[31m[91mflex[33m:[39m[31m[91m0 0 auto[33m;[39m[31m[91m-ms-flex-flow[33m:[39m[31m[91mrow wrap[33m;[39m[31m[91mflex-flow[33m:[39m[31m[91mrow wrap[33m;[39m[31m[91m-ms-flex-align[33m:[39m[31m[91mcenter[33m;[39m[31m[91malign-items[33m:[39m[31m[91mcenter[33m;[39m[31m[91mmargin-bottom[33m:[39m[31m[91m0[33m}[39m[31m[91m[33m.form-inline[39m[31m[91m [33m.form-control[39m[31m[91m[33m{[39m[31m[91mdisplay[33m:[39m[31m[91minline-block[33m;[39m[31m[91mwidth[33m:[39m[31m[91mauto[33m;[39m[31m[91mvertical-align[33m:[39m[31m[91mmiddle[33m}[39m[31m[91m[33m.form-inline[39m[31m[91m [33m.form-control-plaintext[39m[31m[91m[33m{[39m[31m[91mdisplay[33m:[39m[31m[91minline-block[33m}[39m[31m[91m[33m.form-inline[39m[31m[91m [33m.custom-select,.form-inline[39m[31m[91m [33m.input-group[39m[31m[91m[33m{[39m[31m[91mwidth[33m:[39m[31m[91mauto[33m}[39m[31m[91m[33m.form-inline[39m[31m[91m [33m.form-check[39m[31m[91m[33m{[39m[31m[91mdisplay[33m:[39m[31m[91m-ms-flexbox[33m;[39m[31m[91m[39m[22m[1m[31mdisplay[33m:[39m[31m[91mflex[33m;[39m[31m[91m-ms-flex-align[33m:[39m[31m[91mcenter[33m;[39m[31m[91malign-items[33m:[39m[31m[91mcenter[33m;[39m[31m[91m-ms-flex-pack[33m:[39m[31m[91mcenter[33m;[39m[31m[91mjustify-content[33m:[39m[31m[91mcenter[33m;[39m[31m[91mwidth[33m:[39m[31m[91mauto[33m;[39m[31m[91mpadding-left[33m:[39m[31m[91m0[33m}[39m[31m[91m[33m.form-inline[39m[31m[91m [33m.form-check-input[39m[31m[91m[33m{[39m[31m[91mposition[33m:[39m[31m[91mrelative[33m;[39m[31m[91m-ms-flex-negative[33m:[39m[31m[91m0[33m;[39m[31m[91mflex-shrink[33m:[39m[31m[91m0[33m;[39m[31m[91mmargin-top[33m:[39m[31m[91m0[33m;[39m[31m[91mmargin-right[33m:[39m[31m[91m0[33m;[39m[31m[91mmargin-left[33m:[39m[31m[91m0[33m}[39m[31m[91m[33m.form-inline[39m[31m[91m [33m.custom-control[39m[31m[91m[33m{[39m[31m[91m-ms-flex-align[33m:[39m[31m[91mcenter[33m;[39m[31m[91malign-items[33m:[39m[31m[91mcenter[33m;[39m[31m[91m-ms-flex-pack[33m:[39m[31m[91mcenter[33m;[39m[31m[91mjustify-content[33m:[39m[31m[91mcenter[33m}[39m[31m[91m[33m.form-inline[39m[31m[91m [33m.custom-control-label[39m[31m[91m[33m{[39m[31m[91mmargin-bottom[33m:[39m[31m[91m0[33m}[39m[31m[91m[33m}[39m[31m[91m[33m.btn[39m[31m[91m[33m{[39m[31m[91mdisplay[33m:[39m[31m[91minline-block[33m;[39m[31m[91mcolor[33m:[39m[31m[91m[35m#000[39m[31m[91m[33m;[39m[31m[91mtext-align[33m:[39m[31m[91mleft[33m;[39m[31m[91mcursor[33m:[39m[31m[91mpointer[33m;[39m[31m[91m-webkit-user-select[33m:[39m[31m[91mnone[33m;[39m[31m[91m-moz-user-select[33m:[39m[31m[91mnone[33m;[39m[31m[91m-ms-user-select[33m:[39m[31m[91mnone[33m;[39m[31m[91muser-select[33m:[39m[31m[91mnone[33m;[39m[31m[91mbackground-color[33m:[39m[31m[91m[35m#bbb[39m[31m[91m[33m;[39m[31m[91mborder[33m:[39m[31m[91mnone[33m;[39m[31m[91mpadding[33m:[39m[31m[91m0 16px[33m}[39m[31m[91m[33m.btn.focus,.btn[39m[31m[91m[33m:[39m[31m[91mfocus[33m{[39m[31m[91moutline[33m:[39m[31m[91m0[33m}[39m[31m[91ma.btn.disabled,fieldset[33m:[39m[31m[91mdisabled a.btn[33m{[39m[31m[91mpointer-events[33m:[39m[31m[91mnone[33m}[39m[31m[91m[33m.bs-component>.btn-primary[39m[31m[91m[33m:[39m[31m[91m[36mnot[39m[31m[91m[[39m[22m[1m[31m36m(.disabled)[39m[31m[91m[33m:[39m[31m[91m[36mnot[39m[31m[91m[36m(.btn-sm)[39m[31m[91m[33m:[39m[31m[91m[36mnot[39m[31m[91m[36m(.btn-lg)[39m[31m[91m[33m:[39m[31m[91mhover[33m{[39m[31m[91mpadding-left[33m:[39m[31m[91m0[33m;[39m[31m[91mpadding-right[33m:[39m[31m[91m0[33m}[39m[31m[91m[33m.bs-component>.btn-primary[39m[31m[91m[33m:[39m[31m[91m[36mnot[39m[31m[91m[36m(.disabled)[39m[31m[91m[33m:[39m[31m[91m[36mnot[39m[31m[91m[36m(.btn-sm)[39m[31m[91m[33m:[39m[31m[91m[36mnot[39m[31m[91m[36m(.btn-lg)[39m[31m[91m[33m:[39m[31m[91mhover[33m:[39m[31m[91mbefore[33m{[39m[31m[91mcontent[33m:[39m[31m[91m[32m'\25ba\20'[39m[31m[91m[33m}[39m[31m[91m[33m.bs-component>.btn-primary[39m[31m[91m[33m:[39m[31m[91m[36mnot[39m[31m[91m[36m(.disabled)[39m[31m[91m[33m:[39m[31m[91m[36mnot[39m[31m[91m[36m(.btn-sm)[39m[31m[91m[33m:[39m[31m[91m[36mnot[39m[31m[91m[36m(.btn-lg)[39m[31m[91m[33m:[39m[31m[91mhover[33m:[39m[31m[91mafter[33m{[39m[31m[91mcontent[33m:[39m[31m[91m[32m' \25c4'[39m[31m[91m[33m}[39m[31m[91m[33m.btn-primary[39m[31m[91m[33m{[39m[31m[91mcolor[33m:[39m[31m[91m[35m#000[39m[31m[91m[33m;[39m[31m[91mborder-color[33m:[39m[31m[91m[35m#000[39m[31m[91m[33m;[39m[31m[91mbackground-color[33m:[39m[31m[91m[35m#bbb[39m[31m[91m[33m}[39m[31m[91m[33m.btn-primary[39m[31m[91m[33m:[39m[31m[91mhover[33m:[39m[31m[91mafter,.btn-primary[33m:[39m[31m[91mhover[33m:[39m[31m[91mbefore[33m{[39m[31m[91mcolor[33m:[39m[31m[91m[35m#fff[39m[31m[91m[33m}[39m[31m[91m[33m.btn-primary[39m[31m[91m[33m:[39m[31m[91mhover[33m{[39m[31m[91mcolor[33m:[39m[31m[91m[35m#fff[39m[31m[91m[33m;[39m[31m[91mborder-color[33m:[39m[31m[91m[35m#fff[39m[31m[91m[33m}[39m[31m[91m[33m.btn-primary.focus,.btn-primary[39m[31m[91m[33m:[39m[31m[91mfocus[33m{[39m[31m[91mborder-color[33m:[39m[31m[91m[35m#fff[39m[31m[91m[33m}[39m[31m[91m[33m.btn-primary.disabled,.btn-primary[39m[31m[91m[33m:[39m[31m[91mdisabled[33m{[39m[31m[91mcolor[33m:[39m[31m[91m[35m#555[39m[31m[91m[33m;[39m[31m[91mbackground-color[33m:[39m[31m[91m[35m#bbb[39m[31m[91m[33m;[39m[31m[91mborder-color[33m:[39m[31m[91m[35m#bbb[39m[31m[91m[33m}[39m[31m[91m[33m.btn-primary[39m[31m[9[39m[22m[1m[31m1m[33m:[39m[31m[91m[36mnot[39m[31m[91m[36m(:disabled)[39m[31m[91m[33m:[39m[31m[91m[36mnot[39m[31m[91m[36m(.disabled)[39m[31m[91m[33m.active,.btn-primary[39m[31m[91m[33m:[39m[31m[91m[36mnot[39m[31m[91m[36m(:disabled)[39m[31m[91m[33m:[39m[31m[91m[36mnot[39m[31m[91m[36m(.disabled)[39m[31m[91m[33m:[39m[31m[91mactive,.show>.btn-primary.dropdown-toggle[33m{[39m[31m[91mcolor[33m:[39m[31m[91m[35m#bbb[39m[31m[91m[33m;[39m[31m[91mbackground-color[33m:[39m[31m[91m[35m#000[39m[31m[91m[33m}[39m[31m[91m[33m.btn-group-lg>.btn-primary.btn,.btn-primary.btn-lg[39m[31m[91m[33m{[39m[31m[91mbackground-color[33m:[39m[31m[91m[35m#bbb[39m[31m[91m[33m;[39m[31m[91mborder[33m:[39m[31m[91m[33m.875px[39m[31m[91m solid [35m#000[39m[31m[91m[33m;[39m[31m[91mmargin-top[33m:[39m[31m[91m7px[33m;[39m[31m[91mpadding-top[33m:[39m[31m[91m6.125px[33m;[39m[31m[91mpadding-bottom[33m:[39m[31m[91m7px[33m;[39m[31m[91mmargin-bottom[33m:[39m[31m[91m6.125px[33m;[39m[31m[91mborder-left-width[33m:[39m[31m[91m2px[33m;[39m[31m[91mborder-right-width[33m:[39m[31m[91m2px[33m;[39m[31m[91mmargin-left[33m:[39m[31m[91m3.5px[33m;[39m[31m[91mpadding-left[33m:[39m[31m[91m10.5px[33m;[39m[31m[91mpadding-right[33m:[39m[31m[91m11.5px[33m;[39m[31m[91mmargin-right[33m:[39m[31m[91m2.5px[33m;[39m[31m[91mbox-shadow[33m:[39m[31m[91m-3.5px -7px 0 0 [35m#bbb,2.5px[39m[31m[91m 6.125px 0 0 [35m#bbb,-3.5px[39m[31m[91m 6.125px 0 0 [35m#bbb,2.5px[39m[31m[91m -7px 0 0 [35m#bbb[39m[31m[91m[33m;[39m[31m[91m-webkit-filter[33m:[39m[31m[91m[36mdrop-shadow[39m[31m[91m[36m(7px 8px 0 #000)[39m[31m[91m[33m;[39m[31m[91mfilter[33m:[39m[31m[91m[36mdrop-shadow[39m[31m[91m[36m(7px 8px 0 #000)[39m[31m[91m[33m;[39m[31m[91mmargin-right[33m:[39m[31m[91m10.5px[33m;[39m[31m[91mmargin-bottom[33m:[39m[31m[91m20px[33m}[39m[31m[91m[33m.btn-group-lg>.btn-primary.btn[39m[31m[91m[33m:[39m[31m[91mhover,.btn-primary.btn-lg[33m:[39m[31m[91mhover[33m{[39m[31m[91mbox-shadow[33m:[39m[31m[91m-3.5px -7px 0 0 [35m#555,2.5px[39m[31m[91m 6.125px 0 0 [35m#555,-3.5px[39m[31m[91m 6.125px 0 0 [35m#555,2.5px[39m[31m[91m -7px 0 0 [35m#555[39m[31m[91m[33m;[39m[31m[[39m[22m[1m[31m91mcolor[33m:[39m[31m[91m[35m#fff[39m[31m[91m[33m;[39m[31m[91mborder-color[33m:[39m[31m[91m[35m#fff[39m[31m[91m[33m;[39m[31m[91mbackground-color[33m:[39m[31m[91m[35m#555[39m[31m[91m[33m}[39m[31m[91m[33m.btn-group-lg.show>.btn-primary.dropdown-toggle.btn,.btn-group-lg>.btn-primary.btn[39m[31m[91m[33m:[39m[31m[91m[36mnot[39m[31m[91m[36m(:disabled)[39m[31m[91m[33m:[39m[31m[91m[36mnot[39m[31m[91m[36m(.disabled)[39m[31m[91m[33m.active,.btn-group-lg>.btn-primary.btn[39m[31m[91m[33m:[39m[31m[91m[36mnot[39m[31m[91m[36m(:disabled)[39m[31m[91m[33m:[39m[31m[91m[36mnot[39m[31m[91m[36m(.disabled)[39m[31m[91m[33m:[39m[31m[91mactive,.btn-primary.btn-lg[33m:[39m[31m[91m[36mnot[39m[31m[91m[36m(:disabled)[39m[31m[91m[33m:[39m[31m[91m[36mnot[39m[31m[91m[36m(.disabled)[39m[31m[91m[33m.active,.btn-primary.btn-lg[39m[31m[91m[33m:[39m[31m[91m[36mnot[39m[31m[91m[36m(:disabled)[39m[31m[91m[33m:[39m[31m[91m[36mnot[39m[31m[91m[36m(.disabled)[39m[31m[91m[33m:[39m[31m[91mactive,.show>.btn-primary.btn-lg.dropdown-toggle[33m{[39m[31m[91mbox-shadow[33m:[39m[31m[91m-3.5px -7px 0 0 [35m#555,2.5px[39m[31m[91m 6.125px 0 0 [35m#555,-3.5px[39m[31m[91m 6.125px 0 0 [35m#555,2.5px[39m[31m[91m -7px 0 0 [35m#555[39m[31m[91m[33m;[39m[31m[91mcolor[33m:[39m[31m[91m[35m#fff[39m[31m[91m[33m;[39m[31m[91mborder-color[33m:[39m[31m[91m[35m#fff[39m[31m[91m[33m;[39m[31m[91mbackground-color[33m:[39m[31m[91m[35m#555[39m[31m[91m[33m;[39m[31m[91m-webkit-filter[33m:[39m[31m[91mnone[33m;[39m[31m[91mfilter[33m:[39m[31m[91mnone[33m;[39m[31m[91mfilter[33m:[39m[31m[91mnone[33m;[39m[31m[91mposition[33m:[39m[31m[91mrelative[33m;[39m[31m[91mtop[33m:[39m[31m[91m14px[33m;[39m[31m[91mleft[33m:[39m[31m[91m8px[33m}[39m[31m[91m[33m.bs-component>.btn-secondary[39m[31m[91m[33m:[39m[31m[91m[36mnot[39m[31m[91m[36m(.disabled)[39m[31m[91m[33m:[39m[31m[91m[36mnot[39m[31m[91m[36m(.btn-sm)[39m[31m[91m[33m:[39m[31m[91m[36mnot[39m[31m[91m[36m(.btn-lg)[39m[31m[91m[33m:[39m[31m[91mhover[33m{[39m[31m[91mpadding-left[33m:[39m[31m[91m0[33m;[39m[31m[91mpadding-right[33m:[39m[31m[91m0[33m}[39m[31m[91m[33m.bs-component>.btn-secondary[[39m[22m[1m[31m39m[91m[33m:[39m[31m[91m[36mnot[39m[31m[91m[36m(.disabled)[39m[31m[91m[33m:[39m[31m[91m[36mnot[39m[31m[91m[36m(.btn-sm)[39m[31m[91m[33m:[39m[31m[91m[36mnot[39m[31m[91m[36m(.btn-lg)[39m[31m[91m[33m:[39m[31m[91mhover[33m:[39m[31m[91mbefore[33m{[39m[31m[91mcontent[33m:[39m[31m[91m[32m'\25ba\20'[39m[31m[91m[33m}[39m[31m[91m[33m.bs-component>.btn-secondary[39m[31m[91m[33m:[39m[31m[91m[36mnot[39m[31m[91m[36m(.disabled)[39m[31m[91m[33m:[39m[31m[91m[36mnot[39m[31m[91m[36m(.btn-sm)[39m[31m[91m[33m:[39m[31m[91m[36mnot[39m[31m[91m[36m(.btn-lg)[39m[31m[91m[33m:[39m[31m[91mhover[33m:[39m[31m[91mafter[33m{[39m[31m[91mcontent[33m:[39m[31m[91m[32m' \25c4'[39m[31m[91m[33m}[39m[31m[91m[33m.btn-secondary[39m[31m[91m[33m{[39m[31m[91mcolor[33m:[39m[31m[91m[35m#000[39m[31m[91m[33m;[39m[31m[91mborder-color[33m:[39m[31m[91m[35m#000[39m[31m[91m[33m;[39m[31m[91mbackground-color[33m:[39m[31m[91m[35m#bbb[39m[31m[91m[33m}[39m[31m[91m[33m.btn-secondary[39m[31m[91m[33m:[39m[31m[91mhover[33m:[39m[31m[91mafter,.btn-secondary[33m:[39m[31m[91mhover[33m:[39m[31m[91mbefore[33m{[39m[31m[91mcolor[33m:[39m[31m[91m[35m#fff[39m[31m[91m[33m}[39m[31m[91m[33m.btn-secondary[39m[31m[91m[33m:[39m[31m[91mhover[33m{[39m[31m[91mcolor[33m:[39m[31m[91m[35m#fff[39m[31m[91m[33m;[39m[31m[91mborder-color[33m:[39m[31m[91m[35m#fff[39m[31m[91m[33m}[39m[31m[91m[33m.btn-secondary.focus,.btn-secondary[39m[31m[91m[33m:[39m[31m[91mfocus[33m{[39m[31m[91mborder-color[33m:[39m[31m[91m[35m#fff[39m[31m[91m[33m}[39m[31m[91m[33m.btn-secondary.disabled,.btn-secondary[39m[31m[91m[33m:[39m[31m[91mdisabled[33m{[39m[31m[91mcolor[33m:[39m[31m[91m[35m#555[39m[31m[91m[33m;[39m[31m[91mbackground-color[33m:[39m[31m[91m[35m#bbb[39m[31m[91m[33m;[39m[31m[91mborder-color[33m:[39m[31m[91m[35m#bbb[39m[31m[91m[33m}[39m[31m[91m[33m.btn-secondary[39m[31m[91m[33m:[39m[31m[91m[36mnot[39m[31m[91m[36m(:disabled)[39m[31m[91m[33m:[39m[31m[91m[36mnot[39m[31m[91m[36m(.disabled)[39m[31m[91m[33m.active,.btn-secondary[39m[31m[91m[33m:[39m[31m[91m[36mnot[39m[31m[91m[36m(:disabled)[39m[31m[91m[33m:[39m[31m[91m[36mnot[39m[31m[91m[36m(.disabled)[39m[31m[91m[[39m[22m[1m[31m33m:[39m[31m[91mactive,.show>.btn-secondary.dropdown-toggle[33m{[39m[31m[91mcolor[33m:[39m[31m[91m[35m#bbb[39m[31m[91m[33m;[39m[31m[91mbackground-color[33m:[39m[31m[91m[35m#000[39m[31m[91m[33m}[39m[31m[91m[33m.btn-group-lg>.btn-secondary.btn,.btn-secondary.btn-lg[39m[31m[91m[33m{[39m[31m[91mbackground-color[33m:[39m[31m[91m[35m#bbb[39m[31m[91m[33m;[39m[31m[91mborder[33m:[39m[31m[91m[33m.875px[39m[31m[91m solid [35m#000[39m[31m[91m[33m;[39m[31m[91mmargin-top[33m:[39m[31m[91m7px[33m;[39m[31m[91mpadding-top[33m:[39m[31m[91m6.125px[33m;[39m[31m[91mpadding-bottom[33m:[39m[31m[91m7px[33m;[39m[31m[91mmargin-bottom[33m:[39m[31m[91m6.125px[33m;[39m[31m[91mborder-left-width[33m:[39m[31m[91m2px[33m;[39m[31m[91mborder-right-width[33m:[39m[31m[91m2px[33m;[39m[31m[91mmargin-left[33m:[39m[31m[91m3.5px[33m;[39m[31m[91mpadding-left[33m:[39m[31m[91m10.5px[33m;[39m[31m[91mpadding-right[33m:[39m[31m[91m11.5px[33m;[39m[31m[91mmargin-right[33m:[39m[31m[91m2.5px[33m;[39m[31m[91mbox-shadow[33m:[39m[31m[91m-3.5px -7px 0 0 [35m#bbb,2.5px[39m[31m[91m 6.125px 0 0 [35m#bbb,-3.5px[39m[31m[91m 6.125px 0 0 [35m#bbb,2.5px[39m[31m[91m -7px 0 0 [35m#bbb[39m[31m[91m[33m;[39m[31m[91m-webkit-filter[33m:[39m[31m[91m[36mdrop-shadow[39m[31m[91m[36m(7px 8px 0 #000)[39m[31m[91m[33m;[39m[31m[91mfilter[33m:[39m[31m[91m[36mdrop-shadow[39m[31m[91m[36m(7px 8px 0 #000)[39m[31m[91m[33m;[39m[31m[91mmargin-right[33m:[39m[31m[91m10.5px[33m;[39m[31m[91mmargin-bottom[33m:[39m[31m[91m20px[33m}[39m[31m[91m[33m.btn-group-lg>.btn-secondary.btn[39m[31m[91m[33m:[39m[31m[91mhover,.btn-secondary.btn-lg[33m:[39m[31m[91mhover[33m{[39m[31m[91mbox-shadow[33m:[39m[31m[91m-3.5px -7px 0 0 [35m#555,2.5px[39m[31m[91m 6.125px 0 0 [35m#555,-3.5px[39m[31m[91m 6.125px 0 0 [35m#555,2.5px[39m[31m[91m -7px 0 0 [35m#555[39m[31m[91m[33m;[39m[31m[91mcolor[33m:[39m[31m[91m[35m#fff[39m[31m[91m[33m;[39m[31m[91mborder-color[33m:[39m[31m[91m[35m#fff[39m[31m[91m[33m;[39m[31m[91mbackground-color[33m:[39m[31m[91m[35m#555[39m[31m[91m[33m}[39m[31m[91m[33m.btn-group-lg.show>.btn-secondary.dropdown-toggle.btn,.btn-group-lg>.btn-se[39m[22m[1m[31mcondary.btn[39m[31m[91m[33m:[39m[31m[91m[36mnot[39m[31m[91m[36m(:disabled)[39m[31m[91m[33m:[39m[31m[91m[36mnot[39m[31m[91m[36m(.disabled)[39m[31m[91m[33m.active,.btn-group-lg>.btn-secondary.btn[39m[31m[91m[33m:[39m[31m[91m[36mnot[39m[31m[91m[36m(:disabled)[39m[31m[91m[33m:[39m[31m[91m[36mnot[39m[31m[91m[36m(.disabled)[39m[31m[91m[33m:[39m[31m[91mactive,.btn-secondary.btn-lg[33m:[39m[31m[91m[36mnot[39m[31m[91m[36m(:disabled)[39m[31m[91m[33m:[39m[31m[91m[36mnot[39m[31m[91m[36m(.disabled)[39m[31m[91m[33m.active,.btn-secondary.btn-lg[39m[31m[91m[33m:[39m[31m[91m[36mnot[39m[31m[91m[36m(:disabled)[39m[31m[91m[33m:[39m[31m[91m[36mnot[39m[31m[91m[36m(.disabled)[39m[31m[91m[33m:[39m[31m[91mactive,.show>.btn-secondary.btn-lg.dropdown-toggle[33m{[39m[31m[91mbox-shadow[33m:[39m[31m[91m-3.5px -7px 0 0 [35m#555,2.5px[39m[31m[91m 6.125px 0 0 [35m#555,-3.5px[39m[31m[91m 6.125px 0 0 [35m#555,2.5px[39m[31m[91m -7px 0 0 [35m#555[39m[31m[91m[33m;[39m[31m[91mcolor[33m:[39m[31m[91m[35m#fff[39m[31m[91m[33m;[39m[31m[91mborder-color[33m:[39m[31m[91m[35m#fff[39m[31m[91m[33m;[39m[31m[91mbackground-color[33m:[39m[31m[91m[35m#555[39m[31m[91m[33m;[39m[31m[91m-webkit-filter[33m:[39m[31m[91mnone[33m;[39m[31m[91mfilter[33m:[39m[31m[91mnone[33m;[39m[31m[91mfilter[33m:[39m[31m[91mnone[33m;[39m[31m[91mposition[33m:[39m[31m[91mrelative[33m;[39m[31m[91mtop[33m:[39m[31m[91m14px[33m;[39m[31m[91mleft[33m:[39m[31m[91m8px[33m}[39m[31m[91m[33m.bs-component>.btn-success[39m[31m[91m[33m:[39m[31m[91m[36mnot[39m[31m[91m[36m(.disabled)[39m[31m[91m[33m:[39m[31m[91m[36mnot[39m[31m[91m[36m(.btn-sm)[39m[31m[91m[33m:[39m[31m[91m[36mnot[39m[31m[91m[36m(.btn-lg)[39m[31m[91m[33m:[39m[31m[91mhover[33m{[39m[31m[91mpadding-left[33m:[39m[31m[91m0[33m;[39m[31m[91mpadding-right[33m:[39m[31m[91m0[33m}[39m[31m[91m[33m.bs-component>.btn-success[39m[31m[91m[33m:[39m[31m[91m[36mnot[39m[31m[91m[36m(.disabled)[39m[31m[91m[33m:[39m[31m[91m[36mnot[39m[31m[91m[36m(.btn-sm)[39m[31m[91m[33m:[39m[31m[91m[36mnot[39m[31m[91m[36m(.btn-lg)[39m[31m[91m[33m:[39m[31m[91mhover[33m:[39m[31m[91mbefore[33m{[39m[31m[91mcontent[33m:[39m[31m[39m[22m[1m[31m[91m[32m'\25ba\20'[39m[31m[91m[33m}[39m[31m[91m[33m.bs-component>.btn-success[39m[31m[91m[33m:[39m[31m[91m[36mnot[39m[31m[91m[36m(.disabled)[39m[31m[91m[33m:[39m[31m[91m[36mnot[39m[31m[91m[36m(.btn-sm)[39m[31m[91m[33m:[39m[31m[91m[36mnot[39m[31m[91m[36m(.btn-lg)[39m[31m[91m[33m:[39m[31m[91mhover[33m:[39m[31m[91mafter[33m{[39m[31m[91mcontent[33m:[39m[31m[91m[32m' \25c4'[39m[31m[91m[33m}[39m[31m[91m[33m.btn-success[39m[31m[91m[33m{[39m[31m[91mcolor[33m:[39m[31m[91m[35m#000[39m[31m[91m[33m;[39m[31m[91mborder-color[33m:[39m[31m[91m[35m#000[39m[31m[91m[33m;[39m[31m[91mbackground-color[33m:[39m[31m[91m[35m#0a0[39m[31m[91m[33m}[39m[31m[91m[33m.btn-success[39m[31m[91m[33m:[39m[31m[91mhover[33m:[39m[31m[91mafter,.btn-success[33m:[39m[31m[91mhover[33m:[39m[31m[91mbefore[33m{[39m[31m[91mcolor[33m:[39m[31m[91m[35m#5f5[39m[31m[91m[33m}[39m[31m[91m[33m.btn-success[39m[31m[91m[33m:[39m[31m[91mhover[33m{[39m[31m[91mcolor[33m:[39m[31m[91m[35m#5f5[39m[31m[91m[33m;[39m[31m[91mborder-color[33m:[39m[31m[91m[35m#fff[39m[31m[91m[33m}[39m[31m[91m[33m.btn-success.focus,.btn-success[39m[31m[91m[33m:[39m[31m[91mfocus[33m{[39m[31m[91mborder-color[33m:[39m[31m[91m[35m#fff[39m[31m[91m[33m}[39m[31m[91m[33m.btn-success.disabled,.btn-success[39m[31m[91m[33m:[39m[31m[91mdisabled[33m{[39m[31m[91mcolor[33m:[39m[31m[91m[35m#555[39m[31m[91m[33m;[39m[31m[91mbackground-color[33m:[39m[31m[91m[35m#bbb[39m[31m[91m[33m;[39m[31m[91mborder-color[33m:[39m[31m[91m[35m#0a0[39m[31m[91m[33m}[39m[31m[91m[33m.btn-success[39m[31m[91m[33m:[39m[31m[91m[36mnot[39m[31m[91m[36m(:disabled)[39m[31m[91m[33m:[39m[31m[91m[36mnot[39m[31m[91m[36m(.disabled)[39m[31m[91m[33m.active,.btn-success[39m[31m[91m[33m:[39m[31m[91m[36mnot[39m[31m[91m[36m(:disabled)[39m[31m[91m[33m:[39m[31m[91m[36mnot[39m[31m[91m[36m(.disabled)[39m[31m[91m[33m:[39m[31m[91mactive,.show>.btn-success.dropdown-toggle[33m{[39m[31m[91mcolor[33m:[39m[31m[91m[35m#0a0[39m[31m[91m[33m;[39m[31m[91mbackground-color[33m:[39m[31m[91m[35m#000[39m[31m[91m[33m}[39m[31m[91m[33m.btn-group-lg>.btn-success.btn,.btn-success.btn-lg[39m[31m[91m[33m{[39m[31m[91mbackgrou[39m[22m[1m[31mnd-color[33m:[39m[31m[91m[35m#0a0[39m[31m[91m[33m;[39m[31m[91mborder[33m:[39m[31m[91m[33m.875px[39m[31m[91m solid [35m#000[39m[31m[91m[33m;[39m[31m[91mmargin-top[33m:[39m[31m[91m7px[33m;[39m[31m[91mpadding-top[33m:[39m[31m[91m6.125px[33m;[39m[31m[91mpadding-bottom[33m:[39m[31m[91m7px[33m;[39m[31m[91mmargin-bottom[33m:[39m[31m[91m6.125px[33m;[39m[31m[91mborder-left-width[33m:[39m[31m[91m2px[33m;[39m[31m[91mborder-right-width[33m:[39m[31m[91m2px[33m;[39m[31m[91mmargin-left[33m:[39m[31m[91m3.5px[33m;[39m[31m[91mpadding-left[33m:[39m[31m[91m10.5px[33m;[39m[31m[91mpadding-right[33m:[39m[31m[91m11.5px[33m;[39m[31m[91mmargin-right[33m:[39m[31m[91m2.5px[33m;[39m[31m[91mbox-shadow[33m:[39m[31m[91m-3.5px -7px 0 0 [35m#0a0,2.5px[39m[31m[91m 6.125px 0 0 [35m#0a0,-3.5px[39m[31m[91m 6.125px 0 0 [35m#0a0,2.5px[39m[31m[91m -7px 0 0 [35m#0a0[39m[31m[91m[33m;[39m[31m[91m-webkit-filter[33m:[39m[31m[91m[36mdrop-shadow[39m[31m[91m[36m(7px 8px 0 #000)[39m[31m[91m[33m;[39m[31m[91mfilter[33m:[39m[31m[91m[36mdrop-shadow[39m[31m[91m[36m(7px 8px 0 #000)[39m[31m[91m[33m;[39m[31m[91mmargin-right[33m:[39m[31m[91m10.5px[33m;[39m[31m[91mmargin-bottom[33m:[39m[31m[91m20px[33m}[39m[31m[91m[33m.btn-group-lg>.btn-success.btn[39m[31m[91m[33m:[39m[31m[91mhover,.btn-success.btn-lg[33m:[39m[31m[91mhover[33m{[39m[31m[91mbox-shadow[33m:[39m[31m[91m-3.5px -7px 0 0 [35m#0a0,2.5px[39m[31m[91m 6.125px 0 0 [35m#0a0,-3.5px[39m[31m[91m 6.125px 0 0 [35m#0a0,2.5px[39m[31m[91m -7px 0 0 [35m#0a0[39m[31m[91m[33m;[39m[31m[91mcolor[33m:[39m[31m[91m[35m#fff[39m[31m[91m[33m;[39m[31m[91mborder-color[33m:[39m[31m[91m[35m#fff[39m[31m[91m[33m;[39m[31m[91mbackground-color[33m:[39m[31m[91m[35m#0a0[39m[31m[91m[33m}[39m[31m[91m[33m.btn-group-lg.show>.btn-success.dropdown-toggle.btn,.btn-group-lg>.btn-success.btn[39m[31m[91m[33m:[39m[31m[91m[36mnot[39m[31m[91m[36m(:disabled)[39m[31m[91m[33m:[39m[31m[91m[36mnot[39m[31m[91m[36m(.disabled)[39m[31m[91m[33m.active,.btn-group-lg>.btn-success.btn[39m[31m[91m[33m:[39m[31m[91m[36mnot[39m[31m[91m[36m(:disabled)[39m[31m[91m[33m:[39m[31m[91m[36mnot[39m[31m[91m[36m(.di[39m[22m[1m[31msabled)[39m[31m[91m[33m:[39m[31m[91mactive,.btn-success.btn-lg[33m:[39m[31m[91m[36mnot[39m[31m[91m[36m(:disabled)[39m[31m[91m[33m:[39m[31m[91m[36mnot[39m[31m[91m[36m(.disabled)[39m[31m[91m[33m.active,.btn-success.btn-lg[39m[31m[91m[33m:[39m[31m[91m[36mnot[39m[31m[91m[36m(:disabled)[39m[31m[91m[33m:[39m[31m[91m[36mnot[39m[31m[91m[36m(.disabled)[39m[31m[91m[33m:[39m[31m[91mactive,.show>.btn-success.btn-lg.dropdown-toggle[33m{[39m[31m[91mbox-shadow[33m:[39m[31m[91m-3.5px -7px 0 0 [35m#0a0,2.5px[39m[31m[91m 6.125px 0 0 [35m#0a0,-3.5px[39m[31m[91m 6.125px 0 0 [35m#0a0,2.5px[39m[31m[91m -7px 0 0 [35m#0a0[39m[31m[91m[33m;[39m[31m[91mcolor[33m:[39m[31m[91m[35m#fff[39m[31m[91m[33m;[39m[31m[91mborder-color[33m:[39m[31m[91m[35m#fff[39m[31m[91m[33m;[39m[31m[91mbackground-color[33m:[39m[31m[91m[35m#0a0[39m[31m[91m[33m;[39m[31m[91m-webkit-filter[33m:[39m[31m[91mnone[33m;[39m[31m[91mfilter[33m:[39m[31m[91mnone[33m;[39m[31m[91mfilter[33m:[39m[31m[91mnone[33m;[39m[31m[91mposition[33m:[39m[31m[91mrelative[33m;[39m[31m[91mtop[33m:[39m[31m[91m14px[33m;[39m[31m[91mleft[33m:[39m[31m[91m8px[33m}[39m[31m[91m[33m.bs-component>.btn-info[39m[31m[91m[33m:[39m[31m[91m[36mnot[39m[31m[91m[36m(.disabled)[39m[31m[91m[33m:[39m[31m[91m[36mnot[39m[31m[91m[36m(.btn-sm)[39m[31m[91m[33m:[39m[31m[91m[36mnot[39m[31m[91m[36m(.btn-lg)[39m[31m[91m[33m:[39m[31m[91mhover[33m{[39m[31m[91mpadding-left[33m:[39m[31m[91m0[33m;[39m[31m[91mpadding-right[33m:[39m[31m[91m0[33m}[39m[31m[91m[33m.bs-component>.btn-info[39m[31m[91m[33m:[39m[31m[91m[36mnot[39m[31m[91m[36m(.disabled)[39m[31m[91m[33m:[39m[31m[91m[36mnot[39m[31m[91m[36m(.btn-sm)[39m[31m[91m[33m:[39m[31m[91m[36mnot[39m[31m[91m[36m(.btn-lg)[39m[31m[91m[33m:[39m[31m[91mhover[33m:[39m[31m[91mbefore[33m{[39m[31m[91mcontent[33m:[39m[31m[91m[32m'\25ba\20'[39m[31m[91m[33m}[39m[31m[91m[33m.bs-component>.btn-info[39m[31m[91m[33m:[39m[31m[91m[36mnot[39m[31m[91m[36m(.disabled)[39m[31m[91m[33m:[39m[31m[91m[36mnot[39m[31m[91m[36m(.btn-sm)[39m[31m[91m[33m:[39m[31m[91m[36mnot[39m[31m[91m[36m(.btn-lg)[39m[31m[91m[33m:[39m[31m[91mhover[33m:[39m[31m[91mafter[33m{[3[39m[22m[1m[31m9m[91mcontent[33m:[39m[31m[91m[32m' \25c4'[39m[31m[91m[33m}[39m[31m[91m[33m.btn-info[39m[31m[91m[33m{[39m[31m[91mcolor[33m:[39m[31m[91m[35m#000[39m[31m[91m[33m;[39m[31m[91mborder-color[33m:[39m[31m[91m[35m#000[39m[31m[91m[33m;[39m[31m[91mbackground-color[33m:[39m[31m[91m[35m#0aa[39m[31m[91m[33m}[39m[31m[91m[33m.btn-info[39m[31m[91m[33m:[39m[31m[91mhover[33m:[39m[31m[91mafter,.btn-info[33m:[39m[31m[91mhover[33m:[39m[31m[91mbefore[33m{[39m[31m[91mcolor[33m:[39m[31m[91m[35m#5ff[39m[31m[91m[33m}[39m[31m[91m[33m.btn-info[39m[31m[91m[33m:[39m[31m[91mhover[33m{[39m[31m[91mcolor[33m:[39m[31m[91m[35m#5ff[39m[31m[91m[33m;[39m[31m[91mborder-color[33m:[39m[31m[91m[35m#fff[39m[31m[91m[33m}[39m[31m[91m[33m.btn-info.focus,.btn-info[39m[31m[91m[33m:[39m[31m[91mfocus[33m{[39m[31m[91mborder-color[33m:[39m[31m[91m[35m#fff[39m[31m[91m[33m}[39m[31m[91m[33m.btn-info.disabled,.btn-info[39m[31m[91m[33m:[39m[31m[91mdisabled[33m{[39m[31m[91mcolor[33m:[39m[31m[91m[35m#555[39m[31m[91m[33m;[39m[31m[91mbackground-color[33m:[39m[31m[91m[35m#bbb[39m[31m[91m[33m;[39m[31m[91mborder-color[33m:[39m[31m[91m[35m#0aa[39m[31m[91m[33m}[39m[31m[91m[33m.btn-info[39m[31m[91m[33m:[39m[31m[91m[36mnot[39m[31m[91m[36m(:disabled)[39m[31m[91m[33m:[39m[31m[91m[36mnot[39m[31m[91m[36m(.disabled)[39m[31m[91m[33m.active,.btn-info[39m[31m[91m[33m:[39m[31m[91m[36mnot[39m[31m[91m[36m(:disabled)[39m[31m[91m[33m:[39m[31m[91m[36mnot[39m[31m[91m[36m(.disabled)[39m[31m[91m[33m:[39m[31m[91mactive,.show>.btn-info.dropdown-toggle[33m{[39m[31m[91mcolor[33m:[39m[31m[91m[35m#0aa[39m[31m[91m[33m;[39m[31m[91mbackground-color[33m:[39m[31m[91m[35m#000[39m[31m[91m[33m}[39m[31m[91m[33m.btn-group-lg>.btn-info.btn,.btn-info.btn-lg[39m[31m[91m[33m{[39m[31m[91mbackground-color[33m:[39m[31m[91m[35m#0aa[39m[31m[91m[33m;[39m[31m[91mborder[33m:[39m[31m[91m[33m.875px[39m[31m[91m solid [35m#000[39m[31m[91m[33m;[39m[31m[91mmargin-top[33m:[39m[31m[91m7px[33m;[39m[31m[91mpadding-top[33m:[39m[31m[91m6.125px[33m;[39m[31m[91mpadding-bottom[33m:[39m[31m[91m7px[33m;[39m[31m[91mmargin-bottom[33m:[39m[31m[91m6.125px[33m;[39m[31m[91mborder-left-w[39m[22m[1m[31midth[33m:[39m[31m[91m2px[33m;[39m[31m[91mborder-right-width[33m:[39m[31m[91m2px[33m;[39m[31m[91mmargin-left[33m:[39m[31m[91m3.5px[33m;[39m[31m[91mpadding-left[33m:[39m[31m[91m10.5px[33m;[39m[31m[91mpadding-right[33m:[39m[31m[91m11.5px[33m;[39m[31m[91mmargin-right[33m:[39m[31m[91m2.5px[33m;[39m[31m[91mbox-shadow[33m:[39m[31m[91m-3.5px -7px 0 0 [35m#0aa,2.5px[39m[31m[91m 6.125px 0 0 [35m#0aa,-3.5px[39m[31m[91m 6.125px 0 0 [35m#0aa,2.5px[39m[31m[91m -7px 0 0 [35m#0aa[39m[31m[91m[33m;[39m[31m[91m-webkit-filter[33m:[39m[31m[91m[36mdrop-shadow[39m[31m[91m[36m(7px 8px 0 #000)[39m[31m[91m[33m;[39m[31m[91mfilter[33m:[39m[31m[91m[36mdrop-shadow[39m[31m[91m[36m(7px 8px 0 #000)[39m[31m[91m[33m;[39m[31m[91mmargin-right[33m:[39m[31m[91m10.5px[33m;[39m[31m[91mmargin-bottom[33m:[39m[31m[91m20px[33m}[39m[31m[91m[33m.btn-group-lg>.btn-info.btn[39m[31m[91m[33m:[39m[31m[91mhover,.btn-info.btn-lg[33m:[39m[31m[91mhover[33m{[39m[31m[91mbox-shadow[33m:[39m[31m[91m-3.5px -7px 0 0 [35m#0aa,2.5px[39m[31m[91m 6.125px 0 0 [35m#0aa,-3.5px[39m[31m[91m 6.125px 0 0 [35m#0aa,2.5px[39m[31m[91m -7px 0 0 [35m#0aa[39m[31m[91m[33m;[39m[31m[91mcolor[33m:[39m[31m[91m[35m#fff[39m[31m[91m[33m;[39m[31m[91mborder-color[33m:[39m[31m[91m[35m#fff[39m[31m[91m[33m;[39m[31m[91mbackground-color[33m:[39m[31m[91m[35m#0aa[39m[31m[91m[33m}[39m[31m[91m[33m.btn-group-lg.show>.btn-info.dropdown-toggle.btn,.btn-group-lg>.btn-info.btn[39m[31m[91m[33m:[39m[31m[91m[36mnot[39m[31m[91m[36m(:disabled)[39m[31m[91m[33m:[39m[31m[91m[36mnot[39m[31m[91m[36m(.disabled)[39m[31m[91m[33m.active,.btn-group-lg>.btn-info.btn[39m[31m[91m[33m:[39m[31m[91m[36mnot[39m[31m[91m[36m(:disabled)[39m[31m[91m[33m:[39m[31m[91m[36mnot[39m[31m[91m[36m(.disabled)[39m[31m[91m[33m:[39m[31m[91mactive,.btn-info.btn-lg[33m:[39m[31m[91m[36mnot[39m[31m[91m[36m(:disabled)[39m[31m[91m[33m:[39m[31m[91m[36mnot[39m[31m[91m[36m(.disabled)[39m[31m[91m[33m.active,.btn-info.btn-lg[39m[31m[91m[33m:[39m[31m[91m[36mnot[39m[31m[91m[36m(:disabled)[39m[31m[91m[33m:[39m[31m[91m[36mnot[39m[31m[91m[36m(.disabled)[39m[31m[91m[33m:[39m[31m[91mactive,.show>.btn[39m[22m[1m[31m-info.btn-lg.dropdown-toggle[33m{[39m[31m[91mbox-shadow[33m:[39m[31m[91m-3.5px -7px 0 0 [35m#0aa,2.5px[39m[31m[91m 6.125px 0 0 [35m#0aa,-3.5px[39m[31m[91m 6.125px 0 0 [35m#0aa,2.5px[39m[31m[91m -7px 0 0 [35m#0aa[39m[31m[91m[33m;[39m[31m[91mcolor[33m:[39m[31m[91m[35m#fff[39m[31m[91m[33m;[39m[31m[91mborder-color[33m:[39m[31m[91m[35m#fff[39m[31m[91m[33m;[39m[31m[91mbackground-color[33m:[39m[31m[91m[35m#0aa[39m[31m[91m[33m;[39m[31m[91m-webkit-filter[33m:[39m[31m[91mnone[33m;[39m[31m[91mfilter[33m:[39m[31m[91mnone[33m;[39m[31m[91mfilter[33m:[39m[31m[91mnone[33m;[39m[31m[91mposition[33m:[39m[31m[91mrelative[33m;[39m[31m[91mtop[33m:[39m[31m[91m14px[33m;[39m[31m[91mleft[33m:[39m[31m[91m8px[33m}[39m[31m[91m[33m.bs-component>.btn-warning[39m[31m[91m[33m:[39m[31m[91m[36mnot[39m[31m[91m[36m(.disabled)[39m[31m[91m[33m:[39m[31m[91m[36mnot[39m[31m[91m[36m(.btn-sm)[39m[31m[91m[33m:[39m[31m[91m[36mnot[39m[31m[91m[36m(.btn-lg)[39m[31m[91m[33m:[39m[31m[91mhover[33m{[39m[31m[91mpadding-left[33m:[39m[31m[91m0[33m;[39m[31m[91mpadding-right[33m:[39m[31m[91m0[33m}[39m[31m[91m[33m.bs-component>.btn-warning[39m[31m[91m[33m:[39m[31m[91m[36mnot[39m[31m[91m[36m(.disabled)[39m[31m[91m[33m:[39m[31m[91m[36mnot[39m[31m[91m[36m(.btn-sm)[39m[31m[91m[33m:[39m[31m[91m[36mnot[39m[31m[91m[36m(.btn-lg)[39m[31m[91m[33m:[39m[31m[91mhover[33m:[39m[31m[91mbefore[33m{[39m[31m[91mcontent[33m:[39m[31m[91m[32m'\25ba\20'[39m[31m[91m[33m}[39m[31m[91m[33m.bs-component>.btn-warning[39m[31m[91m[33m:[39m[31m[91m[36mnot[39m[31m[91m[36m(.disabled)[39m[31m[91m[33m:[39m[31m[91m[36mnot[39m[31m[91m[36m(.btn-sm)[39m[31m[91m[33m:[39m[31m[91m[36mnot[39m[31m[91m[36m(.btn-lg)[39m[31m[91m[33m:[39m[31m[91mhover[33m:[39m[31m[91mafter[33m{[39m[31m[91mcontent[33m:[39m[31m[91m[32m' \25c4'[39m[31m[91m[33m}[39m[31m[91m[33m.btn-warning[39m[31m[91m[33m{[39m[31m[91mcolor[33m:[39m[31m[91m[35m#000[39m[31m[91m[33m;[39m[31m[91mborder-color[33m:[39m[31m[91m[35m#000[39m[31m[91m[33m;[39m[31m[91mbackground-color[33m:[39m[31m[91m[35m#a50[39m[31m[91m[33m}[39m[31m[91m[33m.btn-warning[39m[31m[91m[33m:[39m[31m[91mhover[33m:[39m[31m[91mafter,[39m[22m[1m[31m.btn-warning[33m:[39m[31m[91mhover[33m:[39m[31m[91mbefore[33m{[39m[31m[91mcolor[33m:[39m[31m[91m[35m#ff5[39m[31m[91m[33m}[39m[31m[91m[33m.btn-warning[39m[31m[91m[33m:[39m[31m[91mhover[33m{[39m[31m[91mcolor[33m:[39m[31m[91m[35m#ff5[39m[31m[91m[33m;[39m[31m[91mborder-color[33m:[39m[31m[91m[35m#fff[39m[31m[91m[33m}[39m[31m[91m[33m.btn-warning.focus,.btn-warning[39m[31m[91m[33m:[39m[31m[91mfocus[33m{[39m[31m[91mborder-color[33m:[39m[31m[91m[35m#fff[39m[31m[91m[33m}[39m[31m[91m[33m.btn-warning.disabled,.btn-warning[39m[31m[91m[33m:[39m[31m[91mdisabled[33m{[39m[31m[91mcolor[33m:[39m[31m[91m[35m#555[39m[31m[91m[33m;[39m[31m[91mbackground-color[33m:[39m[31m[91m[35m#bbb[39m[31m[91m[33m;[39m[31m[91mborder-color[33m:[39m[31m[91m[35m#a50[39m[31m[91m[33m}[39m[31m[91m[33m.btn-warning[39m[31m[91m[33m:[39m[31m[91m[36mnot[39m[31m[91m[36m(:disabled)[39m[31m[91m[33m:[39m[31m[91m[36mnot[39m[31m[91m[36m(.disabled)[39m[31m[91m[33m.active,.btn-warning[39m[31m[91m[33m:[39m[31m[91m[36mnot[39m[31m[91m[36m(:disabled)[39m[31m[91m[33m:[39m[31m[91m[36mnot[39m[31m[91m[36m(.disabled)[39m[31m[91m[33m:[39m[31m[91mactive,.show>.btn-warning.dropdown-toggle[33m{[39m[31m[91mcolor[33m:[39m[31m[91m[35m#a50[39m[31m[91m[33m;[39m[31m[91mbackground-color[33m:[39m[31m[91m[35m#000[39m[31m[91m[33m}[39m[31m[91m[33m.btn-group-lg>.btn-warning.btn,.btn-warning.btn-lg[39m[31m[91m[33m{[39m[31m[91mbackground-color[33m:[39m[31m[91m[35m#a50[39m[31m[91m[33m;[39m[31m[91mborder[33m:[39m[31m[91m[33m.875px[39m[31m[91m solid [35m#000[39m[31m[91m[33m;[39m[31m[91mmargin-top[33m:[39m[31m[91m7px[33m;[39m[31m[91mpadding-top[33m:[39m[31m[91m6.125px[33m;[39m[31m[91mpadding-bottom[33m:[39m[31m[91m7px[33m;[39m[31m[91mmargin-bottom[33m:[39m[31m[91m6.125px[33m;[39m[31m[91mborder-left-width[33m:[39m[31m[91m2px[33m;[39m[31m[91mborder-right-width[33m:[39m[31m[91m2px[33m;[39m[31m[91mmargin-left[33m:[39m[31m[91m3.5px[33m;[39m[31m[91mpadding-left[33m:[39m[31m[91m10.5px[33m;[39m[31m[91mpadding-right[33m:[39m[31m[91m11.5px[33m;[39m[31m[91mmargin-right[33m:[39m[31m[91m2.5px[33m;[39m[31m[91mbox-shadow[33m:[39m[31m[91m-3.5px -7px 0[39m[22m[1m[31m 0 [35m#a50,2.5px[39m[31m[91m 6.125px 0 0 [35m#a50,-3.5px[39m[31m[91m 6.125px 0 0 [35m#a50,2.5px[39m[31m[91m -7px 0 0 [35m#a50[39m[31m[91m[33m;[39m[31m[91m-webkit-filter[33m:[39m[31m[91m[36mdrop-shadow[39m[31m[91m[36m(7px 8px 0 #000)[39m[31m[91m[33m;[39m[31m[91mfilter[33m:[39m[31m[91m[36mdrop-shadow[39m[31m[91m[36m(7px 8px 0 #000)[39m[31m[91m[33m;[39m[31m[91mmargin-right[33m:[39m[31m[91m10.5px[33m;[39m[31m[91mmargin-bottom[33m:[39m[31m[91m20px[33m}[39m[31m[91m[33m.btn-group-lg>.btn-warning.btn[39m[31m[91m[33m:[39m[31m[91mhover,.btn-warning.btn-lg[33m:[39m[31m[91mhover[33m{[39m[31m[91mbox-shadow[33m:[39m[31m[91m-3.5px -7px 0 0 [35m#a50,2.5px[39m[31m[91m 6.125px 0 0 [35m#a50,-3.5px[39m[31m[91m 6.125px 0 0 [35m#a50,2.5px[39m[31m[91m -7px 0 0 [35m#a50[39m[31m[91m[33m;[39m[31m[91mcolor[33m:[39m[31m[91m[35m#fff[39m[31m[91m[33m;[39m[31m[91mborder-color[33m:[39m[31m[91m[35m#fff[39m[31m[91m[33m;[39m[31m[91mbackground-color[33m:[39m[31m[91m[35m#a50[39m[31m[91m[33m}[39m[31m[91m[33m.btn-group-lg.show>.btn-warning.dropdown-toggle.btn,.btn-group-lg>.btn-warning.btn[39m[31m[91m[33m:[39m[31m[91m[36mnot[39m[31m[91m[36m(:disabled)[39m[31m[91m[33m:[39m[31m[91m[36mnot[39m[31m[91m[36m(.disabled)[39m[31m[91m[33m.active,.btn-group-lg>.btn-warning.btn[39m[31m[91m[33m:[39m[31m[91m[36mnot[39m[31m[91m[36m(:disabled)[39m[31m[91m[33m:[39m[31m[91m[36mnot[39m[31m[91m[36m(.disabled)[39m[31m[91m[33m:[39m[31m[91mactive,.btn-warning.btn-lg[33m:[39m[31m[91m[36mnot[39m[31m[91m[36m(:disabled)[39m[31m[91m[33m:[39m[31m[91m[36mnot[39m[31m[91m[36m(.disabled)[39m[31m[91m[33m.active,.btn-warning.btn-lg[39m[31m[91m[33m:[39m[31m[91m[36mnot[39m[31m[91m[36m(:disabled)[39m[31m[91m[33m:[39m[31m[91m[36mnot[39m[31m[91m[36m(.disabled)[39m[31m[91m[33m:[39m[31m[91mactive,.show>.btn-warning.btn-lg.dropdown-toggle[33m{[39m[31m[91mbox-shadow[33m:[39m[31m[91m-3.5px -7px 0 0 [35m#a50,2.5px[39m[31m[91m 6.125px 0 0 [35m#a50,-3.5px[39m[31m[91m 6.125px 0 0 [35m#a50,2.5px[39m[31m[91m -7px 0 0 [35m#a50[39m[31m[91m[33m;[39m[31m[91mcolor[33m:[39m[31m[91m[35m#fff[39m[31m[91m[33m;[39m[31m[91mborder-color[33[39m[22m[1m[31mm:[39m[31m[91m[35m#fff[39m[31m[91m[33m;[39m[31m[91mbackground-color[33m:[39m[31m[91m[35m#a50[39m[31m[91m[33m;[39m[31m[91m-webkit-filter[33m:[39m[31m[91mnone[33m;[39m[31m[91mfilter[33m:[39m[31m[91mnone[33m;[39m[31m[91mfilter[33m:[39m[31m[91mnone[33m;[39m[31m[91mposition[33m:[39m[31m[91mrelative[33m;[39m[31m[91mtop[33m:[39m[31m[91m14px[33m;[39m[31m[91mleft[33m:[39m[31m[91m8px[33m}[39m[31m[91m[33m.bs-component>.btn-danger[39m[31m[91m[33m:[39m[31m[91m[36mnot[39m[31m[91m[36m(.disabled)[39m[31m[91m[33m:[39m[31m[91m[36mnot[39m[31m[91m[36m(.btn-sm)[39m[31m[91m[33m:[39m[31m[91m[36mnot[39m[31m[91m[36m(.btn-lg)[39m[31m[91m[33m:[39m[31m[91mhover[33m{[39m[31m[91mpadding-left[33m:[39m[31m[91m0[33m;[39m[31m[91mpadding-right[33m:[39m[31m[91m0[33m}[39m[31m[91m[33m.bs-component>.btn-danger[39m[31m[91m[33m:[39m[31m[91m[36mnot[39m[31m[91m[36m(.disabled)[39m[31m[91m[33m:[39m[31m[91m[36mnot[39m[31m[91m[36m(.btn-sm)[39m[31m[91m[33m:[39m[31m[91m[36mnot[39m[31m[91m[36m(.btn-lg)[39m[31m[91m[33m:[39m[31m[91mhover[33m:[39m[31m[91mbefore[33m{[39m[31m[91mcontent[33m:[39m[31m[91m[32m'\25ba\20'[39m[31m[91m[33m}[39m[31m[91m[33m.bs-component>.btn-danger[39m[31m[91m[33m:[39m[31m[91m[36mnot[39m[31m[91m[36m(.disabled)[39m[31m[91m[33m:[39m[31m[91m[36mnot[39m[31m[91m[36m(.btn-sm)[39m[31m[91m[33m:[39m[31m[91m[36mnot[39m[31m[91m[36m(.btn-lg)[39m[31m[91m[33m:[39m[31m[91mhover[33m:[39m[31m[91mafter[33m{[39m[31m[91mcontent[33m:[39m[31m[91m[32m' \25c4'[39m[31m[91m[33m}[39m[31m[91m[33m.btn-danger[39m[31m[91m[33m{[39m[31m[91mcolor[33m:[39m[31m[91m[35m#000[39m[31m[91m[33m;[39m[31m[91mborder-color[33m:[39m[31m[91m[35m#000[39m[31m[91m[33m;[39m[31m[91mbackground-color[33m:[39m[31m[91m[35m#a00[39m[31m[91m[33m}[39m[31m[91m[33m.btn-danger[39m[31m[91m[33m:[39m[31m[91mhover[33m:[39m[31m[91mafter,.btn-danger[33m:[39m[31m[91mhover[33m:[39m[31m[91mbefore[33m{[39m[31m[91mcolor[33m:[39m[31m[91m[35m#f55[39m[31m[91m[33m}[39m[31m[91m[33m.btn-danger[39m[31m[91m[33m:[39m[31m[91mhover[33m{[39m[31m[91mcolor[33m:[39m[31m[91m[35m#f55[39m[31m[91m[33m;[39m[31m[91mborder-color[33m:[39m[31m[91m[35m#fff[39m[31m[91m[33m}[39m[31m[91m[[39m[22m[1m[31m33m.btn-danger.focus,.btn-danger[39m[31m[91m[33m:[39m[31m[91mfocus[33m{[39m[31m[91mborder-color[33m:[39m[31m[91m[35m#fff[39m[31m[91m[33m}[39m[31m[91m[33m.btn-danger.disabled,.btn-danger[39m[31m[91m[33m:[39m[31m[91mdisabled[33m{[39m[31m[91mcolor[33m:[39m[31m[91m[35m#555[39m[31m[91m[33m;[39m[31m[91mbackground-color[33m:[39m[31m[91m[35m#bbb[39m[31m[91m[33m;[39m[31m[91mborder-color[33m:[39m[31m[91m[35m#a00[39m[31m[91m[33m}[39m[31m[91m[33m.btn-danger[39m[31m[91m[33m:[39m[31m[91m[36mnot[39m[31m[91m[36m(:disabled)[39m[31m[91m[33m:[39m[31m[91m[36mnot[39m[31m[91m[36m(.disabled)[39m[31m[91m[33m.active,.btn-danger[39m[31m[91m[33m:[39m[31m[91m[36mnot[39m[31m[91m[36m(:disabled)[39m[31m[91m[33m:[39m[31m[91m[36mnot[39m[31m[91m[36m(.disabled)[39m[31m[91m[33m:[39m[31m[91mactive,.show>.btn-danger.dropdown-toggle[33m{[39m[31m[91mcolor[33m:[39m[31m[91m[35m#a00[39m[31m[91m[33m;[39m[31m[91mbackground-color[33m:[39m[31m[91m[35m#000[39m[31m[91m[33m}[39m[31m[91m[33m.btn-danger.btn-lg,.btn-group-lg>.btn-danger.btn[39m[31m[91m[33m{[39m[31m[91mbackground-color[33m:[39m[31m[91m[35m#a00[39m[31m[91m[33m;[39m[31m[91mborder[33m:[39m[31m[91m[33m.875px[39m[31m[91m solid [35m#000[39m[31m[91m[33m;[39m[31m[91mmargin-top[33m:[39m[31m[91m7px[33m;[39m[31m[91mpadding-top[33m:[39m[31m[91m6.125px[33m;[39m[31m[91mpadding-bottom[33m:[39m[31m[91m7px[33m;[39m[31m[91mmargin-bottom[33m:[39m[31m[91m6.125px[33m;[39m[31m[91mborder-left-width[33m:[39m[31m[91m2px[33m;[39m[31m[91mborder-right-width[33m:[39m[31m[91m2px[33m;[39m[31m[91mmargin-left[33m:[39m[31m[91m3.5px[33m;[39m[31m[91mpadding-left[33m:[39m[31m[91m10.5px[33m;[39m[31m[91mpadding-right[33m:[39m[31m[91m11.5px[33m;[39m[31m[91mmargin-right[33m:[39m[31m[91m2.5px[33m;[39m[31m[91mbox-shadow[33m:[39m[31m[91m-3.5px -7px 0 0 [35m#a00,2.5px[39m[31m[91m 6.125px 0 0 [35m#a00,-3.5px[39m[31m[91m 6.125px 0 0 [35m#a00,2.5px[39m[31m[91m -7px 0 0 [35m#a00[39m[31m[91m[33m;[39m[31m[91m-webkit-filter[33m:[39m[31m[91m[36mdrop-shadow[39m[31m[91m[36m(7px 8px 0 #000)[39m[31m[91m[33m;[39m[31m[91mfilter[33m:[39m[31m[91m[36mdrop-shadow[39m[31m[91m[36m(7px 8px 0 #000[39m[22m[1m[31m)[39m[31m[91m[33m;[39m[31m[91mmargin-right[33m:[39m[31m[91m10.5px[33m;[39m[31m[91mmargin-bottom[33m:[39m[31m[91m20px[33m}[39m[31m[91m[33m.btn-danger.btn-lg[39m[31m[91m[33m:[39m[31m[91mhover,.btn-group-lg>.btn-danger.btn[33m:[39m[31m[91mhover[33m{[39m[31m[91mbox-shadow[33m:[39m[31m[91m-3.5px -7px 0 0 [35m#a00,2.5px[39m[31m[91m 6.125px 0 0 [35m#a00,-3.5px[39m[31m[91m 6.125px 0 0 [35m#a00,2.5px[39m[31m[91m -7px 0 0 [35m#a00[39m[31m[91m[33m;[39m[31m[91mcolor[33m:[39m[31m[91m[35m#fff[39m[31m[91m[33m;[39m[31m[91mborder-color[33m:[39m[31m[91m[35m#fff[39m[31m[91m[33m;[39m[31m[91mbackground-color[33m:[39m[31m[91m[35m#a00[39m[31m[91m[33m}[39m[31m[91m[33m.btn-danger.btn-lg[39m[31m[91m[33m:[39m[31m[91m[36mnot[39m[31m[91m[36m(:disabled)[39m[31m[91m[33m:[39m[31m[91m[36mnot[39m[31m[91m[36m(.disabled)[39m[31m[91m[33m.active,.btn-danger.btn-lg[39m[31m[91m[33m:[39m[31m[91m[36mnot[39m[31m[91m[36m(:disabled)[39m[31m[91m[33m:[39m[31m[91m[36mnot[39m[31m[91m[36m(.disabled)[39m[31m[91m[33m:[39m[31m[91mactive,.btn-group-lg.show>.btn-danger.dropdown-toggle.btn,.btn-group-lg>.btn-danger.btn[33m:[39m[31m[91m[36mnot[39m[31m[91m[36m(:disabled)[39m[31m[91m[33m:[39m[31m[91m[36mnot[39m[31m[91m[36m(.disabled)[39m[31m[91m[33m.active,.btn-group-lg>.btn-danger.btn[39m[31m[91m[33m:[39m[31m[91m[36mnot[39m[31m[91m[36m(:disabled)[39m[31m[91m[33m:[39m[31m[91m[36mnot[39m[31m[91m[36m(.disabled)[39m[31m[91m[33m:[39m[31m[91mactive,.show>.btn-danger.btn-lg.dropdown-toggle[33m{[39m[31m[91mbox-shadow[33m:[39m[31m[91m-3.5px -7px 0 0 [35m#a00,2.5px[39m[31m[91m 6.125px 0 0 [35m#a00,-3.5px[39m[31m[91m 6.125px 0 0 [35m#a00,2.5px[39m[31m[91m -7px 0 0 [35m#a00[39m[31m[91m[33m;[39m[31m[91mcolor[33m:[39m[31m[91m[35m#fff[39m[31m[91m[33m;[39m[31m[91mborder-color[33m:[39m[31m[91m[35m#fff[39m[31m[91m[33m;[39m[31m[91mbackground-color[33m:[39m[31m[91m[35m#a00[39m[31m[91m[33m;[39m[31m[91m-webkit-filter[33m:[39m[31m[91mnone[33m;[39m[31m[91mfilter[33m:[39m[31m[91mnone[33m;[39m[31m[91mfilter[33m:[39m[31m[91mnone[33m;[39m[31m[91mposition[33m:[39m[31m[91mrelative[33m;[39m[31m[91mtop[33m:[39m[31m[91m14px[33m;[39[39m[22m[1m[31mm[91mleft[33m:[39m[31m[91m8px[33m}[39m[31m[91m[33m.bs-component>.btn-light[39m[31m[91m[33m:[39m[31m[91m[36mnot[39m[31m[91m[36m(.disabled)[39m[31m[91m[33m:[39m[31m[91m[36mnot[39m[31m[91m[36m(.btn-sm)[39m[31m[91m[33m:[39m[31m[91m[36mnot[39m[31m[91m[36m(.btn-lg)[39m[31m[91m[33m:[39m[31m[91mhover[33m{[39m[31m[91mpadding-left[33m:[39m[31m[91m0[33m;[39m[31m[91mpadding-right[33m:[39m[31m[91m0[33m}[39m[31m[91m[33m.bs-component>.btn-light[39m[31m[91m[33m:[39m[31m[91m[36mnot[39m[31m[91m[36m(.disabled)[39m[31m[91m[33m:[39m[31m[91m[36mnot[39m[31m[91m[36m(.btn-sm)[39m[31m[91m[33m:[39m[31m[91m[36mnot[39m[31m[91m[36m(.btn-lg)[39m[31m[91m[33m:[39m[31m[91mhover[33m:[39m[31m[91mbefore[33m{[39m[31m[91mcontent[33m:[39m[31m[91m[32m'\25ba\20'[39m[31m[91m[33m}[39m[31m[91m[33m.bs-component>.btn-light[39m[31m[91m[33m:[39m[31m[91m[36mnot[39m[31m[91m[36m(.disabled)[39m[31m[91m[33m:[39m[31m[91m[36mnot[39m[31m[91m[36m(.btn-sm)[39m[31m[91m[33m:[39m[31m[91m[36mnot[39m[31m[91m[36m(.btn-lg)[39m[31m[91m[33m:[39m[31m[91mhover[33m:[39m[31m[91mafter[33m{[39m[31m[91mcontent[33m:[39m[31m[91m[32m' \25c4'[39m[31m[91m[33m}[39m[31m[91m[33m.btn-light[39m[31m[91m[33m{[39m[31m[91mcolor[33m:[39m[31m[91m[35m#000[39m[31m[91m[33m;[39m[31m[91mborder-color[33m:[39m[31m[91m[35m#000[39m[31m[91m[33m;[39m[31m[91mbackground-color[33m:[39m[31m[91m[35m#fff[39m[31m[91m[33m}[39m[31m[91m[33m.btn-light[39m[31m[91m[33m:[39m[31m[91mhover[33m{[39m[31m[91mborder-color[33m:[39m[31m[91m[35m#fff[39m[31m[91m[33m}[39m[31m[91m[33m.btn-light.focus,.btn-light[39m[31m[91m[33m:[39m[31m[91mfocus[33m{[39m[31m[91mborder-color[33m:[39m[31m[91m[35m#fff[39m[31m[91m[33m}[39m[31m[91m[33m.btn-light.disabled,.btn-light[39m[31m[91m[33m:[39m[31m[91mdisabled[33m{[39m[31m[91mcolor[33m:[39m[31m[91m[35m#555[39m[31m[91m[33m;[39m[31m[91mbackground-color[33m:[39m[31m[91m[35m#bbb[39m[31m[91m[33m;[39m[31m[91mborder-color[33m:[39m[31m[91m[35m#fff[39m[31m[91m[33m}[39m[31m[91m[33m.btn-light[39m[31m[91m[33m:[39m[31m[91m[36mnot[39m[31m[91m[36m(:disabled)[39m[31m[91m[33m:[39m[31m[91m[36mnot[39m[31m[91m[36m(.disabled)[39m[31m[91m[33m.active,.btn-light[39m[31m[39m[22m[1m[31m[91m[33m:[39m[31m[91m[36mnot[39m[31m[91m[36m(:disabled)[39m[31m[91m[33m:[39m[31m[91m[36mnot[39m[31m[91m[36m(.disabled)[39m[31m[91m[33m:[39m[31m[91mactive,.show>.btn-light.dropdown-toggle[33m{[39m[31m[91mcolor[33m:[39m[31m[91m[35m#fff[39m[31m[91m[33m;[39m[31m[91mbackground-color[33m:[39m[31m[91m[35m#000[39m[31m[91m[33m}[39m[31m[91m[33m.btn-group-lg>.btn-light.btn,.btn-light.btn-lg[39m[31m[91m[33m{[39m[31m[91mbackground-color[33m:[39m[31m[91m[35m#fff[39m[31m[91m[33m;[39m[31m[91mborder[33m:[39m[31m[91m[33m.875px[39m[31m[91m solid [35m#000[39m[31m[91m[33m;[39m[31m[91mmargin-top[33m:[39m[31m[91m7px[33m;[39m[31m[91mpadding-top[33m:[39m[31m[91m6.125px[33m;[39m[31m[91mpadding-bottom[33m:[39m[31m[91m7px[33m;[39m[31m[91mmargin-bottom[33m:[39m[31m[91m6.125px[33m;[39m[31m[91mborder-left-width[33m:[39m[31m[91m2px[33m;[39m[31m[91mborder-right-width[33m:[39m[31m[91m2px[33m;[39m[31m[91mmargin-left[33m:[39m[31m[91m3.5px[33m;[39m[31m[91mpadding-left[33m:[39m[31m[91m10.5px[33m;[39m[31m[91mpadding-right[33m:[39m[31m[91m11.5px[33m;[39m[31m[91mmargin-right[33m:[39m[31m[91m2.5px[33m;[39m[31m[91mbox-shadow[33m:[39m[31m[91m-3.5px -7px 0 0 [35m#fff,2.5px[39m[31m[91m 6.125px 0 0 [35m#fff,-3.5px[39m[31m[91m 6.125px 0 0 [35m#fff,2.5px[39m[31m[91m -7px 0 0 [35m#fff[39m[31m[91m[33m;[39m[31m[91m-webkit-filter[33m:[39m[31m[91m[36mdrop-shadow[39m[31m[91m[36m(7px 8px 0 #000)[39m[31m[91m[33m;[39m[31m[91mfilter[33m:[39m[31m[91m[36mdrop-shadow[39m[31m[91m[36m(7px 8px 0 #000)[39m[31m[91m[33m;[39m[31m[91mmargin-right[33m:[39m[31m[91m10.5px[33m;[39m[31m[91mmargin-bottom[33m:[39m[31m[91m20px[33m}[39m[31m[91m[33m.btn-group-lg>.btn-light.btn[39m[31m[91m[33m:[39m[31m[91mhover,.btn-light.btn-lg[33m:[39m[31m[91mhover[33m{[39m[31m[91mbox-shadow[33m:[39m[31m[91m-3.5px -7px 0 0 [35m#bbb,2.5px[39m[31m[91m 6.125px 0 0 [35m#bbb,-3.5px[39m[31m[91m 6.125px 0 0 [35m#bbb,2.5px[39m[31m[91m -7px 0 0 [35m#bbb[39m[31m[91m[33m;[39m[31m[91mcolor[33m:[39m[31m[91m[35m#fff[39m[31m[91m[33m;[39m[31m[91mborder-color[33m:[39m[31m[91m[35m#fff[39m[31m[91m[33m;[39m[31m[91mbackground-color[33m:[39m[31m[91m[35m#bbb[39m[22m[1m[31m[39m[31m[91m[33m}[39m[31m[91m[33m.btn-group-lg.show>.btn-light.dropdown-toggle.btn,.btn-group-lg>.btn-light.btn[39m[31m[91m[33m:[39m[31m[91m[36mnot[39m[31m[91m[36m(:disabled)[39m[31m[91m[33m:[39m[31m[91m[36mnot[39m[31m[91m[36m(.disabled)[39m[31m[91m[33m.active,.btn-group-lg>.btn-light.btn[39m[31m[91m[33m:[39m[31m[91m[36mnot[39m[31m[91m[36m(:disabled)[39m[31m[91m[33m:[39m[31m[91m[36mnot[39m[31m[91m[36m(.disabled)[39m[31m[91m[33m:[39m[31m[91mactive,.btn-light.btn-lg[33m:[39m[31m[91m[36mnot[39m[31m[91m[36m(:disabled)[39m[31m[91m[33m:[39m[31m[91m[36mnot[39m[31m[91m[36m(.disabled)[39m[31m[91m[33m.active,.btn-light.btn-lg[39m[31m[91m[33m:[39m[31m[91m[36mnot[39m[31m[91m[36m(:disabled)[39m[31m[91m[33m:[39m[31m[91m[36mnot[39m[31m[91m[36m(.disabled)[39m[31m[91m[33m:[39m[31m[91mactive,.show>.btn-light.btn-lg.dropdown-toggle[33m{[39m[31m[91mbox-shadow[33m:[39m[31m[91m-3.5px -7px 0 0 [35m#bbb,2.5px[39m[31m[91m 6.125px 0 0 [35m#bbb,-3.5px[39m[31m[91m 6.125px 0 0 [35m#bbb,2.5px[39m[31m[91m -7px 0 0 [35m#bbb[39m[31m[91m[33m;[39m[31m[91mcolor[33m:[39m[31m[91m[35m#fff[39m[31m[91m[33m;[39m[31m[91mborder-color[33m:[39m[31m[91m[35m#fff[39m[31m[91m[33m;[39m[31m[91mbackground-color[33m:[39m[31m[91m[35m#bbb[39m[31m[91m[33m;[39m[31m[91m-webkit-filter[33m:[39m[31m[91mnone[33m;[39m[31m[91mfilter[33m:[39m[31m[91mnone[33m;[39m[31m[91mfilter[33m:[39m[31m[91mnone[33m;[39m[31m[91mposition[33m:[39m[31m[91mrelative[33m;[39m[31m[91mtop[33m:[39m[31m[91m14px[33m;[39m[31m[91mleft[33m:[39m[31m[91m8px[33m}[39m[31m[91m[33m.bs-component>.btn-dark[39m[31m[91m[33m:[39m[31m[91m[36mnot[39m[31m[91m[36m(.disabled)[39m[31m[91m[33m:[39m[31m[91m[36mnot[39m[31m[91m[36m(.btn-sm)[39m[31m[91m[33m:[39m[31m[91m[36mnot[39m[31m[91m[36m(.btn-lg)[39m[31m[91m[33m:[39m[31m[91mhover[33m{[39m[31m[91mpadding-left[33m:[39m[31m[91m0[33m;[39m[31m[91mpadding-right[33m:[39m[31m[91m0[33m}[39m[31m[91m[33m.bs-component>.btn-dark[39m[31m[91m[33m:[39m[31m[91m[36mnot[39m[31m[91m[36m(.disabled)[39m[31m[91m[33m:[39m[31m[91m[36mnot[39m[31m[91m[36m(.btn-sm)[39m[31m[91m[33m:[39m[31m[91m[36mnot[39m[31m[91m[36m(.btn-lg)[39m[31m[91m[39m[22m[1m[31m[33m:[39m[31m[91mhover[33m:[39m[31m[91mbefore[33m{[39m[31m[91mcontent[33m:[39m[31m[91m[32m'\25ba\20'[39m[31m[91m[33m}[39m[31m[91m[33m.bs-component>.btn-dark[39m[31m[91m[33m:[39m[31m[91m[36mnot[39m[31m[91m[36m(.disabled)[39m[31m[91m[33m:[39m[31m[91m[36mnot[39m[31m[91m[36m(.btn-sm)[39m[31m[91m[33m:[39m[31m[91m[36mnot[39m[31m[91m[36m(.btn-lg)[39m[31m[91m[33m:[39m[31m[91mhover[33m:[39m[31m[91mafter[33m{[39m[31m[91mcontent[33m:[39m[31m[91m[32m' \25c4'[39m[31m[91m[33m}[39m[31m[91m[33m.btn-dark[39m[31m[91m[33m{[39m[31m[91mcolor[33m:[39m[31m[91m[35m#000[39m[31m[91m[33m;[39m[31m[91mborder-color[33m:[39m[31m[91m[35m#000[39m[31m[91m[33m;[39m[31m[91mbackground-color[33m:[39m[31m[91m[35m#000[39m[31m[91m[33m}[39m[31m[91m[33m.btn-dark[39m[31m[91m[33m:[39m[31m[91mhover[33m:[39m[31m[91mafter,.btn-dark[33m:[39m[31m[91mhover[33m:[39m[31m[91mbefore[33m{[39m[31m[91mcolor[33m:[39m[31m[91m[35m#555[39m[31m[91m[33m}[39m[31m[91m[33m.btn-dark[39m[31m[91m[33m:[39m[31m[91mhover[33m{[39m[31m[91mcolor[33m:[39m[31m[91m[35m#555[39m[31m[91m[33m;[39m[31m[91mborder-color[33m:[39m[31m[91m[35m#fff[39m[31m[91m[33m}[39m[31m[91m[33m.btn-dark.focus,.btn-dark[39m[31m[91m[33m:[39m[31m[91mfocus[33m{[39m[31m[91mborder-color[33m:[39m[31m[91m[35m#fff[39m[31m[91m[33m}[39m[31m[91m[33m.btn-dark.disabled,.btn-dark[39m[31m[91m[33m:[39m[31m[91mdisabled[33m{[39m[31m[91mcolor[33m:[39m[31m[91m[35m#555[39m[31m[91m[33m;[39m[31m[91mbackground-color[33m:[39m[31m[91m[35m#bbb[39m[31m[91m[33m;[39m[31m[91mborder-color[33m:[39m[31m[91m[35m#000[39m[31m[91m[33m}[39m[31m[91m[33m.btn-dark[39m[31m[91m[33m:[39m[31m[91m[36mnot[39m[31m[91m[36m(:disabled)[39m[31m[91m[33m:[39m[31m[91m[36mnot[39m[31m[91m[36m(.disabled)[39m[31m[91m[33m.active,.btn-dark[39m[31m[91m[33m:[39m[31m[91m[36mnot[39m[31m[91m[36m(:disabled)[39m[31m[91m[33m:[39m[31m[91m[36mnot[39m[31m[91m[36m(.disabled)[39m[31m[91m[33m:[39m[31m[91mactive,.show>.btn-dark.dropdown-toggle[33m{[39m[31m[91mcolor[33m:[39m[31m[91m[35m#000[39m[31m[91m[33m;[39m[31m[91mbackground-color[33m:[39m[31m[91m[35m#000[39m[31m[91m[33m}[39m[31m[91m[33m.btn-dark.btn-lg,.btn-group-lg>.btn-dark.btn[39m[22m[1m[31m[39m[31m[91m[33m{[39m[31m[91mbackground-color[33m:[39m[31m[91m[35m#000[39m[31m[91m[33m;[39m[31m[91mborder[33m:[39m[31m[91m[33m.875px[39m[31m[91m solid [35m#000[39m[31m[91m[33m;[39m[31m[91mmargin-top[33m:[39m[31m[91m7px[33m;[39m[31m[91mpadding-top[33m:[39m[31m[91m6.125px[33m;[39m[31m[91mpadding-bottom[33m:[39m[31m[91m7px[33m;[39m[31m[91mmargin-bottom[33m:[39m[31m[91m6.125px[33m;[39m[31m[91mborder-left-width[33m:[39m[31m[91m2px[33m;[39m[31m[91mborder-right-width[33m:[39m[31m[91m2px[33m;[39m[31m[91mmargin-left[33m:[39m[31m[91m3.5px[33m;[39m[31m[91mpadding-left[33m:[39m[31m[91m10.5px[33m;[39m[31m[91mpadding-right[33m:[39m[31m[91m11.5px[33m;[39m[31m[91mmargin-right[33m:[39m[31m[91m2.5px[33m;[39m[31m[91mbox-shadow[33m:[39m[31m[91m-3.5px -7px 0 0 [35m#000,2.5px[39m[31m[91m 6.125px 0 0 [35m#000,-3.5px[39m[31m[91m 6.125px 0 0 [35m#000,2.5px[39m[31m[91m -7px 0 0 [35m#000[39m[31m[91m[33m;[39m[31m[91m-webkit-filter[33m:[39m[31m[91m[36mdrop-shadow[39m[31m[91m[36m(7px 8px 0 #000)[39m[31m[91m[33m;[39m[31m[91mfilter[33m:[39m[31m[91m[36mdrop-shadow[39m[31m[91m[36m(7px 8px 0 #000)[39m[31m[91m[33m;[39m[31m[91mmargin-right[33m:[39m[31m[91m10.5px[33m;[39m[31m[91mmargin-bottom[33m:[39m[31m[91m20px[33m}[39m[31m[91m[33m.btn-dark.btn-lg[39m[31m[91m[33m:[39m[31m[91mhover,.btn-group-lg>.btn-dark.btn[33m:[39m[31m[91mhover[33m{[39m[31m[91mbox-shadow[33m:[39m[31m[91m-3.5px -7px 0 0 [35m#000,2.5px[39m[31m[91m 6.125px 0 0 [35m#000,-3.5px[39m[31m[91m 6.125px 0 0 [35m#000,2.5px[39m[31m[91m -7px 0 0 [35m#000[39m[31m[91m[33m;[39m[31m[91mcolor[33m:[39m[31m[91m[35m#fff[39m[31m[91m[33m;[39m[31m[91mborder-color[33m:[39m[31m[91m[35m#fff[39m[31m[91m[33m;[39m[31m[91mbackground-color[33m:[39m[31m[91m[35m#000[39m[31m[91m[33m}[39m[31m[91m[33m.btn-dark.btn-lg[39m[31m[91m[33m:[39m[31m[91m[36mnot[39m[31m[91m[36m(:disabled)[39m[31m[91m[33m:[39m[31m[91m[36mnot[39m[31m[91m[36m(.disabled)[39m[31m[91m[33m.active,.btn-dark.btn-lg[39m[31m[91m[33m:[39m[31m[91m[36mnot[39m[31m[91m[36m(:disabled)[39m[31m[91m[33m:[39m[31m[91m[36mnot[39m[31m[91m[36m(.disabled)[39m[31m[91m[33m:[39m[31m[91mactive,.btn-group-l[39m[22m[1m[31mg.show>.btn-dark.dropdown-toggle.btn,.btn-group-lg>.btn-dark.btn[33m:[39m[31m[91m[36mnot[39m[31m[91m[36m(:disabled)[39m[31m[91m[33m:[39m[31m[91m[36mnot[39m[31m[91m[36m(.disabled)[39m[31m[91m[33m.active,.btn-group-lg>.btn-dark.btn[39m[31m[91m[33m:[39m[31m[91m[36mnot[39m[31m[91m[36m(:disabled)[39m[31m[91m[33m:[39m[31m[91m[36mnot[39m[31m[91m[36m(.disabled)[39m[31m[91m[33m:[39m[31m[91mactive,.show>.btn-dark.btn-lg.dropdown-toggle[33m{[39m[31m[91mbox-shadow[33m:[39m[31m[91m-3.5px -7px 0 0 [35m#000,2.5px[39m[31m[91m 6.125px 0 0 [35m#000,-3.5px[39m[31m[91m 6.125px 0 0 [35m#000,2.5px[39m[31m[91m -7px 0 0 [35m#000[39m[31m[91m[33m;[39m[31m[91mcolor[33m:[39m[31m[91m[35m#fff[39m[31m[91m[33m;[39m[31m[91mborder-color[33m:[39m[31m[91m[35m#fff[39m[31m[91m[33m;[39m[31m[91mbackground-color[33m:[39m[31m[91m[35m#000[39m[31m[91m[33m;[39m[31m[91m-webkit-filter[33m:[39m[31m[91mnone[33m;[39m[31m[91mfilter[33m:[39m[31m[91mnone[33m;[39m[31m[91mfilter[33m:[39m[31m[91mnone[33m;[39m[31m[91mposition[33m:[39m[31m[91mrelative[33m;[39m[31m[91mtop[33m:[39m[31m[91m14px[33m;[39m[31m[91mleft[33m:[39m[31m[91m8px[33m}[39m[31m[91m[33m.btn-outline-primary[39m[31m[91m[33m{[39m[31m[91mcolor[33m:[39m[31m[91m[35m#fff[39m[31m[91m[33m;[39m[31m[91mborder-color[33m:[39m[31m[91m[35m#fff[39m[31m[91m[33m;[39m[31m[91mbackground[33m:[39m[31m[91m0 0[33m;[39m[31m[91mborder[33m:[39m[31m[91m[33m.875px[39m[31m[91m solid [35m#fff[39m[31m[91m[33m;[39m[31m[91mmargin-top[33m:[39m[31m[91m7px[33m;[39m[31m[91mpadding-top[33m:[39m[31m[91m6.125px[33m;[39m[31m[91mpadding-bottom[33m:[39m[31m[91m7px[33m;[39m[31m[91mmargin-bottom[33m:[39m[31m[91m6.125px[33m;[39m[31m[91mborder-left-width[33m:[39m[31m[91m2px[33m;[39m[31m[91mborder-right-width[33m:[39m[31m[91m2px[33m;[39m[31m[91mmargin-left[33m:[39m[31m[91m3.5px[33m;[39m[31m[91mpadding-left[33m:[39m[31m[91m10.5px[33m;[39m[31m[91mpadding-right[33m:[39m[31m[91m11.5px[33m;[39m[31m[91mmargin-right[33m:[39m[31m[91m2.5px[33m}[39m[31m[91m[33m.btn-outline-primary[39m[31m[91m[33m:[39m[31m[91mhover[33m{[39m[31m[91mborder[33m:[39m[31m[91m[33m.875px[39m[31m[91m solid [35m#555[39[39m[22m[1m[31mm[91m[33m;[39m[31m[91mmargin-top[33m:[39m[31m[91m7px[33m;[39m[31m[91mpadding-top[33m:[39m[31m[91m6.125px[33m;[39m[31m[91mpadding-bottom[33m:[39m[31m[91m7px[33m;[39m[31m[91mmargin-bottom[33m:[39m[31m[91m6.125px[33m;[39m[31m[91mborder-left-width[33m:[39m[31m[91m2px[33m;[39m[31m[91mborder-right-width[33m:[39m[31m[91m2px[33m;[39m[31m[91mmargin-left[33m:[39m[31m[91m3.5px[33m;[39m[31m[91mpadding-left[33m:[39m[31m[91m10.5px[33m;[39m[31m[91mpadding-right[33m:[39m[31m[91m11.5px[33m;[39m[31m[91mmargin-right[33m:[39m[31m[91m2.5px[33m;[39m[31m[91mcolor[33m:[39m[31m[91m[35m#fff[39m[31m[91m[33m}[39m[31m[91m[33m.btn-outline-primary.disabled,.btn-outline-primary[39m[31m[91m[33m:[39m[31m[91mdisabled[33m{[39m[31m[91mcolor[33m:[39m[31m[91m[35m#bbb[39m[31m[91m[33m}[39m[31m[91m[33m.btn-outline-primary[39m[31m[91m[33m:[39m[31m[91m[36mnot[39m[31m[91m[36m(:disabled)[39m[31m[91m[33m:[39m[31m[91m[36mnot[39m[31m[91m[36m(.disabled)[39m[31m[91m[33m.active,.btn-outline-primary[39m[31m[91m[33m:[39m[31m[91m[36mnot[39m[31m[91m[36m(:disabled)[39m[31m[91m[33m:[39m[31m[91m[36mnot[39m[31m[91m[36m(.disabled)[39m[31m[91m[33m:[39m[31m[91mactive,.show>.btn-outline-primary.dropdown-toggle[33m{[39m[31m[91mcolor[33m:[39m[31m[91m[35m#fff[39m[31m[91m[33m;[39m[31m[91mborder-color[33m:[39m[31m[91m[35m#bbb[39m[31m[91m[33m}[39m[31m[91m[33m.btn-outline-secondary[39m[31m[91m[33m{[39m[31m[91mcolor[33m:[39m[31m[91m[35m#fff[39m[31m[91m[33m;[39m[31m[91mborder-color[33m:[39m[31m[91m[35m#fff[39m[31m[91m[33m;[39m[31m[91mbackground[33m:[39m[31m[91m0 0[33m;[39m[31m[91mborder[33m:[39m[31m[91m[33m.875px[39m[31m[91m solid [35m#fff[39m[31m[91m[33m;[39m[31m[91mmargin-top[33m:[39m[31m[91m7px[33m;[39m[31m[91mpadding-top[33m:[39m[31m[91m6.125px[33m;[39m[31m[91mpadding-bottom[33m:[39m[31m[91m7px[33m;[39m[31m[91mmargin-bottom[33m:[39m[31m[91m6.125px[33m;[39m[31m[91mborder-left-width[33m:[39m[31m[91m2px[33m;[39m[31m[91mborder-right-width[33m:[39m[31m[91m2px[33m;[39m[31m[91mmargin-left[33m:[39m[31m[91m3.5px[33m;[39m[31m[91mpadding-left[33m:[39m[31m[91m10.5px[33m;[39m[31m[91mpadding-right[33m:[39m[31m[91m11.5px[33m;[[39m[22m[1m[31m39m[91mmargin-right[33m:[39m[31m[91m2.5px[33m}[39m[31m[91m[33m.btn-outline-secondary[39m[31m[91m[33m:[39m[31m[91mhover[33m{[39m[31m[91mborder[33m:[39m[31m[91m[33m.875px[39m[31m[91m solid [35m#555[39m[31m[91m[33m;[39m[31m[91mmargin-top[33m:[39m[31m[91m7px[33m;[39m[31m[91mpadding-top[33m:[39m[31m[91m6.125px[33m;[39m[31m[91mpadding-bottom[33m:[39m[31m[91m7px[33m;[39m[31m[91mmargin-bottom[33m:[39m[31m[91m6.125px[33m;[39m[31m[91mborder-left-width[33m:[39m[31m[91m2px[33m;[39m[31m[91mborder-right-width[33m:[39m[31m[91m2px[33m;[39m[31m[91mmargin-left[33m:[39m[31m[91m3.5px[33m;[39m[31m[91mpadding-left[33m:[39m[31m[91m10.5px[33m;[39m[31m[91mpadding-right[33m:[39m[31m[91m11.5px[33m;[39m[31m[91mmargin-right[33m:[39m[31m[91m2.5px[33m;[39m[31m[91mcolor[33m:[39m[31m[91m[35m#fff[39m[31m[91m[33m}[39m[31m[91m[33m.btn-outline-secondary.disabled,.btn-outline-secondary[39m[31m[91m[33m:[39m[31m[91mdisabled[33m{[39m[31m[91mcolor[33m:[39m[31m[91m[35m#bbb[39m[31m[91m[33m}[39m[31m[91m[33m.btn-outline-secondary[39m[31m[91m[33m:[39m[31m[91m[36mnot[39m[31m[91m[36m(:disabled)[39m[31m[91m[33m:[39m[31m[91m[36mnot[39m[31m[91m[36m(.disabled)[39m[31m[91m[33m.active,.btn-outline-secondary[39m[31m[91m[33m:[39m[31m[91m[36mnot[39m[31m[91m[36m(:disabled)[39m[31m[91m[33m:[39m[31m[91m[36mnot[39m[31m[91m[36m(.disabled)[39m[31m[91m[33m:[39m[31m[91mactive,.show>.btn-outline-secondary.dropdown-toggle[33m{[39m[31m[91mcolor[33m:[39m[31m[91m[35m#fff[39m[31m[91m[33m;[39m[31m[91mborder-color[33m:[39m[31m[91m[35m#bbb[39m[31m[91m[33m}[39m[31m[91m[33m.btn-outline-success[39m[31m[91m[33m{[39m[31m[91mcolor[33m:[39m[31m[91m[35m#5f5[39m[31m[91m[33m;[39m[31m[91mborder-color[33m:[39m[31m[91m[35m#5f5[39m[31m[91m[33m;[39m[31m[91mbackground[33m:[39m[31m[91m0 0[33m;[39m[31m[91mborder[33m:[39m[31m[91m[33m.875px[39m[31m[91m solid [35m#5f5[39m[31m[91m[33m;[39m[31m[91mmargin-top[33m:[39m[31m[91m7px[33m;[39m[31m[91mpadding-top[33m:[39m[31m[91m6.125px[33m;[39m[31m[91mpadding-bottom[33m:[39m[31m[91m7px[33m;[39m[31m[91mmargin-bottom[33m:[39m[31m[91m6.125px[33m;[39m[31m[91mborder-left-width[33m:[39m[31m[91m2px[33m;[[39m[22m[1m[31m39m[91mborder-right-width[33m:[39m[31m[91m2px[33m;[39m[31m[91mmargin-left[33m:[39m[31m[91m3.5px[33m;[39m[31m[91mpadding-left[33m:[39m[31m[91m10.5px[33m;[39m[31m[91mpadding-right[33m:[39m[31m[91m11.5px[33m;[39m[31m[91mmargin-right[33m:[39m[31m[91m2.5px[33m}[39m[31m[91m[33m.btn-outline-success[39m[31m[91m[33m:[39m[31m[91mhover[33m{[39m[31m[91mborder[33m:[39m[31m[91m[33m.875px[39m[31m[91m solid [35m#0a0[39m[31m[91m[33m;[39m[31m[91mmargin-top[33m:[39m[31m[91m7px[33m;[39m[31m[91mpadding-top[33m:[39m[31m[91m6.125px[33m;[39m[31m[91mpadding-bottom[33m:[39m[31m[91m7px[33m;[39m[31m[91mmargin-bottom[33m:[39m[31m[91m6.125px[33m;[39m[31m[91mborder-left-width[33m:[39m[31m[91m2px[33m;[39m[31m[91mborder-right-width[33m:[39m[31m[91m2px[33m;[39m[31m[91mmargin-left[33m:[39m[31m[91m3.5px[33m;[39m[31m[91mpadding-left[33m:[39m[31m[91m10.5px[33m;[39m[31m[91mpadding-right[33m:[39m[31m[91m11.5px[33m;[39m[31m[91mmargin-right[33m:[39m[31m[91m2.5px[33m;[39m[31m[91mcolor[33m:[39m[31m[91m[35m#fff[39m[31m[91m[33m}[39m[31m[91m[33m.btn-outline-success.disabled,.btn-outline-success[39m[31m[91m[33m:[39m[31m[91mdisabled[33m{[39m[31m[91mcolor[33m:[39m[31m[91m[35m#0a0[39m[31m[91m[33m}[39m[31m[91m[33m.btn-outline-success[39m[31m[91m[33m:[39m[31m[91m[36mnot[39m[31m[91m[36m(:disabled)[39m[31m[91m[33m:[39m[31m[91m[36mnot[39m[31m[91m[36m(.disabled)[39m[31m[91m[33m.active,.btn-outline-success[39m[31m[91m[33m:[39m[31m[91m[36mnot[39m[31m[91m[36m(:disabled)[39m[31m[91m[33m:[39m[31m[91m[36mnot[39m[31m[91m[36m(.disabled)[39m[31m[91m[33m:[39m[31m[91mactive,.show>.btn-outline-success.dropdown-toggle[33m{[39m[31m[91mcolor[33m:[39m[31m[91m[35m#5f5[39m[31m[91m[33m;[39m[31m[91mborder-color[33m:[39m[31m[91m[35m#0a0[39m[31m[91m[33m}[39m[31m[91m[33m.btn-outline-info[39m[31m[91m[33m{[39m[31m[91mcolor[33m:[39m[31m[91m[35m#5ff[39m[31m[91m[33m;[39m[31m[91mborder-color[33m:[39m[31m[91m[35m#5ff[39m[31m[91m[33m;[39m[31m[91mbackground[33m:[39m[31m[91m0 0[33m;[39m[31m[91mborder[33m:[39m[31m[91m[33m.875px[39m[31m[91m solid [35m#5ff[39m[31m[91m[33m;[39m[31m[91mmargin-top[33m:[39m[31m[91m7px[33m;[39m[31m[91mpadding-[39m[22m[1m[31mtop[33m:[39m[31m[91m6.125px[33m;[39m[31m[91mpadding-bottom[33m:[39m[31m[91m7px[33m;[39m[31m[91mmargin-bottom[33m:[39m[31m[91m6.125px[33m;[39m[31m[91mborder-left-width[33m:[39m[31m[91m2px[33m;[39m[31m[91mborder-right-width[33m:[39m[31m[91m2px[33m;[39m[31m[91mmargin-left[33m:[39m[31m[91m3.5px[33m;[39m[31m[91mpadding-left[33m:[39m[31m[91m10.5px[33m;[39m[31m[91mpadding-right[33m:[39m[31m[91m11.5px[33m;[39m[31m[91mmargin-right[33m:[39m[31m[91m2.5px[33m}[39m[31m[91m[33m.btn-outline-info[39m[31m[91m[33m:[39m[31m[91mhover[33m{[39m[31m[91mborder[33m:[39m[31m[91m[33m.875px[39m[31m[91m solid [35m#0aa[39m[31m[91m[33m;[39m[31m[91mmargin-top[33m:[39m[31m[91m7px[33m;[39m[31m[91mpadding-top[33m:[39m[31m[91m6.125px[33m;[39m[31m[91mpadding-bottom[33m:[39m[31m[91m7px[33m;[39m[31m[91mmargin-bottom[33m:[39m[31m[91m6.125px[33m;[39m[31m[91mborder-left-width[33m:[39m[31m[91m2px[33m;[39m[31m[91mborder-right-width[33m:[39m[31m[91m2px[33m;[39m[31m[91mmargin-left[33m:[39m[31m[91m3.5px[33m;[39m[31m[91mpadding-left[33m:[39m[31m[91m10.5px[33m;[39m[31m[91mpadding-right[33m:[39m[31m[91m11.5px[33m;[39m[31m[91mmargin-right[33m:[39m[31m[91m2.5px[33m;[39m[31m[91mcolor[33m:[39m[31m[91m[35m#fff[39m[31m[91m[33m}[39m[31m[91m[33m.btn-outline-info.disabled,.btn-outline-info[39m[31m[91m[33m:[39m[31m[91mdisabled[33m{[39m[31m[91mcolor[33m:[39m[31m[91m[35m#0aa[39m[31m[91m[33m}[39m[31m[91m[33m.btn-outline-info[39m[31m[91m[33m:[39m[31m[91m[36mnot[39m[31m[91m[36m(:disabled)[39m[31m[91m[33m:[39m[31m[91m[36mnot[39m[31m[91m[36m(.disabled)[39m[31m[91m[33m.active,.btn-outline-info[39m[31m[91m[33m:[39m[31m[91m[36mnot[39m[31m[91m[36m(:disabled)[39m[31m[91m[33m:[39m[31m[91m[36mnot[39m[31m[91m[36m(.disabled)[39m[31m[91m[33m:[39m[31m[91mactive,.show>.btn-outline-info.dropdown-toggle[33m{[39m[31m[91mcolor[33m:[39m[31m[91m[35m#5ff[39m[31m[91m[33m;[39m[31m[91mborder-color[33m:[39m[31m[91m[35m#0aa[39m[31m[91m[33m}[39m[31m[91m[33m.btn-outline-warning[39m[31m[91m[33m{[39m[31m[91mcolor[33m:[39m[31m[91m[35m#ff5[39m[31m[91m[33m;[39m[31m[91mborder-color[33m:[39m[31m[91m[35m#ff5[39m[31m[91m[33m;[39m[31m[91mbackground[39m[22m[1m[31m[33m:[39m[31m[91m0 0[33m;[39m[31m[91mborder[33m:[39m[31m[91m[33m.875px[39m[31m[91m solid [35m#ff5[39m[31m[91m[33m;[39m[31m[91mmargin-top[33m:[39m[31m[91m7px[33m;[39m[31m[91mpadding-top[33m:[39m[31m[91m6.125px[33m;[39m[31m[91mpadding-bottom[33m:[39m[31m[91m7px[33m;[39m[31m[91mmargin-bottom[33m:[39m[31m[91m6.125px[33m;[39m[31m[91mborder-left-width[33m:[39m[31m[91m2px[33m;[39m[31m[91mborder-right-width[33m:[39m[31m[91m2px[33m;[39m[31m[91mmargin-left[33m:[39m[31m[91m3.5px[33m;[39m[31m[91mpadding-left[33m:[39m[31m[91m10.5px[33m;[39m[31m[91mpadding-right[33m:[39m[31m[91m11.5px[33m;[39m[31m[91mmargin-right[33m:[39m[31m[91m2.5px[33m}[39m[31m[91m[33m.btn-outline-warning[39m[31m[91m[33m:[39m[31m[91mhover[33m{[39m[31m[91mborder[33m:[39m[31m[91m[33m.875px[39m[31m[91m solid [35m#a50[39m[31m[91m[33m;[39m[31m[91mmargin-top[33m:[39m[31m[91m7px[33m;[39m[31m[91mpadding-top[33m:[39m[31m[91m6.125px[33m;[39m[31m[91mpadding-bottom[33m:[39m[31m[91m7px[33m;[39m[31m[91mmargin-bottom[33m:[39m[31m[91m6.125px[33m;[39m[31m[91mborder-left-width[33m:[39m[31m[91m2px[33m;[39m[31m[91mborder-right-width[33m:[39m[31m[91m2px[33m;[39m[31m[91mmargin-left[33m:[39m[31m[91m3.5px[33m;[39m[31m[91mpadding-left[33m:[39m[31m[91m10.5px[33m;[39m[31m[91mpadding-right[33m:[39m[31m[91m11.5px[33m;[39m[31m[91mmargin-right[33m:[39m[31m[91m2.5px[33m;[39m[31m[91mcolor[33m:[39m[31m[91m[35m#fff[39m[31m[91m[33m}[39m[31m[91m[33m.btn-outline-warning.disabled,.btn-outline-warning[39m[31m[91m[33m:[39m[31m[91mdisabled[33m{[39m[31m[91mcolor[33m:[39m[31m[91m[35m#a50[39m[31m[91m[33m}[39m[31m[91m[33m.btn-outline-warning[39m[31m[91m[33m:[39m[31m[91m[36mnot[39m[31m[91m[36m(:disabled)[39m[31m[91m[33m:[39m[31m[91m[36mnot[39m[31m[91m[36m(.disabled)[39m[31m[91m[33m.active,.btn-outline-warning[39m[31m[91m[33m:[39m[31m[91m[36mnot[39m[31m[91m[36m(:disabled)[39m[31m[91m[33m:[39m[31m[91m[36mnot[39m[31m[91m[36m(.disabled)[39m[31m[91m[33m:[39m[31m[91mactive,.show>.btn-outline-warning.dropdown-toggle[33m{[39m[31m[91mcolor[33m:[39m[31m[91m[35m#ff5[39m[31m[91m[33m;[39m[31m[91mborder-color[33m:[39m[31m[91m[35m#a50[39m[31m[91m[33m}[39m[22m[1m[31m[39m[91m[33m.btn-outline-danger[39m[31m[91m[33m{[39m[31m[91mcolor[33m:[39m[31m[91m[35m#f55[39m[31m[91m[33m;[39m[31m[91mborder-color[33m:[39m[31m[91m[35m#f55[39m[31m[91m[33m;[39m[31m[91mbackground[33m:[39m[31m[91m0 0[33m;[39m[31m[91mborder[33m:[39m[31m[91m[33m.875px[39m[31m[91m solid [35m#f55[39m[31m[91m[33m;[39m[31m[91mmargin-top[33m:[39m[31m[91m7px[33m;[39m[31m[91mpadding-top[33m:[39m[31m[91m6.125px[33m;[39m[31m[91mpadding-bottom[33m:[39m[31m[91m7px[33m;[39m[31m[91mmargin-bottom[33m:[39m[31m[91m6.125px[33m;[39m[31m[91mborder-left-width[33m:[39m[31m[91m2px[33m;[39m[31m[91mborder-right-width[33m:[39m[31m[91m2px[33m;[39m[31m[91mmargin-left[33m:[39m[31m[91m3.5px[33m;[39m[31m[91mpadding-left[33m:[39m[31m[91m10.5px[33m;[39m[31m[91mpadding-right[33m:[39m[31m[91m11.5px[33m;[39m[31m[91mmargin-right[33m:[39m[31m[91m2.5px[33m}[39m[31m[91m[33m.btn-outline-danger[39m[31m[91m[33m:[39m[31m[91mhover[33m{[39m[31m[91mborder[33m:[39m[31m[91m[33m.875px[39m[31m[91m solid [35m#a00[39m[31m[91m[33m;[39m[31m[91mmargin-top[33m:[39m[31m[91m7px[33m;[39m[31m[91mpadding-top[33m:[39m[31m[91m6.125px[33m;[39m[31m[91mpadding-bottom[33m:[39m[31m[91m7px[33m;[39m[31m[91mmargin-bottom[33m:[39m[31m[91m6.125px[33m;[39m[31m[91mborder-left-width[33m:[39m[31m[91m2px[33m;[39m[31m[91mborder-right-width[33m:[39m[31m[91m2px[33m;[39m[31m[91mmargin-left[33m:[39m[31m[91m3.5px[33m;[39m[31m[91mpadding-left[33m:[39m[31m[91m10.5px[33m;[39m[31m[91mpadding-right[33m:[39m[31m[91m11.5px[33m;[39m[31m[91mmargin-right[33m:[39m[31m[91m2.5px[33m;[39m[31m[91mcolor[33m:[39m[31m[91m[35m#fff[39m[31m[91m[33m}[39m[31m[91m[33m.btn-outline-danger.disabled,.btn-outline-danger[39m[31m[91m[33m:[39m[31m[91mdisabled[33m{[39m[31m[91mcolor[33m:[39m[31m[91m[35m#a00[39m[31m[91m[33m}[39m[31m[91m[33m.btn-outline-danger[39m[31m[91m[33m:[39m[31m[91m[36mnot[39m[31m[91m[36m(:disabled)[39m[31m[91m[33m:[39m[31m[91m[36mnot[39m[31m[91m[36m(.disabled)[39m[31m[91m[33m.active,.btn-outline-danger[39m[31m[91m[33m:[39m[31m[91m[36mnot[39m[31m[91m[36m(:disabled)[39m[31m[91m[33m:[39m[31m[91m[36mnot[39m[31m[91m[36m(.disabled)[39m[31m[91m[33m:[39m[22m[1m[31m[39m[91mactive,.show>.btn-outline-danger.dropdown-toggle[33m{[39m[31m[91mcolor[33m:[39m[31m[91m[35m#f55[39m[31m[91m[33m;[39m[31m[91mborder-color[33m:[39m[31m[91m[35m#a00[39m[31m[91m[33m}[39m[31m[91m[33m.btn-outline-light[39m[31m[91m[33m{[39m[31m[91mbackground[33m:[39m[31m[91m0 0[33m;[39m[31m[91mborder[33m:[39m[31m[91m[33m.875px[39m[31m[91m solid[33m;[39m[31m[91mmargin-top[33m:[39m[31m[91m7px[33m;[39m[31m[91mpadding-top[33m:[39m[31m[91m6.125px[33m;[39m[31m[91mpadding-bottom[33m:[39m[31m[91m7px[33m;[39m[31m[91mmargin-bottom[33m:[39m[31m[91m6.125px[33m;[39m[31m[91mborder-left-width[33m:[39m[31m[91m2px[33m;[39m[31m[91mborder-right-width[33m:[39m[31m[91m2px[33m;[39m[31m[91mmargin-left[33m:[39m[31m[91m3.5px[33m;[39m[31m[91mpadding-left[33m:[39m[31m[91m10.5px[33m;[39m[31m[91mpadding-right[33m:[39m[31m[91m11.5px[33m;[39m[31m[91mmargin-right[33m:[39m[31m[91m2.5px[33m}[39m[31m[91m[33m.btn-outline-light[39m[31m[91m[33m:[39m[31m[91mhover[33m{[39m[31m[91mborder[33m:[39m[31m[91m[33m.875px[39m[31m[91m solid [35m#bbb[39m[31m[91m[33m;[39m[31m[91mmargin-top[33m:[39m[31m[91m7px[33m;[39m[31m[91mpadding-top[33m:[39m[31m[91m6.125px[33m;[39m[31m[91mpadding-bottom[33m:[39m[31m[91m7px[33m;[39m[31m[91mmargin-bottom[33m:[39m[31m[91m6.125px[33m;[39m[31m[91mborder-left-width[33m:[39m[31m[91m2px[33m;[39m[31m[91mborder-right-width[33m:[39m[31m[91m2px[33m;[39m[31m[91mmargin-left[33m:[39m[31m[91m3.5px[33m;[39m[31m[91mpadding-left[33m:[39m[31m[91m10.5px[33m;[39m[31m[91mpadding-right[33m:[39m[31m[91m11.5px[33m;[39m[31m[91mmargin-right[33m:[39m[31m[91m2.5px[33m;[39m[31m[91mcolor[33m:[39m[31m[91m[35m#fff[39m[31m[91m[33m}[39m[31m[91m[33m.btn-outline-light.disabled,.btn-outline-light[39m[31m[91m[33m:[39m[31m[91mdisabled[33m{[39m[31m[91mcolor[33m:[39m[31m[91m[35m#fff[39m[31m[91m[33m}[39m[31m[91m[33m.btn-outline-light[39m[31m[91m[33m:[39m[31m[91m[36mnot[39m[31m[91m[36m(:disabled)[39m[31m[91m[33m:[39m[31m[91m[36mnot[39m[31m[91m[36m(.disabled)[39m[31m[91m[33m.active,.btn-outline-light[39m[31m[91m[33m:[39m[31m[91m[36mnot[39m[31m[91m[36m(:disabled)[39m[31m[91m[33m:[39m[31m[91m[36mnot[39m[31m[39m[22m[1m[31m[91m[36m(.disabled)[39m[31m[91m[33m:[39m[31m[91mactive,.show>.btn-outline-light.dropdown-toggle[33m{[39m[31m[91mborder-color[33m:[39m[31m[91m[35m#fff[39m[31m[91m[33m}[39m[31m[91m[33m.btn-outline-dark[39m[31m[91m[33m{[39m[31m[91mcolor[33m:[39m[31m[91m[35m#555[39m[31m[91m[33m;[39m[31m[91mborder-color[33m:[39m[31m[91m[35m#555[39m[31m[91m[33m;[39m[31m[91mbackground[33m:[39m[31m[91m0 0[33m;[39m[31m[91mborder[33m:[39m[31m[91m[33m.875px[39m[31m[91m solid [35m#555[39m[31m[91m[33m;[39m[31m[91mmargin-top[33m:[39m[31m[91m7px[33m;[39m[31m[91mpadding-top[33m:[39m[31m[91m6.125px[33m;[39m[31m[91mpadding-bottom[33m:[39m[31m[91m7px[33m;[39m[31m[91mmargin-bottom[33m:[39m[31m[91m6.125px[33m;[39m[31m[91mborder-left-width[33m:[39m[31m[91m2px[33m;[39m[31m[91mborder-right-width[33m:[39m[31m[91m2px[33m;[39m[31m[91mmargin-left[33m:[39m[31m[91m3.5px[33m;[39m[31m[91mpadding-left[33m:[39m[31m[91m10.5px[33m;[39m[31m[91mpadding-right[33m:[39m[31m[91m11.5px[33m;[39m[31m[91mmargin-right[33m:[39m[31m[91m2.5px[33m}[39m[31m[91m[33m.btn-outline-dark[39m[31m[91m[33m:[39m[31m[91mhover[33m{[39m[31m[91mborder[33m:[39m[31m[91m[33m.875px[39m[31m[91m solid [35m#000[39m[31m[91m[33m;[39m[31m[91mmargin-top[33m:[39m[31m[91m7px[33m;[39m[31m[91mpadding-top[33m:[39m[31m[91m6.125px[33m;[39m[31m[91mpadding-bottom[33m:[39m[31m[91m7px[33m;[39m[31m[91mmargin-bottom[33m:[39m[31m[91m6.125px[33m;[39m[31m[91mborder-left-width[33m:[39m[31m[91m2px[33m;[39m[31m[91mborder-right-width[33m:[39m[31m[91m2px[33m;[39m[31m[91mmargin-left[33m:[39m[31m[91m3.5px[33m;[39m[31m[91mpadding-left[33m:[39m[31m[91m10.5px[33m;[39m[31m[91mpadding-right[33m:[39m[31m[91m11.5px[33m;[39m[31m[91mmargin-right[33m:[39m[31m[91m2.5px[33m;[39m[31m[91mcolor[33m:[39m[31m[91m[35m#fff[39m[31m[91m[33m}[39m[31m[91m[33m.btn-outline-dark.disabled,.btn-outline-dark[39m[31m[91m[33m:[39m[31m[91mdisabled[33m{[39m[31m[91mcolor[33m:[39m[31m[91m[35m#000[39m[31m[91m[33m}[39m[31m[91m[33m.btn-outline-dark[39m[31m[91m[33m:[39m[31m[91m[36mnot[39m[31m[91m[36m(:disabled)[39m[31m[91m[33m:[39m[31m[91m[36mnot[39m[31m[91m[36m(.disabled)[39m[31m[91m[33m.active,.b[39m[22m[1m[31mtn-outline-dark[39m[31m[91m[33m:[39m[31m[91m[36mnot[39m[31m[91m[36m(:disabled)[39m[31m[91m[33m:[39m[31m[91m[36mnot[39m[31m[91m[36m(.disabled)[39m[31m[91m[33m:[39m[31m[91mactive,.show>.btn-outline-dark.dropdown-toggle[33m{[39m[31m[91mcolor[33m:[39m[31m[91m[35m#555[39m[31m[91m[33m;[39m[31m[91mborder-color[33m:[39m[31m[91m[35m#000[39m[31m[91m[33m}[39m[31m[91m[33m.btn-link[39m[31m[91m[33m{[39m[31m[91mfont-weight[33m:[39m[31m[91m400[33m;[39m[31m[91mcolor[33m:[39m[31m[91m[35m#ff5[39m[31m[91m[33m;[39m[31m[91mbackground[33m:[39m[31m[91m0 0[33m}[39m[31m[91m[33m.btn-link[39m[31m[91m[33m:[39m[31m[91mhover[33m{[39m[31m[91mcolor[33m:[39m[31m[91m[35m#bbb[39m[31m[91m[33m;[39m[31m[91mbackground-color[33m:[39m[31m[91m[35m#000[39m[31m[91m[33m}[39m[31m[91m[33m.btn-link[39m[31m[91m[33m:[39m[31m[91mafter,.btn-link[33m:[39m[31m[91mbefore[33m{[39m[31m[91mcontent[33m:[39m[31m[91m[32m'_'[39m[31m[91m[33m}[39m[31m[91m[33m.btn-link.disabled,.btn-link[39m[31m[91m[33m:[39m[31m[91mdisabled[33m{[39m[31m[91mcolor[33m:[39m[31m[91m[35m#555[39m[31m[91m[33m;[39m[31m[91mpointer-events[33m:[39m[31m[91mnone[33m}[39m[31m[91m[33m.btn-group-sm>.btn,.btn-sm[39m[31m[91m[33m{[39m[31m[91mborder[33m:[39m[31m[91m0[33m;[39m[31m[91mpadding[33m:[39m[31m[91m0[33m;[39m[31m[91mbox-shadow[33m:[39m[31m[91mnone[33m;[39m[31m[91mmargin-left[33m:[39m[31m[91m0[33m}[39m[31m[91m[33m.btn-group-sm>.btn[39m[31m[91m[33m:[39m[31m[91mbefore,.btn-sm[33m:[39m[31m[91mbefore[33m{[39m[31m[91mcontent[33m:[39m[31m[91m[32m'<'[39m[31m[91m[33m}[39m[31m[91m[33m.btn-group-sm>.btn[39m[31m[91m[33m:[39m[31m[91mafter,.btn-sm[33m:[39m[31m[91mafter[33m{[39m[31m[91mcontent[33m:[39m[31m[91m[32m'>'[39m[31m[91m[33m}[39m[31m[91m[33m.btn-block[39m[31m[91m[33m{[39m[31m[91mdisplay[33m:[39m[31m[91mblock[33m;[39m[31m[91mwidth[33m:[39m[31m[91m[36mcalc[39m[31m[91m[36m(100% - 6px)[39m[31m[91m[33m}[39m[31m[91m[33m.btn-block+.btn-block[39m[31m[91m[33m{[39m[31m[91mmargin-top[33m:[39m[31m[91m0[33m}[39m[31m[91minput[33m[[39m[31m[91mtype=button[33m][39m[31m[91m[33m.btn-block,input[39m[31m[91m[33m[[39m[31m[91mtype=reset[33m][39m[31m[91m[33m.btn-block,input[3[39m[22m[1m[31m9m[91m[33m[[39m[31m[91mtype=submit[33m][39m[31m[91m[33m.btn-block[39m[31m[91m[33m{[39m[31m[91mwidth[33m:[39m[31m[91m[36mcalc[39m[31m[91m[36m(100% - 6px)[39m[31m[91m[33m}[39m[31m[91m[33m.dropdown,.dropleft,.dropright,.dropup[39m[31m[91m[33m{[39m[31m[91mposition[33m:[39m[31m[91mrelative[33m}[39m[31m[91m[33m.dropdown-toggle[39m[31m[91m[33m{[39m[31m[91mwhite-space[33m:[39m[31m[91mnowrap[33m;[39m[31m[91mpadding[33m:[39m[31m[91m0 8px[33m}[39m[31m[91m[33m.dropdown-toggle[39m[31m[91m[33m:[39m[31m[91m[33m:[39m[31m[91mafter[33m{[39m[31m[91mdisplay[33m:[39m[31m[91minline-block[33m;[39m[31m[91mcontent[33m:[39m[31m[91m[32m"\25bc"[39m[31m[91m[33m}[39m[31m[91m[33m.dropdown-toggle[39m[31m[91m[33m:[39m[31m[91mempty[33m:[39m[31m[91m[33m:[39m[31m[91mafter[33m{[39m[31m[91mmargin-left[33m:[39m[31m[91m0[33m}[39m[31m[91m[33m.dropdown-menu[39m[31m[91m[33m{[39m[31m[91mposition[33m:[39m[31m[91mabsolute[33m;[39m[31m[91mtop[33m:[39m[31m[91m100%[33m;[39m[31m[91mleft[33m:[39m[31m[91m0[33m;[39m[31m[91mz-index[33m:[39m[31m[91m1000[33m;[39m[31m[91mdisplay[33m:[39m[31m[91mnone[33m;[39m[31m[91mfloat[33m:[39m[31m[91mleft[33m;[39m[31m[91mmin-width[33m:[39m[31m[91m0[33m;[39m[31m[91mpadding[33m:[39m[31m[91m0 0[33m;[39m[31m[91mmargin[33m:[39m[31m[91m0 0 0[33m;[39m[31m[91mcolor[33m:[39m[31m[91m[35m#000[39m[31m[91m[33m;[39m[31m[91mtext-align[33m:[39m[31m[91mleft[33m;[39m[31m[91mlist-style[33m:[39m[31m[91mnone[33m;[39m[31m[91mbackground-color[33m:[39m[31m[91m[35m#bbb[39m[31m[91m[33m;[39m[31m[91mbackground-clip[33m:[39m[31m[91mpadding-box[33m;[39m[31m[91mborder[33m:[39m[31m[91m[33m.875px[39m[31m[91m solid [35m#000[39m[31m[91m[33m;[39m[31m[91mmargin-top[33m:[39m[31m[91m7px[33m;[39m[31m[91mpadding-top[33m:[39m[31m[91m6.125px[33m;[39m[31m[91mpadding-bottom[33m:[39m[31m[91m7px[33m;[39m[31m[91mmargin-bottom[33m:[39m[31m[91m6.125px[33m;[39m[31m[91mborder-left-width[33m:[39m[31m[91m2px[33m;[39m[31m[91mborder-right-width[33m:[39m[31m[91m2px[33m;[39m[31m[91mmargin-left[33m:[39m[31m[91m3.5px[33m;[39m[31m[91mpadding-left[33m:[39m[31m[91m2.5px[33m;[39m[31m[91mpadding-right[33m:[39m[31m[91m3.5px[33m;[39m[31m[39m[22m[1m[31m[91mmargin-right[33m:[39m[31m[91m2.5px[33m;[39m[31m[91mbox-shadow[33m:[39m[31m[91m-3.5px -7px 0 0 [35m#bbb,2.5px[39m[31m[91m 6.125px 0 0 [35m#bbb,-3.5px[39m[31m[91m 6.125px 0 0 [35m#bbb,2.5px[39m[31m[91m -7px 0 0 [35m#bbb[39m[31m[91m[33m;[39m[31m[91m-webkit-filter[33m:[39m[31m[91m[36mdrop-shadow[39m[31m[91m[36m(7px 8px 0 #000)[39m[31m[91m[33m;[39m[31m[91mfilter[33m:[39m[31m[91m[36mdrop-shadow[39m[31m[91m[36m(7px 8px 0 #000)[39m[31m[91m[33m;[39m[31m[91mmargin-right[33m:[39m[31m[91m10.5px[33m}[39m[31m[91m[33m.dropdown-menu[39m[31m[91m a[33m:[39m[31m[91m[33m:[39m[31m[91mfirst-letter[33m{[39m[31m[91mcolor[33m:[39m[31m[91m[35m#fff[39m[31m[91m[33m}[39m[31m[91m[33m.dropdown-menu[39m[31m[91m a[33m:[39m[31m[91mhover[33m:[39m[31m[91m[33m:[39m[31m[91mfirst-letter[33m{[39m[31m[91mcolor[33m:[39m[31m[91m[35m#000[39m[31m[91m[33m;[39m[31m[91mbackground[33m:[39m[31m[91m[35m#fff[39m[31m[91m[33m}[39m[31m[91m[33m.dropdown-menu-left[39m[31m[91m[33m{[39m[31m[91mright[33m:[39m[31m[91mauto[33m;[39m[31m[91mleft[33m:[39m[31m[91m0[33m}[39m[31m[91m[33m.dropdown-menu-right[39m[31m[91m[33m{[39m[31m[91mright[33m:[39m[31m[91m0[33m;[39m[31m[91mleft[33m:[39m[31m[91mauto[33m}[39m[31m[91m[36m@media[39m[31m[91m[36m [39m[31m[91m[36m(min-width:576px)[39m[31m[91m[33m{[39m[31m[91m[33m.dropdown-menu-sm-left[39m[31m[91m[33m{[39m[31m[91mright[33m:[39m[31m[91mauto[33m;[39m[31m[91mleft[33m:[39m[31m[91m0[33m}[39m[31m[91m[33m.dropdown-menu-sm-right[39m[31m[91m[33m{[39m[31m[91mright[33m:[39m[31m[91m0[33m;[39m[31m[91mleft[33m:[39m[31m[91mauto[33m}[39m[31m[91m[33m}[39m[31m[91m[36m@media[39m[31m[91m[36m [39m[31m[91m[36m(min-width:768px)[39m[31m[91m[33m{[39m[31m[91m[33m.dropdown-menu-md-left[39m[31m[91m[33m{[39m[31m[91mright[33m:[39m[31m[91mauto[33m;[39m[31m[91mleft[33m:[39m[31m[91m0[33m}[39m[31m[91m[33m.dropdown-menu-md-right[39m[31m[91m[33m{[39m[31m[91mright[33m:[39m[31m[91m0[33m;[39m[31m[91mleft[33m:[39m[31m[91mauto[33m}[39m[31m[91m[33m}[39m[31m[91m[36m@media[39m[31m[91m[36m [39m[31m[91m[36m(min-width:960px)[39m[31m[91m[33m{[39m[31m[91m[33m.dropdown-menu-lg-left[39m[31m[91m[33m{[39m[31m[91mright[33m[39m[22m[1m[31m:[39m[31m[91mauto[33m;[39m[31m[91mleft[33m:[39m[31m[91m0[33m}[39m[31m[91m[33m.dropdown-menu-lg-right[39m[31m[91m[33m{[39m[31m[91mright[33m:[39m[31m[91m0[33m;[39m[31m[91mleft[33m:[39m[31m[91mauto[33m}[39m[31m[91m[33m}[39m[31m[91m[36m@media[39m[31m[91m[36m [39m[31m[91m[36m(min-width:1152px)[39m[31m[91m[33m{[39m[31m[91m[33m.dropdown-menu-xl-left[39m[31m[91m[33m{[39m[31m[91mright[33m:[39m[31m[91mauto[33m;[39m[31m[91mleft[33m:[39m[31m[91m0[33m}[39m[31m[91m[33m.dropdown-menu-xl-right[39m[31m[91m[33m{[39m[31m[91mright[33m:[39m[31m[91m0[33m;[39m[31m[91mleft[33m:[39m[31m[91mauto[33m}[39m[31m[91m[33m}[39m[31m[91m[33m.dropup[39m[31m[91m [33m.dropdown-menu[39m[31m[91m[33m{[39m[31m[91mtop[33m:[39m[31m[91mauto[33m;[39m[31m[91mbottom[33m:[39m[31m[91m100%[33m;[39m[31m[91mmargin-top[33m:[39m[31m[91m0[33m;[39m[31m[91mmargin-bottom[33m:[39m[31m[91m0[33m}[39m[31m[91m[33m.dropup[39m[31m[91m [33m.dropdown-toggle[39m[31m[91m[33m{[39m[31m[91mpadding[33m:[39m[31m[91m0 8px[33m}[39m[31m[91m[33m.dropup[39m[31m[91m [33m.dropdown-toggle[39m[31m[91m[33m:[39m[31m[91m[33m:[39m[31m[91mafter[33m{[39m[31m[91mdisplay[33m:[39m[31m[91minline-block[33m;[39m[31m[91mcontent[33m:[39m[31m[91m[32m"\25b2"[39m[31m[91m[33m}[39m[31m[91m[33m.dropup[39m[31m[91m [33m.dropdown-toggle[39m[31m[91m[33m:[39m[31m[91mempty[33m:[39m[31m[91m[33m:[39m[31m[91mafter[33m{[39m[31m[91mmargin-left[33m:[39m[31m[91m0[33m}[39m[31m[91m[33m.dropright[39m[31m[91m [33m.dropdown-menu[39m[31m[91m[33m{[39m[31m[91mtop[33m:[39m[31m[91m0[33m;[39m[31m[91mright[33m:[39m[31m[91mauto[33m;[39m[31m[91mleft[33m:[39m[31m[91m100%[33m;[39m[31m[91mmargin-top[33m:[39m[31m[91m0[33m;[39m[31m[91mmargin-left[33m:[39m[31m[91m0[33m}[39m[31m[91m[33m.dropright[39m[31m[91m [33m.dropdown-toggle[39m[31m[91m[33m{[39m[31m[91mbackground[33m:[39m[31m[91m[36murl[39m[31m[91m[36m(assets/fonts/arrow-down.svg)[39m[31m[91m 3px 3.6px/4.87px no-repeat [33m.dropright[39m[31m[91m [33m.dropdown-toggle[39m[31m[91m[33m}[39m[31m[91m[33m.dropright[39m[31m[91m [33m.dropdown-toggle[39m[31m[91m [33m:[39m[31m[91m[33m:[39m[31m[91mafter[33m{[39m[31m[91mvertical-align[33m:[39m[31m[9[39m[22m[1m[31m1m0[33m}[39m[31m[91m[33m.dropleft[39m[31m[91m [33m.dropdown-menu[39m[31m[91m[33m{[39m[31m[91mtop[33m:[39m[31m[91m0[33m;[39m[31m[91mright[33m:[39m[31m[91m100%[33m;[39m[31m[91mleft[33m:[39m[31m[91mauto[33m;[39m[31m[91mmargin-top[33m:[39m[31m[91m0[33m;[39m[31m[91mmargin-right[33m:[39m[31m[91m0[33m}[39m[31m[91m[33m.dropleft[39m[31m[91m [33m.dropdown-toggle[39m[31m[91m[33m{[39m[31m[91mpadding[33m:[39m[31m[91m0 8px[33m}[39m[31m[91m[33m.dropleft[39m[31m[91m [33m.dropdown-toggle[39m[31m[91m[33m:[39m[31m[91m[33m:[39m[31m[91mafter[33m{[39m[31m[91mdisplay[33m:[39m[31m[91minline-block[33m}[39m[31m[91m[33m.dropleft[39m[31m[91m [33m.dropdown-toggle[39m[31m[91m[33m:[39m[31m[91m[33m:[39m[31m[91mafter[33m{[39m[31m[91mdisplay[33m:[39m[31m[91mnone[33m}[39m[31m[91m[33m.dropleft[39m[31m[91m [33m.dropdown-toggle[39m[31m[91m[33m:[39m[31m[91m[33m:[39m[31m[91mbefore[33m{[39m[31m[91mdisplay[33m:[39m[31m[91minline-block[33m;[39m[31m[91mmargin-right[33m:[39m[31m[91m8px[33m;[39m[31m[91mcontent[33m:[39m[31m[91m[32m"\25c4"[39m[31m[91m[33m}[39m[31m[91m[33m.dropleft[39m[31m[91m [33m.dropdown-toggle[39m[31m[91m[33m:[39m[31m[91mempty[33m:[39m[31m[91m[33m:[39m[31m[91mafter[33m{[39m[31m[91mmargin-left[33m:[39m[31m[91m0[33m}[39m[31m[91m[33m.dropleft[39m[31m[91m [33m.dropdown-toggle[39m[31m[91m[33m:[39m[31m[91m[33m:[39m[31m[91mbefore[33m{[39m[31m[91mvertical-align[33m:[39m[31m[91m0[33m}[39m[31m[91m[33m.dropdown-menu[39m[31m[91m[33m[[39m[31m[91mx-placement^=bottom[33m][39m[31m[91m,.dropdown-menu[33m[[39m[31m[91mx-placement^=left[33m][39m[31m[91m,.dropdown-menu[33m[[39m[31m[91mx-placement^=right[33m][39m[31m[91m,.dropdown-menu[33m[[39m[31m[91mx-placement^=top[33m][39m[31m[91m[33m{[39m[31m[91mright[33m:[39m[31m[91mauto[33m;[39m[31m[91mbottom[33m:[39m[31m[91mauto[33m}[39m[31m[91m[33m.dropdown-divider[39m[31m[91m[33m{[39m[31m[91mheight[33m:[39m[31m[91m0[33m;[39m[31m[91mmargin[33m:[39m[31m[91m6px -3px 7px -2.5px[33m;[39m[31m[91moverflow[33m:[39m[31m[91mhidden[33m;[39m[31m[91mborder-top[33m:[39m[31m[91m1px solid [35m#000[39m[31m[91m[33m}[39m[31m[91m[33m.dropdown-item[39m[31m[91m[33m{[39m[31m[91md[39m[22m[1m[31misplay[33m:[39m[31m[91mblock[33m;[39m[31m[91mwidth[33m:[39m[31m[91m100%[33m;[39m[31m[91mpadding[33m:[39m[31m[91m0 8px[33m;[39m[31m[91mclear[33m:[39m[31m[91mboth[33m;[39m[31m[91mfont-weight[33m:[39m[31m[91m400[33m;[39m[31m[91mcolor[33m:[39m[31m[91m[35m#000[39m[31m[91m[33m;[39m[31m[91mtext-align[33m:[39m[31m[91minherit[33m;[39m[31m[91mwhite-space[33m:[39m[31m[91mnowrap[33m;[39m[31m[91mbackground-color[33m:[39m[31m[91mtransparent[33m;[39m[31m[91mborder[33m:[39m[31m[91m0[33m}[39m[31m[91m[33m.dropdown-item[39m[31m[91m[33m:[39m[31m[91mfocus,.dropdown-item[33m:[39m[31m[91mhover[33m{[39m[31m[91mtext-decoration[33m:[39m[31m[91mnone[33m}[39m[31m[91m[33m.dropdown-item.disabled,.dropdown-item[39m[31m[91m[33m:[39m[31m[91mdisabled[33m{[39m[31m[91mcolor[33m:[39m[31m[91m[35m#555[39m[31m[91m[33m;[39m[31m[91mpointer-events[33m:[39m[31m[91mnone[33m;[39m[31m[91mbackground-color[33m:[39m[31m[91mtransparent[33m}[39m[31m[91m[33m.dropdown-menu.show[39m[31m[91m[33m{[39m[31m[91mdisplay[33m:[39m[31m[91mblock[33m}[39m[31m[91m[33m.dropdown-header[39m[31m[91m[33m{[39m[31m[91mdisplay[33m:[39m[31m[91mblock[33m;[39m[31m[91mpadding[33m:[39m[31m[91m0 8px[33m;[39m[31m[91mmargin-bottom[33m:[39m[31m[91m0[33m;[39m[31m[91mcolor[33m:[39m[31m[91m[35m#bbb[39m[31m[91m[33m;[39m[31m[91mwhite-space[33m:[39m[31m[91mnowrap[33m}[39m[31m[91m[33m.dropdown-item-text[39m[31m[91m[33m{[39m[31m[91mdisplay[33m:[39m[31m[91mblock[33m;[39m[31m[91mpadding[33m:[39m[31m[91m0 8px[33m;[39m[31m[91mcolor[33m:[39m[31m[91m[35m#000[39m[31m[91m[33m}[39m[31m[91m[33m.btn-group,.btn-group-vertical[39m[31m[91m[33m{[39m[31m[91mposition[33m:[39m[31m[91mrelative[33m;[39m[31m[91mmargin[33m:[39m[31m[91m0[33m;[39m[31m[91mdisplay[33m:[39m[31m[91m-ms-inline-flexbox[33m;[39m[31m[91mdisplay[33m:[39m[31m[91minline-flex[33m}[39m[31m[91m[33m.btn-group-vertical>.btn,.btn-group>.btn[39m[31m[91m[33m{[39m[31m[91mposition[33m:[39m[31m[91mrelative[33m;[39m[31m[91m-ms-flex[33m:[39m[31m[91m1 1 auto[33m;[39m[31m[91mflex[33m:[39m[31m[91m1 1 auto[33m}[39m[31m[91m[33m.btn-group-vertical>.btn[39m[31m[91m[33m:[39m[31m[91mhover,.btn-group>.btn[33m:[39m[22m[1m[31m[39m[31m[91mhover[33m{[39m[31m[91mz-index[33m:[39m[31m[91m1[33m}[39m[31m[91m[33m.btn-group-vertical>.btn[39m[31m[91m[33m:[39m[31m[91m[36mnot[39m[31m[91m[36m(.dropdown-toggle)[39m[31m[91m[33m:[39m[31m[91mafter,.btn-group>.btn[33m:[39m[31m[91m[36mnot[39m[31m[91m[36m(.dropdown-toggle)[39m[31m[91m[33m:[39m[31m[91mafter[33m{[39m[31m[91mcontent[33m:[39m[31m[91m[32m""[39m[31m[91m[33m}[39m[31m[91m[33m.btn-group-vertical>.btn[39m[31m[91m[33m:[39m[31m[91mbefore,.btn-group>.btn[33m:[39m[31m[91mbefore[33m{[39m[31m[91mcontent[33m:[39m[31m[91m[32m""[39m[31m[91m[33m}[39m[31m[91m[33m.btn-group-vertical>.btn.active,.btn-group-vertical>.btn[39m[31m[91m[33m:[39m[31m[91mactive,.btn-group-vertical>.btn[33m:[39m[31m[91mfocus,.btn-group>.btn.active,.btn-group>.btn[33m:[39m[31m[91mactive,.btn-group>.btn[33m:[39m[31m[91mfocus[33m{[39m[31m[91mz-index[33m:[39m[31m[91m1[33m}[39m[31m[91m[33m.btn-toolbar[39m[31m[91m[33m{[39m[31m[91mdisplay[33m:[39m[31m[91m-ms-flexbox[33m;[39m[31m[91mdisplay[33m:[39m[31m[91mflex[33m;[39m[31m[91m-ms-flex-wrap[33m:[39m[31m[91mwrap[33m;[39m[31m[91mflex-wrap[33m:[39m[31m[91mwrap[33m;[39m[31m[91m-ms-flex-pack[33m:[39m[31m[91mstart[33m;[39m[31m[91mjustify-content[33m:[39m[31m[91mflex-start[33m}[39m[31m[91m[33m.btn-toolbar[39m[31m[91m [33m.input-group[39m[31m[91m[33m{[39m[31m[91mwidth[33m:[39m[31m[91mauto[33m}[39m[31m[91m[33m.dropdown-toggle-split[39m[31m[91m[33m{[39m[31m[91mpadding-right[33m:[39m[31m[91m0[33m;[39m[31m[91mpadding-left[33m:[39m[31m[91m0[33m}[39m[31m[91m[33m.dropdown-toggle-split[39m[31m[91m[33m:[39m[31m[91m[33m:[39m[31m[91mafter,.dropright [33m.dropdown-toggle-split[39m[31m[91m[33m:[39m[31m[91m[33m:[39m[31m[91mafter,.dropup [33m.dropdown-toggle-split[39m[31m[91m[33m:[39m[31m[91m[33m:[39m[31m[91mafter[33m{[39m[31m[91mmargin-left[33m:[39m[31m[91m0[33m}[39m[31m[91m[33m.dropleft[39m[31m[91m [33m.dropdown-toggle-split[39m[31m[91m[33m:[39m[31m[91m[33m:[39m[31m[91mbefore[33m{[39m[31m[91mmargin-right[33m:[39m[31m[91m0[33m}[39m[31m[91m[33m.btn-group-sm>.btn+.dropdown-toggle-split,.btn-sm+.dropdown-toggle-split[39m[31m[91m[33m{[39m[31m[91mpa[39m[22m[1m[31mdding-right[33m:[39m[31m[91m0[33m;[39m[31m[91mpadding-left[33m:[39m[31m[91m0[33m}[39m[31m[91m[33m.btn-group-lg>.btn+.dropdown-toggle-split,.btn-lg+.dropdown-toggle-split[39m[31m[91m[33m{[39m[31m[91mpadding-right[33m:[39m[31m[91m0[33m;[39m[31m[91mpadding-left[33m:[39m[31m[91m0[33m}[39m[31m[91m[33m.btn-group-vertical[39m[31m[91m[33m{[39m[31m[91m-ms-flex-direction[33m:[39m[31m[91mcolumn[33m;[39m[31m[91mflex-direction[33m:[39m[31m[91mcolumn[33m;[39m[31m[91m-ms-flex-align[33m:[39m[31m[91mstart[33m;[39m[31m[91malign-items[33m:[39m[31m[91mflex-start[33m;[39m[31m[91m-ms-flex-pack[33m:[39m[31m[91mcenter[33m;[39m[31m[91mjustify-content[33m:[39m[31m[91mcenter[33m}[39m[31m[91m[33m.btn-group-vertical>.btn,.btn-group-vertical>.btn-group[39m[31m[91m[33m{[39m[31m[91mwidth[33m:[39m[31m[91m100%[33m}[39m[31m[91m[33m.btn-group-toggle>.btn,.btn-group-toggle>.btn-group>.btn[39m[31m[91m[33m{[39m[31m[91mmargin-bottom[33m:[39m[31m[91m0[33m}[39m[31m[91m[33m.btn-group-toggle>.btn[39m[31m[91m input[33m[[39m[31m[91mtype=checkbox[33m][39m[31m[91m,.btn-group-toggle>.btn input[33m[[39m[31m[91mtype=radio[33m][39m[31m[91m,.btn-group-toggle>.btn-group>.btn input[33m[[39m[31m[91mtype=checkbox[33m][39m[31m[91m,.btn-group-toggle>.btn-group>.btn input[33m[[39m[31m[91mtype=radio[33m][39m[31m[91m[33m{[39m[31m[91mposition[33m:[39m[31m[91mabsolute[33m;[39m[31m[91mclip[33m:[39m[31m[91m[36mrect[39m[31m[91m[36m(0,0,0,0)[39m[31m[91m[33m;[39m[31m[91mpointer-events[33m:[39m[31m[91mnone[33m}[39m[31m[91m[33m.input-group[39m[31m[91m[33m{[39m[31m[91mposition[33m:[39m[31m[91mrelative[33m;[39m[31m[91mdisplay[33m:[39m[31m[91m-ms-flexbox[33m;[39m[31m[91mdisplay[33m:[39m[31m[91mflex[33m;[39m[31m[91m-ms-flex-wrap[33m:[39m[31m[91mwrap[33m;[39m[31m[91mflex-wrap[33m:[39m[31m[91mwrap[33m;[39m[31m[91m-ms-flex-align[33m:[39m[31m[91mstretch[33m;[39m[31m[91malign-items[33m:[39m[31m[91mstretch[33m;[39m[31m[91mwidth[33m:[39m[31m[91m100%[33m}[39m[31m[91m[33m.input-group>.custom-file,.input-group>.custom-select,.input-group>.form-control,.input-group>.form-control-plaintext[39m[31m[91m[33m{[39m[31m[91mpo[39m[22m[1m[31msition[33m:[39m[31m[91mrelative[33m;[39m[31m[91m-ms-flex[33m:[39m[31m[91m1 1 0%[33m;[39m[31m[91mflex[33m:[39m[31m[91m1 1 0%[33m;[39m[31m[91mmin-width[33m:[39m[31m[91m0[33m;[39m[31m[91mmargin-bottom[33m:[39m[31m[91m0[33m}[39m[31m[91m[33m.input-group>.custom-file+.custom-file,.input-group>.custom-file+.custom-select,.input-group>.custom-file+.form-control,.input-group>.custom-select+.custom-file,.input-group>.custom-select+.custom-select,.input-group>.custom-select+.form-control,.input-group>.form-control+.custom-file,.input-group>.form-control+.custom-select,.input-group>.form-control+.form-control,.input-group>.form-control-plaintext+.custom-file,.input-group>.form-control-plaintext+.custom-select,.input-group>.form-control-plaintext+.form-control[39m[31m[91m[33m{[39m[31m[91mmargin-left[33m:[39m[31m[91m0[33m}[39m[31m[91m[33m.input-group>.custom-file[39m[31m[91m [33m.custom-file-input[39m[31m[91m[33m:[39m[31m[91mfocus~.custom-file-label,.input-group>.custom-select[33m:[39m[31m[91mfocus,.input-group>.form-control[33m:[39m[31m[91mfocus[33m{[39m[31m[91mz-index[33m:[39m[31m[91m3[33m}[39m[31m[91m[33m.input-group>.custom-file[39m[31m[91m [33m.custom-file-input[39m[31m[91m[33m:[39m[31m[91mfocus[33m{[39m[31m[91mz-index[33m:[39m[31m[91m4[33m}[39m[31m[91m[33m.input-group>.custom-file[39m[31m[91m[33m{[39m[31m[91mdisplay[33m:[39m[31m[91m-ms-flexbox[33m;[39m[31m[91mdisplay[33m:[39m[31m[91mflex[33m;[39m[31m[91m-ms-flex-align[33m:[39m[31m[91mcenter[33m;[39m[31m[91malign-items[33m:[39m[31m[91mcenter[33m}[39m[31m[91m[33m.input-group-append,.input-group-prepend[39m[31m[91m[33m{[39m[31m[91mdisplay[33m:[39m[31m[91m-ms-flexbox[33m;[39m[31m[91mdisplay[33m:[39m[31m[91mflex[33m}[39m[31m[91m[33m.input-group-append[39m[31m[91m [33m.btn,.input-group-prepend[39m[31m[91m [33m.btn[39m[31m[91m[33m{[39m[31m[91mposition[33m:[39m[31m[91mrelative[33m;[39m[31m[91mz-index[33m:[39m[31m[91m2[33m}[39m[31m[91m[33m.input-group-append[39m[31m[91m [33m.btn[39m[31m[91m[33m:[39m[31m[91mfocus,.input-group-prepend [33m.btn[39m[31m[91m[33m:[39m[31m[91mfocus[33m{[39m[31m[9[39m[22m[1m[31m1mz-index[33m:[39m[31m[91m3[33m}[39m[31m[91m[33m.input-group-append[39m[31m[91m [33m.btn+.btn,.input-group-append[39m[31m[91m [33m.btn+.input-group-text,.input-group-append[39m[31m[91m [33m.input-group-text+.btn,.input-group-append[39m[31m[91m [33m.input-group-text+.input-group-text,.input-group-prepend[39m[31m[91m [33m.btn+.btn,.input-group-prepend[39m[31m[91m [33m.btn+.input-group-text,.input-group-prepend[39m[31m[91m [33m.input-group-text+.btn,.input-group-prepend[39m[31m[91m [33m.input-group-text+.input-group-text[39m[31m[91m[33m{[39m[31m[91mmargin-left[33m:[39m[31m[91m0[33m}[39m[31m[91m[33m.input-group-prepend[39m[31m[91m[33m{[39m[31m[91mmargin-right[33m:[39m[31m[91m0[33m}[39m[31m[91m[33m.input-group-append[39m[31m[91m[33m{[39m[31m[91mmargin-left[33m:[39m[31m[91m0[33m}[39m[31m[91m[33m.input-group-text[39m[31m[91m[33m{[39m[31m[91mdisplay[33m:[39m[31m[91m-ms-flexbox[33m;[39m[31m[91mdisplay[33m:[39m[31m[91mflex[33m;[39m[31m[91m-ms-flex-align[33m:[39m[31m[91mcenter[33m;[39m[31m[91malign-items[33m:[39m[31m[91mcenter[33m;[39m[31m[91mpadding[33m:[39m[31m[91m0 0[33m;[39m[31m[91mmargin-bottom[33m:[39m[31m[91m0[33m;[39m[31m[91mfont-size[33m:[39m[31m[91m16px[33m;[39m[31m[91mfont-weight[33m:[39m[31m[91m400[33m;[39m[31m[91mline-height[33m:[39m[31m[91m14px[33m;[39m[31m[91mcolor[33m:[39m[31m[91m[35m#fff[39m[31m[91m[33m;[39m[31m[91mtext-align[33m:[39m[31m[91mcenter[33m;[39m[31m[91mwhite-space[33m:[39m[31m[91mnowrap[33m;[39m[31m[91mbackground-color[33m:[39m[31m[91m[35m#555[39m[31m[91m[33m;[39m[31m[91mborder[33m:[39m[31m[91m0 solid [35m#555[39m[31m[91m[33m}[39m[31m[91m[33m.input-group-text[39m[31m[91m input[33m[[39m[31m[91mtype=checkbox[33m][39m[31m[91m,.input-group-text input[33m[[39m[31m[91mtype=radio[33m][39m[31m[91m[33m{[39m[31m[91mmargin-top[33m:[39m[31m[91m0[33m}[39m[31m[91m[33m.input-group-lg>.custom-select,.input-group-lg>.form-control[39m[31m[91m[33m:[39m[31m[91m[36mnot[39m[31m[91m[36m(textarea)[39m[31m[91m[33m{[39m[31m[91mheight[33m:[39m[31m[91m14px[33m}[39m[31m[91m[33m.input-group-lg>.custom-select,.input-group-lg>.form-control,.input-[39m[22m[1m[31mgroup-lg>.input-group-append>.btn,.input-group-lg>.input-group-append>.input-group-text,.input-group-lg>.input-group-prepend>.btn,.input-group-lg>.input-group-prepend>.input-group-text[39m[31m[91m[33m{[39m[31m[91mpadding[33m:[39m[31m[91m0 0[33m;[39m[31m[91mfont-size[33m:[39m[31m[91m16px[33m;[39m[31m[91mline-height[33m:[39m[31m[91m14px[33m}[39m[31m[91m[33m.input-group-sm>.custom-select,.input-group-sm>.form-control[39m[31m[91m[33m:[39m[31m[91m[36mnot[39m[31m[91m[36m(textarea)[39m[31m[91m[33m{[39m[31m[91mheight[33m:[39m[31m[91m14px[33m}[39m[31m[91m[33m.input-group-sm>.custom-select,.input-group-sm>.form-control,.input-group-sm>.input-group-append>.btn,.input-group-sm>.input-group-append>.input-group-text,.input-group-sm>.input-group-prepend>.btn,.input-group-sm>.input-group-prepend>.input-group-text[39m[31m[91m[33m{[39m[31m[91mpadding[33m:[39m[31m[91m0 0[33m;[39m[31m[91mfont-size[33m:[39m[31m[91m16px[33m;[39m[31m[91mline-height[33m:[39m[31m[91m14px[33m}[39m[31m[91m[33m.input-group-lg>.custom-select,.input-group-sm>.custom-select[39m[31m[91m[33m{[39m[31m[91mpadding-right[33m:[39m[31m[91m1rem[33m}[39m[31m[91m[33m.custom-control[39m[31m[91m[33m{[39m[31m[91mposition[33m:[39m[31m[91mrelative[33m;[39m[31m[91mdisplay[33m:[39m[31m[91mblock[33m;[39m[31m[91mmin-height[33m:[39m[31m[91m14px[33m;[39m[31m[91mpadding-left[33m:[39m[31m[91m32px[33m}[39m[31m[91m[33m.custom-control-inline[39m[31m[91m[33m{[39m[31m[91mdisplay[33m:[39m[31m[91m-ms-inline-flexbox[33m;[39m[31m[91mdisplay[33m:[39m[31m[91minline-flex[33m;[39m[31m[91mmargin-right[33m:[39m[31m[91m0[33m}[39m[31m[91m[33m.custom-control-input[39m[31m[91m[33m{[39m[31m[91mposition[33m:[39m[31m[91mabsolute[33m;[39m[31m[91mleft[33m:[39m[31m[91m0[33m;[39m[31m[91mz-index[33m:[39m[31m[91m-1[33m;[39m[31m[91mwidth[33m:[39m[31m[91m32px[33m;[39m[31m[91mheight[33m:[39m[31m[91m16px[33m;[39m[31m[91mopacity[33m:[39m[31m[91m0[33m}[39m[31m[91m[33m.custom-control-input[39m[31m[91m[33m:[39m[31m[91mchecked~.custom-control-label[33m:[39m[31m[91m[33m:[39m[31m[91mbefore[33m{[39m[31m[91mcolor[33m:[39m[31m[91m[35m#fff[3[39m[22m[1m[31m9m[91m[33m;[39m[31m[91mborder-color[33m:[39m[31m[91m[35m#000[39m[31m[91m[33m}[39m[31m[91m[33m.custom-control-input[39m[31m[91m[33m:[39m[31m[91mfocus[33m:[39m[31m[91m[36mnot[39m[31m[91m[36m(:checked)[39m[31m[91m~.custom-control-label[33m:[39m[31m[91m[33m:[39m[31m[91mbefore[33m{[39m[31m[91mborder-color[33m:[39m[31m[91m[35m#404040[39m[31m[91m[33m}[39m[31m[91m[33m.custom-control-input[39m[31m[91m[33m:[39m[31m[91m[36mnot[39m[31m[91m[36m(:disabled)[39m[31m[91m[33m:[39m[31m[91mactive~.custom-control-label[33m:[39m[31m[91m[33m:[39m[31m[91mbefore[33m{[39m[31m[91mcolor[33m:[39m[31m[91m[35m#fff[39m[31m[91m[33m}[39m[31m[91m[33m.custom-control-input[39m[31m[91m[33m:[39m[31m[91mdisabled~.custom-control-label,.custom-control-input[33m[[39m[31m[91mdisabled[33m][39m[31m[91m~.custom-control-label[33m{[39m[31m[91mcolor[33m:[39m[31m[91m[35m#555[39m[31m[91m[33m}[39m[31m[91m[33m.custom-control-input[39m[31m[91m[33m:[39m[31m[91mdisabled~.custom-control-label[33m:[39m[31m[91m[33m:[39m[31m[91mafter,.custom-control-input[33m:[39m[31m[91mdisabled~.custom-control-label[33m:[39m[31m[91m[33m:[39m[31m[91mbefore,.custom-control-input[33m[[39m[31m[91mdisabled[33m][39m[31m[91m~.custom-control-label[33m:[39m[31m[91m[33m:[39m[31m[91mafter,.custom-control-input[33m[[39m[31m[91mdisabled[33m][39m[31m[91m~.custom-control-label[33m:[39m[31m[91m[33m:[39m[31m[91mbefore[33m{[39m[31m[91mcolor[33m:[39m[31m[91m[35m#555[39m[31m[91m[33m}[39m[31m[91m[33m.custom-control-label[39m[31m[91m[33m{[39m[31m[91mposition[33m:[39m[31m[91mrelative[33m;[39m[31m[91mmargin-bottom[33m:[39m[31m[91m0[33m;[39m[31m[91mvertical-align[33m:[39m[31m[91mtop[33m}[39m[31m[91m[33m.custom-control-label[39m[31m[91m[33m:[39m[31m[91m[33m:[39m[31m[91mbefore[33m{[39m[31m[91mposition[33m:[39m[31m[91mabsolute[33m;[39m[31m[91mtop[33m:[39m[31m[91m0[33m;[39m[31m[91mleft[33m:[39m[31m[91m-32px[33m;[39m[31m[91mdisplay[33m:[39m[31m[91mblock[33m;[39m[31m[91mwidth[33m:[39m[31m[91m32px[33m;[39m[31m[91mheight[33m:[39m[31m[91m14px[33m;[39m[31m[91mpointer-events[33m:[39m[31m[91mnone[33m;[39m[31m[91mcontent[33m:[39m[31m[91m[32m""[39m[31m[91m[39m[22m[1m[31m[33m;[39m[31m[91mbackground-color[33m:[39m[31m[91m[35m#000084[39m[31m[91m[33m}[39m[31m[91m[33m.custom-control-label[39m[31m[91m[33m:[39m[31m[91m[33m:[39m[31m[91mafter[33m{[39m[31m[91mposition[33m:[39m[31m[91mabsolute[33m;[39m[31m[91mtop[33m:[39m[31m[91m0[33m;[39m[31m[91mleft[33m:[39m[31m[91m-32px[33m;[39m[31m[91mdisplay[33m:[39m[31m[91mblock[33m;[39m[31m[91mwidth[33m:[39m[31m[91m32px[33m;[39m[31m[91mheight[33m:[39m[31m[91m14px[33m;[39m[31m[91mcontent[33m:[39m[31m[91m[32m""[39m[31m[91m[33m}[39m[31m[91m[33m.custom-checkbox[39m[31m[91m [33m.custom-control-label[39m[31m[91m[33m:[39m[31m[91m[33m:[39m[31m[91mafter[33m{[39m[31m[91mcontent[33m:[39m[31m[91m[32m'[ ]'[39m[31m[91m[33m}[39m[31m[91m[33m.custom-checkbox[39m[31m[91m [33m.custom-control-input[39m[31m[91m[33m:[39m[31m[91mchecked~.custom-control-label[33m{[39m[31m[91mcolor[33m:[39m[31m[91m[35m#fff[39m[31m[91m[33m}[39m[31m[91m[33m.custom-checkbox[39m[31m[91m [33m.custom-control-input[39m[31m[91m[33m:[39m[31m[91mchecked~.custom-control-label[33m:[39m[31m[91m[33m:[39m[31m[91mafter[33m{[39m[31m[91mcolor[33m:[39m[31m[91m[35m#fff[39m[31m[91m[33m;[39m[31m[91mcontent[33m:[39m[31m[91m[32m'[X]'[39m[31m[91m[33m}[39m[31m[91m[33m.custom-checkbox[39m[31m[91m [33m.custom-control-input[39m[31m[91m[33m:[39m[31m[91mdisabled[33m:[39m[31m[91mchecked~.custom-control-label[33m:[39m[31m[91m[33m:[39m[31m[91mbefore[33m{[39m[31m[91mcolor[33m:[39m[31m[91m[35m#555[39m[31m[91m[33m}[39m[31m[91m[33m.custom-radio[39m[31m[91m [33m.custom-control-label[39m[31m[91m[33m:[39m[31m[91m[33m:[39m[31m[91mafter[33m{[39m[31m[91mcontent[33m:[39m[31m[91m[32m'( )'[39m[31m[91m[33m}[39m[31m[91m[33m.custom-radio[39m[31m[91m [33m.custom-control-input[39m[31m[91m[33m:[39m[31m[91mchecked~.custom-control-label[33m{[39m[31m[91mcolor[33m:[39m[31m[91m[35m#fff[39m[31m[91m[33m}[39m[31m[91m[33m.custom-radio[39m[31m[91m [33m.custom-control-input[39m[31m[91m[33m:[39m[31m[91mchecked~.custom-control-label[33m:[39m[31m[91m[33m:[39m[31m[91mafter[33m{[39m[31m[91mcolor[33m:[39m[31m[91m[35m#fff[39m[31m[91m[33m;[39m[31m[91mcontent[33m:[39m[31m[91m[32m'(*)'[39m[31m[91m[33[39m[22m[1m[31mm}[39m[31m[91m[33m.custom-radio[39m[31m[91m [33m.custom-control-input[39m[31m[91m[33m:[39m[31m[91mdisabled[33m:[39m[31m[91mchecked~.custom-control-label[33m:[39m[31m[91m[33m:[39m[31m[91mafter[33m{[39m[31m[91mcolor[33m:[39m[31m[91m[35m#555[39m[31m[91m[33m}[39m[31m[91m[33m.custom-switch[39m[31m[91m[33m{[39m[31m[91mpadding-left[33m:[39m[31m[91m32px[33m}[39m[31m[91m[33m.custom-switch[39m[31m[91m [33m.custom-control-label[39m[31m[91m[33m:[39m[31m[91m[33m:[39m[31m[91mbefore[33m{[39m[31m[91mleft[33m:[39m[31m[91m-32px[33m;[39m[31m[91mwidth[33m:[39m[31m[91m32px[33m;[39m[31m[91mpointer-events[33m:[39m[31m[91mall[33m}[39m[31m[91m[33m.custom-switch[39m[31m[91m [33m.custom-control-label[39m[31m[91m[33m:[39m[31m[91m[33m:[39m[31m[91mafter[33m{[39m[31m[91mtop[33m:[39m[31m[91m0[33m;[39m[31m[91mleft[33m:[39m[31m[91m-32px[33m;[39m[31m[91mwidth[33m:[39m[31m[91m32px[33m;[39m[31m[91mheight[33m:[39m[31m[91m14px[33m;[39m[31m[91mcontent[33m:[39m[31m[91m[32m'\2588\2591\2591'[39m[31m[91m[33m}[39m[31m[91m[33m.custom-switch[39m[31m[91m [33m.custom-control-input[39m[31m[91m[33m:[39m[31m[91mchecked~.custom-control-label[33m{[39m[31m[91mcolor[33m:[39m[31m[91m[35m#fff[39m[31m[91m[33m}[39m[31m[91m[33m.custom-switch[39m[31m[91m [33m.custom-control-input[39m[31m[91m[33m:[39m[31m[91mchecked~.custom-control-label[33m:[39m[31m[91m[33m:[39m[31m[91mafter[33m{[39m[31m[91mcontent[33m:[39m[31m[91m[32m'\2591\2591\2588'[39m[31m[91m[33m;[39m[31m[91mcolor[33m:[39m[31m[91m[35m#fff[39m[31m[91m[33m}[39m[31m[91m[33m.custom-switch[39m[31m[91m [33m.custom-control-input[39m[31m[91m[33m:[39m[31m[91mdisabled[33m:[39m[31m[91mchecked~.custom-control-label[33m:[39m[31m[91m[33m:[39m[31m[91mbefore[33m{[39m[31m[91mcolor[33m:[39m[31m[91m[35m#555[39m[31m[91m[33m}[39m[31m[91m[33m.custom-select[39m[31m[91m[33m{[39m[31m[91mdisplay[33m:[39m[31m[91minline-block[33m;[39m[31m[91mwidth[33m:[39m[31m[91m100%[33m;[39m[31m[91mheight[33m:[39m[31m[91m14px[33m;[39m[31m[91mpadding[33m:[39m[31m[91m0[33m;[39m[31m[91mcolor[33m:[39m[31m[91m[35m#000[39m[31m[91m[33m;[39m[31m[91mvertical-align[33m:[39m[31m[91mmiddle[33m;[39m[31m[91mbackg[39m[22m[1m[31mround[33m:[39m[31m[91m[36murl[39m[31m[91m[36m(assets/fonts/arrow-down-black.svg)[39m[31m[91m no-repeat right center,[35m#bbb[39m[31m[91m[33m;[39m[31m[91mborder[33m:[39m[31m[91m0 solid [35m#555[39m[31m[91m[33m;[39m[31m[91m-webkit-appearance[33m:[39m[31m[91mnone[33m;[39m[31m[91m-moz-appearance[33m:[39m[31m[91mnone[33m;[39m[31m[91mappearance[33m:[39m[31m[91mnone[33m}[39m[31m[91m[33m.custom-select[39m[31m[91m[33m:[39m[31m[91mfocus[33m{[39m[31m[91moutline[33m:[39m[31m[91m0[33m}[39m[31m[91m[33m.custom-select[39m[31m[91m[33m:[39m[31m[91mfocus[33m:[39m[31m[91m[33m:[39m[31m[91m-ms-value[33m{[39m[31m[91mcolor[33m:[39m[31m[91m[35m#fff[39m[31m[91m[33m;[39m[31m[91mbackground-color[33m:[39m[31m[91m[35m#000084[39m[31m[91m[33m}[39m[31m[91m[33m.custom-select[39m[31m[91m[33m[[39m[31m[91mmultiple[33m][39m[31m[91m,.custom-select[33m[[39m[31m[91msize[33m][39m[31m[91m[33m:[39m[31m[91m[36mnot[39m[31m[91m[36m([39m[31m[91m[33m[[39m[31m[91msize=[32m"1"[39m[31m[91m[33m][39m[31m[91m[36m)[39m[31m[91m[33m{[39m[31m[91mheight[33m:[39m[31m[91mauto[33m;[39m[31m[91mpadding-right[33m:[39m[31m[91m0[33m;[39m[31m[91mbackground-image[33m:[39m[31m[91mnone[33m}[39m[31m[91m[33m.custom-select[39m[31m[91m[33m:[39m[31m[91mdisabled[33m{[39m[31m[91mcolor[33m:[39m[31m[91m[35m#555[39m[31m[91m[33m;[39m[31m[91mbackground-color[33m:[39m[31m[91m[35m#555[39m[31m[91m[33m}[39m[31m[91m[33m.custom-select[39m[31m[91m[33m:[39m[31m[91m[33m:[39m[31m[91m-ms-expand[33m{[39m[31m[91mdisplay[33m:[39m[31m[91mnone[33m}[39m[31m[91m[33m.custom-select[39m[31m[91m[33m:[39m[31m[91m-moz-focusring[33m{[39m[31m[91mcolor[33m:[39m[31m[91mtransparent[33m;[39m[31m[91mtext-shadow[33m:[39m[31m[91m0 0 0 [35m#000[39m[31m[91m[33m}[39m[31m[91m[33m.custom-select-sm[39m[31m[91m[33m{[39m[31m[91mheight[33m:[39m[31m[91m14px[33m;[39m[31m[91mfont-size[33m:[39m[31m[91m16px[33m}[39m[31m[91m[33m.custom-select-lg[39m[31m[91m[33m{[39m[31m[91mheight[33m:[39m[31m[91m14px[33m;[39m[31m[91mfont-size[33m:[39m[31m[91m16px[33m}[39m[31m[91m[33m.custom-file[39m[31m[91m[33m{[39m[31m[91mposition[33m:[39m[31m[91mrelative[33m;[39m[31m[91mdisplay[33m:[39m[31m[91minl[39m[22m[1m[31mine-block[33m;[39m[31m[91mwidth[33m:[39m[31m[91m100%[33m;[39m[31m[91mheight[33m:[39m[31m[91m14px[33m;[39m[31m[91mmargin-bottom[33m:[39m[31m[91m0[33m}[39m[31m[91m[33m.custom-file+.input-group-append>.input-group-text[39m[31m[91m[33m{[39m[31m[91mpadding[33m:[39m[31m[91m0 8px[33m;[39m[31m[91mbackground[33m:[39m[31m[91m[35m#a0a[39m[31m[91m[33m;[39m[31m[91mcursor[33m:[39m[31m[91mpointer[33m}[39m[31m[91m[33m.custom-file+.input-group-append>.input-group-text[39m[31m[91m[33m:[39m[31m[91mhover[33m{[39m[31m[91mbackground[33m:[39m[31m[91m[35m#000[39m[31m[91m[33m;[39m[31m[91mcolor[33m:[39m[31m[91m[35m#f5f[39m[31m[91m[33m}[39m[31m[91m[33m.custom-file-input[39m[31m[91m[33m{[39m[31m[91mposition[33m:[39m[31m[91mrelative[33m;[39m[31m[91mz-index[33m:[39m[31m[91m2[33m;[39m[31m[91mwidth[33m:[39m[31m[91m100%[33m;[39m[31m[91mheight[33m:[39m[31m[91m14px[33m;[39m[31m[91mmargin[33m:[39m[31m[91m0[33m;[39m[31m[91mopacity[33m:[39m[31m[91m0[33m}[39m[31m[91m[33m.custom-file-input[39m[31m[91m[33m:[39m[31m[91mfocus~.custom-file-label[33m{[39m[31m[91mborder-color[33m:[39m[31m[91m[35m#404040[39m[31m[91m[33m;[39m[31m[91mbox-shadow[33m:[39m[31m[91m0 0 0 0 [36mrgba[39m[31m[91m[36m(0,0,0,.25)[39m[31m[91m[33m}[39m[31m[91m[33m.custom-file-input[39m[31m[91m[33m:[39m[31m[91mdisabled~.custom-file-label,.custom-file-input[33m[[39m[31m[91mdisabled[33m][39m[31m[91m~.custom-file-label[33m{[39m[31m[91mbackground-color[33m:[39m[31m[91m[35m#555[39m[31m[91m[33m}[39m[31m[91m[33m.custom-file-input[39m[31m[91m[33m:[39m[31m[91m[36mlang[39m[31m[91m[36m(en)[39m[31m[91m~.custom-file-label[33m:[39m[31m[91m[33m:[39m[31m[91mafter[33m{[39m[31m[91mcontent[33m:[39m[31m[91m[32m"[ Browse ]"[39m[31m[91m[33m}[39m[31m[91m[33m.custom-file-input~.custom-file-label[39m[31m[91m[33m[[39m[31m[91mdata-browse[33m][39m[31m[91m[33m:[39m[31m[91m[33m:[39m[31m[91mafter[33m{[39m[31m[91mcontent[33m:[39m[31m[91m[36mattr[39m[31m[91m[36m(data-browse)[39m[31m[91m[33m}[39m[31m[91m[33m.custom-file-label[39m[31m[91m[33m{[39m[31m[91mposition[33m:[39m[31m[91mabsolute[33m;[39m[31m[91mtop[33m:[39m[31m[91m0[33m;[39m[31m[91mright[33m:[39m[31m[[39m[22m[1m[31m91m0[33m;[39m[31m[91mleft[33m:[39m[31m[91m0[33m;[39m[31m[91mz-index[33m:[39m[31m[91m1[33m;[39m[31m[91mheight[33m:[39m[31m[91m14px[33m;[39m[31m[91mpadding[33m:[39m[31m[91m0 0[33m;[39m[31m[91mfont-weight[33m:[39m[31m[91m400[33m;[39m[31m[91mline-height[33m:[39m[31m[91m14px[33m;[39m[31m[91mcolor[33m:[39m[31m[91m[35m#fff[39m[31m[91m[33m;[39m[31m[91mbackground-color[33m:[39m[31m[91m[35m#000084[39m[31m[91m[33m}[39m[31m[91m[33m.custom-file-label[39m[31m[91m[33m:[39m[31m[91m[33m:[39m[31m[91mafter[33m{[39m[31m[91mposition[33m:[39m[31m[91mabsolute[33m;[39m[31m[91mpadding[33m:[39m[31m[91m0[33m;[39m[31m[91mtop[33m:[39m[31m[91m0[33m;[39m[31m[91mright[33m:[39m[31m[91m0[33m;[39m[31m[91mbottom[33m:[39m[31m[91m0[33m;[39m[31m[91mz-index[33m:[39m[31m[91m3[33m;[39m[31m[91mdisplay[33m:[39m[31m[91mblock[33m;[39m[31m[91mbackground[33m:[39m[31m[91m[35m#bbb[39m[31m[91m[33m;[39m[31m[91mcolor[33m:[39m[31m[91m[35m#000[39m[31m[91m[33m}[39m[31m[91m[33m.custom-range[39m[31m[91m[33m{[39m[31m[91mwidth[33m:[39m[31m[91m100%[33m;[39m[31m[91mheight[33m:[39m[31m[91m7px[33m;[39m[31m[91mpadding[33m:[39m[31m[91m0[33m;[39m[31m[91mbackground-color[33m:[39m[31m[91mtransparent[33m;[39m[31m[91m-webkit-appearance[33m:[39m[31m[91mnone[33m;[39m[31m[91m-moz-appearance[33m:[39m[31m[91mnone[33m;[39m[31m[91mappearance[33m:[39m[31m[91mnone[33m}[39m[31m[91m[33m.custom-range[39m[31m[91m[33m:[39m[31m[91mfocus[33m{[39m[31m[91moutline[33m:[39m[31m[91m0[33m}[39m[31m[91m[33m.custom-range[39m[31m[91m[33m:[39m[31m[91mfocus[33m:[39m[31m[91m[33m:[39m[31m[91m-webkit-slider-thumb[33m{[39m[31m[91mbox-shadow[33m:[39m[31m[91m0[33m}[39m[31m[91m[33m.custom-range[39m[31m[91m[33m:[39m[31m[91mfocus[33m:[39m[31m[91m[33m:[39m[31m[91m-moz-range-thumb[33m{[39m[31m[91mbox-shadow[33m:[39m[31m[91m0[33m}[39m[31m[91m[33m.custom-range[39m[31m[91m[33m:[39m[31m[91mfocus[33m:[39m[31m[91m[33m:[39m[31m[91m-ms-thumb[33m{[39m[31m[91mbox-shadow[33m:[39m[31m[91m0[33m}[39m[31m[91m[33m.custom-range[39m[31m[91m[33m:[39m[31m[91m[33m:[39m[31m[91m-moz-focus-outer[33m{[39m[31m[91mborder[33m:[39m[31m[91m0[33m}[39m[31m[91m[33m.custom-range[39m[31m[91m[33m:[39m[22m[1m[31m[39m[91m[33m:[39m[31m[91m-webkit-slider-thumb[33m{[39m[31m[91mwidth[33m:[39m[31m[91m8px[33m;[39m[31m[91mheight[33m:[39m[31m[91m14px[33m;[39m[31m[91mbackground[33m:[39m[31m[91m[35m#000[39m[31m[91m[33m;[39m[31m[91mmargin[33m:[39m[31m[91m0[33m;[39m[31m[91mborder[33m:[39m[31m[91m0[33m;[39m[31m[91m-webkit-appearance[33m:[39m[31m[91mnone[33m;[39m[31m[91mappearance[33m:[39m[31m[91mnone[33m}[39m[31m[91m[33m.custom-range[39m[31m[91m[33m:[39m[31m[91m[33m:[39m[31m[91m-webkit-slider-runnable-track[33m{[39m[31m[91mwidth[33m:[39m[31m[91m100%[33m;[39m[31m[91mheight[33m:[39m[31m[91m14px[33m;[39m[31m[91mcolor[33m:[39m[31m[91mtransparent[33m;[39m[31m[91mcursor[33m:[39m[31m[91mnone[33m;[39m[31m[91mmargin[33m:[39m[31m[91m0[33m;[39m[31m[91mbackground[33m:[39m[31m[91m[36murl[39m[31m[91m[36m(assets/fonts/hyphen-black.svg)[39m[31m[91m repeat-x left center,[35m#bbb[39m[31m[91m[33m;[39m[31m[91mborder-color[33m:[39m[31m[91mtransparent[33m}[39m[31m[91m[33m.custom-range[39m[31m[91m[33m:[39m[31m[91m[33m:[39m[31m[91m-moz-range-thumb[33m{[39m[31m[91mwidth[33m:[39m[31m[91m8px[33m;[39m[31m[91mheight[33m:[39m[31m[91m11px[33m;[39m[31m[91mborder[33m:[39m[31m[91m0[33m;[39m[31m[91mmargin[33m:[39m[31m[91m0[33m;[39m[31m[91mpadding[33m:[39m[31m[91m0[33m;[39m[31m[91mbackground[33m:[39m[31m[91m[35m#000[39m[31m[91m[33m;[39m[31m[91mborder-radius[33m:[39m[31m[91m0[33m;[39m[31m[91m-moz-appearance[33m:[39m[31m[91mnone[33m;[39m[31m[91mappearance[33m:[39m[31m[91mnone[33m}[39m[31m[91m[33m.custom-range[39m[31m[91m[33m:[39m[31m[91m[33m:[39m[31m[91m-moz-range-track[33m{[39m[31m[91mwidth[33m:[39m[31m[91m100%[33m;[39m[31m[91mheight[33m:[39m[31m[91m14px[33m;[39m[31m[91mcolor[33m:[39m[31m[91mtransparent[33m;[39m[31m[91mcursor[33m:[39m[31m[91mnone[33m;[39m[31m[91mbackground[33m:[39m[31m[91m[36murl[39m[31m[91m[36m(assets/fonts/hyphen-black.svg)[39m[31m[91m repeat-x left center,[35m#bbb[39m[31m[91m[33m;[39m[31m[91mborder-color[33m:[39m[31m[91mtransparent[33m}[39m[31m[91m[33m.custom-range[39m[31m[91m[33m:[39m[31m[91m[33m:[39m[31m[91m-ms-thumb[33m{[39m[31m[91mwidth[33m:[39m[31m[91m8px[33m;[39m[31m[91mheight[33m[39m[22m[1m[31m:[39m[31m[91m14px[33m;[39m[31m[91mmargin-top[33m:[39m[31m[91m0[33m;[39m[31m[91mmargin-right[33m:[39m[31m[91m0[33m;[39m[31m[91mmargin-left[33m:[39m[31m[91m0[33m;[39m[31m[91mborder[33m:[39m[31m[91m0[33m;[39m[31m[91mappearance[33m:[39m[31m[91mnone[33m}[39m[31m[91m[33m.custom-range[39m[31m[91m[33m:[39m[31m[91m[33m:[39m[31m[91m-ms-track[33m{[39m[31m[91mwidth[33m:[39m[31m[91m100%[33m;[39m[31m[91mheight[33m:[39m[31m[91m14px[33m;[39m[31m[91mcolor[33m:[39m[31m[91mtransparent[33m;[39m[31m[91mcursor[33m:[39m[31m[91mnone[33m;[39m[31m[91mbackground-color[33m:[39m[31m[91mtransparent[33m;[39m[31m[91mborder-color[33m:[39m[31m[91mtransparent[33m;[39m[31m[91mborder-width[33m:[39m[31m[91m7px[33m}[39m[31m[91m[33m.custom-range[39m[31m[91m[33m:[39m[31m[91m[33m:[39m[31m[91m-ms-fill-lower[33m{[39m[31m[91mbackground-color[33m:[39m[31m[91m[35m#fff[39m[31m[91m[33m}[39m[31m[91m[33m.custom-range[39m[31m[91m[33m:[39m[31m[91m[33m:[39m[31m[91m-ms-fill-upper[33m{[39m[31m[91mmargin-right[33m:[39m[31m[91m15px[33m;[39m[31m[91mbackground-color[33m:[39m[31m[91m[35m#fff[39m[31m[91m[33m}[39m[31m[91m[33m.custom-range[39m[31m[91m[33m:[39m[31m[91mdisabled[33m:[39m[31m[91m[33m:[39m[31m[91m-webkit-slider-thumb[33m{[39m[31m[91mbackground-color[33m:[39m[31m[91m[35m#555[39m[31m[91m[33m}[39m[31m[91m[33m.custom-range[39m[31m[91m[33m:[39m[31m[91mdisabled[33m:[39m[31m[91m[33m:[39m[31m[91m-webkit-slider-runnable-track[33m{[39m[31m[91mcursor[33m:[39m[31m[91mdefault[33m}[39m[31m[91m[33m.custom-range[39m[31m[91m[33m:[39m[31m[91mdisabled[33m:[39m[31m[91m[33m:[39m[31m[91m-moz-range-thumb[33m{[39m[31m[91mbackground-color[33m:[39m[31m[91m[35m#555[39m[31m[91m[33m}[39m[31m[91m[33m.custom-range[39m[31m[91m[33m:[39m[31m[91mdisabled[33m:[39m[31m[91m[33m:[39m[31m[91m-moz-range-track[33m{[39m[31m[91mcursor[33m:[39m[31m[91mdefault[33m}[39m[31m[91m[33m.custom-range[39m[31m[91m[33m:[39m[31m[91mdisabled[33m:[39m[31m[91m[33m:[39m[31m[91m-ms-thumb[33m{[39m[31m[91mbackground-color[33m:[39m[31m[91m[35m#555[39m[31m[91m[33m}[39m[31m[91m[33m.nav[39m[31m[91m[33m{[39m[31m[91mdisplay[33m:[39m[31m[91m-ms-flexbox[33m;[39m[31m[91mdispl[39m[22m[1m[31may[33m:[39m[31m[91mflex[33m;[39m[31m[91m-ms-flex-wrap[33m:[39m[31m[91mnowrap[33m;[39m[31m[91mflex-wrap[33m:[39m[31m[91mnowrap[33m;[39m[31m[91mpadding-left[33m:[39m[31m[91m0[33m;[39m[31m[91mmargin-bottom[33m:[39m[31m[91m0[33m;[39m[31m[91mlist-style[33m:[39m[31m[91mnone[33m}[39m[31m[91m[33m.nav-link[39m[31m[91m[33m{[39m[31m[91mdisplay[33m:[39m[31m[91mblock[33m;[39m[31m[91mpadding[33m:[39m[31m[91m0 0[33m}[39m[31m[91m[33m.nav-link[39m[31m[91m[33m:[39m[31m[91mfocus,.nav-link[33m:[39m[31m[91mhover[33m{[39m[31m[91mtext-decoration[33m:[39m[31m[91mnone[33m}[39m[31m[91m[33m.nav-link.disabled[39m[31m[91m[33m{[39m[31m[91mcolor[33m:[39m[31m[91m[35m#555[39m[31m[91m[33m;[39m[31m[91mpointer-events[33m:[39m[31m[91mnone[33m;[39m[31m[91mcursor[33m:[39m[31m[91mdefault[33m}[39m[31m[91m[33m.nav-item[39m[31m[91m[33m{[39m[31m[91mpadding[33m:[39m[31m[91m0[33m}[39m[31m[91m[33m.nav-tabs[39m[31m[91m[33m{[39m[31m[91mheight[33m:[39m[31m[91m35px[33m;[39m[31m[91mmargin-left[33m:[39m[31m[91m0[33m;[39m[31m[91mpadding-left[33m:[39m[31m[91m8px[33m;[39m[31m[91mborder-bottom[33m:[39m[31m[91m1px solid [35m#bbb[39m[31m[91m[33m;[39m[31m[91mmargin-bottom[33m:[39m[31m[91m9px[33m}[39m[31m[91m[33m.nav-tabs[39m[31m[91m [33m.nav-item[39m[31m[91m[33m{[39m[31m[91mmargin[33m:[39m[31m[91m0[33m}[39m[31m[91m[33m.nav-tabs[39m[31m[91m [33m.nav-link[39m[31m[91m[33m{[39m[31m[91mborder[33m:[39m[31m[91m[33m.875px[39m[31m[91m solid [35m#bbb[39m[31m[91m[33m;[39m[31m[91mmargin-top[33m:[39m[31m[91m7px[33m;[39m[31m[91mpadding-top[33m:[39m[31m[91m6.125px[33m;[39m[31m[91mpadding-bottom[33m:[39m[31m[91m7px[33m;[39m[31m[91mmargin-bottom[33m:[39m[31m[91m6.125px[33m;[39m[31m[91mborder-left-width[33m:[39m[31m[91m2px[33m;[39m[31m[91mborder-right-width[33m:[39m[31m[91m2px[33m;[39m[31m[91mmargin-left[33m:[39m[31m[91m3.5px[33m;[39m[31m[91mpadding-left[33m:[39m[31m[91m10.5px[33m;[39m[31m[91mpadding-right[33m:[39m[31m[91m11.5px[33m;[39m[31m[91mmargin-right[33m:[39m[31m[91m2.5px[33m;[39m[31m[91mcolor[33m:[39m[31m[91m[35m#bbb[39m[31m[91m[33m;[39m[31m[91mbackground-color[33m:[39m[31m[91m[35m#000084[39m[31m[91m[33m;[39m[31m[91mbord[39m[22m[1m[31mer-bottom[33m:[39m[31m[91m0[33m}[39m[31m[91m[33m.nav-tabs[39m[31m[91m [33m.nav-link.disabled[39m[31m[91m[33m{[39m[31m[91mborder[33m:[39m[31m[91m0[33m;[39m[31m[91mpadding-bottom[33m:[39m[31m[91m0[33m;[39m[31m[91mcolor[33m:[39m[31m[91m[35m#555[39m[31m[91m[33m}[39m[31m[91m[33m.nav-tabs[39m[31m[91m [33m.nav-item.show[39m[31m[91m [33m.nav-link,.nav-tabs[39m[31m[91m [33m.nav-link.active[39m[31m[91m[33m{[39m[31m[91moutline[33m:[39m[31m[91m0[33m;[39m[31m[91mcolor[33m:[39m[31m[91m[35m#fff[39m[31m[91m[33m}[39m[31m[91m[33m.nav-tabs[39m[31m[91m [33m.dropdown-menu[39m[31m[91m[33m{[39m[31m[91mmargin-top[33m:[39m[31m[91m-1px[33m;[39m[31m[91mmargin-left[33m:[39m[31m[91m0[33m}[39m[31m[91m[33m.nav-pills[39m[31m[91m [33m.nav-link[39m[31m[91m[33m:[39m[31m[91m[33m:[39m[31m[91mbefore[33m{[39m[31m[91mcontent[33m:[39m[31m[91m[32m'('[39m[31m[91m[33m;[39m[31m[91mmargin-right[33m:[39m[31m[91m8px[33m}[39m[31m[91m[33m.nav-pills[39m[31m[91m [33m.nav-link[39m[31m[91m[33m:[39m[31m[91m[33m:[39m[31m[91mafter[33m{[39m[31m[91mcontent[33m:[39m[31m[91m[32m')'[39m[31m[91m[33m;[39m[31m[91mmargin-left[33m:[39m[31m[91m8px[33m}[39m[31m[91m[33m.nav-pills[39m[31m[91m [33m.nav-link.active,.nav-pills[39m[31m[91m [33m.show>.nav-link[39m[31m[91m[33m{[39m[31m[91mcolor[33m:[39m[31m[91m[35m#fff[39m[31m[91m[33m;[39m[31m[91mbackground-color[33m:[39m[31m[91m[35m#000[39m[31m[91m[33m}[39m[31m[91m[33m.nav-fill[39m[31m[91m [33m.nav-item[39m[31m[91m[33m{[39m[31m[91m-ms-flex[33m:[39m[31m[91m1 1 auto[33m;[39m[31m[91mflex[33m:[39m[31m[91m1 1 auto[33m;[39m[31m[91mtext-align[33m:[39m[31m[91mcenter[33m}[39m[31m[91m[33m.nav-justified[39m[31m[91m [33m.nav-item[39m[31m[91m[33m{[39m[31m[91m-ms-flex-preferred-size[33m:[39m[31m[91m0[33m;[39m[31m[91mflex-basis[33m:[39m[31m[91m0[33m;[39m[31m[91m-ms-flex-positive[33m:[39m[31m[91m1[33m;[39m[31m[91mflex-grow[33m:[39m[31m[91m1[33m;[39m[31m[91mtext-align[33m:[39m[31m[91mcenter[33m}[39m[31m[91m[33m.tab-content>.tab-pane[39m[31m[91m[33m{[39m[31m[91mdisplay[33m:[39m[31m[91mnone[33m}[39m[31m[91m[33m.tab-content>.active[39m[31m[91m[33m{[39m[31m[91mdisplay[33m:[39m[31m[91mblock[33m}[[39m[22m[1m[31m39m[91m[33m.navbar[39m[31m[91m[33m{[39m[31m[91mposition[33m:[39m[31m[91mrelative[33m;[39m[31m[91mdisplay[33m:[39m[31m[91m-ms-flexbox[33m;[39m[31m[91mdisplay[33m:[39m[31m[91mflex[33m;[39m[31m[91m-ms-flex-wrap[33m:[39m[31m[91mwrap[33m;[39m[31m[91mflex-wrap[33m:[39m[31m[91mwrap[33m;[39m[31m[91m-ms-flex-align[33m:[39m[31m[91mcenter[33m;[39m[31m[91malign-items[33m:[39m[31m[91mcenter[33m;[39m[31m[91m-ms-flex-pack[33m:[39m[31m[91mjustify[33m;[39m[31m[91mjustify-content[33m:[39m[31m[91mspace-between[33m;[39m[31m[91mpadding[33m:[39m[31m[91m0[33m}[39m[31m[91m[33m.navbar[39m[31m[91m [33m.container,.navbar[39m[31m[91m [33m.container-fluid,.navbar[39m[31m[91m [33m.container-lg,.navbar[39m[31m[91m [33m.container-md,.navbar[39m[31m[91m [33m.container-sm,.navbar[39m[31m[91m [33m.container-xl[39m[31m[91m[33m{[39m[31m[91mdisplay[33m:[39m[31m[91m-ms-flexbox[33m;[39m[31m[91mdisplay[33m:[39m[31m[91mflex[33m;[39m[31m[91m-ms-flex-wrap[33m:[39m[31m[91mwrap[33m;[39m[31m[91mflex-wrap[33m:[39m[31m[91mwrap[33m;[39m[31m[91m-ms-flex-align[33m:[39m[31m[91mcenter[33m;[39m[31m[91malign-items[33m:[39m[31m[91mcenter[33m;[39m[31m[91m-ms-flex-pack[33m:[39m[31m[91mjustify[33m;[39m[31m[91mjustify-content[33m:[39m[31m[91mspace-between[33m}[39m[31m[91m[33m.navbar-brand[39m[31m[91m[33m{[39m[31m[91mdisplay[33m:[39m[31m[91minline-block[33m;[39m[31m[91mmargin[33m:[39m[31m[91m0[33m;[39m[31m[91mpadding[33m:[39m[31m[91m0 8px[33m;[39m[31m[91mline-height[33m:[39m[31m[91minherit[33m;[39m[31m[91mwhite-space[33m:[39m[31m[91mnowrap[33m;[39m[31m[91mcolor[33m:[39m[31m[91m[35m#000084[39m[31m[91m[33m}[39m[31m[91m[33m.navbar-brand[39m[31m[91m[33m:[39m[31m[91mfocus,.navbar-brand[33m:[39m[31m[91mhover[33m{[39m[31m[91mtext-decoration[33m:[39m[31m[91mnone[33m}[39m[31m[91m[33m.navbar-nav[39m[31m[91m[33m{[39m[31m[91mdisplay[33m:[39m[31m[91m-ms-flexbox[33m;[39m[31m[91mdisplay[33m:[39m[31m[91mflex[33m;[39m[31m[91m-ms-flex-direction[33m:[39m[31m[91mcolumn[33m;[39m[31m[91mflex-direction[33m:[39m[31m[91mcolumn[33m;[39m[31m[91mpadding-left[33m:[39m[31m[91m0[33m;[39m[31m[91mmargin-bottom[33m:[39m[31m[91m0[33m;[3[39m[22m[1m[31m9m[91mlist-style[33m:[39m[31m[91mnone[33m}[39m[31m[91m[33m.navbar-nav[39m[31m[91m [33m.nav-link[39m[31m[91m[33m{[39m[31m[91mpadding-right[33m:[39m[31m[91m0[33m;[39m[31m[91mpadding-left[33m:[39m[31m[91m0[33m}[39m[31m[91m[33m.navbar-nav[39m[31m[91m [33m.dropdown-menu[39m[31m[91m[33m{[39m[31m[91mposition[33m:[39m[31m[91mstatic[33m;[39m[31m[91mfloat[33m:[39m[31m[91mnone[33m}[39m[31m[91m[33m.navbar-text[39m[31m[91m[33m{[39m[31m[91mdisplay[33m:[39m[31m[91minline-block[33m;[39m[31m[91mpadding-top[33m:[39m[31m[91m0[33m;[39m[31m[91mpadding-bottom[33m:[39m[31m[91m0[33m}[39m[31m[91m[33m.navbar-collapse[39m[31m[91m[33m{[39m[31m[91m-ms-flex-preferred-size[33m:[39m[31m[91m100%[33m;[39m[31m[91mflex-basis[33m:[39m[31m[91m100%[33m;[39m[31m[91m-ms-flex-positive[33m:[39m[31m[91m1[33m;[39m[31m[91mflex-grow[33m:[39m[31m[91m1[33m;[39m[31m[91m-ms-flex-align[33m:[39m[31m[91mcenter[33m;[39m[31m[91malign-items[33m:[39m[31m[91mcenter[33m}[39m[31m[91m[33m.navbar-toggler[39m[31m[91m[33m{[39m[31m[91mpadding[33m:[39m[31m[91m0 0[33m;[39m[31m[91mfont-size[33m:[39m[31m[91m16px[33m;[39m[31m[91mbackground-color[33m:[39m[31m[91mtransparent[33m;[39m[31m[91mborder[33m:[39m[31m[91m0 solid transparent[33m}[39m[31m[91m[33m.navbar-toggler[39m[31m[91m[33m:[39m[31m[91mfocus,.navbar-toggler[33m:[39m[31m[91mhover[33m{[39m[31m[91mtext-decoration[33m:[39m[31m[91mnone[33m}[39m[31m[91m[33m.navbar-toggler-icon[39m[31m[91m[33m{[39m[31m[91mdisplay[33m:[39m[31m[91minline-block[33m;[39m[31m[91mwidth[33m:[39m[31m[91m16px[33m;[39m[31m[91mheight[33m:[39m[31m[91m14px[33m;[39m[31m[91mvertical-align[33m:[39m[31m[91mmiddle[33m;[39m[31m[91mcontent[33m:[39m[31m[91m[32m""[39m[31m[91m[33m;[39m[31m[91mbackground[33m:[39m[31m[91mno-repeat center center[33m;[39m[31m[91mbackground-size[33m:[39m[31m[91m100% 100%[33m}[39m[31m[91m[36m@media[39m[31m[91m[36m [39m[31m[91m[36m(max-width:575.98px)[39m[31m[91m[33m{[39m[31m[91m[33m.navbar-expand-sm>.container,.navbar-expand-sm>.container-fluid,.navbar-expand-sm>.container-lg,.navbar-expand-sm>.container-md,.navbar-expand-sm>.container-sm,.navbar-expand-sm>.container-[39m[22m[1m[31mxl[39m[31m[91m[33m{[39m[31m[91mpadding-right[33m:[39m[31m[91m0[33m;[39m[31m[91mpadding-left[33m:[39m[31m[91m0[33m}[39m[31m[91m[33m}[39m[31m[91m[36m@media[39m[31m[91m[36m [39m[31m[91m[36m(min-width:576px)[39m[31m[91m[33m{[39m[31m[91m[33m.navbar-expand-sm[39m[31m[91m[33m{[39m[31m[91m-ms-flex-flow[33m:[39m[31m[91mrow nowrap[33m;[39m[31m[91mflex-flow[33m:[39m[31m[91mrow nowrap[33m;[39m[31m[91m-ms-flex-pack[33m:[39m[31m[91mstart[33m;[39m[31m[91mjustify-content[33m:[39m[31m[91mflex-start[33m}[39m[31m[91m[33m.navbar-expand-sm[39m[31m[91m [33m.navbar-nav[39m[31m[91m[33m{[39m[31m[91m-ms-flex-direction[33m:[39m[31m[91mrow[33m;[39m[31m[91mflex-direction[33m:[39m[31m[91mrow[33m}[39m[31m[91m[33m.navbar-expand-sm[39m[31m[91m [33m.navbar-nav[39m[31m[91m [33m.dropdown-menu[39m[31m[91m[33m{[39m[31m[91mposition[33m:[39m[31m[91mabsolute[33m}[39m[31m[91m[33m.navbar-expand-sm[39m[31m[91m [33m.navbar-nav[39m[31m[91m [33m.nav-link[39m[31m[91m[33m{[39m[31m[91mpadding-right[33m:[39m[31m[91m8px[33m;[39m[31m[91mpadding-left[33m:[39m[31m[91m8px[33m}[39m[31m[91m[33m.navbar-expand-sm>.container,.navbar-expand-sm>.container-fluid,.navbar-expand-sm>.container-lg,.navbar-expand-sm>.container-md,.navbar-expand-sm>.container-sm,.navbar-expand-sm>.container-xl[39m[31m[91m[33m{[39m[31m[91m-ms-flex-wrap[33m:[39m[31m[91mnowrap[33m;[39m[31m[91mflex-wrap[33m:[39m[31m[91mnowrap[33m}[39m[31m[91m[33m.navbar-expand-sm[39m[31m[91m [33m.navbar-collapse[39m[31m[91m[33m{[39m[31m[91mdisplay[33m:[39m[31m[91m-ms-flexbox!important[33m;[39m[31m[91mdisplay[33m:[39m[31m[91mflex!important[33m;[39m[31m[91m-ms-flex-preferred-size[33m:[39m[31m[91mauto[33m;[39m[31m[91mflex-basis[33m:[39m[31m[91mauto[33m}[39m[31m[91m[33m.navbar-expand-sm[39m[31m[91m [33m.navbar-toggler[39m[31m[91m[33m{[39m[31m[91mdisplay[33m:[39m[31m[91mnone[33m}[39m[31m[91m[33m}[39m[31m[91m[36m@media[39m[31m[91m[36m [39m[31m[91m[36m(max-width:767.98px)[39m[31m[91m[33m{[39m[31m[91m[33m.navbar-expand-md>.container,.navbar-expand-md>.container-fluid,.navbar-expand-md>.container-lg,.navbar-expand-md>.container-md,.navbar-expand-md[39m[22m[1m[31m>.container-sm,.navbar-expand-md>.container-xl[39m[31m[91m[33m{[39m[31m[91mpadding-right[33m:[39m[31m[91m0[33m;[39m[31m[91mpadding-left[33m:[39m[31m[91m0[33m}[39m[31m[91m[33m}[39m[31m[91m[36m@media[39m[31m[91m[36m [39m[31m[91m[36m(min-width:768px)[39m[31m[91m[33m{[39m[31m[91m[33m.navbar-expand-md[39m[31m[91m[33m{[39m[31m[91m-ms-flex-flow[33m:[39m[31m[91mrow nowrap[33m;[39m[31m[91mflex-flow[33m:[39m[31m[91mrow nowrap[33m;[39m[31m[91m-ms-flex-pack[33m:[39m[31m[91mstart[33m;[39m[31m[91mjustify-content[33m:[39m[31m[91mflex-start[33m}[39m[31m[91m[33m.navbar-expand-md[39m[31m[91m [33m.navbar-nav[39m[31m[91m[33m{[39m[31m[91m-ms-flex-direction[33m:[39m[31m[91mrow[33m;[39m[31m[91mflex-direction[33m:[39m[31m[91mrow[33m}[39m[31m[91m[33m.navbar-expand-md[39m[31m[91m [33m.navbar-nav[39m[31m[91m [33m.dropdown-menu[39m[31m[91m[33m{[39m[31m[91mposition[33m:[39m[31m[91mabsolute[33m}[39m[31m[91m[33m.navbar-expand-md[39m[31m[91m [33m.navbar-nav[39m[31m[91m [33m.nav-link[39m[31m[91m[33m{[39m[31m[91mpadding-right[33m:[39m[31m[91m8px[33m;[39m[31m[91mpadding-left[33m:[39m[31m[91m8px[33m}[39m[31m[91m[33m.navbar-expand-md>.container,.navbar-expand-md>.container-fluid,.navbar-expand-md>.container-lg,.navbar-expand-md>.container-md,.navbar-expand-md>.container-sm,.navbar-expand-md>.container-xl[39m[31m[91m[33m{[39m[31m[91m-ms-flex-wrap[33m:[39m[31m[91mnowrap[33m;[39m[31m[91mflex-wrap[33m:[39m[31m[91mnowrap[33m}[39m[31m[91m[33m.navbar-expand-md[39m[31m[91m [33m.navbar-collapse[39m[31m[91m[33m{[39m[31m[91mdisplay[33m:[39m[31m[91m-ms-flexbox!important[33m;[39m[31m[91mdisplay[33m:[39m[31m[91mflex!important[33m;[39m[31m[91m-ms-flex-preferred-size[33m:[39m[31m[91mauto[33m;[39m[31m[91mflex-basis[33m:[39m[31m[91mauto[33m}[39m[31m[91m[33m.navbar-expand-md[39m[31m[91m [33m.navbar-toggler[39m[31m[91m[33m{[39m[31m[91mdisplay[33m:[39m[31m[91mnone[33m}[39m[31m[91m[33m}[39m[31m[91m[36m@media[39m[31m[91m[36m [39m[31m[91m[36m(max-width:959.98px)[39m[31m[91m[33m{[39m[31m[91m[33m.navbar-expand-lg>.container,.navbar-expand-lg>.container-fluid,.navbar-expand-lg>.container-lg,.navb[39m[22m[1m[31mar-expand-lg>.container-md,.navbar-expand-lg>.container-sm,.navbar-expand-lg>.container-xl[39m[31m[91m[33m{[39m[31m[91mpadding-right[33m:[39m[31m[91m0[33m;[39m[31m[91mpadding-left[33m:[39m[31m[91m0[33m}[39m[31m[91m[33m}[39m[31m[91m[36m@media[39m[31m[91m[36m [39m[31m[91m[36m(min-width:960px)[39m[31m[91m[33m{[39m[31m[91m[33m.navbar-expand-lg[39m[31m[91m[33m{[39m[31m[91m-ms-flex-flow[33m:[39m[31m[91mrow nowrap[33m;[39m[31m[91mflex-flow[33m:[39m[31m[91mrow nowrap[33m;[39m[31m[91m-ms-flex-pack[33m:[39m[31m[91mstart[33m;[39m[31m[91mjustify-content[33m:[39m[31m[91mflex-start[33m}[39m[31m[91m[33m.navbar-expand-lg[39m[31m[91m [33m.navbar-nav[39m[31m[91m[33m{[39m[31m[91m-ms-flex-direction[33m:[39m[31m[91mrow[33m;[39m[31m[91mflex-direction[33m:[39m[31m[91mrow[33m}[39m[31m[91m[33m.navbar-expand-lg[39m[31m[91m [33m.navbar-nav[39m[31m[91m [33m.dropdown-menu[39m[31m[91m[33m{[39m[31m[91mposition[33m:[39m[31m[91mabsolute[33m}[39m[31m[91m[33m.navbar-expand-lg[39m[31m[91m [33m.navbar-nav[39m[31m[91m [33m.nav-link[39m[31m[91m[33m{[39m[31m[91mpadding-right[33m:[39m[31m[91m8px[33m;[39m[31m[91mpadding-left[33m:[39m[31m[91m8px[33m}[39m[31m[91m[33m.navbar-expand-lg>.container,.navbar-expand-lg>.container-fluid,.navbar-expand-lg>.container-lg,.navbar-expand-lg>.container-md,.navbar-expand-lg>.container-sm,.navbar-expand-lg>.container-xl[39m[31m[91m[33m{[39m[31m[91m-ms-flex-wrap[33m:[39m[31m[91mnowrap[33m;[39m[31m[91mflex-wrap[33m:[39m[31m[91mnowrap[33m}[39m[31m[91m[33m.navbar-expand-lg[39m[31m[91m [33m.navbar-collapse[39m[31m[91m[33m{[39m[31m[91mdisplay[33m:[39m[31m[91m-ms-flexbox!important[33m;[39m[31m[91mdisplay[33m:[39m[31m[91mflex!important[33m;[39m[31m[91m-ms-flex-preferred-size[33m:[39m[31m[91mauto[33m;[39m[31m[91mflex-basis[33m:[39m[31m[91mauto[33m}[39m[31m[91m[33m.navbar-expand-lg[39m[31m[91m [33m.navbar-toggler[39m[31m[91m[33m{[39m[31m[91mdisplay[33m:[39m[31m[91mnone[33m}[39m[31m[91m[33m}[39m[31m[91m[36m@media[39m[31m[91m[36m [39m[31m[91m[36m(max-width:1151.98px)[39m[31m[91m[33m{[39m[31m[91m[33m.navbar-expand-xl>.container,.navbar-expand-xl>.containe[39m[22m[1m[31mr-fluid,.navbar-expand-xl>.container-lg,.navbar-expand-xl>.container-md,.navbar-expand-xl>.container-sm,.navbar-expand-xl>.container-xl[39m[31m[91m[33m{[39m[31m[91mpadding-right[33m:[39m[31m[91m0[33m;[39m[31m[91mpadding-left[33m:[39m[31m[91m0[33m}[39m[31m[91m[33m}[39m[31m[91m[36m@media[39m[31m[91m[36m [39m[31m[91m[36m(min-width:1152px)[39m[31m[91m[33m{[39m[31m[91m[33m.navbar-expand-xl[39m[31m[91m[33m{[39m[31m[91m-ms-flex-flow[33m:[39m[31m[91mrow nowrap[33m;[39m[31m[91mflex-flow[33m:[39m[31m[91mrow nowrap[33m;[39m[31m[91m-ms-flex-pack[33m:[39m[31m[91mstart[33m;[39m[31m[91mjustify-content[33m:[39m[31m[91mflex-start[33m}[39m[31m[91m[33m.navbar-expand-xl[39m[31m[91m [33m.navbar-nav[39m[31m[91m[33m{[39m[31m[91m-ms-flex-direction[33m:[39m[31m[91mrow[33m;[39m[31m[91mflex-direction[33m:[39m[31m[91mrow[33m}[39m[31m[91m[33m.navbar-expand-xl[39m[31m[91m [33m.navbar-nav[39m[31m[91m [33m.dropdown-menu[39m[31m[91m[33m{[39m[31m[91mposition[33m:[39m[31m[91mabsolute[33m}[39m[31m[91m[33m.navbar-expand-xl[39m[31m[91m [33m.navbar-nav[39m[31m[91m [33m.nav-link[39m[31m[91m[33m{[39m[31m[91mpadding-right[33m:[39m[31m[91m8px[33m;[39m[31m[91mpadding-left[33m:[39m[31m[91m8px[33m}[39m[31m[91m[33m.navbar-expand-xl>.container,.navbar-expand-xl>.container-fluid,.navbar-expand-xl>.container-lg,.navbar-expand-xl>.container-md,.navbar-expand-xl>.container-sm,.navbar-expand-xl>.container-xl[39m[31m[91m[33m{[39m[31m[91m-ms-flex-wrap[33m:[39m[31m[91mnowrap[33m;[39m[31m[91mflex-wrap[33m:[39m[31m[91mnowrap[33m}[39m[31m[91m[33m.navbar-expand-xl[39m[31m[91m [33m.navbar-collapse[39m[31m[91m[33m{[39m[31m[91mdisplay[33m:[39m[31m[91m-ms-flexbox!important[33m;[39m[31m[91mdisplay[33m:[39m[31m[91mflex!important[33m;[39m[31m[91m-ms-flex-preferred-size[33m:[39m[31m[91mauto[33m;[39m[31m[91mflex-basis[33m:[39m[31m[91mauto[33m}[39m[31m[91m[33m.navbar-expand-xl[39m[31m[91m [33m.navbar-toggler[39m[31m[91m[33m{[39m[31m[91mdisplay[33m:[39m[31m[91mnone[33m}[39m[31m[91m[33m}[39m[31m[91m[33m.navbar-expand[39m[31m[91m[33m{[39m[31m[91m-ms-flex-flow[33m:[39m[31m[91mrow nowrap[33m;[39m[31m[91mflex[39m[22m[1m[31m-flow[33m:[39m[31m[91mrow nowrap[33m;[39m[31m[91m-ms-flex-pack[33m:[39m[31m[91mstart[33m;[39m[31m[91mjustify-content[33m:[39m[31m[91mflex-start[33m}[39m[31m[91m[33m.navbar-expand>.container,.navbar-expand>.container-fluid,.navbar-expand>.container-lg,.navbar-expand>.container-md,.navbar-expand>.container-sm,.navbar-expand>.container-xl[39m[31m[91m[33m{[39m[31m[91mpadding-right[33m:[39m[31m[91m0[33m;[39m[31m[91mpadding-left[33m:[39m[31m[91m0[33m}[39m[31m[91m[33m.navbar-expand[39m[31m[91m [33m.navbar-nav[39m[31m[91m[33m{[39m[31m[91m-ms-flex-direction[33m:[39m[31m[91mrow[33m;[39m[31m[91mflex-direction[33m:[39m[31m[91mrow[33m}[39m[31m[91m[33m.navbar-expand[39m[31m[91m [33m.navbar-nav[39m[31m[91m [33m.dropdown-menu[39m[31m[91m[33m{[39m[31m[91mposition[33m:[39m[31m[91mabsolute[33m}[39m[31m[91m[33m.navbar-expand[39m[31m[91m [33m.navbar-nav[39m[31m[91m [33m.nav-link[39m[31m[91m[33m{[39m[31m[91mpadding-right[33m:[39m[31m[91m8px[33m;[39m[31m[91mpadding-left[33m:[39m[31m[91m8px[33m}[39m[31m[91m[33m.navbar-expand>.container,.navbar-expand>.container-fluid,.navbar-expand>.container-lg,.navbar-expand>.container-md,.navbar-expand>.container-sm,.navbar-expand>.container-xl[39m[31m[91m[33m{[39m[31m[91m-ms-flex-wrap[33m:[39m[31m[91mnowrap[33m;[39m[31m[91mflex-wrap[33m:[39m[31m[91mnowrap[33m}[39m[31m[91m[33m.navbar-expand[39m[31m[91m [33m.navbar-collapse[39m[31m[91m[33m{[39m[31m[91mdisplay[33m:[39m[31m[91m-ms-flexbox!important[33m;[39m[31m[91mdisplay[33m:[39m[31m[91mflex!important[33m;[39m[31m[91m-ms-flex-preferred-size[33m:[39m[31m[91mauto[33m;[39m[31m[91mflex-basis[33m:[39m[31m[91mauto[33m}[39m[31m[91m[33m.navbar-expand[39m[31m[91m [33m.navbar-toggler[39m[31m[91m[33m{[39m[31m[91mdisplay[33m:[39m[31m[91mnone[33m}[39m[31m[91m[33m.navbar-light[39m[31m[91m [33m.navbar-brand[39m[31m[91m[33m{[39m[31m[91mcolor[33m:[39m[31m[91m[35m#000[39m[31m[91m[33m}[39m[31m[91m[33m.navbar-light[39m[31m[91m [33m.navbar-brand[39m[31m[91m[33m:[39m[31m[91mfocus,.navbar-light [33m.navbar-brand[39m[31m[91m[33m:[39m[31m[91mhover[33m{[39m[31m[91mcolor[33m:[39m[31m[91m[35m#fff[[39m[22m[1m[31m39m[91m[33m;[39m[31m[91mbackground[33m:[39m[31m[91m[35m#000[39m[31m[91m[33m}[39m[31m[91m[33m.navbar-light[39m[31m[91m [33m.navbar-nav[39m[31m[91m [33m.nav-link[39m[31m[91m[33m{[39m[31m[91mcolor[33m:[39m[31m[91m[35m#000[39m[31m[91m[33m}[39m[31m[91m[33m.navbar-light[39m[31m[91m [33m.navbar-nav[39m[31m[91m [33m.nav-link[39m[31m[91m[33m:[39m[31m[91mfocus,.navbar-light [33m.navbar-nav[39m[31m[91m [33m.nav-link[39m[31m[91m[33m:[39m[31m[91mhover[33m{[39m[31m[91mcolor[33m:[39m[31m[91m[35m#fff[39m[31m[91m[33m;[39m[31m[91mbackground[33m:[39m[31m[91m[35m#000[39m[31m[91m[33m}[39m[31m[91m[33m.navbar-light[39m[31m[91m [33m.navbar-nav[39m[31m[91m [33m.nav-link.disabled[39m[31m[91m[33m{[39m[31m[91mcolor[33m:[39m[31m[91m[35m#bbb[39m[31m[91m[33m}[39m[31m[91m[33m.navbar-light[39m[31m[91m [33m.navbar-nav[39m[31m[91m [33m.active>.nav-link,.navbar-light[39m[31m[91m [33m.navbar-nav[39m[31m[91m [33m.nav-link.active,.navbar-light[39m[31m[91m [33m.navbar-nav[39m[31m[91m [33m.nav-link.show,.navbar-light[39m[31m[91m [33m.navbar-nav[39m[31m[91m [33m.show>.nav-link[39m[31m[91m[33m{[39m[31m[91mcolor[33m:[39m[31m[91m[35m#bbb[39m[31m[91m[33m;[39m[31m[91mbackground[33m:[39m[31m[91m[35m#000[39m[31m[91m[33m}[39m[31m[91m[33m.navbar-light[39m[31m[91m [33m.navbar-toggler[39m[31m[91m[33m{[39m[31m[91mcolor[33m:[39m[31m[91m[35m#000[39m[31m[91m[33m}[39m[31m[91m[33m.navbar-light[39m[31m[91m [33m.navbar-text[39m[31m[91m[33m{[39m[31m[91mcolor[33m:[39m[31m[91m[35m#000[39m[31m[91m[33m}[39m[31m[91m[33m.navbar-light[39m[31m[91m [33m.navbar-text[39m[31m[91m a[33m{[39m[31m[91mcolor[33m:[39m[31m[91m[35m#bbb[39m[31m[91m[33m;[39m[31m[91mbackground[33m:[39m[31m[91m[35m#000[39m[31m[91m[33m}[39m[31m[91m[33m.navbar-light[39m[31m[91m [33m.navbar-text[39m[31m[91m a[33m:[39m[31m[91mfocus,.navbar-light [33m.navbar-text[39m[31m[91m a[33m:[39m[31m[91mhover[33m{[39m[31m[91mcolor[33m:[39m[31m[91m[35m#bbb[39m[31m[91m[33m}[39m[31m[91m[33m.navbar-dark[39m[31m[91m [33m.navbar-brand[39m[31m[91m[33m{[39m[31m[91mcolor[33m:[39m[31m[91m[35m#000[39m[31m[91m[33m}[39m[31m[91m[33m.navbar-dark[39m[31m[91m [33m.navbar-brand[39[39m[22m[1m[31mm[91m[33m:[39m[31m[91mfocus,.navbar-dark [33m.navbar-brand[39m[31m[91m[33m:[39m[31m[91mhover[33m{[39m[31m[91mcolor[33m:[39m[31m[91m[35m#fff[39m[31m[91m[33m;[39m[31m[91mbackground[33m:[39m[31m[91m[35m#000[39m[31m[91m[33m}[39m[31m[91m[33m.navbar-dark[39m[31m[91m [33m.navbar-nav[39m[31m[91m [33m.nav-link[39m[31m[91m[33m{[39m[31m[91mcolor[33m:[39m[31m[91m[35m#000[39m[31m[91m[33m}[39m[31m[91m[33m.navbar-dark[39m[31m[91m [33m.navbar-nav[39m[31m[91m [33m.nav-link[39m[31m[91m[33m:[39m[31m[91mfocus,.navbar-dark [33m.navbar-nav[39m[31m[91m [33m.nav-link[39m[31m[91m[33m:[39m[31m[91mhover[33m{[39m[31m[91mcolor[33m:[39m[31m[91m[35m#bbb[39m[31m[91m[33m;[39m[31m[91mbackground[33m:[39m[31m[91m[35m#000[39m[31m[91m[33m}[39m[31m[91m[33m.navbar-dark[39m[31m[91m [33m.navbar-nav[39m[31m[91m [33m.nav-link.disabled[39m[31m[91m[33m{[39m[31m[91mcolor[33m:[39m[31m[91m[35m#555[39m[31m[91m[33m}[39m[31m[91m[33m.navbar-dark[39m[31m[91m [33m.navbar-nav[39m[31m[91m [33m.active>.nav-link,.navbar-dark[39m[31m[91m [33m.navbar-nav[39m[31m[91m [33m.nav-link.active,.navbar-dark[39m[31m[91m [33m.navbar-nav[39m[31m[91m [33m.nav-link.show,.navbar-dark[39m[31m[91m [33m.navbar-nav[39m[31m[91m [33m.show>.nav-link[39m[31m[91m[33m{[39m[31m[91mcolor[33m:[39m[31m[91m[35m#bbb[39m[31m[91m[33m;[39m[31m[91mbackground[33m:[39m[31m[91m[35m#000[39m[31m[91m[33m}[39m[31m[91m[33m.navbar-dark.bg-dark[39m[31m[91m [33m.nav-link,.navbar-dark.bg-dark[39m[31m[91m [33m.navbar-brand[39m[31m[91m[33m{[39m[31m[91mcolor[33m:[39m[31m[91m[35m#fff[39m[31m[91m[33m}[39m[31m[91m[33m.navbar-dark[39m[31m[91m [33m.navbar-toggler[39m[31m[91m[33m{[39m[31m[91mcolor[33m:[39m[31m[91m[35m#000[39m[31m[91m[33m;[39m[31m[91mborder-color[33m:[39m[31m[91m[35m#fff[39m[31m[91m[33m}[39m[31m[91m[33m.navbar-dark[39m[31m[91m [33m.navbar-text[39m[31m[91m[33m{[39m[31m[91mcolor[33m:[39m[31m[91m[35m#000[39m[31m[91m[33m}[39m[31m[91m[33m.navbar-dark[39m[31m[91m [33m.navbar-text[39m[31m[91m a[33m{[39m[31m[91mcolor[33m:[39m[31m[91m[35m#bbb[39m[31m[91m[33m;[39m[31m[91mbackground[33m:[39m[31m[91m[35m#000[39m[31m[91m[33m}[39m[31m[91m[33m.navbar-dark[39m[31m[39m[22m[1m[31m[91m [33m.navbar-text[39m[31m[91m a[33m:[39m[31m[91mfocus,.navbar-dark [33m.navbar-text[39m[31m[91m a[33m:[39m[31m[91mhover[33m{[39m[31m[91mcolor[33m:[39m[31m[91m[35m#bbb[39m[31m[91m[33m}[39m[31m[91m[33m.card[39m[31m[91m[33m{[39m[31m[91mposition[33m:[39m[31m[91mrelative[33m;[39m[31m[91mdisplay[33m:[39m[31m[91m-ms-flexbox[33m;[39m[31m[91mdisplay[33m:[39m[31m[91mflex[33m;[39m[31m[91m-ms-flex-direction[33m:[39m[31m[91mcolumn[33m;[39m[31m[91mflex-direction[33m:[39m[31m[91mcolumn[33m;[39m[31m[91mmin-width[33m:[39m[31m[91m0[33m;[39m[31m[91mword-wrap[33m:[39m[31m[91mbreak-word[33m;[39m[31m[91mbackground-color[33m:[39m[31m[91m[35m#bbb[39m[31m[91m[33m;[39m[31m[91mbackground-clip[33m:[39m[31m[91mborder-box[33m;[39m[31m[91mborder-radius[33m:[39m[31m[91m0[33m}[39m[31m[91m[33m.card>hr[39m[31m[91m[33m{[39m[31m[91mmargin-right[33m:[39m[31m[91m0[33m;[39m[31m[91mmargin-left[33m:[39m[31m[91m0[33m}[39m[31m[91m[33m.card-body[39m[31m[91m[33m{[39m[31m[91m-ms-flex[33m:[39m[31m[91m1 1 auto[33m;[39m[31m[91mflex[33m:[39m[31m[91m1 1 auto[33m;[39m[31m[91mmin-height[33m:[39m[31m[91m1px[33m;[39m[31m[91mpadding[33m:[39m[31m[91m14px 16px[33m;[39m[31m[91mcolor[33m:[39m[31m[91m[35m#000[39m[31m[91m[33m}[39m[31m[91m[33m.card-title[39m[31m[91m[33m{[39m[31m[91mmargin-bottom[33m:[39m[31m[91m0[33m}[39m[31m[91m[33m.card-subtitle[39m[31m[91m[33m{[39m[31m[91mmargin-top[33m:[39m[31m[91m0[33m;[39m[31m[91mmargin-bottom[33m:[39m[31m[91m0[33m}[39m[31m[91m[33m.card-text[39m[31m[91m[33m:[39m[31m[91mlast-child[33m{[39m[31m[91mmargin-bottom[33m:[39m[31m[91m0[33m}[39m[31m[91m[33m.card-link[39m[31m[91m[33m:[39m[31m[91mhover[33m{[39m[31m[91mtext-decoration[33m:[39m[31m[91mnone[33m}[39m[31m[91m[33m.card-link+.card-link[39m[31m[91m[33m{[39m[31m[91mmargin-left[33m:[39m[31m[91m16px[33m}[39m[31m[91m[33m.card-header[39m[31m[91m[33m{[39m[31m[91mpadding[33m:[39m[31m[91m0 16px[33m;[39m[31m[91mmargin-bottom[33m:[39m[31m[91m0[33m;[39m[31m[91mcolor[33m:[39m[31m[91m[35m#fff[39m[31m[91m[33m;[39m[31m[91mbackground-color[33m:[39m[31m[91m[35m#a0a[39m[31m[91m[33m}[39m[31m[91m[33m.card-header+.list-group[39m[31m[91m [33m.[39m[22m[1m[31mlist-group-item[39m[31m[91m[33m:[39m[31m[91mfirst-child[33m{[39m[31m[91mborder-top[33m:[39m[31m[91m0[33m}[39m[31m[91m[33m.card-footer[39m[31m[91m[33m{[39m[31m[91mpadding[33m:[39m[31m[91m0 16px[33m;[39m[31m[91mbackground-color[33m:[39m[31m[91m[35m#a0a[39m[31m[91m[33m}[39m[31m[91m[33m.card-footer.text-muted,.card-header.text-muted[39m[31m[91m[33m{[39m[31m[91mcolor[33m:[39m[31m[91m[35m#000[39m[31m[91m[33m}[39m[31m[91m[33m.card-header-tabs[39m[31m[91m[33m{[39m[31m[91mmargin-right[33m:[39m[31m[91m-16px[33m;[39m[31m[91mmargin-bottom[33m:[39m[31m[91m0[33m;[39m[31m[91mmargin-left[33m:[39m[31m[91m-16px[33m;[39m[31m[91mborder-bottom[33m:[39m[31m[91m0[33m}[39m[31m[91m[33m.card-header-pills[39m[31m[91m[33m{[39m[31m[91mmargin-right[33m:[39m[31m[91m-16px[33m;[39m[31m[91mmargin-left[33m:[39m[31m[91m-16px[33m}[39m[31m[91m[33m.card-img-overlay[39m[31m[91m[33m{[39m[31m[91mposition[33m:[39m[31m[91mabsolute[33m;[39m[31m[91mtop[33m:[39m[31m[91m0[33m;[39m[31m[91mright[33m:[39m[31m[91m0[33m;[39m[31m[91mbottom[33m:[39m[31m[91m0[33m;[39m[31m[91mleft[33m:[39m[31m[91m0[33m;[39m[31m[91mpadding[33m:[39m[31m[91m0[33m}[39m[31m[91m[33m.card-img,.card-img-bottom,.card-img-top[39m[31m[91m[33m{[39m[31m[91m-ms-flex-negative[33m:[39m[31m[91m0[33m;[39m[31m[91mflex-shrink[33m:[39m[31m[91m0[33m;[39m[31m[91mwidth[33m:[39m[31m[91m100%[33m}[39m[31m[91m[33m.card-deck[39m[31m[91m [33m.card[39m[31m[91m[33m{[39m[31m[91mmargin-bottom[33m:[39m[31m[91m8px[33m}[39m[31m[91m[36m@media[39m[31m[91m[36m [39m[31m[91m[36m(min-width:576px)[39m[31m[91m[33m{[39m[31m[91m[33m.card-deck[39m[31m[91m[33m{[39m[31m[91mdisplay[33m:[39m[31m[91m-ms-flexbox[33m;[39m[31m[91mdisplay[33m:[39m[31m[91mflex[33m;[39m[31m[91m-ms-flex-flow[33m:[39m[31m[91mrow wrap[33m;[39m[31m[91mflex-flow[33m:[39m[31m[91mrow wrap[33m;[39m[31m[91mmargin-right[33m:[39m[31m[91m-8px[33m;[39m[31m[91mmargin-left[33m:[39m[31m[91m-8px[33m}[39m[31m[91m[33m.card-deck[39m[31m[91m [33m.card[39m[31m[91m[33m{[39m[31m[91m-ms-flex[33m:[39m[31m[91m1 0 0%[33m;[39m[31m[91mflex[33m:[39m[31m[91m1 0 0%[33m;[39m[31m[91mmargin-right[33m:[39m[31m[91m8px[33m;[39m[31m[91mma[39m[22m[1m[31mrgin-bottom[33m:[39m[31m[91m0[33m;[39m[31m[91mmargin-left[33m:[39m[31m[91m8px[33m}[39m[31m[91m[33m}[39m[31m[91m[33m.card-group>.card[39m[31m[91m[33m{[39m[31m[91mmargin-bottom[33m:[39m[31m[91m8px[33m}[39m[31m[91m[36m@media[39m[31m[91m[36m [39m[31m[91m[36m(min-width:576px)[39m[31m[91m[33m{[39m[31m[91m[33m.card-group[39m[31m[91m[33m{[39m[31m[91mdisplay[33m:[39m[31m[91m-ms-flexbox[33m;[39m[31m[91mdisplay[33m:[39m[31m[91mflex[33m;[39m[31m[91m-ms-flex-flow[33m:[39m[31m[91mrow wrap[33m;[39m[31m[91mflex-flow[33m:[39m[31m[91mrow wrap[33m}[39m[31m[91m[33m.card-group>.card[39m[31m[91m[33m{[39m[31m[91m-ms-flex[33m:[39m[31m[91m1 0 0%[33m;[39m[31m[91mflex[33m:[39m[31m[91m1 0 0%[33m;[39m[31m[91mmargin-bottom[33m:[39m[31m[91m0[33m}[39m[31m[91m[33m.card-group>.card+.card[39m[31m[91m[33m{[39m[31m[91mmargin-left[33m:[39m[31m[91m0[33m;[39m[31m[91mborder-left[33m:[39m[31m[91m0[33m}[39m[31m[91m[33m}[39m[31m[91m[33m.card-columns[39m[31m[91m [33m.card[39m[31m[91m[33m{[39m[31m[91mmargin-bottom[33m:[39m[31m[91m0[33m}[39m[31m[91m[36m@media[39m[31m[91m[36m [39m[31m[91m[36m(min-width:576px)[39m[31m[91m[33m{[39m[31m[91m[33m.card-columns[39m[31m[91m[33m{[39m[31m[91m-webkit-column-count[33m:[39m[31m[91m3[33m;[39m[31m[91m-moz-column-count[33m:[39m[31m[91m3[33m;[39m[31m[91mcolumn-count[33m:[39m[31m[91m3[33m;[39m[31m[91m-webkit-column-gap[33m:[39m[31m[91m8px[33m;[39m[31m[91m-moz-column-gap[33m:[39m[31m[91m8px[33m;[39m[31m[91mcolumn-gap[33m:[39m[31m[91m8px[33m;[39m[31m[91morphans[33m:[39m[31m[91m1[33m;[39m[31m[91mwidows[33m:[39m[31m[91m1[33m}[39m[31m[91m[33m.card-columns[39m[31m[91m [33m.card[39m[31m[91m[33m{[39m[31m[91mdisplay[33m:[39m[31m[91minline-block[33m;[39m[31m[91mwidth[33m:[39m[31m[91m100%[33m}[39m[31m[91m[33m}[39m[31m[91m[33m.accordion>.card[39m[31m[91m[33m{[39m[31m[91moverflow[33m:[39m[31m[91mhidden[33m}[39m[31m[91m[33m.accordion>.card[39m[31m[91m[33m:[39m[31m[91m[36mnot[39m[31m[91m[36m(:last-of-type)[39m[31m[91m[33m{[39m[31m[91mborder-bottom[33m:[39m[31m[91m0[33m}[39m[31m[91m[33m.breadcrumb[39m[31m[91m[33m{[39m[31m[91mdisplay[33m:[39m[31m[91m-ms-flexbox[33m;[39m[31m[91mdispla[39m[22m[1m[31my[33m:[39m[31m[91mflex[33m;[39m[31m[91m-ms-flex-wrap[33m:[39m[31m[91mwrap[33m;[39m[31m[91mflex-wrap[33m:[39m[31m[91mwrap[33m;[39m[31m[91mpadding[33m:[39m[31m[91m0[33m;[39m[31m[91mmargin-bottom[33m:[39m[31m[91m0[33m;[39m[31m[91mmargin-left[33m:[39m[31m[91m0[33m;[39m[31m[91mlist-style[33m:[39m[31m[91mnone[33m;[39m[31m[91mbackground-color[33m:[39m[31m[91m[35m#000[39m[31m[91m[33m}[39m[31m[91m[33m.breadcrumb-item+.breadcrumb-item[39m[31m[91m[33m{[39m[31m[91mpadding-left[33m:[39m[31m[91m8px[33m}[39m[31m[91m[33m.breadcrumb-item+.breadcrumb-item[39m[31m[91m[33m:[39m[31m[91m[33m:[39m[31m[91mbefore[33m{[39m[31m[91mdisplay[33m:[39m[31m[91minline-block[33m;[39m[31m[91mpadding-right[33m:[39m[31m[91m8px[33m;[39m[31m[91mcolor[33m:[39m[31m[91m[35m#bbb[39m[31m[91m[33m;[39m[31m[91mcontent[33m:[39m[31m[91m[32m"/"[39m[31m[91m[33m}[39m[31m[91m[33m.breadcrumb-item+.breadcrumb-item[39m[31m[91m[33m:[39m[31m[91mhover[33m:[39m[31m[91m[33m:[39m[31m[91mbefore[33m{[39m[31m[91mtext-decoration[33m:[39m[31m[91munderline[33m}[39m[31m[91m[33m.breadcrumb-item+.breadcrumb-item[39m[31m[91m[33m:[39m[31m[91mhover[33m:[39m[31m[91m[33m:[39m[31m[91mbefore[33m{[39m[31m[91mtext-decoration[33m:[39m[31m[91mnone[33m}[39m[31m[91m[33m.breadcrumb-item.active[39m[31m[91m[33m{[39m[31m[91mcolor[33m:[39m[31m[91m[35m#bbb[39m[31m[91m[33m}[39m[31m[91m[33m.pagination[39m[31m[91m[33m{[39m[31m[91mdisplay[33m:[39m[31m[91m-ms-flexbox[33m;[39m[31m[91mdisplay[33m:[39m[31m[91mflex[33m;[39m[31m[91mpadding-left[33m:[39m[31m[91m0[33m;[39m[31m[91mmargin-bottom[33m:[39m[31m[91m0[33m;[39m[31m[91mmargin-left[33m:[39m[31m[91m0[33m;[39m[31m[91mlist-style[33m:[39m[31m[91mnone[33m}[39m[31m[91m[33m.page-link[39m[31m[91m[33m{[39m[31m[91mposition[33m:[39m[31m[91mrelative[33m;[39m[31m[91mdisplay[33m:[39m[31m[91mblock[33m;[39m[31m[91mpadding[33m:[39m[31m[91m0 8px[33m;[39m[31m[91mmargin-left[33m:[39m[31m[91m0[33m;[39m[31m[91mcolor[33m:[39m[31m[91m[35m#ff5[39m[31m[91m[33m;[39m[31m[91mbackground-color[33m:[39m[31m[91mtransparent[33m}[39m[31m[91m[33m.page-link[39m[31m[91m[33m:[39m[31m[91mhover[33m{[39m[31m[91mz-index[33m:[39m[31m[91m2[39m[22m[1m[31m[33m;[39m[31m[91mcolor[33m:[39m[31m[91m[35m#bbb[39m[31m[91m[33m;[39m[31m[91mtext-decoration[33m:[39m[31m[91mnone[33m;[39m[31m[91mbackground-color[33m:[39m[31m[91m[35m#000[39m[31m[91m[33m}[39m[31m[91m[33m.page-link[39m[31m[91m[33m:[39m[31m[91mfocus[33m{[39m[31m[91mz-index[33m:[39m[31m[91m3[33m;[39m[31m[91moutline[33m:[39m[31m[91m0[33m;[39m[31m[91mbox-shadow[33m:[39m[31m[91m0 0 0 0 [36mrgba[39m[31m[91m[36m(0,0,0,.25)[39m[31m[91m[33m}[39m[31m[91m[33m.page-item[39m[31m[91m[33m{[39m[31m[91mpadding-left[33m:[39m[31m[91m0[33m}[39m[31m[91m[33m.page-item[39m[31m[91m[33m:[39m[31m[91mfirst-child [33m.page-link[39m[31m[91m[33m{[39m[31m[91mmargin-left[33m:[39m[31m[91m0[33m}[39m[31m[91m[33m.page-item.active[39m[31m[91m [33m.page-link[39m[31m[91m[33m{[39m[31m[91mz-index[33m:[39m[31m[91m3[33m;[39m[31m[91mcolor[33m:[39m[31m[91m[35m#fff[39m[31m[91m[33m;[39m[31m[91mbackground-color[33m:[39m[31m[91m[35m#000[39m[31m[91m[33m}[39m[31m[91m[33m.page-item.disabled[39m[31m[91m [33m.page-link[39m[31m[91m[33m{[39m[31m[91mcolor[33m:[39m[31m[91m[35m#555[39m[31m[91m[33m;[39m[31m[91mpointer-events[33m:[39m[31m[91mnone[33m;[39m[31m[91mcursor[33m:[39m[31m[91mauto[33m}[39m[31m[91m[33m.pagination-lg[39m[31m[91m [33m.page-link[39m[31m[91m[33m{[39m[31m[91mpadding[33m:[39m[31m[91m14px 8px[33m;[39m[31m[91mline-height[33m:[39m[31m[91m14px[33m}[39m[31m[91m[33m.pagination-sm[39m[31m[91m [33m.page-link[39m[31m[91m[33m{[39m[31m[91mpadding[33m:[39m[31m[91m0 0[33m;[39m[31m[91mline-height[33m:[39m[31m[91m14px[33m}[39m[31m[91m[33m.badge[39m[31m[91m[33m{[39m[31m[91mdisplay[33m:[39m[31m[91minline-block[33m;[39m[31m[91mpadding[33m:[39m[31m[91m0 8px[33m;[39m[31m[91mtext-align[33m:[39m[31m[91mcenter[33m;[39m[31m[91mwhite-space[33m:[39m[31m[91mnowrap[33m;[39m[31m[91mvertical-align[33m:[39m[31m[91mbaseline[33m}[39m[31m[91ma.badge[33m:[39m[31m[91mfocus,a.badge[33m:[39m[31m[91mhover[33m{[39m[31m[91mtext-decoration[33m:[39m[31m[91mnone[33m}[39m[31m[91m[33m.badge[39m[31m[91m[33m:[39m[31m[91mempty[33m{[39m[31m[91mdisplay[33m:[39m[31m[91mnone[33m}[39m[31m[91m[33m.btn[39m[31m[91m [33m.badge[39m[31m[91m[33m{[39m[31m[9[39m[22m[1m[31m1mposition[33m:[39m[31m[91mrelative[33m;[39m[31m[91mtop[33m:[39m[31m[91m-1px[33m}[39m[31m[91m[33m.badge-primary[39m[31m[91m[33m{[39m[31m[91mcolor[33m:[39m[31m[91m[35m#fff[39m[31m[91m[33m;[39m[31m[91mbackground-color[33m:[39m[31m[91mtransparent[33m}[39m[31m[91m[33m.badge-primary[39m[31m[91m[33m:[39m[31m[91mbefore[33m{[39m[31m[91mcolor[33m:[39m[31m[91m[35m#bbb[39m[31m[91m[33m;[39m[31m[91mcontent[33m:[39m[31m[91m[32m"["[39m[31m[91m[33m}[39m[31m[91m[33m.badge-primary[39m[31m[91m[33m:[39m[31m[91mafter[33m{[39m[31m[91mcolor[33m:[39m[31m[91m[35m#bbb[39m[31m[91m[33m;[39m[31m[91mcontent[33m:[39m[31m[91m[32m"]"[39m[31m[91m[33m}[39m[31m[91ma.badge-primary[33m:[39m[31m[91mfocus,a.badge-primary[33m:[39m[31m[91mhover[33m{[39m[31m[91mcolor[33m:[39m[31m[91m[35m#bbb[39m[31m[91m[33m}[39m[31m[91ma.badge-primary.focus,a.badge-primary[33m:[39m[31m[91mfocus[33m{[39m[31m[91moutline[33m:[39m[31m[91m0[33m}[39m[31m[91m[33m.badge-secondary[39m[31m[91m[33m{[39m[31m[91mcolor[33m:[39m[31m[91m[35m#fff[39m[31m[91m[33m;[39m[31m[91mbackground-color[33m:[39m[31m[91mtransparent[33m}[39m[31m[91m[33m.badge-secondary[39m[31m[91m[33m:[39m[31m[91mbefore[33m{[39m[31m[91mcolor[33m:[39m[31m[91m[35m#bbb[39m[31m[91m[33m;[39m[31m[91mcontent[33m:[39m[31m[91m[32m"["[39m[31m[91m[33m}[39m[31m[91m[33m.badge-secondary[39m[31m[91m[33m:[39m[31m[91mafter[33m{[39m[31m[91mcolor[33m:[39m[31m[91m[35m#bbb[39m[31m[91m[33m;[39m[31m[91mcontent[33m:[39m[31m[91m[32m"]"[39m[31m[91m[33m}[39m[31m[91ma.badge-secondary[33m:[39m[31m[91mfocus,a.badge-secondary[33m:[39m[31m[91mhover[33m{[39m[31m[91mcolor[33m:[39m[31m[91m[35m#bbb[39m[31m[91m[33m}[39m[31m[91ma.badge-secondary.focus,a.badge-secondary[33m:[39m[31m[91mfocus[33m{[39m[31m[91moutline[33m:[39m[31m[91m0[33m}[39m[31m[91m[33m.badge-success[39m[31m[91m[33m{[39m[31m[91mcolor[33m:[39m[31m[91m[35m#5f5[39m[31m[91m[33m;[39m[31m[91mbackground-color[33m:[39m[31m[91mtransparent[33m}[39m[31m[91m[33m.badge-success[39m[31m[91m[33m:[39m[31m[91mbefore[33m{[39m[31m[91mcolor[33m:[39m[31m[91m[35m#0a0[39m[31m[91m[33m;[39m[31m[91mcontent[33m:[39m[31m[91m[32m"["[39m[31m[91m[33m}[39m[31m[91m[39m[22m[1m[31m[33m.badge-success[39m[31m[91m[33m:[39m[31m[91mafter[33m{[39m[31m[91mcolor[33m:[39m[31m[91m[35m#0a0[39m[31m[91m[33m;[39m[31m[91mcontent[33m:[39m[31m[91m[32m"]"[39m[31m[91m[33m}[39m[31m[91ma.badge-success[33m:[39m[31m[91mfocus,a.badge-success[33m:[39m[31m[91mhover[33m{[39m[31m[91mcolor[33m:[39m[31m[91m[35m#fff[39m[31m[91m[33m}[39m[31m[91ma.badge-success.focus,a.badge-success[33m:[39m[31m[91mfocus[33m{[39m[31m[91moutline[33m:[39m[31m[91m0[33m}[39m[31m[91m[33m.badge-info[39m[31m[91m[33m{[39m[31m[91mcolor[33m:[39m[31m[91m[35m#5ff[39m[31m[91m[33m;[39m[31m[91mbackground-color[33m:[39m[31m[91mtransparent[33m}[39m[31m[91m[33m.badge-info[39m[31m[91m[33m:[39m[31m[91mbefore[33m{[39m[31m[91mcolor[33m:[39m[31m[91m[35m#0aa[39m[31m[91m[33m;[39m[31m[91mcontent[33m:[39m[31m[91m[32m"["[39m[31m[91m[33m}[39m[31m[91m[33m.badge-info[39m[31m[91m[33m:[39m[31m[91mafter[33m{[39m[31m[91mcolor[33m:[39m[31m[91m[35m#0aa[39m[31m[91m[33m;[39m[31m[91mcontent[33m:[39m[31m[91m[32m"]"[39m[31m[91m[33m}[39m[31m[91ma.badge-info[33m:[39m[31m[91mfocus,a.badge-info[33m:[39m[31m[91mhover[33m{[39m[31m[91mcolor[33m:[39m[31m[91m[35m#fff[39m[31m[91m[33m}[39m[31m[91ma.badge-info.focus,a.badge-info[33m:[39m[31m[91mfocus[33m{[39m[31m[91moutline[33m:[39m[31m[91m0[33m}[39m[31m[91m[33m.badge-warning[39m[31m[91m[33m{[39m[31m[91mcolor[33m:[39m[31m[91m[35m#ff5[39m[31m[91m[33m;[39m[31m[91mbackground-color[33m:[39m[31m[91mtransparent[33m}[39m[31m[91m[33m.badge-warning[39m[31m[91m[33m:[39m[31m[91mbefore[33m{[39m[31m[91mcolor[33m:[39m[31m[91m[35m#a50[39m[31m[91m[33m;[39m[31m[91mcontent[33m:[39m[31m[91m[32m"["[39m[31m[91m[33m}[39m[31m[91m[33m.badge-warning[39m[31m[91m[33m:[39m[31m[91mafter[33m{[39m[31m[91mcolor[33m:[39m[31m[91m[35m#a50[39m[31m[91m[33m;[39m[31m[91mcontent[33m:[39m[31m[91m[32m"]"[39m[31m[91m[33m}[39m[31m[91ma.badge-warning[33m:[39m[31m[91mfocus,a.badge-warning[33m:[39m[31m[91mhover[33m{[39m[31m[91mcolor[33m:[39m[31m[91m[35m#fff[39m[31m[91m[33m}[39m[31m[91ma.badge-warning.focus,a.badge-warning[33m:[39m[31m[91mfocus[33m{[39m[31m[91moutline[33m:[39m[31m[91m0[33m}[39m[31m[91m[33m.badge-danger[39m[31m[91m[39m[22m[1m[31m[33m{[39m[31m[91mcolor[33m:[39m[31m[91m[35m#f55[39m[31m[91m[33m;[39m[31m[91mbackground-color[33m:[39m[31m[91mtransparent[33m}[39m[31m[91m[33m.badge-danger[39m[31m[91m[33m:[39m[31m[91mbefore[33m{[39m[31m[91mcolor[33m:[39m[31m[91m[35m#a00[39m[31m[91m[33m;[39m[31m[91mcontent[33m:[39m[31m[91m[32m"["[39m[31m[91m[33m}[39m[31m[91m[33m.badge-danger[39m[31m[91m[33m:[39m[31m[91mafter[33m{[39m[31m[91mcolor[33m:[39m[31m[91m[35m#a00[39m[31m[91m[33m;[39m[31m[91mcontent[33m:[39m[31m[91m[32m"]"[39m[31m[91m[33m}[39m[31m[91ma.badge-danger[33m:[39m[31m[91mfocus,a.badge-danger[33m:[39m[31m[91mhover[33m{[39m[31m[91mcolor[33m:[39m[31m[91m[35m#fff[39m[31m[91m[33m}[39m[31m[91ma.badge-danger.focus,a.badge-danger[33m:[39m[31m[91mfocus[33m{[39m[31m[91moutline[33m:[39m[31m[91m0[33m}[39m[31m[91m[33m.badge-light[39m[31m[91m[33m{[39m[31m[91mbackground-color[33m:[39m[31m[91mtransparent[33m}[39m[31m[91m[33m.badge-light[39m[31m[91m[33m:[39m[31m[91mbefore[33m{[39m[31m[91mcolor[33m:[39m[31m[91m[35m#fff[39m[31m[91m[33m;[39m[31m[91mcontent[33m:[39m[31m[91m[32m"["[39m[31m[91m[33m}[39m[31m[91m[33m.badge-light[39m[31m[91m[33m:[39m[31m[91mafter[33m{[39m[31m[91mcolor[33m:[39m[31m[91m[35m#fff[39m[31m[91m[33m;[39m[31m[91mcontent[33m:[39m[31m[91m[32m"]"[39m[31m[91m[33m}[39m[31m[91ma.badge-light[33m:[39m[31m[91mfocus,a.badge-light[33m:[39m[31m[91mhover[33m{[39m[31m[91mcolor[33m:[39m[31m[91m[35m#bbb[39m[31m[91m[33m}[39m[31m[91ma.badge-light.focus,a.badge-light[33m:[39m[31m[91mfocus[33m{[39m[31m[91moutline[33m:[39m[31m[91m0[33m}[39m[31m[91m[33m.badge-dark[39m[31m[91m[33m{[39m[31m[91mcolor[33m:[39m[31m[91m[35m#555[39m[31m[91m[33m;[39m[31m[91mbackground-color[33m:[39m[31m[91mtransparent[33m}[39m[31m[91m[33m.badge-dark[39m[31m[91m[33m:[39m[31m[91mbefore[33m{[39m[31m[91mcolor[33m:[39m[31m[91m[35m#000[39m[31m[91m[33m;[39m[31m[91mcontent[33m:[39m[31m[91m[32m"["[39m[31m[91m[33m}[39m[31m[91m[33m.badge-dark[39m[31m[91m[33m:[39m[31m[91mafter[33m{[39m[31m[91mcolor[33m:[39m[31m[91m[35m#000[39m[31m[91m[33m;[39m[31m[91mcontent[33m:[39m[31m[91m[32m"]"[39m[31m[91m[33m}[39m[31m[91ma.badge-dark[33m:[39m[31m[91mfocus,a.bad[39m[22m[1m[31mge-dark[33m:[39m[31m[91mhover[33m{[39m[31m[91mcolor[33m:[39m[31m[91m[35m#fff[39m[31m[91m[33m}[39m[31m[91ma.badge-dark.focus,a.badge-dark[33m:[39m[31m[91mfocus[33m{[39m[31m[91moutline[33m:[39m[31m[91m0[33m}[39m[31m[91m[33m.badge-pill[39m[31m[91m[33m:[39m[31m[91mbefore[33m{[39m[31m[91mcontent[33m:[39m[31m[91m[32m"("[39m[31m[91m[33m}[39m[31m[91m[33m.badge-pill[39m[31m[91m[33m:[39m[31m[91mafter[33m{[39m[31m[91mcontent[33m:[39m[31m[91m[32m")"[39m[31m[91m[33m}[39m[31m[91m[33m.jumbotron[39m[31m[91m[33m{[39m[31m[91mpadding[33m:[39m[31m[91m28px 16px[33m;[39m[31m[91mmargin-bottom[33m:[39m[31m[91m28px 16px[33m;[39m[31m[91mcolor[33m:[39m[31m[91m[35m#000[39m[31m[91m[33m;[39m[31m[91mbackground-color[33m:[39m[31m[91m[35m#bbb[39m[31m[91m[33m;[39m[31m[91mborder[33m:[39m[31m[91m[33m.875px[39m[31m[91m solid [35m#000[39m[31m[91m[33m;[39m[31m[91mmargin-top[33m:[39m[31m[91m7px[33m;[39m[31m[91mpadding-top[33m:[39m[31m[91m6.125px[33m;[39m[31m[91mpadding-bottom[33m:[39m[31m[91m7px[33m;[39m[31m[91mmargin-bottom[33m:[39m[31m[91m6.125px[33m;[39m[31m[91mborder-left-width[33m:[39m[31m[91m2px[33m;[39m[31m[91mborder-right-width[33m:[39m[31m[91m2px[33m;[39m[31m[91mmargin-left[33m:[39m[31m[91m3.5px[33m;[39m[31m[91mpadding-left[33m:[39m[31m[91m10.5px[33m;[39m[31m[91mpadding-right[33m:[39m[31m[91m11.5px[33m;[39m[31m[91mmargin-right[33m:[39m[31m[91m2.5px[33m;[39m[31m[91mbox-shadow[33m:[39m[31m[91m-3.5px -7px 0 0 [35m#bbb,2.5px[39m[31m[91m 6.125px 0 0 [35m#bbb,-3.5px[39m[31m[91m 6.125px 0 0 [35m#bbb,2.5px[39m[31m[91m -7px 0 0 [35m#bbb[39m[31m[91m[33m;[39m[31m[91mdisplay[33m:[39m[31m[91minline-block[33m;[39m[31m[91mwidth[33m:[39m[31m[91m[36mcalc[39m[31m[91m[36m(100% - 6px)[39m[31m[91m[33m}[39m[31m[91m[33m.jumbotron[39m[31m[91m [33m.display-4[39m[31m[91m[33m{[39m[31m[91mtext-indent[33m:[39m[31m[91m0[33m;[39m[31m[91mposition[33m:[39m[31m[91mabsolute[33m;[39m[31m[91mpadding[33m:[39m[31m[91m0 11px[33m;[39m[31m[91mtop[33m:[39m[31m[91m-7px[33m;[39m[31m[91mmargin[33m:[39m[31m[91m0[33m;[39m[31m[91mleft[33m:[39m[31m[91m20px[33m;[39m[31m[91mbackground[33m:[39m[31m[91m[35m#bbb[39m[31m[91m[33m;[39m[31m[39m[22m[1m[31m[91mborder-left[33m:[39m[31m[91m3px double [35m#000[39m[31m[91m[33m;[39m[31m[91mborder-right[33m:[39m[31m[91m3px double [35m#000[39m[31m[91m[33m}[39m[31m[91m[33m.jumbotron-fluid[39m[31m[91m[33m{[39m[31m[91mpadding-right[33m:[39m[31m[91m0[33m;[39m[31m[91mpadding-left[33m:[39m[31m[91m0[33m}[39m[31m[91m[33m.alert[39m[31m[91m[33m{[39m[31m[91mposition[33m:[39m[31m[91mrelative[33m;[39m[31m[91mpadding[33m:[39m[31m[91m0 8px 14px[33m;[39m[31m[91mmargin-bottom[33m:[39m[31m[91m0[33m;[39m[31m[91mborder[33m:[39m[31m[91m0 solid transparent[33m;[39m[31m[91mbackground[33m:[39m[31m[91m[35m#bbb[39m[31m[91m[33m;[39m[31m[91mcolor[33m:[39m[31m[91m[35m#000[39m[31m[91m[33m}[39m[31m[91m[33m.alert[39m[31m[91m [33m.alert-link[39m[31m[91m[33m{[39m[31m[91mcolor[33m:[39m[31m[91m[35m#000084[39m[31m[91m[33m}[39m[31m[91m[33m.alert[39m[31m[91m [33m.alert-link[39m[31m[91m[33m:[39m[31m[91mhover[33m{[39m[31m[91mbackground[33m:[39m[31m[91m0 0[33m;[39m[31m[91mcolor[33m:[39m[31m[91m[35m#55f[39m[31m[91m[33m}[39m[31m[91m[33m.alert-heading[39m[31m[91m[33m{[39m[31m[91mcolor[33m:[39m[31m[91minherit[33m}[39m[31m[91m[33m.alert-dismissible[39m[31m[91m [33m.close[39m[31m[91m[33m{[39m[31m[91mposition[33m:[39m[31m[91mabsolute[33m;[39m[31m[91mtop[33m:[39m[31m[91m0[33m;[39m[31m[91mright[33m:[39m[31m[91m0[33m;[39m[31m[91mpadding[33m:[39m[31m[91m0 8px[33m}[39m[31m[91m[33m.alert-primary[39m[31m[91m[33m:[39m[31m[91m[33m:[39m[31m[91mbefore[33m{[39m[31m[91mmargin[33m:[39m[31m[91m0 -8px 14px[33m;[39m[31m[91mpadding[33m:[39m[31m[91m0 8px[33m;[39m[31m[91mdisplay[33m:[39m[31m[91mblock[33m;[39m[31m[91mtext-transform[33m:[39m[31m[91mcapitalize[33m;[39m[31m[91mcolor[33m:[39m[31m[91m[35m#fff[39m[31m[91m[33m;[39m[31m[91mbackground[33m:[39m[31m[91m[35m#555[39m[31m[91m[33m;[39m[31m[91mcontent[33m:[39m[31m[91m[32m"Alert"[39m[31m[91m[33m}[39m[31m[91m[33m.alert-secondary[39m[31m[91m[33m:[39m[31m[91m[33m:[39m[31m[91mbefore[33m{[39m[31m[91mmargin[33m:[39m[31m[91m0 -8px 14px[33m;[39m[31m[91mpadding[33m:[39m[31m[91m0 8px[33m;[39m[31m[91mdisplay[33m:[39m[31m[91mblock[33m;[39m[31m[91mtext-transform[33m:[39m[31m[91mcapitalize[33m[39m[22m[1m[31m;[39m[31m[91mcolor[33m:[39m[31m[91m[35m#fff[39m[31m[91m[33m;[39m[31m[91mbackground[33m:[39m[31m[91m[35m#555[39m[31m[91m[33m;[39m[31m[91mcontent[33m:[39m[31m[91m[32m"Alert"[39m[31m[91m[33m}[39m[31m[91m[33m.alert-success[39m[31m[91m[33m:[39m[31m[91m[33m:[39m[31m[91mbefore[33m{[39m[31m[91mmargin[33m:[39m[31m[91m0 -8px 14px[33m;[39m[31m[91mpadding[33m:[39m[31m[91m0 8px[33m;[39m[31m[91mdisplay[33m:[39m[31m[91mblock[33m;[39m[31m[91mtext-transform[33m:[39m[31m[91mcapitalize[33m;[39m[31m[91mcolor[33m:[39m[31m[91m[35m#fff[39m[31m[91m[33m;[39m[31m[91mbackground[33m:[39m[31m[91m[35m#0a0[39m[31m[91m[33m;[39m[31m[91mcontent[33m:[39m[31m[91m[32m"success"[39m[31m[91m[33m}[39m[31m[91m[33m.alert-info[39m[31m[91m[33m:[39m[31m[91m[33m:[39m[31m[91mbefore[33m{[39m[31m[91mmargin[33m:[39m[31m[91m0 -8px 14px[33m;[39m[31m[91mpadding[33m:[39m[31m[91m0 8px[33m;[39m[31m[91mdisplay[33m:[39m[31m[91mblock[33m;[39m[31m[91mtext-transform[33m:[39m[31m[91mcapitalize[33m;[39m[31m[91mcolor[33m:[39m[31m[91m[35m#fff[39m[31m[91m[33m;[39m[31m[91mbackground[33m:[39m[31m[91m[35m#0aa[39m[31m[91m[33m;[39m[31m[91mcontent[33m:[39m[31m[91m[32m"info"[39m[31m[91m[33m}[39m[31m[91m[33m.alert-warning[39m[31m[91m[33m:[39m[31m[91m[33m:[39m[31m[91mbefore[33m{[39m[31m[91mmargin[33m:[39m[31m[91m0 -8px 14px[33m;[39m[31m[91mpadding[33m:[39m[31m[91m0 8px[33m;[39m[31m[91mdisplay[33m:[39m[31m[91mblock[33m;[39m[31m[91mtext-transform[33m:[39m[31m[91mcapitalize[33m;[39m[31m[91mcolor[33m:[39m[31m[91m[35m#fff[39m[31m[91m[33m;[39m[31m[91mbackground[33m:[39m[31m[91m[35m#a50[39m[31m[91m[33m;[39m[31m[91mcontent[33m:[39m[31m[91m[32m"warning"[39m[31m[91m[33m}[39m[31m[91m[33m.alert-danger[39m[31m[91m[33m:[39m[31m[91m[33m:[39m[31m[91mbefore[33m{[39m[31m[91mmargin[33m:[39m[31m[91m0 -8px 14px[33m;[39m[31m[91mpadding[33m:[39m[31m[91m0 8px[33m;[39m[31m[91mdisplay[33m:[39m[31m[91mblock[33m;[39m[31m[91mtext-transform[33m:[39m[31m[91mcapitalize[33m;[39m[31m[91mcolor[33m:[39m[31m[91m[35m#fff[39m[31m[91m[33m;[39m[31m[91mbackground[33m:[39m[31m[91m[35m#a00[39m[31m[91m[33m;[39m[31m[91mcontent[33m:[39m[31m[91m[32m"danger"[39m[31m[91m[33m}[39m[31m[39m[22m[1m[31m[91m[33m.alert-light[39m[31m[91m[33m:[39m[31m[91m[33m:[39m[31m[91mbefore[33m{[39m[31m[91mmargin[33m:[39m[31m[91m0 -8px 14px[33m;[39m[31m[91mpadding[33m:[39m[31m[91m0 8px[33m;[39m[31m[91mdisplay[33m:[39m[31m[91mblock[33m;[39m[31m[91mtext-transform[33m:[39m[31m[91mcapitalize[33m;[39m[31m[91mcolor[33m:[39m[31m[91m[35m#fff[39m[31m[91m[33m;[39m[31m[91mcontent[33m:[39m[31m[91m[32m"Alert"[39m[31m[91m[33m;[39m[31m[91mbackground[33m:[39m[31m[91m[35m#a0a[39m[31m[91m[33m}[39m[31m[91m[33m.alert-dark[39m[31m[91m[33m:[39m[31m[91m[33m:[39m[31m[91mbefore[33m{[39m[31m[91mmargin[33m:[39m[31m[91m0 -8px 14px[33m;[39m[31m[91mpadding[33m:[39m[31m[91m0 8px[33m;[39m[31m[91mdisplay[33m:[39m[31m[91mblock[33m;[39m[31m[91mtext-transform[33m:[39m[31m[91mcapitalize[33m;[39m[31m[91mcolor[33m:[39m[31m[91m[35m#fff[39m[31m[91m[33m;[39m[31m[91mbackground[33m:[39m[31m[91m[35m#000[39m[31m[91m[33m;[39m[31m[91mcontent[33m:[39m[31m[91m[32m"dark"[39m[31m[91m[33m}[39m[31m[91m[33m.progress[39m[31m[91m[33m{[39m[31m[91mdisplay[33m:[39m[31m[91m-ms-flexbox[33m;[39m[31m[91mdisplay[33m:[39m[31m[91mflex[33m;[39m[31m[91mheight[33m:[39m[31m[91m14px[33m;[39m[31m[91mbackground[33m:[39m[31m[91m[36murl[39m[31m[91m[36m(assets/fonts/shade-50-grayLight.svg)[39m[31m[91m repeat-x left center[33m}[39m[31m[91m[33m.progress-bar[39m[31m[91m[33m{[39m[31m[91mdisplay[33m:[39m[31m[91m-ms-flexbox[33m;[39m[31m[91mdisplay[33m:[39m[31m[91mflex[33m;[39m[31m[91m-ms-flex-direction[33m:[39m[31m[91mcolumn[33m;[39m[31m[91mflex-direction[33m:[39m[31m[91mcolumn[33m;[39m[31m[91m-ms-flex-pack[33m:[39m[31m[91mcenter[33m;[39m[31m[91mjustify-content[33m:[39m[31m[91mcenter[33m;[39m[31m[91moverflow[33m:[39m[31m[91mhidden[33m;[39m[31m[91mcolor[33m:[39m[31m[91m[35m#fff[39m[31m[91m[33m;[39m[31m[91mtext-align[33m:[39m[31m[91mcenter[33m;[39m[31m[91mwhite-space[33m:[39m[31m[91mnowrap[33m;[39m[31m[91mbackground-color[33m:[39m[31m[91m[35m#ff0[39m[31m[91m[33m}[39m[31m[91m[33m.progress-bar-striped[39m[31m[91m[33m{[39m[31m[91mbackground-size[33m:[39m[31m[91m14px 14px[33m}[39m[31m[91m[33m.media[39m[31m[91m[33m{[39m[31m[91mdisplay[33m:[39m[31m[91m-m[39m[22m[1m[31ms-flexbox[33m;[39m[31m[91mdisplay[33m:[39m[31m[91mflex[33m;[39m[31m[91m-ms-flex-align[33m:[39m[31m[91mstart[33m;[39m[31m[91malign-items[33m:[39m[31m[91mflex-start[33m}[39m[31m[91m[33m.media-body[39m[31m[91m[33m{[39m[31m[91m-ms-flex[33m:[39m[31m[91m1[33m;[39m[31m[91mflex[33m:[39m[31m[91m1[33m}[39m[31m[91m[33m.list-group[39m[31m[91m[33m{[39m[31m[91mdisplay[33m:[39m[31m[91m-ms-flexbox[33m;[39m[31m[91mdisplay[33m:[39m[31m[91mflex[33m;[39m[31m[91m-ms-flex-direction[33m:[39m[31m[91mcolumn[33m;[39m[31m[91mflex-direction[33m:[39m[31m[91mcolumn[33m;[39m[31m[91mmargin-bottom[33m:[39m[31m[91m0[33m;[39m[31m[91mborder[33m:[39m[31m[91m[33m.875px[39m[31m[91m solid [35m#bbb[39m[31m[91m[33m;[39m[31m[91mmargin-top[33m:[39m[31m[91m7px[33m;[39m[31m[91mpadding-top[33m:[39m[31m[91m6.125px[33m;[39m[31m[91mpadding-bottom[33m:[39m[31m[91m7px[33m;[39m[31m[91mmargin-bottom[33m:[39m[31m[91m6.125px[33m;[39m[31m[91mborder-left-width[33m:[39m[31m[91m2px[33m;[39m[31m[91mborder-right-width[33m:[39m[31m[91m2px[33m;[39m[31m[91mmargin-left[33m:[39m[31m[91m3.5px[33m;[39m[31m[91mpadding-left[33m:[39m[31m[91m2.5px[33m;[39m[31m[91mpadding-right[33m:[39m[31m[91m3.5px[33m;[39m[31m[91mmargin-right[33m:[39m[31m[91m2.5px[33m;[39m[31m[91mdisplay[33m:[39m[31m[91minline-block[33m;[39m[31m[91mwidth[33m:[39m[31m[91m[36mcalc[39m[31m[91m[36m(100% - 6px)[39m[31m[91m[33m}[39m[31m[91m[33m.list-group-item-action[39m[31m[91m[33m{[39m[31m[91mwidth[33m:[39m[31m[91m100%[33m;[39m[31m[91mcolor[33m:[39m[31m[91m[35m#bbb[39m[31m[91m[33m;[39m[31m[91mtext-align[33m:[39m[31m[91minherit[33m}[39m[31m[91m[33m.list-group-item-action[39m[31m[91m[33m:[39m[31m[91mfocus,.list-group-item-action[33m:[39m[31m[91mhover[33m{[39m[31m[91mz-index[33m:[39m[31m[91m1[33m;[39m[31m[91mcolor[33m:[39m[31m[91m[35m#bbb[39m[31m[91m[33m;[39m[31m[91mtext-decoration[33m:[39m[31m[91mnone[33m;[39m[31m[91mbackground-color[33m:[39m[31m[91m[35m#555[39m[31m[91m[33m}[39m[31m[91m[33m.list-group-item-action[39m[31m[91m[33m:[39m[31m[91mactive[33m{[39m[31m[91mcolor[33m:[39m[31m[91m[35m#bbb[39m[31m[91m[33m;[39m[31m[91mbackground-color[33m:[39m[31m[91m[35m[39m[22m[1m[31m#555[39m[31m[91m[33m}[39m[31m[91m[33m.list-group-item[39m[31m[91m[33m{[39m[31m[91mposition[33m:[39m[31m[91mrelative[33m;[39m[31m[91mdisplay[33m:[39m[31m[91mblock[33m;[39m[31m[91mpadding[33m:[39m[31m[91m14px 8px[33m;[39m[31m[91mbackground-color[33m:[39m[31m[91mtransparent[33m}[39m[31m[91m[33m.list-group-item.disabled,.list-group-item[39m[31m[91m[33m:[39m[31m[91mdisabled[33m{[39m[31m[91mcolor[33m:[39m[31m[91m[35m#555[39m[31m[91m[33m;[39m[31m[91mpointer-events[33m:[39m[31m[91mnone[33m;[39m[31m[91mbackground-color[33m:[39m[31m[91mtransparent[33m}[39m[31m[91m[33m.list-group-item.active[39m[31m[91m[33m{[39m[31m[91mz-index[33m:[39m[31m[91m2[33m;[39m[31m[91mcolor[33m:[39m[31m[91m[35m#fff[39m[31m[91m[33m;[39m[31m[91mbackground-color[33m:[39m[31m[91m[35m#000[39m[31m[91m[33m;[39m[31m[91mborder-color[33m:[39m[31m[91m[35m#000[39m[31m[91m[33m}[39m[31m[91m[33m.list-group-item+.list-group-item[39m[31m[91m[33m{[39m[31m[91mborder-top-width[33m:[39m[31m[91m0[33m}[39m[31m[91m[33m.list-group-item+.list-group-item.active[39m[31m[91m[33m{[39m[31m[91mmargin-top[33m:[39m[31m[91m0[33m;[39m[31m[91mborder-top-width[33m:[39m[31m[91m0[33m}[39m[31m[91m[33m.list-group-horizontal[39m[31m[91m[33m{[39m[31m[91m-ms-flex-direction[33m:[39m[31m[91mrow[33m;[39m[31m[91mflex-direction[33m:[39m[31m[91mrow[33m}[39m[31m[91m[33m.list-group-horizontal[39m[31m[91m [33m.list-group-item.active[39m[31m[91m[33m{[39m[31m[91mmargin-top[33m:[39m[31m[91m0[33m}[39m[31m[91m[33m.list-group-horizontal[39m[31m[91m [33m.list-group-item+.list-group-item[39m[31m[91m[33m{[39m[31m[91mborder-top-width[33m:[39m[31m[91m0[33m;[39m[31m[91mborder-left-width[33m:[39m[31m[91m0[33m}[39m[31m[91m[33m.list-group-horizontal[39m[31m[91m [33m.list-group-item+.list-group-item.active[39m[31m[91m[33m{[39m[31m[91mmargin-left[33m:[39m[31m[91m0[33m;[39m[31m[91mborder-left-width[33m:[39m[31m[91m0[33m}[39m[31m[91m[36m@media[39m[31m[91m[36m [39m[31m[91m[36m(min-width:576px)[39m[31m[91m[33m{[39m[31m[91m[33m.list-group-horizontal-sm[39m[31m[91m[33m{[39m[31m[91m-ms-flex-direction[33m:[39m[31m[91mrow[33m;[39m[31m[91mflex-direction[33m[39m[22m[1m[31m:[39m[31m[91mrow[33m}[39m[31m[91m[33m.list-group-horizontal-sm[39m[31m[91m [33m.list-group-item.active[39m[31m[91m[33m{[39m[31m[91mmargin-top[33m:[39m[31m[91m0[33m}[39m[31m[91m[33m.list-group-horizontal-sm[39m[31m[91m [33m.list-group-item+.list-group-item[39m[31m[91m[33m{[39m[31m[91mborder-top-width[33m:[39m[31m[91m0[33m;[39m[31m[91mborder-left-width[33m:[39m[31m[91m0[33m}[39m[31m[91m[33m.list-group-horizontal-sm[39m[31m[91m [33m.list-group-item+.list-group-item.active[39m[31m[91m[33m{[39m[31m[91mmargin-left[33m:[39m[31m[91m0[33m;[39m[31m[91mborder-left-width[33m:[39m[31m[91m0[33m}[39m[31m[91m[33m}[39m[31m[91m[36m@media[39m[31m[91m[36m [39m[31m[91m[36m(min-width:768px)[39m[31m[91m[33m{[39m[31m[91m[33m.list-group-horizontal-md[39m[31m[91m[33m{[39m[31m[91m-ms-flex-direction[33m:[39m[31m[91mrow[33m;[39m[31m[91mflex-direction[33m:[39m[31m[91mrow[33m}[39m[31m[91m[33m.list-group-horizontal-md[39m[31m[91m [33m.list-group-item.active[39m[31m[91m[33m{[39m[31m[91mmargin-top[33m:[39m[31m[91m0[33m}[39m[31m[91m[33m.list-group-horizontal-md[39m[31m[91m [33m.list-group-item+.list-group-item[39m[31m[91m[33m{[39m[31m[91mborder-top-width[33m:[39m[31m[91m0[33m;[39m[31m[91mborder-left-width[33m:[39m[31m[91m0[33m}[39m[31m[91m[33m.list-group-horizontal-md[39m[31m[91m [33m.list-group-item+.list-group-item.active[39m[31m[91m[33m{[39m[31m[91mmargin-left[33m:[39m[31m[91m0[33m;[39m[31m[91mborder-left-width[33m:[39m[31m[91m0[33m}[39m[31m[91m[33m}[39m[31m[91m[36m@media[39m[31m[91m[36m [39m[31m[91m[36m(min-width:960px)[39m[31m[91m[33m{[39m[31m[91m[33m.list-group-horizontal-lg[39m[31m[91m[33m{[39m[31m[91m-ms-flex-direction[33m:[39m[31m[91mrow[33m;[39m[31m[91mflex-direction[33m:[39m[31m[91mrow[33m}[39m[31m[91m[33m.list-group-horizontal-lg[39m[31m[91m [33m.list-group-item.active[39m[31m[91m[33m{[39m[31m[91mmargin-top[33m:[39m[31m[91m0[33m}[39m[31m[91m[33m.list-group-horizontal-lg[39m[31m[91m [33m.list-group-item+.list-group-item[39m[31m[91m[33m{[39m[31m[91mborder-top-width[33m:[39m[31m[91m0[33m;[39m[31m[91mborder-left-width[33m:[39m[31m[91m0[33m}[39m[31m[91m[33m.list-gro[39m[22m[1m[31mup-horizontal-lg[39m[31m[91m [33m.list-group-item+.list-group-item.active[39m[31m[91m[33m{[39m[31m[91mmargin-left[33m:[39m[31m[91m0[33m;[39m[31m[91mborder-left-width[33m:[39m[31m[91m0[33m}[39m[31m[91m[33m}[39m[31m[91m[36m@media[39m[31m[91m[36m [39m[31m[91m[36m(min-width:1152px)[39m[31m[91m[33m{[39m[31m[91m[33m.list-group-horizontal-xl[39m[31m[91m[33m{[39m[31m[91m-ms-flex-direction[33m:[39m[31m[91mrow[33m;[39m[31m[91mflex-direction[33m:[39m[31m[91mrow[33m}[39m[31m[91m[33m.list-group-horizontal-xl[39m[31m[91m [33m.list-group-item.active[39m[31m[91m[33m{[39m[31m[91mmargin-top[33m:[39m[31m[91m0[33m}[39m[31m[91m[33m.list-group-horizontal-xl[39m[31m[91m [33m.list-group-item+.list-group-item[39m[31m[91m[33m{[39m[31m[91mborder-top-width[33m:[39m[31m[91m0[33m;[39m[31m[91mborder-left-width[33m:[39m[31m[91m0[33m}[39m[31m[91m[33m.list-group-horizontal-xl[39m[31m[91m [33m.list-group-item+.list-group-item.active[39m[31m[91m[33m{[39m[31m[91mmargin-left[33m:[39m[31m[91m0[33m;[39m[31m[91mborder-left-width[33m:[39m[31m[91m0[33m}[39m[31m[91m[33m}[39m[31m[91m[33m.list-group-flush[39m[31m[91m [33m.list-group-item[39m[31m[91m[33m{[39m[31m[91mborder-right-width[33m:[39m[31m[91m0[33m;[39m[31m[91mborder-left-width[33m:[39m[31m[91m0[33m}[39m[31m[91m[33m.list-group-flush[39m[31m[91m [33m.list-group-item[39m[31m[91m[33m:[39m[31m[91mfirst-child[33m{[39m[31m[91mborder-top-width[33m:[39m[31m[91m0[33m}[39m[31m[91m[33m.list-group-flush[39m[31m[91m[33m:[39m[31m[91mlast-child [33m.list-group-item[39m[31m[91m[33m:[39m[31m[91mlast-child[33m{[39m[31m[91mborder-bottom-width[33m:[39m[31m[91m0[33m}[39m[31m[91m[33m.list-group-item-primary[39m[31m[91m[33m{[39m[31m[91mcolor[33m:[39m[31m[91m[35m#fff[39m[31m[91m[33m;[39m[31m[91mbackground-color[33m:[39m[31m[91m[35m#fff[39m[31m[91m[33m}[39m[31m[91m[33m.list-group-item-primary.list-group-item-action[39m[31m[91m[33m:[39m[31m[91mfocus,.list-group-item-primary.list-group-item-action[33m:[39m[31m[91mhover[33m{[39m[31m[91mcolor[33m:[39m[31m[91m[35m#fff[39m[31m[91m[33m;[39m[31m[91mbackground-color[33m:[39m[31m[91m[35m#fff[39m[31m[91m[33m}[39[39m[22m[1m[31mm[91m[33m.list-group-item-primary.list-group-item-action.active[39m[31m[91m[33m{[39m[31m[91mcolor[33m:[39m[31m[91m[35m#fff[39m[31m[91m[33m;[39m[31m[91mbackground-color[33m:[39m[31m[91m[35m#fff[39m[31m[91m[33m;[39m[31m[91mborder-color[33m:[39m[31m[91m[35m#fff[39m[31m[91m[33m}[39m[31m[91m[33m.list-group-item-secondary[39m[31m[91m[33m{[39m[31m[91mcolor[33m:[39m[31m[91m[35m#fff[39m[31m[91m[33m;[39m[31m[91mbackground-color[33m:[39m[31m[91m[35m#fff[39m[31m[91m[33m}[39m[31m[91m[33m.list-group-item-secondary.list-group-item-action[39m[31m[91m[33m:[39m[31m[91mfocus,.list-group-item-secondary.list-group-item-action[33m:[39m[31m[91mhover[33m{[39m[31m[91mcolor[33m:[39m[31m[91m[35m#fff[39m[31m[91m[33m;[39m[31m[91mbackground-color[33m:[39m[31m[91m[35m#fff[39m[31m[91m[33m}[39m[31m[91m[33m.list-group-item-secondary.list-group-item-action.active[39m[31m[91m[33m{[39m[31m[91mcolor[33m:[39m[31m[91m[35m#fff[39m[31m[91m[33m;[39m[31m[91mbackground-color[33m:[39m[31m[91m[35m#fff[39m[31m[91m[33m;[39m[31m[91mborder-color[33m:[39m[31m[91m[35m#fff[39m[31m[91m[33m}[39m[31m[91m[33m.list-group-item-success[39m[31m[91m[33m{[39m[31m[91mcolor[33m:[39m[31m[91m[35m#5f5[39m[31m[91m[33m;[39m[31m[91mbackground-color[33m:[39m[31m[91m[35m#5f5[39m[31m[91m[33m}[39m[31m[91m[33m.list-group-item-success.list-group-item-action[39m[31m[91m[33m:[39m[31m[91mfocus,.list-group-item-success.list-group-item-action[33m:[39m[31m[91mhover[33m{[39m[31m[91mcolor[33m:[39m[31m[91m[35m#5f5[39m[31m[91m[33m;[39m[31m[91mbackground-color[33m:[39m[31m[91m[35m#5f5[39m[31m[91m[33m}[39m[31m[91m[33m.list-group-item-success.list-group-item-action.active[39m[31m[91m[33m{[39m[31m[91mcolor[33m:[39m[31m[91m[35m#fff[39m[31m[91m[33m;[39m[31m[91mbackground-color[33m:[39m[31m[91m[35m#5f5[39m[31m[91m[33m;[39m[31m[91mborder-color[33m:[39m[31m[91m[35m#5f5[39m[31m[91m[33m}[39m[31m[91m[33m.list-group-item-info[39m[31m[91m[33m{[39m[31m[91mcolor[33m:[39m[31m[91m[35m#5ff[39m[31m[91m[33m;[39m[31m[91mbackground-color[33m:[39m[31m[91m[35m#5ff[39m[31m[91m[33m}[39m[31m[91m[33m.list-group-item-info.list-group-item-action[39m[31m[91m[39m[22m[1m[31m[33m:[39m[31m[91mfocus,.list-group-item-info.list-group-item-action[33m:[39m[31m[91mhover[33m{[39m[31m[91mcolor[33m:[39m[31m[91m[35m#5ff[39m[31m[91m[33m;[39m[31m[91mbackground-color[33m:[39m[31m[91m[35m#5ff[39m[31m[91m[33m}[39m[31m[91m[33m.list-group-item-info.list-group-item-action.active[39m[31m[91m[33m{[39m[31m[91mcolor[33m:[39m[31m[91m[35m#fff[39m[31m[91m[33m;[39m[31m[91mbackground-color[33m:[39m[31m[91m[35m#5ff[39m[31m[91m[33m;[39m[31m[91mborder-color[33m:[39m[31m[91m[35m#5ff[39m[31m[91m[33m}[39m[31m[91m[33m.list-group-item-warning[39m[31m[91m[33m{[39m[31m[91mcolor[33m:[39m[31m[91m[35m#ff5[39m[31m[91m[33m;[39m[31m[91mbackground-color[33m:[39m[31m[91m[35m#ff5[39m[31m[91m[33m}[39m[31m[91m[33m.list-group-item-warning.list-group-item-action[39m[31m[91m[33m:[39m[31m[91mfocus,.list-group-item-warning.list-group-item-action[33m:[39m[31m[91mhover[33m{[39m[31m[91mcolor[33m:[39m[31m[91m[35m#ff5[39m[31m[91m[33m;[39m[31m[91mbackground-color[33m:[39m[31m[91m[35m#ff5[39m[31m[91m[33m}[39m[31m[91m[33m.list-group-item-warning.list-group-item-action.active[39m[31m[91m[33m{[39m[31m[91mcolor[33m:[39m[31m[91m[35m#fff[39m[31m[91m[33m;[39m[31m[91mbackground-color[33m:[39m[31m[91m[35m#ff5[39m[31m[91m[33m;[39m[31m[91mborder-color[33m:[39m[31m[91m[35m#ff5[39m[31m[91m[33m}[39m[31m[91m[33m.list-group-item-danger[39m[31m[91m[33m{[39m[31m[91mcolor[33m:[39m[31m[91m[35m#f55[39m[31m[91m[33m;[39m[31m[91mbackground-color[33m:[39m[31m[91m[35m#f55[39m[31m[91m[33m}[39m[31m[91m[33m.list-group-item-danger.list-group-item-action[39m[31m[91m[33m:[39m[31m[91mfocus,.list-group-item-danger.list-group-item-action[33m:[39m[31m[91mhover[33m{[39m[31m[91mcolor[33m:[39m[31m[91m[35m#f55[39m[31m[91m[33m;[39m[31m[91mbackground-color[33m:[39m[31m[91m[35m#f55[39m[31m[91m[33m}[39m[31m[91m[33m.list-group-item-danger.list-group-item-action.active[39m[31m[91m[33m{[39m[31m[91mcolor[33m:[39m[31m[91m[35m#fff[39m[31m[91m[33m;[39m[31m[91mbackground-color[33m:[39m[31m[91m[35m#f55[39m[31m[91m[33m;[39m[31m[91mborder-color[33m:[39m[31m[91m[35m#f55[39m[31m[91m[33m}[39m[31m[91m[33m.list-group-item-light.lis[39m[22m[1m[31mt-group-item-action.active[39m[31m[91m[33m{[39m[31m[91mcolor[33m:[39m[31m[91m[35m#fff[39m[31m[91m[33m}[39m[31m[91m[33m.list-group-item-dark[39m[31m[91m[33m{[39m[31m[91mcolor[33m:[39m[31m[91m[35m#555[39m[31m[91m[33m;[39m[31m[91mbackground-color[33m:[39m[31m[91m[35m#555[39m[31m[91m[33m}[39m[31m[91m[33m.list-group-item-dark.list-group-item-action[39m[31m[91m[33m:[39m[31m[91mfocus,.list-group-item-dark.list-group-item-action[33m:[39m[31m[91mhover[33m{[39m[31m[91mcolor[33m:[39m[31m[91m[35m#555[39m[31m[91m[33m;[39m[31m[91mbackground-color[33m:[39m[31m[91m[35m#555[39m[31m[91m[33m}[39m[31m[91m[33m.list-group-item-dark.list-group-item-action.active[39m[31m[91m[33m{[39m[31m[91mcolor[33m:[39m[31m[91m[35m#fff[39m[31m[91m[33m;[39m[31m[91mbackground-color[33m:[39m[31m[91m[35m#555[39m[31m[91m[33m;[39m[31m[91mborder-color[33m:[39m[31m[91m[35m#555[39m[31m[91m[33m}[39m[31m[91m[33m.close[39m[31m[91m[33m{[39m[31m[91mfloat[33m:[39m[31m[91mright[33m;[39m[31m[91mline-height[33m:[39m[31m[91m1[33m;[39m[31m[91mcolor[33m:[39m[31m[91m[35m#fff[39m[31m[91m[33m}[39m[31m[91m[33m.close[39m[31m[91m[33m:[39m[31m[91mhover[33m{[39m[31m[91mcolor[33m:[39m[31m[91m[35m#fff[39m[31m[91m[33m;[39m[31m[91mtext-decoration[33m:[39m[31m[91mnone[33m}[39m[31m[91mbutton.close[33m{[39m[31m[91mpadding[33m:[39m[31m[91m0 0 0 8px[33m;[39m[31m[91mbackground-color[33m:[39m[31m[91mtransparent[33m;[39m[31m[91mborder[33m:[39m[31m[91m0[33m;[39m[31m[91m-webkit-appearance[33m:[39m[31m[91mnone[33m;[39m[31m[91m-moz-appearance[33m:[39m[31m[91mnone[33m;[39m[31m[91mappearance[33m:[39m[31m[91mnone[33m}[39m[31m[91ma.close.disabled[33m{[39m[31m[91mpointer-events[33m:[39m[31m[91mnone[33m}[39m[31m[91m[33m.toast[39m[31m[91m[33m{[39m[31m[91mmax-width[33m:[39m[31m[91m360px[33m;[39m[31m[91moverflow[33m:[39m[31m[91mhidden[33m;[39m[31m[91mcolor[33m:[39m[31m[91m[35m#000[39m[31m[91m[33m;[39m[31m[91mpadding[33m:[39m[31m[91m0[33m;[39m[31m[91mbackground-color[33m:[39m[31m[91m[35m#bbb[39m[31m[91m[33m;[39m[31m[91mbackground-clip[33m:[39m[31m[91mpadding-box[33m;[39m[31m[91mopacity[33m:[39m[31m[91m0[33m}[39m[31m[91m[33m.toast[39m[31m[91m[[39m[22m[1m[31m33m:[39m[31m[91m[36mnot[39m[31m[91m[36m(:last-child)[39m[31m[91m[33m{[39m[31m[91mmargin-bottom[33m:[39m[31m[91m8px[33m}[39m[31m[91m[33m.toast.showing[39m[31m[91m[33m{[39m[31m[91mopacity[33m:[39m[31m[91m1[33m}[39m[31m[91m[33m.toast.show[39m[31m[91m[33m{[39m[31m[91mdisplay[33m:[39m[31m[91mblock[33m;[39m[31m[91mopacity[33m:[39m[31m[91m1[33m}[39m[31m[91m[33m.toast.hide[39m[31m[91m[33m{[39m[31m[91mdisplay[33m:[39m[31m[91mnone[33m}[39m[31m[91m[33m.toast-header[39m[31m[91m[33m{[39m[31m[91mdisplay[33m:[39m[31m[91m-ms-flexbox[33m;[39m[31m[91mdisplay[33m:[39m[31m[91mflex[33m;[39m[31m[91m-ms-flex-align[33m:[39m[31m[91mcenter[33m;[39m[31m[91malign-items[33m:[39m[31m[91mcenter[33m;[39m[31m[91mpadding[33m:[39m[31m[91m0 8px[33m;[39m[31m[91mcolor[33m:[39m[31m[91m[35m#fff[39m[31m[91m[33m;[39m[31m[91mbackground-color[33m:[39m[31m[91m[35m#a0a[39m[31m[91m[33m}[39m[31m[91m[33m.toast-body[39m[31m[91m[33m{[39m[31m[91mpadding[33m:[39m[31m[91m8px[33m}[39m[31m[91m[33m.modal-open[39m[31m[91m[33m{[39m[31m[91moverflow[33m:[39m[31m[91mhidden[33m}[39m[31m[91m[33m.modal-open[39m[31m[91m [33m.modal[39m[31m[91m[33m{[39m[31m[91moverflow-x[33m:[39m[31m[91mhidden[33m;[39m[31m[91moverflow-y[33m:[39m[31m[91mauto[33m}[39m[31m[91m[33m.modal[39m[31m[91m[33m{[39m[31m[91mposition[33m:[39m[31m[91mfixed[33m;[39m[31m[91mtop[33m:[39m[31m[91m0[33m;[39m[31m[91mleft[33m:[39m[31m[91m0[33m;[39m[31m[91mz-index[33m:[39m[31m[91m1050[33m;[39m[31m[91mdisplay[33m:[39m[31m[91mnone[33m;[39m[31m[91mwidth[33m:[39m[31m[91m100%[33m;[39m[31m[91mheight[33m:[39m[31m[91m100%[33m;[39m[31m[91moverflow[33m:[39m[31m[91mhidden[33m;[39m[31m[91moutline[33m:[39m[31m[91m0[33m;[39m[31m[91m-webkit-filter[33m:[39m[31m[91m[36mdrop-shadow[39m[31m[91m[36m(7px 8px 0 #000)[39m[31m[91m[33m;[39m[31m[91mfilter[33m:[39m[31m[91m[36mdrop-shadow[39m[31m[91m[36m(7px 8px 0 #000)[39m[31m[91m[33m;[39m[31m[91mmargin-right[33m:[39m[31m[91m10.5px[33m;[39m[31m[91mmargin-bottom[33m:[39m[31m[91m14px[33m}[39m[31m[91m[33m.modal[39m[31m[91m [33m.btn[39m[31m[91m[33m{[39m[31m[91m-webkit-filter[33m:[39m[31m[91m[36mdrop-shadow[39m[31m[91m[36m(7px 8px 0 #000)[39[39m[22m[1m[31mm[91m[33m;[39m[31m[91mfilter[33m:[39m[31m[91m[36mdrop-shadow[39m[31m[91m[36m(7px 8px 0 #000)[39m[31m[91m[33m;[39m[31m[91mmargin-right[33m:[39m[31m[91m10.5px[33m;[39m[31m[91mbackground[33m:[39m[31m[91m[35m#fff[39m[31m[91m[33m}[39m[31m[91m[33m.modal[39m[31m[91m [33m.btn[39m[31m[91m[33m:[39m[31m[91m[33m:[39m[31m[91mfirst-letter[33m{[39m[31m[91mcolor[33m:[39m[31m[91m[35m#f55[39m[31m[91m[33m}[39m[31m[91m[33m.modal[39m[31m[91m [33m.btn[39m[31m[91m[33m:[39m[31m[91mhover[33m{[39m[31m[91mcolor[33m:[39m[31m[91m[35m#000[39m[31m[91m[33m}[39m[31m[91m[33m.modal-dialog[39m[31m[91m[33m{[39m[31m[91mposition[33m:[39m[31m[91mrelative[33m;[39m[31m[91mwidth[33m:[39m[31m[91mauto[33m;[39m[31m[91mpointer-events[33m:[39m[31m[91mnone[33m}[39m[31m[91m[33m.modal.fade[39m[31m[91m [33m.modal-dialog[39m[31m[91m[33m{[39m[31m[91m-webkit-transform[33m:[39m[31m[91m[36mtranslate[39m[31m[91m[36m(0,-50px)[39m[31m[91m[33m;[39m[31m[91mtransform[33m:[39m[31m[91m[36mtranslate[39m[31m[91m[36m(0,-50px)[39m[31m[91m[33m}[39m[31m[91m[33m.modal.show[39m[31m[91m [33m.modal-dialog[39m[31m[91m[33m{[39m[31m[91m-webkit-transform[33m:[39m[31m[91mnone[33m;[39m[31m[91mtransform[33m:[39m[31m[91mnone[33m}[39m[31m[91m[33m.modal.modal-static[39m[31m[91m [33m.modal-dialog[39m[31m[91m[33m{[39m[31m[91m-webkit-transform[33m:[39m[31m[91m[36mscale[39m[31m[91m[36m(1.02)[39m[31m[91m[33m;[39m[31m[91mtransform[33m:[39m[31m[91m[36mscale[39m[31m[91m[36m(1.02)[39m[31m[91m[33m}[39m[31m[91m[33m.modal-dialog-scrollable[39m[31m[91m[33m{[39m[31m[91mdisplay[33m:[39m[31m[91m-ms-flexbox[33m;[39m[31m[91mdisplay[33m:[39m[31m[91mflex[33m}[39m[31m[91m[33m.modal-dialog-scrollable[39m[31m[91m [33m.modal-content[39m[31m[91m[33m{[39m[31m[91moverflow[33m:[39m[31m[91mhidden[33m}[39m[31m[91m[33m.modal-dialog-scrollable[39m[31m[91m [33m.modal-footer,.modal-dialog-scrollable[39m[31m[91m [33m.modal-header[39m[31m[91m[33m{[39m[31m[91m-ms-flex-negative[33m:[39m[31m[91m0[33m;[39m[31m[91mflex-shrink[33m:[39m[31m[91m0[33m}[39m[31m[91m[33m.modal-dialog-scrollable[39m[31m[91m [33m.modal-body[39m[31m[91m[33m{[39m[31m[91moverflow-y[33m:[39m[31m[91mau[39m[22m[1m[31mto[33m}[39m[31m[91m[33m.modal-dialog-centered[39m[31m[91m[33m{[39m[31m[91mdisplay[33m:[39m[31m[91m-ms-flexbox[33m;[39m[31m[91mdisplay[33m:[39m[31m[91mflex[33m;[39m[31m[91m-ms-flex-align[33m:[39m[31m[91mcenter[33m;[39m[31m[91malign-items[33m:[39m[31m[91mcenter[33m}[39m[31m[91m[33m.modal-dialog-centered[39m[31m[91m[33m:[39m[31m[91m[33m:[39m[31m[91mbefore[33m{[39m[31m[91mdisplay[33m:[39m[31m[91mblock[33m;[39m[31m[91mcontent[33m:[39m[31m[91m[32m""[39m[31m[91m[33m}[39m[31m[91m[33m.modal-dialog-centered.modal-dialog-scrollable[39m[31m[91m[33m{[39m[31m[91m-ms-flex-direction[33m:[39m[31m[91mcolumn[33m;[39m[31m[91mflex-direction[33m:[39m[31m[91mcolumn[33m;[39m[31m[91m-ms-flex-pack[33m:[39m[31m[91mcenter[33m;[39m[31m[91mjustify-content[33m:[39m[31m[91mcenter[33m;[39m[31m[91mheight[33m:[39m[31m[91m100%[33m}[39m[31m[91m[33m.modal-dialog-centered.modal-dialog-scrollable[39m[31m[91m [33m.modal-content[39m[31m[91m[33m{[39m[31m[91mmax-height[33m:[39m[31m[91mnone[33m}[39m[31m[91m[33m.modal-dialog-centered.modal-dialog-scrollable[39m[31m[91m[33m:[39m[31m[91m[33m:[39m[31m[91mbefore[33m{[39m[31m[91mcontent[33m:[39m[31m[91mnone[33m}[39m[31m[91m[33m.modal-content[39m[31m[91m[33m{[39m[31m[91mposition[33m:[39m[31m[91mrelative[33m;[39m[31m[91mdisplay[33m:[39m[31m[91m-ms-flexbox[33m;[39m[31m[91mdisplay[33m:[39m[31m[91mflex[33m;[39m[31m[91m-ms-flex-direction[33m:[39m[31m[91mcolumn[33m;[39m[31m[91mflex-direction[33m:[39m[31m[91mcolumn[33m;[39m[31m[91mwidth[33m:[39m[31m[91m100%[33m;[39m[31m[91mcolor[33m:[39m[31m[91m[35m#000[39m[31m[91m[33m;[39m[31m[91mpointer-events[33m:[39m[31m[91mauto[33m;[39m[31m[91mbackground-color[33m:[39m[31m[91m[35m#bbb[39m[31m[91m[33m;[39m[31m[91mbackground-clip[33m:[39m[31m[91mpadding-box[33m;[39m[31m[91moutline[33m:[39m[31m[91m0[33m}[39m[31m[91m[33m.modal-backdrop[39m[31m[91m[33m{[39m[31m[91mposition[33m:[39m[31m[91mfixed[33m;[39m[31m[91mtop[33m:[39m[31m[91m0[33m;[39m[31m[91mleft[33m:[39m[31m[91m0[33m;[39m[31m[91mz-index[33m:[39m[31m[91m1040[33m;[39m[31m[91mwidth[33m:[39m[31m[91m100vw[33m;[39m[31m[91mheight[33m:[39m[31m[91m100vh[33m;[39m[31m[91mback[39m[22m[1m[31mground-color[33m:[39m[31m[91m[35m#000[39m[31m[91m[33m}[39m[31m[91m[33m.modal-backdrop.fade[39m[31m[91m[33m{[39m[31m[91mopacity[33m:[39m[31m[91m0[33m}[39m[31m[91m[33m.modal-header[39m[31m[91m[33m{[39m[31m[91mdisplay[33m:[39m[31m[91m-ms-flexbox[33m;[39m[31m[91mdisplay[33m:[39m[31m[91mflex[33m;[39m[31m[91m-ms-flex-align[33m:[39m[31m[91mstart[33m;[39m[31m[91malign-items[33m:[39m[31m[91mflex-start[33m;[39m[31m[91m-ms-flex-pack[33m:[39m[31m[91mjustify[33m;[39m[31m[91mjustify-content[33m:[39m[31m[91mspace-between[33m;[39m[31m[91mpadding[33m:[39m[31m[91m0 8px[33m;[39m[31m[91mbackground[33m:[39m[31m[91m[35m#a0a[39m[31m[91m[33m;[39m[31m[91mcolor[33m:[39m[31m[91m[35m#fff[39m[31m[91m[33m}[39m[31m[91m[33m.modal-header[39m[31m[91m [33m.h1,.modal-header[39m[31m[91m [33m.h2,.modal-header[39m[31m[91m [33m.h3,.modal-header[39m[31m[91m [33m.h4,.modal-header[39m[31m[91m [33m.h5,.modal-header[39m[31m[91m [33m.h6,.modal-header[39m[31m[91m h1,.modal-header h2,.modal-header h3,.modal-header h4,.modal-header h5,.modal-header h6[33m{[39m[31m[91mborder[33m:[39m[31m[91m0[33m;[39m[31m[91mpadding[33m:[39m[31m[91m0[33m;[39m[31m[91mmargin[33m:[39m[31m[91m0[33m;[39m[31m[91m-webkit-animation[33m:[39m[31m[91mnone[33m;[39m[31m[91manimation[33m:[39m[31m[91mnone[33m}[39m[31m[91m[33m.modal-header[39m[31m[91m [33m.h1[39m[31m[91m[33m:[39m[31m[91m[33m:[39m[31m[91mafter,.modal-header [33m.h1[39m[31m[91m[33m:[39m[31m[91m[33m:[39m[31m[91mbefore,.modal-header [33m.h2[39m[31m[91m[33m:[39m[31m[91m[33m:[39m[31m[91mafter,.modal-header [33m.h2[39m[31m[91m[33m:[39m[31m[91m[33m:[39m[31m[91mbefore,.modal-header [33m.h3[39m[31m[91m[33m:[39m[31m[91m[33m:[39m[31m[91mafter,.modal-header [33m.h3[39m[31m[91m[33m:[39m[31m[91m[33m:[39m[31m[91mbefore,.modal-header [33m.h4[39m[31m[91m[33m:[39m[31m[91m[33m:[39m[31m[91mafter,.modal-header [33m.h4[39m[31m[91m[33m:[39m[31m[91m[33m:[39m[31m[91mbefore,.modal-header [33m.h5[39m[31m[91m[33m:[39m[31m[91m[33m:[39m[31m[91mafter,.modal-header [33m.h5[39m[31m[91m[33m:[39m[31m[91m[33m:[39m[31m[91mbefore,.modal-header [33m.h6[39m[31m[91m[33m:[39m[31m[91m[33m:[39m[31m[91maf[39m[22m[1m[31mter,.modal-header [33m.h6[39m[31m[91m[33m:[39m[31m[91m[33m:[39m[31m[91mbefore,.modal-header h1[33m:[39m[31m[91m[33m:[39m[31m[91mafter,.modal-header h1[33m:[39m[31m[91m[33m:[39m[31m[91mbefore,.modal-header h2[33m:[39m[31m[91m[33m:[39m[31m[91mafter,.modal-header h2[33m:[39m[31m[91m[33m:[39m[31m[91mbefore,.modal-header h3[33m:[39m[31m[91m[33m:[39m[31m[91mafter,.modal-header h3[33m:[39m[31m[91m[33m:[39m[31m[91mbefore,.modal-header h4[33m:[39m[31m[91m[33m:[39m[31m[91mafter,.modal-header h4[33m:[39m[31m[91m[33m:[39m[31m[91mbefore,.modal-header h5[33m:[39m[31m[91m[33m:[39m[31m[91mafter,.modal-header h5[33m:[39m[31m[91m[33m:[39m[31m[91mbefore,.modal-header h6[33m:[39m[31m[91m[33m:[39m[31m[91mafter,.modal-header h6[33m:[39m[31m[91m[33m:[39m[31m[91mbefore[33m{[39m[31m[91mcontent[33m:[39m[31m[91m[32m''[39m[31m[91m[33m}[39m[31m[91m[33m.modal-header[39m[31m[91m [33m.close[39m[31m[91m[33m{[39m[31m[91mpadding[33m:[39m[31m[91m0 8px[33m;[39m[31m[91mmargin[33m:[39m[31m[91m0 -8px 0 auto[33m}[39m[31m[91m[33m.modal-body[39m[31m[91m[33m{[39m[31m[91mposition[33m:[39m[31m[91mrelative[33m;[39m[31m[91m-ms-flex[33m:[39m[31m[91m1 1 auto[33m;[39m[31m[91mflex[33m:[39m[31m[91m1 1 auto[33m;[39m[31m[91mpadding[33m:[39m[31m[91m14px 16px[33m}[39m[31m[91m[33m.modal-footer[39m[31m[91m[33m{[39m[31m[91mdisplay[33m:[39m[31m[91m-ms-flexbox[33m;[39m[31m[91mdisplay[33m:[39m[31m[91mflex[33m;[39m[31m[91m-ms-flex-wrap[33m:[39m[31m[91mwrap[33m;[39m[31m[91mflex-wrap[33m:[39m[31m[91mwrap[33m;[39m[31m[91m-ms-flex-align[33m:[39m[31m[91mcenter[33m;[39m[31m[91malign-items[33m:[39m[31m[91mcenter[33m;[39m[31m[91m-ms-flex-pack[33m:[39m[31m[91mend[33m;[39m[31m[91mjustify-content[33m:[39m[31m[91mflex-end[33m;[39m[31m[91mpadding[33m:[39m[31m[91m0 8px 14px[33m}[39m[31m[91m[33m.modal-footer>*[39m[31m[91m[33m{[39m[31m[91mmargin[33m:[39m[31m[91m0 8px[33m}[39m[31m[91m[33m.modal-scrollbar-measure[39m[31m[91m[33m{[39m[31m[91mposition[33m:[39m[31m[91mabsolute[33m;[39m[31m[91mtop[33m:[39m[31m[91m-9999px[33m;[39m[31m[91mwidth[33m:[39m[31m[91m50px[33m;[39m[31m[91mheight[33m:[39m[31m[91m50px[33m;[39m[31m[91moverflow[39m[22m[1m[31m[33m:[39m[31m[91mscroll[33m}[39m[31m[91m[36m@media[39m[31m[91m[36m [39m[31m[91m[36m(min-width:576px)[39m[31m[91m[33m{[39m[31m[91m[33m.modal-dialog[39m[31m[91m[33m{[39m[31m[91mmax-width[33m:[39m[31m[91m480px[33m}[39m[31m[91m[33m.modal-sm[39m[31m[91m[33m{[39m[31m[91mmax-width[33m:[39m[31m[91m240px[33m}[39m[31m[91m[33m}[39m[31m[91m[36m@media[39m[31m[91m[36m [39m[31m[91m[36m(min-width:960px)[39m[31m[91m[33m{[39m[31m[91m[33m.modal-lg,.modal-xl[39m[31m[91m[33m{[39m[31m[91mmax-width[33m:[39m[31m[91m800px[33m}[39m[31m[91m[33m}[39m[31m[91m[36m@media[39m[31m[91m[36m [39m[31m[91m[36m(min-width:1152px)[39m[31m[91m[33m{[39m[31m[91m[33m.modal-xl[39m[31m[91m[33m{[39m[31m[91mmax-width[33m:[39m[31m[91m1120px[33m}[39m[31m[91m[33m}[39m[31m[91m[33m.tooltip[39m[31m[91m[33m{[39m[31m[91mposition[33m:[39m[31m[91mabsolute[33m;[39m[31m[91mz-index[33m:[39m[31m[91m1070[33m;[39m[31m[91mdisplay[33m:[39m[31m[91mblock[33m;[39m[31m[91mmargin[33m:[39m[31m[91m0[33m;[39m[31m[91mfont-family[33m:[39m[31m[91mDOS,Monaco,Menlo,Consolas,[32m"Courier New"[39m[31m[91m,monospace[33m;[39m[31m[91mfont-style[33m:[39m[31m[91mnormal[33m;[39m[31m[91mfont-weight[33m:[39m[31m[91m400[33m;[39m[31m[91mline-height[33m:[39m[31m[91m14px[33m;[39m[31m[91mtext-align[33m:[39m[31m[91mleft[33m;[39m[31m[91mtext-align[33m:[39m[31m[91mstart[33m;[39m[31m[91mtext-decoration[33m:[39m[31m[91mnone[33m;[39m[31m[91mtext-shadow[33m:[39m[31m[91mnone[33m;[39m[31m[91mtext-transform[33m:[39m[31m[91mnone[33m;[39m[31m[91mletter-spacing[33m:[39m[31m[91mnormal[33m;[39m[31m[91mword-break[33m:[39m[31m[91mnormal[33m;[39m[31m[91mword-spacing[33m:[39m[31m[91mnormal[33m;[39m[31m[91mwhite-space[33m:[39m[31m[91mnormal[33m;[39m[31m[91mline-break[33m:[39m[31m[91mauto[33m;[39m[31m[91mword-wrap[33m:[39m[31m[91mbreak-word[33m;[39m[31m[91mopacity[33m:[39m[31m[91m0[33m}[39m[31m[91m[33m.tooltip.show[39m[31m[91m[33m{[39m[31m[91mopacity[33m:[39m[31m[91m1[33m}[39m[31m[91m[33m.tooltip[39m[31m[91m [33m.arrow[39m[31m[91m[33m{[39m[31m[91mposition[33m:[39m[31m[91mabsolute[33m;[39m[31m[91mdisplay[33m:[39m[31m[91mblock[33m;[39m[31m[91mcolor[33m:[39m[31m[91m[3[39m[22m[1m[31m5m#000[39m[31m[91m[33m;[39m[31m[91mwidth[33m:[39m[31m[91m8px[33m;[39m[31m[91mheight[33m:[39m[31m[91m14px[33m}[39m[31m[91m[33m.tooltip[39m[31m[91m [33m.arrow[39m[31m[91m[33m:[39m[31m[91m[33m:[39m[31m[91mbefore[33m{[39m[31m[91mposition[33m:[39m[31m[91mabsolute[33m;[39m[31m[91mcontent[33m:[39m[31m[91m[32m""[39m[31m[91m[33m;[39m[31m[91mborder-color[33m:[39m[31m[91mtransparent[33m;[39m[31m[91mborder-style[33m:[39m[31m[91msolid[33m}[39m[31m[91m[33m.bs-tooltip-auto[39m[31m[91m[33m[[39m[31m[91mx-placement^=top[33m][39m[31m[91m,.bs-tooltip-top[33m{[39m[31m[91mpadding[33m:[39m[31m[91m14px 0[33m}[39m[31m[91m[33m.bs-tooltip-auto[39m[31m[91m[33m[[39m[31m[91mx-placement^=top[33m][39m[31m[91m [33m.arrow,.bs-tooltip-top[39m[31m[91m [33m.arrow[39m[31m[91m[33m{[39m[31m[91mbottom[33m:[39m[31m[91m0[33m}[39m[31m[91m[33m.bs-tooltip-auto[39m[31m[91m[33m[[39m[31m[91mx-placement^=top[33m][39m[31m[91m [33m.arrow[39m[31m[91m[33m:[39m[31m[91m[33m:[39m[31m[91mafter,.bs-tooltip-top [33m.arrow[39m[31m[91m[33m:[39m[31m[91m[33m:[39m[31m[91mafter[33m{[39m[31m[91mcontent[33m:[39m[31m[91m[32m'\25bc'[39m[31m[91m[33m}[39m[31m[91m[33m.bs-tooltip-auto[39m[31m[91m[33m[[39m[31m[91mx-placement^=top[33m][39m[31m[91m [33m.arrow[39m[31m[91m[33m:[39m[31m[91m[33m:[39m[31m[91mbefore,.bs-tooltip-top [33m.arrow[39m[31m[91m[33m:[39m[31m[91m[33m:[39m[31m[91mbefore[33m{[39m[31m[91mtop[33m:[39m[31m[91m0[33m}[39m[31m[91m[33m.bs-tooltip-auto[39m[31m[91m[33m[[39m[31m[91mx-placement^=right[33m][39m[31m[91m,.bs-tooltip-right[33m{[39m[31m[91mpadding[33m:[39m[31m[91m0 8px[33m}[39m[31m[91m[33m.bs-tooltip-auto[39m[31m[91m[33m[[39m[31m[91mx-placement^=right[33m][39m[31m[91m [33m.arrow,.bs-tooltip-right[39m[31m[91m [33m.arrow[39m[31m[91m[33m{[39m[31m[91mleft[33m:[39m[31m[91m0[33m}[39m[31m[91m[33m.bs-tooltip-auto[39m[31m[91m[33m[[39m[31m[91mx-placement^=right[33m][39m[31m[91m [33m.arrow[39m[31m[91m[33m:[39m[31m[91m[33m:[39m[31m[91mbefore,.bs-tooltip-right [33m.arrow[39m[31m[91m[33m:[39m[31m[91m[33m:[39m[31m[91mbefore[33m{[39m[31m[91mright[33m:[39m[31m[91m0[33m;[39m[31m[91mcontent[33m:[39m[31m[91m[32m'\25c4'[39m[31m[91[39m[22m[1m[31mm[33m}[39m[31m[91m[33m.bs-tooltip-auto[39m[31m[91m[33m[[39m[31m[91mx-placement^=bottom[33m][39m[31m[91m,.bs-tooltip-bottom[33m{[39m[31m[91mpadding[33m:[39m[31m[91m14px 0[33m}[39m[31m[91m[33m.bs-tooltip-auto[39m[31m[91m[33m[[39m[31m[91mx-placement^=bottom[33m][39m[31m[91m [33m.arrow,.bs-tooltip-bottom[39m[31m[91m [33m.arrow[39m[31m[91m[33m{[39m[31m[91mtop[33m:[39m[31m[91m0[33m}[39m[31m[91m[33m.bs-tooltip-auto[39m[31m[91m[33m[[39m[31m[91mx-placement^=bottom[33m][39m[31m[91m [33m.arrow[39m[31m[91m[33m:[39m[31m[91m[33m:[39m[31m[91mafter,.bs-tooltip-bottom [33m.arrow[39m[31m[91m[33m:[39m[31m[91m[33m:[39m[31m[91mafter[33m{[39m[31m[91mcontent[33m:[39m[31m[91m[32m'\25b2'[39m[31m[91m[33m}[39m[31m[91m[33m.bs-tooltip-auto[39m[31m[91m[33m[[39m[31m[91mx-placement^=left[33m][39m[31m[91m,.bs-tooltip-left[33m{[39m[31m[91mpadding[33m:[39m[31m[91m0 8px[33m}[39m[31m[91m[33m.bs-tooltip-auto[39m[31m[91m[33m[[39m[31m[91mx-placement^=left[33m][39m[31m[91m [33m.arrow,.bs-tooltip-left[39m[31m[91m [33m.arrow[39m[31m[91m[33m{[39m[31m[91mright[33m:[39m[31m[91m0[33m}[39m[31m[91m[33m.bs-tooltip-auto[39m[31m[91m[33m[[39m[31m[91mx-placement^=left[33m][39m[31m[91m [33m.arrow[39m[31m[91m[33m:[39m[31m[91m[33m:[39m[31m[91mafter,.bs-tooltip-left [33m.arrow[39m[31m[91m[33m:[39m[31m[91m[33m:[39m[31m[91mafter[33m{[39m[31m[91mcontent[33m:[39m[31m[91m[32m'\25ba'[39m[31m[91m[33m}[39m[31m[91m[33m.tooltip-inner[39m[31m[91m[33m{[39m[31m[91mmax-width[33m:[39m[31m[91m200px[33m;[39m[31m[91mpadding[33m:[39m[31m[91m0 8px[33m;[39m[31m[91mcolor[33m:[39m[31m[91m[35m#fff[39m[31m[91m[33m;[39m[31m[91mtext-align[33m:[39m[31m[91mcenter[33m;[39m[31m[91mbackground-color[33m:[39m[31m[91m[35m#000[39m[31m[91m[33m}[39m[31m[91m[33m.popover[39m[31m[91m[33m{[39m[31m[91mposition[33m:[39m[31m[91mabsolute[33m;[39m[31m[91mtop[33m:[39m[31m[91m0[33m;[39m[31m[91mleft[33m:[39m[31m[91m0[33m;[39m[31m[91mz-index[33m:[39m[31m[91m1060[33m;[39m[31m[91mdisplay[33m:[39m[31m[91mblock[33m;[39m[31m[91mmax-width[33m:[39m[31m[91m280px[33m;[39m[31m[91mfont-family[33m:[39m[31m[91mDOS,Monaco,Menlo,Consolas,[32m"Courier New"[39m[31m[91m,mon[39m[22m[1m[31mospace[33m;[39m[31m[91mfont-style[33m:[39m[31m[91mnormal[33m;[39m[31m[91mfont-weight[33m:[39m[31m[91m400[33m;[39m[31m[91mline-height[33m:[39m[31m[91m14px[33m;[39m[31m[91mtext-align[33m:[39m[31m[91mleft[33m;[39m[31m[91mtext-align[33m:[39m[31m[91mstart[33m;[39m[31m[91mtext-decoration[33m:[39m[31m[91mnone[33m;[39m[31m[91mtext-shadow[33m:[39m[31m[91mnone[33m;[39m[31m[91mtext-transform[33m:[39m[31m[91mnone[33m;[39m[31m[91mletter-spacing[33m:[39m[31m[91mnormal[33m;[39m[31m[91mword-break[33m:[39m[31m[91mnormal[33m;[39m[31m[91mword-spacing[33m:[39m[31m[91mnormal[33m;[39m[31m[91mwhite-space[33m:[39m[31m[91mnormal[33m;[39m[31m[91mline-break[33m:[39m[31m[91mauto[33m;[39m[31m[91mword-wrap[33m:[39m[31m[91mbreak-word[33m;[39m[31m[91mbackground-color[33m:[39m[31m[91m[35m#bbb[39m[31m[91m[33m;[39m[31m[91mbackground-clip[33m:[39m[31m[91mpadding-box[33m}[39m[31m[91m[33m.popover[39m[31m[91m [33m.h3,.popover[39m[31m[91m h3[33m{[39m[31m[91mborder[33m:[39m[31m[91m0[33m;[39m[31m[91mpadding[33m:[39m[31m[91m0[33m;[39m[31m[91mmargin[33m:[39m[31m[91m0[33m;[39m[31m[91mbox-shadow[33m:[39m[31m[91m0[33m}[39m[31m[91m[33m.popover[39m[31m[91m [33m.arrow[39m[31m[91m[33m{[39m[31m[91mposition[33m:[39m[31m[91mabsolute[33m;[39m[31m[91mdisplay[33m:[39m[31m[91mblock[33m;[39m[31m[91mwidth[33m:[39m[31m[91m8px[33m;[39m[31m[91mheight[33m:[39m[31m[91m14px[33m;[39m[31m[91mmargin[33m:[39m[31m[91m0[33m;[39m[31m[91mbackground[33m:[39m[31m[91m0 0[33m}[39m[31m[91m[33m.popover[39m[31m[91m [33m.arrow[39m[31m[91m[33m:[39m[31m[91m[33m:[39m[31m[91mafter,.popover [33m.arrow[39m[31m[91m[33m:[39m[31m[91m[33m:[39m[31m[91mbefore[33m{[39m[31m[91mposition[33m:[39m[31m[91mabsolute[33m;[39m[31m[91mdisplay[33m:[39m[31m[91mblock[33m;[39m[31m[91mcontent[33m:[39m[31m[91m[32m""[39m[31m[91m[33m}[39m[31m[91m[33m.bs-popover-auto[39m[31m[91m[33m[[39m[31m[91mx-placement^=top[33m][39m[31m[91m,.bs-popover-top[33m{[39m[31m[91mmargin-bottom[33m:[39m[31m[91m14px[33m}[39m[31m[91m[33m.bs-popover-auto[39m[31m[91m[33m[[39m[31m[91mx-placement^=top[33m][39m[31m[91m>.arrow,.bs-popover-top>.arrow[33m{[39m[31m[91mbottom[33m:[39m[31m[91m-14[39m[22m[1m[31mpx[33m}[39m[31m[91m[33m.bs-popover-auto[39m[31m[91m[33m[[39m[31m[91mx-placement^=top[33m][39m[31m[91m>.arrow[33m:[39m[31m[91m[33m:[39m[31m[91mafter,.bs-popover-top>.arrow[33m:[39m[31m[91m[33m:[39m[31m[91mafter[33m{[39m[31m[91mcontent[33m:[39m[31m[91m[32m'\25bc'[39m[31m[91m[33m}[39m[31m[91m[33m.bs-popover-auto[39m[31m[91m[33m[[39m[31m[91mx-placement^=right[33m][39m[31m[91m,.bs-popover-right[33m{[39m[31m[91mmargin-left[33m:[39m[31m[91m8px[33m}[39m[31m[91m[33m.bs-popover-auto[39m[31m[91m[33m[[39m[31m[91mx-placement^=right[33m][39m[31m[91m>.arrow,.bs-popover-right>.arrow[33m{[39m[31m[91mleft[33m:[39m[31m[91m-8px[33m;[39m[31m[91mwidth[33m:[39m[31m[91m8px[33m;[39m[31m[91mheight[33m:[39m[31m[91m14px[33m;[39m[31m[91mmargin[33m:[39m[31m[91m0[33m}[39m[31m[91m[33m.bs-popover-auto[39m[31m[91m[33m[[39m[31m[91mx-placement^=right[33m][39m[31m[91m>.arrow[33m:[39m[31m[91m[33m:[39m[31m[91mafter,.bs-popover-right>.arrow[33m:[39m[31m[91m[33m:[39m[31m[91mafter[33m{[39m[31m[91mcontent[33m:[39m[31m[91m[32m'\25c4'[39m[31m[91m[33m;[39m[31m[91mleft[33m:[39m[31m[91m0[33m}[39m[31m[91m[33m.bs-popover-auto[39m[31m[91m[33m[[39m[31m[91mx-placement^=bottom[33m][39m[31m[91m,.bs-popover-bottom[33m{[39m[31m[91mmargin-top[33m:[39m[31m[91m14px[33m}[39m[31m[91m[33m.bs-popover-auto[39m[31m[91m[33m[[39m[31m[91mx-placement^=bottom[33m][39m[31m[91m>.arrow,.bs-popover-bottom>.arrow[33m{[39m[31m[91mtop[33m:[39m[31m[91m-14px[33m}[39m[31m[91m[33m.bs-popover-auto[39m[31m[91m[33m[[39m[31m[91mx-placement^=bottom[33m][39m[31m[91m>.arrow[33m:[39m[31m[91m[33m:[39m[31m[91mafter,.bs-popover-bottom>.arrow[33m:[39m[31m[91m[33m:[39m[31m[91mafter[33m{[39m[31m[91mcontent[33m:[39m[31m[91m[32m'\25b2'[39m[31m[91m[33m}[39m[31m[91m[33m.bs-popover-auto[39m[31m[91m[33m[[39m[31m[91mx-placement^=bottom[33m][39m[31m[91m [33m.popover-header[39m[31m[91m[33m:[39m[31m[91m[33m:[39m[31m[91mbefore,.bs-popover-bottom [33m.popover-header[39m[31m[91m[33m:[39m[31m[91m[33m:[39m[31m[91mbefore[33m{[39m[31m[91mposition[33m:[39m[31m[91mabsolute[33m;[39m[31m[91mtop[33m:[39m[31m[91m0[33m;[39m[31m[91mleft[33m:[39m[31m[91m50%[33m;[[39m[22m[1m[31m39m[91mdisplay[33m:[39m[31m[91mblock[33m;[39m[31m[91mwidth[33m:[39m[31m[91m8px[33m;[39m[31m[91mmargin-left[33m:[39m[31m[91m-4px[33m;[39m[31m[91mcontent[33m:[39m[31m[91m[32m""[39m[31m[91m[33m}[39m[31m[91m[33m.bs-popover-auto[39m[31m[91m[33m[[39m[31m[91mx-placement^=left[33m][39m[31m[91m,.bs-popover-left[33m{[39m[31m[91mmargin-right[33m:[39m[31m[91m8px[33m}[39m[31m[91m[33m.bs-popover-auto[39m[31m[91m[33m[[39m[31m[91mx-placement^=left[33m][39m[31m[91m>.arrow,.bs-popover-left>.arrow[33m{[39m[31m[91mright[33m:[39m[31m[91m-8px[33m;[39m[31m[91mwidth[33m:[39m[31m[91m8px[33m;[39m[31m[91mheight[33m:[39m[31m[91m14px[33m;[39m[31m[91mmargin[33m:[39m[31m[91m0[33m}[39m[31m[91m[33m.bs-popover-auto[39m[31m[91m[33m[[39m[31m[91mx-placement^=left[33m][39m[31m[91m>.arrow[33m:[39m[31m[91m[33m:[39m[31m[91mafter,.bs-popover-left>.arrow[33m:[39m[31m[91m[33m:[39m[31m[91mafter[33m{[39m[31m[91mcontent[33m:[39m[31m[91m[32m'\25ba'[39m[31m[91m[33m;[39m[31m[91mright[33m:[39m[31m[91m0[33m}[39m[31m[91m[33m.popover-header[39m[31m[91m[33m{[39m[31m[91mpadding[33m:[39m[31m[91m0 8px[33m;[39m[31m[91mmargin-bottom[33m:[39m[31m[91m0[33m;[39m[31m[91mfont-size[33m:[39m[31m[91m16px[33m;[39m[31m[91mcolor[33m:[39m[31m[91m[35m#fff[39m[31m[91m[33m;[39m[31m[91mbackground-color[33m:[39m[31m[91m[35m#a0a[39m[31m[91m[33m}[39m[31m[91m[33m.popover-header[39m[31m[91m[33m:[39m[31m[91mempty[33m{[39m[31m[91mdisplay[33m:[39m[31m[91mnone[33m}[39m[31m[91m[33m.popover-body[39m[31m[91m[33m{[39m[31m[91mpadding[33m:[39m[31m[91m0 8px[33m;[39m[31m[91mcolor[33m:[39m[31m[91m[35m#000[39m[31m[91m[33m}[39m[31m[91m[33m.carousel[39m[31m[91m[33m{[39m[31m[91mposition[33m:[39m[31m[91mrelative[33m}[39m[31m[91m[33m.carousel.pointer-event[39m[31m[91m[33m{[39m[31m[91m-ms-touch-action[33m:[39m[31m[91mpan-y[33m;[39m[31m[91mtouch-action[33m:[39m[31m[91mpan-y[33m}[39m[31m[91m[33m.carousel-inner[39m[31m[91m[33m{[39m[31m[91mposition[33m:[39m[31m[91mrelative[33m;[39m[31m[91mwidth[33m:[39m[31m[91m100%[33m;[39m[31m[91moverflow[33m:[39m[31m[91mhidden[33m}[39m[31m[91m[33m.carousel-inner[39m[31m[91m[33m:[39m[31m[91m[33m:[39m[31m[91mafter[33m{[39m[22m[1m[31m[39m[31m[91mdisplay[33m:[39m[31m[91mblock[33m;[39m[31m[91mclear[33m:[39m[31m[91mboth[33m;[39m[31m[91mcontent[33m:[39m[31m[91m[32m""[39m[31m[91m[33m}[39m[31m[91m[33m.carousel-item[39m[31m[91m[33m{[39m[31m[91mposition[33m:[39m[31m[91mrelative[33m;[39m[31m[91mdisplay[33m:[39m[31m[91mnone[33m;[39m[31m[91mfloat[33m:[39m[31m[91mleft[33m;[39m[31m[91mwidth[33m:[39m[31m[91m100%[33m;[39m[31m[91mmargin-right[33m:[39m[31m[91m-100%[33m;[39m[31m[91m-webkit-backface-visibility[33m:[39m[31m[91mhidden[33m;[39m[31m[91mbackface-visibility[33m:[39m[31m[91mhidden[33m}[39m[31m[91m[33m.carousel-item-next,.carousel-item-prev,.carousel-item.active[39m[31m[91m[33m{[39m[31m[91mdisplay[33m:[39m[31m[91mblock[33m}[39m[31m[91m[33m.active.carousel-item-right,.carousel-item-next[39m[31m[91m[33m:[39m[31m[91m[36mnot[39m[31m[91m[36m(.carousel-item-left)[39m[31m[91m[33m{[39m[31m[91m-webkit-transform[33m:[39m[31m[91m[36mtranslateX[39m[31m[91m[36m(100%)[39m[31m[91m[33m;[39m[31m[91mtransform[33m:[39m[31m[91m[36mtranslateX[39m[31m[91m[36m(100%)[39m[31m[91m[33m}[39m[31m[91m[33m.active.carousel-item-left,.carousel-item-prev[39m[31m[91m[33m:[39m[31m[91m[36mnot[39m[31m[91m[36m(.carousel-item-right)[39m[31m[91m[33m{[39m[31m[91m-webkit-transform[33m:[39m[31m[91m[36mtranslateX[39m[31m[91m[36m(-100%)[39m[31m[91m[33m;[39m[31m[91mtransform[33m:[39m[31m[91m[36mtranslateX[39m[31m[91m[36m(-100%)[39m[31m[91m[33m}[39m[31m[91m[33m.carousel-fade[39m[31m[91m [33m.carousel-item[39m[31m[91m[33m{[39m[31m[91mopacity[33m:[39m[31m[91m0[33m;[39m[31m[91mtransition-property[33m:[39m[31m[91mopacity[33m;[39m[31m[91m-webkit-transform[33m:[39m[31m[91mnone[33m;[39m[31m[91mtransform[33m:[39m[31m[91mnone[33m}[39m[31m[91m[33m.carousel-fade[39m[31m[91m [33m.carousel-item-next.carousel-item-left,.carousel-fade[39m[31m[91m [33m.carousel-item-prev.carousel-item-right,.carousel-fade[39m[31m[91m [33m.carousel-item.active[39m[31m[91m[33m{[39m[31m[91mz-index[33m:[39m[31m[91m1[33m;[39m[31m[91mopacity[33m:[39m[31m[91m1[33m}[39m[31m[91m[33m.carousel-fade[39m[31m[91m [33m.active.carousel-item-left,.carousel-fade[39m[31m[91m [3[39m[22m[1m[31m3m.active.carousel-item-right[39m[31m[91m[33m{[39m[31m[91mz-index[33m:[39m[31m[91m0[33m;[39m[31m[91mopacity[33m:[39m[31m[91m0[33m}[39m[31m[91m[33m.carousel-control-next,.carousel-control-prev[39m[31m[91m[33m{[39m[31m[91mposition[33m:[39m[31m[91mabsolute[33m;[39m[31m[91mtop[33m:[39m[31m[91m0[33m;[39m[31m[91mbottom[33m:[39m[31m[91m0[33m;[39m[31m[91mz-index[33m:[39m[31m[91m1[33m;[39m[31m[91mdisplay[33m:[39m[31m[91m-ms-flexbox[33m;[39m[31m[91mdisplay[33m:[39m[31m[91mflex[33m;[39m[31m[91m-ms-flex-align[33m:[39m[31m[91mcenter[33m;[39m[31m[91malign-items[33m:[39m[31m[91mcenter[33m;[39m[31m[91m-ms-flex-pack[33m:[39m[31m[91mcenter[33m;[39m[31m[91mjustify-content[33m:[39m[31m[91mcenter[33m;[39m[31m[91mwidth[33m:[39m[31m[91m15%[33m;[39m[31m[91mcolor[33m:[39m[31m[91m[35m#fff[39m[31m[91m[33m;[39m[31m[91mtext-align[33m:[39m[31m[91mcenter[33m;[39m[31m[91mopacity[33m:[39m[31m[91m[33m.5[39m[31m[91m[33m}[39m[31m[91m[33m.carousel-control-next[39m[31m[91m[33m:[39m[31m[91mfocus,.carousel-control-next[33m:[39m[31m[91mhover,.carousel-control-prev[33m:[39m[31m[91mfocus,.carousel-control-prev[33m:[39m[31m[91mhover[33m{[39m[31m[91mcolor[33m:[39m[31m[91m[35m#fff[39m[31m[91m[33m;[39m[31m[91mtext-decoration[33m:[39m[31m[91mnone[33m;[39m[31m[91moutline[33m:[39m[31m[91m0[33m;[39m[31m[91mopacity[33m:[39m[31m[91m[33m.9[39m[31m[91m[33m}[39m[31m[91m[33m.carousel-control-prev[39m[31m[91m[33m{[39m[31m[91mleft[33m:[39m[31m[91m0[33m}[39m[31m[91m[33m.carousel-control-next[39m[31m[91m[33m{[39m[31m[91mright[33m:[39m[31m[91m0[33m}[39m[31m[91m[33m.carousel-control-next-icon,.carousel-control-prev-icon[39m[31m[91m[33m{[39m[31m[91mdisplay[33m:[39m[31m[91minline-block[33m;[39m[31m[91mwidth[33m:[39m[31m[91m20px[33m;[39m[31m[91mheight[33m:[39m[31m[91m20px[33m;[39m[31m[91mbackground[33m:[39m[31m[91mno-repeat 50%/100% 100%[33m}[39m[31m[91m[33m.carousel-indicators[39m[31m[91m[33m{[39m[31m[91mposition[33m:[39m[31m[91mabsolute[33m;[39m[31m[91mright[33m:[39m[31m[91m0[33m;[39m[31m[91mbottom[33m:[39m[31m[91m0[33m;[39m[31m[91mleft[33m:[39m[31m[91m0[33m;[39m[31m[91mz-index[33m:[39m[31m[91m15[33m;[39m[31m[91[39m[22m[1m[31mmdisplay[33m:[39m[31m[91m-ms-flexbox[33m;[39m[31m[91mdisplay[33m:[39m[31m[91mflex[33m;[39m[31m[91m-ms-flex-pack[33m:[39m[31m[91mcenter[33m;[39m[31m[91mjustify-content[33m:[39m[31m[91mcenter[33m;[39m[31m[91mpadding-left[33m:[39m[31m[91m0[33m;[39m[31m[91mmargin-right[33m:[39m[31m[91m15%[33m;[39m[31m[91mmargin-left[33m:[39m[31m[91m15%[33m;[39m[31m[91mlist-style[33m:[39m[31m[91mnone[33m}[39m[31m[91m[33m.carousel-indicators[39m[31m[91m li[33m{[39m[31m[91mbox-sizing[33m:[39m[31m[91mcontent-box[33m;[39m[31m[91m-ms-flex[33m:[39m[31m[91m0 1 auto[33m;[39m[31m[91mflex[33m:[39m[31m[91m0 1 auto[33m;[39m[31m[91mwidth[33m:[39m[31m[91m30px[33m;[39m[31m[91mheight[33m:[39m[31m[91m3px[33m;[39m[31m[91mmargin-right[33m:[39m[31m[91m3px[33m;[39m[31m[91mmargin-left[33m:[39m[31m[91m3px[33m;[39m[31m[91mtext-indent[33m:[39m[31m[91m-999px[33m;[39m[31m[91mcursor[33m:[39m[31m[91mpointer[33m;[39m[31m[91mbackground-color[33m:[39m[31m[91m[35m#fff[39m[31m[91m[33m;[39m[31m[91mbackground-clip[33m:[39m[31m[91mpadding-box[33m;[39m[31m[91mborder-top[33m:[39m[31m[91m10px solid transparent[33m;[39m[31m[91mborder-bottom[33m:[39m[31m[91m10px solid transparent[33m;[39m[31m[91mopacity[33m:[39m[31m[91m[33m.5[39m[31m[91m[33m}[39m[31m[91m[33m.carousel-indicators[39m[31m[91m [33m.active[39m[31m[91m[33m{[39m[31m[91mopacity[33m:[39m[31m[91m1[33m}[39m[31m[91m[33m.carousel-caption[39m[31m[91m[33m{[39m[31m[91mposition[33m:[39m[31m[91mabsolute[33m;[39m[31m[91mright[33m:[39m[31m[91m15%[33m;[39m[31m[91mbottom[33m:[39m[31m[91m20px[33m;[39m[31m[91mleft[33m:[39m[31m[91m15%[33m;[39m[31m[91mz-index[33m:[39m[31m[91m10[33m;[39m[31m[91mpadding-top[33m:[39m[31m[91m20px[33m;[39m[31m[91mpadding-bottom[33m:[39m[31m[91m20px[33m;[39m[31m[91mcolor[33m:[39m[31m[91m[35m#fff[39m[31m[91m[33m;[39m[31m[91mtext-align[33m:[39m[31m[91mcenter[33m}[39m[31m[91m[36m@-webkit-keyframes[39m[31m[91m spinner-border[33m{[39m[31m[91mto[33m{[39m[31m[91m-webkit-transform[33m:[39m[31m[91m[36mrotate[39m[31m[91m[36m(360deg)[39m[31m[91m[33m;[39m[31m[91mtransform[33m:[39m[31m[91m[36mrotate[39m[31m[91m[36m(360deg)[39m[31m[91m[33m}[39m[31m[91m[33m[39m[22m[1m[31m}[39m[31m[91m[36m@keyframes[39m[31m[91m spinner-border[33m{[39m[31m[91mto[33m{[39m[31m[91m-webkit-transform[33m:[39m[31m[91m[36mrotate[39m[31m[91m[36m(360deg)[39m[31m[91m[33m;[39m[31m[91mtransform[33m:[39m[31m[91m[36mrotate[39m[31m[91m[36m(360deg)[39m[31m[91m[33m}[39m[31m[91m[33m}[39m[31m[91m[33m.spinner-border[39m[31m[91m[33m{[39m[31m[91mdisplay[33m:[39m[31m[91minline-block[33m;[39m[31m[91mwidth[33m:[39m[31m[91m2rem[33m;[39m[31m[91mheight[33m:[39m[31m[91m2rem[33m;[39m[31m[91mvertical-align[33m:[39m[31m[91mtext-bottom[33m;[39m[31m[91mborder[33m:[39m[31m[91m[33m.25em[39m[31m[91m solid currentColor[33m;[39m[31m[91mborder-right-color[33m:[39m[31m[91mtransparent[33m;[39m[31m[91mborder-radius[33m:[39m[31m[91m50%[33m;[39m[31m[91m-webkit-animation[33m:[39m[31m[91mspinner-border [33m.75s[39m[31m[91m linear infinite[33m;[39m[31m[91manimation[33m:[39m[31m[91mspinner-border [33m.75s[39m[31m[91m linear infinite[33m}[39m[31m[91m[33m.spinner-border-sm[39m[31m[91m[33m{[39m[31m[91mwidth[33m:[39m[31m[91m1rem[33m;[39m[31m[91mheight[33m:[39m[31m[91m1rem[33m;[39m[31m[91mborder-width[33m:[39m[31m[91m[33m.2em[39m[31m[91m[33m}[39m[31m[91m[36m@-webkit-keyframes[39m[31m[91m spinner-grow[33m{[39m[31m[91m0%[33m{[39m[31m[91m-webkit-transform[33m:[39m[31m[91m[36mscale[39m[31m[91m[36m(0)[39m[31m[91m[33m;[39m[31m[91mtransform[33m:[39m[31m[91m[36mscale[39m[31m[91m[36m(0)[39m[31m[91m[33m}[39m[31m[91m50%[33m{[39m[31m[91mopacity[33m:[39m[31m[91m1[33m}[39m[31m[91m[33m}[39m[31m[91m[36m@keyframes[39m[31m[91m spinner-grow[33m{[39m[31m[91m0%[33m{[39m[31m[91m-webkit-transform[33m:[39m[31m[91m[36mscale[39m[31m[91m[36m(0)[39m[31m[91m[33m;[39m[31m[91mtransform[33m:[39m[31m[91m[36mscale[39m[31m[91m[36m(0)[39m[31m[91m[33m}[39m[31m[91m50%[33m{[39m[31m[91mopacity[33m:[39m[31m[91m1[33m}[39m[31m[91m[33m}[39m[31m[91m[33m.spinner-grow[39m[31m[91m[33m{[39m[31m[91mdisplay[33m:[39m[31m[91minline-block[33m;[39m[31m[91mwidth[33m:[39m[31m[91m2rem[33m;[39m[31m[91mheight[33m:[39m[31m[91m2rem[33m;[39m[31m[91mvertical-align[33m:[39m[31m[91mtext-bottom[33m;[39m[31m[91mbackground-color[33m:[39m[31m[91mcurrentColor[39m[22m[1m[31m[33m;[39m[31m[91mborder-radius[33m:[39m[31m[91m50%[33m;[39m[31m[91mopacity[33m:[39m[31m[91m0[33m;[39m[31m[91m-webkit-animation[33m:[39m[31m[91mspinner-grow [33m.75s[39m[31m[91m linear infinite[33m;[39m[31m[91manimation[33m:[39m[31m[91mspinner-grow [33m.75s[39m[31m[91m linear infinite[33m}[39m[31m[91m[33m.spinner-grow-sm[39m[31m[91m[33m{[39m[31m[91mwidth[33m:[39m[31m[91m1rem[33m;[39m[31m[91mheight[33m:[39m[31m[91m1rem[33m}[39m[31m[91m[33m.bootstra-cursor[39m[31m[91m[33m{[39m[31m[91mmix-blend-mode[33m:[39m[31m[91mdifference[33m;[39m[31m[91mposition[33m:[39m[31m[91mabsolute[33m;[39m[31m[91mbackground-color[33m:[39m[31m[91m[35m#cbd448[39m[31m[91m[33m;[39m[31m[91mpointer-events[33m:[39m[31m[91mnone[33m;[39m[31m[91mwidth[33m:[39m[31m[91m8px[33m;[39m[31m[91mheight[33m:[39m[31m[91m14px[33m;[39m[31m[91mz-index[33m:[39m[31m[91m20000[33m}[39m[31m[91m[33m.bootstra-enable-cursor[39m[31m[91m *,body.bootstra-enable-cursor[33m{[39m[31m[91mcursor[33m:[39m[31m[91mnone!important[33m}[39m[31m[91m[33m:[39m[31m[91m[33m:[39m[31m[91m-webkit-scrollbar[33m{[39m[31m[91mwidth[33m:[39m[31m[91m8px[33m;[39m[31m[91mbackground[33m:[39m[31m[91m[35m#000[39m[31m[91m[33m}[39m[31m[91m[33m:[39m[31m[91m[33m:[39m[31m[91m-webkit-scrollbar-thumb[33m{[39m[31m[91mbackground[33m:[39m[31m[91m[35m#000[39m[31m[91m[33m}[39m[31m[91m[33m:[39m[31m[91m[33m:[39m[31m[91m-webkit-scrollbar-track[33m{[39m[31m[91mbackground[33m:[39m[31m[91m[36murl[39m[31m[91m[36m(assets/fonts/shade-50-grayLight.svg)[39m[31m[91m repeat[33m}[39m[31m[91m[33m:[39m[31m[91m[33m:[39m[31m[91m-webkit-scrollbar-button[33m:[39m[31m[91mvertical[33m:[39m[31m[91mdecrement[33m{[39m[31m[91mbackground[33m:[39m[31m[91m[36murl[39m[31m[91m[36m(assets/fonts/arrow-up-black.svg)[39m[31m[91m no-repeat[33m;[39m[31m[91mbackground-color[33m:[39m[31m[91m[35m#bbb[39m[31m[91m[33m}[39m[31m[91m[33m:[39m[31m[91m[33m:[39m[31m[91m-webkit-scrollbar-button[33m:[39m[31m[91mvertical[33m:[39m[31m[91mincrement[33m{[39m[31m[91mbackground[33m:[39m[31m[91m[36murl[39m[31m[91m[36m(assets/fonts/arrow-down-black.svg)[39m[31m[91m no-repeat[33m;[39m[31m[91mbackground-c[39m[22m[1m[31molor[33m:[39m[31m[91m[35m#bbb[39m[31m[91m[33m}[39m[31m[91m[33m.align-baseline[39m[31m[91m[33m{[39m[31m[91mvertical-align[33m:[39m[31m[91mbaseline!important[33m}[39m[31m[91m[33m.align-top[39m[31m[91m[33m{[39m[31m[91mvertical-align[33m:[39m[31m[91mtop!important[33m}[39m[31m[91m[33m.align-middle[39m[31m[91m[33m{[39m[31m[91mvertical-align[33m:[39m[31m[91mmiddle!important[33m}[39m[31m[91m[33m.align-bottom[39m[31m[91m[33m{[39m[31m[91mvertical-align[33m:[39m[31m[91mbottom!important[33m}[39m[31m[91m[33m.align-text-bottom[39m[31m[91m[33m{[39m[31m[91mvertical-align[33m:[39m[31m[91mtext-bottom!important[33m}[39m[31m[91m[33m.align-text-top[39m[31m[91m[33m{[39m[31m[91mvertical-align[33m:[39m[31m[91mtext-top!important[33m}[39m[31m[91m[33m.bg-primary[39m[31m[91m[33m{[39m[31m[91mbackground-color[33m:[39m[31m[91m[35m#bbb[39m[31m[91m!important[33m}[39m[31m[91ma.bg-primary[33m:[39m[31m[91mfocus,a.bg-primary[33m:[39m[31m[91mhover,button.bg-primary[33m:[39m[31m[91mfocus,button.bg-primary[33m:[39m[31m[91mhover[33m{[39m[31m[91mbackground-color[33m:[39m[31m[91m[35m#bbb[39m[31m[91m!important[33m}[39m[31m[91m[33m.bg-secondary[39m[31m[91m[33m{[39m[31m[91mbackground-color[33m:[39m[31m[91m[35m#bbb[39m[31m[91m!important[33m}[39m[31m[91ma.bg-secondary[33m:[39m[31m[91mfocus,a.bg-secondary[33m:[39m[31m[91mhover,button.bg-secondary[33m:[39m[31m[91mfocus,button.bg-secondary[33m:[39m[31m[91mhover[33m{[39m[31m[91mbackground-color[33m:[39m[31m[91m[35m#bbb[39m[31m[91m!important[33m}[39m[31m[91m[33m.bg-success[39m[31m[91m[33m{[39m[31m[91mbackground-color[33m:[39m[31m[91m[35m#0a0[39m[31m[91m!important[33m}[39m[31m[91ma.bg-success[33m:[39m[31m[91mfocus,a.bg-success[33m:[39m[31m[91mhover,button.bg-success[33m:[39m[31m[91mfocus,button.bg-success[33m:[39m[31m[91mhover[33m{[39m[31m[91mbackground-color[33m:[39m[31m[91m[35m#0a0[39m[31m[91m!important[33m}[39m[31m[91m[33m.bg-info[39m[31m[91m[33m{[39m[31m[91mbackground-color[33m:[39m[31m[91m[35m#0aa[39m[31m[91m!important[33m}[39m[31m[91ma.bg-info[33m:[39m[31m[91mfocus,a.bg-info[33m:[39m[31m[91mhover,button.bg-info[33m:[39m[31m[91mfocus,bu[39m[22m[1m[31mtton.bg-info[33m:[39m[31m[91mhover[33m{[39m[31m[91mbackground-color[33m:[39m[31m[91m[35m#0aa[39m[31m[91m!important[33m}[39m[31m[91m[33m.bg-warning[39m[31m[91m[33m{[39m[31m[91mbackground-color[33m:[39m[31m[91m[35m#a50[39m[31m[91m!important[33m}[39m[31m[91ma.bg-warning[33m:[39m[31m[91mfocus,a.bg-warning[33m:[39m[31m[91mhover,button.bg-warning[33m:[39m[31m[91mfocus,button.bg-warning[33m:[39m[31m[91mhover[33m{[39m[31m[91mbackground-color[33m:[39m[31m[91m[35m#a50[39m[31m[91m!important[33m}[39m[31m[91m[33m.bg-danger[39m[31m[91m[33m{[39m[31m[91mbackground-color[33m:[39m[31m[91m[35m#a00[39m[31m[91m!important[33m}[39m[31m[91ma.bg-danger[33m:[39m[31m[91mfocus,a.bg-danger[33m:[39m[31m[91mhover,button.bg-danger[33m:[39m[31m[91mfocus,button.bg-danger[33m:[39m[31m[91mhover[33m{[39m[31m[91mbackground-color[33m:[39m[31m[91m[35m#a00[39m[31m[91m!important[33m}[39m[31m[91m[33m.bg-light[39m[31m[91m[33m{[39m[31m[91mbackground-color[33m:[39m[31m[91m[35m#fff[39m[31m[91m!important[33m}[39m[31m[91ma.bg-light[33m:[39m[31m[91mfocus,a.bg-light[33m:[39m[31m[91mhover,button.bg-light[33m:[39m[31m[91mfocus,button.bg-light[33m:[39m[31m[91mhover[33m{[39m[31m[91mbackground-color[33m:[39m[31m[91m[35m#fff[39m[31m[91m!important[33m}[39m[31m[91m[33m.bg-dark[39m[31m[91m[33m{[39m[31m[91mbackground-color[33m:[39m[31m[91m[35m#000[39m[31m[91m!important[33m}[39m[31m[91ma.bg-dark[33m:[39m[31m[91mfocus,a.bg-dark[33m:[39m[31m[91mhover,button.bg-dark[33m:[39m[31m[91mfocus,button.bg-dark[33m:[39m[31m[91mhover[33m{[39m[31m[91mbackground-color[33m:[39m[31m[91m[35m#000[39m[31m[91m!important[33m}[39m[31m[91m[33m.bg-white[39m[31m[91m[33m{[39m[31m[91mbackground-color[33m:[39m[31m[91m[35m#bbb[39m[31m[91m!important[33m}[39m[31m[91m[33m.bg-transparent[39m[31m[91m[33m{[39m[31m[91mbackground-color[33m:[39m[31m[91mtransparent!important[33m}[39m[31m[91m[33m.border,.border-0[39m[31m[91m[33m{[39m[31m[91mborder[33m:[39m[31m[91m0!important[33m}[39m[31m[91m[33m.border-top,.border-top-0[39m[31m[91m[33m{[39m[31m[91mborder-top[33m:[39m[31m[91m0!important[33m}[39m[31m[91m[33m.border-right,.border-right-0[39[39m[22m[1m[31mm[91m[33m{[39m[31m[91mborder-right[33m:[39m[31m[91m0!important[33m}[39m[31m[91m[33m.border-bottom,.border-bottom-0[39m[31m[91m[33m{[39m[31m[91mborder-bottom[33m:[39m[31m[91m0!important[33m}[39m[31m[91m[33m.border-left,.border-left-0[39m[31m[91m[33m{[39m[31m[91mborder-left[33m:[39m[31m[91m0!important[33m}[39m[31m[91m[33m.border-primary[39m[31m[91m[33m{[39m[31m[91mborder-color[33m:[39m[31m[91m[35m#bbb[39m[31m[91m!important[33m}[39m[31m[91m[33m.border-secondary[39m[31m[91m[33m{[39m[31m[91mborder-color[33m:[39m[31m[91m[35m#bbb[39m[31m[91m!important[33m}[39m[31m[91m[33m.border-success[39m[31m[91m[33m{[39m[31m[91mborder-color[33m:[39m[31m[91m[35m#0a0[39m[31m[91m!important[33m}[39m[31m[91m[33m.border-info[39m[31m[91m[33m{[39m[31m[91mborder-color[33m:[39m[31m[91m[35m#0aa[39m[31m[91m!important[33m}[39m[31m[91m[33m.border-warning[39m[31m[91m[33m{[39m[31m[91mborder-color[33m:[39m[31m[91m[35m#a50[39m[31m[91m!important[33m}[39m[31m[91m[33m.border-danger[39m[31m[91m[33m{[39m[31m[91mborder-color[33m:[39m[31m[91m[35m#a00[39m[31m[91m!important[33m}[39m[31m[91m[33m.border-light[39m[31m[91m[33m{[39m[31m[91mborder-color[33m:[39m[31m[91m[35m#fff[39m[31m[91m!important[33m}[39m[31m[91m[33m.border-dark[39m[31m[91m[33m{[39m[31m[91mborder-color[33m:[39m[31m[91m[35m#000[39m[31m[91m!important[33m}[39m[31m[91m[33m.rounded[39m[31m[91m[33m{[39m[31m[91mborder-radius[33m:[39m[31m[91m0!important[33m}[39m[31m[91m[33m.clearfix[39m[31m[91m[33m:[39m[31m[91m[33m:[39m[31m[91mafter[33m{[39m[31m[91mdisplay[33m:[39m[31m[91mblock[33m;[39m[31m[91mclear[33m:[39m[31m[91mboth[33m;[39m[31m[91mcontent[33m:[39m[31m[91m[32m""[39m[31m[91m[33m}[39m[31m[91m[33m.d-none[39m[31m[91m[33m{[39m[31m[91mdisplay[33m:[39m[31m[91mnone!important[33m}[39m[31m[91m[33m.d-inline[39m[31m[91m[33m{[39m[31m[91mdisplay[33m:[39m[31m[91minline!important[33m}[39m[31m[91m[33m.d-inline-block[39m[31m[91m[33m{[39m[31m[91mdisplay[33m:[39m[31m[91minline-block!important[33m}[39m[31m[91m[33m.d-block[39m[31m[91m[33m{[39m[31m[91mdisplay[33m:[39m[31m[91mblock!important[33m}[39m[31m[91m[33m.d-table[39m[31m[91m[33m{[39m[31m[91mdisplay[3[39m[22m[1m[31m3m:[39m[31m[91mtable!important[33m}[39m[31m[91m[33m.d-table-row[39m[31m[91m[33m{[39m[31m[91mdisplay[33m:[39m[31m[91mtable-row!important[33m}[39m[31m[91m[33m.d-table-cell[39m[31m[91m[33m{[39m[31m[91mdisplay[33m:[39m[31m[91mtable-cell!important[33m}[39m[31m[91m[33m.d-flex[39m[31m[91m[33m{[39m[31m[91mdisplay[33m:[39m[31m[91m-ms-flexbox!important[33m;[39m[31m[91mdisplay[33m:[39m[31m[91mflex!important[33m}[39m[31m[91m[33m.d-inline-flex[39m[31m[91m[33m{[39m[31m[91mdisplay[33m:[39m[31m[91m-ms-inline-flexbox!important[33m;[39m[31m[91mdisplay[33m:[39m[31m[91minline-flex!important[33m}[39m[31m[91m[36m@media[39m[31m[91m[36m [39m[31m[91m[36m(min-width:576px)[39m[31m[91m[33m{[39m[31m[91m[33m.d-sm-none[39m[31m[91m[33m{[39m[31m[91mdisplay[33m:[39m[31m[91mnone!important[33m}[39m[31m[91m[33m.d-sm-inline[39m[31m[91m[33m{[39m[31m[91mdisplay[33m:[39m[31m[91minline!important[33m}[39m[31m[91m[33m.d-sm-inline-block[39m[31m[91m[33m{[39m[31m[91mdisplay[33m:[39m[31m[91minline-block!important[33m}[39m[31m[91m[33m.d-sm-block[39m[31m[91m[33m{[39m[31m[91mdisplay[33m:[39m[31m[91mblock!important[33m}[39m[31m[91m[33m.d-sm-table[39m[31m[91m[33m{[39m[31m[91mdisplay[33m:[39m[31m[91mtable!important[33m}[39m[31m[91m[33m.d-sm-table-row[39m[31m[91m[33m{[39m[31m[91mdisplay[33m:[39m[31m[91mtable-row!important[33m}[39m[31m[91m[33m.d-sm-table-cell[39m[31m[91m[33m{[39m[31m[91mdisplay[33m:[39m[31m[91mtable-cell!important[33m}[39m[31m[91m[33m.d-sm-flex[39m[31m[91m[33m{[39m[31m[91mdisplay[33m:[39m[31m[91m-ms-flexbox!important[33m;[39m[31m[91mdisplay[33m:[39m[31m[91mflex!important[33m}[39m[31m[91m[33m.d-sm-inline-flex[39m[31m[91m[33m{[39m[31m[91mdisplay[33m:[39m[31m[91m-ms-inline-flexbox!important[33m;[39m[31m[91mdisplay[33m:[39m[31m[91minline-flex!important[33m}[39m[31m[91m[33m}[39m[31m[91m[36m@media[39m[31m[91m[36m [39m[31m[91m[36m(min-width:768px)[39m[31m[91m[33m{[39m[31m[91m[33m.d-md-none[39m[31m[91m[33m{[39m[31m[91mdisplay[33m:[39m[31m[91mnone!important[33m}[39m[31m[91m[33m.d-md-inline[39m[31m[91m[33m{[39m[31m[91mdisplay[33m:[39m[31m[91minline!important[33m}[39m[31m[91m[33m.d-md-inline-[39m[22m[1m[31mblock[39m[31m[91m[33m{[39m[31m[91mdisplay[33m:[39m[31m[91minline-block!important[33m}[39m[31m[91m[33m.d-md-block[39m[31m[91m[33m{[39m[31m[91mdisplay[33m:[39m[31m[91mblock!important[33m}[39m[31m[91m[33m.d-md-table[39m[31m[91m[33m{[39m[31m[91mdisplay[33m:[39m[31m[91mtable!important[33m}[39m[31m[91m[33m.d-md-table-row[39m[31m[91m[33m{[39m[31m[91mdisplay[33m:[39m[31m[91mtable-row!important[33m}[39m[31m[91m[33m.d-md-table-cell[39m[31m[91m[33m{[39m[31m[91mdisplay[33m:[39m[31m[91mtable-cell!important[33m}[39m[31m[91m[33m.d-md-flex[39m[31m[91m[33m{[39m[31m[91mdisplay[33m:[39m[31m[91m-ms-flexbox!important[33m;[39m[31m[91mdisplay[33m:[39m[31m[91mflex!important[33m}[39m[31m[91m[33m.d-md-inline-flex[39m[31m[91m[33m{[39m[31m[91mdisplay[33m:[39m[31m[91m-ms-inline-flexbox!important[33m;[39m[31m[91mdisplay[33m:[39m[31m[91minline-flex!important[33m}[39m[31m[91m[33m}[39m[31m[91m[36m@media[39m[31m[91m[36m [39m[31m[91m[36m(min-width:960px)[39m[31m[91m[33m{[39m[31m[91m[33m.d-lg-none[39m[31m[91m[33m{[39m[31m[91mdisplay[33m:[39m[31m[91mnone!important[33m}[39m[31m[91m[33m.d-lg-inline[39m[31m[91m[33m{[39m[31m[91mdisplay[33m:[39m[31m[91minline!important[33m}[39m[31m[91m[33m.d-lg-inline-block[39m[31m[91m[33m{[39m[31m[91mdisplay[33m:[39m[31m[91minline-block!important[33m}[39m[31m[91m[33m.d-lg-block[39m[31m[91m[33m{[39m[31m[91mdisplay[33m:[39m[31m[91mblock!important[33m}[39m[31m[91m[33m.d-lg-table[39m[31m[91m[33m{[39m[31m[91mdisplay[33m:[39m[31m[91mtable!important[33m}[39m[31m[91m[33m.d-lg-table-row[39m[31m[91m[33m{[39m[31m[91mdisplay[33m:[39m[31m[91mtable-row!important[33m}[39m[31m[91m[33m.d-lg-table-cell[39m[31m[91m[33m{[39m[31m[91mdisplay[33m:[39m[31m[91mtable-cell!important[33m}[39m[31m[91m[33m.d-lg-flex[39m[31m[91m[33m{[39m[31m[91mdisplay[33m:[39m[31m[91m-ms-flexbox!important[33m;[39m[31m[91mdisplay[33m:[39m[31m[91mflex!important[33m}[39m[31m[91m[33m.d-lg-inline-flex[39m[31m[91m[33m{[39m[31m[91mdisplay[33m:[39m[31m[91m-ms-inline-flexbox!important[33m;[39m[31m[91mdisplay[33m:[39m[31m[91minline-flex!important[33m}[39m[31m[91m[33m}[39m[31m[91m[36m@media[39m[31m[91m[36m [39m[22m[1m[31m[39m[31m[91m[36m(min-width:1152px)[39m[31m[91m[33m{[39m[31m[91m[33m.d-xl-none[39m[31m[91m[33m{[39m[31m[91mdisplay[33m:[39m[31m[91mnone!important[33m}[39m[31m[91m[33m.d-xl-inline[39m[31m[91m[33m{[39m[31m[91mdisplay[33m:[39m[31m[91minline!important[33m}[39m[31m[91m[33m.d-xl-inline-block[39m[31m[91m[33m{[39m[31m[91mdisplay[33m:[39m[31m[91minline-block!important[33m}[39m[31m[91m[33m.d-xl-block[39m[31m[91m[33m{[39m[31m[91mdisplay[33m:[39m[31m[91mblock!important[33m}[39m[31m[91m[33m.d-xl-table[39m[31m[91m[33m{[39m[31m[91mdisplay[33m:[39m[31m[91mtable!important[33m}[39m[31m[91m[33m.d-xl-table-row[39m[31m[91m[33m{[39m[31m[91mdisplay[33m:[39m[31m[91mtable-row!important[33m}[39m[31m[91m[33m.d-xl-table-cell[39m[31m[91m[33m{[39m[31m[91mdisplay[33m:[39m[31m[91mtable-cell!important[33m}[39m[31m[91m[33m.d-xl-flex[39m[31m[91m[33m{[39m[31m[91mdisplay[33m:[39m[31m[91m-ms-flexbox!important[33m;[39m[31m[91mdisplay[33m:[39m[31m[91mflex!important[33m}[39m[31m[91m[33m.d-xl-inline-flex[39m[31m[91m[33m{[39m[31m[91mdisplay[33m:[39m[31m[91m-ms-inline-flexbox!important[33m;[39m[31m[91mdisplay[33m:[39m[31m[91minline-flex!important[33m}[39m[31m[91m[33m}[39m[31m[91m[36m@media[39m[31m[91m print[33m{[39m[31m[91m[33m.d-print-none[39m[31m[91m[33m{[39m[31m[91mdisplay[33m:[39m[31m[91mnone!important[33m}[39m[31m[91m[33m.d-print-inline[39m[31m[91m[33m{[39m[31m[91mdisplay[33m:[39m[31m[91minline!important[33m}[39m[31m[91m[33m.d-print-inline-block[39m[31m[91m[33m{[39m[31m[91mdisplay[33m:[39m[31m[91minline-block!important[33m}[39m[31m[91m[33m.d-print-block[39m[31m[91m[33m{[39m[31m[91mdisplay[33m:[39m[31m[91mblock!important[33m}[39m[31m[91m[33m.d-print-table[39m[31m[91m[33m{[39m[31m[91mdisplay[33m:[39m[31m[91mtable!important[33m}[39m[31m[91m[33m.d-print-table-row[39m[31m[91m[33m{[39m[31m[91mdisplay[33m:[39m[31m[91mtable-row!important[33m}[39m[31m[91m[33m.d-print-table-cell[39m[31m[91m[33m{[39m[31m[91mdisplay[33m:[39m[31m[91mtable-cell!important[33m}[39m[31m[91m[33m.d-print-flex[39m[31m[91m[33m{[39m[31m[91mdisplay[33m:[39m[31m[91m-ms-flexbox!important[33m;[39m[31m[91mdisplay[33m:[39m[31m[[39m[22m[1m[31m91mflex!important[33m}[39m[31m[91m[33m.d-print-inline-flex[39m[31m[91m[33m{[39m[31m[91mdisplay[33m:[39m[31m[91m-ms-inline-flexbox!important[33m;[39m[31m[91mdisplay[33m:[39m[31m[91minline-flex!important[33m}[39m[31m[91m[33m}[39m[31m[91m[33m.embed-responsive[39m[31m[91m[33m{[39m[31m[91mposition[33m:[39m[31m[91mrelative[33m;[39m[31m[91mdisplay[33m:[39m[31m[91mblock[33m;[39m[31m[91mwidth[33m:[39m[31m[91m100%[33m;[39m[31m[91mpadding[33m:[39m[31m[91m0[33m;[39m[31m[91moverflow[33m:[39m[31m[91mhidden[33m}[39m[31m[91m[33m.embed-responsive[39m[31m[91m[33m:[39m[31m[91m[33m:[39m[31m[91mbefore[33m{[39m[31m[91mdisplay[33m:[39m[31m[91mblock[33m;[39m[31m[91mcontent[33m:[39m[31m[91m[32m""[39m[31m[91m[33m}[39m[31m[91m[33m.embed-responsive[39m[31m[91m [33m.embed-responsive-item,.embed-responsive[39m[31m[91m embed,.embed-responsive iframe,.embed-responsive object,.embed-responsive video[33m{[39m[31m[91mposition[33m:[39m[31m[91mabsolute[33m;[39m[31m[91mtop[33m:[39m[31m[91m0[33m;[39m[31m[91mbottom[33m:[39m[31m[91m0[33m;[39m[31m[91mleft[33m:[39m[31m[91m0[33m;[39m[31m[91mwidth[33m:[39m[31m[91m100%[33m;[39m[31m[91mheight[33m:[39m[31m[91m100%[33m;[39m[31m[91mborder[33m:[39m[31m[91m0[33m}[39m[31m[91m[33m.embed-responsive-21by9[39m[31m[91m[33m:[39m[31m[91m[33m:[39m[31m[91mbefore[33m{[39m[31m[91mpadding-top[33m:[39m[31m[91m42.857143%[33m}[39m[31m[91m[33m.embed-responsive-16by9[39m[31m[91m[33m:[39m[31m[91m[33m:[39m[31m[91mbefore[33m{[39m[31m[91mpadding-top[33m:[39m[31m[91m56.25%[33m}[39m[31m[91m[33m.embed-responsive-4by3[39m[31m[91m[33m:[39m[31m[91m[33m:[39m[31m[91mbefore[33m{[39m[31m[91mpadding-top[33m:[39m[31m[91m75%[33m}[39m[31m[91m[33m.embed-responsive-1by1[39m[31m[91m[33m:[39m[31m[91m[33m:[39m[31m[91mbefore[33m{[39m[31m[91mpadding-top[33m:[39m[31m[91m100%[33m}[39m[31m[91m[33m.flex-row[39m[31m[91m[33m{[39m[31m[91m-ms-flex-direction[33m:[39m[31m[91mrow!important[33m;[39m[31m[91mflex-direction[33m:[39m[31m[91mrow!important[33m}[39m[31m[91m[33m.flex-column[39m[31m[91m[33m{[39m[31m[91m-ms-flex-direction[33m:[39m[31m[91mcolumn!important[33m;[39m[31m[91mflex-direction[33m:[[39m[22m[1m[31m39m[91mcolumn!important[33m}[39m[31m[91m[33m.flex-row-reverse[39m[31m[91m[33m{[39m[31m[91m-ms-flex-direction[33m:[39m[31m[91mrow-reverse!important[33m;[39m[31m[91mflex-direction[33m:[39m[31m[91mrow-reverse!important[33m}[39m[31m[91m[33m.flex-column-reverse[39m[31m[91m[33m{[39m[31m[91m-ms-flex-direction[33m:[39m[31m[91mcolumn-reverse!important[33m;[39m[31m[91mflex-direction[33m:[39m[31m[91mcolumn-reverse!important[33m}[39m[31m[91m[33m.flex-wrap[39m[31m[91m[33m{[39m[31m[91m-ms-flex-wrap[33m:[39m[31m[91mwrap!important[33m;[39m[31m[91mflex-wrap[33m:[39m[31m[91mwrap!important[33m}[39m[31m[91m[33m.flex-nowrap[39m[31m[91m[33m{[39m[31m[91m-ms-flex-wrap[33m:[39m[31m[91mnowrap!important[33m;[39m[31m[91mflex-wrap[33m:[39m[31m[91mnowrap!important[33m}[39m[31m[91m[33m.flex-wrap-reverse[39m[31m[91m[33m{[39m[31m[91m-ms-flex-wrap[33m:[39m[31m[91mwrap-reverse!important[33m;[39m[31m[91mflex-wrap[33m:[39m[31m[91mwrap-reverse!important[33m}[39m[31m[91m[33m.flex-fill[39m[31m[91m[33m{[39m[31m[91m-ms-flex[33m:[39m[31m[91m1 1 auto!important[33m;[39m[31m[91mflex[33m:[39m[31m[91m1 1 auto!important[33m}[39m[31m[91m[33m.flex-grow-0[39m[31m[91m[33m{[39m[31m[91m-ms-flex-positive[33m:[39m[31m[91m0!important[33m;[39m[31m[91mflex-grow[33m:[39m[31m[91m0!important[33m}[39m[31m[91m[33m.flex-grow-1[39m[31m[91m[33m{[39m[31m[91m-ms-flex-positive[33m:[39m[31m[91m1!important[33m;[39m[31m[91mflex-grow[33m:[39m[31m[91m1!important[33m}[39m[31m[91m[33m.flex-shrink-0[39m[31m[91m[33m{[39m[31m[91m-ms-flex-negative[33m:[39m[31m[91m0!important[33m;[39m[31m[91mflex-shrink[33m:[39m[31m[91m0!important[33m}[39m[31m[91m[33m.flex-shrink-1[39m[31m[91m[33m{[39m[31m[91m-ms-flex-negative[33m:[39m[31m[91m1!important[33m;[39m[31m[91mflex-shrink[33m:[39m[31m[91m1!important[33m}[39m[31m[91m[33m.justify-content-start[39m[31m[91m[33m{[39m[31m[91m-ms-flex-pack[33m:[39m[31m[91mstart!important[33m;[39m[31m[91mjustify-content[33m:[39m[31m[91mflex-start!important[33m}[39m[31m[91m[33m.justify-content-end[39m[31m[91m[33m{[39m[31m[91m-ms-flex-pack[33m:[39m[31m[91mend!important[33m;[39m[31m[91mjustify-conten[39m[22m[1m[31mt[33m:[39m[31m[91mflex-end!important[33m}[39m[31m[91m[33m.justify-content-center[39m[31m[91m[33m{[39m[31m[91m-ms-flex-pack[33m:[39m[31m[91mcenter!important[33m;[39m[31m[91mjustify-content[33m:[39m[31m[91mcenter!important[33m}[39m[31m[91m[33m.justify-content-between[39m[31m[91m[33m{[39m[31m[91m-ms-flex-pack[33m:[39m[31m[91mjustify!important[33m;[39m[31m[91mjustify-content[33m:[39m[31m[91mspace-between!important[33m}[39m[31m[91m[33m.justify-content-around[39m[31m[91m[33m{[39m[31m[91m-ms-flex-pack[33m:[39m[31m[91mdistribute!important[33m;[39m[31m[91mjustify-content[33m:[39m[31m[91mspace-around!important[33m}[39m[31m[91m[33m.align-items-start[39m[31m[91m[33m{[39m[31m[91m-ms-flex-align[33m:[39m[31m[91mstart!important[33m;[39m[31m[91malign-items[33m:[39m[31m[91mflex-start!important[33m}[39m[31m[91m[33m.align-items-end[39m[31m[91m[33m{[39m[31m[91m-ms-flex-align[33m:[39m[31m[91mend!important[33m;[39m[31m[91malign-items[33m:[39m[31m[91mflex-end!important[33m}[39m[31m[91m[33m.align-items-center[39m[31m[91m[33m{[39m[31m[91m-ms-flex-align[33m:[39m[31m[91mcenter!important[33m;[39m[31m[91malign-items[33m:[39m[31m[91mcenter!important[33m}[39m[31m[91m[33m.align-items-baseline[39m[31m[91m[33m{[39m[31m[91m-ms-flex-align[33m:[39m[31m[91mbaseline!important[33m;[39m[31m[91malign-items[33m:[39m[31m[91mbaseline!important[33m}[39m[31m[91m[33m.align-items-stretch[39m[31m[91m[33m{[39m[31m[91m-ms-flex-align[33m:[39m[31m[91mstretch!important[33m;[39m[31m[91malign-items[33m:[39m[31m[91mstretch!important[33m}[39m[31m[91m[33m.align-content-start[39m[31m[91m[33m{[39m[31m[91m-ms-flex-line-pack[33m:[39m[31m[91mstart!important[33m;[39m[31m[91malign-content[33m:[39m[31m[91mflex-start!important[33m}[39m[31m[91m[33m.align-content-end[39m[31m[91m[33m{[39m[31m[91m-ms-flex-line-pack[33m:[39m[31m[91mend!important[33m;[39m[31m[91malign-content[33m:[39m[31m[91mflex-end!important[33m}[39m[31m[91m[33m.align-content-center[39m[31m[91m[33m{[39m[31m[91m-ms-flex-line-pack[33m:[39m[31m[91mcenter!important[33m;[39m[31m[91malign-content[33m:[39m[31m[91mcenter!important[33m}[39m[31m[91[39m[22m[1m[31mm[33m.align-content-between[39m[31m[91m[33m{[39m[31m[91m-ms-flex-line-pack[33m:[39m[31m[91mjustify!important[33m;[39m[31m[91malign-content[33m:[39m[31m[91mspace-between!important[33m}[39m[31m[91m[33m.align-content-around[39m[31m[91m[33m{[39m[31m[91m-ms-flex-line-pack[33m:[39m[31m[91mdistribute!important[33m;[39m[31m[91malign-content[33m:[39m[31m[91mspace-around!important[33m}[39m[31m[91m[33m.align-content-stretch[39m[31m[91m[33m{[39m[31m[91m-ms-flex-line-pack[33m:[39m[31m[91mstretch!important[33m;[39m[31m[91malign-content[33m:[39m[31m[91mstretch!important[33m}[39m[31m[91m[33m.align-self-auto[39m[31m[91m[33m{[39m[31m[91m-ms-flex-item-align[33m:[39m[31m[91mauto!important[33m;[39m[31m[91malign-self[33m:[39m[31m[91mauto!important[33m}[39m[31m[91m[33m.align-self-start[39m[31m[91m[33m{[39m[31m[91m-ms-flex-item-align[33m:[39m[31m[91mstart!important[33m;[39m[31m[91malign-self[33m:[39m[31m[91mflex-start!important[33m}[39m[31m[91m[33m.align-self-end[39m[31m[91m[33m{[39m[31m[91m-ms-flex-item-align[33m:[39m[31m[91mend!important[33m;[39m[31m[91malign-self[33m:[39m[31m[91mflex-end!important[33m}[39m[31m[91m[33m.align-self-center[39m[31m[91m[33m{[39m[31m[91m-ms-flex-item-align[33m:[39m[31m[91mcenter!important[33m;[39m[31m[91malign-self[33m:[39m[31m[91mcenter!important[33m}[39m[31m[91m[33m.align-self-baseline[39m[31m[91m[33m{[39m[31m[91m-ms-flex-item-align[33m:[39m[31m[91mbaseline!important[33m;[39m[31m[91malign-self[33m:[39m[31m[91mbaseline!important[33m}[39m[31m[91m[33m.align-self-stretch[39m[31m[91m[33m{[39m[31m[91m-ms-flex-item-align[33m:[39m[31m[91mstretch!important[33m;[39m[31m[91malign-self[33m:[39m[31m[91mstretch!important[33m}[39m[31m[91m[36m@media[39m[31m[91m[36m [39m[31m[91m[36m(min-width:576px)[39m[31m[91m[33m{[39m[31m[91m[33m.flex-sm-row[39m[31m[91m[33m{[39m[31m[91m-ms-flex-direction[33m:[39m[31m[91mrow!important[33m;[39m[31m[91mflex-direction[33m:[39m[31m[91mrow!important[33m}[39m[31m[91m[33m.flex-sm-column[39m[31m[91m[33m{[39m[31m[91m-ms-flex-direction[33m:[39m[31m[91mcolumn!important[33m;[39m[31m[91mflex-direction[33m:[39m[31m[91mcol[39m[22m[1m[31mumn!important[33m}[39m[31m[91m[33m.flex-sm-row-reverse[39m[31m[91m[33m{[39m[31m[91m-ms-flex-direction[33m:[39m[31m[91mrow-reverse!important[33m;[39m[31m[91mflex-direction[33m:[39m[31m[91mrow-reverse!important[33m}[39m[31m[91m[33m.flex-sm-column-reverse[39m[31m[91m[33m{[39m[31m[91m-ms-flex-direction[33m:[39m[31m[91mcolumn-reverse!important[33m;[39m[31m[91mflex-direction[33m:[39m[31m[91mcolumn-reverse!important[33m}[39m[31m[91m[33m.flex-sm-wrap[39m[31m[91m[33m{[39m[31m[91m-ms-flex-wrap[33m:[39m[31m[91mwrap!important[33m;[39m[31m[91mflex-wrap[33m:[39m[31m[91mwrap!important[33m}[39m[31m[91m[33m.flex-sm-nowrap[39m[31m[91m[33m{[39m[31m[91m-ms-flex-wrap[33m:[39m[31m[91mnowrap!important[33m;[39m[31m[91mflex-wrap[33m:[39m[31m[91mnowrap!important[33m}[39m[31m[91m[33m.flex-sm-wrap-reverse[39m[31m[91m[33m{[39m[31m[91m-ms-flex-wrap[33m:[39m[31m[91mwrap-reverse!important[33m;[39m[31m[91mflex-wrap[33m:[39m[31m[91mwrap-reverse!important[33m}[39m[31m[91m[33m.flex-sm-fill[39m[31m[91m[33m{[39m[31m[91m-ms-flex[33m:[39m[31m[91m1 1 auto!important[33m;[39m[31m[91mflex[33m:[39m[31m[91m1 1 auto!important[33m}[39m[31m[91m[33m.flex-sm-grow-0[39m[31m[91m[33m{[39m[31m[91m-ms-flex-positive[33m:[39m[31m[91m0!important[33m;[39m[31m[91mflex-grow[33m:[39m[31m[91m0!important[33m}[39m[31m[91m[33m.flex-sm-grow-1[39m[31m[91m[33m{[39m[31m[91m-ms-flex-positive[33m:[39m[31m[91m1!important[33m;[39m[31m[91mflex-grow[33m:[39m[31m[91m1!important[33m}[39m[31m[91m[33m.flex-sm-shrink-0[39m[31m[91m[33m{[39m[31m[91m-ms-flex-negative[33m:[39m[31m[91m0!important[33m;[39m[31m[91mflex-shrink[33m:[39m[31m[91m0!important[33m}[39m[31m[91m[33m.flex-sm-shrink-1[39m[31m[91m[33m{[39m[31m[91m-ms-flex-negative[33m:[39m[31m[91m1!important[33m;[39m[31m[91mflex-shrink[33m:[39m[31m[91m1!important[33m}[39m[31m[91m[33m.justify-content-sm-start[39m[31m[91m[33m{[39m[31m[91m-ms-flex-pack[33m:[39m[31m[91mstart!important[33m;[39m[31m[91mjustify-content[33m:[39m[31m[91mflex-start!important[33m}[39m[31m[91m[33m.justify-content-sm-end[39m[31m[91m[33m{[39m[31m[91m-ms-flex-pack[33m:[39m[31m[91mend!important[33m[39m[22m[1m[31m;[39m[31m[91mjustify-content[33m:[39m[31m[91mflex-end!important[33m}[39m[31m[91m[33m.justify-content-sm-center[39m[31m[91m[33m{[39m[31m[91m-ms-flex-pack[33m:[39m[31m[91mcenter!important[33m;[39m[31m[91mjustify-content[33m:[39m[31m[91mcenter!important[33m}[39m[31m[91m[33m.justify-content-sm-between[39m[31m[91m[33m{[39m[31m[91m-ms-flex-pack[33m:[39m[31m[91mjustify!important[33m;[39m[31m[91mjustify-content[33m:[39m[31m[91mspace-between!important[33m}[39m[31m[91m[33m.justify-content-sm-around[39m[31m[91m[33m{[39m[31m[91m-ms-flex-pack[33m:[39m[31m[91mdistribute!important[33m;[39m[31m[91mjustify-content[33m:[39m[31m[91mspace-around!important[33m}[39m[31m[91m[33m.align-items-sm-start[39m[31m[91m[33m{[39m[31m[91m-ms-flex-align[33m:[39m[31m[91mstart!important[33m;[39m[31m[91malign-items[33m:[39m[31m[91mflex-start!important[33m}[39m[31m[91m[33m.align-items-sm-end[39m[31m[91m[33m{[39m[31m[91m-ms-flex-align[33m:[39m[31m[91mend!important[33m;[39m[31m[91malign-items[33m:[39m[31m[91mflex-end!important[33m}[39m[31m[91m[33m.align-items-sm-center[39m[31m[91m[33m{[39m[31m[91m-ms-flex-align[33m:[39m[31m[91mcenter!important[33m;[39m[31m[91malign-items[33m:[39m[31m[91mcenter!important[33m}[39m[31m[91m[33m.align-items-sm-baseline[39m[31m[91m[33m{[39m[31m[91m-ms-flex-align[33m:[39m[31m[91mbaseline!important[33m;[39m[31m[91malign-items[33m:[39m[31m[91mbaseline!important[33m}[39m[31m[91m[33m.align-items-sm-stretch[39m[31m[91m[33m{[39m[31m[91m-ms-flex-align[33m:[39m[31m[91mstretch!important[33m;[39m[31m[91malign-items[33m:[39m[31m[91mstretch!important[33m}[39m[31m[91m[33m.align-content-sm-start[39m[31m[91m[33m{[39m[31m[91m-ms-flex-line-pack[33m:[39m[31m[91mstart!important[33m;[39m[31m[91malign-content[33m:[39m[31m[91mflex-start!important[33m}[39m[31m[91m[33m.align-content-sm-end[39m[31m[91m[33m{[39m[31m[91m-ms-flex-line-pack[33m:[39m[31m[91mend!important[33m;[39m[31m[91malign-content[33m:[39m[31m[91mflex-end!important[33m}[39m[31m[91m[33m.align-content-sm-center[39m[31m[91m[33m{[39m[31m[91m-ms-flex-line-pack[33m:[39m[31m[91mcenter!important[33m;[39m[31m[91mal[39m[22m[1m[31mign-content[33m:[39m[31m[91mcenter!important[33m}[39m[31m[91m[33m.align-content-sm-between[39m[31m[91m[33m{[39m[31m[91m-ms-flex-line-pack[33m:[39m[31m[91mjustify!important[33m;[39m[31m[91malign-content[33m:[39m[31m[91mspace-between!important[33m}[39m[31m[91m[33m.align-content-sm-around[39m[31m[91m[33m{[39m[31m[91m-ms-flex-line-pack[33m:[39m[31m[91mdistribute!important[33m;[39m[31m[91malign-content[33m:[39m[31m[91mspace-around!important[33m}[39m[31m[91m[33m.align-content-sm-stretch[39m[31m[91m[33m{[39m[31m[91m-ms-flex-line-pack[33m:[39m[31m[91mstretch!important[33m;[39m[31m[91malign-content[33m:[39m[31m[91mstretch!important[33m}[39m[31m[91m[33m.align-self-sm-auto[39m[31m[91m[33m{[39m[31m[91m-ms-flex-item-align[33m:[39m[31m[91mauto!important[33m;[39m[31m[91malign-self[33m:[39m[31m[91mauto!important[33m}[39m[31m[91m[33m.align-self-sm-start[39m[31m[91m[33m{[39m[31m[91m-ms-flex-item-align[33m:[39m[31m[91mstart!important[33m;[39m[31m[91malign-self[33m:[39m[31m[91mflex-start!important[33m}[39m[31m[91m[33m.align-self-sm-end[39m[31m[91m[33m{[39m[31m[91m-ms-flex-item-align[33m:[39m[31m[91mend!important[33m;[39m[31m[91malign-self[33m:[39m[31m[91mflex-end!important[33m}[39m[31m[91m[33m.align-self-sm-center[39m[31m[91m[33m{[39m[31m[91m-ms-flex-item-align[33m:[39m[31m[91mcenter!important[33m;[39m[31m[91malign-self[33m:[39m[31m[91mcenter!important[33m}[39m[31m[91m[33m.align-self-sm-baseline[39m[31m[91m[33m{[39m[31m[91m-ms-flex-item-align[33m:[39m[31m[91mbaseline!important[33m;[39m[31m[91malign-self[33m:[39m[31m[91mbaseline!important[33m}[39m[31m[91m[33m.align-self-sm-stretch[39m[31m[91m[33m{[39m[31m[91m-ms-flex-item-align[33m:[39m[31m[91mstretch!important[33m;[39m[31m[91malign-self[33m:[39m[31m[91mstretch!important[33m}[39m[31m[91m[33m}[39m[31m[91m[36m@media[39m[31m[91m[36m [39m[31m[91m[36m(min-width:768px)[39m[31m[91m[33m{[39m[31m[91m[33m.flex-md-row[39m[31m[91m[33m{[39m[31m[91m-ms-flex-direction[33m:[39m[31m[91mrow!important[33m;[39m[31m[91mflex-direction[33m:[39m[31m[91mrow!important[33m}[39m[31m[91m[33m.flex-md-column[39m[31m[91m[33m{[39m[31m[9[39m[22m[1m[31m1m-ms-flex-direction[33m:[39m[31m[91mcolumn!important[33m;[39m[31m[91mflex-direction[33m:[39m[31m[91mcolumn!important[33m}[39m[31m[91m[33m.flex-md-row-reverse[39m[31m[91m[33m{[39m[31m[91m-ms-flex-direction[33m:[39m[31m[91mrow-reverse!important[33m;[39m[31m[91mflex-direction[33m:[39m[31m[91mrow-reverse!important[33m}[39m[31m[91m[33m.flex-md-column-reverse[39m[31m[91m[33m{[39m[31m[91m-ms-flex-direction[33m:[39m[31m[91mcolumn-reverse!important[33m;[39m[31m[91mflex-direction[33m:[39m[31m[91mcolumn-reverse!important[33m}[39m[31m[91m[33m.flex-md-wrap[39m[31m[91m[33m{[39m[31m[91m-ms-flex-wrap[33m:[39m[31m[91mwrap!important[33m;[39m[31m[91mflex-wrap[33m:[39m[31m[91mwrap!important[33m}[39m[31m[91m[33m.flex-md-nowrap[39m[31m[91m[33m{[39m[31m[91m-ms-flex-wrap[33m:[39m[31m[91mnowrap!important[33m;[39m[31m[91mflex-wrap[33m:[39m[31m[91mnowrap!important[33m}[39m[31m[91m[33m.flex-md-wrap-reverse[39m[31m[91m[33m{[39m[31m[91m-ms-flex-wrap[33m:[39m[31m[91mwrap-reverse!important[33m;[39m[31m[91mflex-wrap[33m:[39m[31m[91mwrap-reverse!important[33m}[39m[31m[91m[33m.flex-md-fill[39m[31m[91m[33m{[39m[31m[91m-ms-flex[33m:[39m[31m[91m1 1 auto!important[33m;[39m[31m[91mflex[33m:[39m[31m[91m1 1 auto!important[33m}[39m[31m[91m[33m.flex-md-grow-0[39m[31m[91m[33m{[39m[31m[91m-ms-flex-positive[33m:[39m[31m[91m0!important[33m;[39m[31m[91mflex-grow[33m:[39m[31m[91m0!important[33m}[39m[31m[91m[33m.flex-md-grow-1[39m[31m[91m[33m{[39m[31m[91m-ms-flex-positive[33m:[39m[31m[91m1!important[33m;[39m[31m[91mflex-grow[33m:[39m[31m[91m1!important[33m}[39m[31m[91m[33m.flex-md-shrink-0[39m[31m[91m[33m{[39m[31m[91m-ms-flex-negative[33m:[39m[31m[91m0!important[33m;[39m[31m[91mflex-shrink[33m:[39m[31m[91m0!important[33m}[39m[31m[91m[33m.flex-md-shrink-1[39m[31m[91m[33m{[39m[31m[91m-ms-flex-negative[33m:[39m[31m[91m1!important[33m;[39m[31m[91mflex-shrink[33m:[39m[31m[91m1!important[33m}[39m[31m[91m[33m.justify-content-md-start[39m[31m[91m[33m{[39m[31m[91m-ms-flex-pack[33m:[39m[31m[91mstart!important[33m;[39m[31m[91mjustify-content[33m:[39m[31m[91mflex-start!important[33m}[39m[31m[91m[39m[22m[1m[31m[33m.justify-content-md-end[39m[31m[91m[33m{[39m[31m[91m-ms-flex-pack[33m:[39m[31m[91mend!important[33m;[39m[31m[91mjustify-content[33m:[39m[31m[91mflex-end!important[33m}[39m[31m[91m[33m.justify-content-md-center[39m[31m[91m[33m{[39m[31m[91m-ms-flex-pack[33m:[39m[31m[91mcenter!important[33m;[39m[31m[91mjustify-content[33m:[39m[31m[91mcenter!important[33m}[39m[31m[91m[33m.justify-content-md-between[39m[31m[91m[33m{[39m[31m[91m-ms-flex-pack[33m:[39m[31m[91mjustify!important[33m;[39m[31m[91mjustify-content[33m:[39m[31m[91mspace-between!important[33m}[39m[31m[91m[33m.justify-content-md-around[39m[31m[91m[33m{[39m[31m[91m-ms-flex-pack[33m:[39m[31m[91mdistribute!important[33m;[39m[31m[91mjustify-content[33m:[39m[31m[91mspace-around!important[33m}[39m[31m[91m[33m.align-items-md-start[39m[31m[91m[33m{[39m[31m[91m-ms-flex-align[33m:[39m[31m[91mstart!important[33m;[39m[31m[91malign-items[33m:[39m[31m[91mflex-start!important[33m}[39m[31m[91m[33m.align-items-md-end[39m[31m[91m[33m{[39m[31m[91m-ms-flex-align[33m:[39m[31m[91mend!important[33m;[39m[31m[91malign-items[33m:[39m[31m[91mflex-end!important[33m}[39m[31m[91m[33m.align-items-md-center[39m[31m[91m[33m{[39m[31m[91m-ms-flex-align[33m:[39m[31m[91mcenter!important[33m;[39m[31m[91malign-items[33m:[39m[31m[91mcenter!important[33m}[39m[31m[91m[33m.align-items-md-baseline[39m[31m[91m[33m{[39m[31m[91m-ms-flex-align[33m:[39m[31m[91mbaseline!important[33m;[39m[31m[91malign-items[33m:[39m[31m[91mbaseline!important[33m}[39m[31m[91m[33m.align-items-md-stretch[39m[31m[91m[33m{[39m[31m[91m-ms-flex-align[33m:[39m[31m[91mstretch!important[33m;[39m[31m[91malign-items[33m:[39m[31m[91mstretch!important[33m}[39m[31m[91m[33m.align-content-md-start[39m[31m[91m[33m{[39m[31m[91m-ms-flex-line-pack[33m:[39m[31m[91mstart!important[33m;[39m[31m[91malign-content[33m:[39m[31m[91mflex-start!important[33m}[39m[31m[91m[33m.align-content-md-end[39m[31m[91m[33m{[39m[31m[91m-ms-flex-line-pack[33m:[39m[31m[91mend!important[33m;[39m[31m[91malign-content[33m:[39m[31m[91mflex-end!important[33m}[39m[31m[91m[33m.align-content-md[39m[22m[1m[31m-center[39m[31m[91m[33m{[39m[31m[91m-ms-flex-line-pack[33m:[39m[31m[91mcenter!important[33m;[39m[31m[91malign-content[33m:[39m[31m[91mcenter!important[33m}[39m[31m[91m[33m.align-content-md-between[39m[31m[91m[33m{[39m[31m[91m-ms-flex-line-pack[33m:[39m[31m[91mjustify!important[33m;[39m[31m[91malign-content[33m:[39m[31m[91mspace-between!important[33m}[39m[31m[91m[33m.align-content-md-around[39m[31m[91m[33m{[39m[31m[91m-ms-flex-line-pack[33m:[39m[31m[91mdistribute!important[33m;[39m[31m[91malign-content[33m:[39m[31m[91mspace-around!important[33m}[39m[31m[91m[33m.align-content-md-stretch[39m[31m[91m[33m{[39m[31m[91m-ms-flex-line-pack[33m:[39m[31m[91mstretch!important[33m;[39m[31m[91malign-content[33m:[39m[31m[91mstretch!important[33m}[39m[31m[91m[33m.align-self-md-auto[39m[31m[91m[33m{[39m[31m[91m-ms-flex-item-align[33m:[39m[31m[91mauto!important[33m;[39m[31m[91malign-self[33m:[39m[31m[91mauto!important[33m}[39m[31m[91m[33m.align-self-md-start[39m[31m[91m[33m{[39m[31m[91m-ms-flex-item-align[33m:[39m[31m[91mstart!important[33m;[39m[31m[91malign-self[33m:[39m[31m[91mflex-start!important[33m}[39m[31m[91m[33m.align-self-md-end[39m[31m[91m[33m{[39m[31m[91m-ms-flex-item-align[33m:[39m[31m[91mend!important[33m;[39m[31m[91malign-self[33m:[39m[31m[91mflex-end!important[33m}[39m[31m[91m[33m.align-self-md-center[39m[31m[91m[33m{[39m[31m[91m-ms-flex-item-align[33m:[39m[31m[91mcenter!important[33m;[39m[31m[91malign-self[33m:[39m[31m[91mcenter!important[33m}[39m[31m[91m[33m.align-self-md-baseline[39m[31m[91m[33m{[39m[31m[91m-ms-flex-item-align[33m:[39m[31m[91mbaseline!important[33m;[39m[31m[91malign-self[33m:[39m[31m[91mbaseline!important[33m}[39m[31m[91m[33m.align-self-md-stretch[39m[31m[91m[33m{[39m[31m[91m-ms-flex-item-align[33m:[39m[31m[91mstretch!important[33m;[39m[31m[91malign-self[33m:[39m[31m[91mstretch!important[33m}[39m[31m[91m[33m}[39m[31m[91m[36m@media[39m[31m[91m[36m [39m[31m[91m[36m(min-width:960px)[39m[31m[91m[33m{[39m[31m[91m[33m.flex-lg-row[39m[31m[91m[33m{[39m[31m[91m-ms-flex-direction[33m:[39m[31m[91mrow!important[33m;[39m[31m[91mfl[39m[22m[1m[31mex-direction[33m:[39m[31m[91mrow!important[33m}[39m[31m[91m[33m.flex-lg-column[39m[31m[91m[33m{[39m[31m[91m-ms-flex-direction[33m:[39m[31m[91mcolumn!important[33m;[39m[31m[91mflex-direction[33m:[39m[31m[91mcolumn!important[33m}[39m[31m[91m[33m.flex-lg-row-reverse[39m[31m[91m[33m{[39m[31m[91m-ms-flex-direction[33m:[39m[31m[91mrow-reverse!important[33m;[39m[31m[91mflex-direction[33m:[39m[31m[91mrow-reverse!important[33m}[39m[31m[91m[33m.flex-lg-column-reverse[39m[31m[91m[33m{[39m[31m[91m-ms-flex-direction[33m:[39m[31m[91mcolumn-reverse!important[33m;[39m[31m[91mflex-direction[33m:[39m[31m[91mcolumn-reverse!important[33m}[39m[31m[91m[33m.flex-lg-wrap[39m[31m[91m[33m{[39m[31m[91m-ms-flex-wrap[33m:[39m[31m[91mwrap!important[33m;[39m[31m[91mflex-wrap[33m:[39m[31m[91mwrap!important[33m}[39m[31m[91m[33m.flex-lg-nowrap[39m[31m[91m[33m{[39m[31m[91m-ms-flex-wrap[33m:[39m[31m[91mnowrap!important[33m;[39m[31m[91mflex-wrap[33m:[39m[31m[91mnowrap!important[33m}[39m[31m[91m[33m.flex-lg-wrap-reverse[39m[31m[91m[33m{[39m[31m[91m-ms-flex-wrap[33m:[39m[31m[91mwrap-reverse!important[33m;[39m[31m[91mflex-wrap[33m:[39m[31m[91mwrap-reverse!important[33m}[39m[31m[91m[33m.flex-lg-fill[39m[31m[91m[33m{[39m[31m[91m-ms-flex[33m:[39m[31m[91m1 1 auto!important[33m;[39m[31m[91mflex[33m:[39m[31m[91m1 1 auto!important[33m}[39m[31m[91m[33m.flex-lg-grow-0[39m[31m[91m[33m{[39m[31m[91m-ms-flex-positive[33m:[39m[31m[91m0!important[33m;[39m[31m[91mflex-grow[33m:[39m[31m[91m0!important[33m}[39m[31m[91m[33m.flex-lg-grow-1[39m[31m[91m[33m{[39m[31m[91m-ms-flex-positive[33m:[39m[31m[91m1!important[33m;[39m[31m[91mflex-grow[33m:[39m[31m[91m1!important[33m}[39m[31m[91m[33m.flex-lg-shrink-0[39m[31m[91m[33m{[39m[31m[91m-ms-flex-negative[33m:[39m[31m[91m0!important[33m;[39m[31m[91mflex-shrink[33m:[39m[31m[91m0!important[33m}[39m[31m[91m[33m.flex-lg-shrink-1[39m[31m[91m[33m{[39m[31m[91m-ms-flex-negative[33m:[39m[31m[91m1!important[33m;[39m[31m[91mflex-shrink[33m:[39m[31m[91m1!important[33m}[39m[31m[91m[33m.justify-content-lg-start[39m[31m[91m[33m{[39m[31m[91m-ms-flex-pack[33m:[39m[31m[[39m[22m[1m[31m91mstart!important[33m;[39m[31m[91mjustify-content[33m:[39m[31m[91mflex-start!important[33m}[39m[31m[91m[33m.justify-content-lg-end[39m[31m[91m[33m{[39m[31m[91m-ms-flex-pack[33m:[39m[31m[91mend!important[33m;[39m[31m[91mjustify-content[33m:[39m[31m[91mflex-end!important[33m}[39m[31m[91m[33m.justify-content-lg-center[39m[31m[91m[33m{[39m[31m[91m-ms-flex-pack[33m:[39m[31m[91mcenter!important[33m;[39m[31m[91mjustify-content[33m:[39m[31m[91mcenter!important[33m}[39m[31m[91m[33m.justify-content-lg-between[39m[31m[91m[33m{[39m[31m[91m-ms-flex-pack[33m:[39m[31m[91mjustify!important[33m;[39m[31m[91mjustify-content[33m:[39m[31m[91mspace-between!important[33m}[39m[31m[91m[33m.justify-content-lg-around[39m[31m[91m[33m{[39m[31m[91m-ms-flex-pack[33m:[39m[31m[91mdistribute!important[33m;[39m[31m[91mjustify-content[33m:[39m[31m[91mspace-around!important[33m}[39m[31m[91m[33m.align-items-lg-start[39m[31m[91m[33m{[39m[31m[91m-ms-flex-align[33m:[39m[31m[91mstart!important[33m;[39m[31m[91malign-items[33m:[39m[31m[91mflex-start!important[33m}[39m[31m[91m[33m.align-items-lg-end[39m[31m[91m[33m{[39m[31m[91m-ms-flex-align[33m:[39m[31m[91mend!important[33m;[39m[31m[91malign-items[33m:[39m[31m[91mflex-end!important[33m}[39m[31m[91m[33m.align-items-lg-center[39m[31m[91m[33m{[39m[31m[91m-ms-flex-align[33m:[39m[31m[91mcenter!important[33m;[39m[31m[91malign-items[33m:[39m[31m[91mcenter!important[33m}[39m[31m[91m[33m.align-items-lg-baseline[39m[31m[91m[33m{[39m[31m[91m-ms-flex-align[33m:[39m[31m[91mbaseline!important[33m;[39m[31m[91malign-items[33m:[39m[31m[91mbaseline!important[33m}[39m[31m[91m[33m.align-items-lg-stretch[39m[31m[91m[33m{[39m[31m[91m-ms-flex-align[33m:[39m[31m[91mstretch!important[33m;[39m[31m[91malign-items[33m:[39m[31m[91mstretch!important[33m}[39m[31m[91m[33m.align-content-lg-start[39m[31m[91m[33m{[39m[31m[91m-ms-flex-line-pack[33m:[39m[31m[91mstart!important[33m;[39m[31m[91malign-content[33m:[39m[31m[91mflex-start!important[33m}[39m[31m[91m[33m.align-content-lg-end[39m[31m[91m[33m{[39m[31m[91m-ms-flex-line-pack[33m:[39m[31m[91mend!important[39m[22m[1m[31m[33m;[39m[31m[91malign-content[33m:[39m[31m[91mflex-end!important[33m}[39m[31m[91m[33m.align-content-lg-center[39m[31m[91m[33m{[39m[31m[91m-ms-flex-line-pack[33m:[39m[31m[91mcenter!important[33m;[39m[31m[91malign-content[33m:[39m[31m[91mcenter!important[33m}[39m[31m[91m[33m.align-content-lg-between[39m[31m[91m[33m{[39m[31m[91m-ms-flex-line-pack[33m:[39m[31m[91mjustify!important[33m;[39m[31m[91malign-content[33m:[39m[31m[91mspace-between!important[33m}[39m[31m[91m[33m.align-content-lg-around[39m[31m[91m[33m{[39m[31m[91m-ms-flex-line-pack[33m:[39m[31m[91mdistribute!important[33m;[39m[31m[91malign-content[33m:[39m[31m[91mspace-around!important[33m}[39m[31m[91m[33m.align-content-lg-stretch[39m[31m[91m[33m{[39m[31m[91m-ms-flex-line-pack[33m:[39m[31m[91mstretch!important[33m;[39m[31m[91malign-content[33m:[39m[31m[91mstretch!important[33m}[39m[31m[91m[33m.align-self-lg-auto[39m[31m[91m[33m{[39m[31m[91m-ms-flex-item-align[33m:[39m[31m[91mauto!important[33m;[39m[31m[91malign-self[33m:[39m[31m[91mauto!important[33m}[39m[31m[91m[33m.align-self-lg-start[39m[31m[91m[33m{[39m[31m[91m-ms-flex-item-align[33m:[39m[31m[91mstart!important[33m;[39m[31m[91malign-self[33m:[39m[31m[91mflex-start!important[33m}[39m[31m[91m[33m.align-self-lg-end[39m[31m[91m[33m{[39m[31m[91m-ms-flex-item-align[33m:[39m[31m[91mend!important[33m;[39m[31m[91malign-self[33m:[39m[31m[91mflex-end!important[33m}[39m[31m[91m[33m.align-self-lg-center[39m[31m[91m[33m{[39m[31m[91m-ms-flex-item-align[33m:[39m[31m[91mcenter!important[33m;[39m[31m[91malign-self[33m:[39m[31m[91mcenter!important[33m}[39m[31m[91m[33m.align-self-lg-baseline[39m[31m[91m[33m{[39m[31m[91m-ms-flex-item-align[33m:[39m[31m[91mbaseline!important[33m;[39m[31m[91malign-self[33m:[39m[31m[91mbaseline!important[33m}[39m[31m[91m[33m.align-self-lg-stretch[39m[31m[91m[33m{[39m[31m[91m-ms-flex-item-align[33m:[39m[31m[91mstretch!important[33m;[39m[31m[91malign-self[33m:[39m[31m[91mstretch!important[33m}[39m[31m[91m[33m}[39m[31m[91m[36m@media[39m[31m[91m[36m [39m[31m[91m[36m(min-width:1152px)[39m[31m[91m[33m{[39m[31m[91m[33m.[39m[22m[1m[31mflex-xl-row[39m[31m[91m[33m{[39m[31m[91m-ms-flex-direction[33m:[39m[31m[91mrow!important[33m;[39m[31m[91mflex-direction[33m:[39m[31m[91mrow!important[33m}[39m[31m[91m[33m.flex-xl-column[39m[31m[91m[33m{[39m[31m[91m-ms-flex-direction[33m:[39m[31m[91mcolumn!important[33m;[39m[31m[91mflex-direction[33m:[39m[31m[91mcolumn!important[33m}[39m[31m[91m[33m.flex-xl-row-reverse[39m[31m[91m[33m{[39m[31m[91m-ms-flex-direction[33m:[39m[31m[91mrow-reverse!important[33m;[39m[31m[91mflex-direction[33m:[39m[31m[91mrow-reverse!important[33m}[39m[31m[91m[33m.flex-xl-column-reverse[39m[31m[91m[33m{[39m[31m[91m-ms-flex-direction[33m:[39m[31m[91mcolumn-reverse!important[33m;[39m[31m[91mflex-direction[33m:[39m[31m[91mcolumn-reverse!important[33m}[39m[31m[91m[33m.flex-xl-wrap[39m[31m[91m[33m{[39m[31m[91m-ms-flex-wrap[33m:[39m[31m[91mwrap!important[33m;[39m[31m[91mflex-wrap[33m:[39m[31m[91mwrap!important[33m}[39m[31m[91m[33m.flex-xl-nowrap[39m[31m[91m[33m{[39m[31m[91m-ms-flex-wrap[33m:[39m[31m[91mnowrap!important[33m;[39m[31m[91mflex-wrap[33m:[39m[31m[91mnowrap!important[33m}[39m[31m[91m[33m.flex-xl-wrap-reverse[39m[31m[91m[33m{[39m[31m[91m-ms-flex-wrap[33m:[39m[31m[91mwrap-reverse!important[33m;[39m[31m[91mflex-wrap[33m:[39m[31m[91mwrap-reverse!important[33m}[39m[31m[91m[33m.flex-xl-fill[39m[31m[91m[33m{[39m[31m[91m-ms-flex[33m:[39m[31m[91m1 1 auto!important[33m;[39m[31m[91mflex[33m:[39m[31m[91m1 1 auto!important[33m}[39m[31m[91m[33m.flex-xl-grow-0[39m[31m[91m[33m{[39m[31m[91m-ms-flex-positive[33m:[39m[31m[91m0!important[33m;[39m[31m[91mflex-grow[33m:[39m[31m[91m0!important[33m}[39m[31m[91m[33m.flex-xl-grow-1[39m[31m[91m[33m{[39m[31m[91m-ms-flex-positive[33m:[39m[31m[91m1!important[33m;[39m[31m[91mflex-grow[33m:[39m[31m[91m1!important[33m}[39m[31m[91m[33m.flex-xl-shrink-0[39m[31m[91m[33m{[39m[31m[91m-ms-flex-negative[33m:[39m[31m[91m0!important[33m;[39m[31m[91mflex-shrink[33m:[39m[31m[91m0!important[33m}[39m[31m[91m[33m.flex-xl-shrink-1[39m[31m[91m[33m{[39m[31m[91m-ms-flex-negative[33m:[39m[31m[91m1!important[33m;[39m[31m[91mflex-shrink[33m:[39m[31m[91m1!impor[39m[22m[1m[31mtant[33m}[39m[31m[91m[33m.justify-content-xl-start[39m[31m[91m[33m{[39m[31m[91m-ms-flex-pack[33m:[39m[31m[91mstart!important[33m;[39m[31m[91mjustify-content[33m:[39m[31m[91mflex-start!important[33m}[39m[31m[91m[33m.justify-content-xl-end[39m[31m[91m[33m{[39m[31m[91m-ms-flex-pack[33m:[39m[31m[91mend!important[33m;[39m[31m[91mjustify-content[33m:[39m[31m[91mflex-end!important[33m}[39m[31m[91m[33m.justify-content-xl-center[39m[31m[91m[33m{[39m[31m[91m-ms-flex-pack[33m:[39m[31m[91mcenter!important[33m;[39m[31m[91mjustify-content[33m:[39m[31m[91mcenter!important[33m}[39m[31m[91m[33m.justify-content-xl-between[39m[31m[91m[33m{[39m[31m[91m-ms-flex-pack[33m:[39m[31m[91mjustify!important[33m;[39m[31m[91mjustify-content[33m:[39m[31m[91mspace-between!important[33m}[39m[31m[91m[33m.justify-content-xl-around[39m[31m[91m[33m{[39m[31m[91m-ms-flex-pack[33m:[39m[31m[91mdistribute!important[33m;[39m[31m[91mjustify-content[33m:[39m[31m[91mspace-around!important[33m}[39m[31m[91m[33m.align-items-xl-start[39m[31m[91m[33m{[39m[31m[91m-ms-flex-align[33m:[39m[31m[91mstart!important[33m;[39m[31m[91malign-items[33m:[39m[31m[91mflex-start!important[33m}[39m[31m[91m[33m.align-items-xl-end[39m[31m[91m[33m{[39m[31m[91m-ms-flex-align[33m:[39m[31m[91mend!important[33m;[39m[31m[91malign-items[33m:[39m[31m[91mflex-end!important[33m}[39m[31m[91m[33m.align-items-xl-center[39m[31m[91m[33m{[39m[31m[91m-ms-flex-align[33m:[39m[31m[91mcenter!important[33m;[39m[31m[91malign-items[33m:[39m[31m[91mcenter!important[33m}[39m[31m[91m[33m.align-items-xl-baseline[39m[31m[91m[33m{[39m[31m[91m-ms-flex-align[33m:[39m[31m[91mbaseline!important[33m;[39m[31m[91malign-items[33m:[39m[31m[91mbaseline!important[33m}[39m[31m[91m[33m.align-items-xl-stretch[39m[31m[91m[33m{[39m[31m[91m-ms-flex-align[33m:[39m[31m[91mstretch!important[33m;[39m[31m[91malign-items[33m:[39m[31m[91mstretch!important[33m}[39m[31m[91m[33m.align-content-xl-start[39m[31m[91m[33m{[39m[31m[91m-ms-flex-line-pack[33m:[39m[31m[91mstart!important[33m;[39m[31m[91malign-content[33m:[39m[31m[91mflex-start!important[33m}[39m[31m[[39m[22m[1m[31m91m[33m.align-content-xl-end[39m[31m[91m[33m{[39m[31m[91m-ms-flex-line-pack[33m:[39m[31m[91mend!important[33m;[39m[31m[91malign-content[33m:[39m[31m[91mflex-end!important[33m}[39m[31m[91m[33m.align-content-xl-center[39m[31m[91m[33m{[39m[31m[91m-ms-flex-line-pack[33m:[39m[31m[91mcenter!important[33m;[39m[31m[91malign-content[33m:[39m[31m[91mcenter!important[33m}[39m[31m[91m[33m.align-content-xl-between[39m[31m[91m[33m{[39m[31m[91m-ms-flex-line-pack[33m:[39m[31m[91mjustify!important[33m;[39m[31m[91malign-content[33m:[39m[31m[91mspace-between!important[33m}[39m[31m[91m[33m.align-content-xl-around[39m[31m[91m[33m{[39m[31m[91m-ms-flex-line-pack[33m:[39m[31m[91mdistribute!important[33m;[39m[31m[91malign-content[33m:[39m[31m[91mspace-around!important[33m}[39m[31m[91m[33m.align-content-xl-stretch[39m[31m[91m[33m{[39m[31m[91m-ms-flex-line-pack[33m:[39m[31m[91mstretch!important[33m;[39m[31m[91malign-content[33m:[39m[31m[91mstretch!important[33m}[39m[31m[91m[33m.align-self-xl-auto[39m[31m[91m[33m{[39m[31m[91m-ms-flex-item-align[33m:[39m[31m[91mauto!important[33m;[39m[31m[91malign-self[33m:[39m[31m[91mauto!important[33m}[39m[31m[91m[33m.align-self-xl-start[39m[31m[91m[33m{[39m[31m[91m-ms-flex-item-align[33m:[39m[31m[91mstart!important[33m;[39m[31m[91malign-self[33m:[39m[31m[91mflex-start!important[33m}[39m[31m[91m[33m.align-self-xl-end[39m[31m[91m[33m{[39m[31m[91m-ms-flex-item-align[33m:[39m[31m[91mend!important[33m;[39m[31m[91malign-self[33m:[39m[31m[91mflex-end!important[33m}[39m[31m[91m[33m.align-self-xl-center[39m[31m[91m[33m{[39m[31m[91m-ms-flex-item-align[33m:[39m[31m[91mcenter!important[33m;[39m[31m[91malign-self[33m:[39m[31m[91mcenter!important[33m}[39m[31m[91m[33m.align-self-xl-baseline[39m[31m[91m[33m{[39m[31m[91m-ms-flex-item-align[33m:[39m[31m[91mbaseline!important[33m;[39m[31m[91malign-self[33m:[39m[31m[91mbaseline!important[33m}[39m[31m[91m[33m.align-self-xl-stretch[39m[31m[91m[33m{[39m[31m[91m-ms-flex-item-align[33m:[39m[31m[91mstretch!important[33m;[39m[31m[91malign-self[33m:[39m[31m[91mstretch!important[33m}[39m[31m[91m[33m}[39m[22m[1m[31m[39m[31m[91m[33m.float-left[39m[31m[91m[33m{[39m[31m[91mfloat[33m:[39m[31m[91mleft!important[33m}[39m[31m[91m[33m.float-right[39m[31m[91m[33m{[39m[31m[91mfloat[33m:[39m[31m[91mright!important[33m}[39m[31m[91m[33m.float-none[39m[31m[91m[33m{[39m[31m[91mfloat[33m:[39m[31m[91mnone!important[33m}[39m[31m[91m[36m@media[39m[31m[91m[36m [39m[31m[91m[36m(min-width:576px)[39m[31m[91m[33m{[39m[31m[91m[33m.float-sm-left[39m[31m[91m[33m{[39m[31m[91mfloat[33m:[39m[31m[91mleft!important[33m}[39m[31m[91m[33m.float-sm-right[39m[31m[91m[33m{[39m[31m[91mfloat[33m:[39m[31m[91mright!important[33m}[39m[31m[91m[33m.float-sm-none[39m[31m[91m[33m{[39m[31m[91mfloat[33m:[39m[31m[91mnone!important[33m}[39m[31m[91m[33m}[39m[31m[91m[36m@media[39m[31m[91m[36m [39m[31m[91m[36m(min-width:768px)[39m[31m[91m[33m{[39m[31m[91m[33m.float-md-left[39m[31m[91m[33m{[39m[31m[91mfloat[33m:[39m[31m[91mleft!important[33m}[39m[31m[91m[33m.float-md-right[39m[31m[91m[33m{[39m[31m[91mfloat[33m:[39m[31m[91mright!important[33m}[39m[31m[91m[33m.float-md-none[39m[31m[91m[33m{[39m[31m[91mfloat[33m:[39m[31m[91mnone!important[33m}[39m[31m[91m[33m}[39m[31m[91m[36m@media[39m[31m[91m[36m [39m[31m[91m[36m(min-width:960px)[39m[31m[91m[33m{[39m[31m[91m[33m.float-lg-left[39m[31m[91m[33m{[39m[31m[91mfloat[33m:[39m[31m[91mleft!important[33m}[39m[31m[91m[33m.float-lg-right[39m[31m[91m[33m{[39m[31m[91mfloat[33m:[39m[31m[91mright!important[33m}[39m[31m[91m[33m.float-lg-none[39m[31m[91m[33m{[39m[31m[91mfloat[33m:[39m[31m[91mnone!important[33m}[39m[31m[91m[33m}[39m[31m[91m[36m@media[39m[31m[91m[36m [39m[31m[91m[36m(min-width:1152px)[39m[31m[91m[33m{[39m[31m[91m[33m.float-xl-left[39m[31m[91m[33m{[39m[31m[91mfloat[33m:[39m[31m[91mleft!important[33m}[39m[31m[91m[33m.float-xl-right[39m[31m[91m[33m{[39m[31m[91mfloat[33m:[39m[31m[91mright!important[33m}[39m[31m[91m[33m.float-xl-none[39m[31m[91m[33m{[39m[31m[91mfloat[33m:[39m[31m[91mnone!important[33m}[39m[31m[91m[33m}[39m[31m[91m[33m.overflow-auto[39m[31m[91m[33m{[39m[31m[91moverflow[33m:[39m[31m[91mauto!important[33m}[39m[31m[91m[33m.overflow-hidden[39m[31m[91m[33m{[39m[31m[9[39m[22m[1m[31m1moverflow[33m:[39m[31m[91mhidden!important[33m}[39m[31m[91m[33m.position-static[39m[31m[91m[33m{[39m[31m[91mposition[33m:[39m[31m[91mstatic!important[33m}[39m[31m[91m[33m.position-relative[39m[31m[91m[33m{[39m[31m[91mposition[33m:[39m[31m[91mrelative!important[33m}[39m[31m[91m[33m.position-absolute[39m[31m[91m[33m{[39m[31m[91mposition[33m:[39m[31m[91mabsolute!important[33m}[39m[31m[91m[33m.position-fixed[39m[31m[91m[33m{[39m[31m[91mposition[33m:[39m[31m[91mfixed!important[33m}[39m[31m[91m[33m.position-sticky[39m[31m[91m[33m{[39m[31m[91mposition[33m:[39m[31m[91m-webkit-sticky!important[33m;[39m[31m[91mposition[33m:[39m[31m[91msticky!important[33m}[39m[31m[91m[33m.fixed-top[39m[31m[91m[33m{[39m[31m[91mposition[33m:[39m[31m[91mfixed[33m;[39m[31m[91mtop[33m:[39m[31m[91m0[33m;[39m[31m[91mright[33m:[39m[31m[91m0[33m;[39m[31m[91mleft[33m:[39m[31m[91m0[33m;[39m[31m[91mz-index[33m:[39m[31m[91m1030[33m}[39m[31m[91m[33m.fixed-bottom[39m[31m[91m[33m{[39m[31m[91mposition[33m:[39m[31m[91mfixed[33m;[39m[31m[91mright[33m:[39m[31m[91m0[33m;[39m[31m[91mbottom[33m:[39m[31m[91m0[33m;[39m[31m[91mleft[33m:[39m[31m[91m0[33m;[39m[31m[91mz-index[33m:[39m[31m[91m1030[33m}[39m[31m[91m[36m@supports[39m[31m[91m[36m [39m[31m[91m[36m([39m[31m[91m[36m(position:-webkit-sticky)[39m[31m[91m or[36m [39m[31m[91m[36m(position:sticky)[39m[31m[91m[36m)[39m[31m[91m[33m{[39m[31m[91m[33m.sticky-top[39m[31m[91m[33m{[39m[31m[91mposition[33m:[39m[31m[91m-webkit-sticky[33m;[39m[31m[91mposition[33m:[39m[31m[91msticky[33m;[39m[31m[91mtop[33m:[39m[31m[91m0[33m;[39m[31m[91mz-index[33m:[39m[31m[91m1020[33m}[39m[31m[91m[33m}[39m[31m[91m[33m.sr-only[39m[31m[91m[33m{[39m[31m[91mposition[33m:[39m[31m[91mabsolute[33m;[39m[31m[91mwidth[33m:[39m[31m[91m1px[33m;[39m[31m[91mheight[33m:[39m[31m[91m1px[33m;[39m[31m[91mpadding[33m:[39m[31m[91m0[33m;[39m[31m[91mmargin[33m:[39m[31m[91m-1px[33m;[39m[31m[91moverflow[33m:[39m[31m[91mhidden[33m;[39m[31m[91mclip[33m:[39m[31m[91m[36mrect[39m[31m[91m[36m(0,0,0,0)[39m[31m[91m[33m;[39m[31m[91mwhite-space[33m:[39m[31m[91mnowrap[33m;[39m[31m[91mborder[33m:[39m[31m[91m0[33m}[[39m[22m[1m[31m39m[91m[33m.sr-only-focusable[39m[31m[91m[33m:[39m[31m[91mactive,.sr-only-focusable[33m:[39m[31m[91mfocus[33m{[39m[31m[91mposition[33m:[39m[31m[91mstatic[33m;[39m[31m[91mwidth[33m:[39m[31m[91mauto[33m;[39m[31m[91mheight[33m:[39m[31m[91mauto[33m;[39m[31m[91moverflow[33m:[39m[31m[91mvisible[33m;[39m[31m[91mclip[33m:[39m[31m[91mauto[33m;[39m[31m[91mwhite-space[33m:[39m[31m[91mnormal[33m}[39m[31m[91m[33m.shadow-none[39m[31m[91m[33m{[39m[31m[91mbox-shadow[33m:[39m[31m[91mnone!important[33m}[39m[31m[91m[33m.w-25[39m[31m[91m[33m{[39m[31m[91mwidth[33m:[39m[31m[91m100%!important[33m}[39m[31m[91m[33m.w-50[39m[31m[91m[33m{[39m[31m[91mwidth[33m:[39m[31m[91m100%!important[33m}[39m[31m[91m[33m.w-75[39m[31m[91m[33m{[39m[31m[91mwidth[33m:[39m[31m[91m100%!important[33m}[39m[31m[91m[33m.w-100[39m[31m[91m[33m{[39m[31m[91mwidth[33m:[39m[31m[91m100%!important[33m}[39m[31m[91m[33m.w-auto[39m[31m[91m[33m{[39m[31m[91mwidth[33m:[39m[31m[91mauto!important[33m}[39m[31m[91m[33m.h-25[39m[31m[91m[33m{[39m[31m[91mheight[33m:[39m[31m[91m100%!important[33m}[39m[31m[91m[33m.h-50[39m[31m[91m[33m{[39m[31m[91mheight[33m:[39m[31m[91m100%!important[33m}[39m[31m[91m[33m.h-75[39m[31m[91m[33m{[39m[31m[91mheight[33m:[39m[31m[91m100%!important[33m}[39m[31m[91m[33m.h-100[39m[31m[91m[33m{[39m[31m[91mheight[33m:[39m[31m[91m100%!important[33m}[39m[31m[91m[33m.h-auto[39m[31m[91m[33m{[39m[31m[91mheight[33m:[39m[31m[91mauto!important[33m}[39m[31m[91m[33m.mw-100[39m[31m[91m[33m{[39m[31m[91mmax-width[33m:[39m[31m[91m100%!important[33m}[39m[31m[91m[33m.mh-100[39m[31m[91m[33m{[39m[31m[91mmax-height[33m:[39m[31m[91m100%!important[33m}[39m[31m[91m[33m.min-vw-100[39m[31m[91m[33m{[39m[31m[91mmin-width[33m:[39m[31m[91m100vw!important[33m}[39m[31m[91m[33m.min-vh-100[39m[31m[91m[33m{[39m[31m[91mmin-height[33m:[39m[31m[91m100vh!important[33m}[39m[31m[91m[33m.vw-100[39m[31m[91m[33m{[39m[31m[91mwidth[33m:[39m[31m[91m100vw!important[33m}[39m[31m[91m[33m.vh-100[39m[31m[91m[33m{[39m[31m[91mheight[33m:[39m[31m[91m100vh!important[33m}[39m[31m[91m[33m.stretched-link[39m[31m[91m[33m:[39m[31m[91m[33m:[39m[31m[91mafter[33[39m[22m[1m[31mm{[39m[31m[91mposition[33m:[39m[31m[91mabsolute[33m;[39m[31m[91mtop[33m:[39m[31m[91m0[33m;[39m[31m[91mright[33m:[39m[31m[91m0[33m;[39m[31m[91mbottom[33m:[39m[31m[91m0[33m;[39m[31m[91mleft[33m:[39m[31m[91m0[33m;[39m[31m[91mz-index[33m:[39m[31m[91m1[33m;[39m[31m[91mpointer-events[33m:[39m[31m[91mauto[33m;[39m[31m[91mcontent[33m:[39m[31m[91m[32m""[39m[31m[91m[33m;[39m[31m[91mbackground-color[33m:[39m[31m[91m[36mrgba[39m[31m[91m[36m(0,0,0,0)[39m[31m[91m[33m}[39m[31m[91m[33m.m-0[39m[31m[91m[33m{[39m[31m[91mmargin[33m:[39m[31m[91m0 0!important[33m}[39m[31m[91m[33m.mt-0,.my-0[39m[31m[91m[33m{[39m[31m[91mmargin-top[33m:[39m[31m[91m0!important[33m}[39m[31m[91m[33m.mr-0,.mx-0[39m[31m[91m[33m{[39m[31m[91mmargin-right[33m:[39m[31m[91m0!important[33m}[39m[31m[91m[33m.mb-0,.my-0[39m[31m[91m[33m{[39m[31m[91mmargin-bottom[33m:[39m[31m[91m0!important[33m}[39m[31m[91m[33m.ml-0,.mx-0[39m[31m[91m[33m{[39m[31m[91mmargin-left[33m:[39m[31m[91m0!important[33m}[39m[31m[91m[33m.m-1[39m[31m[91m[33m{[39m[31m[91mmargin[33m:[39m[31m[91m0 0!important[33m}[39m[31m[91m[33m.mt-1,.my-1[39m[31m[91m[33m{[39m[31m[91mmargin-top[33m:[39m[31m[91m0!important[33m}[39m[31m[91m[33m.mr-1,.mx-1[39m[31m[91m[33m{[39m[31m[91mmargin-right[33m:[39m[31m[91m0!important[33m}[39m[31m[91m[33m.mb-1,.my-1[39m[31m[91m[33m{[39m[31m[91mmargin-bottom[33m:[39m[31m[91m0!important[33m}[39m[31m[91m[33m.ml-1,.mx-1[39m[31m[91m[33m{[39m[31m[91mmargin-left[33m:[39m[31m[91m0!important[33m}[39m[31m[91m[33m.m-2[39m[31m[91m[33m{[39m[31m[91mmargin[33m:[39m[31m[91m14px 8px!important[33m}[39m[31m[91m[33m.mt-2,.my-2[39m[31m[91m[33m{[39m[31m[91mmargin-top[33m:[39m[31m[91m14px!important[33m}[39m[31m[91m[33m.mr-2,.mx-2[39m[31m[91m[33m{[39m[31m[91mmargin-right[33m:[39m[31m[91m8px!important[33m}[39m[31m[91m[33m.mb-2,.my-2[39m[31m[91m[33m{[39m[31m[91mmargin-bottom[33m:[39m[31m[91m14px!important[33m}[39m[31m[91m[33m.ml-2,.mx-2[39m[31m[91m[33m{[39m[31m[91mmargin-left[33m:[39m[31m[91m8px!important[33m}[39m[31m[91m[33m.m-3[39m[31m[91m[33m{[39m[31m[91mmargin[33m:[39m[31m[91m14px 8px!important[33m}[39m[31m[91m[33m.mt-3,.my-3[39m[31m[91m[33m[39m[22m[1m[31m{[39m[31m[91mmargin-top[33m:[39m[31m[91m14px!important[33m}[39m[31m[91m[33m.mr-3,.mx-3[39m[31m[91m[33m{[39m[31m[91mmargin-right[33m:[39m[31m[91m8px!important[33m}[39m[31m[91m[33m.mb-3,.my-3[39m[31m[91m[33m{[39m[31m[91mmargin-bottom[33m:[39m[31m[91m14px!important[33m}[39m[31m[91m[33m.ml-3,.mx-3[39m[31m[91m[33m{[39m[31m[91mmargin-left[33m:[39m[31m[91m8px!important[33m}[39m[31m[91m[33m.m-4[39m[31m[91m[33m{[39m[31m[91mmargin[33m:[39m[31m[91m28px 16px!important[33m}[39m[31m[91m[33m.mt-4,.my-4[39m[31m[91m[33m{[39m[31m[91mmargin-top[33m:[39m[31m[91m28px!important[33m}[39m[31m[91m[33m.mr-4,.mx-4[39m[31m[91m[33m{[39m[31m[91mmargin-right[33m:[39m[31m[91m16px!important[33m}[39m[31m[91m[33m.mb-4,.my-4[39m[31m[91m[33m{[39m[31m[91mmargin-bottom[33m:[39m[31m[91m28px!important[33m}[39m[31m[91m[33m.ml-4,.mx-4[39m[31m[91m[33m{[39m[31m[91mmargin-left[33m:[39m[31m[91m16px!important[33m}[39m[31m[91m[33m.m-5[39m[31m[91m[33m{[39m[31m[91mmargin[33m:[39m[31m[91m28px 16px!important[33m}[39m[31m[91m[33m.mt-5,.my-5[39m[31m[91m[33m{[39m[31m[91mmargin-top[33m:[39m[31m[91m28px!important[33m}[39m[31m[91m[33m.mr-5,.mx-5[39m[31m[91m[33m{[39m[31m[91mmargin-right[33m:[39m[31m[91m16px!important[33m}[39m[31m[91m[33m.mb-5,.my-5[39m[31m[91m[33m{[39m[31m[91mmargin-bottom[33m:[39m[31m[91m28px!important[33m}[39m[31m[91m[33m.ml-5,.mx-5[39m[31m[91m[33m{[39m[31m[91mmargin-left[33m:[39m[31m[91m16px!important[33m}[39m[31m[91m[33m.m-6[39m[31m[91m[33m{[39m[31m[91mmargin[33m:[39m[31m[91m42px 24px!important[33m}[39m[31m[91m[33m.mt-6,.my-6[39m[31m[91m[33m{[39m[31m[91mmargin-top[33m:[39m[31m[91m42px!important[33m}[39m[31m[91m[33m.mr-6,.mx-6[39m[31m[91m[33m{[39m[31m[91mmargin-right[33m:[39m[31m[91m24px!important[33m}[39m[31m[91m[33m.mb-6,.my-6[39m[31m[91m[33m{[39m[31m[91mmargin-bottom[33m:[39m[31m[91m42px!important[33m}[39m[31m[91m[33m.ml-6,.mx-6[39m[31m[91m[33m{[39m[31m[91mmargin-left[33m:[39m[31m[91m24px!important[33m}[39m[31m[91m[33m.p-0[39m[31m[91m[33m{[39m[31m[91mpadding[33m:[39m[31m[91m0 0!important[33m}[39m[31m[91m[33m.pt-0,.py-0[39m[31m[91m[33m{[39m[31m[91mpadding-top[33m:[39m[31m[91m0!importa[39m[22m[1m[31mnt[33m}[39m[31m[91m[33m.pr-0,.px-0[39m[31m[91m[33m{[39m[31m[91mpadding-right[33m:[39m[31m[91m0!important[33m}[39m[31m[91m[33m.pb-0,.py-0[39m[31m[91m[33m{[39m[31m[91mpadding-bottom[33m:[39m[31m[91m0!important[33m}[39m[31m[91m[33m.pl-0,.px-0[39m[31m[91m[33m{[39m[31m[91mpadding-left[33m:[39m[31m[91m0!important[33m}[39m[31m[91m[33m.p-1[39m[31m[91m[33m{[39m[31m[91mpadding[33m:[39m[31m[91m0 0!important[33m}[39m[31m[91m[33m.pt-1,.py-1[39m[31m[91m[33m{[39m[31m[91mpadding-top[33m:[39m[31m[91m0!important[33m}[39m[31m[91m[33m.pr-1,.px-1[39m[31m[91m[33m{[39m[31m[91mpadding-right[33m:[39m[31m[91m0!important[33m}[39m[31m[91m[33m.pb-1,.py-1[39m[31m[91m[33m{[39m[31m[91mpadding-bottom[33m:[39m[31m[91m0!important[33m}[39m[31m[91m[33m.pl-1,.px-1[39m[31m[91m[33m{[39m[31m[91mpadding-left[33m:[39m[31m[91m0!important[33m}[39m[31m[91m[33m.p-2[39m[31m[91m[33m{[39m[31m[91mpadding[33m:[39m[31m[91m14px 8px!important[33m}[39m[31m[91m[33m.pt-2,.py-2[39m[31m[91m[33m{[39m[31m[91mpadding-top[33m:[39m[31m[91m14px!important[33m}[39m[31m[91m[33m.pr-2,.px-2[39m[31m[91m[33m{[39m[31m[91mpadding-right[33m:[39m[31m[91m8px!important[33m}[39m[31m[91m[33m.pb-2,.py-2[39m[31m[91m[33m{[39m[31m[91mpadding-bottom[33m:[39m[31m[91m14px!important[33m}[39m[31m[91m[33m.pl-2,.px-2[39m[31m[91m[33m{[39m[31m[91mpadding-left[33m:[39m[31m[91m8px!important[33m}[39m[31m[91m[33m.p-3[39m[31m[91m[33m{[39m[31m[91mpadding[33m:[39m[31m[91m14px 8px!important[33m}[39m[31m[91m[33m.pt-3,.py-3[39m[31m[91m[33m{[39m[31m[91mpadding-top[33m:[39m[31m[91m14px!important[33m}[39m[31m[91m[33m.pr-3,.px-3[39m[31m[91m[33m{[39m[31m[91mpadding-right[33m:[39m[31m[91m8px!important[33m}[39m[31m[91m[33m.pb-3,.py-3[39m[31m[91m[33m{[39m[31m[91mpadding-bottom[33m:[39m[31m[91m14px!important[33m}[39m[31m[91m[33m.pl-3,.px-3[39m[31m[91m[33m{[39m[31m[91mpadding-left[33m:[39m[31m[91m8px!important[33m}[39m[31m[91m[33m.p-4[39m[31m[91m[33m{[39m[31m[91mpadding[33m:[39m[31m[91m28px 16px!important[33m}[39m[31m[91m[33m.pt-4,.py-4[39m[31m[91m[33m{[39m[31m[91mpadding-top[33m:[39m[31m[91m28px!important[33m}[39m[31m[91m[33m.pr-4,.px-4[39m[31m[91m[33m{[3[39m[22m[1m[31m9m[91mpadding-right[33m:[39m[31m[91m16px!important[33m}[39m[31m[91m[33m.pb-4,.py-4[39m[31m[91m[33m{[39m[31m[91mpadding-bottom[33m:[39m[31m[91m28px!important[33m}[39m[31m[91m[33m.pl-4,.px-4[39m[31m[91m[33m{[39m[31m[91mpadding-left[33m:[39m[31m[91m16px!important[33m}[39m[31m[91m[33m.p-5[39m[31m[91m[33m{[39m[31m[91mpadding[33m:[39m[31m[91m28px 16px!important[33m}[39m[31m[91m[33m.pt-5,.py-5[39m[31m[91m[33m{[39m[31m[91mpadding-top[33m:[39m[31m[91m28px!important[33m}[39m[31m[91m[33m.pr-5,.px-5[39m[31m[91m[33m{[39m[31m[91mpadding-right[33m:[39m[31m[91m16px!important[33m}[39m[31m[91m[33m.pb-5,.py-5[39m[31m[91m[33m{[39m[31m[91mpadding-bottom[33m:[39m[31m[91m28px!important[33m}[39m[31m[91m[33m.pl-5,.px-5[39m[31m[91m[33m{[39m[31m[91mpadding-left[33m:[39m[31m[91m16px!important[33m}[39m[31m[91m[33m.p-6[39m[31m[91m[33m{[39m[31m[91mpadding[33m:[39m[31m[91m42px 24px!important[33m}[39m[31m[91m[33m.pt-6,.py-6[39m[31m[91m[33m{[39m[31m[91mpadding-top[33m:[39m[31m[91m42px!important[33m}[39m[31m[91m[33m.pr-6,.px-6[39m[31m[91m[33m{[39m[31m[91mpadding-right[33m:[39m[31m[91m24px!important[33m}[39m[31m[91m[33m.pb-6,.py-6[39m[31m[91m[33m{[39m[31m[91mpadding-bottom[33m:[39m[31m[91m42px!important[33m}[39m[31m[91m[33m.pl-6,.px-6[39m[31m[91m[33m{[39m[31m[91mpadding-left[33m:[39m[31m[91m24px!important[33m}[39m[31m[91m[33m.m-n1[39m[31m[91m[33m{[39m[31m[91mmargin[33m:[39m[31m[91m0!important[33m}[39m[31m[91m[33m.mt-n1,.my-n1[39m[31m[91m[33m{[39m[31m[91mmargin-top[33m:[39m[31m[91m0!important[33m}[39m[31m[91m[33m.mr-n1,.mx-n1[39m[31m[91m[33m{[39m[31m[91mmargin-right[33m:[39m[31m[91m0!important[33m}[39m[31m[91m[33m.mb-n1,.my-n1[39m[31m[91m[33m{[39m[31m[91mmargin-bottom[33m:[39m[31m[91m0!important[33m}[39m[31m[91m[33m.ml-n1,.mx-n1[39m[31m[91m[33m{[39m[31m[91mmargin-left[33m:[39m[31m[91m0!important[33m}[39m[31m[91m[33m.m-n2[39m[31m[91m[33m{[39m[31m[91mmargin[33m:[39m[31m[91m-22px!important[33m}[39m[31m[91m[33m.mt-n2,.my-n2[39m[31m[91m[33m{[39m[31m[91mmargin-top[33m:[39m[31m[91m-14px!important[33m}[39m[31m[91m[33m.mr-n2,.mx-n2[39m[31m[91m[33m{[39m[31m[91mmargin-right[33m:[39m[31m[91m-[39m[22m[1m[31m8px!important[33m}[39m[31m[91m[33m.mb-n2,.my-n2[39m[31m[91m[33m{[39m[31m[91mmargin-bottom[33m:[39m[31m[91m-14px!important[33m}[39m[31m[91m[33m.ml-n2,.mx-n2[39m[31m[91m[33m{[39m[31m[91mmargin-left[33m:[39m[31m[91m-8px!important[33m}[39m[31m[91m[33m.m-n3[39m[31m[91m[33m{[39m[31m[91mmargin[33m:[39m[31m[91m-22px!important[33m}[39m[31m[91m[33m.mt-n3,.my-n3[39m[31m[91m[33m{[39m[31m[91mmargin-top[33m:[39m[31m[91m-14px!important[33m}[39m[31m[91m[33m.mr-n3,.mx-n3[39m[31m[91m[33m{[39m[31m[91mmargin-right[33m:[39m[31m[91m-8px!important[33m}[39m[31m[91m[33m.mb-n3,.my-n3[39m[31m[91m[33m{[39m[31m[91mmargin-bottom[33m:[39m[31m[91m-14px!important[33m}[39m[31m[91m[33m.ml-n3,.mx-n3[39m[31m[91m[33m{[39m[31m[91mmargin-left[33m:[39m[31m[91m-8px!important[33m}[39m[31m[91m[33m.m-n4[39m[31m[91m[33m{[39m[31m[91mmargin[33m:[39m[31m[91m-44px!important[33m}[39m[31m[91m[33m.mt-n4,.my-n4[39m[31m[91m[33m{[39m[31m[91mmargin-top[33m:[39m[31m[91m-28px!important[33m}[39m[31m[91m[33m.mr-n4,.mx-n4[39m[31m[91m[33m{[39m[31m[91mmargin-right[33m:[39m[31m[91m-16px!important[33m}[39m[31m[91m[33m.mb-n4,.my-n4[39m[31m[91m[33m{[39m[31m[91mmargin-bottom[33m:[39m[31m[91m-28px!important[33m}[39m[31m[91m[33m.ml-n4,.mx-n4[39m[31m[91m[33m{[39m[31m[91mmargin-left[33m:[39m[31m[91m-16px!important[33m}[39m[31m[91m[33m.m-n5[39m[31m[91m[33m{[39m[31m[91mmargin[33m:[39m[31m[91m-44px!important[33m}[39m[31m[91m[33m.mt-n5,.my-n5[39m[31m[91m[33m{[39m[31m[91mmargin-top[33m:[39m[31m[91m-28px!important[33m}[39m[31m[91m[33m.mr-n5,.mx-n5[39m[31m[91m[33m{[39m[31m[91mmargin-right[33m:[39m[31m[91m-16px!important[33m}[39m[31m[91m[33m.mb-n5,.my-n5[39m[31m[91m[33m{[39m[31m[91mmargin-bottom[33m:[39m[31m[91m-28px!important[33m}[39m[31m[91m[33m.ml-n5,.mx-n5[39m[31m[91m[33m{[39m[31m[91mmargin-left[33m:[39m[31m[91m-16px!important[33m}[39m[31m[91m[33m.m-n6[39m[31m[91m[33m{[39m[31m[91mmargin[33m:[39m[31m[91m-66px!important[33m}[39m[31m[91m[33m.mt-n6,.my-n6[39m[31m[91m[33m{[39m[31m[91mmargin-top[33m:[39m[31m[91m-42px!important[33m}[39m[31m[91m[33m.mr-n6,.mx-n6[39m[31m[91m[33m{[39m[31m[91mmargin-right[33m:[39m[31m[91m-24px!imp[39m[22m[1m[31mortant[33m}[39m[31m[91m[33m.mb-n6,.my-n6[39m[31m[91m[33m{[39m[31m[91mmargin-bottom[33m:[39m[31m[91m-42px!important[33m}[39m[31m[91m[33m.ml-n6,.mx-n6[39m[31m[91m[33m{[39m[31m[91mmargin-left[33m:[39m[31m[91m-24px!important[33m}[39m[31m[91m[33m.m-auto[39m[31m[91m[33m{[39m[31m[91mmargin[33m:[39m[31m[91mauto!important[33m}[39m[31m[91m[33m.mt-auto,.my-auto[39m[31m[91m[33m{[39m[31m[91mmargin-top[33m:[39m[31m[91mauto!important[33m}[39m[31m[91m[33m.mr-auto,.mx-auto[39m[31m[91m[33m{[39m[31m[91mmargin-right[33m:[39m[31m[91mauto!important[33m}[39m[31m[91m[33m.mb-auto,.my-auto[39m[31m[91m[33m{[39m[31m[91mmargin-bottom[33m:[39m[31m[91mauto!important[33m}[39m[31m[91m[33m.ml-auto,.mx-auto[39m[31m[91m[33m{[39m[31m[91mmargin-left[33m:[39m[31m[91mauto!important[33m}[39m[31m[91m[36m@media[39m[31m[91m[36m [39m[31m[91m[36m(min-width:576px)[39m[31m[91m[33m{[39m[31m[91m[33m.m-sm-0[39m[31m[91m[33m{[39m[31m[91mmargin[33m:[39m[31m[91m0 0!important[33m}[39m[31m[91m[33m.mt-sm-0,.my-sm-0[39m[31m[91m[33m{[39m[31m[91mmargin-top[33m:[39m[31m[91m0!important[33m}[39m[31m[91m[33m.mr-sm-0,.mx-sm-0[39m[31m[91m[33m{[39m[31m[91mmargin-right[33m:[39m[31m[91m0!important[33m}[39m[31m[91m[33m.mb-sm-0,.my-sm-0[39m[31m[91m[33m{[39m[31m[91mmargin-bottom[33m:[39m[31m[91m0!important[33m}[39m[31m[91m[33m.ml-sm-0,.mx-sm-0[39m[31m[91m[33m{[39m[31m[91mmargin-left[33m:[39m[31m[91m0!important[33m}[39m[31m[91m[33m.m-sm-1[39m[31m[91m[33m{[39m[31m[91mmargin[33m:[39m[31m[91m0 0!important[33m}[39m[31m[91m[33m.mt-sm-1,.my-sm-1[39m[31m[91m[33m{[39m[31m[91mmargin-top[33m:[39m[31m[91m0!important[33m}[39m[31m[91m[33m.mr-sm-1,.mx-sm-1[39m[31m[91m[33m{[39m[31m[91mmargin-right[33m:[39m[31m[91m0!important[33m}[39m[31m[91m[33m.mb-sm-1,.my-sm-1[39m[31m[91m[33m{[39m[31m[91mmargin-bottom[33m:[39m[31m[91m0!important[33m}[39m[31m[91m[33m.ml-sm-1,.mx-sm-1[39m[31m[91m[33m{[39m[31m[91mmargin-left[33m:[39m[31m[91m0!important[33m}[39m[31m[91m[33m.m-sm-2[39m[31m[91m[33m{[39m[31m[91mmargin[33m:[39m[31m[91m14px 8px!important[33m}[39m[31m[91m[33m.mt-sm-2,.my-sm-2[39m[31m[91m[33m{[39m[31m[91mmargin-top[33m:[39m[31m[91m14px!impo[39m[22m[1m[31mrtant[33m}[39m[31m[91m[33m.mr-sm-2,.mx-sm-2[39m[31m[91m[33m{[39m[31m[91mmargin-right[33m:[39m[31m[91m8px!important[33m}[39m[31m[91m[33m.mb-sm-2,.my-sm-2[39m[31m[91m[33m{[39m[31m[91mmargin-bottom[33m:[39m[31m[91m14px!important[33m}[39m[31m[91m[33m.ml-sm-2,.mx-sm-2[39m[31m[91m[33m{[39m[31m[91mmargin-left[33m:[39m[31m[91m8px!important[33m}[39m[31m[91m[33m.m-sm-3[39m[31m[91m[33m{[39m[31m[91mmargin[33m:[39m[31m[91m14px 8px!important[33m}[39m[31m[91m[33m.mt-sm-3,.my-sm-3[39m[31m[91m[33m{[39m[31m[91mmargin-top[33m:[39m[31m[91m14px!important[33m}[39m[31m[91m[33m.mr-sm-3,.mx-sm-3[39m[31m[91m[33m{[39m[31m[91mmargin-right[33m:[39m[31m[91m8px!important[33m}[39m[31m[91m[33m.mb-sm-3,.my-sm-3[39m[31m[91m[33m{[39m[31m[91mmargin-bottom[33m:[39m[31m[91m14px!important[33m}[39m[31m[91m[33m.ml-sm-3,.mx-sm-3[39m[31m[91m[33m{[39m[31m[91mmargin-left[33m:[39m[31m[91m8px!important[33m}[39m[31m[91m[33m.m-sm-4[39m[31m[91m[33m{[39m[31m[91mmargin[33m:[39m[31m[91m28px 16px!important[33m}[39m[31m[91m[33m.mt-sm-4,.my-sm-4[39m[31m[91m[33m{[39m[31m[91mmargin-top[33m:[39m[31m[91m28px!important[33m}[39m[31m[91m[33m.mr-sm-4,.mx-sm-4[39m[31m[91m[33m{[39m[31m[91mmargin-right[33m:[39m[31m[91m16px!important[33m}[39m[31m[91m[33m.mb-sm-4,.my-sm-4[39m[31m[91m[33m{[39m[31m[91mmargin-bottom[33m:[39m[31m[91m28px!important[33m}[39m[31m[91m[33m.ml-sm-4,.mx-sm-4[39m[31m[91m[33m{[39m[31m[91mmargin-left[33m:[39m[31m[91m16px!important[33m}[39m[31m[91m[33m.m-sm-5[39m[31m[91m[33m{[39m[31m[91mmargin[33m:[39m[31m[91m28px 16px!important[33m}[39m[31m[91m[33m.mt-sm-5,.my-sm-5[39m[31m[91m[33m{[39m[31m[91mmargin-top[33m:[39m[31m[91m28px!important[33m}[39m[31m[91m[33m.mr-sm-5,.mx-sm-5[39m[31m[91m[33m{[39m[31m[91mmargin-right[33m:[39m[31m[91m16px!important[33m}[39m[31m[91m[33m.mb-sm-5,.my-sm-5[39m[31m[91m[33m{[39m[31m[91mmargin-bottom[33m:[39m[31m[91m28px!important[33m}[39m[31m[91m[33m.ml-sm-5,.mx-sm-5[39m[31m[91m[33m{[39m[31m[91mmargin-left[33m:[39m[31m[91m16px!important[33m}[39m[31m[91m[33m.m-sm-6[39m[31m[91m[33m{[39m[31m[91mmargin[33m:[39m[31m[91m42px 24px!important[33m}[39m[31m[91m[33m.mt-sm-6,.my-sm[39m[22m[1m[31m-6[39m[31m[91m[33m{[39m[31m[91mmargin-top[33m:[39m[31m[91m42px!important[33m}[39m[31m[91m[33m.mr-sm-6,.mx-sm-6[39m[31m[91m[33m{[39m[31m[91mmargin-right[33m:[39m[31m[91m24px!important[33m}[39m[31m[91m[33m.mb-sm-6,.my-sm-6[39m[31m[91m[33m{[39m[31m[91mmargin-bottom[33m:[39m[31m[91m42px!important[33m}[39m[31m[91m[33m.ml-sm-6,.mx-sm-6[39m[31m[91m[33m{[39m[31m[91mmargin-left[33m:[39m[31m[91m24px!important[33m}[39m[31m[91m[33m.p-sm-0[39m[31m[91m[33m{[39m[31m[91mpadding[33m:[39m[31m[91m0 0!important[33m}[39m[31m[91m[33m.pt-sm-0,.py-sm-0[39m[31m[91m[33m{[39m[31m[91mpadding-top[33m:[39m[31m[91m0!important[33m}[39m[31m[91m[33m.pr-sm-0,.px-sm-0[39m[31m[91m[33m{[39m[31m[91mpadding-right[33m:[39m[31m[91m0!important[33m}[39m[31m[91m[33m.pb-sm-0,.py-sm-0[39m[31m[91m[33m{[39m[31m[91mpadding-bottom[33m:[39m[31m[91m0!important[33m}[39m[31m[91m[33m.pl-sm-0,.px-sm-0[39m[31m[91m[33m{[39m[31m[91mpadding-left[33m:[39m[31m[91m0!important[33m}[39m[31m[91m[33m.p-sm-1[39m[31m[91m[33m{[39m[31m[91mpadding[33m:[39m[31m[91m0 0!important[33m}[39m[31m[91m[33m.pt-sm-1,.py-sm-1[39m[31m[91m[33m{[39m[31m[91mpadding-top[33m:[39m[31m[91m0!important[33m}[39m[31m[91m[33m.pr-sm-1,.px-sm-1[39m[31m[91m[33m{[39m[31m[91mpadding-right[33m:[39m[31m[91m0!important[33m}[39m[31m[91m[33m.pb-sm-1,.py-sm-1[39m[31m[91m[33m{[39m[31m[91mpadding-bottom[33m:[39m[31m[91m0!important[33m}[39m[31m[91m[33m.pl-sm-1,.px-sm-1[39m[31m[91m[33m{[39m[31m[91mpadding-left[33m:[39m[31m[91m0!important[33m}[39m[31m[91m[33m.p-sm-2[39m[31m[91m[33m{[39m[31m[91mpadding[33m:[39m[31m[91m14px 8px!important[33m}[39m[31m[91m[33m.pt-sm-2,.py-sm-2[39m[31m[91m[33m{[39m[31m[91mpadding-top[33m:[39m[31m[91m14px!important[33m}[39m[31m[91m[33m.pr-sm-2,.px-sm-2[39m[31m[91m[33m{[39m[31m[91mpadding-right[33m:[39m[31m[91m8px!important[33m}[39m[31m[91m[33m.pb-sm-2,.py-sm-2[39m[31m[91m[33m{[39m[31m[91mpadding-bottom[33m:[39m[31m[91m14px!important[33m}[39m[31m[91m[33m.pl-sm-2,.px-sm-2[39m[31m[91m[33m{[39m[31m[91mpadding-left[33m:[39m[31m[91m8px!important[33m}[39m[31m[91m[33m.p-sm-3[39m[31m[91m[33m{[39m[31m[91mpadding[33m:[39m[31m[91m14px 8px!i[39m[22m[1m[31mmportant[33m}[39m[31m[91m[33m.pt-sm-3,.py-sm-3[39m[31m[91m[33m{[39m[31m[91mpadding-top[33m:[39m[31m[91m14px!important[33m}[39m[31m[91m[33m.pr-sm-3,.px-sm-3[39m[31m[91m[33m{[39m[31m[91mpadding-right[33m:[39m[31m[91m8px!important[33m}[39m[31m[91m[33m.pb-sm-3,.py-sm-3[39m[31m[91m[33m{[39m[31m[91mpadding-bottom[33m:[39m[31m[91m14px!important[33m}[39m[31m[91m[33m.pl-sm-3,.px-sm-3[39m[31m[91m[33m{[39m[31m[91mpadding-left[33m:[39m[31m[91m8px!important[33m}[39m[31m[91m[33m.p-sm-4[39m[31m[91m[33m{[39m[31m[91mpadding[33m:[39m[31m[91m28px 16px!important[33m}[39m[31m[91m[33m.pt-sm-4,.py-sm-4[39m[31m[91m[33m{[39m[31m[91mpadding-top[33m:[39m[31m[91m28px!important[33m}[39m[31m[91m[33m.pr-sm-4,.px-sm-4[39m[31m[91m[33m{[39m[31m[91mpadding-right[33m:[39m[31m[91m16px!important[33m}[39m[31m[91m[33m.pb-sm-4,.py-sm-4[39m[31m[91m[33m{[39m[31m[91mpadding-bottom[33m:[39m[31m[91m28px!important[33m}[39m[31m[91m[33m.pl-sm-4,.px-sm-4[39m[31m[91m[33m{[39m[31m[91mpadding-left[33m:[39m[31m[91m16px!important[33m}[39m[31m[91m[33m.p-sm-5[39m[31m[91m[33m{[39m[31m[91mpadding[33m:[39m[31m[91m28px 16px!important[33m}[39m[31m[91m[33m.pt-sm-5,.py-sm-5[39m[31m[91m[33m{[39m[31m[91mpadding-top[33m:[39m[31m[91m28px!important[33m}[39m[31m[91m[33m.pr-sm-5,.px-sm-5[39m[31m[91m[33m{[39m[31m[91mpadding-right[33m:[39m[31m[91m16px!important[33m}[39m[31m[91m[33m.pb-sm-5,.py-sm-5[39m[31m[91m[33m{[39m[31m[91mpadding-bottom[33m:[39m[31m[91m28px!important[33m}[39m[31m[91m[33m.pl-sm-5,.px-sm-5[39m[31m[91m[33m{[39m[31m[91mpadding-left[33m:[39m[31m[91m16px!important[33m}[39m[31m[91m[33m.p-sm-6[39m[31m[91m[33m{[39m[31m[91mpadding[33m:[39m[31m[91m42px 24px!important[33m}[39m[31m[91m[33m.pt-sm-6,.py-sm-6[39m[31m[91m[33m{[39m[31m[91mpadding-top[33m:[39m[31m[91m42px!important[33m}[39m[31m[91m[33m.pr-sm-6,.px-sm-6[39m[31m[91m[33m{[39m[31m[91mpadding-right[33m:[39m[31m[91m24px!important[33m}[39m[31m[91m[33m.pb-sm-6,.py-sm-6[39m[31m[91m[33m{[39m[31m[91mpadding-bottom[33m:[39m[31m[91m42px!important[33m}[39m[31m[91m[33m.pl-sm-6,.px-sm-6[39m[31m[91m[33m{[39m[31m[91mpadding-left[33m:[39m[31m[91m24px!important[[39m[22m[1m[31m33m}[39m[31m[91m[33m.m-sm-n1[39m[31m[91m[33m{[39m[31m[91mmargin[33m:[39m[31m[91m0!important[33m}[39m[31m[91m[33m.mt-sm-n1,.my-sm-n1[39m[31m[91m[33m{[39m[31m[91mmargin-top[33m:[39m[31m[91m0!important[33m}[39m[31m[91m[33m.mr-sm-n1,.mx-sm-n1[39m[31m[91m[33m{[39m[31m[91mmargin-right[33m:[39m[31m[91m0!important[33m}[39m[31m[91m[33m.mb-sm-n1,.my-sm-n1[39m[31m[91m[33m{[39m[31m[91mmargin-bottom[33m:[39m[31m[91m0!important[33m}[39m[31m[91m[33m.ml-sm-n1,.mx-sm-n1[39m[31m[91m[33m{[39m[31m[91mmargin-left[33m:[39m[31m[91m0!important[33m}[39m[31m[91m[33m.m-sm-n2[39m[31m[91m[33m{[39m[31m[91mmargin[33m:[39m[31m[91m-22px!important[33m}[39m[31m[91m[33m.mt-sm-n2,.my-sm-n2[39m[31m[91m[33m{[39m[31m[91mmargin-top[33m:[39m[31m[91m-14px!important[33m}[39m[31m[91m[33m.mr-sm-n2,.mx-sm-n2[39m[31m[91m[33m{[39m[31m[91mmargin-right[33m:[39m[31m[91m-8px!important[33m}[39m[31m[91m[33m.mb-sm-n2,.my-sm-n2[39m[31m[91m[33m{[39m[31m[91mmargin-bottom[33m:[39m[31m[91m-14px!important[33m}[39m[31m[91m[33m.ml-sm-n2,.mx-sm-n2[39m[31m[91m[33m{[39m[31m[91mmargin-left[33m:[39m[31m[91m-8px!important[33m}[39m[31m[91m[33m.m-sm-n3[39m[31m[91m[33m{[39m[31m[91mmargin[33m:[39m[31m[91m-22px!important[33m}[39m[31m[91m[33m.mt-sm-n3,.my-sm-n3[39m[31m[91m[33m{[39m[31m[91mmargin-top[33m:[39m[31m[91m-14px!important[33m}[39m[31m[91m[33m.mr-sm-n3,.mx-sm-n3[39m[31m[91m[33m{[39m[31m[91mmargin-right[33m:[39m[31m[91m-8px!important[33m}[39m[31m[91m[33m.mb-sm-n3,.my-sm-n3[39m[31m[91m[33m{[39m[31m[91mmargin-bottom[33m:[39m[31m[91m-14px!important[33m}[39m[31m[91m[33m.ml-sm-n3,.mx-sm-n3[39m[31m[91m[33m{[39m[31m[91mmargin-left[33m:[39m[31m[91m-8px!important[33m}[39m[31m[91m[33m.m-sm-n4[39m[31m[91m[33m{[39m[31m[91mmargin[33m:[39m[31m[91m-44px!important[33m}[39m[31m[91m[33m.mt-sm-n4,.my-sm-n4[39m[31m[91m[33m{[39m[31m[91mmargin-top[33m:[39m[31m[91m-28px!important[33m}[39m[31m[91m[33m.mr-sm-n4,.mx-sm-n4[39m[31m[91m[33m{[39m[31m[91mmargin-right[33m:[39m[31m[91m-16px!important[33m}[39m[31m[91m[33m.mb-sm-n4,.my-sm-n4[39m[31m[91m[33m{[39m[31m[91mmargin-bottom[33m:[39m[31m[91m-28px!important[33m}[39m[31m[91m[33m.ml-sm-n4[39m[22m[1m[31m,.mx-sm-n4[39m[31m[91m[33m{[39m[31m[91mmargin-left[33m:[39m[31m[91m-16px!important[33m}[39m[31m[91m[33m.m-sm-n5[39m[31m[91m[33m{[39m[31m[91mmargin[33m:[39m[31m[91m-44px!important[33m}[39m[31m[91m[33m.mt-sm-n5,.my-sm-n5[39m[31m[91m[33m{[39m[31m[91mmargin-top[33m:[39m[31m[91m-28px!important[33m}[39m[31m[91m[33m.mr-sm-n5,.mx-sm-n5[39m[31m[91m[33m{[39m[31m[91mmargin-right[33m:[39m[31m[91m-16px!important[33m}[39m[31m[91m[33m.mb-sm-n5,.my-sm-n5[39m[31m[91m[33m{[39m[31m[91mmargin-bottom[33m:[39m[31m[91m-28px!important[33m}[39m[31m[91m[33m.ml-sm-n5,.mx-sm-n5[39m[31m[91m[33m{[39m[31m[91mmargin-left[33m:[39m[31m[91m-16px!important[33m}[39m[31m[91m[33m.m-sm-n6[39m[31m[91m[33m{[39m[31m[91mmargin[33m:[39m[31m[91m-66px!important[33m}[39m[31m[91m[33m.mt-sm-n6,.my-sm-n6[39m[31m[91m[33m{[39m[31m[91mmargin-top[33m:[39m[31m[91m-42px!important[33m}[39m[31m[91m[33m.mr-sm-n6,.mx-sm-n6[39m[31m[91m[33m{[39m[31m[91mmargin-right[33m:[39m[31m[91m-24px!important[33m}[39m[31m[91m[33m.mb-sm-n6,.my-sm-n6[39m[31m[91m[33m{[39m[31m[91mmargin-bottom[33m:[39m[31m[91m-42px!important[33m}[39m[31m[91m[33m.ml-sm-n6,.mx-sm-n6[39m[31m[91m[33m{[39m[31m[91mmargin-left[33m:[39m[31m[91m-24px!important[33m}[39m[31m[91m[33m.m-sm-auto[39m[31m[91m[33m{[39m[31m[91mmargin[33m:[39m[31m[91mauto!important[33m}[39m[31m[91m[33m.mt-sm-auto,.my-sm-auto[39m[31m[91m[33m{[39m[31m[91mmargin-top[33m:[39m[31m[91mauto!important[33m}[39m[31m[91m[33m.mr-sm-auto,.mx-sm-auto[39m[31m[91m[33m{[39m[31m[91mmargin-right[33m:[39m[31m[91mauto!important[33m}[39m[31m[91m[33m.mb-sm-auto,.my-sm-auto[39m[31m[91m[33m{[39m[31m[91mmargin-bottom[33m:[39m[31m[91mauto!important[33m}[39m[31m[91m[33m.ml-sm-auto,.mx-sm-auto[39m[31m[91m[33m{[39m[31m[91mmargin-left[33m:[39m[31m[91mauto!important[33m}[39m[31m[91m[33m}[39m[31m[91m[36m@media[39m[31m[91m[36m [39m[31m[91m[36m(min-width:768px)[39m[31m[91m[33m{[39m[31m[91m[33m.m-md-0[39m[31m[91m[33m{[39m[31m[91mmargin[33m:[39m[31m[91m0 0!important[33m}[39m[31m[91m[33m.mt-md-0,.my-md-0[39m[31m[91m[33m{[39m[31m[91mmargin-top[33m:[39m[31m[91m0!important[33m}[39m[31m[91m[33m.mr-md-0,.mx-md-0[[39m[22m[1m[31m39m[91m[33m{[39m[31m[91mmargin-right[33m:[39m[31m[91m0!important[33m}[39m[31m[91m[33m.mb-md-0,.my-md-0[39m[31m[91m[33m{[39m[31m[91mmargin-bottom[33m:[39m[31m[91m0!important[33m}[39m[31m[91m[33m.ml-md-0,.mx-md-0[39m[31m[91m[33m{[39m[31m[91mmargin-left[33m:[39m[31m[91m0!important[33m}[39m[31m[91m[33m.m-md-1[39m[31m[91m[33m{[39m[31m[91mmargin[33m:[39m[31m[91m0 0!important[33m}[39m[31m[91m[33m.mt-md-1,.my-md-1[39m[31m[91m[33m{[39m[31m[91mmargin-top[33m:[39m[31m[91m0!important[33m}[39m[31m[91m[33m.mr-md-1,.mx-md-1[39m[31m[91m[33m{[39m[31m[91mmargin-right[33m:[39m[31m[91m0!important[33m}[39m[31m[91m[33m.mb-md-1,.my-md-1[39m[31m[91m[33m{[39m[31m[91mmargin-bottom[33m:[39m[31m[91m0!important[33m}[39m[31m[91m[33m.ml-md-1,.mx-md-1[39m[31m[91m[33m{[39m[31m[91mmargin-left[33m:[39m[31m[91m0!important[33m}[39m[31m[91m[33m.m-md-2[39m[31m[91m[33m{[39m[31m[91mmargin[33m:[39m[31m[91m14px 8px!important[33m}[39m[31m[91m[33m.mt-md-2,.my-md-2[39m[31m[91m[33m{[39m[31m[91mmargin-top[33m:[39m[31m[91m14px!important[33m}[39m[31m[91m[33m.mr-md-2,.mx-md-2[39m[31m[91m[33m{[39m[31m[91mmargin-right[33m:[39m[31m[91m8px!important[33m}[39m[31m[91m[33m.mb-md-2,.my-md-2[39m[31m[91m[33m{[39m[31m[91mmargin-bottom[33m:[39m[31m[91m14px!important[33m}[39m[31m[91m[33m.ml-md-2,.mx-md-2[39m[31m[91m[33m{[39m[31m[91mmargin-left[33m:[39m[31m[91m8px!important[33m}[39m[31m[91m[33m.m-md-3[39m[31m[91m[33m{[39m[31m[91mmargin[33m:[39m[31m[91m14px 8px!important[33m}[39m[31m[91m[33m.mt-md-3,.my-md-3[39m[31m[91m[33m{[39m[31m[91mmargin-top[33m:[39m[31m[91m14px!important[33m}[39m[31m[91m[33m.mr-md-3,.mx-md-3[39m[31m[91m[33m{[39m[31m[91mmargin-right[33m:[39m[31m[91m8px!important[33m}[39m[31m[91m[33m.mb-md-3,.my-md-3[39m[31m[91m[33m{[39m[31m[91mmargin-bottom[33m:[39m[31m[91m14px!important[33m}[39m[31m[91m[33m.ml-md-3,.mx-md-3[39m[31m[91m[33m{[39m[31m[91mmargin-left[33m:[39m[31m[91m8px!important[33m}[39m[31m[91m[33m.m-md-4[39m[31m[91m[33m{[39m[31m[91mmargin[33m:[39m[31m[91m28px 16px!important[33m}[39m[31m[91m[33m.mt-md-4,.my-md-4[39m[31m[91m[33m{[39m[31m[91mmargin-top[33m:[39m[31m[91m28px!important[33m[39m[22m[1m[31m}[39m[31m[91m[33m.mr-md-4,.mx-md-4[39m[31m[91m[33m{[39m[31m[91mmargin-right[33m:[39m[31m[91m16px!important[33m}[39m[31m[91m[33m.mb-md-4,.my-md-4[39m[31m[91m[33m{[39m[31m[91mmargin-bottom[33m:[39m[31m[91m28px!important[33m}[39m[31m[91m[33m.ml-md-4,.mx-md-4[39m[31m[91m[33m{[39m[31m[91mmargin-left[33m:[39m[31m[91m16px!important[33m}[39m[31m[91m[33m.m-md-5[39m[31m[91m[33m{[39m[31m[91mmargin[33m:[39m[31m[91m28px 16px!important[33m}[39m[31m[91m[33m.mt-md-5,.my-md-5[39m[31m[91m[33m{[39m[31m[91mmargin-top[33m:[39m[31m[91m28px!important[33m}[39m[31m[91m[33m.mr-md-5,.mx-md-5[39m[31m[91m[33m{[39m[31m[91mmargin-right[33m:[39m[31m[91m16px!important[33m}[39m[31m[91m[33m.mb-md-5,.my-md-5[39m[31m[91m[33m{[39m[31m[91mmargin-bottom[33m:[39m[31m[91m28px!important[33m}[39m[31m[91m[33m.ml-md-5,.mx-md-5[39m[31m[91m[33m{[39m[31m[91mmargin-left[33m:[39m[31m[91m16px!important[33m}[39m[31m[91m[33m.m-md-6[39m[31m[91m[33m{[39m[31m[91mmargin[33m:[39m[31m[91m42px 24px!important[33m}[39m[31m[91m[33m.mt-md-6,.my-md-6[39m[31m[91m[33m{[39m[31m[91mmargin-top[33m:[39m[31m[91m42px!important[33m}[39m[31m[91m[33m.mr-md-6,.mx-md-6[39m[31m[91m[33m{[39m[31m[91mmargin-right[33m:[39m[31m[91m24px!important[33m}[39m[31m[91m[33m.mb-md-6,.my-md-6[39m[31m[91m[33m{[39m[31m[91mmargin-bottom[33m:[39m[31m[91m42px!important[33m}[39m[31m[91m[33m.ml-md-6,.mx-md-6[39m[31m[91m[33m{[39m[31m[91mmargin-left[33m:[39m[31m[91m24px!important[33m}[39m[31m[91m[33m.p-md-0[39m[31m[91m[33m{[39m[31m[91mpadding[33m:[39m[31m[91m0 0!important[33m}[39m[31m[91m[33m.pt-md-0,.py-md-0[39m[31m[91m[33m{[39m[31m[91mpadding-top[33m:[39m[31m[91m0!important[33m}[39m[31m[91m[33m.pr-md-0,.px-md-0[39m[31m[91m[33m{[39m[31m[91mpadding-right[33m:[39m[31m[91m0!important[33m}[39m[31m[91m[33m.pb-md-0,.py-md-0[39m[31m[91m[33m{[39m[31m[91mpadding-bottom[33m:[39m[31m[91m0!important[33m}[39m[31m[91m[33m.pl-md-0,.px-md-0[39m[31m[91m[33m{[39m[31m[91mpadding-left[33m:[39m[31m[91m0!important[33m}[39m[31m[91m[33m.p-md-1[39m[31m[91m[33m{[39m[31m[91mpadding[33m:[39m[31m[91m0 0!important[33m}[39m[31m[91m[33m.pt-md-1,.py-md-1[39m[31m[91m[33m{[39m[31m[39m[22m[1m[31m[91mpadding-top[33m:[39m[31m[91m0!important[33m}[39m[31m[91m[33m.pr-md-1,.px-md-1[39m[31m[91m[33m{[39m[31m[91mpadding-right[33m:[39m[31m[91m0!important[33m}[39m[31m[91m[33m.pb-md-1,.py-md-1[39m[31m[91m[33m{[39m[31m[91mpadding-bottom[33m:[39m[31m[91m0!important[33m}[39m[31m[91m[33m.pl-md-1,.px-md-1[39m[31m[91m[33m{[39m[31m[91mpadding-left[33m:[39m[31m[91m0!important[33m}[39m[31m[91m[33m.p-md-2[39m[31m[91m[33m{[39m[31m[91mpadding[33m:[39m[31m[91m14px 8px!important[33m}[39m[31m[91m[33m.pt-md-2,.py-md-2[39m[31m[91m[33m{[39m[31m[91mpadding-top[33m:[39m[31m[91m14px!important[33m}[39m[31m[91m[33m.pr-md-2,.px-md-2[39m[31m[91m[33m{[39m[31m[91mpadding-right[33m:[39m[31m[91m8px!important[33m}[39m[31m[91m[33m.pb-md-2,.py-md-2[39m[31m[91m[33m{[39m[31m[91mpadding-bottom[33m:[39m[31m[91m14px!important[33m}[39m[31m[91m[33m.pl-md-2,.px-md-2[39m[31m[91m[33m{[39m[31m[91mpadding-left[33m:[39m[31m[91m8px!important[33m}[39m[31m[91m[33m.p-md-3[39m[31m[91m[33m{[39m[31m[91mpadding[33m:[39m[31m[91m14px 8px!important[33m}[39m[31m[91m[33m.pt-md-3,.py-md-3[39m[31m[91m[33m{[39m[31m[91mpadding-top[33m:[39m[31m[91m14px!important[33m}[39m[31m[91m[33m.pr-md-3,.px-md-3[39m[31m[91m[33m{[39m[31m[91mpadding-right[33m:[39m[31m[91m8px!important[33m}[39m[31m[91m[33m.pb-md-3,.py-md-3[39m[31m[91m[33m{[39m[31m[91mpadding-bottom[33m:[39m[31m[91m14px!important[33m}[39m[31m[91m[33m.pl-md-3,.px-md-3[39m[31m[91m[33m{[39m[31m[91mpadding-left[33m:[39m[31m[91m8px!important[33m}[39m[31m[91m[33m.p-md-4[39m[31m[91m[33m{[39m[31m[91mpadding[33m:[39m[31m[91m28px 16px!important[33m}[39m[31m[91m[33m.pt-md-4,.py-md-4[39m[31m[91m[33m{[39m[31m[91mpadding-top[33m:[39m[31m[91m28px!important[33m}[39m[31m[91m[33m.pr-md-4,.px-md-4[39m[31m[91m[33m{[39m[31m[91mpadding-right[33m:[39m[31m[91m16px!important[33m}[39m[31m[91m[33m.pb-md-4,.py-md-4[39m[31m[91m[33m{[39m[31m[91mpadding-bottom[33m:[39m[31m[91m28px!important[33m}[39m[31m[91m[33m.pl-md-4,.px-md-4[39m[31m[91m[33m{[39m[31m[91mpadding-left[33m:[39m[31m[91m16px!important[33m}[39m[31m[91m[33m.p-md-5[39m[31m[91m[33m{[39m[31m[91mpadding[33m:[39m[31m[91m28px 16p[39m[22m[1m[31mx!important[33m}[39m[31m[91m[33m.pt-md-5,.py-md-5[39m[31m[91m[33m{[39m[31m[91mpadding-top[33m:[39m[31m[91m28px!important[33m}[39m[31m[91m[33m.pr-md-5,.px-md-5[39m[31m[91m[33m{[39m[31m[91mpadding-right[33m:[39m[31m[91m16px!important[33m}[39m[31m[91m[33m.pb-md-5,.py-md-5[39m[31m[91m[33m{[39m[31m[91mpadding-bottom[33m:[39m[31m[91m28px!important[33m}[39m[31m[91m[33m.pl-md-5,.px-md-5[39m[31m[91m[33m{[39m[31m[91mpadding-left[33m:[39m[31m[91m16px!important[33m}[39m[31m[91m[33m.p-md-6[39m[31m[91m[33m{[39m[31m[91mpadding[33m:[39m[31m[91m42px 24px!important[33m}[39m[31m[91m[33m.pt-md-6,.py-md-6[39m[31m[91m[33m{[39m[31m[91mpadding-top[33m:[39m[31m[91m42px!important[33m}[39m[31m[91m[33m.pr-md-6,.px-md-6[39m[31m[91m[33m{[39m[31m[91mpadding-right[33m:[39m[31m[91m24px!important[33m}[39m[31m[91m[33m.pb-md-6,.py-md-6[39m[31m[91m[33m{[39m[31m[91mpadding-bottom[33m:[39m[31m[91m42px!important[33m}[39m[31m[91m[33m.pl-md-6,.px-md-6[39m[31m[91m[33m{[39m[31m[91mpadding-left[33m:[39m[31m[91m24px!important[33m}[39m[31m[91m[33m.m-md-n1[39m[31m[91m[33m{[39m[31m[91mmargin[33m:[39m[31m[91m0!important[33m}[39m[31m[91m[33m.mt-md-n1,.my-md-n1[39m[31m[91m[33m{[39m[31m[91mmargin-top[33m:[39m[31m[91m0!important[33m}[39m[31m[91m[33m.mr-md-n1,.mx-md-n1[39m[31m[91m[33m{[39m[31m[91mmargin-right[33m:[39m[31m[91m0!important[33m}[39m[31m[91m[33m.mb-md-n1,.my-md-n1[39m[31m[91m[33m{[39m[31m[91mmargin-bottom[33m:[39m[31m[91m0!important[33m}[39m[31m[91m[33m.ml-md-n1,.mx-md-n1[39m[31m[91m[33m{[39m[31m[91mmargin-left[33m:[39m[31m[91m0!important[33m}[39m[31m[91m[33m.m-md-n2[39m[31m[91m[33m{[39m[31m[91mmargin[33m:[39m[31m[91m-22px!important[33m}[39m[31m[91m[33m.mt-md-n2,.my-md-n2[39m[31m[91m[33m{[39m[31m[91mmargin-top[33m:[39m[31m[91m-14px!important[33m}[39m[31m[91m[33m.mr-md-n2,.mx-md-n2[39m[31m[91m[33m{[39m[31m[91mmargin-right[33m:[39m[31m[91m-8px!important[33m}[39m[31m[91m[33m.mb-md-n2,.my-md-n2[39m[31m[91m[33m{[39m[31m[91mmargin-bottom[33m:[39m[31m[91m-14px!important[33m}[39m[31m[91m[33m.ml-md-n2,.mx-md-n2[39m[31m[91m[33m{[39m[31m[91mmargin-left[33m:[39m[31m[91m-8px!important[33m}[39m[31m[39m[22m[1m[31m[91m[33m.m-md-n3[39m[31m[91m[33m{[39m[31m[91mmargin[33m:[39m[31m[91m-22px!important[33m}[39m[31m[91m[33m.mt-md-n3,.my-md-n3[39m[31m[91m[33m{[39m[31m[91mmargin-top[33m:[39m[31m[91m-14px!important[33m}[39m[31m[91m[33m.mr-md-n3,.mx-md-n3[39m[31m[91m[33m{[39m[31m[91mmargin-right[33m:[39m[31m[91m-8px!important[33m}[39m[31m[91m[33m.mb-md-n3,.my-md-n3[39m[31m[91m[33m{[39m[31m[91mmargin-bottom[33m:[39m[31m[91m-14px!important[33m}[39m[31m[91m[33m.ml-md-n3,.mx-md-n3[39m[31m[91m[33m{[39m[31m[91mmargin-left[33m:[39m[31m[91m-8px!important[33m}[39m[31m[91m[33m.m-md-n4[39m[31m[91m[33m{[39m[31m[91mmargin[33m:[39m[31m[91m-44px!important[33m}[39m[31m[91m[33m.mt-md-n4,.my-md-n4[39m[31m[91m[33m{[39m[31m[91mmargin-top[33m:[39m[31m[91m-28px!important[33m}[39m[31m[91m[33m.mr-md-n4,.mx-md-n4[39m[31m[91m[33m{[39m[31m[91mmargin-right[33m:[39m[31m[91m-16px!important[33m}[39m[31m[91m[33m.mb-md-n4,.my-md-n4[39m[31m[91m[33m{[39m[31m[91mmargin-bottom[33m:[39m[31m[91m-28px!important[33m}[39m[31m[91m[33m.ml-md-n4,.mx-md-n4[39m[31m[91m[33m{[39m[31m[91mmargin-left[33m:[39m[31m[91m-16px!important[33m}[39m[31m[91m[33m.m-md-n5[39m[31m[91m[33m{[39m[31m[91mmargin[33m:[39m[31m[91m-44px!important[33m}[39m[31m[91m[33m.mt-md-n5,.my-md-n5[39m[31m[91m[33m{[39m[31m[91mmargin-top[33m:[39m[31m[91m-28px!important[33m}[39m[31m[91m[33m.mr-md-n5,.mx-md-n5[39m[31m[91m[33m{[39m[31m[91mmargin-right[33m:[39m[31m[91m-16px!important[33m}[39m[31m[91m[33m.mb-md-n5,.my-md-n5[39m[31m[91m[33m{[39m[31m[91mmargin-bottom[33m:[39m[31m[91m-28px!important[33m}[39m[31m[91m[33m.ml-md-n5,.mx-md-n5[39m[31m[91m[33m{[39m[31m[91mmargin-left[33m:[39m[31m[91m-16px!important[33m}[39m[31m[91m[33m.m-md-n6[39m[31m[91m[33m{[39m[31m[91mmargin[33m:[39m[31m[91m-66px!important[33m}[39m[31m[91m[33m.mt-md-n6,.my-md-n6[39m[31m[91m[33m{[39m[31m[91mmargin-top[33m:[39m[31m[91m-42px!important[33m}[39m[31m[91m[33m.mr-md-n6,.mx-md-n6[39m[31m[91m[33m{[39m[31m[91mmargin-right[33m:[39m[31m[91m-24px!important[33m}[39m[31m[91m[33m.mb-md-n6,.my-md-n6[39m[31m[91m[33m{[39m[31m[91mmargin-bottom[33m:[39m[31m[91m-42px!important[33m}[39m[31m[91m[39m[22m[1m[31m[33m.ml-md-n6,.mx-md-n6[39m[31m[91m[33m{[39m[31m[91mmargin-left[33m:[39m[31m[91m-24px!important[33m}[39m[31m[91m[33m.m-md-auto[39m[31m[91m[33m{[39m[31m[91mmargin[33m:[39m[31m[91mauto!important[33m}[39m[31m[91m[33m.mt-md-auto,.my-md-auto[39m[31m[91m[33m{[39m[31m[91mmargin-top[33m:[39m[31m[91mauto!important[33m}[39m[31m[91m[33m.mr-md-auto,.mx-md-auto[39m[31m[91m[33m{[39m[31m[91mmargin-right[33m:[39m[31m[91mauto!important[33m}[39m[31m[91m[33m.mb-md-auto,.my-md-auto[39m[31m[91m[33m{[39m[31m[91mmargin-bottom[33m:[39m[31m[91mauto!important[33m}[39m[31m[91m[33m.ml-md-auto,.mx-md-auto[39m[31m[91m[33m{[39m[31m[91mmargin-left[33m:[39m[31m[91mauto!important[33m}[39m[31m[91m[33m}[39m[31m[91m[36m@media[39m[31m[91m[36m [39m[31m[91m[36m(min-width:960px)[39m[31m[91m[33m{[39m[31m[91m[33m.m-lg-0[39m[31m[91m[33m{[39m[31m[91mmargin[33m:[39m[31m[91m0 0!important[33m}[39m[31m[91m[33m.mt-lg-0,.my-lg-0[39m[31m[91m[33m{[39m[31m[91mmargin-top[33m:[39m[31m[91m0!important[33m}[39m[31m[91m[33m.mr-lg-0,.mx-lg-0[39m[31m[91m[33m{[39m[31m[91mmargin-right[33m:[39m[31m[91m0!important[33m}[39m[31m[91m[33m.mb-lg-0,.my-lg-0[39m[31m[91m[33m{[39m[31m[91mmargin-bottom[33m:[39m[31m[91m0!important[33m}[39m[31m[91m[33m.ml-lg-0,.mx-lg-0[39m[31m[91m[33m{[39m[31m[91mmargin-left[33m:[39m[31m[91m0!important[33m}[39m[31m[91m[33m.m-lg-1[39m[31m[91m[33m{[39m[31m[91mmargin[33m:[39m[31m[91m0 0!important[33m}[39m[31m[91m[33m.mt-lg-1,.my-lg-1[39m[31m[91m[33m{[39m[31m[91mmargin-top[33m:[39m[31m[91m0!important[33m}[39m[31m[91m[33m.mr-lg-1,.mx-lg-1[39m[31m[91m[33m{[39m[31m[91mmargin-right[33m:[39m[31m[91m0!important[33m}[39m[31m[91m[33m.mb-lg-1,.my-lg-1[39m[31m[91m[33m{[39m[31m[91mmargin-bottom[33m:[39m[31m[91m0!important[33m}[39m[31m[91m[33m.ml-lg-1,.mx-lg-1[39m[31m[91m[33m{[39m[31m[91mmargin-left[33m:[39m[31m[91m0!important[33m}[39m[31m[91m[33m.m-lg-2[39m[31m[91m[33m{[39m[31m[91mmargin[33m:[39m[31m[91m14px 8px!important[33m}[39m[31m[91m[33m.mt-lg-2,.my-lg-2[39m[31m[91m[33m{[39m[31m[91mmargin-top[33m:[39m[31m[91m14px!important[33m}[39m[31m[91m[33m.mr-lg-2,.mx-lg-2[39m[31m[91m[33m{[39m[31m[91mmargin-ri[39m[22m[1m[31mght[33m:[39m[31m[91m8px!important[33m}[39m[31m[91m[33m.mb-lg-2,.my-lg-2[39m[31m[91m[33m{[39m[31m[91mmargin-bottom[33m:[39m[31m[91m14px!important[33m}[39m[31m[91m[33m.ml-lg-2,.mx-lg-2[39m[31m[91m[33m{[39m[31m[91mmargin-left[33m:[39m[31m[91m8px!important[33m}[39m[31m[91m[33m.m-lg-3[39m[31m[91m[33m{[39m[31m[91mmargin[33m:[39m[31m[91m14px 8px!important[33m}[39m[31m[91m[33m.mt-lg-3,.my-lg-3[39m[31m[91m[33m{[39m[31m[91mmargin-top[33m:[39m[31m[91m14px!important[33m}[39m[31m[91m[33m.mr-lg-3,.mx-lg-3[39m[31m[91m[33m{[39m[31m[91mmargin-right[33m:[39m[31m[91m8px!important[33m}[39m[31m[91m[33m.mb-lg-3,.my-lg-3[39m[31m[91m[33m{[39m[31m[91mmargin-bottom[33m:[39m[31m[91m14px!important[33m}[39m[31m[91m[33m.ml-lg-3,.mx-lg-3[39m[31m[91m[33m{[39m[31m[91mmargin-left[33m:[39m[31m[91m8px!important[33m}[39m[31m[91m[33m.m-lg-4[39m[31m[91m[33m{[39m[31m[91mmargin[33m:[39m[31m[91m28px 16px!important[33m}[39m[31m[91m[33m.mt-lg-4,.my-lg-4[39m[31m[91m[33m{[39m[31m[91mmargin-top[33m:[39m[31m[91m28px!important[33m}[39m[31m[91m[33m.mr-lg-4,.mx-lg-4[39m[31m[91m[33m{[39m[31m[91mmargin-right[33m:[39m[31m[91m16px!important[33m}[39m[31m[91m[33m.mb-lg-4,.my-lg-4[39m[31m[91m[33m{[39m[31m[91mmargin-bottom[33m:[39m[31m[91m28px!important[33m}[39m[31m[91m[33m.ml-lg-4,.mx-lg-4[39m[31m[91m[33m{[39m[31m[91mmargin-left[33m:[39m[31m[91m16px!important[33m}[39m[31m[91m[33m.m-lg-5[39m[31m[91m[33m{[39m[31m[91mmargin[33m:[39m[31m[91m28px 16px!important[33m}[39m[31m[91m[33m.mt-lg-5,.my-lg-5[39m[31m[91m[33m{[39m[31m[91mmargin-top[33m:[39m[31m[91m28px!important[33m}[39m[31m[91m[33m.mr-lg-5,.mx-lg-5[39m[31m[91m[33m{[39m[31m[91mmargin-right[33m:[39m[31m[91m16px!important[33m}[39m[31m[91m[33m.mb-lg-5,.my-lg-5[39m[31m[91m[33m{[39m[31m[91mmargin-bottom[33m:[39m[31m[91m28px!important[33m}[39m[31m[91m[33m.ml-lg-5,.mx-lg-5[39m[31m[91m[33m{[39m[31m[91mmargin-left[33m:[39m[31m[91m16px!important[33m}[39m[31m[91m[33m.m-lg-6[39m[31m[91m[33m{[39m[31m[91mmargin[33m:[39m[31m[91m42px 24px!important[33m}[39m[31m[91m[33m.mt-lg-6,.my-lg-6[39m[31m[91m[33m{[39m[31m[91mmargin-top[33m:[39m[31m[91m42px!important[33m}[39[39m[22m[1m[31mm[91m[33m.mr-lg-6,.mx-lg-6[39m[31m[91m[33m{[39m[31m[91mmargin-right[33m:[39m[31m[91m24px!important[33m}[39m[31m[91m[33m.mb-lg-6,.my-lg-6[39m[31m[91m[33m{[39m[31m[91mmargin-bottom[33m:[39m[31m[91m42px!important[33m}[39m[31m[91m[33m.ml-lg-6,.mx-lg-6[39m[31m[91m[33m{[39m[31m[91mmargin-left[33m:[39m[31m[91m24px!important[33m}[39m[31m[91m[33m.p-lg-0[39m[31m[91m[33m{[39m[31m[91mpadding[33m:[39m[31m[91m0 0!important[33m}[39m[31m[91m[33m.pt-lg-0,.py-lg-0[39m[31m[91m[33m{[39m[31m[91mpadding-top[33m:[39m[31m[91m0!important[33m}[39m[31m[91m[33m.pr-lg-0,.px-lg-0[39m[31m[91m[33m{[39m[31m[91mpadding-right[33m:[39m[31m[91m0!important[33m}[39m[31m[91m[33m.pb-lg-0,.py-lg-0[39m[31m[91m[33m{[39m[31m[91mpadding-bottom[33m:[39m[31m[91m0!important[33m}[39m[31m[91m[33m.pl-lg-0,.px-lg-0[39m[31m[91m[33m{[39m[31m[91mpadding-left[33m:[39m[31m[91m0!important[33m}[39m[31m[91m[33m.p-lg-1[39m[31m[91m[33m{[39m[31m[91mpadding[33m:[39m[31m[91m0 0!important[33m}[39m[31m[91m[33m.pt-lg-1,.py-lg-1[39m[31m[91m[33m{[39m[31m[91mpadding-top[33m:[39m[31m[91m0!important[33m}[39m[31m[91m[33m.pr-lg-1,.px-lg-1[39m[31m[91m[33m{[39m[31m[91mpadding-right[33m:[39m[31m[91m0!important[33m}[39m[31m[91m[33m.pb-lg-1,.py-lg-1[39m[31m[91m[33m{[39m[31m[91mpadding-bottom[33m:[39m[31m[91m0!important[33m}[39m[31m[91m[33m.pl-lg-1,.px-lg-1[39m[31m[91m[33m{[39m[31m[91mpadding-left[33m:[39m[31m[91m0!important[33m}[39m[31m[91m[33m.p-lg-2[39m[31m[91m[33m{[39m[31m[91mpadding[33m:[39m[31m[91m14px 8px!important[33m}[39m[31m[91m[33m.pt-lg-2,.py-lg-2[39m[31m[91m[33m{[39m[31m[91mpadding-top[33m:[39m[31m[91m14px!important[33m}[39m[31m[91m[33m.pr-lg-2,.px-lg-2[39m[31m[91m[33m{[39m[31m[91mpadding-right[33m:[39m[31m[91m8px!important[33m}[39m[31m[91m[33m.pb-lg-2,.py-lg-2[39m[31m[91m[33m{[39m[31m[91mpadding-bottom[33m:[39m[31m[91m14px!important[33m}[39m[31m[91m[33m.pl-lg-2,.px-lg-2[39m[31m[91m[33m{[39m[31m[91mpadding-left[33m:[39m[31m[91m8px!important[33m}[39m[31m[91m[33m.p-lg-3[39m[31m[91m[33m{[39m[31m[91mpadding[33m:[39m[31m[91m14px 8px!important[33m}[39m[31m[91m[33m.pt-lg-3,.py-lg-3[39m[31m[91m[33m{[39m[31m[91mpaddin[39m[22m[1m[31mg-top[33m:[39m[31m[91m14px!important[33m}[39m[31m[91m[33m.pr-lg-3,.px-lg-3[39m[31m[91m[33m{[39m[31m[91mpadding-right[33m:[39m[31m[91m8px!important[33m}[39m[31m[91m[33m.pb-lg-3,.py-lg-3[39m[31m[91m[33m{[39m[31m[91mpadding-bottom[33m:[39m[31m[91m14px!important[33m}[39m[31m[91m[33m.pl-lg-3,.px-lg-3[39m[31m[91m[33m{[39m[31m[91mpadding-left[33m:[39m[31m[91m8px!important[33m}[39m[31m[91m[33m.p-lg-4[39m[31m[91m[33m{[39m[31m[91mpadding[33m:[39m[31m[91m28px 16px!important[33m}[39m[31m[91m[33m.pt-lg-4,.py-lg-4[39m[31m[91m[33m{[39m[31m[91mpadding-top[33m:[39m[31m[91m28px!important[33m}[39m[31m[91m[33m.pr-lg-4,.px-lg-4[39m[31m[91m[33m{[39m[31m[91mpadding-right[33m:[39m[31m[91m16px!important[33m}[39m[31m[91m[33m.pb-lg-4,.py-lg-4[39m[31m[91m[33m{[39m[31m[91mpadding-bottom[33m:[39m[31m[91m28px!important[33m}[39m[31m[91m[33m.pl-lg-4,.px-lg-4[39m[31m[91m[33m{[39m[31m[91mpadding-left[33m:[39m[31m[91m16px!important[33m}[39m[31m[91m[33m.p-lg-5[39m[31m[91m[33m{[39m[31m[91mpadding[33m:[39m[31m[91m28px 16px!important[33m}[39m[31m[91m[33m.pt-lg-5,.py-lg-5[39m[31m[91m[33m{[39m[31m[91mpadding-top[33m:[39m[31m[91m28px!important[33m}[39m[31m[91m[33m.pr-lg-5,.px-lg-5[39m[31m[91m[33m{[39m[31m[91mpadding-right[33m:[39m[31m[91m16px!important[33m}[39m[31m[91m[33m.pb-lg-5,.py-lg-5[39m[31m[91m[33m{[39m[31m[91mpadding-bottom[33m:[39m[31m[91m28px!important[33m}[39m[31m[91m[33m.pl-lg-5,.px-lg-5[39m[31m[91m[33m{[39m[31m[91mpadding-left[33m:[39m[31m[91m16px!important[33m}[39m[31m[91m[33m.p-lg-6[39m[31m[91m[33m{[39m[31m[91mpadding[33m:[39m[31m[91m42px 24px!important[33m}[39m[31m[91m[33m.pt-lg-6,.py-lg-6[39m[31m[91m[33m{[39m[31m[91mpadding-top[33m:[39m[31m[91m42px!important[33m}[39m[31m[91m[33m.pr-lg-6,.px-lg-6[39m[31m[91m[33m{[39m[31m[91mpadding-right[33m:[39m[31m[91m24px!important[33m}[39m[31m[91m[33m.pb-lg-6,.py-lg-6[39m[31m[91m[33m{[39m[31m[91mpadding-bottom[33m:[39m[31m[91m42px!important[33m}[39m[31m[91m[33m.pl-lg-6,.px-lg-6[39m[31m[91m[33m{[39m[31m[91mpadding-left[33m:[39m[31m[91m24px!important[33m}[39m[31m[91m[33m.m-lg-n1[39m[31m[91m[33m{[39m[31m[91mmargin[33m:[39m[31m[91m0!i[39m[22m[1m[31mmportant[33m}[39m[31m[91m[33m.mt-lg-n1,.my-lg-n1[39m[31m[91m[33m{[39m[31m[91mmargin-top[33m:[39m[31m[91m0!important[33m}[39m[31m[91m[33m.mr-lg-n1,.mx-lg-n1[39m[31m[91m[33m{[39m[31m[91mmargin-right[33m:[39m[31m[91m0!important[33m}[39m[31m[91m[33m.mb-lg-n1,.my-lg-n1[39m[31m[91m[33m{[39m[31m[91mmargin-bottom[33m:[39m[31m[91m0!important[33m}[39m[31m[91m[33m.ml-lg-n1,.mx-lg-n1[39m[31m[91m[33m{[39m[31m[91mmargin-left[33m:[39m[31m[91m0!important[33m}[39m[31m[91m[33m.m-lg-n2[39m[31m[91m[33m{[39m[31m[91mmargin[33m:[39m[31m[91m-22px!important[33m}[39m[31m[91m[33m.mt-lg-n2,.my-lg-n2[39m[31m[91m[33m{[39m[31m[91mmargin-top[33m:[39m[31m[91m-14px!important[33m}[39m[31m[91m[33m.mr-lg-n2,.mx-lg-n2[39m[31m[91m[33m{[39m[31m[91mmargin-right[33m:[39m[31m[91m-8px!important[33m}[39m[31m[91m[33m.mb-lg-n2,.my-lg-n2[39m[31m[91m[33m{[39m[31m[91mmargin-bottom[33m:[39m[31m[91m-14px!important[33m}[39m[31m[91m[33m.ml-lg-n2,.mx-lg-n2[39m[31m[91m[33m{[39m[31m[91mmargin-left[33m:[39m[31m[91m-8px!important[33m}[39m[31m[91m[33m.m-lg-n3[39m[31m[91m[33m{[39m[31m[91mmargin[33m:[39m[31m[91m-22px!important[33m}[39m[31m[91m[33m.mt-lg-n3,.my-lg-n3[39m[31m[91m[33m{[39m[31m[91mmargin-top[33m:[39m[31m[91m-14px!important[33m}[39m[31m[91m[33m.mr-lg-n3,.mx-lg-n3[39m[31m[91m[33m{[39m[31m[91mmargin-right[33m:[39m[31m[91m-8px!important[33m}[39m[31m[91m[33m.mb-lg-n3,.my-lg-n3[39m[31m[91m[33m{[39m[31m[91mmargin-bottom[33m:[39m[31m[91m-14px!important[33m}[39m[31m[91m[33m.ml-lg-n3,.mx-lg-n3[39m[31m[91m[33m{[39m[31m[91mmargin-left[33m:[39m[31m[91m-8px!important[33m}[39m[31m[91m[33m.m-lg-n4[39m[31m[91m[33m{[39m[31m[91mmargin[33m:[39m[31m[91m-44px!important[33m}[39m[31m[91m[33m.mt-lg-n4,.my-lg-n4[39m[31m[91m[33m{[39m[31m[91mmargin-top[33m:[39m[31m[91m-28px!important[33m}[39m[31m[91m[33m.mr-lg-n4,.mx-lg-n4[39m[31m[91m[33m{[39m[31m[91mmargin-right[33m:[39m[31m[91m-16px!important[33m}[39m[31m[91m[33m.mb-lg-n4,.my-lg-n4[39m[31m[91m[33m{[39m[31m[91mmargin-bottom[33m:[39m[31m[91m-28px!important[33m}[39m[31m[91m[33m.ml-lg-n4,.mx-lg-n4[39m[31m[91m[33m{[39m[31m[91mmargin-left[33m:[39m[31m[91m-16px!important[39m[22m[1m[31m[33m}[39m[31m[91m[33m.m-lg-n5[39m[31m[91m[33m{[39m[31m[91mmargin[33m:[39m[31m[91m-44px!important[33m}[39m[31m[91m[33m.mt-lg-n5,.my-lg-n5[39m[31m[91m[33m{[39m[31m[91mmargin-top[33m:[39m[31m[91m-28px!important[33m}[39m[31m[91m[33m.mr-lg-n5,.mx-lg-n5[39m[31m[91m[33m{[39m[31m[91mmargin-right[33m:[39m[31m[91m-16px!important[33m}[39m[31m[91m[33m.mb-lg-n5,.my-lg-n5[39m[31m[91m[33m{[39m[31m[91mmargin-bottom[33m:[39m[31m[91m-28px!important[33m}[39m[31m[91m[33m.ml-lg-n5,.mx-lg-n5[39m[31m[91m[33m{[39m[31m[91mmargin-left[33m:[39m[31m[91m-16px!important[33m}[39m[31m[91m[33m.m-lg-n6[39m[31m[91m[33m{[39m[31m[91mmargin[33m:[39m[31m[91m-66px!important[33m}[39m[31m[91m[33m.mt-lg-n6,.my-lg-n6[39m[31m[91m[33m{[39m[31m[91mmargin-top[33m:[39m[31m[91m-42px!important[33m}[39m[31m[91m[33m.mr-lg-n6,.mx-lg-n6[39m[31m[91m[33m{[39m[31m[91mmargin-right[33m:[39m[31m[91m-24px!important[33m}[39m[31m[91m[33m.mb-lg-n6,.my-lg-n6[39m[31m[91m[33m{[39m[31m[91mmargin-bottom[33m:[39m[31m[91m-42px!important[33m}[39m[31m[91m[33m.ml-lg-n6,.mx-lg-n6[39m[31m[91m[33m{[39m[31m[91mmargin-left[33m:[39m[31m[91m-24px!important[33m}[39m[31m[91m[33m.m-lg-auto[39m[31m[91m[33m{[39m[31m[91mmargin[33m:[39m[31m[91mauto!important[33m}[39m[31m[91m[33m.mt-lg-auto,.my-lg-auto[39m[31m[91m[33m{[39m[31m[91mmargin-top[33m:[39m[31m[91mauto!important[33m}[39m[31m[91m[33m.mr-lg-auto,.mx-lg-auto[39m[31m[91m[33m{[39m[31m[91mmargin-right[33m:[39m[31m[91mauto!important[33m}[39m[31m[91m[33m.mb-lg-auto,.my-lg-auto[39m[31m[91m[33m{[39m[31m[91mmargin-bottom[33m:[39m[31m[91mauto!important[33m}[39m[31m[91m[33m.ml-lg-auto,.mx-lg-auto[39m[31m[91m[33m{[39m[31m[91mmargin-left[33m:[39m[31m[91mauto!important[33m}[39m[31m[91m[33m}[39m[31m[91m[36m@media[39m[31m[91m[36m [39m[31m[91m[36m(min-width:1152px)[39m[31m[91m[33m{[39m[31m[91m[33m.m-xl-0[39m[31m[91m[33m{[39m[31m[91mmargin[33m:[39m[31m[91m0 0!important[33m}[39m[31m[91m[33m.mt-xl-0,.my-xl-0[39m[31m[91m[33m{[39m[31m[91mmargin-top[33m:[39m[31m[91m0!important[33m}[39m[31m[91m[33m.mr-xl-0,.mx-xl-0[39m[31m[91m[33m{[39m[31m[91mmargin-right[33m:[39m[31m[91m0!important[33m}[39m[31m[9[39m[22m[1m[31m1m[33m.mb-xl-0,.my-xl-0[39m[31m[91m[33m{[39m[31m[91mmargin-bottom[33m:[39m[31m[91m0!important[33m}[39m[31m[91m[33m.ml-xl-0,.mx-xl-0[39m[31m[91m[33m{[39m[31m[91mmargin-left[33m:[39m[31m[91m0!important[33m}[39m[31m[91m[33m.m-xl-1[39m[31m[91m[33m{[39m[31m[91mmargin[33m:[39m[31m[91m0 0!important[33m}[39m[31m[91m[33m.mt-xl-1,.my-xl-1[39m[31m[91m[33m{[39m[31m[91mmargin-top[33m:[39m[31m[91m0!important[33m}[39m[31m[91m[33m.mr-xl-1,.mx-xl-1[39m[31m[91m[33m{[39m[31m[91mmargin-right[33m:[39m[31m[91m0!important[33m}[39m[31m[91m[33m.mb-xl-1,.my-xl-1[39m[31m[91m[33m{[39m[31m[91mmargin-bottom[33m:[39m[31m[91m0!important[33m}[39m[31m[91m[33m.ml-xl-1,.mx-xl-1[39m[31m[91m[33m{[39m[31m[91mmargin-left[33m:[39m[31m[91m0!important[33m}[39m[31m[91m[33m.m-xl-2[39m[31m[91m[33m{[39m[31m[91mmargin[33m:[39m[31m[91m14px 8px!important[33m}[39m[31m[91m[33m.mt-xl-2,.my-xl-2[39m[31m[91m[33m{[39m[31m[91mmargin-top[33m:[39m[31m[91m14px!important[33m}[39m[31m[91m[33m.mr-xl-2,.mx-xl-2[39m[31m[91m[33m{[39m[31m[91mmargin-right[33m:[39m[31m[91m8px!important[33m}[39m[31m[91m[33m.mb-xl-2,.my-xl-2[39m[31m[91m[33m{[39m[31m[91mmargin-bottom[33m:[39m[31m[91m14px!important[33m}[39m[31m[91m[33m.ml-xl-2,.mx-xl-2[39m[31m[91m[33m{[39m[31m[91mmargin-left[33m:[39m[31m[91m8px!important[33m}[39m[31m[91m[33m.m-xl-3[39m[31m[91m[33m{[39m[31m[91mmargin[33m:[39m[31m[91m14px 8px!important[33m}[39m[31m[91m[33m.mt-xl-3,.my-xl-3[39m[31m[91m[33m{[39m[31m[91mmargin-top[33m:[39m[31m[91m14px!important[33m}[39m[31m[91m[33m.mr-xl-3,.mx-xl-3[39m[31m[91m[33m{[39m[31m[91mmargin-right[33m:[39m[31m[91m8px!important[33m}[39m[31m[91m[33m.mb-xl-3,.my-xl-3[39m[31m[91m[33m{[39m[31m[91mmargin-bottom[33m:[39m[31m[91m14px!important[33m}[39m[31m[91m[33m.ml-xl-3,.mx-xl-3[39m[31m[91m[33m{[39m[31m[91mmargin-left[33m:[39m[31m[91m8px!important[33m}[39m[31m[91m[33m.m-xl-4[39m[31m[91m[33m{[39m[31m[91mmargin[33m:[39m[31m[91m28px 16px!important[33m}[39m[31m[91m[33m.mt-xl-4,.my-xl-4[39m[31m[91m[33m{[39m[31m[91mmargin-top[33m:[39m[31m[91m28px!important[33m}[39m[31m[91m[33m.mr-xl-4,.mx-xl-4[39m[31m[91m[33m{[39m[31m[91mmargin-right[33m:[39m[22m[1m[31m[39m[31m[91m16px!important[33m}[39m[31m[91m[33m.mb-xl-4,.my-xl-4[39m[31m[91m[33m{[39m[31m[91mmargin-bottom[33m:[39m[31m[91m28px!important[33m}[39m[31m[91m[33m.ml-xl-4,.mx-xl-4[39m[31m[91m[33m{[39m[31m[91mmargin-left[33m:[39m[31m[91m16px!important[33m}[39m[31m[91m[33m.m-xl-5[39m[31m[91m[33m{[39m[31m[91mmargin[33m:[39m[31m[91m28px 16px!important[33m}[39m[31m[91m[33m.mt-xl-5,.my-xl-5[39m[31m[91m[33m{[39m[31m[91mmargin-top[33m:[39m[31m[91m28px!important[33m}[39m[31m[91m[33m.mr-xl-5,.mx-xl-5[39m[31m[91m[33m{[39m[31m[91mmargin-right[33m:[39m[31m[91m16px!important[33m}[39m[31m[91m[33m.mb-xl-5,.my-xl-5[39m[31m[91m[33m{[39m[31m[91mmargin-bottom[33m:[39m[31m[91m28px!important[33m}[39m[31m[91m[33m.ml-xl-5,.mx-xl-5[39m[31m[91m[33m{[39m[31m[91mmargin-left[33m:[39m[31m[91m16px!important[33m}[39m[31m[91m[33m.m-xl-6[39m[31m[91m[33m{[39m[31m[91mmargin[33m:[39m[31m[91m42px 24px!important[33m}[39m[31m[91m[33m.mt-xl-6,.my-xl-6[39m[31m[91m[33m{[39m[31m[91mmargin-top[33m:[39m[31m[91m42px!important[33m}[39m[31m[91m[33m.mr-xl-6,.mx-xl-6[39m[31m[91m[33m{[39m[31m[91mmargin-right[33m:[39m[31m[91m24px!important[33m}[39m[31m[91m[33m.mb-xl-6,.my-xl-6[39m[31m[91m[33m{[39m[31m[91mmargin-bottom[33m:[39m[31m[91m42px!important[33m}[39m[31m[91m[33m.ml-xl-6,.mx-xl-6[39m[31m[91m[33m{[39m[31m[91mmargin-left[33m:[39m[31m[91m24px!important[33m}[39m[31m[91m[33m.p-xl-0[39m[31m[91m[33m{[39m[31m[91mpadding[33m:[39m[31m[91m0 0!important[33m}[39m[31m[91m[33m.pt-xl-0,.py-xl-0[39m[31m[91m[33m{[39m[31m[91mpadding-top[33m:[39m[31m[91m0!important[33m}[39m[31m[91m[33m.pr-xl-0,.px-xl-0[39m[31m[91m[33m{[39m[31m[91mpadding-right[33m:[39m[31m[91m0!important[33m}[39m[31m[91m[33m.pb-xl-0,.py-xl-0[39m[31m[91m[33m{[39m[31m[91mpadding-bottom[33m:[39m[31m[91m0!important[33m}[39m[31m[91m[33m.pl-xl-0,.px-xl-0[39m[31m[91m[33m{[39m[31m[91mpadding-left[33m:[39m[31m[91m0!important[33m}[39m[31m[91m[33m.p-xl-1[39m[31m[91m[33m{[39m[31m[91mpadding[33m:[39m[31m[91m0 0!important[33m}[39m[31m[91m[33m.pt-xl-1,.py-xl-1[39m[31m[91m[33m{[39m[31m[91mpadding-top[33m:[39m[31m[91m0!important[33m}[39m[31m[91m[33m.pr-xl-1,.px-[39m[22m[1m[31mxl-1[39m[31m[91m[33m{[39m[31m[91mpadding-right[33m:[39m[31m[91m0!important[33m}[39m[31m[91m[33m.pb-xl-1,.py-xl-1[39m[31m[91m[33m{[39m[31m[91mpadding-bottom[33m:[39m[31m[91m0!important[33m}[39m[31m[91m[33m.pl-xl-1,.px-xl-1[39m[31m[91m[33m{[39m[31m[91mpadding-left[33m:[39m[31m[91m0!important[33m}[39m[31m[91m[33m.p-xl-2[39m[31m[91m[33m{[39m[31m[91mpadding[33m:[39m[31m[91m14px 8px!important[33m}[39m[31m[91m[33m.pt-xl-2,.py-xl-2[39m[31m[91m[33m{[39m[31m[91mpadding-top[33m:[39m[31m[91m14px!important[33m}[39m[31m[91m[33m.pr-xl-2,.px-xl-2[39m[31m[91m[33m{[39m[31m[91mpadding-right[33m:[39m[31m[91m8px!important[33m}[39m[31m[91m[33m.pb-xl-2,.py-xl-2[39m[31m[91m[33m{[39m[31m[91mpadding-bottom[33m:[39m[31m[91m14px!important[33m}[39m[31m[91m[33m.pl-xl-2,.px-xl-2[39m[31m[91m[33m{[39m[31m[91mpadding-left[33m:[39m[31m[91m8px!important[33m}[39m[31m[91m[33m.p-xl-3[39m[31m[91m[33m{[39m[31m[91mpadding[33m:[39m[31m[91m14px 8px!important[33m}[39m[31m[91m[33m.pt-xl-3,.py-xl-3[39m[31m[91m[33m{[39m[31m[91mpadding-top[33m:[39m[31m[91m14px!important[33m}[39m[31m[91m[33m.pr-xl-3,.px-xl-3[39m[31m[91m[33m{[39m[31m[91mpadding-right[33m:[39m[31m[91m8px!important[33m}[39m[31m[91m[33m.pb-xl-3,.py-xl-3[39m[31m[91m[33m{[39m[31m[91mpadding-bottom[33m:[39m[31m[91m14px!important[33m}[39m[31m[91m[33m.pl-xl-3,.px-xl-3[39m[31m[91m[33m{[39m[31m[91mpadding-left[33m:[39m[31m[91m8px!important[33m}[39m[31m[91m[33m.p-xl-4[39m[31m[91m[33m{[39m[31m[91mpadding[33m:[39m[31m[91m28px 16px!important[33m}[39m[31m[91m[33m.pt-xl-4,.py-xl-4[39m[31m[91m[33m{[39m[31m[91mpadding-top[33m:[39m[31m[91m28px!important[33m}[39m[31m[91m[33m.pr-xl-4,.px-xl-4[39m[31m[91m[33m{[39m[31m[91mpadding-right[33m:[39m[31m[91m16px!important[33m}[39m[31m[91m[33m.pb-xl-4,.py-xl-4[39m[31m[91m[33m{[39m[31m[91mpadding-bottom[33m:[39m[31m[91m28px!important[33m}[39m[31m[91m[33m.pl-xl-4,.px-xl-4[39m[31m[91m[33m{[39m[31m[91mpadding-left[33m:[39m[31m[91m16px!important[33m}[39m[31m[91m[33m.p-xl-5[39m[31m[91m[33m{[39m[31m[91mpadding[33m:[39m[31m[91m28px 16px!important[33m}[39m[31m[91m[33m.pt-xl-5,.py-xl-5[39m[31m[91m[33m{[39m[31m[91mpa[39m[22m[1m[31mdding-top[33m:[39m[31m[91m28px!important[33m}[39m[31m[91m[33m.pr-xl-5,.px-xl-5[39m[31m[91m[33m{[39m[31m[91mpadding-right[33m:[39m[31m[91m16px!important[33m}[39m[31m[91m[33m.pb-xl-5,.py-xl-5[39m[31m[91m[33m{[39m[31m[91mpadding-bottom[33m:[39m[31m[91m28px!important[33m}[39m[31m[91m[33m.pl-xl-5,.px-xl-5[39m[31m[91m[33m{[39m[31m[91mpadding-left[33m:[39m[31m[91m16px!important[33m}[39m[31m[91m[33m.p-xl-6[39m[31m[91m[33m{[39m[31m[91mpadding[33m:[39m[31m[91m42px 24px!important[33m}[39m[31m[91m[33m.pt-xl-6,.py-xl-6[39m[31m[91m[33m{[39m[31m[91mpadding-top[33m:[39m[31m[91m42px!important[33m}[39m[31m[91m[33m.pr-xl-6,.px-xl-6[39m[31m[91m[33m{[39m[31m[91mpadding-right[33m:[39m[31m[91m24px!important[33m}[39m[31m[91m[33m.pb-xl-6,.py-xl-6[39m[31m[91m[33m{[39m[31m[91mpadding-bottom[33m:[39m[31m[91m42px!important[33m}[39m[31m[91m[33m.pl-xl-6,.px-xl-6[39m[31m[91m[33m{[39m[31m[91mpadding-left[33m:[39m[31m[91m24px!important[33m}[39m[31m[91m[33m.m-xl-n1[39m[31m[91m[33m{[39m[31m[91mmargin[33m:[39m[31m[91m0!important[33m}[39m[31m[91m[33m.mt-xl-n1,.my-xl-n1[39m[31m[91m[33m{[39m[31m[91mmargin-top[33m:[39m[31m[91m0!important[33m}[39m[31m[91m[33m.mr-xl-n1,.mx-xl-n1[39m[31m[91m[33m{[39m[31m[91mmargin-right[33m:[39m[31m[91m0!important[33m}[39m[31m[91m[33m.mb-xl-n1,.my-xl-n1[39m[31m[91m[33m{[39m[31m[91mmargin-bottom[33m:[39m[31m[91m0!important[33m}[39m[31m[91m[33m.ml-xl-n1,.mx-xl-n1[39m[31m[91m[33m{[39m[31m[91mmargin-left[33m:[39m[31m[91m0!important[33m}[39m[31m[91m[33m.m-xl-n2[39m[31m[91m[33m{[39m[31m[91mmargin[33m:[39m[31m[91m-22px!important[33m}[39m[31m[91m[33m.mt-xl-n2,.my-xl-n2[39m[31m[91m[33m{[39m[31m[91mmargin-top[33m:[39m[31m[91m-14px!important[33m}[39m[31m[91m[33m.mr-xl-n2,.mx-xl-n2[39m[31m[91m[33m{[39m[31m[91mmargin-right[33m:[39m[31m[91m-8px!important[33m}[39m[31m[91m[33m.mb-xl-n2,.my-xl-n2[39m[31m[91m[33m{[39m[31m[91mmargin-bottom[33m:[39m[31m[91m-14px!important[33m}[39m[31m[91m[33m.ml-xl-n2,.mx-xl-n2[39m[31m[91m[33m{[39m[31m[91mmargin-left[33m:[39m[31m[91m-8px!important[33m}[39m[31m[91m[33m.m-xl-n3[39m[31m[91m[33m{[39m[31m[91mmargin[33m:[39m[31m[91m-22px!impor[39m[22m[1m[31mtant[33m}[39m[31m[91m[33m.mt-xl-n3,.my-xl-n3[39m[31m[91m[33m{[39m[31m[91mmargin-top[33m:[39m[31m[91m-14px!important[33m}[39m[31m[91m[33m.mr-xl-n3,.mx-xl-n3[39m[31m[91m[33m{[39m[31m[91mmargin-right[33m:[39m[31m[91m-8px!important[33m}[39m[31m[91m[33m.mb-xl-n3,.my-xl-n3[39m[31m[91m[33m{[39m[31m[91mmargin-bottom[33m:[39m[31m[91m-14px!important[33m}[39m[31m[91m[33m.ml-xl-n3,.mx-xl-n3[39m[31m[91m[33m{[39m[31m[91mmargin-left[33m:[39m[31m[91m-8px!important[33m}[39m[31m[91m[33m.m-xl-n4[39m[31m[91m[33m{[39m[31m[91mmargin[33m:[39m[31m[91m-44px!important[33m}[39m[31m[91m[33m.mt-xl-n4,.my-xl-n4[39m[31m[91m[33m{[39m[31m[91mmargin-top[33m:[39m[31m[91m-28px!important[33m}[39m[31m[91m[33m.mr-xl-n4,.mx-xl-n4[39m[31m[91m[33m{[39m[31m[91mmargin-right[33m:[39m[31m[91m-16px!important[33m}[39m[31m[91m[33m.mb-xl-n4,.my-xl-n4[39m[31m[91m[33m{[39m[31m[91mmargin-bottom[33m:[39m[31m[91m-28px!important[33m}[39m[31m[91m[33m.ml-xl-n4,.mx-xl-n4[39m[31m[91m[33m{[39m[31m[91mmargin-left[33m:[39m[31m[91m-16px!important[33m}[39m[31m[91m[33m.m-xl-n5[39m[31m[91m[33m{[39m[31m[91mmargin[33m:[39m[31m[91m-44px!important[33m}[39m[31m[91m[33m.mt-xl-n5,.my-xl-n5[39m[31m[91m[33m{[39m[31m[91mmargin-top[33m:[39m[31m[91m-28px!important[33m}[39m[31m[91m[33m.mr-xl-n5,.mx-xl-n5[39m[31m[91m[33m{[39m[31m[91mmargin-right[33m:[39m[31m[91m-16px!important[33m}[39m[31m[91m[33m.mb-xl-n5,.my-xl-n5[39m[31m[91m[33m{[39m[31m[91mmargin-bottom[33m:[39m[31m[91m-28px!important[33m}[39m[31m[91m[33m.ml-xl-n5,.mx-xl-n5[39m[31m[91m[33m{[39m[31m[91mmargin-left[33m:[39m[31m[91m-16px!important[33m}[39m[31m[91m[33m.m-xl-n6[39m[31m[91m[33m{[39m[31m[91mmargin[33m:[39m[31m[91m-66px!important[33m}[39m[31m[91m[33m.mt-xl-n6,.my-xl-n6[39m[31m[91m[33m{[39m[31m[91mmargin-top[33m:[39m[31m[91m-42px!important[33m}[39m[31m[91m[33m.mr-xl-n6,.mx-xl-n6[39m[31m[91m[33m{[39m[31m[91mmargin-right[33m:[39m[31m[91m-24px!important[33m}[39m[31m[91m[33m.mb-xl-n6,.my-xl-n6[39m[31m[91m[33m{[39m[31m[91mmargin-bottom[33m:[39m[31m[91m-42px!important[33m}[39m[31m[91m[33m.ml-xl-n6,.mx-xl-n6[39m[31m[91m[33m{[39m[31m[91mmargin-left[33m:[39m[31m[91m-[39m[22m[1m[31m24px!important[33m}[39m[31m[91m[33m.m-xl-auto[39m[31m[91m[33m{[39m[31m[91mmargin[33m:[39m[31m[91mauto!important[33m}[39m[31m[91m[33m.mt-xl-auto,.my-xl-auto[39m[31m[91m[33m{[39m[31m[91mmargin-top[33m:[39m[31m[91mauto!important[33m}[39m[31m[91m[33m.mr-xl-auto,.mx-xl-auto[39m[31m[91m[33m{[39m[31m[91mmargin-right[33m:[39m[31m[91mauto!important[33m}[39m[31m[91m[33m.mb-xl-auto,.my-xl-auto[39m[31m[91m[33m{[39m[31m[91mmargin-bottom[33m:[39m[31m[91mauto!important[33m}[39m[31m[91m[33m.ml-xl-auto,.mx-xl-auto[39m[31m[91m[33m{[39m[31m[91mmargin-left[33m:[39m[31m[91mauto!important[33m}[39m[31m[91m[33m}[39m[31m[91m[33m.text-monospace[39m[31m[91m[33m{[39m[31m[91mfont-family[33m:[39m[31m[91mDOS,Monaco,Menlo,Consolas,[32m"Courier New"[39m[31m[91m,monospace!important[33m}[39m[31m[91m[33m.text-justify[39m[31m[91m[33m{[39m[31m[91mtext-align[33m:[39m[31m[91mjustify!important[33m}[39m[31m[91m[33m.text-wrap[39m[31m[91m[33m{[39m[31m[91mwhite-space[33m:[39m[31m[91mnormal!important[33m}[39m[31m[91m[33m.text-nowrap[39m[31m[91m[33m{[39m[31m[91mwhite-space[33m:[39m[31m[91mnowrap!important[33m}[39m[31m[91m[33m.text-truncate[39m[31m[91m[33m{[39m[31m[91moverflow[33m:[39m[31m[91mhidden[33m;[39m[31m[91mtext-overflow[33m:[39m[31m[91mellipsis[33m;[39m[31m[91mwhite-space[33m:[39m[31m[91mnowrap[33m}[39m[31m[91m[33m.text-left[39m[31m[91m[33m{[39m[31m[91mtext-align[33m:[39m[31m[91mleft!important[33m}[39m[31m[91m[33m.text-right[39m[31m[91m[33m{[39m[31m[91mtext-align[33m:[39m[31m[91mright!important[33m}[39m[31m[91m[33m.text-center[39m[31m[91m[33m{[39m[31m[91mtext-align[33m:[39m[31m[91mcenter!important[33m}[39m[31m[91m[36m@media[39m[31m[91m[36m [39m[31m[91m[36m(min-width:576px)[39m[31m[91m[33m{[39m[31m[91m[33m.text-sm-left[39m[31m[91m[33m{[39m[31m[91mtext-align[33m:[39m[31m[91mleft!important[33m}[39m[31m[91m[33m.text-sm-right[39m[31m[91m[33m{[39m[31m[91mtext-align[33m:[39m[31m[91mright!important[33m}[39m[31m[91m[33m.text-sm-center[39m[31m[91m[33m{[39m[31m[91mtext-align[33m:[39m[31m[91mcenter!important[33m}[39m[31m[91m[33m}[39m[31m[91m[36m@media[39m[31m[91m[36m [39m[31m[91m[36m(min-wid[39m[22m[1m[31mth:768px)[39m[31m[91m[33m{[39m[31m[91m[33m.text-md-left[39m[31m[91m[33m{[39m[31m[91mtext-align[33m:[39m[31m[91mleft!important[33m}[39m[31m[91m[33m.text-md-right[39m[31m[91m[33m{[39m[31m[91mtext-align[33m:[39m[31m[91mright!important[33m}[39m[31m[91m[33m.text-md-center[39m[31m[91m[33m{[39m[31m[91mtext-align[33m:[39m[31m[91mcenter!important[33m}[39m[31m[91m[33m}[39m[31m[91m[36m@media[39m[31m[91m[36m [39m[31m[91m[36m(min-width:960px)[39m[31m[91m[33m{[39m[31m[91m[33m.text-lg-left[39m[31m[91m[33m{[39m[31m[91mtext-align[33m:[39m[31m[91mleft!important[33m}[39m[31m[91m[33m.text-lg-right[39m[31m[91m[33m{[39m[31m[91mtext-align[33m:[39m[31m[91mright!important[33m}[39m[31m[91m[33m.text-lg-center[39m[31m[91m[33m{[39m[31m[91mtext-align[33m:[39m[31m[91mcenter!important[33m}[39m[31m[91m[33m}[39m[31m[91m[36m@media[39m[31m[91m[36m [39m[31m[91m[36m(min-width:1152px)[39m[31m[91m[33m{[39m[31m[91m[33m.text-xl-left[39m[31m[91m[33m{[39m[31m[91mtext-align[33m:[39m[31m[91mleft!important[33m}[39m[31m[91m[33m.text-xl-right[39m[31m[91m[33m{[39m[31m[91mtext-align[33m:[39m[31m[91mright!important[33m}[39m[31m[91m[33m.text-xl-center[39m[31m[91m[33m{[39m[31m[91mtext-align[33m:[39m[31m[91mcenter!important[33m}[39m[31m[91m[33m}[39m[31m[91m[33m.text-lowercase[39m[31m[91m[33m{[39m[31m[91mtext-transform[33m:[39m[31m[91mlowercase!important[33m}[39m[31m[91m[33m.text-uppercase[39m[31m[91m[33m{[39m[31m[91mtext-transform[33m:[39m[31m[91muppercase!important[33m}[39m[31m[91m[33m.text-capitalize[39m[31m[91m[33m{[39m[31m[91mtext-transform[33m:[39m[31m[91mcapitalize!important[33m}[39m[31m[91m[33m.font-italic[39m[31m[91m[33m{[39m[31m[91mfont-style[33m:[39m[31m[91mnormal!important[33m}[39m[31m[91m[33m.text-white[39m[31m[91m[33m{[39m[31m[91mcolor[33m:[39m[31m[91m[35m#fff[39m[31m[91m!important[33m}[39m[31m[91m[33m.text-primary[39m[31m[91m[33m{[39m[31m[91mcolor[33m:[39m[31m[91m[35m#fff[39m[31m[91m!important[33m}[39m[31m[91m[33m.text-secondary[39m[31m[91m[33m{[39m[31m[91mcolor[33m:[39m[31m[91m[35m#fff[39m[31m[91m!important[33m}[39m[31m[91m[33m.text-success[39m[31m[91m[33m{[39m[31m[91mcolor[33m:[39m[31m[[39m[22m[1m[31m91m[35m#5f5[39m[31m[91m!important[33m}[39m[31m[91m[33m.text-info[39m[31m[91m[33m{[39m[31m[91mcolor[33m:[39m[31m[91m[35m#5ff[39m[31m[91m!important[33m}[39m[31m[91m[33m.text-warning[39m[31m[91m[33m{[39m[31m[91mcolor[33m:[39m[31m[91m[35m#ff5[39m[31m[91m!important[33m}[39m[31m[91m[33m.text-danger[39m[31m[91m[33m{[39m[31m[91mcolor[33m:[39m[31m[91m[35m#f55[39m[31m[91m!important[33m}[39m[31m[91m[33m.text-dark[39m[31m[91m[33m{[39m[31m[91mcolor[33m:[39m[31m[91m[35m#555[39m[31m[91m!important[33m}[39m[31m[91m[33m.text-body[39m[31m[91m[33m{[39m[31m[91mcolor[33m:[39m[31m[91m[35m#bbb[39m[31m[91m!important[33m}[39m[31m[91m[33m.text-muted[39m[31m[91m[33m{[39m[31m[91mcolor[33m:[39m[31m[91m[35m#555[39m[31m[91m[33m}[39m[31m[91m[33m.text-hide[39m[31m[91m[33m{[39m[31m[91mfont[33m:[39m[31m[91m0/0 a[33m;[39m[31m[91mcolor[33m:[39m[31m[91mtransparent[33m;[39m[31m[91mtext-shadow[33m:[39m[31m[91mnone[33m;[39m[31m[91mbackground-color[33m:[39m[31m[91mtransparent[33m;[39m[31m[91mborder[33m:[39m[31m[91m0[33m}[39m[31m[91m[33m.text-decoration-none[39m[31m[91m[33m{[39m[31m[91mtext-decoration[33m:[39m[31m[91mnone!important[33m}[39m[31m[91m[33m.text-break[39m[31m[91m[33m{[39m[31m[91mword-break[33m:[39m[31m[91mbreak-word!important[33m;[39m[31m[91moverflow-wrap[33m:[39m[31m[91mbreak-word!important[33m}[39m[31m[91m[33m.text-reset[39m[31m[91m[33m{[39m[31m[91mcolor[33m:[39m[31m[91minherit!important[33m}[39m[31m[91m[33m.visible[39m[31m[91m[33m{[39m[31m[91mvisibility[33m:[39m[31m[91mvisible!important[33m}[39m[31m[91m[33m.invisible[39m[31m[91m[33m{[39m[31m[91mvisibility[33m:[39m[31m[91mhidden!important[33m}[39m[31m[91m[36m@media[39m[31m[91m print[33m{[39m[31m[91m*,[33m:[39m[31m[91m[33m:[39m[31m[91mafter,[33m:[39m[31m[91m[33m:[39m[31m[91mbefore[33m{[39m[31m[91mtext-shadow[33m:[39m[31m[91mnone!important[33m;[39m[31m[91mbox-shadow[33m:[39m[31m[91mnone!important[33m}[39m[31m[91ma[33m:[39m[31m[91m[36mnot[39m[31m[91m[36m(.btn)[39m[31m[91m[33m{[39m[31m[91mtext-decoration[33m:[39m[31m[91munderline[33m}[39m[31m[91mabbr[33m[[39m[31m[91mtitle[33m][39m[31m[91m[33m:[39m[31m[91m[33m:[39m[31m[91mafter[33m{[[39m[22m[1m[31m39m[91mcontent[33m:[39m[31m[91m[32m" ("[39m[31m[91m [36mattr[39m[31m[91m[36m(title)[39m[31m[91m [32m")"[39m[31m[91m[33m}[39m[31m[91mpre[33m{[39m[31m[91mwhite-space[33m:[39m[31m[91mpre-wrap!important[33m}[39m[31m[91mblockquote,pre[33m{[39m[31m[91mborder[33m:[39m[31m[91m0 solid [35m#555[39m[31m[91m[33m;[39m[31m[91mpage-break-inside[33m:[39m[31m[91mavoid[33m}[39m[31m[91mthead[33m{[39m[31m[91mdisplay[33m:[39m[31m[91mtable-header-group[33m}[39m[31m[91mimg,tr[33m{[39m[31m[91mpage-break-inside[33m:[39m[31m[91mavoid[33m}[39m[31m[91mh2,h3,p[33m{[39m[31m[91morphans[33m:[39m[31m[91m3[33m;[39m[31m[91mwidows[33m:[39m[31m[91m3[33m}[39m[31m[91mh2,h3[33m{[39m[31m[91mpage-break-after[33m:[39m[31m[91mavoid[33m}[39m[31m[91m[36m@page[39m[31m[91m[33m{[39m[31m[91msize[33m:[39m[31m[91ma3[33m}[39m[31m[91mbody[33m{[39m[31m[91mmin-width[33m:[39m[31m[91m960px!important[33m}[39m[31m[91m[33m.container[39m[31m[91m[33m{[39m[31m[91mmin-width[33m:[39m[31m[91m960px!important[33m}[39m[31m[91m[33m.navbar[39m[31m[91m[33m{[39m[31m[91mdisplay[33m:[39m[31m[91mnone[33m}[39m[31m[91m[33m.badge[39m[31m[91m[33m{[39m[31m[91mborder[33m:[39m[31m[91m0 solid [35m#000[39m[31m[91m[33m}[39m[31m[91m[33m.table[39m[31m[91m[33m{[39m[31m[91mborder-collapse[33m:[39m[31m[91mcollapse!important[33m}[39m[31m[91m[33m.table[39m[31m[91m td,.table th[33m{[39m[31m[91mbackground-color[33m:[39m[31m[91m[35m#fff[39m[31m[91m!important[33m}[39m[31m[91m[33m.table-bordered[39m[31m[91m td,.table-bordered th[33m{[39m[31m[91mborder[33m:[39m[31m[91m1px solid [35m#555[39m[31m[91m!important[33m}[39m[31m[91m[33m.table-dark[39m[31m[91m[33m{[39m[31m[91mcolor[33m:[39m[31m[91minherit[33m}[39m[31m[91m[33m.table-dark[39m[31m[91m tbody+tbody,.table-dark td,.table-dark th,.table-dark thead th[33m{[39m[31m[91mborder-color[33m:[39m[31m[91m[35m#555[39m[31m[91m[33m}[39m[31m[91m[33m.table[39m[31m[91m [33m.thead-dark[39m[31m[91m th[33m{[39m[31m[91mcolor[33m:[39m[31m[91minherit[33m;[39m[31m[91mborder-color[33m:[39m[31m[91m[35m#555[39m[31m[91m[33m}[39m[31m[91m[33m}[39m[31m[91m[39m[31m[0m[39m[22m
[1m[31m[0m[91m [90m   | [39m[31m[91m                          [39m[22m[1m[31m                                                                                                                                                                                                                                                                                                                                                                                                                                                                                                                                                                                                                                                                                                                                                                                                                                                                                                                                                                                                                                                                                                                                                                                                                                                                                                                                                                                                                                                                                                                                                                                                                                                                                                                                                                                                                                                                                                                                                                                                                                                                                [39m[22m[1m[31m                                                                                                                                                                                                                                                                                                                                                                                                                                                                                                                                                                                                                                                                                                                                                                                                                                                                                                                                                                                                                                                                                                                                                                                                                                                                                                                                                                                                                                                                                                                                                                                                                                                                                                                                                                                                                                                                                                                                                                                                                                                                                [39m[22m[1m[31m                                                                                                                                                                                                                                                                                                                                                                                                                                                                                                                                                                                                                                                                                                                                                                                                                                                                                                                                                                                                                                                                                                                                                                                                                                                                                                                                                                                                                                                                                                                                                                                                                                                                                                                                                                                                                                                                                                                                                                                                                                                                                [39m[22m[1m[31m                                                                                                                                                                                                                                                                                                                                                                                                                                                                                                                                                                                                                                                                                                                                                                                                                                                                                                                                                                                                                                                                                                                                                                                                                                                                                                                                                                                                                                                                                                                                                                                                                                                                                                                                                                                                                                                                                                                                                                                                                                                                                [39m[22m[1m[31m                                                                                                                                                                                                                                                                                                                                                                                                                                                                                                                                                                                                                                                                                                                                                                                                                                                                                                                                                                                                                                                                                                                                                                                                                                                                                                                                                                                                                                                                                                                                                                                                                                                                                                                                                                                                                                                                                                                                                                                                                                                                                [39m[22m[1m[31m                                                                                                                                                                                                                                                                                                                                                                                                                                                                                                                                                                                                                                                                                                                                                                                                                                                                                                                                                                                                                                                                                                                                                                                                                                                                                                                                                                                                                                                                                                                                                                                                                                                                                                                                                                                                                                                                                                                                                                                                                                                                                [39m[22m[1m[31m                                                                                                                                                                                                                                                                                                                                                                                                                                                                                                                                                                                                                                                                                                                                                                                                                                                                                                                                                                                                                                                                                                                                                                                                                                                                                                                                                                                                                                                                                                                                                                                                                                                                                                                                                                                                                                                                                                                                                                                                                                                                                [39m[22m[1m[31m                                                                                                                                                                                                                                                                                                                                                                                                                                                                                                                                                                                                                                                                                                                                                                                                                                                                                                                                                                                                                                                                                                                                                                                                                                                                                                                                                                                                                                                                                                                                                                                                                                                                                                                                                                                                                                                                                                                                                                                                                                                                                [39m[22m[1m[31m                                                                                                                                                                                                                                                                                                                                                                                                                                                                                                                                                                                                                                                                                                                                                                                                                                                                                                                                                                                                                                                                                                                                                                                                                                                                                                                                                                                                                                                                                                                                                                                                                                                                                                                                                                                                                                                                                                                                                                                                                                                                                [39m[22m[1m[31m                                                                                                                                                                                                                                                                                                                                                                                                                                                                                                                                                                                                                                                                                                                                                                                                                                                                                                                                                                                                                                                                                                                                                                                                                                                                                                                                                                                                                                                                                                                                                                                                                                                                                                                                                                                                                                                                                                                                                                                                                                                                                [39m[22m[1m[31m                                                                                                                                                                                                                                                                                                                                                                                                                                                                                                                                                                                                                                                                                                                                                                                                                                                                                                                                                                                                                                                                                                                                                                                                                                                                                                                                                                                                                                                                                                                                                                                                                                                                                                                                                                                                                                                                                                                                                                                                                                                                                [39m[22m[1m[31m                                                                                                                                                                                                                                                                                                                                                                                                                                                                                                                                                                                                                                                                                                                                                                                                                                                                                                                                                                                                                                                                                                                                                                                                                                                                                                                                                                                                                                                                                                                                                                                                                                                                                                                                                                                                                                                                                                                                                                                                                                                                                [39m[22m[1m[31m                                                                                                                                                                                                                                                                                                                                                                                                                                                                                                                                                                                                                                                                                                                                                                                                                                                                                                                                                                                                                                                                                                                                                                                                                                                                                                                                                                                                                                                                                                                                                                                                                                                                                                                                                                                                                                                                                                                                                                                                                                                                                [39m[22m[1m[31m                                                                                                                                                                                                                                                                                                                                                                                                                                                                                                                                                                                                                                                                                                                                                                                                                                                                                                                                                                                                                                                                                                                                                                                                                                                                                                                                                                                                                                                                                                                                                                                                                                                                                                                                                                                                                                                                                                                                                                                                                                                                                [39m[22m[1m[31m                                                                                                                                                                                                                                                                                                                                                                                                                                                                                                                                                                                                                                                                                                                                                                                                                                                                                                                                                                                                                                                                                                                                                                                                                                                                                                                                                                                                                                                                                                                                                                                                                                                                                                                                                                                                                                                                                                                                                                                                                                                                                [39m[22m[1m[31m                                                                                                                                                                                                                                                                                                                                                                                                                                                                                                                                                                                                                                                                                                                                                                                                                                                                                                                                                                                                                                                                                                                                                                                                                                                                                                                                                                                                                                                                                                                                                                                                                                                                                                                                                                                                                                                                                                                                                                                                                                                                                [39m[22m[1m[31m                                                                                                                                                                                                                                                                                                                                                                                                                                                                                                                                                                                                                                                                                                                                                                                                                                                                                                                                                                                                                                                                                                                                                                                                                                                                                                                                                                                                                                                                                                                                                                                                                                                                                                                                                                                                                                                                                                                                                                                                                                                                                [39m[22m[1m[31m                                                                                                                                                                                                                                                                                                                                                                                                                                                                                                                                                                                                                                                                                                                                                                                                                                                                                                                                                                                                                                                                                                                                                                                                                                                                                                                                                                                                                                                                                                                                                                                                                                                                                                                                                                                                                                                                                                                                                                                                                                                                                [39m[22m[1m[31m                                                                                                                                                                                                                                                                                                                                                                                                                                                                                                                                                                                                                                                                                                                                                                                                                                                                                                                                                                                                                                                                                                                                                                                                                                                                                                                                                                                                                                                                                                                                                                                                                                                                                                                                                                                                                                                                                                                                                                                                                                                                                [39m[22m[1m[31m                                                                                                                                                                                                                                                                                                                                                                                                                                                                                                                                                                                                                                                                                                                                                                                                                                                                                                                                                                                                                                                                                                                                                                                                                                                                                                                                                                                                                                                                                                                                                                                                                                                                                                                                                                                                                                                                                                                                                                                                                                                                                [39m[22m[1m[31m                                                                                                                                                                                                                                                                                                                                                                                                                                                                                                                                                                                                                                                                                                                                                                                                                                                                                                                                                                                                                                                                                                                                                                                                                                                                                                                                                                                                                                                                                                                                                                                                                                                                                                                                                                                                                                                                                                                                                                                                                                                                                [39m[22m[1m[31m                                                                                                                                                                                                                                                                                                                                                                                                                                                                                                                                                                                                                                                                                                                                                                                                                                                                                                                                                                                                                                                                                                                                                                                                                                                                                                                                                                                                                                                                                                                                                                                                                                                                                                                                                                                                                                                                                                                                                                                                                                                                                [39m[22m[1m[31m                                                                                                                                                                                                                                                                                                                                                                                                                                                                                                                                                                                                                                                                                                                                                                                                                                                                                                                                                                                                                                                                                                                                                                                                                                                                                                                                                                                                                                                                                                                                                                                                                                                                                                                                                                                                                                                                                                                                                                                                                                                                                [39m[22m[1m[31m                                                                                                                                                                                                                                                                                                                                                                                                                                                                                                                                                                                                                                                                                                                                                                                                                                                                                                                                                                                                                                                                                                                                                                                                                                                                                                                                                                                                                                                                                                                                                                                                                                                                                                                                                                                                                                                                                                                                                                                                                                                                                [39m[22m[1m[31m                                                                                                                                                                                                                                                                                                                                                                                                                                                                                                                                                                                                                                                                                                                                                                                                                                                                                                                                                                                                                                                                                                                                                                                                                                                                                                                                                                                                                                                                                                                                                                                                                                                                                                                                                                                                                                                                                                                                                                                                                                                                                [39m[22m[1m[31m                                                                                                                                                                                                                                                                                                                                                                                                                                                                                                                                                                                                                                                                                                                                                                                                                                                                                                                                                                                                                                                                                                                                                                                                                                                                                                                                                                                                                                                                                                                                                                                                                                                                                                                                                                                                                                                                                                                                                                                                                                                                                [39m[22m[1m[31m                                                                                                                                                                                                                                                                                                                                                                                                                                                                                                                                                                                                                                                                                                                                                                                                                                                                                                                                                                                                                                                                                                                                                                                                                                                                                                                                                                                                                                                                                                                                                                                                                                                                                                                                                                                                                                                                                                                                                                                                                                                                                [39m[22m[1m[31m                                                                                                                                                                                                                                                                                                                                                                                                                                                                                                                                                                                                                                                                                                                                                                                                                                                                                                                                                                                                                                                                                                                                                                                                                                                                                                                                                                                                                                                                                                                                                                                                                                                                                                                                                                                                                                                                                                                                                                                                                                                                                [39m[22m[1m[31m                                                                                                                                                                                                                                                                                                                                                                                                                                                                                                                                                                                                                                                                                                                                                                                                                                                                                                                                                                                                                                                                                                                                                                                                                                                                                                                                                                                                                                                                                                                                                                                                                                                                                                                                                                                                                                                                                                                                                                                                                                                                                [39m[22m[1m[31m                                                                                                                                                                                                                                                                                                                                                                                                                                                                                                                                                                                                                                                                                                                                                                                                                                                                                                                                                                                                                                                                                                                                                                                                                                                                                                                                                                                                                                                                                                                                                                                                                                                                                                                                                                                                                                                                                                                                                                                                                                                                                [39m[22m[1m[31m                                                                                                                                                                                                                                                                                                                                                                                                                                                                                                                                                                                                                                                                                                                                                                                                                                                                                                                                                                                                                                                                                                                                                                                                                                                                                                                                                                                                                                                                                                                                                                                                                                                                                                                                                                                                                                                                                                                                                                                                                                                                                [39m[22m[1m[31m                                                                                                                                                                                                                                                                                                                                                                                                                                                                                                                                                                                                                                                                                                                                                                                                                                                                                                                                                                                                                                                                                                                                                                                                                                                                                                                                                                                                                                                                                                                                                                                                                                                                                                                                                                                                                                                                                                                                                                                                                                                                                [39m[22m[1m[31m                                                                                                                                                                                                                                                                                                                                                                                                                                                                                                                                                                                                                                                                                                                                                                                                                                                                                                                                                                                                                                                                                                                                                                                                                                                                                                                                                                                                                                                                                                                                                                                                                                                                                                                                                                                                                                                                                                                                                                                                                                                                                [39m[22m[1m[31m                                                                                                                                                                                                                                                                                                                                                                                                                                                                                                                                                                                                                                                                                                                                                                                                                                                                                                                                                                                                                                                                                                                                                                                                                                                                                                                                                                                                                                                                                                                                                                                                                                                                                                                                                                                                                                                                                                                                                                                                                                                                                [39m[22m[1m[31m                                                                                                                                                                                                                                                                                                                                                                                                                                                                                                                                                                                                                                                                                                                                                                                                                                                                                                                                                                                                                                                                                                                                                                                                                                                                                                                                                                                                                                                                                                                                                                                                                                                                                                                                                                                                                                                                                                                                                                                                                                                                                [39m[22m[1m[31m                                                                                                                                                                                                                                                                                                                                                                                                                                                                                                                                                                                                                                                                                                                                                                                                                                                                                                                                                                                                                                                                                                                                                                                                                                                                                                                                                                                                                                                                                                                                                                                                                                                                                                                                                                                                                                                                                                                                                                                                                                                                                [39m[22m[1m[31m                                                                                                                                                                                                                                                                                                                                                                                                                                                                                                                                                                                                                                                                                                                                                                                                                                                                                                                                                                                                                                                                                                                                                                                                                                                                                                                                                                                                                                                                                                                                                                                                                                                                                                                                                                                                                                                                                                                                                                                                                                                                                [39m[22m[1m[31m                                                                                                                                                                                                                                                                                                                                                                                                                                                                                                                                                                                                                                                                                                                                                                                                                                                                                                                                                                                                                                                                                                                                                                                                                                                                                                                                                                                                                                                                                                                                                                                                                                                                                                                                                                                                                                                                                                                                                                                                                                                                                [39m[22m[1m[31m                                                                                                                                                                                                                                                                                                                                                                                                                                                                                                                                                                                                                                                                                                                                                                                                                                                                                                                                                                                                                                                                                                                                                                                                                                                                                                                                                                                                                                                                                                                                                                                                                                                                                                                                                                                                                                                                                                                                                                                                                                                                                [39m[22m[1m[31m                                                                                                                                                                                                                                                                                                                                                                                                                                                                                                                                                                                                                                                                                                                                                                                                                                                                                                                                                                                                                                                                                                                                                                                                                                                                                                                                                                                                                                                                                                                                                                                                                                                                                                                                                                                                                                                                                                                                                                                                                                                                                [39m[22m[1m[31m                                                                                                                                                                                                                                                                                                                                                                                                                                                                                                                                                                                                                                                                                                                                                                                                                                                                                                                                                                                                                                                                                                                                                                                                                                                                                                                                                                                                                                                                                                                                                                                                                                                                                                                                                                                                                                                                                                                                                                                                                                                                                [39m[22m[1m[31m                                                                                                                                                                                                                                                                                                                                                                                                                                                                                                                                                                                                                                                                                                                                                                                                                                                                                                                                                                                                                                                                                                                                                                                                                                                                                                                                                                                                                                                                                                                                                                                                                                                                                                                                                                                                                                                                                                                                                                                                                                                                                [39m[22m[1m[31m                                                                                                                                                                                                                                                                                                                                                                                                                                                                                                                                                                                                                                                                                                                                                                                                                                                                                                                                                                                                                                                                                                                                                                                                                                                                                                                                                                                                                                                                                                                                                                                                                                                                                                                                                                                                                                                                                                                                                                                                                                                                                [39m[22m[1m[31m                                                                                                                                                                                                                                                                                                                                                                                                                                                                                                                                                                                                                                                                                                                                                                                                                                                                                                                                                                                                                                                                                                                                                                                                                                                                                                                                                                                                                                                                                                                                                                                                                                                                                                                                                                                                                                                                                                                                                                                                                                                                                [39m[22m[1m[31m                                                                                                                                                                                                                                                                                                                                                                                                                                                                                                                                                                                                                                                                                                                                                                                                                                                                                                                                                                                                                                                                                                                                                                                                                                                                                                                                                                                                                                                                                                                                                                                                                                                                                                                                                                                                                                                                                                                                                                                                                                                                                [39m[22m[1m[31m                                                                                                                                                                                                                                                                                                                                                                                                                                                                                                                                                                                                                                                                                                                                                                                                                                                                                                                                                                                                                                                                                                                                                                                                                                                                                                                                                                                                                                                                                                                                                                                                                                                                                                                                                                                                                                                                                                                                                                                                                                                                                [39m[22m[1m[31m                                                                                                                                                                                                                                                                                                                                                                                                                                                                                                                                                                                                                                                                                                                                                                                                                                                                                                                                                                                                                                                                                                                                                                                                                                                                                                                                                                                                                                                                                                                                                                                                                                                                                                                                                                                                                                                                                                                                                                                                                                                                                [39m[22m[1m[31m                                                                                                                                                                                                                                                                                                                                                                                                                                                                                                                                                                                                                                                                                                                                                                                                                                                                                                                                                                                                                                                                                                                                                                                                                                                                                                                                                                                                                                                                                                                                                                                                                                                                                                                                                                                                                                                                                                                                                                                                                                                                                [39m[22m[1m[31m                                                                                                                                                                                                                                                                                                                                                                                                                                                                                                                                                                                                                                                                                                                                                                                                                                                                                                                                                                                                                                                                                                                                                                                                                                                                                                                                                                                                                                                                                                                                                                                                                                                                                                                                                                                                                                                                                                                                                                                                                                                                                [39m[22m[1m[31m                                                                                                                                                                                                                                                                                                                                                                                                                                                                                                                                                                                                                                                                                                                                                                                                                                                                                                                                                                                                                                                                                                                                                                                                                                                                                                                                                                                                                                                                                                                                                                                                                                                                                                                                                                                                                                                                                                                                                                                                                                                                                [39m[22m[1m[31m                                                                                                                                                                                                                                                                                                                                                                                                                                                                                                                                                                                                                                                                                                                                                                                                                                                                                                                                                                                                                                                                                                                                                                                                                                                                                                                                                                                                                                                                                                                                                                                                                                                                                                                                                                                                                                                                                                                                                                                                                                                                                [39m[22m[1m[31m                                                                                                                                                                                                                                                                                                                                                                                                                                                                                                                                                                                                                                                                                                                                                                                                                                                                                                                                                                                                                                                                                                                                                                                                                                                                                                                                                                                                                                                                                                                                                                                                                                                                                                                                                                                                                                                                                                                                                                                                                                                                                [39m[22m[1m[31m                                                                                                                                                                                                                                                                                                                                                                                                                                                                                                                                                                                   [1m[31m^[39m[31m[91m[22m[1m[39m[31m[0m[39m[22m
[1m[31m[0m[91m [90m 7 | [39m[31m[91m[90m/*# sourceMappingURL=bootstrap.min.css.map */[39m[31m[91m[39m[31m[0m[39m[22m
[1m[31m[0m[91m[39m[31m[0m[39m[22m
[1m[31m[0m[91m    at Object.emitError (/Users/zefram/Documents/GitHub/astrodrop-frontend/node_modules/@angular-builders/custom-webpack/node_modules/webpack/lib/NormalModule.js:173:6)[39m[31m[0m[39m[22m
[1m[31m[0m[91m    at Declaration (/Users/zefram/Documents/GitHub/astrodrop-frontend/node_modules/@angular-builders/custom-webpack/node_modules/@angular-devkit/build-angular/src/webpack/plugins/postcss-cli-resources.js:123:28)[39m[31m[0m[39m[22m
[1m[31m[0m[91m    at runMicrotasks (<anonymous>)[39m[31m[0m[39m[22m
[1m[31m[0m[91m    at processTicksAndRejections (node:internal/process/task_queues:96:5)[39m[31m[0m[39m[22m
[1m[31m[0m[91m    at async LazyResult.runAsync (/Users/zefram/Documents/GitHub/astrodrop-frontend/node_modules/@angular-builders/custom-webpack/node_modules/postcss/lib/lazy-result.js:375:15)[39m[31m[0m[39m[22m
[1m[31m[0m[91m    at async Object.loader (/Users/zefram/Documents/GitHub/astrodrop-frontend/node_modules/@angular-builders/custom-webpack/node_modules/postcss-loader/dist/index.js:95:14)[39m[31m[0m[39m[22m
[1m[31m[0m[91m[39m[31m[0m[39m[22m
[1m[31m[0m[91m[39m[31m[0m[39m[22m
- Generating browser application bundles...
[32m✔[39m Browser application bundle generation complete.
[1m[33m[39m[22m
[1m[33m[0m[93mWarning: Emitted no files.[39m[33m[0m[39m[22m
[1m[33m[0m[93m[39m[33m[0m[39m[22m
[1m[33m[0m[93m[39m[33m[0m[39m[22m
[1m[33m[0m[93m[39m[33m[0m[39m[22m
[1m[31m[39m[22m
[1m[31m[0m[91mError: ./src/assets/css/bootstrap-reboot.min.css[39m[31m[0m[39m[22m
[1m[31m[0m[91mModule build failed (from ./node_modules/@angular-builders/custom-webpack/node_modules/mini-css-extract-plugin/dist/loader.js):[39m[31m[0m[39m[22m
[1m[31m[0m[91mModuleError: Module Error (from ./node_modules/@angular-builders/custom-webpack/node_modules/postcss-loader/dist/cjs.js):[39m[31m[0m[39m[22m
[1m[31m[0m[91m(Emitted value instead of an instance of Error) CssSyntaxError: /Users/zefram/Documents/GitHub/astrodrop-frontend/src/assets/css/bootstrap-reboot.min.css:7:39: Can't resolve 'assets/fonts/Px437_IBM_EGA8.otf' in '/Users/zefram/Documents/GitHub/astrodrop-frontend/src/assets/css'[39m[31m[0m[39m[22m
[1m[31m[0m[91m[39m[31m[0m[39m[22m
[1m[31m[0m[91m [90m 5 | [39m[31m[91m[90m * Licensed under MIT (https://github.com/twbs/bootstrap/blob/master/LICENSE)[39m[31m[91m[39m[31m[0m[39m[22m
[1m[31m[0m[91m [90m 6 | [39m[31m[91m[90m * Forked from Normalize.css, licensed MIT (https://github.com/necolas/normalize.css/blob/master/LICENSE.md)[39m[31m[91m[39m[31m[0m[39m[22m
[1m[31m[0m[91m[1m[31m>[39m[31m[91m[22m[1m[90m 7 | [39m[31m[91m[90m */[39m[31m[91m[36m@font-face[39m[31m[91m[33m{[39m[31m[91mfont-family[33m:[39m[31m[91mDOS[33m;[39m[31m[91msrc[33m:[39m[31m[91m[36murl[39m[31m[91m[36m(assets/fonts/Px437_IBM_EGA8.otf)[39m[31m[91m [36mformat[39m[31m[91m[36m([39m[31m[91m[32m"opentype"[39m[31m[91m[36m)[39m[31m[91m[33m;[39m[31m[91mfont-weight[33m:[39m[31m[91m400[33m;[39m[31m[91mfont-style[33m:[39m[31m[91mnormal[33m;[39m[31m[91m-webkit-font-kerning[33m:[39m[31m[91mnone[33m;[39m[31m[91mfont-kerning[33m:[39m[31m[91mnone[33m;[39m[31m[91mfont-synthesis[33m:[39m[31m[91mnone[33m;[39m[31m[91m-webkit-font-variant-ligatures[33m:[39m[31m[91mnone[33m;[39m[31m[91mfont-variant-ligatures[33m:[39m[31m[91mnone[33m;[39m[31m[91mfont-variant-numeric[33m:[39m[31m[91mtabular-nums[33m}[39m[31m[91m*,[33m:[39m[31m[91m[33m:[39m[31m[91mafter,[33m:[39m[31m[91m[33m:[39m[31m[91mbefore[33m{[39m[31m[91mbox-sizing[33m:[39m[31m[91mborder-box[33m}[39m[31m[91mhtml[33m{[39m[31m[91mfont-family[33m:[39m[31m[91mDOS,monospace[33m;[39m[31m[91mline-height[33m:[39m[31m[91m14px[33m;[[39m[22m[1m[31m39m[91m-webkit-text-size-adjust[33m:[39m[31m[91m100%[33m;[39m[31m[91m-webkit-tap-highlight-color[33m:[39m[31m[91mtransparent[33m;[39m[31m[91mline-height-step[33m:[39m[31m[91m14px[33m}[39m[31m[91marticle,aside,figcaption,figure,footer,header,hgroup,main,nav,section[33m{[39m[31m[91mdisplay[33m:[39m[31m[91mblock[33m}[39m[31m[91mbody[33m{[39m[31m[91mmargin[33m:[39m[31m[91m0[33m;[39m[31m[91mfont-family[33m:[39m[31m[91mDOS,Monaco,Menlo,Consolas,[32m"Courier New"[39m[31m[91m,monospace[33m;[39m[31m[91mfont-weight[33m:[39m[31m[91m400[33m;[39m[31m[91mline-height[33m:[39m[31m[91m14px[33m;[39m[31m[91mfont-size[33m:[39m[31m[91m16px[33m;[39m[31m[91mcolor[33m:[39m[31m[91m[35m#bbb[39m[31m[91m[33m;[39m[31m[91mtext-align[33m:[39m[31m[91mleft[33m;[39m[31m[91mbackground-color[33m:[39m[31m[91m[35m#000084[39m[31m[91m[33m;[39m[31m[91m-webkit-font-kerning[33m:[39m[31m[91mnone[33m;[39m[31m[91mfont-kerning[33m:[39m[31m[91mnone[33m;[39m[31m[91mtext-rendering[33m:[39m[31m[91mgeometricPrecision[33m}[39m[31m[91m[33m[[39m[31m[91mtabindex=[32m"-1"[39m[31m[91m[33m][39m[31m[91m[33m:[39m[31m[91mfocus[33m:[39m[31m[91m[36mnot[39m[31m[91m[36m(:focus-visible)[39m[31m[91m[33m{[39m[31m[91moutline[33m:[39m[31m[91m0!important[33m}[39m[31m[91mhr[33m{[39m[31m[91mbox-sizing[33m:[39m[31m[91mcontent-box[33m;[39m[31m[91mheight[33m:[39m[31m[91m0[33m;[39m[31m[91moverflow[33m:[39m[31m[91mvisible[33m}[39m[31m[91mh1,h2,h3,h4,h5,h6[33m{[39m[31m[91mmargin-top[33m:[39m[31m[91m0[33m;[39m[31m[91mmargin-bottom[33m:[39m[31m[91m14px[33m;[39m[31m[91mfont-weight[33m:[39m[31m[91m400[33m}[39m[31m[91mp[33m{[39m[31m[91mmargin-top[33m:[39m[31m[91m0[33m;[39m[31m[91mmargin-bottom[33m:[39m[31m[91m14px[33m}[39m[31m[91mabbr[33m[[39m[31m[91mdata-original-title[33m][39m[31m[91m,abbr[33m[[39m[31m[91mtitle[33m][39m[31m[91m[33m{[39m[31m[91mtext-decoration[33m:[39m[31m[91mnone[33m;[39m[31m[91mcursor[33m:[39m[31m[91mhelp[33m;[39m[31m[91mborder-bottom[33m:[39m[31m[91m0[33m;[39m[31m[91m-webkit-text-decoration-skip-ink[33m:[39m[31m[91mnone[33m;[39m[31m[91mtext-decoration-skip-ink[33m:[39m[31m[91mnone[33m}[39m[31m[91maddress[39m[22m[1m[31m[33m{[39m[31m[91mmargin-bottom[33m:[39m[31m[91m14px[33m;[39m[31m[91mfont-style[33m:[39m[31m[91mnormal[33m;[39m[31m[91mline-height[33m:[39m[31m[91minherit[33m}[39m[31m[91mdl,ol,ul[33m{[39m[31m[91mmargin-top[33m:[39m[31m[91m0[33m;[39m[31m[91mmargin-left[33m:[39m[31m[91m8px[33m;[39m[31m[91mpadding-left[33m:[39m[31m[91m0[33m;[39m[31m[91mmargin-bottom[33m:[39m[31m[91m14px[33m}[39m[31m[91mli[33m{[39m[31m[91mpadding-left[33m:[39m[31m[91m8px[33m}[39m[31m[91mol ol,ol ul,ul ol,ul ul[33m{[39m[31m[91mmargin-bottom[33m:[39m[31m[91m0[33m}[39m[31m[91mdt[33m{[39m[31m[91mfont-weight[33m:[39m[31m[91m400[33m}[39m[31m[91mdd[33m{[39m[31m[91mmargin-bottom[33m:[39m[31m[91m14px[33m;[39m[31m[91mmargin-left[33m:[39m[31m[91m0[33m}[39m[31m[91mblockquote[33m{[39m[31m[91mmargin[33m:[39m[31m[91m0 0 14px[33m}[39m[31m[91mb,strong[33m{[39m[31m[91mfont-weight[33m:[39m[31m[91m400[33m}[39m[31m[91mb[33m:[39m[31m[91m[33m:[39m[31m[91mafter,b[33m:[39m[31m[91m[33m:[39m[31m[91mbefore,strong[33m:[39m[31m[91m[33m:[39m[31m[91mafter,strong[33m:[39m[31m[91m[33m:[39m[31m[91mbefore[33m{[39m[31m[91mcontent[33m:[39m[31m[91m[32m'*'[39m[31m[91m[33m}[39m[31m[91msmall[33m{[39m[31m[91mfont-size[33m:[39m[31m[91m16px[33m}[39m[31m[91msub,sup[33m{[39m[31m[91mposition[33m:[39m[31m[91mrelative[33m;[39m[31m[91mline-height[33m:[39m[31m[91m0[33m;[39m[31m[91mvertical-align[33m:[39m[31m[91mbaseline[33m}[39m[31m[91msub[33m{[39m[31m[91mbottom[33m:[39m[31m[91m0[33m}[39m[31m[91msup[33m{[39m[31m[91mtop[33m:[39m[31m[91m0[33m}[39m[31m[91ma[33m{[39m[31m[91mcolor[33m:[39m[31m[91m[35m#ff5[39m[31m[91m[33m;[39m[31m[91mtext-decoration[33m:[39m[31m[91mnone[33m;[39m[31m[91mbackground-color[33m:[39m[31m[91mtransparent[33m}[39m[31m[91ma[33m:[39m[31m[91mhover[33m{[39m[31m[91mcolor[33m:[39m[31m[91m[35m#bbb[39m[31m[91m[33m;[39m[31m[91mbackground-color[33m:[39m[31m[91m[35m#000[39m[31m[91m[33m}[39m[31m[91mem[33m{[39m[31m[91mfont-style[33m:[39m[31m[91mnormal[33m}[39m[31m[91mem[33m:[39m[31m[91m[33m:[39m[31m[91mafter,em[33m:[39m[31m[91m[33m:[39m[31m[91mbefore[33m{[39m[31m[91mcontent[33m:[39m[31m[91m[32m"/"[39m[31m[91m[33m}[39m[31m[91ma[33m:[39m[31m[39m[22m[1m[31m[91m[36mnot[39m[31m[91m[36m([href])[39m[31m[91m[33m{[39m[31m[91mcolor[33m:[39m[31m[91minherit[33m;[39m[31m[91mtext-decoration[33m:[39m[31m[91mnone[33m}[39m[31m[91ma[33m:[39m[31m[91m[36mnot[39m[31m[91m[36m([href])[39m[31m[91m[33m:[39m[31m[91mhover[33m{[39m[31m[91mcolor[33m:[39m[31m[91minherit[33m;[39m[31m[91mtext-decoration[33m:[39m[31m[91mnone[33m}[39m[31m[91mcode,kbd,pre,samp[33m{[39m[31m[91mfont-family[33m:[39m[31m[91mDOS,Monaco,Menlo,Consolas,[32m"Courier New"[39m[31m[91m,monospace[33m;[39m[31m[91mfont-size[33m:[39m[31m[91m16px[33m}[39m[31m[91mpre[33m{[39m[31m[91mmargin-top[33m:[39m[31m[91m0[33m;[39m[31m[91mmargin-bottom[33m:[39m[31m[91m14px[33m;[39m[31m[91moverflow[33m:[39m[31m[91mauto[33m}[39m[31m[91mfigure[33m{[39m[31m[91mmargin[33m:[39m[31m[91m0 0 14px[33m}[39m[31m[91mimg[33m{[39m[31m[91mvertical-align[33m:[39m[31m[91mmiddle[33m;[39m[31m[91mborder-style[33m:[39m[31m[91mnone[33m}[39m[31m[91msvg[33m{[39m[31m[91moverflow[33m:[39m[31m[91mhidden[33m;[39m[31m[91mvertical-align[33m:[39m[31m[91mmiddle[33m}[39m[31m[91mtable[33m{[39m[31m[91mborder-collapse[33m:[39m[31m[91mcollapse[33m;[39m[31m[91mborder-spacing[33m:[39m[31m[91m0[33m}[39m[31m[91mcaption[33m{[39m[31m[91mpadding-top[33m:[39m[31m[91m0[33m;[39m[31m[91mpadding-bottom[33m:[39m[31m[91m0[33m;[39m[31m[91mcolor[33m:[39m[31m[91m[35m#555[39m[31m[91m[33m;[39m[31m[91mtext-align[33m:[39m[31m[91mleft[33m;[39m[31m[91mcaption-side[33m:[39m[31m[91mbottom[33m}[39m[31m[91mth[33m{[39m[31m[91mtext-align[33m:[39m[31m[91minherit[33m;[39m[31m[91mfont-weight[33m:[39m[31m[91m400[33m;[39m[31m[91mcolor[33m:[39m[31m[91m[35m#fff[39m[31m[91m[33m}[39m[31m[91mlabel[33m{[39m[31m[91mdisplay[33m:[39m[31m[91minline-block[33m;[39m[31m[91mmargin-bottom[33m:[39m[31m[91m0[33m}[39m[31m[91mbutton[33m{[39m[31m[91mborder-radius[33m:[39m[31m[91m0[33m;[39m[31m[91mpadding[33m:[39m[31m[91m0[33m}[39m[31m[91mbutton[33m:[39m[31m[91mfocus[33m{[39m[31m[91moutline[33m:[39m[31m[91m0 dotted[33m;[39m[31m[91moutline[33m:[39m[31m[91m5px auto -webkit-focus-ring-color[33m}[39m[31m[91mbutton,input,optgroup,select,textarea[33m{[39m[31m[91mmargin[33m[39m[22m[1m[31m:[39m[31m[91m0[33m;[39m[31m[91mfont[33m:[39m[31m[91m400 16px DOS!important[33m;[39m[31m[91mline-height[33m:[39m[31m[91m14px[33m}[39m[31m[91moption[33m{[39m[31m[91mpadding[33m:[39m[31m[91m0[33m;[39m[31m[91mmin-height[33m:[39m[31m[91m0[33m;[39m[31m[91mline-height[33m:[39m[31m[91m14px[33m}[39m[31m[91mbutton,input[33m{[39m[31m[91moverflow[33m:[39m[31m[91mvisible[33m}[39m[31m[91minput[33m:[39m[31m[91m[33m:[39m[31m[91mfocus[33m{[39m[31m[91mcolor[33m:[39m[31m[91m[35m#00f[39m[31m[91m[33m;[39m[31m[91moutline[33m:[39m[31m[91m0[33m}[39m[31m[91m[33m:[39m[31m[91mfocus[33m{[39m[31m[91moutline[33m:[39m[31m[91m0[33m}[39m[31m[91mbutton,select[33m{[39m[31m[91mtext-transform[33m:[39m[31m[91mnone[33m}[39m[31m[91mselect[33m{[39m[31m[91mword-wrap[33m:[39m[31m[91mnormal[33m}[39m[31m[91m[33m[[39m[31m[91mtype=button[33m][39m[31m[91m,[33m[[39m[31m[91mtype=reset[33m][39m[31m[91m,[33m[[39m[31m[91mtype=submit[33m][39m[31m[91m,button[33m{[39m[31m[91m-webkit-appearance[33m:[39m[31m[91mbutton[33m}[39m[31m[91m[33m[[39m[31m[91mtype=button[33m][39m[31m[91m[33m:[39m[31m[91m[36mnot[39m[31m[91m[36m(:disabled)[39m[31m[91m,[33m[[39m[31m[91mtype=reset[33m][39m[31m[91m[33m:[39m[31m[91m[36mnot[39m[31m[91m[36m(:disabled)[39m[31m[91m,[33m[[39m[31m[91mtype=submit[33m][39m[31m[91m[33m:[39m[31m[91m[36mnot[39m[31m[91m[36m(:disabled)[39m[31m[91m,button[33m:[39m[31m[91m[36mnot[39m[31m[91m[36m(:disabled)[39m[31m[91m[33m{[39m[31m[91mcursor[33m:[39m[31m[91mpointer[33m}[39m[31m[91m[33m[[39m[31m[91mtype=button[33m][39m[31m[91m[33m:[39m[31m[91m[33m:[39m[31m[91m-moz-focus-inner,[33m[[39m[31m[91mtype=reset[33m][39m[31m[91m[33m:[39m[31m[91m[33m:[39m[31m[91m-moz-focus-inner,[33m[[39m[31m[91mtype=submit[33m][39m[31m[91m[33m:[39m[31m[91m[33m:[39m[31m[91m-moz-focus-inner,button[33m:[39m[31m[91m[33m:[39m[31m[91m-moz-focus-inner[33m{[39m[31m[91mpadding[33m:[39m[31m[91m0[33m;[39m[31m[91mborder-style[33m:[39m[31m[91mnone[33m}[39m[31m[91minput[33m[[39m[31m[91mtype=checkbox[33m][39m[31m[91m,input[33m[[39m[31m[91mtype=radio[33m][39m[31m[91m[33m{[39m[31m[91mbox-sizing[33m:[39m[31m[91mborder-box[33m;[39m[31m[91mpadding[33m:[[39m[22m[1m[31m39m[91m0[33m}[39m[31m[91minput[33m[[39m[31m[91mtype=date[33m][39m[31m[91m,input[33m[[39m[31m[91mtype=datetime-local[33m][39m[31m[91m,input[33m[[39m[31m[91mtype=month[33m][39m[31m[91m,input[33m[[39m[31m[91mtype=time[33m][39m[31m[91m[33m{[39m[31m[91m-webkit-appearance[33m:[39m[31m[91mlistbox[33m}[39m[31m[91mtextarea[33m{[39m[31m[91moverflow[33m:[39m[31m[91mauto[33m;[39m[31m[91mresize[33m:[39m[31m[91mvertical[33m}[39m[31m[91mfieldset[33m{[39m[31m[91mmin-width[33m:[39m[31m[91m0[33m;[39m[31m[91mpadding[33m:[39m[31m[91m0[33m;[39m[31m[91mmargin[33m:[39m[31m[91m0[33m;[39m[31m[91mborder[33m:[39m[31m[91m0[33m}[39m[31m[91mlegend[33m{[39m[31m[91mdisplay[33m:[39m[31m[91mblock[33m;[39m[31m[91mwidth[33m:[39m[31m[91m100%[33m;[39m[31m[91mmax-width[33m:[39m[31m[91m100%[33m;[39m[31m[91mpadding[33m:[39m[31m[91m0[33m;[39m[31m[91mmargin-bottom[33m:[39m[31m[91m14px[33m;[39m[31m[91mfont-size[33m:[39m[31m[91m16px[33m;[39m[31m[91mline-height[33m:[39m[31m[91minherit[33m;[39m[31m[91mcolor[33m:[39m[31m[91minherit[33m;[39m[31m[91mwhite-space[33m:[39m[31m[91mnormal[33m}[39m[31m[91mprogress[33m{[39m[31m[91mvertical-align[33m:[39m[31m[91mbaseline[33m}[39m[31m[91m[33m[[39m[31m[91mtype=number[33m][39m[31m[91m[33m:[39m[31m[91m[33m:[39m[31m[91m-webkit-inner-spin-button,[33m[[39m[31m[91mtype=number[33m][39m[31m[91m[33m:[39m[31m[91m[33m:[39m[31m[91m-webkit-outer-spin-button[33m{[39m[31m[91mheight[33m:[39m[31m[91mauto[33m}[39m[31m[91m[33m[[39m[31m[91mtype=search[33m][39m[31m[91m[33m{[39m[31m[91moutline-offset[33m:[39m[31m[91m-2px[33m;[39m[31m[91m-webkit-appearance[33m:[39m[31m[91mnone[33m}[39m[31m[91m[33m[[39m[31m[91mtype=search[33m][39m[31m[91m[33m:[39m[31m[91m[33m:[39m[31m[91m-webkit-search-decoration[33m{[39m[31m[91m-webkit-appearance[33m:[39m[31m[91mnone[33m}[39m[31m[91m[33m:[39m[31m[91m[33m:[39m[31m[91m-webkit-file-upload-button[33m{[39m[31m[91mfont[33m:[39m[31m[91minherit[33m;[39m[31m[91m-webkit-appearance[33m:[39m[31m[91mbutton[33m}[39m[31m[91moutput[33m{[39m[31m[91mdisplay[33m:[39m[31m[91minline-block[33m}[39m[31m[91msummary[33m{[39m[31m[91mdisplay[33m:[39m[31m[91mlist-item[33m;[39m[22m[1m[31m[39m[31m[91mcursor[33m:[39m[31m[91mpointer[33m}[39m[31m[91mtemplate[33m{[39m[31m[91mdisplay[33m:[39m[31m[91mnone[33m}[39m[31m[91m[33m[[39m[31m[91mhidden[33m][39m[31m[91m[33m{[39m[31m[91mdisplay[33m:[39m[31m[91mnone!important[33m}[39m[31m[91m[39m[31m[0m[39m[22m
[1m[31m[0m[91m [90m   | [39m[31m[91m                                      [1m[31m^[39m[31m[91m[22m[1m[39m[31m[0m[39m[22m
[1m[31m[0m[91m [90m 8 | [39m[31m[91m[90m/*# sourceMappingURL=bootstrap-reboot.min.css.map */[39m[31m[91m[39m[31m[0m[39m[22m
[1m[31m[0m[91m[39m[31m[0m[39m[22m
[1m[31m[0m[91m    at Object.emitError (/Users/zefram/Documents/GitHub/astrodrop-frontend/node_modules/@angular-builders/custom-webpack/node_modules/webpack/lib/NormalModule.js:173:6)[39m[31m[0m[39m[22m
[1m[31m[0m[91m    at Declaration (/Users/zefram/Documents/GitHub/astrodrop-frontend/node_modules/@angular-builders/custom-webpack/node_modules/@angular-devkit/build-angular/src/webpack/plugins/postcss-cli-resources.js:123:28)[39m[31m[0m[39m[22m
[1m[31m[0m[91m    at runMicrotasks (<anonymous>)[39m[31m[0m[39m[22m
[1m[31m[0m[91m    at processTicksAndRejections (node:internal/process/task_queues:96:5)[39m[31m[0m[39m[22m
[1m[31m[0m[91m    at async LazyResult.runAsync (/Users/zefram/Documents/GitHub/astrodrop-frontend/node_modules/@angular-builders/custom-webpack/node_modules/postcss/lib/lazy-result.js:375:15)[39m[31m[0m[39m[22m
[1m[31m[0m[91m    at async Object.loader (/Users/zefram/Documents/GitHub/astrodrop-frontend/node_modules/@angular-builders/custom-webpack/node_modules/postcss-loader/dist/index.js:95:14)[39m[31m[0m[39m[22m
[1m[31m[0m[91m[39m[31m[0m[39m[22m
[1m[31m[0m[91m[39m[31m[0m[0m[91mError: ./src/assets/css/bootstrap.min.css[39m[31m[0m[39m[22m
[1m[31m[0m[91mModule build failed (from ./node_modules/@angular-builders/custom-webpack/node_modules/mini-css-extract-plugin/dist/loader.js):[39m[31m[0m[39m[22m
[1m[31m[0m[91mModuleError: Module Error (from ./node_modules/@angular-builders/custom-webpack/node_modules/postcss-loader/dist/cjs.js):[39m[31m[0m[39m[22m
[1m[31m[0m[91m(Emitted value instead of an instance of Error) CssSyntaxError: /Users/zefram/Documents/GitHub/astrodrop-frontend/src/assets/css/bootstrap.min.css:6:58122: Can't resolve '../fonts/arrow-down.[39m[22m[1m[31msvg' in '/Users/zefram/Documents/GitHub/astrodrop-frontend/src/assets/css'[39m[31m[0m[39m[22m
[1m[31m[0m[91m[39m[31m[0m[39m[22m
[1m[31m[0m[91m [90m 4 | [39m[31m[91m[90m * Copyright 2011-2019 Twitter, Inc.[39m[31m[91m[39m[31m[0m[39m[22m
[1m[31m[0m[91m [90m 5 | [39m[31m[91m[90m * Licensed under MIT (https://github.com/twbs/bootstrap/blob/master/LICENSE)[39m[31m[91m[39m[31m[0m[39m[22m
[1m[31m[0m[91m[1m[31m>[39m[31m[91m[22m[1m[90m 6 | [39m[31m[91m[90m */[39m[31m[91m[33m:[39m[31m[91mroot[33m{[39m[31m[91m--blue[33m:[39m[31m[91m[35m#000084[39m[31m[91m[33m;[39m[31m[91m--indigo[33m:[39m[31m[91m[35m#55f[39m[31m[91m[33m;[39m[31m[91m--purple[33m:[39m[31m[91m[35m#aa00aa[39m[31m[91m[33m;[39m[31m[91m--pink[33m:[39m[31m[91m[35m#f5f[39m[31m[91m[33m;[39m[31m[91m--red[33m:[39m[31m[91m[35m#aa0000[39m[31m[91m[33m;[39m[31m[91m--orange[33m:[39m[31m[91m[35m#f55[39m[31m[91m[33m;[39m[31m[91m--yellow[33m:[39m[31m[91m[35m#ff5[39m[31m[91m[33m;[39m[31m[91m--green[33m:[39m[31m[91m[35m#00aa00[39m[31m[91m[33m;[39m[31m[91m--teal[33m:[39m[31m[91m[35m#00aaaa[39m[31m[91m[33m;[39m[31m[91m--cyan[33m:[39m[31m[91m[35m#00aaaa[39m[31m[91m[33m;[39m[31m[91m--white[33m:[39m[31m[91m[35m#fff[39m[31m[91m[33m;[39m[31m[91m--gray[33m:[39m[31m[91m[35m#bbbbbb[39m[31m[91m[33m;[39m[31m[91m--gray-dark[33m:[39m[31m[91m[35m#bbbbbb[39m[31m[91m[33m;[39m[31m[91m--primary[33m:[39m[31m[91m[35m#bbbbbb[39m[31m[91m[33m;[39m[31m[91m--secondary[33m:[39m[31m[91m[35m#bbbbbb[39m[31m[91m[33m;[39m[31m[91m--success[33m:[39m[31m[91m[35m#00aa00[39m[31m[91m[33m;[39m[31m[91m--info[33m:[39m[31m[91m[35m#00aaaa[39m[31m[91m[33m;[39m[31m[91m--warning[33m:[39m[31m[91m[35m#aa5500[39m[31m[91m[33m;[39m[31m[91m--danger[33m:[39m[31m[91m[35m#aa0000[39m[31m[91m[33m;[39m[31m[91m--light[33m:[39m[31m[91m[35m#fff[39m[31m[91m[33m;[39m[31m[91m--dark[33m:[39m[31m[91m[35m#000000[39m[31m[91m[33m;[39m[31m[91m--breakpoint-xs[33m:[39m[31m[91m0[33m;[39m[31m[91m--breakpoint-sm[33m:[39m[31m[91m576px[33m;[39m[31m[91m--breakpoint-md[33m:[39m[31m[91m768px[33m;[39m[31m[91m--breakpoint-lg[33m:[39m[31m[91m960px[33m;[39m[31m[91m--breakpoint-xl[33m:[39m[31m[91m1152px[33m;[39m[31m[91m--font-family-sans-serif[33m:[39m[31m[39m[22m[1m[31m[91mDOS,Monaco,Menlo,Consolas,[32m"Courier New"[39m[31m[91m,monospace[33m;[39m[31m[91m--font-family-monospace[33m:[39m[31m[91mDOS,Monaco,Menlo,Consolas,[32m"Courier New"[39m[31m[91m,monospace[33m}[39m[31m[91m[36m@font-face[39m[31m[91m[33m{[39m[31m[91mfont-family[33m:[39m[31m[91mDOS[33m;[39m[31m[91msrc[33m:[39m[31m[91m[36murl[39m[31m[91m[36m(../fonts/Px437_IBM_EGA8.otf)[39m[31m[91m [36mformat[39m[31m[91m[36m([39m[31m[91m[32m"opentype"[39m[31m[91m[36m)[39m[31m[91m[33m;[39m[31m[91mfont-weight[33m:[39m[31m[91m400[33m;[39m[31m[91mfont-style[33m:[39m[31m[91mnormal[33m;[39m[31m[91m-webkit-font-kerning[33m:[39m[31m[91mnone[33m;[39m[31m[91mfont-kerning[33m:[39m[31m[91mnone[33m;[39m[31m[91mfont-synthesis[33m:[39m[31m[91mnone[33m;[39m[31m[91m-webkit-font-variant-ligatures[33m:[39m[31m[91mnone[33m;[39m[31m[91mfont-variant-ligatures[33m:[39m[31m[91mnone[33m;[39m[31m[91mfont-variant-numeric[33m:[39m[31m[91mtabular-nums[33m}[39m[31m[91m*,[33m:[39m[31m[91m[33m:[39m[31m[91mafter,[33m:[39m[31m[91m[33m:[39m[31m[91mbefore[33m{[39m[31m[91mbox-sizing[33m:[39m[31m[91mborder-box[33m}[39m[31m[91mhtml[33m{[39m[31m[91mfont-family[33m:[39m[31m[91mDOS,monospace[33m;[39m[31m[91mline-height[33m:[39m[31m[91m14px[33m;[39m[31m[91m-webkit-text-size-adjust[33m:[39m[31m[91m100%[33m;[39m[31m[91m-webkit-tap-highlight-color[33m:[39m[31m[91mtransparent[33m;[39m[31m[91mline-height-step[33m:[39m[31m[91m14px[33m}[39m[31m[91marticle,aside,figcaption,figure,footer,header,hgroup,main,nav,section[33m{[39m[31m[91mdisplay[33m:[39m[31m[91mblock[33m}[39m[31m[91mbody[33m{[39m[31m[91mmargin[33m:[39m[31m[91m0[33m;[39m[31m[91mfont-family[33m:[39m[31m[91mDOS,Monaco,Menlo,Consolas,[32m"Courier New"[39m[31m[91m,monospace[33m;[39m[31m[91mfont-weight[33m:[39m[31m[91m400[33m;[39m[31m[91mline-height[33m:[39m[31m[91m14px[33m;[39m[31m[91mfont-size[33m:[39m[31m[91m16px[33m;[39m[31m[91mcolor[33m:[39m[31m[91m[35m#bbb[39m[31m[91m[33m;[39m[31m[91mtext-align[33m:[39m[31m[91mleft[33m;[39m[31m[91mbackground-color[33m:[39m[31m[91m[35m#000084[39m[31m[91m[33m;[39m[31m[91m-webkit-font-kerning[33m:[39m[31m[91mnone[[39m[22m[1m[31m33m;[39m[31m[91mfont-kerning[33m:[39m[31m[91mnone[33m;[39m[31m[91mtext-rendering[33m:[39m[31m[91mgeometricPrecision[33m}[39m[31m[91m[33m[[39m[31m[91mtabindex=[32m"-1"[39m[31m[91m[33m][39m[31m[91m[33m:[39m[31m[91mfocus[33m:[39m[31m[91m[36mnot[39m[31m[91m[36m(:focus-visible)[39m[31m[91m[33m{[39m[31m[91moutline[33m:[39m[31m[91m0!important[33m}[39m[31m[91mhr[33m{[39m[31m[91mbox-sizing[33m:[39m[31m[91mcontent-box[33m;[39m[31m[91mheight[33m:[39m[31m[91m0[33m;[39m[31m[91moverflow[33m:[39m[31m[91mvisible[33m}[39m[31m[91mh1,h2,h3,h4,h5,h6[33m{[39m[31m[91mmargin-top[33m:[39m[31m[91m0[33m;[39m[31m[91mmargin-bottom[33m:[39m[31m[91m14px[33m;[39m[31m[91mfont-weight[33m:[39m[31m[91m400[33m}[39m[31m[91mp[33m{[39m[31m[91mmargin-top[33m:[39m[31m[91m0[33m;[39m[31m[91mmargin-bottom[33m:[39m[31m[91m14px[33m}[39m[31m[91mabbr[33m[[39m[31m[91mdata-original-title[33m][39m[31m[91m,abbr[33m[[39m[31m[91mtitle[33m][39m[31m[91m[33m{[39m[31m[91mtext-decoration[33m:[39m[31m[91mnone[33m;[39m[31m[91mcursor[33m:[39m[31m[91mhelp[33m;[39m[31m[91mborder-bottom[33m:[39m[31m[91m0[33m;[39m[31m[91m-webkit-text-decoration-skip-ink[33m:[39m[31m[91mnone[33m;[39m[31m[91mtext-decoration-skip-ink[33m:[39m[31m[91mnone[33m}[39m[31m[91maddress[33m{[39m[31m[91mmargin-bottom[33m:[39m[31m[91m14px[33m;[39m[31m[91mfont-style[33m:[39m[31m[91mnormal[33m;[39m[31m[91mline-height[33m:[39m[31m[91minherit[33m}[39m[31m[91mdl,ol,ul[33m{[39m[31m[91mmargin-top[33m:[39m[31m[91m0[33m;[39m[31m[91mmargin-left[33m:[39m[31m[91m8px[33m;[39m[31m[91mpadding-left[33m:[39m[31m[91m0[33m;[39m[31m[91mmargin-bottom[33m:[39m[31m[91m14px[33m}[39m[31m[91mli[33m{[39m[31m[91mpadding-left[33m:[39m[31m[91m8px[33m}[39m[31m[91mol ol,ol ul,ul ol,ul ul[33m{[39m[31m[91mmargin-bottom[33m:[39m[31m[91m0[33m}[39m[31m[91mdt[33m{[39m[31m[91mfont-weight[33m:[39m[31m[91m400[33m}[39m[31m[91mdd[33m{[39m[31m[91mmargin-bottom[33m:[39m[31m[91m14px[33m;[39m[31m[91mmargin-left[33m:[39m[31m[91m0[33m}[39m[31m[91mblockquote[33m{[39m[31m[91mmargin[33m:[39m[31m[91m0 0 14px[33m}[39m[31m[91mb,strong[33m{[39m[31m[91mfont-weight[33m:[39m[31m[91m400[33m}[39m[31m[91mb[39m[22m[1m[31m[33m:[39m[31m[91m[33m:[39m[31m[91mafter,b[33m:[39m[31m[91m[33m:[39m[31m[91mbefore,strong[33m:[39m[31m[91m[33m:[39m[31m[91mafter,strong[33m:[39m[31m[91m[33m:[39m[31m[91mbefore[33m{[39m[31m[91mcontent[33m:[39m[31m[91m[32m'*'[39m[31m[91m[33m}[39m[31m[91msmall[33m{[39m[31m[91mfont-size[33m:[39m[31m[91m16px[33m}[39m[31m[91msub,sup[33m{[39m[31m[91mposition[33m:[39m[31m[91mrelative[33m;[39m[31m[91mline-height[33m:[39m[31m[91m0[33m;[39m[31m[91mvertical-align[33m:[39m[31m[91mbaseline[33m}[39m[31m[91msub[33m{[39m[31m[91mbottom[33m:[39m[31m[91m0[33m}[39m[31m[91msup[33m{[39m[31m[91mtop[33m:[39m[31m[91m0[33m}[39m[31m[91ma[33m{[39m[31m[91mcolor[33m:[39m[31m[91m[35m#ff5[39m[31m[91m[33m;[39m[31m[91mtext-decoration[33m:[39m[31m[91mnone[33m;[39m[31m[91mbackground-color[33m:[39m[31m[91mtransparent[33m}[39m[31m[91ma[33m:[39m[31m[91mhover[33m{[39m[31m[91mcolor[33m:[39m[31m[91m[35m#bbb[39m[31m[91m[33m;[39m[31m[91mbackground-color[33m:[39m[31m[91m[35m#000[39m[31m[91m[33m}[39m[31m[91mem[33m{[39m[31m[91mfont-style[33m:[39m[31m[91mnormal[33m}[39m[31m[91mem[33m:[39m[31m[91m[33m:[39m[31m[91mafter,em[33m:[39m[31m[91m[33m:[39m[31m[91mbefore[33m{[39m[31m[91mcontent[33m:[39m[31m[91m[32m"/"[39m[31m[91m[33m}[39m[31m[91ma[33m:[39m[31m[91m[36mnot[39m[31m[91m[36m([href])[39m[31m[91m[33m{[39m[31m[91mcolor[33m:[39m[31m[91minherit[33m;[39m[31m[91mtext-decoration[33m:[39m[31m[91mnone[33m}[39m[31m[91ma[33m:[39m[31m[91m[36mnot[39m[31m[91m[36m([href])[39m[31m[91m[33m:[39m[31m[91mhover[33m{[39m[31m[91mcolor[33m:[39m[31m[91minherit[33m;[39m[31m[91mtext-decoration[33m:[39m[31m[91mnone[33m}[39m[31m[91mcode,kbd,pre,samp[33m{[39m[31m[91mfont-family[33m:[39m[31m[91mDOS,Monaco,Menlo,Consolas,[32m"Courier New"[39m[31m[91m,monospace[33m;[39m[31m[91mfont-size[33m:[39m[31m[91m16px[33m}[39m[31m[91mpre[33m{[39m[31m[91mmargin-top[33m:[39m[31m[91m0[33m;[39m[31m[91mmargin-bottom[33m:[39m[31m[91m14px[33m;[39m[31m[91moverflow[33m:[39m[31m[91mauto[33m}[39m[31m[91mfigure[33m{[39m[31m[91mmargin[33m:[39m[31m[91m0 0 14px[33m}[39m[31m[91mimg[33m{[39m[31m[91mvertical-align[33m:[39m[31m[91mmiddle[33m;[39m[31m[91mborder-style[39m[22m[1m[31m[33m:[39m[31m[91mnone[33m}[39m[31m[91msvg[33m{[39m[31m[91moverflow[33m:[39m[31m[91mhidden[33m;[39m[31m[91mvertical-align[33m:[39m[31m[91mmiddle[33m}[39m[31m[91mtable[33m{[39m[31m[91mborder-collapse[33m:[39m[31m[91mcollapse[33m;[39m[31m[91mborder-spacing[33m:[39m[31m[91m0[33m}[39m[31m[91mcaption[33m{[39m[31m[91mpadding-top[33m:[39m[31m[91m0[33m;[39m[31m[91mpadding-bottom[33m:[39m[31m[91m0[33m;[39m[31m[91mcolor[33m:[39m[31m[91m[35m#555[39m[31m[91m[33m;[39m[31m[91mtext-align[33m:[39m[31m[91mleft[33m;[39m[31m[91mcaption-side[33m:[39m[31m[91mbottom[33m}[39m[31m[91mth[33m{[39m[31m[91mtext-align[33m:[39m[31m[91minherit[33m;[39m[31m[91mfont-weight[33m:[39m[31m[91m400[33m;[39m[31m[91mcolor[33m:[39m[31m[91m[35m#fff[39m[31m[91m[33m}[39m[31m[91mlabel[33m{[39m[31m[91mdisplay[33m:[39m[31m[91minline-block[33m;[39m[31m[91mmargin-bottom[33m:[39m[31m[91m0[33m}[39m[31m[91mbutton[33m{[39m[31m[91mborder-radius[33m:[39m[31m[91m0[33m;[39m[31m[91mpadding[33m:[39m[31m[91m0[33m}[39m[31m[91mbutton[33m:[39m[31m[91mfocus[33m{[39m[31m[91moutline[33m:[39m[31m[91m0 dotted[33m;[39m[31m[91moutline[33m:[39m[31m[91m5px auto -webkit-focus-ring-color[33m}[39m[31m[91mbutton,input,optgroup,select,textarea[33m{[39m[31m[91mmargin[33m:[39m[31m[91m0[33m;[39m[31m[91mfont[33m:[39m[31m[91m400 16px DOS!important[33m;[39m[31m[91mline-height[33m:[39m[31m[91m14px[33m}[39m[31m[91moption[33m{[39m[31m[91mpadding[33m:[39m[31m[91m0[33m;[39m[31m[91mmin-height[33m:[39m[31m[91m0[33m;[39m[31m[91mline-height[33m:[39m[31m[91m14px[33m}[39m[31m[91mbutton,input[33m{[39m[31m[91moverflow[33m:[39m[31m[91mvisible[33m}[39m[31m[91minput[33m:[39m[31m[91m[33m:[39m[31m[91mfocus[33m{[39m[31m[91mcolor[33m:[39m[31m[91m[35m#00f[39m[31m[91m[33m;[39m[31m[91moutline[33m:[39m[31m[91m0[33m}[39m[31m[91m[33m:[39m[31m[91mfocus[33m{[39m[31m[91moutline[33m:[39m[31m[91m0[33m}[39m[31m[91mbutton,select[33m{[39m[31m[91mtext-transform[33m:[39m[31m[91mnone[33m}[39m[31m[91mselect[33m{[39m[31m[91mword-wrap[33m:[39m[31m[91mnormal[33m}[39m[31m[91m[33m[[39m[31m[91mtype=button[33m][39m[31m[91m,[33m[[39m[31m[91mtype=reset[33m][39m[31m[91m,[33m[[39m[31m[39m[22m[1m[31m[91mtype=submit[33m][39m[31m[91m,button[33m{[39m[31m[91m-webkit-appearance[33m:[39m[31m[91mbutton[33m}[39m[31m[91m[33m[[39m[31m[91mtype=button[33m][39m[31m[91m[33m:[39m[31m[91m[36mnot[39m[31m[91m[36m(:disabled)[39m[31m[91m,[33m[[39m[31m[91mtype=reset[33m][39m[31m[91m[33m:[39m[31m[91m[36mnot[39m[31m[91m[36m(:disabled)[39m[31m[91m,[33m[[39m[31m[91mtype=submit[33m][39m[31m[91m[33m:[39m[31m[91m[36mnot[39m[31m[91m[36m(:disabled)[39m[31m[91m,button[33m:[39m[31m[91m[36mnot[39m[31m[91m[36m(:disabled)[39m[31m[91m[33m{[39m[31m[91mcursor[33m:[39m[31m[91mpointer[33m}[39m[31m[91m[33m[[39m[31m[91mtype=button[33m][39m[31m[91m[33m:[39m[31m[91m[33m:[39m[31m[91m-moz-focus-inner,[33m[[39m[31m[91mtype=reset[33m][39m[31m[91m[33m:[39m[31m[91m[33m:[39m[31m[91m-moz-focus-inner,[33m[[39m[31m[91mtype=submit[33m][39m[31m[91m[33m:[39m[31m[91m[33m:[39m[31m[91m-moz-focus-inner,button[33m:[39m[31m[91m[33m:[39m[31m[91m-moz-focus-inner[33m{[39m[31m[91mpadding[33m:[39m[31m[91m0[33m;[39m[31m[91mborder-style[33m:[39m[31m[91mnone[33m}[39m[31m[91minput[33m[[39m[31m[91mtype=checkbox[33m][39m[31m[91m,input[33m[[39m[31m[91mtype=radio[33m][39m[31m[91m[33m{[39m[31m[91mbox-sizing[33m:[39m[31m[91mborder-box[33m;[39m[31m[91mpadding[33m:[39m[31m[91m0[33m}[39m[31m[91minput[33m[[39m[31m[91mtype=date[33m][39m[31m[91m,input[33m[[39m[31m[91mtype=datetime-local[33m][39m[31m[91m,input[33m[[39m[31m[91mtype=month[33m][39m[31m[91m,input[33m[[39m[31m[91mtype=time[33m][39m[31m[91m[33m{[39m[31m[91m-webkit-appearance[33m:[39m[31m[91mlistbox[33m}[39m[31m[91mtextarea[33m{[39m[31m[91moverflow[33m:[39m[31m[91mauto[33m;[39m[31m[91mresize[33m:[39m[31m[91mvertical[33m}[39m[31m[91mfieldset[33m{[39m[31m[91mmin-width[33m:[39m[31m[91m0[33m;[39m[31m[91mpadding[33m:[39m[31m[91m0[33m;[39m[31m[91mmargin[33m:[39m[31m[91m0[33m;[39m[31m[91mborder[33m:[39m[31m[91m0[33m}[39m[31m[91mlegend[33m{[39m[31m[91mdisplay[33m:[39m[31m[91mblock[33m;[39m[31m[91mwidth[33m:[39m[31m[91m100%[33m;[39m[31m[91mmax-width[33m:[39m[31m[91m100%[33m;[39m[31m[91mpadding[33m:[39m[31m[91m0[33m;[39m[31m[91mmargin-bottom[33m:[39m[31m[91m14px[33m;[39m[31m[91mfo[39m[22m[1m[31mnt-size[33m:[39m[31m[91m16px[33m;[39m[31m[91mline-height[33m:[39m[31m[91minherit[33m;[39m[31m[91mcolor[33m:[39m[31m[91minherit[33m;[39m[31m[91mwhite-space[33m:[39m[31m[91mnormal[33m}[39m[31m[91mprogress[33m{[39m[31m[91mvertical-align[33m:[39m[31m[91mbaseline[33m}[39m[31m[91m[33m[[39m[31m[91mtype=number[33m][39m[31m[91m[33m:[39m[31m[91m[33m:[39m[31m[91m-webkit-inner-spin-button,[33m[[39m[31m[91mtype=number[33m][39m[31m[91m[33m:[39m[31m[91m[33m:[39m[31m[91m-webkit-outer-spin-button[33m{[39m[31m[91mheight[33m:[39m[31m[91mauto[33m}[39m[31m[91m[33m[[39m[31m[91mtype=search[33m][39m[31m[91m[33m{[39m[31m[91moutline-offset[33m:[39m[31m[91m-2px[33m;[39m[31m[91m-webkit-appearance[33m:[39m[31m[91mnone[33m}[39m[31m[91m[33m[[39m[31m[91mtype=search[33m][39m[31m[91m[33m:[39m[31m[91m[33m:[39m[31m[91m-webkit-search-decoration[33m{[39m[31m[91m-webkit-appearance[33m:[39m[31m[91mnone[33m}[39m[31m[91m[33m:[39m[31m[91m[33m:[39m[31m[91m-webkit-file-upload-button[33m{[39m[31m[91mfont[33m:[39m[31m[91minherit[33m;[39m[31m[91m-webkit-appearance[33m:[39m[31m[91mbutton[33m}[39m[31m[91moutput[33m{[39m[31m[91mdisplay[33m:[39m[31m[91minline-block[33m}[39m[31m[91msummary[33m{[39m[31m[91mdisplay[33m:[39m[31m[91mlist-item[33m;[39m[31m[91mcursor[33m:[39m[31m[91mpointer[33m}[39m[31m[91mtemplate[33m{[39m[31m[91mdisplay[33m:[39m[31m[91mnone[33m}[39m[31m[91m[33m[[39m[31m[91mhidden[33m][39m[31m[91m[33m{[39m[31m[91mdisplay[33m:[39m[31m[91mnone!important[33m}[39m[31m[91m[33m.h1,.h2,h1,h2[39m[31m[91m[33m{[39m[31m[91mmargin-bottom[33m:[39m[31m[91m0[33m;[39m[31m[91mmargin-top[33m:[39m[31m[91m14px[33m;[39m[31m[91mfont-weight[33m:[39m[31m[91m400[33m;[39m[31m[91mline-height[33m:[39m[31m[91m14px[33m;[39m[31m[91mtext-indent[33m:[39m[31m[91m8px[33m;[39m[31m[91mbackground[33m:[39m[31m[91m[35m#0aa[39m[31m[91m[33m;[39m[31m[91mpadding[33m:[39m[31m[91m14px 8px[33m;[39m[31m[91mcolor[33m:[39m[31m[91m[35m#000[39m[31m[91m[33m}[39m[31m[91m[33m.h1[39m[31m[91m [33m.text-muted,.h2[39m[31m[91m [33m.text-muted,h1[39m[31m[91m [33m.text-muted,h2[39m[31m[91m [33m.text-muted[39m[31m[91m[33m{[39m[31m[91mcolor[33m:[39m[31m[39m[22m[1m[31m[91m[35m#bbb[39m[31m[91m[33m}[39m[31m[91m[33m.h2,h2[39m[31m[91m[33m{[39m[31m[91mpadding[33m:[39m[31m[91m0 8px[33m}[39m[31m[91m[33m.h3,h3[39m[31m[91m[33m{[39m[31m[91mcolor[33m:[39m[31m[91m[35m#fff[39m[31m[91m[33m;[39m[31m[91mborder[33m:[39m[31m[91m[33m.875px[39m[31m[91m solid [35m#fff[39m[31m[91m[33m;[39m[31m[91mmargin-top[33m:[39m[31m[91m7px[33m;[39m[31m[91mpadding-top[33m:[39m[31m[91m6.125px[33m;[39m[31m[91mpadding-bottom[33m:[39m[31m[91m7px[33m;[39m[31m[91mmargin-bottom[33m:[39m[31m[91m6.125px[33m;[39m[31m[91mborder-left-width[33m:[39m[31m[91m2px[33m;[39m[31m[91mborder-right-width[33m:[39m[31m[91m2px[33m;[39m[31m[91mmargin-left[33m:[39m[31m[91m3.5px[33m;[39m[31m[91mpadding-left[33m:[39m[31m[91m10.5px[33m;[39m[31m[91mpadding-right[33m:[39m[31m[91m11.5px[33m;[39m[31m[91mmargin-right[33m:[39m[31m[91m2.5px[33m;[39m[31m[91mdisplay[33m:[39m[31m[91minline-block[33m;[39m[31m[91mwidth[33m:[39m[31m[91m[36mcalc[39m[31m[91m[36m(100% - 6px)[39m[31m[91m[33m}[39m[31m[91m[33m.h4,h4[39m[31m[91m[33m{[39m[31m[91mcolor[33m:[39m[31m[91m[35m#fff[39m[31m[91m[33m}[39m[31m[91m[33m.h4[39m[31m[91m[33m:[39m[31m[91m[33m:[39m[31m[91mbefore,h4[33m:[39m[31m[91m[33m:[39m[31m[91mbefore[33m{[39m[31m[91mmargin-right[33m:[39m[31m[91m8px[33m;[39m[31m[91mcontent[33m:[39m[31m[91m[32m">>"[39m[31m[91m[33m}[39m[31m[91m[33m.h4[39m[31m[91m[33m:[39m[31m[91m[33m:[39m[31m[91mafter,h4[33m:[39m[31m[91m[33m:[39m[31m[91mafter[33m{[39m[31m[91mmargin-left[33m:[39m[31m[91m8px[33m;[39m[31m[91mcontent[33m:[39m[31m[91m[32m"<<"[39m[31m[91m[33m}[39m[31m[91m[33m.h4,.h5,.h6,h4,h5,h6[39m[31m[91m[33m{[39m[31m[91mmargin[33m:[39m[31m[91m0[33m;[39m[31m[91mpadding[33m:[39m[31m[91m0[33m;[39m[31m[91mcolor[33m:[39m[31m[91m[35m#fff[39m[31m[91m[33m}[39m[31m[91m[33m.h5,h5[39m[31m[91m[33m{[39m[31m[91m-webkit-animation[33m:[39m[31m[91mblinkingText 1.2s infinite[33m;[39m[31m[91manimation[33m:[39m[31m[91mblinkingText 1.2s infinite[33m}[39m[31m[91m[36m@-webkit-keyframes[39m[31m[91m blinkingText[33m{[39m[31m[91m1%[33m{[39m[31m[91mvisibility[33m:[39m[31m[91mhidden[33m}[39m[31m[91m49%[33m{[39m[31m[91mvisibility[33m:[39m[31m[91mhidde[39m[22m[1m[31mn[33m}[39m[31m[91m60%[33m{[39m[31m[91mvisibility[33m:[39m[31m[91mvisible[33m}[39m[31m[91m99%[33m{[39m[31m[91mvisibility[33m:[39m[31m[91mvisible[33m}[39m[31m[91m100%[33m{[39m[31m[91mvisibility[33m:[39m[31m[91mhidden[33m}[39m[31m[91m[33m}[39m[31m[91m[36m@keyframes[39m[31m[91m blinkingText[33m{[39m[31m[91m1%[33m{[39m[31m[91mvisibility[33m:[39m[31m[91mhidden[33m}[39m[31m[91m49%[33m{[39m[31m[91mvisibility[33m:[39m[31m[91mhidden[33m}[39m[31m[91m60%[33m{[39m[31m[91mvisibility[33m:[39m[31m[91mvisible[33m}[39m[31m[91m99%[33m{[39m[31m[91mvisibility[33m:[39m[31m[91mvisible[33m}[39m[31m[91m100%[33m{[39m[31m[91mvisibility[33m:[39m[31m[91mhidden[33m}[39m[31m[91m[33m}[39m[31m[91m[33m.h6,h6[39m[31m[91m[33m{[39m[31m[91m-webkit-animation[33m:[39m[31m[91mjaggedScroll 3s infinite[33m;[39m[31m[91manimation[33m:[39m[31m[91mjaggedScroll 3s infinite[33m;[39m[31m[91m-webkit-animation-direction[33m:[39m[31m[91malternate[33m;[39m[31m[91manimation-direction[33m:[39m[31m[91malternate[33m;[39m[31m[91m-webkit-animation-timing-function[33m:[39m[31m[91m[36msteps[39m[31m[91m[36m(10,jump-both)[39m[31m[91m[33m;[39m[31m[91manimation-timing-function[33m:[39m[31m[91m[36msteps[39m[31m[91m[36m(10,jump-both)[39m[31m[91m[33m;[39m[31m[91mwhite-space[33m:[39m[31m[91mnowrap[33m}[39m[31m[91m[36m@-webkit-keyframes[39m[31m[91m jaggedScroll[33m{[39m[31m[91mfrom[33m{[39m[31m[91mmargin-left[33m:[39m[31m[91m-8px[33m}[39m[31m[91mto[33m{[39m[31m[91mmargin-left[33m:[39m[31m[91m80px[33m}[39m[31m[91m[33m}[39m[31m[91m[36m@keyframes[39m[31m[91m jaggedScroll[33m{[39m[31m[91mfrom[33m{[39m[31m[91mmargin-left[33m:[39m[31m[91m-8px[33m}[39m[31m[91mto[33m{[39m[31m[91mmargin-left[33m:[39m[31m[91m80px[33m}[39m[31m[91m[33m}[39m[31m[91m[33m.h1,h1[39m[31m[91m[33m{[39m[31m[91mfont-size[33m:[39m[31m[91m16px[33m}[39m[31m[91m[33m.h2,h2[39m[31m[91m[33m{[39m[31m[91mfont-size[33m:[39m[31m[91m16px[33m}[39m[31m[91m[33m.h3,h3[39m[31m[91m[33m{[39m[31m[91mfont-size[33m:[39m[31m[91m16px[33m}[39m[31m[91m[33m.h4,h4[39m[31m[91m[33m{[39m[31m[91mfont-size[33m:[39m[31m[91m16px[33m}[39m[31m[91m[33m.h5,h5[39m[31m[91m[33m{[39m[31m[91mfont-si[39m[22m[1m[31mze[33m:[39m[31m[91m16px[33m}[39m[31m[91m[33m.h6,h6[39m[31m[91m[33m{[39m[31m[91mfont-size[33m:[39m[31m[91m16px[33m}[39m[31m[91m[33m.lead[39m[31m[91m[33m{[39m[31m[91mfont-size[33m:[39m[31m[91m16px[33m;[39m[31m[91mfont-weight[33m:[39m[31m[91m400[33m}[39m[31m[91m[33m.display-1[39m[31m[91m[33m{[39m[31m[91mfont-size[33m:[39m[31m[91m16px[33m;[39m[31m[91mfont-weight[33m:[39m[31m[91m400[33m;[39m[31m[91mline-height[33m:[39m[31m[91m14px[33m}[39m[31m[91m[33m.display-2[39m[31m[91m[33m{[39m[31m[91mfont-size[33m:[39m[31m[91m16px[33m;[39m[31m[91mfont-weight[33m:[39m[31m[91m400[33m;[39m[31m[91mline-height[33m:[39m[31m[91m14px[33m}[39m[31m[91m[33m.display-3[39m[31m[91m[33m{[39m[31m[91mfont-size[33m:[39m[31m[91m16px[33m;[39m[31m[91mfont-weight[33m:[39m[31m[91m400[33m;[39m[31m[91mline-height[33m:[39m[31m[91m14px[33m}[39m[31m[91m[33m.display-4[39m[31m[91m[33m{[39m[31m[91mfont-size[33m:[39m[31m[91m16px[33m;[39m[31m[91mfont-weight[33m:[39m[31m[91m400[33m;[39m[31m[91mline-height[33m:[39m[31m[91m14px[33m}[39m[31m[91mhr[33m{[39m[31m[91mmargin-top[33m:[39m[31m[91m14px[33m;[39m[31m[91mmargin-bottom[33m:[39m[31m[91m14px[33m;[39m[31m[91mborder[33m:[39m[31m[91m0[33m;[39m[31m[91mborder-top[33m:[39m[31m[91m0 solid [36mrgba[39m[31m[91m[36m(0,0,0,.1)[39m[31m[91m[33m}[39m[31m[91m[33m.small,small[39m[31m[91m[33m{[39m[31m[91mfont-size[33m:[39m[31m[91m16px[33m;[39m[31m[91mfont-weight[33m:[39m[31m[91m400[33m}[39m[31m[91m[33m.mark,mark[39m[31m[91m[33m{[39m[31m[91mpadding[33m:[39m[31m[91m0[33m;[39m[31m[91mbackground-color[33m:[39m[31m[91m[35m#bbb[39m[31m[91m[33m}[39m[31m[91m[33m.list-unstyled[39m[31m[91m[33m{[39m[31m[91mpadding-left[33m:[39m[31m[91m0[33m;[39m[31m[91mmargin-bottom[33m:[39m[31m[91m0[33m;[39m[31m[91mmargin-left[33m:[39m[31m[91m0[33m;[39m[31m[91mlist-style[33m:[39m[31m[91mnone[33m}[39m[31m[91m[33m.list-inline[39m[31m[91m[33m{[39m[31m[91mpadding-left[33m:[39m[31m[91m0[33m;[39m[31m[91mmargin-bottom[33m:[39m[31m[91m0[33m;[39m[31m[91mmargin-left[33m:[39m[31m[91m0[33m;[39m[31m[91mlist-style[33m:[39m[31m[91mnone[33m}[39m[31m[91m[33m.list-inline-item[39m[31m[91m[33m{[39m[31m[91mdisplay[33[39m[22m[1m[31mm:[39m[31m[91minline-block[33m}[39m[31m[91m[33m.list-inline-item[39m[31m[91m[33m:[39m[31m[91m[36mnot[39m[31m[91m[36m(:last-child)[39m[31m[91m[33m{[39m[31m[91mmargin-right[33m:[39m[31m[91m0[33m}[39m[31m[91m[33m.initialism[39m[31m[91m[33m{[39m[31m[91mfont-size[33m:[39m[31m[91m16px[33m;[39m[31m[91mtext-transform[33m:[39m[31m[91muppercase[33m}[39m[31m[91m[33m.blockquote[39m[31m[91m[33m{[39m[31m[91mmargin-bottom[33m:[39m[31m[91m14px 8px[33m;[39m[31m[91mfont-size[33m:[39m[31m[91m16px[33m}[39m[31m[91m[33m.blockquote-footer[39m[31m[91m[33m{[39m[31m[91mdisplay[33m:[39m[31m[91mblock[33m;[39m[31m[91mfont-size[33m:[39m[31m[91m16px[33m;[39m[31m[91mcolor[33m:[39m[31m[91m[35m#bbb[39m[31m[91m[33m}[39m[31m[91m[33m.blockquote-footer[39m[31m[91m[33m:[39m[31m[91m[33m:[39m[31m[91mbefore[33m{[39m[31m[91mcontent[33m:[39m[31m[91m[32m"\2014\00A0"[39m[31m[91m[33m}[39m[31m[91m[33m.img-fluid[39m[31m[91m[33m{[39m[31m[91mmax-width[33m:[39m[31m[91m100%[33m;[39m[31m[91mheight[33m:[39m[31m[91mauto[33m}[39m[31m[91m[33m.img-thumbnail[39m[31m[91m[33m{[39m[31m[91mpadding[33m:[39m[31m[91m0[33m;[39m[31m[91mmax-width[33m:[39m[31m[91m100%[33m;[39m[31m[91mheight[33m:[39m[31m[91mauto[33m}[39m[31m[91m[33m.figure[39m[31m[91m[33m{[39m[31m[91mdisplay[33m:[39m[31m[91minline-block[33m}[39m[31m[91m[33m.figure-img[39m[31m[91m[33m{[39m[31m[91mmargin-bottom[33m:[39m[31m[91m14px 8px/2[33m;[39m[31m[91mline-height[33m:[39m[31m[91m1[33m}[39m[31m[91m[33m.figure-caption[39m[31m[91m[33m{[39m[31m[91mcolor[33m:[39m[31m[91m[35m#bbb[39m[31m[91m[33m}[39m[31m[91m[33m.card[39m[31m[91m img,.dropdown-list img,.nav-link img[33m{[39m[31m[91mdisplay[33m:[39m[31m[91mnone[33m}[39m[31m[91mcode[33m{[39m[31m[91mcolor[33m:[39m[31m[91m[35m#f5f[39m[31m[91m[33m;[39m[31m[91mword-wrap[33m:[39m[31m[91mbreak-word[33m}[39m[31m[91ma>code[33m{[39m[31m[91mcolor[33m:[39m[31m[91minherit[33m}[39m[31m[91mkbd[33m{[39m[31m[91mpadding[33m:[39m[31m[91m14px 8px[33m;[39m[31m[91mcolor[33m:[39m[31m[91m[35m#fff[39m[31m[91m[33m;[39m[31m[91mbackground-color[33m:[39m[31m[91m[35m#bbb[39m[31m[91m[33m}[39m[31m[91mkbd kbd[33m{[39m[31m[91mpadding[33m:[39m[31m[91m[39m[22m[1m[31m0[33m;[39m[31m[91mfont-weight[33m:[39m[31m[91m400[33m}[39m[31m[91mpre[33m{[39m[31m[91mdisplay[33m:[39m[31m[91mblock[33m;[39m[31m[91mcolor[33m:[39m[31m[91m[35m#000[39m[31m[91m[33m}[39m[31m[91mpre code[33m{[39m[31m[91mfont-size[33m:[39m[31m[91m16px[33m;[39m[31m[91mcolor[33m:[39m[31m[91minherit[33m;[39m[31m[91mword-break[33m:[39m[31m[91mnormal[33m}[39m[31m[91m[33m.pre-scrollable[39m[31m[91m[33m{[39m[31m[91mmax-height[33m:[39m[31m[91m350px[33m;[39m[31m[91moverflow-y[33m:[39m[31m[91mscroll[33m}[39m[31m[91m[33m.container[39m[31m[91m[33m{[39m[31m[91mwidth[33m:[39m[31m[91m100%[33m;[39m[31m[91mpadding-right[33m:[39m[31m[91m8px[33m;[39m[31m[91mpadding-left[33m:[39m[31m[91m8px[33m;[39m[31m[91mmargin-right[33m:[39m[31m[91mauto[33m;[39m[31m[91mmargin-left[33m:[39m[31m[91mauto[33m}[39m[31m[91m[36m@media[39m[31m[91m[36m [39m[31m[91m[36m(min-width:576px)[39m[31m[91m[33m{[39m[31m[91m[33m.container[39m[31m[91m[33m{[39m[31m[91mmax-width[33m:[39m[31m[91m480px[33m}[39m[31m[91m[33m}[39m[31m[91m[36m@media[39m[31m[91m[36m [39m[31m[91m[36m(min-width:768px)[39m[31m[91m[33m{[39m[31m[91m[33m.container[39m[31m[91m[33m{[39m[31m[91mmax-width[33m:[39m[31m[91m672px[33m}[39m[31m[91m[33m}[39m[31m[91m[36m@media[39m[31m[91m[36m [39m[31m[91m[36m(min-width:960px)[39m[31m[91m[33m{[39m[31m[91m[33m.container[39m[31m[91m[33m{[39m[31m[91mmax-width[33m:[39m[31m[91m960px[33m}[39m[31m[91m[33m}[39m[31m[91m[36m@media[39m[31m[91m[36m [39m[31m[91m[36m(min-width:1152px)[39m[31m[91m[33m{[39m[31m[91m[33m.container[39m[31m[91m[33m{[39m[31m[91mmax-width[33m:[39m[31m[91m1152px[33m}[39m[31m[91m[33m}[39m[31m[91m[33m.container-fluid,.container-lg,.container-md,.container-sm,.container-xl[39m[31m[91m[33m{[39m[31m[91mwidth[33m:[39m[31m[91m100%[33m;[39m[31m[91mpadding-right[33m:[39m[31m[91m8px[33m;[39m[31m[91mpadding-left[33m:[39m[31m[91m8px[33m;[39m[31m[91mmargin-right[33m:[39m[31m[91mauto[33m;[39m[31m[91mmargin-left[33m:[39m[31m[91mauto[33m}[39m[31m[91m[36m@media[39m[31m[91m[36m [39m[31m[91m[36m(min-width:576px)[39m[31m[91m[33m{[39m[31m[91m[33m.container,.container-sm[39m[31m[91m[33m{[39m[31m[91mmax-width[33m:[39m[22m[1m[31m[39m[91m480px[33m}[39m[31m[91m[33m}[39m[31m[91m[36m@media[39m[31m[91m[36m [39m[31m[91m[36m(min-width:768px)[39m[31m[91m[33m{[39m[31m[91m[33m.container,.container-md,.container-sm[39m[31m[91m[33m{[39m[31m[91mmax-width[33m:[39m[31m[91m672px[33m}[39m[31m[91m[33m}[39m[31m[91m[36m@media[39m[31m[91m[36m [39m[31m[91m[36m(min-width:960px)[39m[31m[91m[33m{[39m[31m[91m[33m.container,.container-lg,.container-md,.container-sm[39m[31m[91m[33m{[39m[31m[91mmax-width[33m:[39m[31m[91m960px[33m}[39m[31m[91m[33m}[39m[31m[91m[36m@media[39m[31m[91m[36m [39m[31m[91m[36m(min-width:1152px)[39m[31m[91m[33m{[39m[31m[91m[33m.container,.container-lg,.container-md,.container-sm,.container-xl[39m[31m[91m[33m{[39m[31m[91mmax-width[33m:[39m[31m[91m1152px[33m}[39m[31m[91m[33m}[39m[31m[91m[33m.row[39m[31m[91m[33m{[39m[31m[91mdisplay[33m:[39m[31m[91m-ms-flexbox[33m;[39m[31m[91mdisplay[33m:[39m[31m[91mflex[33m;[39m[31m[91m-ms-flex-wrap[33m:[39m[31m[91mwrap[33m;[39m[31m[91mflex-wrap[33m:[39m[31m[91mwrap[33m;[39m[31m[91mmargin-right[33m:[39m[31m[91m-8px[33m;[39m[31m[91mmargin-left[33m:[39m[31m[91m-8px[33m}[39m[31m[91m[33m.no-gutters[39m[31m[91m[33m{[39m[31m[91mmargin-right[33m:[39m[31m[91m0[33m;[39m[31m[91mmargin-left[33m:[39m[31m[91m0[33m}[39m[31m[91m[33m.no-gutters>.col,.no-gutters>[39m[31m[91m[33m[[39m[31m[91mclass*=col-[33m][39m[31m[91m[33m{[39m[31m[91mpadding-right[33m:[39m[31m[91m0[33m;[39m[31m[91mpadding-left[33m:[39m[31m[91m0[33m}[39m[31m[91m[33m.col,.col-1,.col-10,.col-11,.col-12,.col-2,.col-3,.col-4,.col-5,.col-6,.col-7,.col-8,.col-9,.col-auto,.col-lg,.col-lg-1,.col-lg-10,.col-lg-11,.col-lg-12,.col-lg-2,.col-lg-3,.col-lg-4,.col-lg-5,.col-lg-6,.col-lg-7,.col-lg-8,.col-lg-9,.col-lg-auto,.col-md,.col-md-1,.col-md-10,.col-md-11,.col-md-12,.col-md-2,.col-md-3,.col-md-4,.col-md-5,.col-md-6,.col-md-7,.col-md-8,.col-md-9,.col-md-auto,.col-sm,.col-sm-1,.col-sm-10,.col-sm-11,.col-sm-12,.col-sm-2,.col-sm-3,.col-sm-4,.col-sm-5,.col-sm-6,.col-sm-7,.col-sm-8,.col-sm-9,.col-sm-auto,.col-xl,.col-xl-1,.col-xl-10,.col-xl-11,.col-xl-12,.col-xl-2,.col-xl-3,.col-xl-4,[39m[22m[1m[31m.col-xl-5,.col-xl-6,.col-xl-7,.col-xl-8,.col-xl-9,.col-xl-auto[39m[31m[91m[33m{[39m[31m[91mposition[33m:[39m[31m[91mrelative[33m;[39m[31m[91mwidth[33m:[39m[31m[91m100%[33m;[39m[31m[91mpadding-right[33m:[39m[31m[91m8px[33m;[39m[31m[91mpadding-left[33m:[39m[31m[91m8px[33m}[39m[31m[91m[33m.col[39m[31m[91m[33m{[39m[31m[91m-ms-flex-preferred-size[33m:[39m[31m[91m0[33m;[39m[31m[91mflex-basis[33m:[39m[31m[91m0[33m;[39m[31m[91m-ms-flex-positive[33m:[39m[31m[91m1[33m;[39m[31m[91mflex-grow[33m:[39m[31m[91m1[33m;[39m[31m[91mmax-width[33m:[39m[31m[91m100%[33m}[39m[31m[91m[33m.row-cols-1>*[39m[31m[91m[33m{[39m[31m[91m-ms-flex[33m:[39m[31m[91m0 0 100%[33m;[39m[31m[91mflex[33m:[39m[31m[91m0 0 100%[33m;[39m[31m[91mmax-width[33m:[39m[31m[91m100%[33m}[39m[31m[91m[33m.row-cols-2>*[39m[31m[91m[33m{[39m[31m[91m-ms-flex[33m:[39m[31m[91m0 0 50%[33m;[39m[31m[91mflex[33m:[39m[31m[91m0 0 50%[33m;[39m[31m[91mmax-width[33m:[39m[31m[91m50%[33m}[39m[31m[91m[33m.row-cols-3>*[39m[31m[91m[33m{[39m[31m[91m-ms-flex[33m:[39m[31m[91m0 0 33.333333%[33m;[39m[31m[91mflex[33m:[39m[31m[91m0 0 33.333333%[33m;[39m[31m[91mmax-width[33m:[39m[31m[91m33.333333%[33m}[39m[31m[91m[33m.row-cols-4>*[39m[31m[91m[33m{[39m[31m[91m-ms-flex[33m:[39m[31m[91m0 0 25%[33m;[39m[31m[91mflex[33m:[39m[31m[91m0 0 25%[33m;[39m[31m[91mmax-width[33m:[39m[31m[91m25%[33m}[39m[31m[91m[33m.row-cols-5>*[39m[31m[91m[33m{[39m[31m[91m-ms-flex[33m:[39m[31m[91m0 0 20%[33m;[39m[31m[91mflex[33m:[39m[31m[91m0 0 20%[33m;[39m[31m[91mmax-width[33m:[39m[31m[91m20%[33m}[39m[31m[91m[33m.row-cols-6>*[39m[31m[91m[33m{[39m[31m[91m-ms-flex[33m:[39m[31m[91m0 0 16.666667%[33m;[39m[31m[91mflex[33m:[39m[31m[91m0 0 16.666667%[33m;[39m[31m[91mmax-width[33m:[39m[31m[91m16.666667%[33m}[39m[31m[91m[33m.col-auto[39m[31m[91m[33m{[39m[31m[91m-ms-flex[33m:[39m[31m[91m0 0 auto[33m;[39m[31m[91mflex[33m:[39m[31m[91m0 0 auto[33m;[39m[31m[91mwidth[33m:[39m[31m[91mauto[33m;[39m[31m[91mmax-width[33m:[39m[31m[91m100%[33m}[39m[31m[91m[33m.col-1[39m[31m[91m[33m{[39m[31m[91m-ms-flex[33m:[39m[31m[91m0 0 8.333333%[33m;[39m[31m[91mflex[33m:[39m[31m[91m0 0 8.333333%[3[39m[22m[1m[31m3m;[39m[31m[91mmax-width[33m:[39m[31m[91m8.333333%[33m}[39m[31m[91m[33m.col-2[39m[31m[91m[33m{[39m[31m[91m-ms-flex[33m:[39m[31m[91m0 0 16.666667%[33m;[39m[31m[91mflex[33m:[39m[31m[91m0 0 16.666667%[33m;[39m[31m[91mmax-width[33m:[39m[31m[91m16.666667%[33m}[39m[31m[91m[33m.col-3[39m[31m[91m[33m{[39m[31m[91m-ms-flex[33m:[39m[31m[91m0 0 25%[33m;[39m[31m[91mflex[33m:[39m[31m[91m0 0 25%[33m;[39m[31m[91mmax-width[33m:[39m[31m[91m25%[33m}[39m[31m[91m[33m.col-4[39m[31m[91m[33m{[39m[31m[91m-ms-flex[33m:[39m[31m[91m0 0 33.333333%[33m;[39m[31m[91mflex[33m:[39m[31m[91m0 0 33.333333%[33m;[39m[31m[91mmax-width[33m:[39m[31m[91m33.333333%[33m}[39m[31m[91m[33m.col-5[39m[31m[91m[33m{[39m[31m[91m-ms-flex[33m:[39m[31m[91m0 0 41.666667%[33m;[39m[31m[91mflex[33m:[39m[31m[91m0 0 41.666667%[33m;[39m[31m[91mmax-width[33m:[39m[31m[91m41.666667%[33m}[39m[31m[91m[33m.col-6[39m[31m[91m[33m{[39m[31m[91m-ms-flex[33m:[39m[31m[91m0 0 50%[33m;[39m[31m[91mflex[33m:[39m[31m[91m0 0 50%[33m;[39m[31m[91mmax-width[33m:[39m[31m[91m50%[33m}[39m[31m[91m[33m.col-7[39m[31m[91m[33m{[39m[31m[91m-ms-flex[33m:[39m[31m[91m0 0 58.333333%[33m;[39m[31m[91mflex[33m:[39m[31m[91m0 0 58.333333%[33m;[39m[31m[91mmax-width[33m:[39m[31m[91m58.333333%[33m}[39m[31m[91m[33m.col-8[39m[31m[91m[33m{[39m[31m[91m-ms-flex[33m:[39m[31m[91m0 0 66.666667%[33m;[39m[31m[91mflex[33m:[39m[31m[91m0 0 66.666667%[33m;[39m[31m[91mmax-width[33m:[39m[31m[91m66.666667%[33m}[39m[31m[91m[33m.col-9[39m[31m[91m[33m{[39m[31m[91m-ms-flex[33m:[39m[31m[91m0 0 75%[33m;[39m[31m[91mflex[33m:[39m[31m[91m0 0 75%[33m;[39m[31m[91mmax-width[33m:[39m[31m[91m75%[33m}[39m[31m[91m[33m.col-10[39m[31m[91m[33m{[39m[31m[91m-ms-flex[33m:[39m[31m[91m0 0 83.333333%[33m;[39m[31m[91mflex[33m:[39m[31m[91m0 0 83.333333%[33m;[39m[31m[91mmax-width[33m:[39m[31m[91m83.333333%[33m}[39m[31m[91m[33m.col-11[39m[31m[91m[33m{[39m[31m[91m-ms-flex[33m:[39m[31m[91m0 0 91.666667%[33m;[39m[31m[91mflex[33m:[39m[31m[91m0 0 91.666667%[33m;[39m[31m[91mmax-width[33m:[39m[31m[91m91.666667%[33m}[39m[31m[91m[33m.col-12[39m[31m[91m[33m{[39m[31m[91m-ms-flex[33m:[39m[31m[91m0 0 100%[33m;[[39m[22m[1m[31m39m[91mflex[33m:[39m[31m[91m0 0 100%[33m;[39m[31m[91mmax-width[33m:[39m[31m[91m100%[33m}[39m[31m[91m[33m.order-first[39m[31m[91m[33m{[39m[31m[91m-ms-flex-order[33m:[39m[31m[91m-1[33m;[39m[31m[91morder[33m:[39m[31m[91m-1[33m}[39m[31m[91m[33m.order-last[39m[31m[91m[33m{[39m[31m[91m-ms-flex-order[33m:[39m[31m[91m13[33m;[39m[31m[91morder[33m:[39m[31m[91m13[33m}[39m[31m[91m[33m.order-0[39m[31m[91m[33m{[39m[31m[91m-ms-flex-order[33m:[39m[31m[91m0[33m;[39m[31m[91morder[33m:[39m[31m[91m0[33m}[39m[31m[91m[33m.order-1[39m[31m[91m[33m{[39m[31m[91m-ms-flex-order[33m:[39m[31m[91m1[33m;[39m[31m[91morder[33m:[39m[31m[91m1[33m}[39m[31m[91m[33m.order-2[39m[31m[91m[33m{[39m[31m[91m-ms-flex-order[33m:[39m[31m[91m2[33m;[39m[31m[91morder[33m:[39m[31m[91m2[33m}[39m[31m[91m[33m.order-3[39m[31m[91m[33m{[39m[31m[91m-ms-flex-order[33m:[39m[31m[91m3[33m;[39m[31m[91morder[33m:[39m[31m[91m3[33m}[39m[31m[91m[33m.order-4[39m[31m[91m[33m{[39m[31m[91m-ms-flex-order[33m:[39m[31m[91m4[33m;[39m[31m[91morder[33m:[39m[31m[91m4[33m}[39m[31m[91m[33m.order-5[39m[31m[91m[33m{[39m[31m[91m-ms-flex-order[33m:[39m[31m[91m5[33m;[39m[31m[91morder[33m:[39m[31m[91m5[33m}[39m[31m[91m[33m.order-6[39m[31m[91m[33m{[39m[31m[91m-ms-flex-order[33m:[39m[31m[91m6[33m;[39m[31m[91morder[33m:[39m[31m[91m6[33m}[39m[31m[91m[33m.order-7[39m[31m[91m[33m{[39m[31m[91m-ms-flex-order[33m:[39m[31m[91m7[33m;[39m[31m[91morder[33m:[39m[31m[91m7[33m}[39m[31m[91m[33m.order-8[39m[31m[91m[33m{[39m[31m[91m-ms-flex-order[33m:[39m[31m[91m8[33m;[39m[31m[91morder[33m:[39m[31m[91m8[33m}[39m[31m[91m[33m.order-9[39m[31m[91m[33m{[39m[31m[91m-ms-flex-order[33m:[39m[31m[91m9[33m;[39m[31m[91morder[33m:[39m[31m[91m9[33m}[39m[31m[91m[33m.order-10[39m[31m[91m[33m{[39m[31m[91m-ms-flex-order[33m:[39m[31m[91m10[33m;[39m[31m[91morder[33m:[39m[31m[91m10[33m}[39m[31m[91m[33m.order-11[39m[31m[91m[33m{[39m[31m[91m-ms-flex-order[33m:[39m[31m[91m11[33m;[39m[31m[91morder[33m:[39m[31m[91m11[33m}[39m[31m[91m[33m.order-12[39m[31m[91m[33m{[39m[31m[91m-ms-flex-order[33m:[39m[31m[91m12[33m;[39m[31m[91morder[33m:[39m[31m[91m12[33m}[39m[31m[91m[33m.offset-1[39m[31m[91[39m[22m[1m[31mm[33m{[39m[31m[91mmargin-left[33m:[39m[31m[91m8.333333%[33m}[39m[31m[91m[33m.offset-2[39m[31m[91m[33m{[39m[31m[91mmargin-left[33m:[39m[31m[91m16.666667%[33m}[39m[31m[91m[33m.offset-3[39m[31m[91m[33m{[39m[31m[91mmargin-left[33m:[39m[31m[91m25%[33m}[39m[31m[91m[33m.offset-4[39m[31m[91m[33m{[39m[31m[91mmargin-left[33m:[39m[31m[91m33.333333%[33m}[39m[31m[91m[33m.offset-5[39m[31m[91m[33m{[39m[31m[91mmargin-left[33m:[39m[31m[91m41.666667%[33m}[39m[31m[91m[33m.offset-6[39m[31m[91m[33m{[39m[31m[91mmargin-left[33m:[39m[31m[91m50%[33m}[39m[31m[91m[33m.offset-7[39m[31m[91m[33m{[39m[31m[91mmargin-left[33m:[39m[31m[91m58.333333%[33m}[39m[31m[91m[33m.offset-8[39m[31m[91m[33m{[39m[31m[91mmargin-left[33m:[39m[31m[91m66.666667%[33m}[39m[31m[91m[33m.offset-9[39m[31m[91m[33m{[39m[31m[91mmargin-left[33m:[39m[31m[91m75%[33m}[39m[31m[91m[33m.offset-10[39m[31m[91m[33m{[39m[31m[91mmargin-left[33m:[39m[31m[91m83.333333%[33m}[39m[31m[91m[33m.offset-11[39m[31m[91m[33m{[39m[31m[91mmargin-left[33m:[39m[31m[91m91.666667%[33m}[39m[31m[91m[36m@media[39m[31m[91m[36m [39m[31m[91m[36m(min-width:576px)[39m[31m[91m[33m{[39m[31m[91m[33m.col-sm[39m[31m[91m[33m{[39m[31m[91m-ms-flex-preferred-size[33m:[39m[31m[91m0[33m;[39m[31m[91mflex-basis[33m:[39m[31m[91m0[33m;[39m[31m[91m-ms-flex-positive[33m:[39m[31m[91m1[33m;[39m[31m[91mflex-grow[33m:[39m[31m[91m1[33m;[39m[31m[91mmax-width[33m:[39m[31m[91m100%[33m}[39m[31m[91m[33m.row-cols-sm-1>*[39m[31m[91m[33m{[39m[31m[91m-ms-flex[33m:[39m[31m[91m0 0 100%[33m;[39m[31m[91mflex[33m:[39m[31m[91m0 0 100%[33m;[39m[31m[91mmax-width[33m:[39m[31m[91m100%[33m}[39m[31m[91m[33m.row-cols-sm-2>*[39m[31m[91m[33m{[39m[31m[91m-ms-flex[33m:[39m[31m[91m0 0 50%[33m;[39m[31m[91mflex[33m:[39m[31m[91m0 0 50%[33m;[39m[31m[91mmax-width[33m:[39m[31m[91m50%[33m}[39m[31m[91m[33m.row-cols-sm-3>*[39m[31m[91m[33m{[39m[31m[91m-ms-flex[33m:[39m[31m[91m0 0 33.333333%[33m;[39m[31m[91mflex[33m:[39m[31m[91m0 0 33.333333%[33m;[39m[31m[91mmax-width[33m:[39m[31m[91m33.333333%[33m}[39m[31m[91m[33m.row-cols-sm-4>*[39m[31m[91m[33m{[39m[31m[91m-ms-flex[33m:[39m[31m[91m0 0 25%[33m;[39m[31m[91m[39m[22m[1m[31mflex[33m:[39m[31m[91m0 0 25%[33m;[39m[31m[91mmax-width[33m:[39m[31m[91m25%[33m}[39m[31m[91m[33m.row-cols-sm-5>*[39m[31m[91m[33m{[39m[31m[91m-ms-flex[33m:[39m[31m[91m0 0 20%[33m;[39m[31m[91mflex[33m:[39m[31m[91m0 0 20%[33m;[39m[31m[91mmax-width[33m:[39m[31m[91m20%[33m}[39m[31m[91m[33m.row-cols-sm-6>*[39m[31m[91m[33m{[39m[31m[91m-ms-flex[33m:[39m[31m[91m0 0 16.666667%[33m;[39m[31m[91mflex[33m:[39m[31m[91m0 0 16.666667%[33m;[39m[31m[91mmax-width[33m:[39m[31m[91m16.666667%[33m}[39m[31m[91m[33m.col-sm-auto[39m[31m[91m[33m{[39m[31m[91m-ms-flex[33m:[39m[31m[91m0 0 auto[33m;[39m[31m[91mflex[33m:[39m[31m[91m0 0 auto[33m;[39m[31m[91mwidth[33m:[39m[31m[91mauto[33m;[39m[31m[91mmax-width[33m:[39m[31m[91m100%[33m}[39m[31m[91m[33m.col-sm-1[39m[31m[91m[33m{[39m[31m[91m-ms-flex[33m:[39m[31m[91m0 0 8.333333%[33m;[39m[31m[91mflex[33m:[39m[31m[91m0 0 8.333333%[33m;[39m[31m[91mmax-width[33m:[39m[31m[91m8.333333%[33m}[39m[31m[91m[33m.col-sm-2[39m[31m[91m[33m{[39m[31m[91m-ms-flex[33m:[39m[31m[91m0 0 16.666667%[33m;[39m[31m[91mflex[33m:[39m[31m[91m0 0 16.666667%[33m;[39m[31m[91mmax-width[33m:[39m[31m[91m16.666667%[33m}[39m[31m[91m[33m.col-sm-3[39m[31m[91m[33m{[39m[31m[91m-ms-flex[33m:[39m[31m[91m0 0 25%[33m;[39m[31m[91mflex[33m:[39m[31m[91m0 0 25%[33m;[39m[31m[91mmax-width[33m:[39m[31m[91m25%[33m}[39m[31m[91m[33m.col-sm-4[39m[31m[91m[33m{[39m[31m[91m-ms-flex[33m:[39m[31m[91m0 0 33.333333%[33m;[39m[31m[91mflex[33m:[39m[31m[91m0 0 33.333333%[33m;[39m[31m[91mmax-width[33m:[39m[31m[91m33.333333%[33m}[39m[31m[91m[33m.col-sm-5[39m[31m[91m[33m{[39m[31m[91m-ms-flex[33m:[39m[31m[91m0 0 41.666667%[33m;[39m[31m[91mflex[33m:[39m[31m[91m0 0 41.666667%[33m;[39m[31m[91mmax-width[33m:[39m[31m[91m41.666667%[33m}[39m[31m[91m[33m.col-sm-6[39m[31m[91m[33m{[39m[31m[91m-ms-flex[33m:[39m[31m[91m0 0 50%[33m;[39m[31m[91mflex[33m:[39m[31m[91m0 0 50%[33m;[39m[31m[91mmax-width[33m:[39m[31m[91m50%[33m}[39m[31m[91m[33m.col-sm-7[39m[31m[91m[33m{[39m[31m[91m-ms-flex[33m:[39m[31m[91m0 0 58.333333%[33m;[39m[31m[91mflex[33m:[39m[31m[91m0 0 58.333333%[33m;[39m[31m[91mmax-width[33m:[39m[31m[91m58.333333%[33m[39m[22m[1m[31m}[39m[31m[91m[33m.col-sm-8[39m[31m[91m[33m{[39m[31m[91m-ms-flex[33m:[39m[31m[91m0 0 66.666667%[33m;[39m[31m[91mflex[33m:[39m[31m[91m0 0 66.666667%[33m;[39m[31m[91mmax-width[33m:[39m[31m[91m66.666667%[33m}[39m[31m[91m[33m.col-sm-9[39m[31m[91m[33m{[39m[31m[91m-ms-flex[33m:[39m[31m[91m0 0 75%[33m;[39m[31m[91mflex[33m:[39m[31m[91m0 0 75%[33m;[39m[31m[91mmax-width[33m:[39m[31m[91m75%[33m}[39m[31m[91m[33m.col-sm-10[39m[31m[91m[33m{[39m[31m[91m-ms-flex[33m:[39m[31m[91m0 0 83.333333%[33m;[39m[31m[91mflex[33m:[39m[31m[91m0 0 83.333333%[33m;[39m[31m[91mmax-width[33m:[39m[31m[91m83.333333%[33m}[39m[31m[91m[33m.col-sm-11[39m[31m[91m[33m{[39m[31m[91m-ms-flex[33m:[39m[31m[91m0 0 91.666667%[33m;[39m[31m[91mflex[33m:[39m[31m[91m0 0 91.666667%[33m;[39m[31m[91mmax-width[33m:[39m[31m[91m91.666667%[33m}[39m[31m[91m[33m.col-sm-12[39m[31m[91m[33m{[39m[31m[91m-ms-flex[33m:[39m[31m[91m0 0 100%[33m;[39m[31m[91mflex[33m:[39m[31m[91m0 0 100%[33m;[39m[31m[91mmax-width[33m:[39m[31m[91m100%[33m}[39m[31m[91m[33m.order-sm-first[39m[31m[91m[33m{[39m[31m[91m-ms-flex-order[33m:[39m[31m[91m-1[33m;[39m[31m[91morder[33m:[39m[31m[91m-1[33m}[39m[31m[91m[33m.order-sm-last[39m[31m[91m[33m{[39m[31m[91m-ms-flex-order[33m:[39m[31m[91m13[33m;[39m[31m[91morder[33m:[39m[31m[91m13[33m}[39m[31m[91m[33m.order-sm-0[39m[31m[91m[33m{[39m[31m[91m-ms-flex-order[33m:[39m[31m[91m0[33m;[39m[31m[91morder[33m:[39m[31m[91m0[33m}[39m[31m[91m[33m.order-sm-1[39m[31m[91m[33m{[39m[31m[91m-ms-flex-order[33m:[39m[31m[91m1[33m;[39m[31m[91morder[33m:[39m[31m[91m1[33m}[39m[31m[91m[33m.order-sm-2[39m[31m[91m[33m{[39m[31m[91m-ms-flex-order[33m:[39m[31m[91m2[33m;[39m[31m[91morder[33m:[39m[31m[91m2[33m}[39m[31m[91m[33m.order-sm-3[39m[31m[91m[33m{[39m[31m[91m-ms-flex-order[33m:[39m[31m[91m3[33m;[39m[31m[91morder[33m:[39m[31m[91m3[33m}[39m[31m[91m[33m.order-sm-4[39m[31m[91m[33m{[39m[31m[91m-ms-flex-order[33m:[39m[31m[91m4[33m;[39m[31m[91morder[33m:[39m[31m[91m4[33m}[39m[31m[91m[33m.order-sm-5[39m[31m[91m[33m{[39m[31m[91m-ms-flex-order[33m:[39m[31m[91m5[33m;[39m[31m[91morder[33m:[39m[31m[91m5[33m}[39m[31m[91m[33m.order-sm-6[39m[31m[[39m[22m[1m[31m91m[33m{[39m[31m[91m-ms-flex-order[33m:[39m[31m[91m6[33m;[39m[31m[91morder[33m:[39m[31m[91m6[33m}[39m[31m[91m[33m.order-sm-7[39m[31m[91m[33m{[39m[31m[91m-ms-flex-order[33m:[39m[31m[91m7[33m;[39m[31m[91morder[33m:[39m[31m[91m7[33m}[39m[31m[91m[33m.order-sm-8[39m[31m[91m[33m{[39m[31m[91m-ms-flex-order[33m:[39m[31m[91m8[33m;[39m[31m[91morder[33m:[39m[31m[91m8[33m}[39m[31m[91m[33m.order-sm-9[39m[31m[91m[33m{[39m[31m[91m-ms-flex-order[33m:[39m[31m[91m9[33m;[39m[31m[91morder[33m:[39m[31m[91m9[33m}[39m[31m[91m[33m.order-sm-10[39m[31m[91m[33m{[39m[31m[91m-ms-flex-order[33m:[39m[31m[91m10[33m;[39m[31m[91morder[33m:[39m[31m[91m10[33m}[39m[31m[91m[33m.order-sm-11[39m[31m[91m[33m{[39m[31m[91m-ms-flex-order[33m:[39m[31m[91m11[33m;[39m[31m[91morder[33m:[39m[31m[91m11[33m}[39m[31m[91m[33m.order-sm-12[39m[31m[91m[33m{[39m[31m[91m-ms-flex-order[33m:[39m[31m[91m12[33m;[39m[31m[91morder[33m:[39m[31m[91m12[33m}[39m[31m[91m[33m.offset-sm-0[39m[31m[91m[33m{[39m[31m[91mmargin-left[33m:[39m[31m[91m0[33m}[39m[31m[91m[33m.offset-sm-1[39m[31m[91m[33m{[39m[31m[91mmargin-left[33m:[39m[31m[91m8.333333%[33m}[39m[31m[91m[33m.offset-sm-2[39m[31m[91m[33m{[39m[31m[91mmargin-left[33m:[39m[31m[91m16.666667%[33m}[39m[31m[91m[33m.offset-sm-3[39m[31m[91m[33m{[39m[31m[91mmargin-left[33m:[39m[31m[91m25%[33m}[39m[31m[91m[33m.offset-sm-4[39m[31m[91m[33m{[39m[31m[91mmargin-left[33m:[39m[31m[91m33.333333%[33m}[39m[31m[91m[33m.offset-sm-5[39m[31m[91m[33m{[39m[31m[91mmargin-left[33m:[39m[31m[91m41.666667%[33m}[39m[31m[91m[33m.offset-sm-6[39m[31m[91m[33m{[39m[31m[91mmargin-left[33m:[39m[31m[91m50%[33m}[39m[31m[91m[33m.offset-sm-7[39m[31m[91m[33m{[39m[31m[91mmargin-left[33m:[39m[31m[91m58.333333%[33m}[39m[31m[91m[33m.offset-sm-8[39m[31m[91m[33m{[39m[31m[91mmargin-left[33m:[39m[31m[91m66.666667%[33m}[39m[31m[91m[33m.offset-sm-9[39m[31m[91m[33m{[39m[31m[91mmargin-left[33m:[39m[31m[91m75%[33m}[39m[31m[91m[33m.offset-sm-10[39m[31m[91m[33m{[39m[31m[91mmargin-left[33m:[39m[31m[91m83.333333%[33m}[39m[31m[91m[33m.offset-sm-11[39m[31m[91m[33m{[39m[31m[91mmargin-left[33m:[39m[31m[91m91.666667%[33m}[39m[31m[91m[[39m[22m[1m[31m33m}[39m[31m[91m[36m@media[39m[31m[91m[36m [39m[31m[91m[36m(min-width:768px)[39m[31m[91m[33m{[39m[31m[91m[33m.col-md[39m[31m[91m[33m{[39m[31m[91m-ms-flex-preferred-size[33m:[39m[31m[91m0[33m;[39m[31m[91mflex-basis[33m:[39m[31m[91m0[33m;[39m[31m[91m-ms-flex-positive[33m:[39m[31m[91m1[33m;[39m[31m[91mflex-grow[33m:[39m[31m[91m1[33m;[39m[31m[91mmax-width[33m:[39m[31m[91m100%[33m}[39m[31m[91m[33m.row-cols-md-1>*[39m[31m[91m[33m{[39m[31m[91m-ms-flex[33m:[39m[31m[91m0 0 100%[33m;[39m[31m[91mflex[33m:[39m[31m[91m0 0 100%[33m;[39m[31m[91mmax-width[33m:[39m[31m[91m100%[33m}[39m[31m[91m[33m.row-cols-md-2>*[39m[31m[91m[33m{[39m[31m[91m-ms-flex[33m:[39m[31m[91m0 0 50%[33m;[39m[31m[91mflex[33m:[39m[31m[91m0 0 50%[33m;[39m[31m[91mmax-width[33m:[39m[31m[91m50%[33m}[39m[31m[91m[33m.row-cols-md-3>*[39m[31m[91m[33m{[39m[31m[91m-ms-flex[33m:[39m[31m[91m0 0 33.333333%[33m;[39m[31m[91mflex[33m:[39m[31m[91m0 0 33.333333%[33m;[39m[31m[91mmax-width[33m:[39m[31m[91m33.333333%[33m}[39m[31m[91m[33m.row-cols-md-4>*[39m[31m[91m[33m{[39m[31m[91m-ms-flex[33m:[39m[31m[91m0 0 25%[33m;[39m[31m[91mflex[33m:[39m[31m[91m0 0 25%[33m;[39m[31m[91mmax-width[33m:[39m[31m[91m25%[33m}[39m[31m[91m[33m.row-cols-md-5>*[39m[31m[91m[33m{[39m[31m[91m-ms-flex[33m:[39m[31m[91m0 0 20%[33m;[39m[31m[91mflex[33m:[39m[31m[91m0 0 20%[33m;[39m[31m[91mmax-width[33m:[39m[31m[91m20%[33m}[39m[31m[91m[33m.row-cols-md-6>*[39m[31m[91m[33m{[39m[31m[91m-ms-flex[33m:[39m[31m[91m0 0 16.666667%[33m;[39m[31m[91mflex[33m:[39m[31m[91m0 0 16.666667%[33m;[39m[31m[91mmax-width[33m:[39m[31m[91m16.666667%[33m}[39m[31m[91m[33m.col-md-auto[39m[31m[91m[33m{[39m[31m[91m-ms-flex[33m:[39m[31m[91m0 0 auto[33m;[39m[31m[91mflex[33m:[39m[31m[91m0 0 auto[33m;[39m[31m[91mwidth[33m:[39m[31m[91mauto[33m;[39m[31m[91mmax-width[33m:[39m[31m[91m100%[33m}[39m[31m[91m[33m.col-md-1[39m[31m[91m[33m{[39m[31m[91m-ms-flex[33m:[39m[31m[91m0 0 8.333333%[33m;[39m[31m[91mflex[33m:[39m[31m[91m0 0 8.333333%[33m;[39m[31m[91mmax-width[33m:[39m[31m[91m8.333333%[33m}[39m[31m[91m[33m.col-md-2[39m[31m[91m[33m{[39m[31m[91m-ms-flex[33m:[39m[31m[91m0 0 16.666667%[33m[39m[22m[1m[31m;[39m[31m[91mflex[33m:[39m[31m[91m0 0 16.666667%[33m;[39m[31m[91mmax-width[33m:[39m[31m[91m16.666667%[33m}[39m[31m[91m[33m.col-md-3[39m[31m[91m[33m{[39m[31m[91m-ms-flex[33m:[39m[31m[91m0 0 25%[33m;[39m[31m[91mflex[33m:[39m[31m[91m0 0 25%[33m;[39m[31m[91mmax-width[33m:[39m[31m[91m25%[33m}[39m[31m[91m[33m.col-md-4[39m[31m[91m[33m{[39m[31m[91m-ms-flex[33m:[39m[31m[91m0 0 33.333333%[33m;[39m[31m[91mflex[33m:[39m[31m[91m0 0 33.333333%[33m;[39m[31m[91mmax-width[33m:[39m[31m[91m33.333333%[33m}[39m[31m[91m[33m.col-md-5[39m[31m[91m[33m{[39m[31m[91m-ms-flex[33m:[39m[31m[91m0 0 41.666667%[33m;[39m[31m[91mflex[33m:[39m[31m[91m0 0 41.666667%[33m;[39m[31m[91mmax-width[33m:[39m[31m[91m41.666667%[33m}[39m[31m[91m[33m.col-md-6[39m[31m[91m[33m{[39m[31m[91m-ms-flex[33m:[39m[31m[91m0 0 50%[33m;[39m[31m[91mflex[33m:[39m[31m[91m0 0 50%[33m;[39m[31m[91mmax-width[33m:[39m[31m[91m50%[33m}[39m[31m[91m[33m.col-md-7[39m[31m[91m[33m{[39m[31m[91m-ms-flex[33m:[39m[31m[91m0 0 58.333333%[33m;[39m[31m[91mflex[33m:[39m[31m[91m0 0 58.333333%[33m;[39m[31m[91mmax-width[33m:[39m[31m[91m58.333333%[33m}[39m[31m[91m[33m.col-md-8[39m[31m[91m[33m{[39m[31m[91m-ms-flex[33m:[39m[31m[91m0 0 66.666667%[33m;[39m[31m[91mflex[33m:[39m[31m[91m0 0 66.666667%[33m;[39m[31m[91mmax-width[33m:[39m[31m[91m66.666667%[33m}[39m[31m[91m[33m.col-md-9[39m[31m[91m[33m{[39m[31m[91m-ms-flex[33m:[39m[31m[91m0 0 75%[33m;[39m[31m[91mflex[33m:[39m[31m[91m0 0 75%[33m;[39m[31m[91mmax-width[33m:[39m[31m[91m75%[33m}[39m[31m[91m[33m.col-md-10[39m[31m[91m[33m{[39m[31m[91m-ms-flex[33m:[39m[31m[91m0 0 83.333333%[33m;[39m[31m[91mflex[33m:[39m[31m[91m0 0 83.333333%[33m;[39m[31m[91mmax-width[33m:[39m[31m[91m83.333333%[33m}[39m[31m[91m[33m.col-md-11[39m[31m[91m[33m{[39m[31m[91m-ms-flex[33m:[39m[31m[91m0 0 91.666667%[33m;[39m[31m[91mflex[33m:[39m[31m[91m0 0 91.666667%[33m;[39m[31m[91mmax-width[33m:[39m[31m[91m91.666667%[33m}[39m[31m[91m[33m.col-md-12[39m[31m[91m[33m{[39m[31m[91m-ms-flex[33m:[39m[31m[91m0 0 100%[33m;[39m[31m[91mflex[33m:[39m[31m[91m0 0 100%[33m;[39m[31m[91mmax-width[33m:[39m[31m[91m100%[33m}[39m[31m[91m[33m.order-md-f[39m[22m[1m[31mirst[39m[31m[91m[33m{[39m[31m[91m-ms-flex-order[33m:[39m[31m[91m-1[33m;[39m[31m[91morder[33m:[39m[31m[91m-1[33m}[39m[31m[91m[33m.order-md-last[39m[31m[91m[33m{[39m[31m[91m-ms-flex-order[33m:[39m[31m[91m13[33m;[39m[31m[91morder[33m:[39m[31m[91m13[33m}[39m[31m[91m[33m.order-md-0[39m[31m[91m[33m{[39m[31m[91m-ms-flex-order[33m:[39m[31m[91m0[33m;[39m[31m[91morder[33m:[39m[31m[91m0[33m}[39m[31m[91m[33m.order-md-1[39m[31m[91m[33m{[39m[31m[91m-ms-flex-order[33m:[39m[31m[91m1[33m;[39m[31m[91morder[33m:[39m[31m[91m1[33m}[39m[31m[91m[33m.order-md-2[39m[31m[91m[33m{[39m[31m[91m-ms-flex-order[33m:[39m[31m[91m2[33m;[39m[31m[91morder[33m:[39m[31m[91m2[33m}[39m[31m[91m[33m.order-md-3[39m[31m[91m[33m{[39m[31m[91m-ms-flex-order[33m:[39m[31m[91m3[33m;[39m[31m[91morder[33m:[39m[31m[91m3[33m}[39m[31m[91m[33m.order-md-4[39m[31m[91m[33m{[39m[31m[91m-ms-flex-order[33m:[39m[31m[91m4[33m;[39m[31m[91morder[33m:[39m[31m[91m4[33m}[39m[31m[91m[33m.order-md-5[39m[31m[91m[33m{[39m[31m[91m-ms-flex-order[33m:[39m[31m[91m5[33m;[39m[31m[91morder[33m:[39m[31m[91m5[33m}[39m[31m[91m[33m.order-md-6[39m[31m[91m[33m{[39m[31m[91m-ms-flex-order[33m:[39m[31m[91m6[33m;[39m[31m[91morder[33m:[39m[31m[91m6[33m}[39m[31m[91m[33m.order-md-7[39m[31m[91m[33m{[39m[31m[91m-ms-flex-order[33m:[39m[31m[91m7[33m;[39m[31m[91morder[33m:[39m[31m[91m7[33m}[39m[31m[91m[33m.order-md-8[39m[31m[91m[33m{[39m[31m[91m-ms-flex-order[33m:[39m[31m[91m8[33m;[39m[31m[91morder[33m:[39m[31m[91m8[33m}[39m[31m[91m[33m.order-md-9[39m[31m[91m[33m{[39m[31m[91m-ms-flex-order[33m:[39m[31m[91m9[33m;[39m[31m[91morder[33m:[39m[31m[91m9[33m}[39m[31m[91m[33m.order-md-10[39m[31m[91m[33m{[39m[31m[91m-ms-flex-order[33m:[39m[31m[91m10[33m;[39m[31m[91morder[33m:[39m[31m[91m10[33m}[39m[31m[91m[33m.order-md-11[39m[31m[91m[33m{[39m[31m[91m-ms-flex-order[33m:[39m[31m[91m11[33m;[39m[31m[91morder[33m:[39m[31m[91m11[33m}[39m[31m[91m[33m.order-md-12[39m[31m[91m[33m{[39m[31m[91m-ms-flex-order[33m:[39m[31m[91m12[33m;[39m[31m[91morder[33m:[39m[31m[91m12[33m}[39m[31m[91m[33m.offset-md-0[39m[31m[91m[33m{[39m[31m[91mmargin-left[33m:[39m[31m[91m0[33m}[39m[31m[91m[33[39m[22m[1m[31mm.offset-md-1[39m[31m[91m[33m{[39m[31m[91mmargin-left[33m:[39m[31m[91m8.333333%[33m}[39m[31m[91m[33m.offset-md-2[39m[31m[91m[33m{[39m[31m[91mmargin-left[33m:[39m[31m[91m16.666667%[33m}[39m[31m[91m[33m.offset-md-3[39m[31m[91m[33m{[39m[31m[91mmargin-left[33m:[39m[31m[91m25%[33m}[39m[31m[91m[33m.offset-md-4[39m[31m[91m[33m{[39m[31m[91mmargin-left[33m:[39m[31m[91m33.333333%[33m}[39m[31m[91m[33m.offset-md-5[39m[31m[91m[33m{[39m[31m[91mmargin-left[33m:[39m[31m[91m41.666667%[33m}[39m[31m[91m[33m.offset-md-6[39m[31m[91m[33m{[39m[31m[91mmargin-left[33m:[39m[31m[91m50%[33m}[39m[31m[91m[33m.offset-md-7[39m[31m[91m[33m{[39m[31m[91mmargin-left[33m:[39m[31m[91m58.333333%[33m}[39m[31m[91m[33m.offset-md-8[39m[31m[91m[33m{[39m[31m[91mmargin-left[33m:[39m[31m[91m66.666667%[33m}[39m[31m[91m[33m.offset-md-9[39m[31m[91m[33m{[39m[31m[91mmargin-left[33m:[39m[31m[91m75%[33m}[39m[31m[91m[33m.offset-md-10[39m[31m[91m[33m{[39m[31m[91mmargin-left[33m:[39m[31m[91m83.333333%[33m}[39m[31m[91m[33m.offset-md-11[39m[31m[91m[33m{[39m[31m[91mmargin-left[33m:[39m[31m[91m91.666667%[33m}[39m[31m[91m[33m}[39m[31m[91m[36m@media[39m[31m[91m[36m [39m[31m[91m[36m(min-width:960px)[39m[31m[91m[33m{[39m[31m[91m[33m.col-lg[39m[31m[91m[33m{[39m[31m[91m-ms-flex-preferred-size[33m:[39m[31m[91m0[33m;[39m[31m[91mflex-basis[33m:[39m[31m[91m0[33m;[39m[31m[91m-ms-flex-positive[33m:[39m[31m[91m1[33m;[39m[31m[91mflex-grow[33m:[39m[31m[91m1[33m;[39m[31m[91mmax-width[33m:[39m[31m[91m100%[33m}[39m[31m[91m[33m.row-cols-lg-1>*[39m[31m[91m[33m{[39m[31m[91m-ms-flex[33m:[39m[31m[91m0 0 100%[33m;[39m[31m[91mflex[33m:[39m[31m[91m0 0 100%[33m;[39m[31m[91mmax-width[33m:[39m[31m[91m100%[33m}[39m[31m[91m[33m.row-cols-lg-2>*[39m[31m[91m[33m{[39m[31m[91m-ms-flex[33m:[39m[31m[91m0 0 50%[33m;[39m[31m[91mflex[33m:[39m[31m[91m0 0 50%[33m;[39m[31m[91mmax-width[33m:[39m[31m[91m50%[33m}[39m[31m[91m[33m.row-cols-lg-3>*[39m[31m[91m[33m{[39m[31m[91m-ms-flex[33m:[39m[31m[91m0 0 33.333333%[33m;[39m[31m[91mflex[33m:[39m[31m[91m0 0 33.333333%[33m;[39m[31m[91mmax-width[33m:[39m[31m[91m33.333333%[33m}[39m[31m[91m[33m.row-cols-lg-4>*[39m[31m[39m[22m[1m[31m[91m[33m{[39m[31m[91m-ms-flex[33m:[39m[31m[91m0 0 25%[33m;[39m[31m[91mflex[33m:[39m[31m[91m0 0 25%[33m;[39m[31m[91mmax-width[33m:[39m[31m[91m25%[33m}[39m[31m[91m[33m.row-cols-lg-5>*[39m[31m[91m[33m{[39m[31m[91m-ms-flex[33m:[39m[31m[91m0 0 20%[33m;[39m[31m[91mflex[33m:[39m[31m[91m0 0 20%[33m;[39m[31m[91mmax-width[33m:[39m[31m[91m20%[33m}[39m[31m[91m[33m.row-cols-lg-6>*[39m[31m[91m[33m{[39m[31m[91m-ms-flex[33m:[39m[31m[91m0 0 16.666667%[33m;[39m[31m[91mflex[33m:[39m[31m[91m0 0 16.666667%[33m;[39m[31m[91mmax-width[33m:[39m[31m[91m16.666667%[33m}[39m[31m[91m[33m.col-lg-auto[39m[31m[91m[33m{[39m[31m[91m-ms-flex[33m:[39m[31m[91m0 0 auto[33m;[39m[31m[91mflex[33m:[39m[31m[91m0 0 auto[33m;[39m[31m[91mwidth[33m:[39m[31m[91mauto[33m;[39m[31m[91mmax-width[33m:[39m[31m[91m100%[33m}[39m[31m[91m[33m.col-lg-1[39m[31m[91m[33m{[39m[31m[91m-ms-flex[33m:[39m[31m[91m0 0 8.333333%[33m;[39m[31m[91mflex[33m:[39m[31m[91m0 0 8.333333%[33m;[39m[31m[91mmax-width[33m:[39m[31m[91m8.333333%[33m}[39m[31m[91m[33m.col-lg-2[39m[31m[91m[33m{[39m[31m[91m-ms-flex[33m:[39m[31m[91m0 0 16.666667%[33m;[39m[31m[91mflex[33m:[39m[31m[91m0 0 16.666667%[33m;[39m[31m[91mmax-width[33m:[39m[31m[91m16.666667%[33m}[39m[31m[91m[33m.col-lg-3[39m[31m[91m[33m{[39m[31m[91m-ms-flex[33m:[39m[31m[91m0 0 25%[33m;[39m[31m[91mflex[33m:[39m[31m[91m0 0 25%[33m;[39m[31m[91mmax-width[33m:[39m[31m[91m25%[33m}[39m[31m[91m[33m.col-lg-4[39m[31m[91m[33m{[39m[31m[91m-ms-flex[33m:[39m[31m[91m0 0 33.333333%[33m;[39m[31m[91mflex[33m:[39m[31m[91m0 0 33.333333%[33m;[39m[31m[91mmax-width[33m:[39m[31m[91m33.333333%[33m}[39m[31m[91m[33m.col-lg-5[39m[31m[91m[33m{[39m[31m[91m-ms-flex[33m:[39m[31m[91m0 0 41.666667%[33m;[39m[31m[91mflex[33m:[39m[31m[91m0 0 41.666667%[33m;[39m[31m[91mmax-width[33m:[39m[31m[91m41.666667%[33m}[39m[31m[91m[33m.col-lg-6[39m[31m[91m[33m{[39m[31m[91m-ms-flex[33m:[39m[31m[91m0 0 50%[33m;[39m[31m[91mflex[33m:[39m[31m[91m0 0 50%[33m;[39m[31m[91mmax-width[33m:[39m[31m[91m50%[33m}[39m[31m[91m[33m.col-lg-7[39m[31m[91m[33m{[39m[31m[91m-ms-flex[33m:[39m[31m[91m0 0 58.333333%[33m;[39m[31m[91mflex[33m:[39m[31m[91m0 [39m[22m[1m[31m0 58.333333%[33m;[39m[31m[91mmax-width[33m:[39m[31m[91m58.333333%[33m}[39m[31m[91m[33m.col-lg-8[39m[31m[91m[33m{[39m[31m[91m-ms-flex[33m:[39m[31m[91m0 0 66.666667%[33m;[39m[31m[91mflex[33m:[39m[31m[91m0 0 66.666667%[33m;[39m[31m[91mmax-width[33m:[39m[31m[91m66.666667%[33m}[39m[31m[91m[33m.col-lg-9[39m[31m[91m[33m{[39m[31m[91m-ms-flex[33m:[39m[31m[91m0 0 75%[33m;[39m[31m[91mflex[33m:[39m[31m[91m0 0 75%[33m;[39m[31m[91mmax-width[33m:[39m[31m[91m75%[33m}[39m[31m[91m[33m.col-lg-10[39m[31m[91m[33m{[39m[31m[91m-ms-flex[33m:[39m[31m[91m0 0 83.333333%[33m;[39m[31m[91mflex[33m:[39m[31m[91m0 0 83.333333%[33m;[39m[31m[91mmax-width[33m:[39m[31m[91m83.333333%[33m}[39m[31m[91m[33m.col-lg-11[39m[31m[91m[33m{[39m[31m[91m-ms-flex[33m:[39m[31m[91m0 0 91.666667%[33m;[39m[31m[91mflex[33m:[39m[31m[91m0 0 91.666667%[33m;[39m[31m[91mmax-width[33m:[39m[31m[91m91.666667%[33m}[39m[31m[91m[33m.col-lg-12[39m[31m[91m[33m{[39m[31m[91m-ms-flex[33m:[39m[31m[91m0 0 100%[33m;[39m[31m[91mflex[33m:[39m[31m[91m0 0 100%[33m;[39m[31m[91mmax-width[33m:[39m[31m[91m100%[33m}[39m[31m[91m[33m.order-lg-first[39m[31m[91m[33m{[39m[31m[91m-ms-flex-order[33m:[39m[31m[91m-1[33m;[39m[31m[91morder[33m:[39m[31m[91m-1[33m}[39m[31m[91m[33m.order-lg-last[39m[31m[91m[33m{[39m[31m[91m-ms-flex-order[33m:[39m[31m[91m13[33m;[39m[31m[91morder[33m:[39m[31m[91m13[33m}[39m[31m[91m[33m.order-lg-0[39m[31m[91m[33m{[39m[31m[91m-ms-flex-order[33m:[39m[31m[91m0[33m;[39m[31m[91morder[33m:[39m[31m[91m0[33m}[39m[31m[91m[33m.order-lg-1[39m[31m[91m[33m{[39m[31m[91m-ms-flex-order[33m:[39m[31m[91m1[33m;[39m[31m[91morder[33m:[39m[31m[91m1[33m}[39m[31m[91m[33m.order-lg-2[39m[31m[91m[33m{[39m[31m[91m-ms-flex-order[33m:[39m[31m[91m2[33m;[39m[31m[91morder[33m:[39m[31m[91m2[33m}[39m[31m[91m[33m.order-lg-3[39m[31m[91m[33m{[39m[31m[91m-ms-flex-order[33m:[39m[31m[91m3[33m;[39m[31m[91morder[33m:[39m[31m[91m3[33m}[39m[31m[91m[33m.order-lg-4[39m[31m[91m[33m{[39m[31m[91m-ms-flex-order[33m:[39m[31m[91m4[33m;[39m[31m[91morder[33m:[39m[31m[91m4[33m}[39m[31m[91m[33m.order-lg-5[39m[31m[91m[33m{[39m[31m[91m-ms-flex-order[33m:[39m[31m[91m5[33m;[3[39m[22m[1m[31m9m[91morder[33m:[39m[31m[91m5[33m}[39m[31m[91m[33m.order-lg-6[39m[31m[91m[33m{[39m[31m[91m-ms-flex-order[33m:[39m[31m[91m6[33m;[39m[31m[91morder[33m:[39m[31m[91m6[33m}[39m[31m[91m[33m.order-lg-7[39m[31m[91m[33m{[39m[31m[91m-ms-flex-order[33m:[39m[31m[91m7[33m;[39m[31m[91morder[33m:[39m[31m[91m7[33m}[39m[31m[91m[33m.order-lg-8[39m[31m[91m[33m{[39m[31m[91m-ms-flex-order[33m:[39m[31m[91m8[33m;[39m[31m[91morder[33m:[39m[31m[91m8[33m}[39m[31m[91m[33m.order-lg-9[39m[31m[91m[33m{[39m[31m[91m-ms-flex-order[33m:[39m[31m[91m9[33m;[39m[31m[91morder[33m:[39m[31m[91m9[33m}[39m[31m[91m[33m.order-lg-10[39m[31m[91m[33m{[39m[31m[91m-ms-flex-order[33m:[39m[31m[91m10[33m;[39m[31m[91morder[33m:[39m[31m[91m10[33m}[39m[31m[91m[33m.order-lg-11[39m[31m[91m[33m{[39m[31m[91m-ms-flex-order[33m:[39m[31m[91m11[33m;[39m[31m[91morder[33m:[39m[31m[91m11[33m}[39m[31m[91m[33m.order-lg-12[39m[31m[91m[33m{[39m[31m[91m-ms-flex-order[33m:[39m[31m[91m12[33m;[39m[31m[91morder[33m:[39m[31m[91m12[33m}[39m[31m[91m[33m.offset-lg-0[39m[31m[91m[33m{[39m[31m[91mmargin-left[33m:[39m[31m[91m0[33m}[39m[31m[91m[33m.offset-lg-1[39m[31m[91m[33m{[39m[31m[91mmargin-left[33m:[39m[31m[91m8.333333%[33m}[39m[31m[91m[33m.offset-lg-2[39m[31m[91m[33m{[39m[31m[91mmargin-left[33m:[39m[31m[91m16.666667%[33m}[39m[31m[91m[33m.offset-lg-3[39m[31m[91m[33m{[39m[31m[91mmargin-left[33m:[39m[31m[91m25%[33m}[39m[31m[91m[33m.offset-lg-4[39m[31m[91m[33m{[39m[31m[91mmargin-left[33m:[39m[31m[91m33.333333%[33m}[39m[31m[91m[33m.offset-lg-5[39m[31m[91m[33m{[39m[31m[91mmargin-left[33m:[39m[31m[91m41.666667%[33m}[39m[31m[91m[33m.offset-lg-6[39m[31m[91m[33m{[39m[31m[91mmargin-left[33m:[39m[31m[91m50%[33m}[39m[31m[91m[33m.offset-lg-7[39m[31m[91m[33m{[39m[31m[91mmargin-left[33m:[39m[31m[91m58.333333%[33m}[39m[31m[91m[33m.offset-lg-8[39m[31m[91m[33m{[39m[31m[91mmargin-left[33m:[39m[31m[91m66.666667%[33m}[39m[31m[91m[33m.offset-lg-9[39m[31m[91m[33m{[39m[31m[91mmargin-left[33m:[39m[31m[91m75%[33m}[39m[31m[91m[33m.offset-lg-10[39m[31m[91m[33m{[39m[31m[91mmargin-left[33m:[39m[31m[91m83.333333%[33m}[39m[31m[91m[33m.offset-lg-11[39m[31m[91m[3[39m[22m[1m[31m3m{[39m[31m[91mmargin-left[33m:[39m[31m[91m91.666667%[33m}[39m[31m[91m[33m}[39m[31m[91m[36m@media[39m[31m[91m[36m [39m[31m[91m[36m(min-width:1152px)[39m[31m[91m[33m{[39m[31m[91m[33m.col-xl[39m[31m[91m[33m{[39m[31m[91m-ms-flex-preferred-size[33m:[39m[31m[91m0[33m;[39m[31m[91mflex-basis[33m:[39m[31m[91m0[33m;[39m[31m[91m-ms-flex-positive[33m:[39m[31m[91m1[33m;[39m[31m[91mflex-grow[33m:[39m[31m[91m1[33m;[39m[31m[91mmax-width[33m:[39m[31m[91m100%[33m}[39m[31m[91m[33m.row-cols-xl-1>*[39m[31m[91m[33m{[39m[31m[91m-ms-flex[33m:[39m[31m[91m0 0 100%[33m;[39m[31m[91mflex[33m:[39m[31m[91m0 0 100%[33m;[39m[31m[91mmax-width[33m:[39m[31m[91m100%[33m}[39m[31m[91m[33m.row-cols-xl-2>*[39m[31m[91m[33m{[39m[31m[91m-ms-flex[33m:[39m[31m[91m0 0 50%[33m;[39m[31m[91mflex[33m:[39m[31m[91m0 0 50%[33m;[39m[31m[91mmax-width[33m:[39m[31m[91m50%[33m}[39m[31m[91m[33m.row-cols-xl-3>*[39m[31m[91m[33m{[39m[31m[91m-ms-flex[33m:[39m[31m[91m0 0 33.333333%[33m;[39m[31m[91mflex[33m:[39m[31m[91m0 0 33.333333%[33m;[39m[31m[91mmax-width[33m:[39m[31m[91m33.333333%[33m}[39m[31m[91m[33m.row-cols-xl-4>*[39m[31m[91m[33m{[39m[31m[91m-ms-flex[33m:[39m[31m[91m0 0 25%[33m;[39m[31m[91mflex[33m:[39m[31m[91m0 0 25%[33m;[39m[31m[91mmax-width[33m:[39m[31m[91m25%[33m}[39m[31m[91m[33m.row-cols-xl-5>*[39m[31m[91m[33m{[39m[31m[91m-ms-flex[33m:[39m[31m[91m0 0 20%[33m;[39m[31m[91mflex[33m:[39m[31m[91m0 0 20%[33m;[39m[31m[91mmax-width[33m:[39m[31m[91m20%[33m}[39m[31m[91m[33m.row-cols-xl-6>*[39m[31m[91m[33m{[39m[31m[91m-ms-flex[33m:[39m[31m[91m0 0 16.666667%[33m;[39m[31m[91mflex[33m:[39m[31m[91m0 0 16.666667%[33m;[39m[31m[91mmax-width[33m:[39m[31m[91m16.666667%[33m}[39m[31m[91m[33m.col-xl-auto[39m[31m[91m[33m{[39m[31m[91m-ms-flex[33m:[39m[31m[91m0 0 auto[33m;[39m[31m[91mflex[33m:[39m[31m[91m0 0 auto[33m;[39m[31m[91mwidth[33m:[39m[31m[91mauto[33m;[39m[31m[91mmax-width[33m:[39m[31m[91m100%[33m}[39m[31m[91m[33m.col-xl-1[39m[31m[91m[33m{[39m[31m[91m-ms-flex[33m:[39m[31m[91m0 0 8.333333%[33m;[39m[31m[91mflex[33m:[39m[31m[91m0 0 8.333333%[33m;[39m[31m[91mmax-width[33m:[39m[31m[91m8.333333%[33m}[39m[31m[91m[33m.col-xl-2[39m[22m[1m[31m[39m[31m[91m[33m{[39m[31m[91m-ms-flex[33m:[39m[31m[91m0 0 16.666667%[33m;[39m[31m[91mflex[33m:[39m[31m[91m0 0 16.666667%[33m;[39m[31m[91mmax-width[33m:[39m[31m[91m16.666667%[33m}[39m[31m[91m[33m.col-xl-3[39m[31m[91m[33m{[39m[31m[91m-ms-flex[33m:[39m[31m[91m0 0 25%[33m;[39m[31m[91mflex[33m:[39m[31m[91m0 0 25%[33m;[39m[31m[91mmax-width[33m:[39m[31m[91m25%[33m}[39m[31m[91m[33m.col-xl-4[39m[31m[91m[33m{[39m[31m[91m-ms-flex[33m:[39m[31m[91m0 0 33.333333%[33m;[39m[31m[91mflex[33m:[39m[31m[91m0 0 33.333333%[33m;[39m[31m[91mmax-width[33m:[39m[31m[91m33.333333%[33m}[39m[31m[91m[33m.col-xl-5[39m[31m[91m[33m{[39m[31m[91m-ms-flex[33m:[39m[31m[91m0 0 41.666667%[33m;[39m[31m[91mflex[33m:[39m[31m[91m0 0 41.666667%[33m;[39m[31m[91mmax-width[33m:[39m[31m[91m41.666667%[33m}[39m[31m[91m[33m.col-xl-6[39m[31m[91m[33m{[39m[31m[91m-ms-flex[33m:[39m[31m[91m0 0 50%[33m;[39m[31m[91mflex[33m:[39m[31m[91m0 0 50%[33m;[39m[31m[91mmax-width[33m:[39m[31m[91m50%[33m}[39m[31m[91m[33m.col-xl-7[39m[31m[91m[33m{[39m[31m[91m-ms-flex[33m:[39m[31m[91m0 0 58.333333%[33m;[39m[31m[91mflex[33m:[39m[31m[91m0 0 58.333333%[33m;[39m[31m[91mmax-width[33m:[39m[31m[91m58.333333%[33m}[39m[31m[91m[33m.col-xl-8[39m[31m[91m[33m{[39m[31m[91m-ms-flex[33m:[39m[31m[91m0 0 66.666667%[33m;[39m[31m[91mflex[33m:[39m[31m[91m0 0 66.666667%[33m;[39m[31m[91mmax-width[33m:[39m[31m[91m66.666667%[33m}[39m[31m[91m[33m.col-xl-9[39m[31m[91m[33m{[39m[31m[91m-ms-flex[33m:[39m[31m[91m0 0 75%[33m;[39m[31m[91mflex[33m:[39m[31m[91m0 0 75%[33m;[39m[31m[91mmax-width[33m:[39m[31m[91m75%[33m}[39m[31m[91m[33m.col-xl-10[39m[31m[91m[33m{[39m[31m[91m-ms-flex[33m:[39m[31m[91m0 0 83.333333%[33m;[39m[31m[91mflex[33m:[39m[31m[91m0 0 83.333333%[33m;[39m[31m[91mmax-width[33m:[39m[31m[91m83.333333%[33m}[39m[31m[91m[33m.col-xl-11[39m[31m[91m[33m{[39m[31m[91m-ms-flex[33m:[39m[31m[91m0 0 91.666667%[33m;[39m[31m[91mflex[33m:[39m[31m[91m0 0 91.666667%[33m;[39m[31m[91mmax-width[33m:[39m[31m[91m91.666667%[33m}[39m[31m[91m[33m.col-xl-12[39m[31m[91m[33m{[39m[31m[91m-ms-flex[33m:[39m[31m[91m0 0 100%[33m;[39m[31m[91mflex[33m:[39m[31m[91m0 0 100%[33m;[[39m[22m[1m[31m39m[91mmax-width[33m:[39m[31m[91m100%[33m}[39m[31m[91m[33m.order-xl-first[39m[31m[91m[33m{[39m[31m[91m-ms-flex-order[33m:[39m[31m[91m-1[33m;[39m[31m[91morder[33m:[39m[31m[91m-1[33m}[39m[31m[91m[33m.order-xl-last[39m[31m[91m[33m{[39m[31m[91m-ms-flex-order[33m:[39m[31m[91m13[33m;[39m[31m[91morder[33m:[39m[31m[91m13[33m}[39m[31m[91m[33m.order-xl-0[39m[31m[91m[33m{[39m[31m[91m-ms-flex-order[33m:[39m[31m[91m0[33m;[39m[31m[91morder[33m:[39m[31m[91m0[33m}[39m[31m[91m[33m.order-xl-1[39m[31m[91m[33m{[39m[31m[91m-ms-flex-order[33m:[39m[31m[91m1[33m;[39m[31m[91morder[33m:[39m[31m[91m1[33m}[39m[31m[91m[33m.order-xl-2[39m[31m[91m[33m{[39m[31m[91m-ms-flex-order[33m:[39m[31m[91m2[33m;[39m[31m[91morder[33m:[39m[31m[91m2[33m}[39m[31m[91m[33m.order-xl-3[39m[31m[91m[33m{[39m[31m[91m-ms-flex-order[33m:[39m[31m[91m3[33m;[39m[31m[91morder[33m:[39m[31m[91m3[33m}[39m[31m[91m[33m.order-xl-4[39m[31m[91m[33m{[39m[31m[91m-ms-flex-order[33m:[39m[31m[91m4[33m;[39m[31m[91morder[33m:[39m[31m[91m4[33m}[39m[31m[91m[33m.order-xl-5[39m[31m[91m[33m{[39m[31m[91m-ms-flex-order[33m:[39m[31m[91m5[33m;[39m[31m[91morder[33m:[39m[31m[91m5[33m}[39m[31m[91m[33m.order-xl-6[39m[31m[91m[33m{[39m[31m[91m-ms-flex-order[33m:[39m[31m[91m6[33m;[39m[31m[91morder[33m:[39m[31m[91m6[33m}[39m[31m[91m[33m.order-xl-7[39m[31m[91m[33m{[39m[31m[91m-ms-flex-order[33m:[39m[31m[91m7[33m;[39m[31m[91morder[33m:[39m[31m[91m7[33m}[39m[31m[91m[33m.order-xl-8[39m[31m[91m[33m{[39m[31m[91m-ms-flex-order[33m:[39m[31m[91m8[33m;[39m[31m[91morder[33m:[39m[31m[91m8[33m}[39m[31m[91m[33m.order-xl-9[39m[31m[91m[33m{[39m[31m[91m-ms-flex-order[33m:[39m[31m[91m9[33m;[39m[31m[91morder[33m:[39m[31m[91m9[33m}[39m[31m[91m[33m.order-xl-10[39m[31m[91m[33m{[39m[31m[91m-ms-flex-order[33m:[39m[31m[91m10[33m;[39m[31m[91morder[33m:[39m[31m[91m10[33m}[39m[31m[91m[33m.order-xl-11[39m[31m[91m[33m{[39m[31m[91m-ms-flex-order[33m:[39m[31m[91m11[33m;[39m[31m[91morder[33m:[39m[31m[91m11[33m}[39m[31m[91m[33m.order-xl-12[39m[31m[91m[33m{[39m[31m[91m-ms-flex-order[33m:[39m[31m[91m12[33m;[39m[31m[91morder[33m:[39m[31m[91m12[33m}[39m[31m[91m[33m.offset-xl-0[39m[31m[39m[22m[1m[31m[91m[33m{[39m[31m[91mmargin-left[33m:[39m[31m[91m0[33m}[39m[31m[91m[33m.offset-xl-1[39m[31m[91m[33m{[39m[31m[91mmargin-left[33m:[39m[31m[91m8.333333%[33m}[39m[31m[91m[33m.offset-xl-2[39m[31m[91m[33m{[39m[31m[91mmargin-left[33m:[39m[31m[91m16.666667%[33m}[39m[31m[91m[33m.offset-xl-3[39m[31m[91m[33m{[39m[31m[91mmargin-left[33m:[39m[31m[91m25%[33m}[39m[31m[91m[33m.offset-xl-4[39m[31m[91m[33m{[39m[31m[91mmargin-left[33m:[39m[31m[91m33.333333%[33m}[39m[31m[91m[33m.offset-xl-5[39m[31m[91m[33m{[39m[31m[91mmargin-left[33m:[39m[31m[91m41.666667%[33m}[39m[31m[91m[33m.offset-xl-6[39m[31m[91m[33m{[39m[31m[91mmargin-left[33m:[39m[31m[91m50%[33m}[39m[31m[91m[33m.offset-xl-7[39m[31m[91m[33m{[39m[31m[91mmargin-left[33m:[39m[31m[91m58.333333%[33m}[39m[31m[91m[33m.offset-xl-8[39m[31m[91m[33m{[39m[31m[91mmargin-left[33m:[39m[31m[91m66.666667%[33m}[39m[31m[91m[33m.offset-xl-9[39m[31m[91m[33m{[39m[31m[91mmargin-left[33m:[39m[31m[91m75%[33m}[39m[31m[91m[33m.offset-xl-10[39m[31m[91m[33m{[39m[31m[91mmargin-left[33m:[39m[31m[91m83.333333%[33m}[39m[31m[91m[33m.offset-xl-11[39m[31m[91m[33m{[39m[31m[91mmargin-left[33m:[39m[31m[91m91.666667%[33m}[39m[31m[91m[33m}[39m[31m[91m[33m.table[39m[31m[91m[33m{[39m[31m[91mwidth[33m:[39m[31m[91m100%[33m;[39m[31m[91mmargin-bottom[33m:[39m[31m[91m14px 8px[33m;[39m[31m[91mcolor[33m:[39m[31m[91m[35m#bbb[39m[31m[91m[33m}[39m[31m[91m[33m.table[39m[31m[91m td,.table th[33m{[39m[31m[91mpadding[33m:[39m[31m[91m0[33m;[39m[31m[91mvertical-align[33m:[39m[31m[91mtop[33m}[39m[31m[91m[33m.table[39m[31m[91m thead th[33m{[39m[31m[91mvertical-align[33m:[39m[31m[91mbottom[33m}[39m[31m[91m[33m.table-sm[39m[31m[91m td,.table-sm th[33m{[39m[31m[91mpadding[33m:[39m[31m[91m0[33m}[39m[31m[91m[33m.table-bordered[39m[31m[91m[33m{[39m[31m[91mborder[33m:[39m[31m[91m0 solid [35m#555[39m[31m[91m[33m}[39m[31m[91m[33m.table-bordered[39m[31m[91m thead td,.table-bordered thead th[33m{[39m[31m[91mborder-bottom-width[33m:[39m[31m[91m0[33m}[39m[31m[91m[33m.table-borderless[39m[31m[91m tbody+tbody,.table-borderless td,.table-borderless th,.table-borderless thead th[33m{[39m[22m[1m[31m[39m[91mborder[33m:[39m[31m[91m0[33m}[39m[31m[91m[33m.table-striped[39m[31m[91m tbody tr[33m:[39m[31m[91m[36mnth-of-type[39m[31m[91m[36m(odd)[39m[31m[91m[33m{[39m[31m[91mbackground-color[33m:[39m[31m[91m[35m#000[39m[31m[91m[33m}[39m[31m[91m[33m.table-hover[39m[31m[91m td[33m:[39m[31m[91mhover,.table-hover th[33m:[39m[31m[91mhover[33m{[39m[31m[91mcolor[33m:[39m[31m[91m[35m#000[39m[31m[91m[33m;[39m[31m[91mbackground[33m:[39m[31m[91m[35m#bbb[39m[31m[91m[33m}[39m[31m[91m[33m.table-primary,.table-primary>td,.table-primary>th[39m[31m[91m[33m{[39m[31m[91mbackground-color[33m:[39m[31m[91m[35m#555[39m[31m[91m[33m}[39m[31m[91m[33m.table-secondary,.table-secondary>td,.table-secondary>th[39m[31m[91m[33m{[39m[31m[91mbackground-color[33m:[39m[31m[91m[35m#555[39m[31m[91m[33m}[39m[31m[91m[33m.table-success,.table-success>td,.table-success>th[39m[31m[91m[33m{[39m[31m[91mbackground-color[33m:[39m[31m[91m[35m#0a0[39m[31m[91m[33m}[39m[31m[91m[33m.table-info,.table-info>td,.table-info>th[39m[31m[91m[33m{[39m[31m[91mbackground-color[33m:[39m[31m[91m[35m#0aa[39m[31m[91m[33m}[39m[31m[91m[33m.table-warning,.table-warning>td,.table-warning>th[39m[31m[91m[33m{[39m[31m[91mbackground-color[33m:[39m[31m[91m[35m#a50[39m[31m[91m[33m}[39m[31m[91m[33m.table-danger,.table-danger>td,.table-danger>th[39m[31m[91m[33m{[39m[31m[91mbackground-color[33m:[39m[31m[91m[35m#a00[39m[31m[91m[33m}[39m[31m[91m[33m.table-dark,.table-dark>td,.table-dark>th[39m[31m[91m[33m{[39m[31m[91mbackground-color[33m:[39m[31m[91m[35m#000[39m[31m[91m[33m}[39m[31m[91m[33m.table-active,.table-active>td,.table-active>th[39m[31m[91m[33m{[39m[31m[91mbackground-color[33m:[39m[31m[91m[35m#000[39m[31m[91m[33m}[39m[31m[91m[33m.table[39m[31m[91m [33m.thead-dark[39m[31m[91m th[33m{[39m[31m[91mcolor[33m:[39m[31m[91m[35m#fff[39m[31m[91m[33m;[39m[31m[91mbackground-color[33m:[39m[31m[91m[35m#bbb[39m[31m[91m[33m;[39m[31m[91mborder-color[33m:[39m[31m[91m[35m#000[39m[31m[91m[33m}[39m[31m[91m[33m.table[39m[31m[91m [33m.thead-light[39m[31m[91m th[33m{[39m[31m[91mcolor[33m:[39m[31m[91m[35m#bbb[39m[31m[91m[33m;[39m[31m[91mbackg[39m[22m[1m[31mround-color[33m:[39m[31m[91m[35m#555[39m[31m[91m[33m;[39m[31m[91mborder-color[33m:[39m[31m[91m[35m#555[39m[31m[91m[33m}[39m[31m[91m[33m.table-dark[39m[31m[91m[33m{[39m[31m[91mcolor[33m:[39m[31m[91m[35m#fff[39m[31m[91m[33m;[39m[31m[91mbackground-color[33m:[39m[31m[91m[35m#bbb[39m[31m[91m[33m}[39m[31m[91m[33m.table-dark[39m[31m[91m td,.table-dark th,.table-dark thead th[33m{[39m[31m[91mborder-color[33m:[39m[31m[91m[35m#000[39m[31m[91m[33m}[39m[31m[91m[33m.table-dark.table-bordered[39m[31m[91m[33m{[39m[31m[91mborder[33m:[39m[31m[91m0[33m}[39m[31m[91m[33m.table-dark.table-striped[39m[31m[91m tbody tr[33m:[39m[31m[91m[36mnth-of-type[39m[31m[91m[36m(odd)[39m[31m[91m[33m{[39m[31m[91mbackground-color[33m:[39m[31m[91m[35m#000[39m[31m[91m[33m}[39m[31m[91m[33m.table-dark.table-hover[39m[31m[91m tbody tr[33m:[39m[31m[91mhover[33m{[39m[31m[91mcolor[33m:[39m[31m[91m[35m#fff[39m[31m[91m[33m}[39m[31m[91m[36m@media[39m[31m[91m[36m [39m[31m[91m[36m(max-width:575.98px)[39m[31m[91m[33m{[39m[31m[91m[33m.table-responsive-sm[39m[31m[91m[33m{[39m[31m[91mdisplay[33m:[39m[31m[91mblock[33m;[39m[31m[91mwidth[33m:[39m[31m[91m100%[33m;[39m[31m[91moverflow-x[33m:[39m[31m[91mauto[33m;[39m[31m[91m-webkit-overflow-scrolling[33m:[39m[31m[91mtouch[33m}[39m[31m[91m[33m.table-responsive-sm>.table-bordered[39m[31m[91m[33m{[39m[31m[91mborder[33m:[39m[31m[91m0[33m}[39m[31m[91m[33m}[39m[31m[91m[36m@media[39m[31m[91m[36m [39m[31m[91m[36m(max-width:767.98px)[39m[31m[91m[33m{[39m[31m[91m[33m.table-responsive-md[39m[31m[91m[33m{[39m[31m[91mdisplay[33m:[39m[31m[91mblock[33m;[39m[31m[91mwidth[33m:[39m[31m[91m100%[33m;[39m[31m[91moverflow-x[33m:[39m[31m[91mauto[33m;[39m[31m[91m-webkit-overflow-scrolling[33m:[39m[31m[91mtouch[33m}[39m[31m[91m[33m.table-responsive-md>.table-bordered[39m[31m[91m[33m{[39m[31m[91mborder[33m:[39m[31m[91m0[33m}[39m[31m[91m[33m}[39m[31m[91m[36m@media[39m[31m[91m[36m [39m[31m[91m[36m(max-width:959.98px)[39m[31m[91m[33m{[39m[31m[91m[33m.table-responsive-lg[39m[31m[91m[33m{[39m[31m[91mdisplay[33m:[39m[31m[91mblock[33m;[39m[31m[91mwidth[33m:[39m[31m[91m100%[33m;[39m[31m[91mov[39m[22m[1m[31merflow-x[33m:[39m[31m[91mauto[33m;[39m[31m[91m-webkit-overflow-scrolling[33m:[39m[31m[91mtouch[33m}[39m[31m[91m[33m.table-responsive-lg>.table-bordered[39m[31m[91m[33m{[39m[31m[91mborder[33m:[39m[31m[91m0[33m}[39m[31m[91m[33m}[39m[31m[91m[36m@media[39m[31m[91m[36m [39m[31m[91m[36m(max-width:1151.98px)[39m[31m[91m[33m{[39m[31m[91m[33m.table-responsive-xl[39m[31m[91m[33m{[39m[31m[91mdisplay[33m:[39m[31m[91mblock[33m;[39m[31m[91mwidth[33m:[39m[31m[91m100%[33m;[39m[31m[91moverflow-x[33m:[39m[31m[91mauto[33m;[39m[31m[91m-webkit-overflow-scrolling[33m:[39m[31m[91mtouch[33m}[39m[31m[91m[33m.table-responsive-xl>.table-bordered[39m[31m[91m[33m{[39m[31m[91mborder[33m:[39m[31m[91m0[33m}[39m[31m[91m[33m}[39m[31m[91m[33m.table-responsive[39m[31m[91m[33m{[39m[31m[91mdisplay[33m:[39m[31m[91mblock[33m;[39m[31m[91mwidth[33m:[39m[31m[91m100%[33m;[39m[31m[91moverflow-x[33m:[39m[31m[91mauto[33m;[39m[31m[91m-webkit-overflow-scrolling[33m:[39m[31m[91mtouch[33m}[39m[31m[91m[33m.table-responsive>.table-bordered[39m[31m[91m[33m{[39m[31m[91mborder[33m:[39m[31m[91m0[33m}[39m[31m[91m[33m.form-control[39m[31m[91m[33m{[39m[31m[91mdisplay[33m:[39m[31m[91mblock[33m;[39m[31m[91mwidth[33m:[39m[31m[91m100%[33m;[39m[31m[91mheight[33m:[39m[31m[91m14px[33m;[39m[31m[91mpadding[33m:[39m[31m[91m0 0[33m;[39m[31m[91mfont-size[33m:[39m[31m[91m16px[33m;[39m[31m[91mfont-weight[33m:[39m[31m[91m400[33m;[39m[31m[91mline-height[33m:[39m[31m[91m14px[33m;[39m[31m[91mcolor[33m:[39m[31m[91m[35m#fff[39m[31m[91m[33m;[39m[31m[91mbackground-color[33m:[39m[31m[91m[35m#000084[39m[31m[91m[33m;[39m[31m[91mbackground-clip[33m:[39m[31m[91mpadding-box[33m;[39m[31m[91mborder[33m:[39m[31m[91m0 solid [35m#555[39m[31m[91m[33m}[39m[31m[91m[33m.form-control[39m[31m[91m[33m:[39m[31m[91m[33m:[39m[31m[91m-ms-expand[33m{[39m[31m[91mbackground-color[33m:[39m[31m[91mtransparent[33m;[39m[31m[91mborder[33m:[39m[31m[91m0[33m}[39m[31m[91m[33m.form-control[39m[31m[91m[33m:[39m[31m[91m-moz-focusring[33m{[39m[31m[91mcolor[33m:[39m[31m[91mtransparent[33m;[39m[31m[91mtext-shadow[33m:[39m[31m[91m0 0 0 [35m#fff[39m[31m[91m[33m}[39m[31m[39m[22m[1m[31m[91m[33m.form-control[39m[31m[91m[33m:[39m[31m[91mfocus[33m{[39m[31m[91moutline[33m:[39m[31m[91m0[33m}[39m[31m[91m[33m.form-control[39m[31m[91m[33m:[39m[31m[91m[33m:[39m[31m[91m-webkit-input-placeholder[33m{[39m[31m[91mcolor[33m:[39m[31m[91m[35m#bbb[39m[31m[91m[33m;[39m[31m[91mopacity[33m:[39m[31m[91m1[33m}[39m[31m[91m[33m.form-control[39m[31m[91m[33m:[39m[31m[91m[33m:[39m[31m[91m-moz-placeholder[33m{[39m[31m[91mcolor[33m:[39m[31m[91m[35m#bbb[39m[31m[91m[33m;[39m[31m[91mopacity[33m:[39m[31m[91m1[33m}[39m[31m[91m[33m.form-control[39m[31m[91m[33m:[39m[31m[91m-ms-input-placeholder[33m{[39m[31m[91mcolor[33m:[39m[31m[91m[35m#bbb[39m[31m[91m[33m;[39m[31m[91mopacity[33m:[39m[31m[91m1[33m}[39m[31m[91m[33m.form-control[39m[31m[91m[33m:[39m[31m[91m[33m:[39m[31m[91m-ms-input-placeholder[33m{[39m[31m[91mcolor[33m:[39m[31m[91m[35m#bbb[39m[31m[91m[33m;[39m[31m[91mopacity[33m:[39m[31m[91m1[33m}[39m[31m[91m[33m.form-control[39m[31m[91m[33m:[39m[31m[91m[33m:[39m[31m[91mplaceholder[33m{[39m[31m[91mcolor[33m:[39m[31m[91m[35m#bbb[39m[31m[91m[33m;[39m[31m[91mopacity[33m:[39m[31m[91m1[33m}[39m[31m[91m[33m.form-control[39m[31m[91m[33m:[39m[31m[91mdisabled,.form-control[33m[[39m[31m[91mreadonly[33m][39m[31m[91m[33m{[39m[31m[91mopacity[33m:[39m[31m[91m1[33m;[39m[31m[91mbackground[33m:[39m[31m[91m[36murl[39m[31m[91m[36m(../fonts/left-brace-grayLight.svg)[39m[31m[91m no-repeat left [36mbottom,url[39m[31m[91m[36m([39m[31m[91m[33m../fonts/right-brace-grayLight.svg[39m[31m[91m[36m)[39m[31m[91m no-repeat right bottom,[35m#555[39m[31m[91m[33m}[39m[31m[91mselect.form-control[33m{[39m[31m[91mbackground[33m:[39m[31m[91m[35m#bbb[39m[31m[91m[33m;[39m[31m[91mborder[33m:[39m[31m[91m[33m.875px[39m[31m[91m solid [35m#000[39m[31m[91m[33m;[39m[31m[91mmargin-top[33m:[39m[31m[91m7px[33m;[39m[31m[91mpadding-top[33m:[39m[31m[91m6.125px[33m;[39m[31m[91mpadding-bottom[33m:[39m[31m[91m7px[33m;[39m[31m[91mmargin-bottom[33m:[39m[31m[91m6.125px[33m;[39m[31m[91mborder-left-width[33m:[39m[31m[91m2px[33m;[39m[31m[91mborder-right-width[33m:[39m[31m[91m2px[33m;[39m[31m[91mmargin-left[33m:[39m[31m[91m3.5px[[39m[22m[1m[31m33m;[39m[31m[91mpadding-left[33m:[39m[31m[91m2.5px[33m;[39m[31m[91mpadding-right[33m:[39m[31m[91m3.5px[33m;[39m[31m[91mmargin-right[33m:[39m[31m[91m2.5px[33m;[39m[31m[91mbox-shadow[33m:[39m[31m[91m-3.5px -7px 0 0 [35m#bbb,2.5px[39m[31m[91m 6.125px 0 0 [35m#bbb,-3.5px[39m[31m[91m 6.125px 0 0 [35m#bbb,2.5px[39m[31m[91m -7px 0 0 [35m#bbb[39m[31m[91m[33m;[39m[31m[91mwidth[33m:[39m[31m[91m[36mcalc[39m[31m[91m[36m(100% - 6px)[39m[31m[91m[33m;[39m[31m[91mcolor[33m:[39m[31m[91m[35m#000[39m[31m[91m[33m;[39m[31m[91mheight[33m:[39m[31m[91m28px[33m}[39m[31m[91mselect.form-control[33m:[39m[31m[91mfocus[33m:[39m[31m[91m[33m:[39m[31m[91m-ms-value[33m{[39m[31m[91mcolor[33m:[39m[31m[91m[35m#000[39m[31m[91m[33m;[39m[31m[91mbackground[33m:[39m[31m[91m[35m#bbb[39m[31m[91m[33m}[39m[31m[91m[33m.form-control-file,.form-control-range[39m[31m[91m[33m{[39m[31m[91mdisplay[33m:[39m[31m[91mblock[33m;[39m[31m[91mwidth[33m:[39m[31m[91m100%[33m}[39m[31m[91m[33m.col-form-label[39m[31m[91m[33m{[39m[31m[91mpadding-top[33m:[39m[31m[91m0[33m;[39m[31m[91mpadding-bottom[33m:[39m[31m[91m0[33m;[39m[31m[91mmargin-bottom[33m:[39m[31m[91m0[33m;[39m[31m[91mfont-size[33m:[39m[31m[91m16px[33m;[39m[31m[91mline-height[33m:[39m[31m[91m14px[33m}[39m[31m[91m[33m.col-form-label-lg[39m[31m[91m[33m{[39m[31m[91mpadding-top[33m:[39m[31m[91m0[33m;[39m[31m[91mpadding-bottom[33m:[39m[31m[91m0[33m;[39m[31m[91mfont-size[33m:[39m[31m[91m16px[33m;[39m[31m[91mline-height[33m:[39m[31m[91m14px[33m}[39m[31m[91m[33m.col-form-label-sm[39m[31m[91m[33m{[39m[31m[91mpadding-top[33m:[39m[31m[91m0[33m;[39m[31m[91mpadding-bottom[33m:[39m[31m[91m0[33m;[39m[31m[91mfont-size[33m:[39m[31m[91m16px[33m;[39m[31m[91mline-height[33m:[39m[31m[91m14px[33m}[39m[31m[91m[33m.form-control-plaintext[39m[31m[91m[33m{[39m[31m[91mdisplay[33m:[39m[31m[91mblock[33m;[39m[31m[91mwidth[33m:[39m[31m[91m100%[33m;[39m[31m[91mpadding[33m:[39m[31m[91m0 8px[33m;[39m[31m[91mmargin-bottom[33m:[39m[31m[91m0[33m;[39m[31m[91mline-height[33m:[39m[31m[91m14px[33m;[39m[31m[91mcolor[33m:[39m[31m[91m[35m#bbb[39m[31m[91m[33m;[39m[31m[91mbackground-color[33m:[39m[31m[[39m[22m[1m[31m91mtransparent[33m;[39m[31m[91mborder[33m:[39m[31m[91m0[33m;[39m[31m[91mbackground[33m:[39m[31m[91m[36murl[39m[31m[91m[36m(../fonts/left-brace-grayLight.svg)[39m[31m[91m no-repeat left [36mbottom,url[39m[31m[91m[36m([39m[31m[91m[33m../fonts/right-brace-grayLight.svg[39m[31m[91m[36m)[39m[31m[91m no-repeat right bottom[33m}[39m[31m[91m[33m.form-control-sm[39m[31m[91m[33m{[39m[31m[91mheight[33m:[39m[31m[91m14px[33m;[39m[31m[91mpadding[33m:[39m[31m[91m0 0[33m;[39m[31m[91mfont-size[33m:[39m[31m[91m16px[33m;[39m[31m[91mline-height[33m:[39m[31m[91m14px[33m}[39m[31m[91m[33m.form-control-lg[39m[31m[91m[33m{[39m[31m[91mheight[33m:[39m[31m[91m14px[33m;[39m[31m[91mpadding[33m:[39m[31m[91m0 0[33m;[39m[31m[91mfont-size[33m:[39m[31m[91m16px[33m;[39m[31m[91mline-height[33m:[39m[31m[91m14px[33m}[39m[31m[91mselect.form-control[33m[[39m[31m[91mmultiple[33m][39m[31m[91m,select.form-control[33m[[39m[31m[91msize[33m][39m[31m[91m[33m{[39m[31m[91mheight[33m:[39m[31m[91mauto[33m}[39m[31m[91mtextarea.form-control[33m{[39m[31m[91mheight[33m:[39m[31m[91mauto[33m;[39m[31m[91mwidth[33m:[39m[31m[91m[36mcalc[39m[31m[91m[36m(100% - 6px)[39m[31m[91m[33m;[39m[31m[91mborder[33m:[39m[31m[91m[33m.875px[39m[31m[91m solid [35m#000[39m[31m[91m[33m;[39m[31m[91mmargin-top[33m:[39m[31m[91m7px[33m;[39m[31m[91mpadding-top[33m:[39m[31m[91m6.125px[33m;[39m[31m[91mpadding-bottom[33m:[39m[31m[91m7px[33m;[39m[31m[91mmargin-bottom[33m:[39m[31m[91m6.125px[33m;[39m[31m[91mborder-left-width[33m:[39m[31m[91m2px[33m;[39m[31m[91mborder-right-width[33m:[39m[31m[91m2px[33m;[39m[31m[91mmargin-left[33m:[39m[31m[91m3.5px[33m;[39m[31m[91mpadding-left[33m:[39m[31m[91m2.5px[33m;[39m[31m[91mpadding-right[33m:[39m[31m[91m3.5px[33m;[39m[31m[91mmargin-right[33m:[39m[31m[91m2.5px[33m;[39m[31m[91mbox-shadow[33m:[39m[31m[91minset 0 -3.5px 0 3px [35m#bbb,inset[39m[31m[91m 0 3.5px 0 3px [35m#bbb,-3.5px[39m[31m[91m -7px 0 0 [35m#bbb,2.5px[39m[31m[91m 6.125px 0 0 [35m#bbb,-3.5px[39m[31m[91m 6.125px 0 0 [35m#bbb,2.5px[39m[31m[91m -7px 0 0 [35m#bbb[39m[31m[91m[33m}[39m[31m[91minput.form-control[33m{[39m[31m[91mbackgroun[39m[22m[1m[31md[33m:[39m[31m[91m[36murl[39m[31m[91m[36m(../fonts/left-brace-black.svg)[39m[31m[91m no-repeat left [36mbottom,url[39m[31m[91m[36m([39m[31m[91m[33m../fonts/right-brace-black.svg[39m[31m[91m[36m)[39m[31m[91m no-repeat right bottom,[35m#bbb[39m[31m[91m[33m;[39m[31m[91mcolor[33m:[39m[31m[91m[35m#000[39m[31m[91m[33m;[39m[31m[91mpadding[33m:[39m[31m[91m0 8px[33m}[39m[31m[91m[33m.form-group[39m[31m[91m[33m{[39m[31m[91mmargin-bottom[33m:[39m[31m[91m0[33m}[39m[31m[91m[33m.form-text[39m[31m[91m[33m{[39m[31m[91mdisplay[33m:[39m[31m[91mblock[33m;[39m[31m[91mmargin-top[33m:[39m[31m[91m0[33m}[39m[31m[91m[33m.form-row[39m[31m[91m[33m{[39m[31m[91mdisplay[33m:[39m[31m[91m-ms-flexbox[33m;[39m[31m[91mdisplay[33m:[39m[31m[91mflex[33m;[39m[31m[91m-ms-flex-wrap[33m:[39m[31m[91mwrap[33m;[39m[31m[91mflex-wrap[33m:[39m[31m[91mwrap[33m;[39m[31m[91mmargin-right[33m:[39m[31m[91m-5px[33m;[39m[31m[91mmargin-left[33m:[39m[31m[91m-5px[33m}[39m[31m[91m[33m.form-row>.col,.form-row>[39m[31m[91m[33m[[39m[31m[91mclass*=col-[33m][39m[31m[91m[33m{[39m[31m[91mpadding-right[33m:[39m[31m[91m5px[33m;[39m[31m[91mpadding-left[33m:[39m[31m[91m5px[33m}[39m[31m[91m[33m.form-check[39m[31m[91m[33m{[39m[31m[91mposition[33m:[39m[31m[91mrelative[33m;[39m[31m[91mdisplay[33m:[39m[31m[91mblock[33m;[39m[31m[91mpadding-left[33m:[39m[31m[91m16px[33m}[39m[31m[91m[33m.form-check-input[39m[31m[91m[33m{[39m[31m[91mposition[33m:[39m[31m[91mabsolute[33m;[39m[31m[91mmargin-top[33m:[39m[31m[91m2px[33m;[39m[31m[91mmargin-left[33m:[39m[31m[91m-16px[33m}[39m[31m[91m[33m.form-check-input[39m[31m[91m[33m:[39m[31m[91mdisabled~.form-check-label,.form-check-input[33m[[39m[31m[91mdisabled[33m][39m[31m[91m~.form-check-label[33m{[39m[31m[91mcolor[33m:[39m[31m[91m[35m#555[39m[31m[91m[33m}[39m[31m[91m[33m.form-check-label[39m[31m[91m[33m{[39m[31m[91mmargin-bottom[33m:[39m[31m[91m0[33m}[39m[31m[91m[33m.form-check-inline[39m[31m[91m[33m{[39m[31m[91mdisplay[33m:[39m[31m[91m-ms-inline-flexbox[33m;[39m[31m[91mdisplay[33m:[39m[31m[91minline-flex[33m;[39m[31m[91m-ms-flex-align[33m:[39m[31m[91mcenter[33m;[39m[31m[91malign-items[33[39m[22m[1m[31mm:[39m[31m[91mcenter[33m;[39m[31m[91mpadding-left[33m:[39m[31m[91m0[33m;[39m[31m[91mmargin-right[33m:[39m[31m[91m0[33m}[39m[31m[91m[33m.form-check-inline[39m[31m[91m [33m.form-check-input[39m[31m[91m[33m{[39m[31m[91mposition[33m:[39m[31m[91mstatic[33m;[39m[31m[91mmargin-top[33m:[39m[31m[91m0[33m;[39m[31m[91mmargin-right[33m:[39m[31m[91m0[33m;[39m[31m[91mmargin-left[33m:[39m[31m[91m0[33m}[39m[31m[91m[33m.valid-feedback[39m[31m[91m[33m{[39m[31m[91mdisplay[33m:[39m[31m[91mnone[33m;[39m[31m[91mwidth[33m:[39m[31m[91m100%[33m;[39m[31m[91mmargin-top[33m:[39m[31m[91m0[33m;[39m[31m[91mfont-size[33m:[39m[31m[91m16px[33m;[39m[31m[91mcolor[33m:[39m[31m[91m[35m#0a0[39m[31m[91m[33m}[39m[31m[91m[33m.valid-tooltip[39m[31m[91m[33m{[39m[31m[91mposition[33m:[39m[31m[91mabsolute[33m;[39m[31m[91mtop[33m:[39m[31m[91m100%[33m;[39m[31m[91mz-index[33m:[39m[31m[91m5[33m;[39m[31m[91mdisplay[33m:[39m[31m[91mnone[33m;[39m[31m[91mmax-width[33m:[39m[31m[91m100%[33m;[39m[31m[91mpadding[33m:[39m[31m[91m0 8px[33m;[39m[31m[91mfont-size[33m:[39m[31m[91m16px[33m;[39m[31m[91mline-height[33m:[39m[31m[91m14px[33m;[39m[31m[91mcolor[33m:[39m[31m[91m[35m#fff[39m[31m[91m[33m;[39m[31m[91mbackground-color[33m:[39m[31m[91m[35m#bbb[39m[31m[91m[33m}[39m[31m[91m[33m.is-valid~.valid-feedback,.is-valid~.valid-tooltip,.was-validated[39m[31m[91m [33m:[39m[31m[91mvalid~.valid-feedback,.was-validated [33m:[39m[31m[91mvalid~.valid-tooltip[33m{[39m[31m[91mdisplay[33m:[39m[31m[91mblock[33m}[39m[31m[91m[33m.form-control.is-valid,.was-validated[39m[31m[91m [33m.form-control[39m[31m[91m[33m:[39m[31m[91mvalid[33m{[39m[31m[91mborder-color[33m:[39m[31m[91m[35m#0a0[39m[31m[91m[33m}[39m[31m[91m[33m.form-control.is-valid[39m[31m[91m[33m:[39m[31m[91mfocus,.was-validated [33m.form-control[39m[31m[91m[33m:[39m[31m[91mvalid[33m:[39m[31m[91mfocus[33m{[39m[31m[91mborder-color[33m:[39m[31m[91m[35m#0a0[39m[31m[91m[33m;[39m[31m[91mbox-shadow[33m:[39m[31m[91m0[33m}[39m[31m[91m[33m.custom-select.is-valid,.was-validated[39m[31m[91m [33m.custom-select[39m[31m[91m[33m:[39m[31m[91mvalid[33m{[39m[31m[91mborder-color[33m:[39m[31m[9[39m[22m[1m[31m1m[35m#0a0[39m[31m[91m[33m}[39m[31m[91m[33m.custom-select.is-valid[39m[31m[91m[33m:[39m[31m[91mfocus,.was-validated [33m.custom-select[39m[31m[91m[33m:[39m[31m[91mvalid[33m:[39m[31m[91mfocus[33m{[39m[31m[91mborder-color[33m:[39m[31m[91m[35m#0a0[39m[31m[91m[33m;[39m[31m[91mbox-shadow[33m:[39m[31m[91m0[33m}[39m[31m[91m[33m.form-check-input.is-valid~.form-check-label,.was-validated[39m[31m[91m [33m.form-check-input[39m[31m[91m[33m:[39m[31m[91mvalid~.form-check-label[33m{[39m[31m[91mcolor[33m:[39m[31m[91m[35m#0a0[39m[31m[91m[33m}[39m[31m[91m[33m.form-check-input.is-valid~.valid-feedback,.form-check-input.is-valid~.valid-tooltip,.was-validated[39m[31m[91m [33m.form-check-input[39m[31m[91m[33m:[39m[31m[91mvalid~.valid-feedback,.was-validated [33m.form-check-input[39m[31m[91m[33m:[39m[31m[91mvalid~.valid-tooltip[33m{[39m[31m[91mdisplay[33m:[39m[31m[91mblock[33m}[39m[31m[91m[33m.custom-control-input.is-valid~.custom-control-label,.was-validated[39m[31m[91m [33m.custom-control-input[39m[31m[91m[33m:[39m[31m[91mvalid~.custom-control-label[33m{[39m[31m[91mcolor[33m:[39m[31m[91m[35m#0a0[39m[31m[91m[33m}[39m[31m[91m[33m.custom-control-input.is-valid~.custom-control-label[39m[31m[91m[33m:[39m[31m[91m[33m:[39m[31m[91mbefore,.was-validated [33m.custom-control-input[39m[31m[91m[33m:[39m[31m[91mvalid~.custom-control-label[33m:[39m[31m[91m[33m:[39m[31m[91mbefore[33m{[39m[31m[91mborder-color[33m:[39m[31m[91m[35m#0a0[39m[31m[91m[33m}[39m[31m[91m[33m.custom-control-input.is-valid[39m[31m[91m[33m:[39m[31m[91mchecked~.custom-control-label[33m:[39m[31m[91m[33m:[39m[31m[91mbefore,.was-validated [33m.custom-control-input[39m[31m[91m[33m:[39m[31m[91mvalid[33m:[39m[31m[91mchecked~.custom-control-label[33m:[39m[31m[91m[33m:[39m[31m[91mbefore[33m{[39m[31m[91mborder-color[33m:[39m[31m[91m[35m#0d0[39m[31m[91m[33m}[39m[31m[91m[33m.custom-control-input.is-valid[39m[31m[91m[33m:[39m[31m[91mfocus~.custom-control-label[33m:[39m[31m[91m[33m:[39m[31m[91mbefore,.was-validated [33m.custom-control-input[39m[31m[91m[33m:[39m[31m[91mvalid[33m:[39m[31m[91mfocus~.custom-contro[39m[22m[1m[31ml-label[33m:[39m[31m[91m[33m:[39m[31m[91mbefore[33m{[39m[31m[91mbox-shadow[33m:[39m[31m[91m0[33m}[39m[31m[91m[33m.custom-control-input.is-valid[39m[31m[91m[33m:[39m[31m[91mfocus[33m:[39m[31m[91m[36mnot[39m[31m[91m[36m(:checked)[39m[31m[91m~.custom-control-label[33m:[39m[31m[91m[33m:[39m[31m[91mbefore,.was-validated [33m.custom-control-input[39m[31m[91m[33m:[39m[31m[91mvalid[33m:[39m[31m[91mfocus[33m:[39m[31m[91m[36mnot[39m[31m[91m[36m(:checked)[39m[31m[91m~.custom-control-label[33m:[39m[31m[91m[33m:[39m[31m[91mbefore[33m{[39m[31m[91mborder-color[33m:[39m[31m[91m[35m#0a0[39m[31m[91m[33m}[39m[31m[91m[33m.custom-file-input.is-valid~.custom-file-label,.was-validated[39m[31m[91m [33m.custom-file-input[39m[31m[91m[33m:[39m[31m[91mvalid~.custom-file-label[33m{[39m[31m[91mborder-color[33m:[39m[31m[91m[35m#0a0[39m[31m[91m[33m}[39m[31m[91m[33m.custom-file-input.is-valid[39m[31m[91m[33m:[39m[31m[91mfocus~.custom-file-label,.was-validated [33m.custom-file-input[39m[31m[91m[33m:[39m[31m[91mvalid[33m:[39m[31m[91mfocus~.custom-file-label[33m{[39m[31m[91mborder-color[33m:[39m[31m[91m[35m#0a0[39m[31m[91m[33m;[39m[31m[91mbox-shadow[33m:[39m[31m[91m0[33m}[39m[31m[91m[33m.invalid-feedback[39m[31m[91m[33m{[39m[31m[91mdisplay[33m:[39m[31m[91mnone[33m;[39m[31m[91mwidth[33m:[39m[31m[91m100%[33m;[39m[31m[91mmargin-top[33m:[39m[31m[91m0[33m;[39m[31m[91mfont-size[33m:[39m[31m[91m16px[33m;[39m[31m[91mcolor[33m:[39m[31m[91m[35m#f55[39m[31m[91m[33m}[39m[31m[91m[33m.invalid-tooltip[39m[31m[91m[33m{[39m[31m[91mposition[33m:[39m[31m[91mabsolute[33m;[39m[31m[91mtop[33m:[39m[31m[91m100%[33m;[39m[31m[91mz-index[33m:[39m[31m[91m5[33m;[39m[31m[91mdisplay[33m:[39m[31m[91mnone[33m;[39m[31m[91mmax-width[33m:[39m[31m[91m100%[33m;[39m[31m[91mpadding[33m:[39m[31m[91m0 8px[33m;[39m[31m[91mfont-size[33m:[39m[31m[91m16px[33m;[39m[31m[91mline-height[33m:[39m[31m[91m14px[33m;[39m[31m[91mcolor[33m:[39m[31m[91m[35m#fff[39m[31m[91m[33m;[39m[31m[91mbackground-color[33m:[39m[31m[91m[35m#bbb[39m[31m[91m[33m}[39m[31m[91m[33m.is-invalid~.invalid-feedback,.is-invalid~.invalid-tooltip,.was-validated[39m[22m[1m[31m[39m[91m [33m:[39m[31m[91minvalid~.invalid-feedback,.was-validated [33m:[39m[31m[91minvalid~.invalid-tooltip[33m{[39m[31m[91mdisplay[33m:[39m[31m[91mblock[33m}[39m[31m[91m[33m.form-control.is-invalid,.was-validated[39m[31m[91m [33m.form-control[39m[31m[91m[33m:[39m[31m[91minvalid[33m{[39m[31m[91mborder-color[33m:[39m[31m[91m[35m#f55[39m[31m[91m[33m}[39m[31m[91m[33m.form-control.is-invalid[39m[31m[91m[33m:[39m[31m[91mfocus,.was-validated [33m.form-control[39m[31m[91m[33m:[39m[31m[91minvalid[33m:[39m[31m[91mfocus[33m{[39m[31m[91mborder-color[33m:[39m[31m[91m[35m#f55[39m[31m[91m[33m;[39m[31m[91mbox-shadow[33m:[39m[31m[91m0[33m}[39m[31m[91m[33m.custom-select.is-invalid,.was-validated[39m[31m[91m [33m.custom-select[39m[31m[91m[33m:[39m[31m[91minvalid[33m{[39m[31m[91mborder-color[33m:[39m[31m[91m[35m#f55[39m[31m[91m[33m}[39m[31m[91m[33m.custom-select.is-invalid[39m[31m[91m[33m:[39m[31m[91mfocus,.was-validated [33m.custom-select[39m[31m[91m[33m:[39m[31m[91minvalid[33m:[39m[31m[91mfocus[33m{[39m[31m[91mborder-color[33m:[39m[31m[91m[35m#f55[39m[31m[91m[33m;[39m[31m[91mbox-shadow[33m:[39m[31m[91m0[33m}[39m[31m[91m[33m.form-check-input.is-invalid~.form-check-label,.was-validated[39m[31m[91m [33m.form-check-input[39m[31m[91m[33m:[39m[31m[91minvalid~.form-check-label[33m{[39m[31m[91mcolor[33m:[39m[31m[91m[35m#f55[39m[31m[91m[33m}[39m[31m[91m[33m.form-check-input.is-invalid~.invalid-feedback,.form-check-input.is-invalid~.invalid-tooltip,.was-validated[39m[31m[91m [33m.form-check-input[39m[31m[91m[33m:[39m[31m[91minvalid~.invalid-feedback,.was-validated [33m.form-check-input[39m[31m[91m[33m:[39m[31m[91minvalid~.invalid-tooltip[33m{[39m[31m[91mdisplay[33m:[39m[31m[91mblock[33m}[39m[31m[91m[33m.custom-control-input.is-invalid~.custom-control-label,.was-validated[39m[31m[91m [33m.custom-control-input[39m[31m[91m[33m:[39m[31m[91minvalid~.custom-control-label[33m{[39m[31m[91mcolor[33m:[39m[31m[91m[35m#f55[39m[31m[91m[33m}[39m[31m[91m[33m.custom-control-input.is-invalid~.custom-control-label[39m[31m[91m[33m:[39m[31m[91m[33m:[39m[31m[91mbefore,.was-va[39m[22m[1m[31mlidated [33m.custom-control-input[39m[31m[91m[33m:[39m[31m[91minvalid~.custom-control-label[33m:[39m[31m[91m[33m:[39m[31m[91mbefore[33m{[39m[31m[91mborder-color[33m:[39m[31m[91m[35m#f55[39m[31m[91m[33m}[39m[31m[91m[33m.custom-control-input.is-invalid[39m[31m[91m[33m:[39m[31m[91mchecked~.custom-control-label[33m:[39m[31m[91m[33m:[39m[31m[91mbefore,.was-validated [33m.custom-control-input[39m[31m[91m[33m:[39m[31m[91minvalid[33m:[39m[31m[91mchecked~.custom-control-label[33m:[39m[31m[91m[33m:[39m[31m[91mbefore[33m{[39m[31m[91mborder-color[33m:[39m[31m[91m[35m#f88[39m[31m[91m[33m}[39m[31m[91m[33m.custom-control-input.is-invalid[39m[31m[91m[33m:[39m[31m[91mfocus~.custom-control-label[33m:[39m[31m[91m[33m:[39m[31m[91mbefore,.was-validated [33m.custom-control-input[39m[31m[91m[33m:[39m[31m[91minvalid[33m:[39m[31m[91mfocus~.custom-control-label[33m:[39m[31m[91m[33m:[39m[31m[91mbefore[33m{[39m[31m[91mbox-shadow[33m:[39m[31m[91m0[33m}[39m[31m[91m[33m.custom-control-input.is-invalid[39m[31m[91m[33m:[39m[31m[91mfocus[33m:[39m[31m[91m[36mnot[39m[31m[91m[36m(:checked)[39m[31m[91m~.custom-control-label[33m:[39m[31m[91m[33m:[39m[31m[91mbefore,.was-validated [33m.custom-control-input[39m[31m[91m[33m:[39m[31m[91minvalid[33m:[39m[31m[91mfocus[33m:[39m[31m[91m[36mnot[39m[31m[91m[36m(:checked)[39m[31m[91m~.custom-control-label[33m:[39m[31m[91m[33m:[39m[31m[91mbefore[33m{[39m[31m[91mborder-color[33m:[39m[31m[91m[35m#f55[39m[31m[91m[33m}[39m[31m[91m[33m.custom-file-input.is-invalid~.custom-file-label,.was-validated[39m[31m[91m [33m.custom-file-input[39m[31m[91m[33m:[39m[31m[91minvalid~.custom-file-label[33m{[39m[31m[91mborder-color[33m:[39m[31m[91m[35m#f55[39m[31m[91m[33m}[39m[31m[91m[33m.custom-file-input.is-invalid[39m[31m[91m[33m:[39m[31m[91mfocus~.custom-file-label,.was-validated [33m.custom-file-input[39m[31m[91m[33m:[39m[31m[91minvalid[33m:[39m[31m[91mfocus~.custom-file-label[33m{[39m[31m[91mborder-color[33m:[39m[31m[91m[35m#f55[39m[31m[91m[33m;[39m[31m[91mbox-shadow[33m:[39m[31m[91m0[33m}[39m[31m[91m[33m.form-inline[39m[31m[91m[33m{[39m[31m[91mdisplay[[39m[22m[1m[31m33m:[39m[31m[91m-ms-flexbox[33m;[39m[31m[91mdisplay[33m:[39m[31m[91mflex[33m;[39m[31m[91m-ms-flex-flow[33m:[39m[31m[91mrow wrap[33m;[39m[31m[91mflex-flow[33m:[39m[31m[91mrow wrap[33m;[39m[31m[91m-ms-flex-align[33m:[39m[31m[91mcenter[33m;[39m[31m[91malign-items[33m:[39m[31m[91mcenter[33m}[39m[31m[91m[33m.form-inline[39m[31m[91m [33m.form-check[39m[31m[91m[33m{[39m[31m[91mwidth[33m:[39m[31m[91m100%[33m}[39m[31m[91m[36m@media[39m[31m[91m[36m [39m[31m[91m[36m(min-width:576px)[39m[31m[91m[33m{[39m[31m[91m[33m.form-inline[39m[31m[91m label[33m{[39m[31m[91mdisplay[33m:[39m[31m[91m-ms-flexbox[33m;[39m[31m[91mdisplay[33m:[39m[31m[91mflex[33m;[39m[31m[91m-ms-flex-align[33m:[39m[31m[91mcenter[33m;[39m[31m[91malign-items[33m:[39m[31m[91mcenter[33m;[39m[31m[91m-ms-flex-pack[33m:[39m[31m[91mcenter[33m;[39m[31m[91mjustify-content[33m:[39m[31m[91mcenter[33m;[39m[31m[91mmargin-bottom[33m:[39m[31m[91m0[33m}[39m[31m[91m[33m.form-inline[39m[31m[91m [33m.form-group[39m[31m[91m[33m{[39m[31m[91mdisplay[33m:[39m[31m[91m-ms-flexbox[33m;[39m[31m[91mdisplay[33m:[39m[31m[91mflex[33m;[39m[31m[91m-ms-flex[33m:[39m[31m[91m0 0 auto[33m;[39m[31m[91mflex[33m:[39m[31m[91m0 0 auto[33m;[39m[31m[91m-ms-flex-flow[33m:[39m[31m[91mrow wrap[33m;[39m[31m[91mflex-flow[33m:[39m[31m[91mrow wrap[33m;[39m[31m[91m-ms-flex-align[33m:[39m[31m[91mcenter[33m;[39m[31m[91malign-items[33m:[39m[31m[91mcenter[33m;[39m[31m[91mmargin-bottom[33m:[39m[31m[91m0[33m}[39m[31m[91m[33m.form-inline[39m[31m[91m [33m.form-control[39m[31m[91m[33m{[39m[31m[91mdisplay[33m:[39m[31m[91minline-block[33m;[39m[31m[91mwidth[33m:[39m[31m[91mauto[33m;[39m[31m[91mvertical-align[33m:[39m[31m[91mmiddle[33m}[39m[31m[91m[33m.form-inline[39m[31m[91m [33m.form-control-plaintext[39m[31m[91m[33m{[39m[31m[91mdisplay[33m:[39m[31m[91minline-block[33m}[39m[31m[91m[33m.form-inline[39m[31m[91m [33m.custom-select,.form-inline[39m[31m[91m [33m.input-group[39m[31m[91m[33m{[39m[31m[91mwidth[33m:[39m[31m[91mauto[33m}[39m[31m[91m[33m.form-inline[39m[31m[91m [33m.form-check[39m[31m[91m[33m{[39m[31m[91mdisplay[33m:[39m[31m[91m-ms-flexbox[33m;[39m[31m[39m[22m[1m[31m[91mdisplay[33m:[39m[31m[91mflex[33m;[39m[31m[91m-ms-flex-align[33m:[39m[31m[91mcenter[33m;[39m[31m[91malign-items[33m:[39m[31m[91mcenter[33m;[39m[31m[91m-ms-flex-pack[33m:[39m[31m[91mcenter[33m;[39m[31m[91mjustify-content[33m:[39m[31m[91mcenter[33m;[39m[31m[91mwidth[33m:[39m[31m[91mauto[33m;[39m[31m[91mpadding-left[33m:[39m[31m[91m0[33m}[39m[31m[91m[33m.form-inline[39m[31m[91m [33m.form-check-input[39m[31m[91m[33m{[39m[31m[91mposition[33m:[39m[31m[91mrelative[33m;[39m[31m[91m-ms-flex-negative[33m:[39m[31m[91m0[33m;[39m[31m[91mflex-shrink[33m:[39m[31m[91m0[33m;[39m[31m[91mmargin-top[33m:[39m[31m[91m0[33m;[39m[31m[91mmargin-right[33m:[39m[31m[91m0[33m;[39m[31m[91mmargin-left[33m:[39m[31m[91m0[33m}[39m[31m[91m[33m.form-inline[39m[31m[91m [33m.custom-control[39m[31m[91m[33m{[39m[31m[91m-ms-flex-align[33m:[39m[31m[91mcenter[33m;[39m[31m[91malign-items[33m:[39m[31m[91mcenter[33m;[39m[31m[91m-ms-flex-pack[33m:[39m[31m[91mcenter[33m;[39m[31m[91mjustify-content[33m:[39m[31m[91mcenter[33m}[39m[31m[91m[33m.form-inline[39m[31m[91m [33m.custom-control-label[39m[31m[91m[33m{[39m[31m[91mmargin-bottom[33m:[39m[31m[91m0[33m}[39m[31m[91m[33m}[39m[31m[91m[33m.btn[39m[31m[91m[33m{[39m[31m[91mdisplay[33m:[39m[31m[91minline-block[33m;[39m[31m[91mcolor[33m:[39m[31m[91m[35m#000[39m[31m[91m[33m;[39m[31m[91mtext-align[33m:[39m[31m[91mleft[33m;[39m[31m[91mcursor[33m:[39m[31m[91mpointer[33m;[39m[31m[91m-webkit-user-select[33m:[39m[31m[91mnone[33m;[39m[31m[91m-moz-user-select[33m:[39m[31m[91mnone[33m;[39m[31m[91m-ms-user-select[33m:[39m[31m[91mnone[33m;[39m[31m[91muser-select[33m:[39m[31m[91mnone[33m;[39m[31m[91mbackground-color[33m:[39m[31m[91m[35m#bbb[39m[31m[91m[33m;[39m[31m[91mborder[33m:[39m[31m[91mnone[33m;[39m[31m[91mpadding[33m:[39m[31m[91m0 16px[33m}[39m[31m[91m[33m.btn.focus,.btn[39m[31m[91m[33m:[39m[31m[91mfocus[33m{[39m[31m[91moutline[33m:[39m[31m[91m0[33m}[39m[31m[91ma.btn.disabled,fieldset[33m:[39m[31m[91mdisabled a.btn[33m{[39m[31m[91mpointer-events[33m:[39m[31m[91mnone[33m}[39m[31m[91m[33m.bs-component>.btn-primary[39m[31m[91m[33m:[39m[31m[91m[36mnot[39m[31m[9[39m[22m[1m[31m1m[36m(.disabled)[39m[31m[91m[33m:[39m[31m[91m[36mnot[39m[31m[91m[36m(.btn-sm)[39m[31m[91m[33m:[39m[31m[91m[36mnot[39m[31m[91m[36m(.btn-lg)[39m[31m[91m[33m:[39m[31m[91mhover[33m{[39m[31m[91mpadding-left[33m:[39m[31m[91m0[33m;[39m[31m[91mpadding-right[33m:[39m[31m[91m0[33m}[39m[31m[91m[33m.bs-component>.btn-primary[39m[31m[91m[33m:[39m[31m[91m[36mnot[39m[31m[91m[36m(.disabled)[39m[31m[91m[33m:[39m[31m[91m[36mnot[39m[31m[91m[36m(.btn-sm)[39m[31m[91m[33m:[39m[31m[91m[36mnot[39m[31m[91m[36m(.btn-lg)[39m[31m[91m[33m:[39m[31m[91mhover[33m:[39m[31m[91mbefore[33m{[39m[31m[91mcontent[33m:[39m[31m[91m[32m'\25ba\20'[39m[31m[91m[33m}[39m[31m[91m[33m.bs-component>.btn-primary[39m[31m[91m[33m:[39m[31m[91m[36mnot[39m[31m[91m[36m(.disabled)[39m[31m[91m[33m:[39m[31m[91m[36mnot[39m[31m[91m[36m(.btn-sm)[39m[31m[91m[33m:[39m[31m[91m[36mnot[39m[31m[91m[36m(.btn-lg)[39m[31m[91m[33m:[39m[31m[91mhover[33m:[39m[31m[91mafter[33m{[39m[31m[91mcontent[33m:[39m[31m[91m[32m' \25c4'[39m[31m[91m[33m}[39m[31m[91m[33m.btn-primary[39m[31m[91m[33m{[39m[31m[91mcolor[33m:[39m[31m[91m[35m#000[39m[31m[91m[33m;[39m[31m[91mborder-color[33m:[39m[31m[91m[35m#000[39m[31m[91m[33m;[39m[31m[91mbackground-color[33m:[39m[31m[91m[35m#bbb[39m[31m[91m[33m}[39m[31m[91m[33m.btn-primary[39m[31m[91m[33m:[39m[31m[91mhover[33m:[39m[31m[91mafter,.btn-primary[33m:[39m[31m[91mhover[33m:[39m[31m[91mbefore[33m{[39m[31m[91mcolor[33m:[39m[31m[91m[35m#fff[39m[31m[91m[33m}[39m[31m[91m[33m.btn-primary[39m[31m[91m[33m:[39m[31m[91mhover[33m{[39m[31m[91mcolor[33m:[39m[31m[91m[35m#fff[39m[31m[91m[33m;[39m[31m[91mborder-color[33m:[39m[31m[91m[35m#fff[39m[31m[91m[33m}[39m[31m[91m[33m.btn-primary.focus,.btn-primary[39m[31m[91m[33m:[39m[31m[91mfocus[33m{[39m[31m[91mborder-color[33m:[39m[31m[91m[35m#fff[39m[31m[91m[33m}[39m[31m[91m[33m.btn-primary.disabled,.btn-primary[39m[31m[91m[33m:[39m[31m[91mdisabled[33m{[39m[31m[91mcolor[33m:[39m[31m[91m[35m#555[39m[31m[91m[33m;[39m[31m[91mbackground-color[33m:[39m[31m[91m[35m#bbb[39m[31m[91m[33m;[39m[31m[91mborder-color[33m:[39m[31m[91m[35m#bbb[39m[31m[91m[33m}[39m[31m[91m[33m.btn-primary[39[39m[22m[1m[31mm[91m[33m:[39m[31m[91m[36mnot[39m[31m[91m[36m(:disabled)[39m[31m[91m[33m:[39m[31m[91m[36mnot[39m[31m[91m[36m(.disabled)[39m[31m[91m[33m.active,.btn-primary[39m[31m[91m[33m:[39m[31m[91m[36mnot[39m[31m[91m[36m(:disabled)[39m[31m[91m[33m:[39m[31m[91m[36mnot[39m[31m[91m[36m(.disabled)[39m[31m[91m[33m:[39m[31m[91mactive,.show>.btn-primary.dropdown-toggle[33m{[39m[31m[91mcolor[33m:[39m[31m[91m[35m#bbb[39m[31m[91m[33m;[39m[31m[91mbackground-color[33m:[39m[31m[91m[35m#000[39m[31m[91m[33m}[39m[31m[91m[33m.btn-group-lg>.btn-primary.btn,.btn-primary.btn-lg[39m[31m[91m[33m{[39m[31m[91mbackground-color[33m:[39m[31m[91m[35m#bbb[39m[31m[91m[33m;[39m[31m[91mborder[33m:[39m[31m[91m[33m.875px[39m[31m[91m solid [35m#000[39m[31m[91m[33m;[39m[31m[91mmargin-top[33m:[39m[31m[91m7px[33m;[39m[31m[91mpadding-top[33m:[39m[31m[91m6.125px[33m;[39m[31m[91mpadding-bottom[33m:[39m[31m[91m7px[33m;[39m[31m[91mmargin-bottom[33m:[39m[31m[91m6.125px[33m;[39m[31m[91mborder-left-width[33m:[39m[31m[91m2px[33m;[39m[31m[91mborder-right-width[33m:[39m[31m[91m2px[33m;[39m[31m[91mmargin-left[33m:[39m[31m[91m3.5px[33m;[39m[31m[91mpadding-left[33m:[39m[31m[91m10.5px[33m;[39m[31m[91mpadding-right[33m:[39m[31m[91m11.5px[33m;[39m[31m[91mmargin-right[33m:[39m[31m[91m2.5px[33m;[39m[31m[91mbox-shadow[33m:[39m[31m[91m-3.5px -7px 0 0 [35m#bbb,2.5px[39m[31m[91m 6.125px 0 0 [35m#bbb,-3.5px[39m[31m[91m 6.125px 0 0 [35m#bbb,2.5px[39m[31m[91m -7px 0 0 [35m#bbb[39m[31m[91m[33m;[39m[31m[91m-webkit-filter[33m:[39m[31m[91m[36mdrop-shadow[39m[31m[91m[36m(7px 8px 0 #000)[39m[31m[91m[33m;[39m[31m[91mfilter[33m:[39m[31m[91m[36mdrop-shadow[39m[31m[91m[36m(7px 8px 0 #000)[39m[31m[91m[33m;[39m[31m[91mmargin-right[33m:[39m[31m[91m10.5px[33m;[39m[31m[91mmargin-bottom[33m:[39m[31m[91m20px[33m}[39m[31m[91m[33m.btn-group-lg>.btn-primary.btn[39m[31m[91m[33m:[39m[31m[91mhover,.btn-primary.btn-lg[33m:[39m[31m[91mhover[33m{[39m[31m[91mbox-shadow[33m:[39m[31m[91m-3.5px -7px 0 0 [35m#555,2.5px[39m[31m[91m 6.125px 0 0 [35m#555,-3.5px[39m[31m[91m 6.125px 0 0 [35m#555,2.5px[39m[31m[91m -7px 0 0 [35m#555[39m[31m[91m[33m;[3[39m[22m[1m[31m9m[91mcolor[33m:[39m[31m[91m[35m#fff[39m[31m[91m[33m;[39m[31m[91mborder-color[33m:[39m[31m[91m[35m#fff[39m[31m[91m[33m;[39m[31m[91mbackground-color[33m:[39m[31m[91m[35m#555[39m[31m[91m[33m}[39m[31m[91m[33m.btn-group-lg.show>.btn-primary.dropdown-toggle.btn,.btn-group-lg>.btn-primary.btn[39m[31m[91m[33m:[39m[31m[91m[36mnot[39m[31m[91m[36m(:disabled)[39m[31m[91m[33m:[39m[31m[91m[36mnot[39m[31m[91m[36m(.disabled)[39m[31m[91m[33m.active,.btn-group-lg>.btn-primary.btn[39m[31m[91m[33m:[39m[31m[91m[36mnot[39m[31m[91m[36m(:disabled)[39m[31m[91m[33m:[39m[31m[91m[36mnot[39m[31m[91m[36m(.disabled)[39m[31m[91m[33m:[39m[31m[91mactive,.btn-primary.btn-lg[33m:[39m[31m[91m[36mnot[39m[31m[91m[36m(:disabled)[39m[31m[91m[33m:[39m[31m[91m[36mnot[39m[31m[91m[36m(.disabled)[39m[31m[91m[33m.active,.btn-primary.btn-lg[39m[31m[91m[33m:[39m[31m[91m[36mnot[39m[31m[91m[36m(:disabled)[39m[31m[91m[33m:[39m[31m[91m[36mnot[39m[31m[91m[36m(.disabled)[39m[31m[91m[33m:[39m[31m[91mactive,.show>.btn-primary.btn-lg.dropdown-toggle[33m{[39m[31m[91mbox-shadow[33m:[39m[31m[91m-3.5px -7px 0 0 [35m#555,2.5px[39m[31m[91m 6.125px 0 0 [35m#555,-3.5px[39m[31m[91m 6.125px 0 0 [35m#555,2.5px[39m[31m[91m -7px 0 0 [35m#555[39m[31m[91m[33m;[39m[31m[91mcolor[33m:[39m[31m[91m[35m#fff[39m[31m[91m[33m;[39m[31m[91mborder-color[33m:[39m[31m[91m[35m#fff[39m[31m[91m[33m;[39m[31m[91mbackground-color[33m:[39m[31m[91m[35m#555[39m[31m[91m[33m;[39m[31m[91m-webkit-filter[33m:[39m[31m[91mnone[33m;[39m[31m[91mfilter[33m:[39m[31m[91mnone[33m;[39m[31m[91mfilter[33m:[39m[31m[91mnone[33m;[39m[31m[91mposition[33m:[39m[31m[91mrelative[33m;[39m[31m[91mtop[33m:[39m[31m[91m14px[33m;[39m[31m[91mleft[33m:[39m[31m[91m8px[33m}[39m[31m[91m[33m.bs-component>.btn-secondary[39m[31m[91m[33m:[39m[31m[91m[36mnot[39m[31m[91m[36m(.disabled)[39m[31m[91m[33m:[39m[31m[91m[36mnot[39m[31m[91m[36m(.btn-sm)[39m[31m[91m[33m:[39m[31m[91m[36mnot[39m[31m[91m[36m(.btn-lg)[39m[31m[91m[33m:[39m[31m[91mhover[33m{[39m[31m[91mpadding-left[33m:[39m[31m[91m0[33m;[39m[31m[91mpadding-right[33m:[39m[31m[91m0[33m}[39m[31m[91m[33m.bs-component>.btn-seconda[39m[22m[1m[31mry[39m[31m[91m[33m:[39m[31m[91m[36mnot[39m[31m[91m[36m(.disabled)[39m[31m[91m[33m:[39m[31m[91m[36mnot[39m[31m[91m[36m(.btn-sm)[39m[31m[91m[33m:[39m[31m[91m[36mnot[39m[31m[91m[36m(.btn-lg)[39m[31m[91m[33m:[39m[31m[91mhover[33m:[39m[31m[91mbefore[33m{[39m[31m[91mcontent[33m:[39m[31m[91m[32m'\25ba\20'[39m[31m[91m[33m}[39m[31m[91m[33m.bs-component>.btn-secondary[39m[31m[91m[33m:[39m[31m[91m[36mnot[39m[31m[91m[36m(.disabled)[39m[31m[91m[33m:[39m[31m[91m[36mnot[39m[31m[91m[36m(.btn-sm)[39m[31m[91m[33m:[39m[31m[91m[36mnot[39m[31m[91m[36m(.btn-lg)[39m[31m[91m[33m:[39m[31m[91mhover[33m:[39m[31m[91mafter[33m{[39m[31m[91mcontent[33m:[39m[31m[91m[32m' \25c4'[39m[31m[91m[33m}[39m[31m[91m[33m.btn-secondary[39m[31m[91m[33m{[39m[31m[91mcolor[33m:[39m[31m[91m[35m#000[39m[31m[91m[33m;[39m[31m[91mborder-color[33m:[39m[31m[91m[35m#000[39m[31m[91m[33m;[39m[31m[91mbackground-color[33m:[39m[31m[91m[35m#bbb[39m[31m[91m[33m}[39m[31m[91m[33m.btn-secondary[39m[31m[91m[33m:[39m[31m[91mhover[33m:[39m[31m[91mafter,.btn-secondary[33m:[39m[31m[91mhover[33m:[39m[31m[91mbefore[33m{[39m[31m[91mcolor[33m:[39m[31m[91m[35m#fff[39m[31m[91m[33m}[39m[31m[91m[33m.btn-secondary[39m[31m[91m[33m:[39m[31m[91mhover[33m{[39m[31m[91mcolor[33m:[39m[31m[91m[35m#fff[39m[31m[91m[33m;[39m[31m[91mborder-color[33m:[39m[31m[91m[35m#fff[39m[31m[91m[33m}[39m[31m[91m[33m.btn-secondary.focus,.btn-secondary[39m[31m[91m[33m:[39m[31m[91mfocus[33m{[39m[31m[91mborder-color[33m:[39m[31m[91m[35m#fff[39m[31m[91m[33m}[39m[31m[91m[33m.btn-secondary.disabled,.btn-secondary[39m[31m[91m[33m:[39m[31m[91mdisabled[33m{[39m[31m[91mcolor[33m:[39m[31m[91m[35m#555[39m[31m[91m[33m;[39m[31m[91mbackground-color[33m:[39m[31m[91m[35m#bbb[39m[31m[91m[33m;[39m[31m[91mborder-color[33m:[39m[31m[91m[35m#bbb[39m[31m[91m[33m}[39m[31m[91m[33m.btn-secondary[39m[31m[91m[33m:[39m[31m[91m[36mnot[39m[31m[91m[36m(:disabled)[39m[31m[91m[33m:[39m[31m[91m[36mnot[39m[31m[91m[36m(.disabled)[39m[31m[91m[33m.active,.btn-secondary[39m[31m[91m[33m:[39m[31m[91m[36mnot[39m[31m[91m[36m(:disabled)[39m[31m[91m[33m:[39m[31m[91m[36mnot[39m[31m[91m[36m(.disabled)[39m[31m[9[39m[22m[1m[31m1m[33m:[39m[31m[91mactive,.show>.btn-secondary.dropdown-toggle[33m{[39m[31m[91mcolor[33m:[39m[31m[91m[35m#bbb[39m[31m[91m[33m;[39m[31m[91mbackground-color[33m:[39m[31m[91m[35m#000[39m[31m[91m[33m}[39m[31m[91m[33m.btn-group-lg>.btn-secondary.btn,.btn-secondary.btn-lg[39m[31m[91m[33m{[39m[31m[91mbackground-color[33m:[39m[31m[91m[35m#bbb[39m[31m[91m[33m;[39m[31m[91mborder[33m:[39m[31m[91m[33m.875px[39m[31m[91m solid [35m#000[39m[31m[91m[33m;[39m[31m[91mmargin-top[33m:[39m[31m[91m7px[33m;[39m[31m[91mpadding-top[33m:[39m[31m[91m6.125px[33m;[39m[31m[91mpadding-bottom[33m:[39m[31m[91m7px[33m;[39m[31m[91mmargin-bottom[33m:[39m[31m[91m6.125px[33m;[39m[31m[91mborder-left-width[33m:[39m[31m[91m2px[33m;[39m[31m[91mborder-right-width[33m:[39m[31m[91m2px[33m;[39m[31m[91mmargin-left[33m:[39m[31m[91m3.5px[33m;[39m[31m[91mpadding-left[33m:[39m[31m[91m10.5px[33m;[39m[31m[91mpadding-right[33m:[39m[31m[91m11.5px[33m;[39m[31m[91mmargin-right[33m:[39m[31m[91m2.5px[33m;[39m[31m[91mbox-shadow[33m:[39m[31m[91m-3.5px -7px 0 0 [35m#bbb,2.5px[39m[31m[91m 6.125px 0 0 [35m#bbb,-3.5px[39m[31m[91m 6.125px 0 0 [35m#bbb,2.5px[39m[31m[91m -7px 0 0 [35m#bbb[39m[31m[91m[33m;[39m[31m[91m-webkit-filter[33m:[39m[31m[91m[36mdrop-shadow[39m[31m[91m[36m(7px 8px 0 #000)[39m[31m[91m[33m;[39m[31m[91mfilter[33m:[39m[31m[91m[36mdrop-shadow[39m[31m[91m[36m(7px 8px 0 #000)[39m[31m[91m[33m;[39m[31m[91mmargin-right[33m:[39m[31m[91m10.5px[33m;[39m[31m[91mmargin-bottom[33m:[39m[31m[91m20px[33m}[39m[31m[91m[33m.btn-group-lg>.btn-secondary.btn[39m[31m[91m[33m:[39m[31m[91mhover,.btn-secondary.btn-lg[33m:[39m[31m[91mhover[33m{[39m[31m[91mbox-shadow[33m:[39m[31m[91m-3.5px -7px 0 0 [35m#555,2.5px[39m[31m[91m 6.125px 0 0 [35m#555,-3.5px[39m[31m[91m 6.125px 0 0 [35m#555,2.5px[39m[31m[91m -7px 0 0 [35m#555[39m[31m[91m[33m;[39m[31m[91mcolor[33m:[39m[31m[91m[35m#fff[39m[31m[91m[33m;[39m[31m[91mborder-color[33m:[39m[31m[91m[35m#fff[39m[31m[91m[33m;[39m[31m[91mbackground-color[33m:[39m[31m[91m[35m#555[39m[31m[91m[33m}[39m[31m[91m[33m.btn-group-lg.show>.btn-secondary.dropdown-toggle.btn,.btn-group-lg>.bt[39m[22m[1m[31mn-secondary.btn[39m[31m[91m[33m:[39m[31m[91m[36mnot[39m[31m[91m[36m(:disabled)[39m[31m[91m[33m:[39m[31m[91m[36mnot[39m[31m[91m[36m(.disabled)[39m[31m[91m[33m.active,.btn-group-lg>.btn-secondary.btn[39m[31m[91m[33m:[39m[31m[91m[36mnot[39m[31m[91m[36m(:disabled)[39m[31m[91m[33m:[39m[31m[91m[36mnot[39m[31m[91m[36m(.disabled)[39m[31m[91m[33m:[39m[31m[91mactive,.btn-secondary.btn-lg[33m:[39m[31m[91m[36mnot[39m[31m[91m[36m(:disabled)[39m[31m[91m[33m:[39m[31m[91m[36mnot[39m[31m[91m[36m(.disabled)[39m[31m[91m[33m.active,.btn-secondary.btn-lg[39m[31m[91m[33m:[39m[31m[91m[36mnot[39m[31m[91m[36m(:disabled)[39m[31m[91m[33m:[39m[31m[91m[36mnot[39m[31m[91m[36m(.disabled)[39m[31m[91m[33m:[39m[31m[91mactive,.show>.btn-secondary.btn-lg.dropdown-toggle[33m{[39m[31m[91mbox-shadow[33m:[39m[31m[91m-3.5px -7px 0 0 [35m#555,2.5px[39m[31m[91m 6.125px 0 0 [35m#555,-3.5px[39m[31m[91m 6.125px 0 0 [35m#555,2.5px[39m[31m[91m -7px 0 0 [35m#555[39m[31m[91m[33m;[39m[31m[91mcolor[33m:[39m[31m[91m[35m#fff[39m[31m[91m[33m;[39m[31m[91mborder-color[33m:[39m[31m[91m[35m#fff[39m[31m[91m[33m;[39m[31m[91mbackground-color[33m:[39m[31m[91m[35m#555[39m[31m[91m[33m;[39m[31m[91m-webkit-filter[33m:[39m[31m[91mnone[33m;[39m[31m[91mfilter[33m:[39m[31m[91mnone[33m;[39m[31m[91mfilter[33m:[39m[31m[91mnone[33m;[39m[31m[91mposition[33m:[39m[31m[91mrelative[33m;[39m[31m[91mtop[33m:[39m[31m[91m14px[33m;[39m[31m[91mleft[33m:[39m[31m[91m8px[33m}[39m[31m[91m[33m.bs-component>.btn-success[39m[31m[91m[33m:[39m[31m[91m[36mnot[39m[31m[91m[36m(.disabled)[39m[31m[91m[33m:[39m[31m[91m[36mnot[39m[31m[91m[36m(.btn-sm)[39m[31m[91m[33m:[39m[31m[91m[36mnot[39m[31m[91m[36m(.btn-lg)[39m[31m[91m[33m:[39m[31m[91mhover[33m{[39m[31m[91mpadding-left[33m:[39m[31m[91m0[33m;[39m[31m[91mpadding-right[33m:[39m[31m[91m0[33m}[39m[31m[91m[33m.bs-component>.btn-success[39m[31m[91m[33m:[39m[31m[91m[36mnot[39m[31m[91m[36m(.disabled)[39m[31m[91m[33m:[39m[31m[91m[36mnot[39m[31m[91m[36m(.btn-sm)[39m[31m[91m[33m:[39m[31m[91m[36mnot[39m[31m[91m[36m(.btn-lg)[39m[31m[91m[33m:[39m[31m[91mhover[33m:[39m[31m[91mbefore[33m{[39m[31m[91mcontent[33m:[39m[22m[1m[31m[39m[91m[32m'\25ba\20'[39m[31m[91m[33m}[39m[31m[91m[33m.bs-component>.btn-success[39m[31m[91m[33m:[39m[31m[91m[36mnot[39m[31m[91m[36m(.disabled)[39m[31m[91m[33m:[39m[31m[91m[36mnot[39m[31m[91m[36m(.btn-sm)[39m[31m[91m[33m:[39m[31m[91m[36mnot[39m[31m[91m[36m(.btn-lg)[39m[31m[91m[33m:[39m[31m[91mhover[33m:[39m[31m[91mafter[33m{[39m[31m[91mcontent[33m:[39m[31m[91m[32m' \25c4'[39m[31m[91m[33m}[39m[31m[91m[33m.btn-success[39m[31m[91m[33m{[39m[31m[91mcolor[33m:[39m[31m[91m[35m#000[39m[31m[91m[33m;[39m[31m[91mborder-color[33m:[39m[31m[91m[35m#000[39m[31m[91m[33m;[39m[31m[91mbackground-color[33m:[39m[31m[91m[35m#0a0[39m[31m[91m[33m}[39m[31m[91m[33m.btn-success[39m[31m[91m[33m:[39m[31m[91mhover[33m:[39m[31m[91mafter,.btn-success[33m:[39m[31m[91mhover[33m:[39m[31m[91mbefore[33m{[39m[31m[91mcolor[33m:[39m[31m[91m[35m#5f5[39m[31m[91m[33m}[39m[31m[91m[33m.btn-success[39m[31m[91m[33m:[39m[31m[91mhover[33m{[39m[31m[91mcolor[33m:[39m[31m[91m[35m#5f5[39m[31m[91m[33m;[39m[31m[91mborder-color[33m:[39m[31m[91m[35m#fff[39m[31m[91m[33m}[39m[31m[91m[33m.btn-success.focus,.btn-success[39m[31m[91m[33m:[39m[31m[91mfocus[33m{[39m[31m[91mborder-color[33m:[39m[31m[91m[35m#fff[39m[31m[91m[33m}[39m[31m[91m[33m.btn-success.disabled,.btn-success[39m[31m[91m[33m:[39m[31m[91mdisabled[33m{[39m[31m[91mcolor[33m:[39m[31m[91m[35m#555[39m[31m[91m[33m;[39m[31m[91mbackground-color[33m:[39m[31m[91m[35m#bbb[39m[31m[91m[33m;[39m[31m[91mborder-color[33m:[39m[31m[91m[35m#0a0[39m[31m[91m[33m}[39m[31m[91m[33m.btn-success[39m[31m[91m[33m:[39m[31m[91m[36mnot[39m[31m[91m[36m(:disabled)[39m[31m[91m[33m:[39m[31m[91m[36mnot[39m[31m[91m[36m(.disabled)[39m[31m[91m[33m.active,.btn-success[39m[31m[91m[33m:[39m[31m[91m[36mnot[39m[31m[91m[36m(:disabled)[39m[31m[91m[33m:[39m[31m[91m[36mnot[39m[31m[91m[36m(.disabled)[39m[31m[91m[33m:[39m[31m[91mactive,.show>.btn-success.dropdown-toggle[33m{[39m[31m[91mcolor[33m:[39m[31m[91m[35m#0a0[39m[31m[91m[33m;[39m[31m[91mbackground-color[33m:[39m[31m[91m[35m#000[39m[31m[91m[33m}[39m[31m[91m[33m.btn-group-lg>.btn-success.btn,.btn-success.btn-lg[39m[31m[91m[33m{[39m[31m[91mback[39m[22m[1m[31mground-color[33m:[39m[31m[91m[35m#0a0[39m[31m[91m[33m;[39m[31m[91mborder[33m:[39m[31m[91m[33m.875px[39m[31m[91m solid [35m#000[39m[31m[91m[33m;[39m[31m[91mmargin-top[33m:[39m[31m[91m7px[33m;[39m[31m[91mpadding-top[33m:[39m[31m[91m6.125px[33m;[39m[31m[91mpadding-bottom[33m:[39m[31m[91m7px[33m;[39m[31m[91mmargin-bottom[33m:[39m[31m[91m6.125px[33m;[39m[31m[91mborder-left-width[33m:[39m[31m[91m2px[33m;[39m[31m[91mborder-right-width[33m:[39m[31m[91m2px[33m;[39m[31m[91mmargin-left[33m:[39m[31m[91m3.5px[33m;[39m[31m[91mpadding-left[33m:[39m[31m[91m10.5px[33m;[39m[31m[91mpadding-right[33m:[39m[31m[91m11.5px[33m;[39m[31m[91mmargin-right[33m:[39m[31m[91m2.5px[33m;[39m[31m[91mbox-shadow[33m:[39m[31m[91m-3.5px -7px 0 0 [35m#0a0,2.5px[39m[31m[91m 6.125px 0 0 [35m#0a0,-3.5px[39m[31m[91m 6.125px 0 0 [35m#0a0,2.5px[39m[31m[91m -7px 0 0 [35m#0a0[39m[31m[91m[33m;[39m[31m[91m-webkit-filter[33m:[39m[31m[91m[36mdrop-shadow[39m[31m[91m[36m(7px 8px 0 #000)[39m[31m[91m[33m;[39m[31m[91mfilter[33m:[39m[31m[91m[36mdrop-shadow[39m[31m[91m[36m(7px 8px 0 #000)[39m[31m[91m[33m;[39m[31m[91mmargin-right[33m:[39m[31m[91m10.5px[33m;[39m[31m[91mmargin-bottom[33m:[39m[31m[91m20px[33m}[39m[31m[91m[33m.btn-group-lg>.btn-success.btn[39m[31m[91m[33m:[39m[31m[91mhover,.btn-success.btn-lg[33m:[39m[31m[91mhover[33m{[39m[31m[91mbox-shadow[33m:[39m[31m[91m-3.5px -7px 0 0 [35m#0a0,2.5px[39m[31m[91m 6.125px 0 0 [35m#0a0,-3.5px[39m[31m[91m 6.125px 0 0 [35m#0a0,2.5px[39m[31m[91m -7px 0 0 [35m#0a0[39m[31m[91m[33m;[39m[31m[91mcolor[33m:[39m[31m[91m[35m#fff[39m[31m[91m[33m;[39m[31m[91mborder-color[33m:[39m[31m[91m[35m#fff[39m[31m[91m[33m;[39m[31m[91mbackground-color[33m:[39m[31m[91m[35m#0a0[39m[31m[91m[33m}[39m[31m[91m[33m.btn-group-lg.show>.btn-success.dropdown-toggle.btn,.btn-group-lg>.btn-success.btn[39m[31m[91m[33m:[39m[31m[91m[36mnot[39m[31m[91m[36m(:disabled)[39m[31m[91m[33m:[39m[31m[91m[36mnot[39m[31m[91m[36m(.disabled)[39m[31m[91m[33m.active,.btn-group-lg>.btn-success.btn[39m[31m[91m[33m:[39m[31m[91m[36mnot[39m[31m[91m[36m(:disabled)[39m[31m[91m[33m:[39m[31m[91m[36mnot[39m[31m[91m[36m[39m[22m[1m[31m(.disabled)[39m[31m[91m[33m:[39m[31m[91mactive,.btn-success.btn-lg[33m:[39m[31m[91m[36mnot[39m[31m[91m[36m(:disabled)[39m[31m[91m[33m:[39m[31m[91m[36mnot[39m[31m[91m[36m(.disabled)[39m[31m[91m[33m.active,.btn-success.btn-lg[39m[31m[91m[33m:[39m[31m[91m[36mnot[39m[31m[91m[36m(:disabled)[39m[31m[91m[33m:[39m[31m[91m[36mnot[39m[31m[91m[36m(.disabled)[39m[31m[91m[33m:[39m[31m[91mactive,.show>.btn-success.btn-lg.dropdown-toggle[33m{[39m[31m[91mbox-shadow[33m:[39m[31m[91m-3.5px -7px 0 0 [35m#0a0,2.5px[39m[31m[91m 6.125px 0 0 [35m#0a0,-3.5px[39m[31m[91m 6.125px 0 0 [35m#0a0,2.5px[39m[31m[91m -7px 0 0 [35m#0a0[39m[31m[91m[33m;[39m[31m[91mcolor[33m:[39m[31m[91m[35m#fff[39m[31m[91m[33m;[39m[31m[91mborder-color[33m:[39m[31m[91m[35m#fff[39m[31m[91m[33m;[39m[31m[91mbackground-color[33m:[39m[31m[91m[35m#0a0[39m[31m[91m[33m;[39m[31m[91m-webkit-filter[33m:[39m[31m[91mnone[33m;[39m[31m[91mfilter[33m:[39m[31m[91mnone[33m;[39m[31m[91mfilter[33m:[39m[31m[91mnone[33m;[39m[31m[91mposition[33m:[39m[31m[91mrelative[33m;[39m[31m[91mtop[33m:[39m[31m[91m14px[33m;[39m[31m[91mleft[33m:[39m[31m[91m8px[33m}[39m[31m[91m[33m.bs-component>.btn-info[39m[31m[91m[33m:[39m[31m[91m[36mnot[39m[31m[91m[36m(.disabled)[39m[31m[91m[33m:[39m[31m[91m[36mnot[39m[31m[91m[36m(.btn-sm)[39m[31m[91m[33m:[39m[31m[91m[36mnot[39m[31m[91m[36m(.btn-lg)[39m[31m[91m[33m:[39m[31m[91mhover[33m{[39m[31m[91mpadding-left[33m:[39m[31m[91m0[33m;[39m[31m[91mpadding-right[33m:[39m[31m[91m0[33m}[39m[31m[91m[33m.bs-component>.btn-info[39m[31m[91m[33m:[39m[31m[91m[36mnot[39m[31m[91m[36m(.disabled)[39m[31m[91m[33m:[39m[31m[91m[36mnot[39m[31m[91m[36m(.btn-sm)[39m[31m[91m[33m:[39m[31m[91m[36mnot[39m[31m[91m[36m(.btn-lg)[39m[31m[91m[33m:[39m[31m[91mhover[33m:[39m[31m[91mbefore[33m{[39m[31m[91mcontent[33m:[39m[31m[91m[32m'\25ba\20'[39m[31m[91m[33m}[39m[31m[91m[33m.bs-component>.btn-info[39m[31m[91m[33m:[39m[31m[91m[36mnot[39m[31m[91m[36m(.disabled)[39m[31m[91m[33m:[39m[31m[91m[36mnot[39m[31m[91m[36m(.btn-sm)[39m[31m[91m[33m:[39m[31m[91m[36mnot[39m[31m[91m[36m(.btn-lg)[39m[31m[91m[33m:[39m[31m[91mhover[33m:[39m[31m[91mafter[33m[39m[22m[1m[31m{[39m[31m[91mcontent[33m:[39m[31m[91m[32m' \25c4'[39m[31m[91m[33m}[39m[31m[91m[33m.btn-info[39m[31m[91m[33m{[39m[31m[91mcolor[33m:[39m[31m[91m[35m#000[39m[31m[91m[33m;[39m[31m[91mborder-color[33m:[39m[31m[91m[35m#000[39m[31m[91m[33m;[39m[31m[91mbackground-color[33m:[39m[31m[91m[35m#0aa[39m[31m[91m[33m}[39m[31m[91m[33m.btn-info[39m[31m[91m[33m:[39m[31m[91mhover[33m:[39m[31m[91mafter,.btn-info[33m:[39m[31m[91mhover[33m:[39m[31m[91mbefore[33m{[39m[31m[91mcolor[33m:[39m[31m[91m[35m#5ff[39m[31m[91m[33m}[39m[31m[91m[33m.btn-info[39m[31m[91m[33m:[39m[31m[91mhover[33m{[39m[31m[91mcolor[33m:[39m[31m[91m[35m#5ff[39m[31m[91m[33m;[39m[31m[91mborder-color[33m:[39m[31m[91m[35m#fff[39m[31m[91m[33m}[39m[31m[91m[33m.btn-info.focus,.btn-info[39m[31m[91m[33m:[39m[31m[91mfocus[33m{[39m[31m[91mborder-color[33m:[39m[31m[91m[35m#fff[39m[31m[91m[33m}[39m[31m[91m[33m.btn-info.disabled,.btn-info[39m[31m[91m[33m:[39m[31m[91mdisabled[33m{[39m[31m[91mcolor[33m:[39m[31m[91m[35m#555[39m[31m[91m[33m;[39m[31m[91mbackground-color[33m:[39m[31m[91m[35m#bbb[39m[31m[91m[33m;[39m[31m[91mborder-color[33m:[39m[31m[91m[35m#0aa[39m[31m[91m[33m}[39m[31m[91m[33m.btn-info[39m[31m[91m[33m:[39m[31m[91m[36mnot[39m[31m[91m[36m(:disabled)[39m[31m[91m[33m:[39m[31m[91m[36mnot[39m[31m[91m[36m(.disabled)[39m[31m[91m[33m.active,.btn-info[39m[31m[91m[33m:[39m[31m[91m[36mnot[39m[31m[91m[36m(:disabled)[39m[31m[91m[33m:[39m[31m[91m[36mnot[39m[31m[91m[36m(.disabled)[39m[31m[91m[33m:[39m[31m[91mactive,.show>.btn-info.dropdown-toggle[33m{[39m[31m[91mcolor[33m:[39m[31m[91m[35m#0aa[39m[31m[91m[33m;[39m[31m[91mbackground-color[33m:[39m[31m[91m[35m#000[39m[31m[91m[33m}[39m[31m[91m[33m.btn-group-lg>.btn-info.btn,.btn-info.btn-lg[39m[31m[91m[33m{[39m[31m[91mbackground-color[33m:[39m[31m[91m[35m#0aa[39m[31m[91m[33m;[39m[31m[91mborder[33m:[39m[31m[91m[33m.875px[39m[31m[91m solid [35m#000[39m[31m[91m[33m;[39m[31m[91mmargin-top[33m:[39m[31m[91m7px[33m;[39m[31m[91mpadding-top[33m:[39m[31m[91m6.125px[33m;[39m[31m[91mpadding-bottom[33m:[39m[31m[91m7px[33m;[39m[31m[91mmargin-bottom[33m:[39m[31m[91m6.125px[33m;[39m[31m[91mborder-le[39m[22m[1m[31mft-width[33m:[39m[31m[91m2px[33m;[39m[31m[91mborder-right-width[33m:[39m[31m[91m2px[33m;[39m[31m[91mmargin-left[33m:[39m[31m[91m3.5px[33m;[39m[31m[91mpadding-left[33m:[39m[31m[91m10.5px[33m;[39m[31m[91mpadding-right[33m:[39m[31m[91m11.5px[33m;[39m[31m[91mmargin-right[33m:[39m[31m[91m2.5px[33m;[39m[31m[91mbox-shadow[33m:[39m[31m[91m-3.5px -7px 0 0 [35m#0aa,2.5px[39m[31m[91m 6.125px 0 0 [35m#0aa,-3.5px[39m[31m[91m 6.125px 0 0 [35m#0aa,2.5px[39m[31m[91m -7px 0 0 [35m#0aa[39m[31m[91m[33m;[39m[31m[91m-webkit-filter[33m:[39m[31m[91m[36mdrop-shadow[39m[31m[91m[36m(7px 8px 0 #000)[39m[31m[91m[33m;[39m[31m[91mfilter[33m:[39m[31m[91m[36mdrop-shadow[39m[31m[91m[36m(7px 8px 0 #000)[39m[31m[91m[33m;[39m[31m[91mmargin-right[33m:[39m[31m[91m10.5px[33m;[39m[31m[91mmargin-bottom[33m:[39m[31m[91m20px[33m}[39m[31m[91m[33m.btn-group-lg>.btn-info.btn[39m[31m[91m[33m:[39m[31m[91mhover,.btn-info.btn-lg[33m:[39m[31m[91mhover[33m{[39m[31m[91mbox-shadow[33m:[39m[31m[91m-3.5px -7px 0 0 [35m#0aa,2.5px[39m[31m[91m 6.125px 0 0 [35m#0aa,-3.5px[39m[31m[91m 6.125px 0 0 [35m#0aa,2.5px[39m[31m[91m -7px 0 0 [35m#0aa[39m[31m[91m[33m;[39m[31m[91mcolor[33m:[39m[31m[91m[35m#fff[39m[31m[91m[33m;[39m[31m[91mborder-color[33m:[39m[31m[91m[35m#fff[39m[31m[91m[33m;[39m[31m[91mbackground-color[33m:[39m[31m[91m[35m#0aa[39m[31m[91m[33m}[39m[31m[91m[33m.btn-group-lg.show>.btn-info.dropdown-toggle.btn,.btn-group-lg>.btn-info.btn[39m[31m[91m[33m:[39m[31m[91m[36mnot[39m[31m[91m[36m(:disabled)[39m[31m[91m[33m:[39m[31m[91m[36mnot[39m[31m[91m[36m(.disabled)[39m[31m[91m[33m.active,.btn-group-lg>.btn-info.btn[39m[31m[91m[33m:[39m[31m[91m[36mnot[39m[31m[91m[36m(:disabled)[39m[31m[91m[33m:[39m[31m[91m[36mnot[39m[31m[91m[36m(.disabled)[39m[31m[91m[33m:[39m[31m[91mactive,.btn-info.btn-lg[33m:[39m[31m[91m[36mnot[39m[31m[91m[36m(:disabled)[39m[31m[91m[33m:[39m[31m[91m[36mnot[39m[31m[91m[36m(.disabled)[39m[31m[91m[33m.active,.btn-info.btn-lg[39m[31m[91m[33m:[39m[31m[91m[36mnot[39m[31m[91m[36m(:disabled)[39m[31m[91m[33m:[39m[31m[91m[36mnot[39m[31m[91m[36m(.disabled)[39m[31m[91m[33m:[39m[31m[91mactive,.show>[39m[22m[1m[31m.btn-info.btn-lg.dropdown-toggle[33m{[39m[31m[91mbox-shadow[33m:[39m[31m[91m-3.5px -7px 0 0 [35m#0aa,2.5px[39m[31m[91m 6.125px 0 0 [35m#0aa,-3.5px[39m[31m[91m 6.125px 0 0 [35m#0aa,2.5px[39m[31m[91m -7px 0 0 [35m#0aa[39m[31m[91m[33m;[39m[31m[91mcolor[33m:[39m[31m[91m[35m#fff[39m[31m[91m[33m;[39m[31m[91mborder-color[33m:[39m[31m[91m[35m#fff[39m[31m[91m[33m;[39m[31m[91mbackground-color[33m:[39m[31m[91m[35m#0aa[39m[31m[91m[33m;[39m[31m[91m-webkit-filter[33m:[39m[31m[91mnone[33m;[39m[31m[91mfilter[33m:[39m[31m[91mnone[33m;[39m[31m[91mfilter[33m:[39m[31m[91mnone[33m;[39m[31m[91mposition[33m:[39m[31m[91mrelative[33m;[39m[31m[91mtop[33m:[39m[31m[91m14px[33m;[39m[31m[91mleft[33m:[39m[31m[91m8px[33m}[39m[31m[91m[33m.bs-component>.btn-warning[39m[31m[91m[33m:[39m[31m[91m[36mnot[39m[31m[91m[36m(.disabled)[39m[31m[91m[33m:[39m[31m[91m[36mnot[39m[31m[91m[36m(.btn-sm)[39m[31m[91m[33m:[39m[31m[91m[36mnot[39m[31m[91m[36m(.btn-lg)[39m[31m[91m[33m:[39m[31m[91mhover[33m{[39m[31m[91mpadding-left[33m:[39m[31m[91m0[33m;[39m[31m[91mpadding-right[33m:[39m[31m[91m0[33m}[39m[31m[91m[33m.bs-component>.btn-warning[39m[31m[91m[33m:[39m[31m[91m[36mnot[39m[31m[91m[36m(.disabled)[39m[31m[91m[33m:[39m[31m[91m[36mnot[39m[31m[91m[36m(.btn-sm)[39m[31m[91m[33m:[39m[31m[91m[36mnot[39m[31m[91m[36m(.btn-lg)[39m[31m[91m[33m:[39m[31m[91mhover[33m:[39m[31m[91mbefore[33m{[39m[31m[91mcontent[33m:[39m[31m[91m[32m'\25ba\20'[39m[31m[91m[33m}[39m[31m[91m[33m.bs-component>.btn-warning[39m[31m[91m[33m:[39m[31m[91m[36mnot[39m[31m[91m[36m(.disabled)[39m[31m[91m[33m:[39m[31m[91m[36mnot[39m[31m[91m[36m(.btn-sm)[39m[31m[91m[33m:[39m[31m[91m[36mnot[39m[31m[91m[36m(.btn-lg)[39m[31m[91m[33m:[39m[31m[91mhover[33m:[39m[31m[91mafter[33m{[39m[31m[91mcontent[33m:[39m[31m[91m[32m' \25c4'[39m[31m[91m[33m}[39m[31m[91m[33m.btn-warning[39m[31m[91m[33m{[39m[31m[91mcolor[33m:[39m[31m[91m[35m#000[39m[31m[91m[33m;[39m[31m[91mborder-color[33m:[39m[31m[91m[35m#000[39m[31m[91m[33m;[39m[31m[91mbackground-color[33m:[39m[31m[91m[35m#a50[39m[31m[91m[33m}[39m[31m[91m[33m.btn-warning[39m[31m[91m[33m:[39m[31m[91mhover[33m:[39m[31m[91maf[39m[22m[1m[31mter,.btn-warning[33m:[39m[31m[91mhover[33m:[39m[31m[91mbefore[33m{[39m[31m[91mcolor[33m:[39m[31m[91m[35m#ff5[39m[31m[91m[33m}[39m[31m[91m[33m.btn-warning[39m[31m[91m[33m:[39m[31m[91mhover[33m{[39m[31m[91mcolor[33m:[39m[31m[91m[35m#ff5[39m[31m[91m[33m;[39m[31m[91mborder-color[33m:[39m[31m[91m[35m#fff[39m[31m[91m[33m}[39m[31m[91m[33m.btn-warning.focus,.btn-warning[39m[31m[91m[33m:[39m[31m[91mfocus[33m{[39m[31m[91mborder-color[33m:[39m[31m[91m[35m#fff[39m[31m[91m[33m}[39m[31m[91m[33m.btn-warning.disabled,.btn-warning[39m[31m[91m[33m:[39m[31m[91mdisabled[33m{[39m[31m[91mcolor[33m:[39m[31m[91m[35m#555[39m[31m[91m[33m;[39m[31m[91mbackground-color[33m:[39m[31m[91m[35m#bbb[39m[31m[91m[33m;[39m[31m[91mborder-color[33m:[39m[31m[91m[35m#a50[39m[31m[91m[33m}[39m[31m[91m[33m.btn-warning[39m[31m[91m[33m:[39m[31m[91m[36mnot[39m[31m[91m[36m(:disabled)[39m[31m[91m[33m:[39m[31m[91m[36mnot[39m[31m[91m[36m(.disabled)[39m[31m[91m[33m.active,.btn-warning[39m[31m[91m[33m:[39m[31m[91m[36mnot[39m[31m[91m[36m(:disabled)[39m[31m[91m[33m:[39m[31m[91m[36mnot[39m[31m[91m[36m(.disabled)[39m[31m[91m[33m:[39m[31m[91mactive,.show>.btn-warning.dropdown-toggle[33m{[39m[31m[91mcolor[33m:[39m[31m[91m[35m#a50[39m[31m[91m[33m;[39m[31m[91mbackground-color[33m:[39m[31m[91m[35m#000[39m[31m[91m[33m}[39m[31m[91m[33m.btn-group-lg>.btn-warning.btn,.btn-warning.btn-lg[39m[31m[91m[33m{[39m[31m[91mbackground-color[33m:[39m[31m[91m[35m#a50[39m[31m[91m[33m;[39m[31m[91mborder[33m:[39m[31m[91m[33m.875px[39m[31m[91m solid [35m#000[39m[31m[91m[33m;[39m[31m[91mmargin-top[33m:[39m[31m[91m7px[33m;[39m[31m[91mpadding-top[33m:[39m[31m[91m6.125px[33m;[39m[31m[91mpadding-bottom[33m:[39m[31m[91m7px[33m;[39m[31m[91mmargin-bottom[33m:[39m[31m[91m6.125px[33m;[39m[31m[91mborder-left-width[33m:[39m[31m[91m2px[33m;[39m[31m[91mborder-right-width[33m:[39m[31m[91m2px[33m;[39m[31m[91mmargin-left[33m:[39m[31m[91m3.5px[33m;[39m[31m[91mpadding-left[33m:[39m[31m[91m10.5px[33m;[39m[31m[91mpadding-right[33m:[39m[31m[91m11.5px[33m;[39m[31m[91mmargin-right[33m:[39m[31m[91m2.5px[33m;[39m[31m[91mbox-shadow[33m:[39m[31m[91m-3.5px -7[39m[22m[1m[31mpx 0 0 [35m#a50,2.5px[39m[31m[91m 6.125px 0 0 [35m#a50,-3.5px[39m[31m[91m 6.125px 0 0 [35m#a50,2.5px[39m[31m[91m -7px 0 0 [35m#a50[39m[31m[91m[33m;[39m[31m[91m-webkit-filter[33m:[39m[31m[91m[36mdrop-shadow[39m[31m[91m[36m(7px 8px 0 #000)[39m[31m[91m[33m;[39m[31m[91mfilter[33m:[39m[31m[91m[36mdrop-shadow[39m[31m[91m[36m(7px 8px 0 #000)[39m[31m[91m[33m;[39m[31m[91mmargin-right[33m:[39m[31m[91m10.5px[33m;[39m[31m[91mmargin-bottom[33m:[39m[31m[91m20px[33m}[39m[31m[91m[33m.btn-group-lg>.btn-warning.btn[39m[31m[91m[33m:[39m[31m[91mhover,.btn-warning.btn-lg[33m:[39m[31m[91mhover[33m{[39m[31m[91mbox-shadow[33m:[39m[31m[91m-3.5px -7px 0 0 [35m#a50,2.5px[39m[31m[91m 6.125px 0 0 [35m#a50,-3.5px[39m[31m[91m 6.125px 0 0 [35m#a50,2.5px[39m[31m[91m -7px 0 0 [35m#a50[39m[31m[91m[33m;[39m[31m[91mcolor[33m:[39m[31m[91m[35m#fff[39m[31m[91m[33m;[39m[31m[91mborder-color[33m:[39m[31m[91m[35m#fff[39m[31m[91m[33m;[39m[31m[91mbackground-color[33m:[39m[31m[91m[35m#a50[39m[31m[91m[33m}[39m[31m[91m[33m.btn-group-lg.show>.btn-warning.dropdown-toggle.btn,.btn-group-lg>.btn-warning.btn[39m[31m[91m[33m:[39m[31m[91m[36mnot[39m[31m[91m[36m(:disabled)[39m[31m[91m[33m:[39m[31m[91m[36mnot[39m[31m[91m[36m(.disabled)[39m[31m[91m[33m.active,.btn-group-lg>.btn-warning.btn[39m[31m[91m[33m:[39m[31m[91m[36mnot[39m[31m[91m[36m(:disabled)[39m[31m[91m[33m:[39m[31m[91m[36mnot[39m[31m[91m[36m(.disabled)[39m[31m[91m[33m:[39m[31m[91mactive,.btn-warning.btn-lg[33m:[39m[31m[91m[36mnot[39m[31m[91m[36m(:disabled)[39m[31m[91m[33m:[39m[31m[91m[36mnot[39m[31m[91m[36m(.disabled)[39m[31m[91m[33m.active,.btn-warning.btn-lg[39m[31m[91m[33m:[39m[31m[91m[36mnot[39m[31m[91m[36m(:disabled)[39m[31m[91m[33m:[39m[31m[91m[36mnot[39m[31m[91m[36m(.disabled)[39m[31m[91m[33m:[39m[31m[91mactive,.show>.btn-warning.btn-lg.dropdown-toggle[33m{[39m[31m[91mbox-shadow[33m:[39m[31m[91m-3.5px -7px 0 0 [35m#a50,2.5px[39m[31m[91m 6.125px 0 0 [35m#a50,-3.5px[39m[31m[91m 6.125px 0 0 [35m#a50,2.5px[39m[31m[91m -7px 0 0 [35m#a50[39m[31m[91m[33m;[39m[31m[91mcolor[33m:[39m[31m[91m[35m#fff[39m[31m[91m[33m;[39m[31m[91mborder-color[39m[22m[1m[31m[33m:[39m[31m[91m[35m#fff[39m[31m[91m[33m;[39m[31m[91mbackground-color[33m:[39m[31m[91m[35m#a50[39m[31m[91m[33m;[39m[31m[91m-webkit-filter[33m:[39m[31m[91mnone[33m;[39m[31m[91mfilter[33m:[39m[31m[91mnone[33m;[39m[31m[91mfilter[33m:[39m[31m[91mnone[33m;[39m[31m[91mposition[33m:[39m[31m[91mrelative[33m;[39m[31m[91mtop[33m:[39m[31m[91m14px[33m;[39m[31m[91mleft[33m:[39m[31m[91m8px[33m}[39m[31m[91m[33m.bs-component>.btn-danger[39m[31m[91m[33m:[39m[31m[91m[36mnot[39m[31m[91m[36m(.disabled)[39m[31m[91m[33m:[39m[31m[91m[36mnot[39m[31m[91m[36m(.btn-sm)[39m[31m[91m[33m:[39m[31m[91m[36mnot[39m[31m[91m[36m(.btn-lg)[39m[31m[91m[33m:[39m[31m[91mhover[33m{[39m[31m[91mpadding-left[33m:[39m[31m[91m0[33m;[39m[31m[91mpadding-right[33m:[39m[31m[91m0[33m}[39m[31m[91m[33m.bs-component>.btn-danger[39m[31m[91m[33m:[39m[31m[91m[36mnot[39m[31m[91m[36m(.disabled)[39m[31m[91m[33m:[39m[31m[91m[36mnot[39m[31m[91m[36m(.btn-sm)[39m[31m[91m[33m:[39m[31m[91m[36mnot[39m[31m[91m[36m(.btn-lg)[39m[31m[91m[33m:[39m[31m[91mhover[33m:[39m[31m[91mbefore[33m{[39m[31m[91mcontent[33m:[39m[31m[91m[32m'\25ba\20'[39m[31m[91m[33m}[39m[31m[91m[33m.bs-component>.btn-danger[39m[31m[91m[33m:[39m[31m[91m[36mnot[39m[31m[91m[36m(.disabled)[39m[31m[91m[33m:[39m[31m[91m[36mnot[39m[31m[91m[36m(.btn-sm)[39m[31m[91m[33m:[39m[31m[91m[36mnot[39m[31m[91m[36m(.btn-lg)[39m[31m[91m[33m:[39m[31m[91mhover[33m:[39m[31m[91mafter[33m{[39m[31m[91mcontent[33m:[39m[31m[91m[32m' \25c4'[39m[31m[91m[33m}[39m[31m[91m[33m.btn-danger[39m[31m[91m[33m{[39m[31m[91mcolor[33m:[39m[31m[91m[35m#000[39m[31m[91m[33m;[39m[31m[91mborder-color[33m:[39m[31m[91m[35m#000[39m[31m[91m[33m;[39m[31m[91mbackground-color[33m:[39m[31m[91m[35m#a00[39m[31m[91m[33m}[39m[31m[91m[33m.btn-danger[39m[31m[91m[33m:[39m[31m[91mhover[33m:[39m[31m[91mafter,.btn-danger[33m:[39m[31m[91mhover[33m:[39m[31m[91mbefore[33m{[39m[31m[91mcolor[33m:[39m[31m[91m[35m#f55[39m[31m[91m[33m}[39m[31m[91m[33m.btn-danger[39m[31m[91m[33m:[39m[31m[91mhover[33m{[39m[31m[91mcolor[33m:[39m[31m[91m[35m#f55[39m[31m[91m[33m;[39m[31m[91mborder-color[33m:[39m[31m[91m[35m#fff[39m[31m[91m[33m}[39m[31m[9[39m[22m[1m[31m1m[33m.btn-danger.focus,.btn-danger[39m[31m[91m[33m:[39m[31m[91mfocus[33m{[39m[31m[91mborder-color[33m:[39m[31m[91m[35m#fff[39m[31m[91m[33m}[39m[31m[91m[33m.btn-danger.disabled,.btn-danger[39m[31m[91m[33m:[39m[31m[91mdisabled[33m{[39m[31m[91mcolor[33m:[39m[31m[91m[35m#555[39m[31m[91m[33m;[39m[31m[91mbackground-color[33m:[39m[31m[91m[35m#bbb[39m[31m[91m[33m;[39m[31m[91mborder-color[33m:[39m[31m[91m[35m#a00[39m[31m[91m[33m}[39m[31m[91m[33m.btn-danger[39m[31m[91m[33m:[39m[31m[91m[36mnot[39m[31m[91m[36m(:disabled)[39m[31m[91m[33m:[39m[31m[91m[36mnot[39m[31m[91m[36m(.disabled)[39m[31m[91m[33m.active,.btn-danger[39m[31m[91m[33m:[39m[31m[91m[36mnot[39m[31m[91m[36m(:disabled)[39m[31m[91m[33m:[39m[31m[91m[36mnot[39m[31m[91m[36m(.disabled)[39m[31m[91m[33m:[39m[31m[91mactive,.show>.btn-danger.dropdown-toggle[33m{[39m[31m[91mcolor[33m:[39m[31m[91m[35m#a00[39m[31m[91m[33m;[39m[31m[91mbackground-color[33m:[39m[31m[91m[35m#000[39m[31m[91m[33m}[39m[31m[91m[33m.btn-danger.btn-lg,.btn-group-lg>.btn-danger.btn[39m[31m[91m[33m{[39m[31m[91mbackground-color[33m:[39m[31m[91m[35m#a00[39m[31m[91m[33m;[39m[31m[91mborder[33m:[39m[31m[91m[33m.875px[39m[31m[91m solid [35m#000[39m[31m[91m[33m;[39m[31m[91mmargin-top[33m:[39m[31m[91m7px[33m;[39m[31m[91mpadding-top[33m:[39m[31m[91m6.125px[33m;[39m[31m[91mpadding-bottom[33m:[39m[31m[91m7px[33m;[39m[31m[91mmargin-bottom[33m:[39m[31m[91m6.125px[33m;[39m[31m[91mborder-left-width[33m:[39m[31m[91m2px[33m;[39m[31m[91mborder-right-width[33m:[39m[31m[91m2px[33m;[39m[31m[91mmargin-left[33m:[39m[31m[91m3.5px[33m;[39m[31m[91mpadding-left[33m:[39m[31m[91m10.5px[33m;[39m[31m[91mpadding-right[33m:[39m[31m[91m11.5px[33m;[39m[31m[91mmargin-right[33m:[39m[31m[91m2.5px[33m;[39m[31m[91mbox-shadow[33m:[39m[31m[91m-3.5px -7px 0 0 [35m#a00,2.5px[39m[31m[91m 6.125px 0 0 [35m#a00,-3.5px[39m[31m[91m 6.125px 0 0 [35m#a00,2.5px[39m[31m[91m -7px 0 0 [35m#a00[39m[31m[91m[33m;[39m[31m[91m-webkit-filter[33m:[39m[31m[91m[36mdrop-shadow[39m[31m[91m[36m(7px 8px 0 #000)[39m[31m[91m[33m;[39m[31m[91mfilter[33m:[39m[31m[91m[36mdrop-shadow[39m[31m[91m[36m(7px 8px 0 [39m[22m[1m[31m#000)[39m[31m[91m[33m;[39m[31m[91mmargin-right[33m:[39m[31m[91m10.5px[33m;[39m[31m[91mmargin-bottom[33m:[39m[31m[91m20px[33m}[39m[31m[91m[33m.btn-danger.btn-lg[39m[31m[91m[33m:[39m[31m[91mhover,.btn-group-lg>.btn-danger.btn[33m:[39m[31m[91mhover[33m{[39m[31m[91mbox-shadow[33m:[39m[31m[91m-3.5px -7px 0 0 [35m#a00,2.5px[39m[31m[91m 6.125px 0 0 [35m#a00,-3.5px[39m[31m[91m 6.125px 0 0 [35m#a00,2.5px[39m[31m[91m -7px 0 0 [35m#a00[39m[31m[91m[33m;[39m[31m[91mcolor[33m:[39m[31m[91m[35m#fff[39m[31m[91m[33m;[39m[31m[91mborder-color[33m:[39m[31m[91m[35m#fff[39m[31m[91m[33m;[39m[31m[91mbackground-color[33m:[39m[31m[91m[35m#a00[39m[31m[91m[33m}[39m[31m[91m[33m.btn-danger.btn-lg[39m[31m[91m[33m:[39m[31m[91m[36mnot[39m[31m[91m[36m(:disabled)[39m[31m[91m[33m:[39m[31m[91m[36mnot[39m[31m[91m[36m(.disabled)[39m[31m[91m[33m.active,.btn-danger.btn-lg[39m[31m[91m[33m:[39m[31m[91m[36mnot[39m[31m[91m[36m(:disabled)[39m[31m[91m[33m:[39m[31m[91m[36mnot[39m[31m[91m[36m(.disabled)[39m[31m[91m[33m:[39m[31m[91mactive,.btn-group-lg.show>.btn-danger.dropdown-toggle.btn,.btn-group-lg>.btn-danger.btn[33m:[39m[31m[91m[36mnot[39m[31m[91m[36m(:disabled)[39m[31m[91m[33m:[39m[31m[91m[36mnot[39m[31m[91m[36m(.disabled)[39m[31m[91m[33m.active,.btn-group-lg>.btn-danger.btn[39m[31m[91m[33m:[39m[31m[91m[36mnot[39m[31m[91m[36m(:disabled)[39m[31m[91m[33m:[39m[31m[91m[36mnot[39m[31m[91m[36m(.disabled)[39m[31m[91m[33m:[39m[31m[91mactive,.show>.btn-danger.btn-lg.dropdown-toggle[33m{[39m[31m[91mbox-shadow[33m:[39m[31m[91m-3.5px -7px 0 0 [35m#a00,2.5px[39m[31m[91m 6.125px 0 0 [35m#a00,-3.5px[39m[31m[91m 6.125px 0 0 [35m#a00,2.5px[39m[31m[91m -7px 0 0 [35m#a00[39m[31m[91m[33m;[39m[31m[91mcolor[33m:[39m[31m[91m[35m#fff[39m[31m[91m[33m;[39m[31m[91mborder-color[33m:[39m[31m[91m[35m#fff[39m[31m[91m[33m;[39m[31m[91mbackground-color[33m:[39m[31m[91m[35m#a00[39m[31m[91m[33m;[39m[31m[91m-webkit-filter[33m:[39m[31m[91mnone[33m;[39m[31m[91mfilter[33m:[39m[31m[91mnone[33m;[39m[31m[91mfilter[33m:[39m[31m[91mnone[33m;[39m[31m[91mposition[33m:[39m[31m[91mrelative[33m;[39m[31m[91mtop[33m:[39m[31m[91m14px[33m;[39m[22m[1m[31m[39m[31m[91mleft[33m:[39m[31m[91m8px[33m}[39m[31m[91m[33m.bs-component>.btn-light[39m[31m[91m[33m:[39m[31m[91m[36mnot[39m[31m[91m[36m(.disabled)[39m[31m[91m[33m:[39m[31m[91m[36mnot[39m[31m[91m[36m(.btn-sm)[39m[31m[91m[33m:[39m[31m[91m[36mnot[39m[31m[91m[36m(.btn-lg)[39m[31m[91m[33m:[39m[31m[91mhover[33m{[39m[31m[91mpadding-left[33m:[39m[31m[91m0[33m;[39m[31m[91mpadding-right[33m:[39m[31m[91m0[33m}[39m[31m[91m[33m.bs-component>.btn-light[39m[31m[91m[33m:[39m[31m[91m[36mnot[39m[31m[91m[36m(.disabled)[39m[31m[91m[33m:[39m[31m[91m[36mnot[39m[31m[91m[36m(.btn-sm)[39m[31m[91m[33m:[39m[31m[91m[36mnot[39m[31m[91m[36m(.btn-lg)[39m[31m[91m[33m:[39m[31m[91mhover[33m:[39m[31m[91mbefore[33m{[39m[31m[91mcontent[33m:[39m[31m[91m[32m'\25ba\20'[39m[31m[91m[33m}[39m[31m[91m[33m.bs-component>.btn-light[39m[31m[91m[33m:[39m[31m[91m[36mnot[39m[31m[91m[36m(.disabled)[39m[31m[91m[33m:[39m[31m[91m[36mnot[39m[31m[91m[36m(.btn-sm)[39m[31m[91m[33m:[39m[31m[91m[36mnot[39m[31m[91m[36m(.btn-lg)[39m[31m[91m[33m:[39m[31m[91mhover[33m:[39m[31m[91mafter[33m{[39m[31m[91mcontent[33m:[39m[31m[91m[32m' \25c4'[39m[31m[91m[33m}[39m[31m[91m[33m.btn-light[39m[31m[91m[33m{[39m[31m[91mcolor[33m:[39m[31m[91m[35m#000[39m[31m[91m[33m;[39m[31m[91mborder-color[33m:[39m[31m[91m[35m#000[39m[31m[91m[33m;[39m[31m[91mbackground-color[33m:[39m[31m[91m[35m#fff[39m[31m[91m[33m}[39m[31m[91m[33m.btn-light[39m[31m[91m[33m:[39m[31m[91mhover[33m{[39m[31m[91mborder-color[33m:[39m[31m[91m[35m#fff[39m[31m[91m[33m}[39m[31m[91m[33m.btn-light.focus,.btn-light[39m[31m[91m[33m:[39m[31m[91mfocus[33m{[39m[31m[91mborder-color[33m:[39m[31m[91m[35m#fff[39m[31m[91m[33m}[39m[31m[91m[33m.btn-light.disabled,.btn-light[39m[31m[91m[33m:[39m[31m[91mdisabled[33m{[39m[31m[91mcolor[33m:[39m[31m[91m[35m#555[39m[31m[91m[33m;[39m[31m[91mbackground-color[33m:[39m[31m[91m[35m#bbb[39m[31m[91m[33m;[39m[31m[91mborder-color[33m:[39m[31m[91m[35m#fff[39m[31m[91m[33m}[39m[31m[91m[33m.btn-light[39m[31m[91m[33m:[39m[31m[91m[36mnot[39m[31m[91m[36m(:disabled)[39m[31m[91m[33m:[39m[31m[91m[36mnot[39m[31m[91m[36m(.disabled)[39m[31m[91m[33m.active,.btn-light[[39m[22m[1m[31m39m[91m[33m:[39m[31m[91m[36mnot[39m[31m[91m[36m(:disabled)[39m[31m[91m[33m:[39m[31m[91m[36mnot[39m[31m[91m[36m(.disabled)[39m[31m[91m[33m:[39m[31m[91mactive,.show>.btn-light.dropdown-toggle[33m{[39m[31m[91mcolor[33m:[39m[31m[91m[35m#fff[39m[31m[91m[33m;[39m[31m[91mbackground-color[33m:[39m[31m[91m[35m#000[39m[31m[91m[33m}[39m[31m[91m[33m.btn-group-lg>.btn-light.btn,.btn-light.btn-lg[39m[31m[91m[33m{[39m[31m[91mbackground-color[33m:[39m[31m[91m[35m#fff[39m[31m[91m[33m;[39m[31m[91mborder[33m:[39m[31m[91m[33m.875px[39m[31m[91m solid [35m#000[39m[31m[91m[33m;[39m[31m[91mmargin-top[33m:[39m[31m[91m7px[33m;[39m[31m[91mpadding-top[33m:[39m[31m[91m6.125px[33m;[39m[31m[91mpadding-bottom[33m:[39m[31m[91m7px[33m;[39m[31m[91mmargin-bottom[33m:[39m[31m[91m6.125px[33m;[39m[31m[91mborder-left-width[33m:[39m[31m[91m2px[33m;[39m[31m[91mborder-right-width[33m:[39m[31m[91m2px[33m;[39m[31m[91mmargin-left[33m:[39m[31m[91m3.5px[33m;[39m[31m[91mpadding-left[33m:[39m[31m[91m10.5px[33m;[39m[31m[91mpadding-right[33m:[39m[31m[91m11.5px[33m;[39m[31m[91mmargin-right[33m:[39m[31m[91m2.5px[33m;[39m[31m[91mbox-shadow[33m:[39m[31m[91m-3.5px -7px 0 0 [35m#fff,2.5px[39m[31m[91m 6.125px 0 0 [35m#fff,-3.5px[39m[31m[91m 6.125px 0 0 [35m#fff,2.5px[39m[31m[91m -7px 0 0 [35m#fff[39m[31m[91m[33m;[39m[31m[91m-webkit-filter[33m:[39m[31m[91m[36mdrop-shadow[39m[31m[91m[36m(7px 8px 0 #000)[39m[31m[91m[33m;[39m[31m[91mfilter[33m:[39m[31m[91m[36mdrop-shadow[39m[31m[91m[36m(7px 8px 0 #000)[39m[31m[91m[33m;[39m[31m[91mmargin-right[33m:[39m[31m[91m10.5px[33m;[39m[31m[91mmargin-bottom[33m:[39m[31m[91m20px[33m}[39m[31m[91m[33m.btn-group-lg>.btn-light.btn[39m[31m[91m[33m:[39m[31m[91mhover,.btn-light.btn-lg[33m:[39m[31m[91mhover[33m{[39m[31m[91mbox-shadow[33m:[39m[31m[91m-3.5px -7px 0 0 [35m#bbb,2.5px[39m[31m[91m 6.125px 0 0 [35m#bbb,-3.5px[39m[31m[91m 6.125px 0 0 [35m#bbb,2.5px[39m[31m[91m -7px 0 0 [35m#bbb[39m[31m[91m[33m;[39m[31m[91mcolor[33m:[39m[31m[91m[35m#fff[39m[31m[91m[33m;[39m[31m[91mborder-color[33m:[39m[31m[91m[35m#fff[39m[31m[91m[33m;[39m[31m[91mbackground-color[33m:[39m[31m[91m[35m[39m[22m[1m[31m#bbb[39m[31m[91m[33m}[39m[31m[91m[33m.btn-group-lg.show>.btn-light.dropdown-toggle.btn,.btn-group-lg>.btn-light.btn[39m[31m[91m[33m:[39m[31m[91m[36mnot[39m[31m[91m[36m(:disabled)[39m[31m[91m[33m:[39m[31m[91m[36mnot[39m[31m[91m[36m(.disabled)[39m[31m[91m[33m.active,.btn-group-lg>.btn-light.btn[39m[31m[91m[33m:[39m[31m[91m[36mnot[39m[31m[91m[36m(:disabled)[39m[31m[91m[33m:[39m[31m[91m[36mnot[39m[31m[91m[36m(.disabled)[39m[31m[91m[33m:[39m[31m[91mactive,.btn-light.btn-lg[33m:[39m[31m[91m[36mnot[39m[31m[91m[36m(:disabled)[39m[31m[91m[33m:[39m[31m[91m[36mnot[39m[31m[91m[36m(.disabled)[39m[31m[91m[33m.active,.btn-light.btn-lg[39m[31m[91m[33m:[39m[31m[91m[36mnot[39m[31m[91m[36m(:disabled)[39m[31m[91m[33m:[39m[31m[91m[36mnot[39m[31m[91m[36m(.disabled)[39m[31m[91m[33m:[39m[31m[91mactive,.show>.btn-light.btn-lg.dropdown-toggle[33m{[39m[31m[91mbox-shadow[33m:[39m[31m[91m-3.5px -7px 0 0 [35m#bbb,2.5px[39m[31m[91m 6.125px 0 0 [35m#bbb,-3.5px[39m[31m[91m 6.125px 0 0 [35m#bbb,2.5px[39m[31m[91m -7px 0 0 [35m#bbb[39m[31m[91m[33m;[39m[31m[91mcolor[33m:[39m[31m[91m[35m#fff[39m[31m[91m[33m;[39m[31m[91mborder-color[33m:[39m[31m[91m[35m#fff[39m[31m[91m[33m;[39m[31m[91mbackground-color[33m:[39m[31m[91m[35m#bbb[39m[31m[91m[33m;[39m[31m[91m-webkit-filter[33m:[39m[31m[91mnone[33m;[39m[31m[91mfilter[33m:[39m[31m[91mnone[33m;[39m[31m[91mfilter[33m:[39m[31m[91mnone[33m;[39m[31m[91mposition[33m:[39m[31m[91mrelative[33m;[39m[31m[91mtop[33m:[39m[31m[91m14px[33m;[39m[31m[91mleft[33m:[39m[31m[91m8px[33m}[39m[31m[91m[33m.bs-component>.btn-dark[39m[31m[91m[33m:[39m[31m[91m[36mnot[39m[31m[91m[36m(.disabled)[39m[31m[91m[33m:[39m[31m[91m[36mnot[39m[31m[91m[36m(.btn-sm)[39m[31m[91m[33m:[39m[31m[91m[36mnot[39m[31m[91m[36m(.btn-lg)[39m[31m[91m[33m:[39m[31m[91mhover[33m{[39m[31m[91mpadding-left[33m:[39m[31m[91m0[33m;[39m[31m[91mpadding-right[33m:[39m[31m[91m0[33m}[39m[31m[91m[33m.bs-component>.btn-dark[39m[31m[91m[33m:[39m[31m[91m[36mnot[39m[31m[91m[36m(.disabled)[39m[31m[91m[33m:[39m[31m[91m[36mnot[39m[31m[91m[36m(.btn-sm)[39m[31m[91m[33m:[39m[31m[91m[36mnot[39m[31m[91m[36m(.btn-lg)[39m[31m[[39m[22m[1m[31m91m[33m:[39m[31m[91mhover[33m:[39m[31m[91mbefore[33m{[39m[31m[91mcontent[33m:[39m[31m[91m[32m'\25ba\20'[39m[31m[91m[33m}[39m[31m[91m[33m.bs-component>.btn-dark[39m[31m[91m[33m:[39m[31m[91m[36mnot[39m[31m[91m[36m(.disabled)[39m[31m[91m[33m:[39m[31m[91m[36mnot[39m[31m[91m[36m(.btn-sm)[39m[31m[91m[33m:[39m[31m[91m[36mnot[39m[31m[91m[36m(.btn-lg)[39m[31m[91m[33m:[39m[31m[91mhover[33m:[39m[31m[91mafter[33m{[39m[31m[91mcontent[33m:[39m[31m[91m[32m' \25c4'[39m[31m[91m[33m}[39m[31m[91m[33m.btn-dark[39m[31m[91m[33m{[39m[31m[91mcolor[33m:[39m[31m[91m[35m#000[39m[31m[91m[33m;[39m[31m[91mborder-color[33m:[39m[31m[91m[35m#000[39m[31m[91m[33m;[39m[31m[91mbackground-color[33m:[39m[31m[91m[35m#000[39m[31m[91m[33m}[39m[31m[91m[33m.btn-dark[39m[31m[91m[33m:[39m[31m[91mhover[33m:[39m[31m[91mafter,.btn-dark[33m:[39m[31m[91mhover[33m:[39m[31m[91mbefore[33m{[39m[31m[91mcolor[33m:[39m[31m[91m[35m#555[39m[31m[91m[33m}[39m[31m[91m[33m.btn-dark[39m[31m[91m[33m:[39m[31m[91mhover[33m{[39m[31m[91mcolor[33m:[39m[31m[91m[35m#555[39m[31m[91m[33m;[39m[31m[91mborder-color[33m:[39m[31m[91m[35m#fff[39m[31m[91m[33m}[39m[31m[91m[33m.btn-dark.focus,.btn-dark[39m[31m[91m[33m:[39m[31m[91mfocus[33m{[39m[31m[91mborder-color[33m:[39m[31m[91m[35m#fff[39m[31m[91m[33m}[39m[31m[91m[33m.btn-dark.disabled,.btn-dark[39m[31m[91m[33m:[39m[31m[91mdisabled[33m{[39m[31m[91mcolor[33m:[39m[31m[91m[35m#555[39m[31m[91m[33m;[39m[31m[91mbackground-color[33m:[39m[31m[91m[35m#bbb[39m[31m[91m[33m;[39m[31m[91mborder-color[33m:[39m[31m[91m[35m#000[39m[31m[91m[33m}[39m[31m[91m[33m.btn-dark[39m[31m[91m[33m:[39m[31m[91m[36mnot[39m[31m[91m[36m(:disabled)[39m[31m[91m[33m:[39m[31m[91m[36mnot[39m[31m[91m[36m(.disabled)[39m[31m[91m[33m.active,.btn-dark[39m[31m[91m[33m:[39m[31m[91m[36mnot[39m[31m[91m[36m(:disabled)[39m[31m[91m[33m:[39m[31m[91m[36mnot[39m[31m[91m[36m(.disabled)[39m[31m[91m[33m:[39m[31m[91mactive,.show>.btn-dark.dropdown-toggle[33m{[39m[31m[91mcolor[33m:[39m[31m[91m[35m#000[39m[31m[91m[33m;[39m[31m[91mbackground-color[33m:[39m[31m[91m[35m#000[39m[31m[91m[33m}[39m[31m[91m[33m.btn-dark.btn-lg,.btn-group-lg>.btn-dark[39m[22m[1m[31m.btn[39m[31m[91m[33m{[39m[31m[91mbackground-color[33m:[39m[31m[91m[35m#000[39m[31m[91m[33m;[39m[31m[91mborder[33m:[39m[31m[91m[33m.875px[39m[31m[91m solid [35m#000[39m[31m[91m[33m;[39m[31m[91mmargin-top[33m:[39m[31m[91m7px[33m;[39m[31m[91mpadding-top[33m:[39m[31m[91m6.125px[33m;[39m[31m[91mpadding-bottom[33m:[39m[31m[91m7px[33m;[39m[31m[91mmargin-bottom[33m:[39m[31m[91m6.125px[33m;[39m[31m[91mborder-left-width[33m:[39m[31m[91m2px[33m;[39m[31m[91mborder-right-width[33m:[39m[31m[91m2px[33m;[39m[31m[91mmargin-left[33m:[39m[31m[91m3.5px[33m;[39m[31m[91mpadding-left[33m:[39m[31m[91m10.5px[33m;[39m[31m[91mpadding-right[33m:[39m[31m[91m11.5px[33m;[39m[31m[91mmargin-right[33m:[39m[31m[91m2.5px[33m;[39m[31m[91mbox-shadow[33m:[39m[31m[91m-3.5px -7px 0 0 [35m#000,2.5px[39m[31m[91m 6.125px 0 0 [35m#000,-3.5px[39m[31m[91m 6.125px 0 0 [35m#000,2.5px[39m[31m[91m -7px 0 0 [35m#000[39m[31m[91m[33m;[39m[31m[91m-webkit-filter[33m:[39m[31m[91m[36mdrop-shadow[39m[31m[91m[36m(7px 8px 0 #000)[39m[31m[91m[33m;[39m[31m[91mfilter[33m:[39m[31m[91m[36mdrop-shadow[39m[31m[91m[36m(7px 8px 0 #000)[39m[31m[91m[33m;[39m[31m[91mmargin-right[33m:[39m[31m[91m10.5px[33m;[39m[31m[91mmargin-bottom[33m:[39m[31m[91m20px[33m}[39m[31m[91m[33m.btn-dark.btn-lg[39m[31m[91m[33m:[39m[31m[91mhover,.btn-group-lg>.btn-dark.btn[33m:[39m[31m[91mhover[33m{[39m[31m[91mbox-shadow[33m:[39m[31m[91m-3.5px -7px 0 0 [35m#000,2.5px[39m[31m[91m 6.125px 0 0 [35m#000,-3.5px[39m[31m[91m 6.125px 0 0 [35m#000,2.5px[39m[31m[91m -7px 0 0 [35m#000[39m[31m[91m[33m;[39m[31m[91mcolor[33m:[39m[31m[91m[35m#fff[39m[31m[91m[33m;[39m[31m[91mborder-color[33m:[39m[31m[91m[35m#fff[39m[31m[91m[33m;[39m[31m[91mbackground-color[33m:[39m[31m[91m[35m#000[39m[31m[91m[33m}[39m[31m[91m[33m.btn-dark.btn-lg[39m[31m[91m[33m:[39m[31m[91m[36mnot[39m[31m[91m[36m(:disabled)[39m[31m[91m[33m:[39m[31m[91m[36mnot[39m[31m[91m[36m(.disabled)[39m[31m[91m[33m.active,.btn-dark.btn-lg[39m[31m[91m[33m:[39m[31m[91m[36mnot[39m[31m[91m[36m(:disabled)[39m[31m[91m[33m:[39m[31m[91m[36mnot[39m[31m[91m[36m(.disabled)[39m[31m[91m[33m:[39m[31m[91mactive,.btn-gro[39m[22m[1m[31mup-lg.show>.btn-dark.dropdown-toggle.btn,.btn-group-lg>.btn-dark.btn[33m:[39m[31m[91m[36mnot[39m[31m[91m[36m(:disabled)[39m[31m[91m[33m:[39m[31m[91m[36mnot[39m[31m[91m[36m(.disabled)[39m[31m[91m[33m.active,.btn-group-lg>.btn-dark.btn[39m[31m[91m[33m:[39m[31m[91m[36mnot[39m[31m[91m[36m(:disabled)[39m[31m[91m[33m:[39m[31m[91m[36mnot[39m[31m[91m[36m(.disabled)[39m[31m[91m[33m:[39m[31m[91mactive,.show>.btn-dark.btn-lg.dropdown-toggle[33m{[39m[31m[91mbox-shadow[33m:[39m[31m[91m-3.5px -7px 0 0 [35m#000,2.5px[39m[31m[91m 6.125px 0 0 [35m#000,-3.5px[39m[31m[91m 6.125px 0 0 [35m#000,2.5px[39m[31m[91m -7px 0 0 [35m#000[39m[31m[91m[33m;[39m[31m[91mcolor[33m:[39m[31m[91m[35m#fff[39m[31m[91m[33m;[39m[31m[91mborder-color[33m:[39m[31m[91m[35m#fff[39m[31m[91m[33m;[39m[31m[91mbackground-color[33m:[39m[31m[91m[35m#000[39m[31m[91m[33m;[39m[31m[91m-webkit-filter[33m:[39m[31m[91mnone[33m;[39m[31m[91mfilter[33m:[39m[31m[91mnone[33m;[39m[31m[91mfilter[33m:[39m[31m[91mnone[33m;[39m[31m[91mposition[33m:[39m[31m[91mrelative[33m;[39m[31m[91mtop[33m:[39m[31m[91m14px[33m;[39m[31m[91mleft[33m:[39m[31m[91m8px[33m}[39m[31m[91m[33m.btn-outline-primary[39m[31m[91m[33m{[39m[31m[91mcolor[33m:[39m[31m[91m[35m#fff[39m[31m[91m[33m;[39m[31m[91mborder-color[33m:[39m[31m[91m[35m#fff[39m[31m[91m[33m;[39m[31m[91mbackground[33m:[39m[31m[91m0 0[33m;[39m[31m[91mborder[33m:[39m[31m[91m[33m.875px[39m[31m[91m solid [35m#fff[39m[31m[91m[33m;[39m[31m[91mmargin-top[33m:[39m[31m[91m7px[33m;[39m[31m[91mpadding-top[33m:[39m[31m[91m6.125px[33m;[39m[31m[91mpadding-bottom[33m:[39m[31m[91m7px[33m;[39m[31m[91mmargin-bottom[33m:[39m[31m[91m6.125px[33m;[39m[31m[91mborder-left-width[33m:[39m[31m[91m2px[33m;[39m[31m[91mborder-right-width[33m:[39m[31m[91m2px[33m;[39m[31m[91mmargin-left[33m:[39m[31m[91m3.5px[33m;[39m[31m[91mpadding-left[33m:[39m[31m[91m10.5px[33m;[39m[31m[91mpadding-right[33m:[39m[31m[91m11.5px[33m;[39m[31m[91mmargin-right[33m:[39m[31m[91m2.5px[33m}[39m[31m[91m[33m.btn-outline-primary[39m[31m[91m[33m:[39m[31m[91mhover[33m{[39m[31m[91mborder[33m:[39m[31m[91m[33m.875px[39m[31m[91m solid [35m#555[39m[22m[1m[31m[39m[31m[91m[33m;[39m[31m[91mmargin-top[33m:[39m[31m[91m7px[33m;[39m[31m[91mpadding-top[33m:[39m[31m[91m6.125px[33m;[39m[31m[91mpadding-bottom[33m:[39m[31m[91m7px[33m;[39m[31m[91mmargin-bottom[33m:[39m[31m[91m6.125px[33m;[39m[31m[91mborder-left-width[33m:[39m[31m[91m2px[33m;[39m[31m[91mborder-right-width[33m:[39m[31m[91m2px[33m;[39m[31m[91mmargin-left[33m:[39m[31m[91m3.5px[33m;[39m[31m[91mpadding-left[33m:[39m[31m[91m10.5px[33m;[39m[31m[91mpadding-right[33m:[39m[31m[91m11.5px[33m;[39m[31m[91mmargin-right[33m:[39m[31m[91m2.5px[33m;[39m[31m[91mcolor[33m:[39m[31m[91m[35m#fff[39m[31m[91m[33m}[39m[31m[91m[33m.btn-outline-primary.disabled,.btn-outline-primary[39m[31m[91m[33m:[39m[31m[91mdisabled[33m{[39m[31m[91mcolor[33m:[39m[31m[91m[35m#bbb[39m[31m[91m[33m}[39m[31m[91m[33m.btn-outline-primary[39m[31m[91m[33m:[39m[31m[91m[36mnot[39m[31m[91m[36m(:disabled)[39m[31m[91m[33m:[39m[31m[91m[36mnot[39m[31m[91m[36m(.disabled)[39m[31m[91m[33m.active,.btn-outline-primary[39m[31m[91m[33m:[39m[31m[91m[36mnot[39m[31m[91m[36m(:disabled)[39m[31m[91m[33m:[39m[31m[91m[36mnot[39m[31m[91m[36m(.disabled)[39m[31m[91m[33m:[39m[31m[91mactive,.show>.btn-outline-primary.dropdown-toggle[33m{[39m[31m[91mcolor[33m:[39m[31m[91m[35m#fff[39m[31m[91m[33m;[39m[31m[91mborder-color[33m:[39m[31m[91m[35m#bbb[39m[31m[91m[33m}[39m[31m[91m[33m.btn-outline-secondary[39m[31m[91m[33m{[39m[31m[91mcolor[33m:[39m[31m[91m[35m#fff[39m[31m[91m[33m;[39m[31m[91mborder-color[33m:[39m[31m[91m[35m#fff[39m[31m[91m[33m;[39m[31m[91mbackground[33m:[39m[31m[91m0 0[33m;[39m[31m[91mborder[33m:[39m[31m[91m[33m.875px[39m[31m[91m solid [35m#fff[39m[31m[91m[33m;[39m[31m[91mmargin-top[33m:[39m[31m[91m7px[33m;[39m[31m[91mpadding-top[33m:[39m[31m[91m6.125px[33m;[39m[31m[91mpadding-bottom[33m:[39m[31m[91m7px[33m;[39m[31m[91mmargin-bottom[33m:[39m[31m[91m6.125px[33m;[39m[31m[91mborder-left-width[33m:[39m[31m[91m2px[33m;[39m[31m[91mborder-right-width[33m:[39m[31m[91m2px[33m;[39m[31m[91mmargin-left[33m:[39m[31m[91m3.5px[33m;[39m[31m[91mpadding-left[33m:[39m[31m[91m10.5px[33m;[39m[31m[91mpadding-right[33m:[39m[31m[91m11.5px[33[39m[22m[1m[31mm;[39m[31m[91mmargin-right[33m:[39m[31m[91m2.5px[33m}[39m[31m[91m[33m.btn-outline-secondary[39m[31m[91m[33m:[39m[31m[91mhover[33m{[39m[31m[91mborder[33m:[39m[31m[91m[33m.875px[39m[31m[91m solid [35m#555[39m[31m[91m[33m;[39m[31m[91mmargin-top[33m:[39m[31m[91m7px[33m;[39m[31m[91mpadding-top[33m:[39m[31m[91m6.125px[33m;[39m[31m[91mpadding-bottom[33m:[39m[31m[91m7px[33m;[39m[31m[91mmargin-bottom[33m:[39m[31m[91m6.125px[33m;[39m[31m[91mborder-left-width[33m:[39m[31m[91m2px[33m;[39m[31m[91mborder-right-width[33m:[39m[31m[91m2px[33m;[39m[31m[91mmargin-left[33m:[39m[31m[91m3.5px[33m;[39m[31m[91mpadding-left[33m:[39m[31m[91m10.5px[33m;[39m[31m[91mpadding-right[33m:[39m[31m[91m11.5px[33m;[39m[31m[91mmargin-right[33m:[39m[31m[91m2.5px[33m;[39m[31m[91mcolor[33m:[39m[31m[91m[35m#fff[39m[31m[91m[33m}[39m[31m[91m[33m.btn-outline-secondary.disabled,.btn-outline-secondary[39m[31m[91m[33m:[39m[31m[91mdisabled[33m{[39m[31m[91mcolor[33m:[39m[31m[91m[35m#bbb[39m[31m[91m[33m}[39m[31m[91m[33m.btn-outline-secondary[39m[31m[91m[33m:[39m[31m[91m[36mnot[39m[31m[91m[36m(:disabled)[39m[31m[91m[33m:[39m[31m[91m[36mnot[39m[31m[91m[36m(.disabled)[39m[31m[91m[33m.active,.btn-outline-secondary[39m[31m[91m[33m:[39m[31m[91m[36mnot[39m[31m[91m[36m(:disabled)[39m[31m[91m[33m:[39m[31m[91m[36mnot[39m[31m[91m[36m(.disabled)[39m[31m[91m[33m:[39m[31m[91mactive,.show>.btn-outline-secondary.dropdown-toggle[33m{[39m[31m[91mcolor[33m:[39m[31m[91m[35m#fff[39m[31m[91m[33m;[39m[31m[91mborder-color[33m:[39m[31m[91m[35m#bbb[39m[31m[91m[33m}[39m[31m[91m[33m.btn-outline-success[39m[31m[91m[33m{[39m[31m[91mcolor[33m:[39m[31m[91m[35m#5f5[39m[31m[91m[33m;[39m[31m[91mborder-color[33m:[39m[31m[91m[35m#5f5[39m[31m[91m[33m;[39m[31m[91mbackground[33m:[39m[31m[91m0 0[33m;[39m[31m[91mborder[33m:[39m[31m[91m[33m.875px[39m[31m[91m solid [35m#5f5[39m[31m[91m[33m;[39m[31m[91mmargin-top[33m:[39m[31m[91m7px[33m;[39m[31m[91mpadding-top[33m:[39m[31m[91m6.125px[33m;[39m[31m[91mpadding-bottom[33m:[39m[31m[91m7px[33m;[39m[31m[91mmargin-bottom[33m:[39m[31m[91m6.125px[33m;[39m[31m[91mborder-left-width[33m:[39m[31m[91m2px[33[39m[22m[1m[31mm;[39m[31m[91mborder-right-width[33m:[39m[31m[91m2px[33m;[39m[31m[91mmargin-left[33m:[39m[31m[91m3.5px[33m;[39m[31m[91mpadding-left[33m:[39m[31m[91m10.5px[33m;[39m[31m[91mpadding-right[33m:[39m[31m[91m11.5px[33m;[39m[31m[91mmargin-right[33m:[39m[31m[91m2.5px[33m}[39m[31m[91m[33m.btn-outline-success[39m[31m[91m[33m:[39m[31m[91mhover[33m{[39m[31m[91mborder[33m:[39m[31m[91m[33m.875px[39m[31m[91m solid [35m#0a0[39m[31m[91m[33m;[39m[31m[91mmargin-top[33m:[39m[31m[91m7px[33m;[39m[31m[91mpadding-top[33m:[39m[31m[91m6.125px[33m;[39m[31m[91mpadding-bottom[33m:[39m[31m[91m7px[33m;[39m[31m[91mmargin-bottom[33m:[39m[31m[91m6.125px[33m;[39m[31m[91mborder-left-width[33m:[39m[31m[91m2px[33m;[39m[31m[91mborder-right-width[33m:[39m[31m[91m2px[33m;[39m[31m[91mmargin-left[33m:[39m[31m[91m3.5px[33m;[39m[31m[91mpadding-left[33m:[39m[31m[91m10.5px[33m;[39m[31m[91mpadding-right[33m:[39m[31m[91m11.5px[33m;[39m[31m[91mmargin-right[33m:[39m[31m[91m2.5px[33m;[39m[31m[91mcolor[33m:[39m[31m[91m[35m#fff[39m[31m[91m[33m}[39m[31m[91m[33m.btn-outline-success.disabled,.btn-outline-success[39m[31m[91m[33m:[39m[31m[91mdisabled[33m{[39m[31m[91mcolor[33m:[39m[31m[91m[35m#0a0[39m[31m[91m[33m}[39m[31m[91m[33m.btn-outline-success[39m[31m[91m[33m:[39m[31m[91m[36mnot[39m[31m[91m[36m(:disabled)[39m[31m[91m[33m:[39m[31m[91m[36mnot[39m[31m[91m[36m(.disabled)[39m[31m[91m[33m.active,.btn-outline-success[39m[31m[91m[33m:[39m[31m[91m[36mnot[39m[31m[91m[36m(:disabled)[39m[31m[91m[33m:[39m[31m[91m[36mnot[39m[31m[91m[36m(.disabled)[39m[31m[91m[33m:[39m[31m[91mactive,.show>.btn-outline-success.dropdown-toggle[33m{[39m[31m[91mcolor[33m:[39m[31m[91m[35m#5f5[39m[31m[91m[33m;[39m[31m[91mborder-color[33m:[39m[31m[91m[35m#0a0[39m[31m[91m[33m}[39m[31m[91m[33m.btn-outline-info[39m[31m[91m[33m{[39m[31m[91mcolor[33m:[39m[31m[91m[35m#5ff[39m[31m[91m[33m;[39m[31m[91mborder-color[33m:[39m[31m[91m[35m#5ff[39m[31m[91m[33m;[39m[31m[91mbackground[33m:[39m[31m[91m0 0[33m;[39m[31m[91mborder[33m:[39m[31m[91m[33m.875px[39m[31m[91m solid [35m#5ff[39m[31m[91m[33m;[39m[31m[91mmargin-top[33m:[39m[31m[91m7px[33m;[39m[31m[91mpadd[39m[22m[1m[31ming-top[33m:[39m[31m[91m6.125px[33m;[39m[31m[91mpadding-bottom[33m:[39m[31m[91m7px[33m;[39m[31m[91mmargin-bottom[33m:[39m[31m[91m6.125px[33m;[39m[31m[91mborder-left-width[33m:[39m[31m[91m2px[33m;[39m[31m[91mborder-right-width[33m:[39m[31m[91m2px[33m;[39m[31m[91mmargin-left[33m:[39m[31m[91m3.5px[33m;[39m[31m[91mpadding-left[33m:[39m[31m[91m10.5px[33m;[39m[31m[91mpadding-right[33m:[39m[31m[91m11.5px[33m;[39m[31m[91mmargin-right[33m:[39m[31m[91m2.5px[33m}[39m[31m[91m[33m.btn-outline-info[39m[31m[91m[33m:[39m[31m[91mhover[33m{[39m[31m[91mborder[33m:[39m[31m[91m[33m.875px[39m[31m[91m solid [35m#0aa[39m[31m[91m[33m;[39m[31m[91mmargin-top[33m:[39m[31m[91m7px[33m;[39m[31m[91mpadding-top[33m:[39m[31m[91m6.125px[33m;[39m[31m[91mpadding-bottom[33m:[39m[31m[91m7px[33m;[39m[31m[91mmargin-bottom[33m:[39m[31m[91m6.125px[33m;[39m[31m[91mborder-left-width[33m:[39m[31m[91m2px[33m;[39m[31m[91mborder-right-width[33m:[39m[31m[91m2px[33m;[39m[31m[91mmargin-left[33m:[39m[31m[91m3.5px[33m;[39m[31m[91mpadding-left[33m:[39m[31m[91m10.5px[33m;[39m[31m[91mpadding-right[33m:[39m[31m[91m11.5px[33m;[39m[31m[91mmargin-right[33m:[39m[31m[91m2.5px[33m;[39m[31m[91mcolor[33m:[39m[31m[91m[35m#fff[39m[31m[91m[33m}[39m[31m[91m[33m.btn-outline-info.disabled,.btn-outline-info[39m[31m[91m[33m:[39m[31m[91mdisabled[33m{[39m[31m[91mcolor[33m:[39m[31m[91m[35m#0aa[39m[31m[91m[33m}[39m[31m[91m[33m.btn-outline-info[39m[31m[91m[33m:[39m[31m[91m[36mnot[39m[31m[91m[36m(:disabled)[39m[31m[91m[33m:[39m[31m[91m[36mnot[39m[31m[91m[36m(.disabled)[39m[31m[91m[33m.active,.btn-outline-info[39m[31m[91m[33m:[39m[31m[91m[36mnot[39m[31m[91m[36m(:disabled)[39m[31m[91m[33m:[39m[31m[91m[36mnot[39m[31m[91m[36m(.disabled)[39m[31m[91m[33m:[39m[31m[91mactive,.show>.btn-outline-info.dropdown-toggle[33m{[39m[31m[91mcolor[33m:[39m[31m[91m[35m#5ff[39m[31m[91m[33m;[39m[31m[91mborder-color[33m:[39m[31m[91m[35m#0aa[39m[31m[91m[33m}[39m[31m[91m[33m.btn-outline-warning[39m[31m[91m[33m{[39m[31m[91mcolor[33m:[39m[31m[91m[35m#ff5[39m[31m[91m[33m;[39m[31m[91mborder-color[33m:[39m[31m[91m[35m#ff5[39m[31m[91m[33m;[39m[31m[91mbackgro[39m[22m[1m[31mund[33m:[39m[31m[91m0 0[33m;[39m[31m[91mborder[33m:[39m[31m[91m[33m.875px[39m[31m[91m solid [35m#ff5[39m[31m[91m[33m;[39m[31m[91mmargin-top[33m:[39m[31m[91m7px[33m;[39m[31m[91mpadding-top[33m:[39m[31m[91m6.125px[33m;[39m[31m[91mpadding-bottom[33m:[39m[31m[91m7px[33m;[39m[31m[91mmargin-bottom[33m:[39m[31m[91m6.125px[33m;[39m[31m[91mborder-left-width[33m:[39m[31m[91m2px[33m;[39m[31m[91mborder-right-width[33m:[39m[31m[91m2px[33m;[39m[31m[91mmargin-left[33m:[39m[31m[91m3.5px[33m;[39m[31m[91mpadding-left[33m:[39m[31m[91m10.5px[33m;[39m[31m[91mpadding-right[33m:[39m[31m[91m11.5px[33m;[39m[31m[91mmargin-right[33m:[39m[31m[91m2.5px[33m}[39m[31m[91m[33m.btn-outline-warning[39m[31m[91m[33m:[39m[31m[91mhover[33m{[39m[31m[91mborder[33m:[39m[31m[91m[33m.875px[39m[31m[91m solid [35m#a50[39m[31m[91m[33m;[39m[31m[91mmargin-top[33m:[39m[31m[91m7px[33m;[39m[31m[91mpadding-top[33m:[39m[31m[91m6.125px[33m;[39m[31m[91mpadding-bottom[33m:[39m[31m[91m7px[33m;[39m[31m[91mmargin-bottom[33m:[39m[31m[91m6.125px[33m;[39m[31m[91mborder-left-width[33m:[39m[31m[91m2px[33m;[39m[31m[91mborder-right-width[33m:[39m[31m[91m2px[33m;[39m[31m[91mmargin-left[33m:[39m[31m[91m3.5px[33m;[39m[31m[91mpadding-left[33m:[39m[31m[91m10.5px[33m;[39m[31m[91mpadding-right[33m:[39m[31m[91m11.5px[33m;[39m[31m[91mmargin-right[33m:[39m[31m[91m2.5px[33m;[39m[31m[91mcolor[33m:[39m[31m[91m[35m#fff[39m[31m[91m[33m}[39m[31m[91m[33m.btn-outline-warning.disabled,.btn-outline-warning[39m[31m[91m[33m:[39m[31m[91mdisabled[33m{[39m[31m[91mcolor[33m:[39m[31m[91m[35m#a50[39m[31m[91m[33m}[39m[31m[91m[33m.btn-outline-warning[39m[31m[91m[33m:[39m[31m[91m[36mnot[39m[31m[91m[36m(:disabled)[39m[31m[91m[33m:[39m[31m[91m[36mnot[39m[31m[91m[36m(.disabled)[39m[31m[91m[33m.active,.btn-outline-warning[39m[31m[91m[33m:[39m[31m[91m[36mnot[39m[31m[91m[36m(:disabled)[39m[31m[91m[33m:[39m[31m[91m[36mnot[39m[31m[91m[36m(.disabled)[39m[31m[91m[33m:[39m[31m[91mactive,.show>.btn-outline-warning.dropdown-toggle[33m{[39m[31m[91mcolor[33m:[39m[31m[91m[35m#ff5[39m[31m[91m[33m;[39m[31m[91mborder-color[33m:[39m[31m[91m[35m#a50[39m[31m[91m[3[39m[22m[1m[31m3m}[39m[31m[91m[33m.btn-outline-danger[39m[31m[91m[33m{[39m[31m[91mcolor[33m:[39m[31m[91m[35m#f55[39m[31m[91m[33m;[39m[31m[91mborder-color[33m:[39m[31m[91m[35m#f55[39m[31m[91m[33m;[39m[31m[91mbackground[33m:[39m[31m[91m0 0[33m;[39m[31m[91mborder[33m:[39m[31m[91m[33m.875px[39m[31m[91m solid [35m#f55[39m[31m[91m[33m;[39m[31m[91mmargin-top[33m:[39m[31m[91m7px[33m;[39m[31m[91mpadding-top[33m:[39m[31m[91m6.125px[33m;[39m[31m[91mpadding-bottom[33m:[39m[31m[91m7px[33m;[39m[31m[91mmargin-bottom[33m:[39m[31m[91m6.125px[33m;[39m[31m[91mborder-left-width[33m:[39m[31m[91m2px[33m;[39m[31m[91mborder-right-width[33m:[39m[31m[91m2px[33m;[39m[31m[91mmargin-left[33m:[39m[31m[91m3.5px[33m;[39m[31m[91mpadding-left[33m:[39m[31m[91m10.5px[33m;[39m[31m[91mpadding-right[33m:[39m[31m[91m11.5px[33m;[39m[31m[91mmargin-right[33m:[39m[31m[91m2.5px[33m}[39m[31m[91m[33m.btn-outline-danger[39m[31m[91m[33m:[39m[31m[91mhover[33m{[39m[31m[91mborder[33m:[39m[31m[91m[33m.875px[39m[31m[91m solid [35m#a00[39m[31m[91m[33m;[39m[31m[91mmargin-top[33m:[39m[31m[91m7px[33m;[39m[31m[91mpadding-top[33m:[39m[31m[91m6.125px[33m;[39m[31m[91mpadding-bottom[33m:[39m[31m[91m7px[33m;[39m[31m[91mmargin-bottom[33m:[39m[31m[91m6.125px[33m;[39m[31m[91mborder-left-width[33m:[39m[31m[91m2px[33m;[39m[31m[91mborder-right-width[33m:[39m[31m[91m2px[33m;[39m[31m[91mmargin-left[33m:[39m[31m[91m3.5px[33m;[39m[31m[91mpadding-left[33m:[39m[31m[91m10.5px[33m;[39m[31m[91mpadding-right[33m:[39m[31m[91m11.5px[33m;[39m[31m[91mmargin-right[33m:[39m[31m[91m2.5px[33m;[39m[31m[91mcolor[33m:[39m[31m[91m[35m#fff[39m[31m[91m[33m}[39m[31m[91m[33m.btn-outline-danger.disabled,.btn-outline-danger[39m[31m[91m[33m:[39m[31m[91mdisabled[33m{[39m[31m[91mcolor[33m:[39m[31m[91m[35m#a00[39m[31m[91m[33m}[39m[31m[91m[33m.btn-outline-danger[39m[31m[91m[33m:[39m[31m[91m[36mnot[39m[31m[91m[36m(:disabled)[39m[31m[91m[33m:[39m[31m[91m[36mnot[39m[31m[91m[36m(.disabled)[39m[31m[91m[33m.active,.btn-outline-danger[39m[31m[91m[33m:[39m[31m[91m[36mnot[39m[31m[91m[36m(:disabled)[39m[31m[91m[33m:[39m[31m[91m[36mnot[39m[31m[91m[36m(.disabled)[39m[31m[91m[3[39m[22m[1m[31m3m:[39m[31m[91mactive,.show>.btn-outline-danger.dropdown-toggle[33m{[39m[31m[91mcolor[33m:[39m[31m[91m[35m#f55[39m[31m[91m[33m;[39m[31m[91mborder-color[33m:[39m[31m[91m[35m#a00[39m[31m[91m[33m}[39m[31m[91m[33m.btn-outline-light[39m[31m[91m[33m{[39m[31m[91mbackground[33m:[39m[31m[91m0 0[33m;[39m[31m[91mborder[33m:[39m[31m[91m[33m.875px[39m[31m[91m solid[33m;[39m[31m[91mmargin-top[33m:[39m[31m[91m7px[33m;[39m[31m[91mpadding-top[33m:[39m[31m[91m6.125px[33m;[39m[31m[91mpadding-bottom[33m:[39m[31m[91m7px[33m;[39m[31m[91mmargin-bottom[33m:[39m[31m[91m6.125px[33m;[39m[31m[91mborder-left-width[33m:[39m[31m[91m2px[33m;[39m[31m[91mborder-right-width[33m:[39m[31m[91m2px[33m;[39m[31m[91mmargin-left[33m:[39m[31m[91m3.5px[33m;[39m[31m[91mpadding-left[33m:[39m[31m[91m10.5px[33m;[39m[31m[91mpadding-right[33m:[39m[31m[91m11.5px[33m;[39m[31m[91mmargin-right[33m:[39m[31m[91m2.5px[33m}[39m[31m[91m[33m.btn-outline-light[39m[31m[91m[33m:[39m[31m[91mhover[33m{[39m[31m[91mborder[33m:[39m[31m[91m[33m.875px[39m[31m[91m solid [35m#bbb[39m[31m[91m[33m;[39m[31m[91mmargin-top[33m:[39m[31m[91m7px[33m;[39m[31m[91mpadding-top[33m:[39m[31m[91m6.125px[33m;[39m[31m[91mpadding-bottom[33m:[39m[31m[91m7px[33m;[39m[31m[91mmargin-bottom[33m:[39m[31m[91m6.125px[33m;[39m[31m[91mborder-left-width[33m:[39m[31m[91m2px[33m;[39m[31m[91mborder-right-width[33m:[39m[31m[91m2px[33m;[39m[31m[91mmargin-left[33m:[39m[31m[91m3.5px[33m;[39m[31m[91mpadding-left[33m:[39m[31m[91m10.5px[33m;[39m[31m[91mpadding-right[33m:[39m[31m[91m11.5px[33m;[39m[31m[91mmargin-right[33m:[39m[31m[91m2.5px[33m;[39m[31m[91mcolor[33m:[39m[31m[91m[35m#fff[39m[31m[91m[33m}[39m[31m[91m[33m.btn-outline-light.disabled,.btn-outline-light[39m[31m[91m[33m:[39m[31m[91mdisabled[33m{[39m[31m[91mcolor[33m:[39m[31m[91m[35m#fff[39m[31m[91m[33m}[39m[31m[91m[33m.btn-outline-light[39m[31m[91m[33m:[39m[31m[91m[36mnot[39m[31m[91m[36m(:disabled)[39m[31m[91m[33m:[39m[31m[91m[36mnot[39m[31m[91m[36m(.disabled)[39m[31m[91m[33m.active,.btn-outline-light[39m[31m[91m[33m:[39m[31m[91m[36mnot[39m[31m[91m[36m(:disabled)[39m[31m[91m[33m:[39m[31m[91m[36mnot[39m[22m[1m[31m[39m[91m[36m(.disabled)[39m[31m[91m[33m:[39m[31m[91mactive,.show>.btn-outline-light.dropdown-toggle[33m{[39m[31m[91mborder-color[33m:[39m[31m[91m[35m#fff[39m[31m[91m[33m}[39m[31m[91m[33m.btn-outline-dark[39m[31m[91m[33m{[39m[31m[91mcolor[33m:[39m[31m[91m[35m#555[39m[31m[91m[33m;[39m[31m[91mborder-color[33m:[39m[31m[91m[35m#555[39m[31m[91m[33m;[39m[31m[91mbackground[33m:[39m[31m[91m0 0[33m;[39m[31m[91mborder[33m:[39m[31m[91m[33m.875px[39m[31m[91m solid [35m#555[39m[31m[91m[33m;[39m[31m[91mmargin-top[33m:[39m[31m[91m7px[33m;[39m[31m[91mpadding-top[33m:[39m[31m[91m6.125px[33m;[39m[31m[91mpadding-bottom[33m:[39m[31m[91m7px[33m;[39m[31m[91mmargin-bottom[33m:[39m[31m[91m6.125px[33m;[39m[31m[91mborder-left-width[33m:[39m[31m[91m2px[33m;[39m[31m[91mborder-right-width[33m:[39m[31m[91m2px[33m;[39m[31m[91mmargin-left[33m:[39m[31m[91m3.5px[33m;[39m[31m[91mpadding-left[33m:[39m[31m[91m10.5px[33m;[39m[31m[91mpadding-right[33m:[39m[31m[91m11.5px[33m;[39m[31m[91mmargin-right[33m:[39m[31m[91m2.5px[33m}[39m[31m[91m[33m.btn-outline-dark[39m[31m[91m[33m:[39m[31m[91mhover[33m{[39m[31m[91mborder[33m:[39m[31m[91m[33m.875px[39m[31m[91m solid [35m#000[39m[31m[91m[33m;[39m[31m[91mmargin-top[33m:[39m[31m[91m7px[33m;[39m[31m[91mpadding-top[33m:[39m[31m[91m6.125px[33m;[39m[31m[91mpadding-bottom[33m:[39m[31m[91m7px[33m;[39m[31m[91mmargin-bottom[33m:[39m[31m[91m6.125px[33m;[39m[31m[91mborder-left-width[33m:[39m[31m[91m2px[33m;[39m[31m[91mborder-right-width[33m:[39m[31m[91m2px[33m;[39m[31m[91mmargin-left[33m:[39m[31m[91m3.5px[33m;[39m[31m[91mpadding-left[33m:[39m[31m[91m10.5px[33m;[39m[31m[91mpadding-right[33m:[39m[31m[91m11.5px[33m;[39m[31m[91mmargin-right[33m:[39m[31m[91m2.5px[33m;[39m[31m[91mcolor[33m:[39m[31m[91m[35m#fff[39m[31m[91m[33m}[39m[31m[91m[33m.btn-outline-dark.disabled,.btn-outline-dark[39m[31m[91m[33m:[39m[31m[91mdisabled[33m{[39m[31m[91mcolor[33m:[39m[31m[91m[35m#000[39m[31m[91m[33m}[39m[31m[91m[33m.btn-outline-dark[39m[31m[91m[33m:[39m[31m[91m[36mnot[39m[31m[91m[36m(:disabled)[39m[31m[91m[33m:[39m[31m[91m[36mnot[39m[31m[91m[36m(.disabled)[39m[31m[91m[33m.activ[39m[22m[1m[31me,.btn-outline-dark[39m[31m[91m[33m:[39m[31m[91m[36mnot[39m[31m[91m[36m(:disabled)[39m[31m[91m[33m:[39m[31m[91m[36mnot[39m[31m[91m[36m(.disabled)[39m[31m[91m[33m:[39m[31m[91mactive,.show>.btn-outline-dark.dropdown-toggle[33m{[39m[31m[91mcolor[33m:[39m[31m[91m[35m#555[39m[31m[91m[33m;[39m[31m[91mborder-color[33m:[39m[31m[91m[35m#000[39m[31m[91m[33m}[39m[31m[91m[33m.btn-link[39m[31m[91m[33m{[39m[31m[91mfont-weight[33m:[39m[31m[91m400[33m;[39m[31m[91mcolor[33m:[39m[31m[91m[35m#ff5[39m[31m[91m[33m;[39m[31m[91mbackground[33m:[39m[31m[91m0 0[33m}[39m[31m[91m[33m.btn-link[39m[31m[91m[33m:[39m[31m[91mhover[33m{[39m[31m[91mcolor[33m:[39m[31m[91m[35m#bbb[39m[31m[91m[33m;[39m[31m[91mbackground-color[33m:[39m[31m[91m[35m#000[39m[31m[91m[33m}[39m[31m[91m[33m.btn-link[39m[31m[91m[33m:[39m[31m[91mafter,.btn-link[33m:[39m[31m[91mbefore[33m{[39m[31m[91mcontent[33m:[39m[31m[91m[32m'_'[39m[31m[91m[33m}[39m[31m[91m[33m.btn-link.disabled,.btn-link[39m[31m[91m[33m:[39m[31m[91mdisabled[33m{[39m[31m[91mcolor[33m:[39m[31m[91m[35m#555[39m[31m[91m[33m;[39m[31m[91mpointer-events[33m:[39m[31m[91mnone[33m}[39m[31m[91m[33m.btn-group-sm>.btn,.btn-sm[39m[31m[91m[33m{[39m[31m[91mborder[33m:[39m[31m[91m0[33m;[39m[31m[91mpadding[33m:[39m[31m[91m0[33m;[39m[31m[91mbox-shadow[33m:[39m[31m[91mnone[33m;[39m[31m[91mmargin-left[33m:[39m[31m[91m0[33m}[39m[31m[91m[33m.btn-group-sm>.btn[39m[31m[91m[33m:[39m[31m[91mbefore,.btn-sm[33m:[39m[31m[91mbefore[33m{[39m[31m[91mcontent[33m:[39m[31m[91m[32m'<'[39m[31m[91m[33m}[39m[31m[91m[33m.btn-group-sm>.btn[39m[31m[91m[33m:[39m[31m[91mafter,.btn-sm[33m:[39m[31m[91mafter[33m{[39m[31m[91mcontent[33m:[39m[31m[91m[32m'>'[39m[31m[91m[33m}[39m[31m[91m[33m.btn-block[39m[31m[91m[33m{[39m[31m[91mdisplay[33m:[39m[31m[91mblock[33m;[39m[31m[91mwidth[33m:[39m[31m[91m[36mcalc[39m[31m[91m[36m(100% - 6px)[39m[31m[91m[33m}[39m[31m[91m[33m.btn-block+.btn-block[39m[31m[91m[33m{[39m[31m[91mmargin-top[33m:[39m[31m[91m0[33m}[39m[31m[91minput[33m[[39m[31m[91mtype=button[33m][39m[31m[91m[33m.btn-block,input[39m[31m[91m[33m[[39m[31m[91mtype=reset[33m][39m[31m[91m[33m.btn-block,inpu[39m[22m[1m[31mt[39m[31m[91m[33m[[39m[31m[91mtype=submit[33m][39m[31m[91m[33m.btn-block[39m[31m[91m[33m{[39m[31m[91mwidth[33m:[39m[31m[91m[36mcalc[39m[31m[91m[36m(100% - 6px)[39m[31m[91m[33m}[39m[31m[91m[33m.dropdown,.dropleft,.dropright,.dropup[39m[31m[91m[33m{[39m[31m[91mposition[33m:[39m[31m[91mrelative[33m}[39m[31m[91m[33m.dropdown-toggle[39m[31m[91m[33m{[39m[31m[91mwhite-space[33m:[39m[31m[91mnowrap[33m;[39m[31m[91mpadding[33m:[39m[31m[91m0 8px[33m}[39m[31m[91m[33m.dropdown-toggle[39m[31m[91m[33m:[39m[31m[91m[33m:[39m[31m[91mafter[33m{[39m[31m[91mdisplay[33m:[39m[31m[91minline-block[33m;[39m[31m[91mcontent[33m:[39m[31m[91m[32m"\25bc"[39m[31m[91m[33m}[39m[31m[91m[33m.dropdown-toggle[39m[31m[91m[33m:[39m[31m[91mempty[33m:[39m[31m[91m[33m:[39m[31m[91mafter[33m{[39m[31m[91mmargin-left[33m:[39m[31m[91m0[33m}[39m[31m[91m[33m.dropdown-menu[39m[31m[91m[33m{[39m[31m[91mposition[33m:[39m[31m[91mabsolute[33m;[39m[31m[91mtop[33m:[39m[31m[91m100%[33m;[39m[31m[91mleft[33m:[39m[31m[91m0[33m;[39m[31m[91mz-index[33m:[39m[31m[91m1000[33m;[39m[31m[91mdisplay[33m:[39m[31m[91mnone[33m;[39m[31m[91mfloat[33m:[39m[31m[91mleft[33m;[39m[31m[91mmin-width[33m:[39m[31m[91m0[33m;[39m[31m[91mpadding[33m:[39m[31m[91m0 0[33m;[39m[31m[91mmargin[33m:[39m[31m[91m0 0 0[33m;[39m[31m[91mcolor[33m:[39m[31m[91m[35m#000[39m[31m[91m[33m;[39m[31m[91mtext-align[33m:[39m[31m[91mleft[33m;[39m[31m[91mlist-style[33m:[39m[31m[91mnone[33m;[39m[31m[91mbackground-color[33m:[39m[31m[91m[35m#bbb[39m[31m[91m[33m;[39m[31m[91mbackground-clip[33m:[39m[31m[91mpadding-box[33m;[39m[31m[91mborder[33m:[39m[31m[91m[33m.875px[39m[31m[91m solid [35m#000[39m[31m[91m[33m;[39m[31m[91mmargin-top[33m:[39m[31m[91m7px[33m;[39m[31m[91mpadding-top[33m:[39m[31m[91m6.125px[33m;[39m[31m[91mpadding-bottom[33m:[39m[31m[91m7px[33m;[39m[31m[91mmargin-bottom[33m:[39m[31m[91m6.125px[33m;[39m[31m[91mborder-left-width[33m:[39m[31m[91m2px[33m;[39m[31m[91mborder-right-width[33m:[39m[31m[91m2px[33m;[39m[31m[91mmargin-left[33m:[39m[31m[91m3.5px[33m;[39m[31m[91mpadding-left[33m:[39m[31m[91m2.5px[33m;[39m[31m[91mpadding-right[33m:[39m[31m[91m3.5px[33m;[39m[22m[1m[31m[39m[91mmargin-right[33m:[39m[31m[91m2.5px[33m;[39m[31m[91mbox-shadow[33m:[39m[31m[91m-3.5px -7px 0 0 [35m#bbb,2.5px[39m[31m[91m 6.125px 0 0 [35m#bbb,-3.5px[39m[31m[91m 6.125px 0 0 [35m#bbb,2.5px[39m[31m[91m -7px 0 0 [35m#bbb[39m[31m[91m[33m;[39m[31m[91m-webkit-filter[33m:[39m[31m[91m[36mdrop-shadow[39m[31m[91m[36m(7px 8px 0 #000)[39m[31m[91m[33m;[39m[31m[91mfilter[33m:[39m[31m[91m[36mdrop-shadow[39m[31m[91m[36m(7px 8px 0 #000)[39m[31m[91m[33m;[39m[31m[91mmargin-right[33m:[39m[31m[91m10.5px[33m}[39m[31m[91m[33m.dropdown-menu[39m[31m[91m a[33m:[39m[31m[91m[33m:[39m[31m[91mfirst-letter[33m{[39m[31m[91mcolor[33m:[39m[31m[91m[35m#fff[39m[31m[91m[33m}[39m[31m[91m[33m.dropdown-menu[39m[31m[91m a[33m:[39m[31m[91mhover[33m:[39m[31m[91m[33m:[39m[31m[91mfirst-letter[33m{[39m[31m[91mcolor[33m:[39m[31m[91m[35m#000[39m[31m[91m[33m;[39m[31m[91mbackground[33m:[39m[31m[91m[35m#fff[39m[31m[91m[33m}[39m[31m[91m[33m.dropdown-menu-left[39m[31m[91m[33m{[39m[31m[91mright[33m:[39m[31m[91mauto[33m;[39m[31m[91mleft[33m:[39m[31m[91m0[33m}[39m[31m[91m[33m.dropdown-menu-right[39m[31m[91m[33m{[39m[31m[91mright[33m:[39m[31m[91m0[33m;[39m[31m[91mleft[33m:[39m[31m[91mauto[33m}[39m[31m[91m[36m@media[39m[31m[91m[36m [39m[31m[91m[36m(min-width:576px)[39m[31m[91m[33m{[39m[31m[91m[33m.dropdown-menu-sm-left[39m[31m[91m[33m{[39m[31m[91mright[33m:[39m[31m[91mauto[33m;[39m[31m[91mleft[33m:[39m[31m[91m0[33m}[39m[31m[91m[33m.dropdown-menu-sm-right[39m[31m[91m[33m{[39m[31m[91mright[33m:[39m[31m[91m0[33m;[39m[31m[91mleft[33m:[39m[31m[91mauto[33m}[39m[31m[91m[33m}[39m[31m[91m[36m@media[39m[31m[91m[36m [39m[31m[91m[36m(min-width:768px)[39m[31m[91m[33m{[39m[31m[91m[33m.dropdown-menu-md-left[39m[31m[91m[33m{[39m[31m[91mright[33m:[39m[31m[91mauto[33m;[39m[31m[91mleft[33m:[39m[31m[91m0[33m}[39m[31m[91m[33m.dropdown-menu-md-right[39m[31m[91m[33m{[39m[31m[91mright[33m:[39m[31m[91m0[33m;[39m[31m[91mleft[33m:[39m[31m[91mauto[33m}[39m[31m[91m[33m}[39m[31m[91m[36m@media[39m[31m[91m[36m [39m[31m[91m[36m(min-width:960px)[39m[31m[91m[33m{[39m[31m[91m[33m.dropdown-menu-lg-left[39m[31m[91m[33m{[39m[31m[91mright[39m[22m[1m[31m[33m:[39m[31m[91mauto[33m;[39m[31m[91mleft[33m:[39m[31m[91m0[33m}[39m[31m[91m[33m.dropdown-menu-lg-right[39m[31m[91m[33m{[39m[31m[91mright[33m:[39m[31m[91m0[33m;[39m[31m[91mleft[33m:[39m[31m[91mauto[33m}[39m[31m[91m[33m}[39m[31m[91m[36m@media[39m[31m[91m[36m [39m[31m[91m[36m(min-width:1152px)[39m[31m[91m[33m{[39m[31m[91m[33m.dropdown-menu-xl-left[39m[31m[91m[33m{[39m[31m[91mright[33m:[39m[31m[91mauto[33m;[39m[31m[91mleft[33m:[39m[31m[91m0[33m}[39m[31m[91m[33m.dropdown-menu-xl-right[39m[31m[91m[33m{[39m[31m[91mright[33m:[39m[31m[91m0[33m;[39m[31m[91mleft[33m:[39m[31m[91mauto[33m}[39m[31m[91m[33m}[39m[31m[91m[33m.dropup[39m[31m[91m [33m.dropdown-menu[39m[31m[91m[33m{[39m[31m[91mtop[33m:[39m[31m[91mauto[33m;[39m[31m[91mbottom[33m:[39m[31m[91m100%[33m;[39m[31m[91mmargin-top[33m:[39m[31m[91m0[33m;[39m[31m[91mmargin-bottom[33m:[39m[31m[91m0[33m}[39m[31m[91m[33m.dropup[39m[31m[91m [33m.dropdown-toggle[39m[31m[91m[33m{[39m[31m[91mpadding[33m:[39m[31m[91m0 8px[33m}[39m[31m[91m[33m.dropup[39m[31m[91m [33m.dropdown-toggle[39m[31m[91m[33m:[39m[31m[91m[33m:[39m[31m[91mafter[33m{[39m[31m[91mdisplay[33m:[39m[31m[91minline-block[33m;[39m[31m[91mcontent[33m:[39m[31m[91m[32m"\25b2"[39m[31m[91m[33m}[39m[31m[91m[33m.dropup[39m[31m[91m [33m.dropdown-toggle[39m[31m[91m[33m:[39m[31m[91mempty[33m:[39m[31m[91m[33m:[39m[31m[91mafter[33m{[39m[31m[91mmargin-left[33m:[39m[31m[91m0[33m}[39m[31m[91m[33m.dropright[39m[31m[91m [33m.dropdown-menu[39m[31m[91m[33m{[39m[31m[91mtop[33m:[39m[31m[91m0[33m;[39m[31m[91mright[33m:[39m[31m[91mauto[33m;[39m[31m[91mleft[33m:[39m[31m[91m100%[33m;[39m[31m[91mmargin-top[33m:[39m[31m[91m0[33m;[39m[31m[91mmargin-left[33m:[39m[31m[91m0[33m}[39m[31m[91m[33m.dropright[39m[31m[91m [33m.dropdown-toggle[39m[31m[91m[33m{[39m[31m[91mbackground[33m:[39m[31m[91m[36murl[39m[31m[91m[36m(../fonts/arrow-down.svg)[39m[31m[91m 3px 3.6px/4.87px no-repeat [33m.dropright[39m[31m[91m [33m.dropdown-toggle[39m[31m[91m[33m}[39m[31m[91m[33m.dropright[39m[31m[91m [33m.dropdown-toggle[39m[31m[91m [33m:[39m[31m[91m[33m:[39m[31m[91mafter[33m{[39m[31m[91mvertical-align[33m:[39m[31m[9[39m[22m[1m[31m1m0[33m}[39m[31m[91m[33m.dropleft[39m[31m[91m [33m.dropdown-menu[39m[31m[91m[33m{[39m[31m[91mtop[33m:[39m[31m[91m0[33m;[39m[31m[91mright[33m:[39m[31m[91m100%[33m;[39m[31m[91mleft[33m:[39m[31m[91mauto[33m;[39m[31m[91mmargin-top[33m:[39m[31m[91m0[33m;[39m[31m[91mmargin-right[33m:[39m[31m[91m0[33m}[39m[31m[91m[33m.dropleft[39m[31m[91m [33m.dropdown-toggle[39m[31m[91m[33m{[39m[31m[91mpadding[33m:[39m[31m[91m0 8px[33m}[39m[31m[91m[33m.dropleft[39m[31m[91m [33m.dropdown-toggle[39m[31m[91m[33m:[39m[31m[91m[33m:[39m[31m[91mafter[33m{[39m[31m[91mdisplay[33m:[39m[31m[91minline-block[33m}[39m[31m[91m[33m.dropleft[39m[31m[91m [33m.dropdown-toggle[39m[31m[91m[33m:[39m[31m[91m[33m:[39m[31m[91mafter[33m{[39m[31m[91mdisplay[33m:[39m[31m[91mnone[33m}[39m[31m[91m[33m.dropleft[39m[31m[91m [33m.dropdown-toggle[39m[31m[91m[33m:[39m[31m[91m[33m:[39m[31m[91mbefore[33m{[39m[31m[91mdisplay[33m:[39m[31m[91minline-block[33m;[39m[31m[91mmargin-right[33m:[39m[31m[91m8px[33m;[39m[31m[91mcontent[33m:[39m[31m[91m[32m"\25c4"[39m[31m[91m[33m}[39m[31m[91m[33m.dropleft[39m[31m[91m [33m.dropdown-toggle[39m[31m[91m[33m:[39m[31m[91mempty[33m:[39m[31m[91m[33m:[39m[31m[91mafter[33m{[39m[31m[91mmargin-left[33m:[39m[31m[91m0[33m}[39m[31m[91m[33m.dropleft[39m[31m[91m [33m.dropdown-toggle[39m[31m[91m[33m:[39m[31m[91m[33m:[39m[31m[91mbefore[33m{[39m[31m[91mvertical-align[33m:[39m[31m[91m0[33m}[39m[31m[91m[33m.dropdown-menu[39m[31m[91m[33m[[39m[31m[91mx-placement^=bottom[33m][39m[31m[91m,.dropdown-menu[33m[[39m[31m[91mx-placement^=left[33m][39m[31m[91m,.dropdown-menu[33m[[39m[31m[91mx-placement^=right[33m][39m[31m[91m,.dropdown-menu[33m[[39m[31m[91mx-placement^=top[33m][39m[31m[91m[33m{[39m[31m[91mright[33m:[39m[31m[91mauto[33m;[39m[31m[91mbottom[33m:[39m[31m[91mauto[33m}[39m[31m[91m[33m.dropdown-divider[39m[31m[91m[33m{[39m[31m[91mheight[33m:[39m[31m[91m0[33m;[39m[31m[91mmargin[33m:[39m[31m[91m6px -3px 7px -2.5px[33m;[39m[31m[91moverflow[33m:[39m[31m[91mhidden[33m;[39m[31m[91mborder-top[33m:[39m[31m[91m1px solid [35m#000[39m[31m[91m[33m}[39m[31m[91m[33m.dropdown-item[39m[31m[91m[33m{[39m[31m[91md[39m[22m[1m[31misplay[33m:[39m[31m[91mblock[33m;[39m[31m[91mwidth[33m:[39m[31m[91m100%[33m;[39m[31m[91mpadding[33m:[39m[31m[91m0 8px[33m;[39m[31m[91mclear[33m:[39m[31m[91mboth[33m;[39m[31m[91mfont-weight[33m:[39m[31m[91m400[33m;[39m[31m[91mcolor[33m:[39m[31m[91m[35m#000[39m[31m[91m[33m;[39m[31m[91mtext-align[33m:[39m[31m[91minherit[33m;[39m[31m[91mwhite-space[33m:[39m[31m[91mnowrap[33m;[39m[31m[91mbackground-color[33m:[39m[31m[91mtransparent[33m;[39m[31m[91mborder[33m:[39m[31m[91m0[33m}[39m[31m[91m[33m.dropdown-item[39m[31m[91m[33m:[39m[31m[91mfocus,.dropdown-item[33m:[39m[31m[91mhover[33m{[39m[31m[91mtext-decoration[33m:[39m[31m[91mnone[33m}[39m[31m[91m[33m.dropdown-item.disabled,.dropdown-item[39m[31m[91m[33m:[39m[31m[91mdisabled[33m{[39m[31m[91mcolor[33m:[39m[31m[91m[35m#555[39m[31m[91m[33m;[39m[31m[91mpointer-events[33m:[39m[31m[91mnone[33m;[39m[31m[91mbackground-color[33m:[39m[31m[91mtransparent[33m}[39m[31m[91m[33m.dropdown-menu.show[39m[31m[91m[33m{[39m[31m[91mdisplay[33m:[39m[31m[91mblock[33m}[39m[31m[91m[33m.dropdown-header[39m[31m[91m[33m{[39m[31m[91mdisplay[33m:[39m[31m[91mblock[33m;[39m[31m[91mpadding[33m:[39m[31m[91m0 8px[33m;[39m[31m[91mmargin-bottom[33m:[39m[31m[91m0[33m;[39m[31m[91mcolor[33m:[39m[31m[91m[35m#bbb[39m[31m[91m[33m;[39m[31m[91mwhite-space[33m:[39m[31m[91mnowrap[33m}[39m[31m[91m[33m.dropdown-item-text[39m[31m[91m[33m{[39m[31m[91mdisplay[33m:[39m[31m[91mblock[33m;[39m[31m[91mpadding[33m:[39m[31m[91m0 8px[33m;[39m[31m[91mcolor[33m:[39m[31m[91m[35m#000[39m[31m[91m[33m}[39m[31m[91m[33m.btn-group,.btn-group-vertical[39m[31m[91m[33m{[39m[31m[91mposition[33m:[39m[31m[91mrelative[33m;[39m[31m[91mmargin[33m:[39m[31m[91m0[33m;[39m[31m[91mdisplay[33m:[39m[31m[91m-ms-inline-flexbox[33m;[39m[31m[91mdisplay[33m:[39m[31m[91minline-flex[33m}[39m[31m[91m[33m.btn-group-vertical>.btn,.btn-group>.btn[39m[31m[91m[33m{[39m[31m[91mposition[33m:[39m[31m[91mrelative[33m;[39m[31m[91m-ms-flex[33m:[39m[31m[91m1 1 auto[33m;[39m[31m[91mflex[33m:[39m[31m[91m1 1 auto[33m}[39m[31m[91m[33m.btn-group-vertical>.btn[39m[31m[91m[33m:[39m[31m[91mhover,.btn-group>.btn[33m:[39m[22m[1m[31m[39m[31m[91mhover[33m{[39m[31m[91mz-index[33m:[39m[31m[91m1[33m}[39m[31m[91m[33m.btn-group-vertical>.btn[39m[31m[91m[33m:[39m[31m[91m[36mnot[39m[31m[91m[36m(.dropdown-toggle)[39m[31m[91m[33m:[39m[31m[91mafter,.btn-group>.btn[33m:[39m[31m[91m[36mnot[39m[31m[91m[36m(.dropdown-toggle)[39m[31m[91m[33m:[39m[31m[91mafter[33m{[39m[31m[91mcontent[33m:[39m[31m[91m[32m""[39m[31m[91m[33m}[39m[31m[91m[33m.btn-group-vertical>.btn[39m[31m[91m[33m:[39m[31m[91mbefore,.btn-group>.btn[33m:[39m[31m[91mbefore[33m{[39m[31m[91mcontent[33m:[39m[31m[91m[32m""[39m[31m[91m[33m}[39m[31m[91m[33m.btn-group-vertical>.btn.active,.btn-group-vertical>.btn[39m[31m[91m[33m:[39m[31m[91mactive,.btn-group-vertical>.btn[33m:[39m[31m[91mfocus,.btn-group>.btn.active,.btn-group>.btn[33m:[39m[31m[91mactive,.btn-group>.btn[33m:[39m[31m[91mfocus[33m{[39m[31m[91mz-index[33m:[39m[31m[91m1[33m}[39m[31m[91m[33m.btn-toolbar[39m[31m[91m[33m{[39m[31m[91mdisplay[33m:[39m[31m[91m-ms-flexbox[33m;[39m[31m[91mdisplay[33m:[39m[31m[91mflex[33m;[39m[31m[91m-ms-flex-wrap[33m:[39m[31m[91mwrap[33m;[39m[31m[91mflex-wrap[33m:[39m[31m[91mwrap[33m;[39m[31m[91m-ms-flex-pack[33m:[39m[31m[91mstart[33m;[39m[31m[91mjustify-content[33m:[39m[31m[91mflex-start[33m}[39m[31m[91m[33m.btn-toolbar[39m[31m[91m [33m.input-group[39m[31m[91m[33m{[39m[31m[91mwidth[33m:[39m[31m[91mauto[33m}[39m[31m[91m[33m.dropdown-toggle-split[39m[31m[91m[33m{[39m[31m[91mpadding-right[33m:[39m[31m[91m0[33m;[39m[31m[91mpadding-left[33m:[39m[31m[91m0[33m}[39m[31m[91m[33m.dropdown-toggle-split[39m[31m[91m[33m:[39m[31m[91m[33m:[39m[31m[91mafter,.dropright [33m.dropdown-toggle-split[39m[31m[91m[33m:[39m[31m[91m[33m:[39m[31m[91mafter,.dropup [33m.dropdown-toggle-split[39m[31m[91m[33m:[39m[31m[91m[33m:[39m[31m[91mafter[33m{[39m[31m[91mmargin-left[33m:[39m[31m[91m0[33m}[39m[31m[91m[33m.dropleft[39m[31m[91m [33m.dropdown-toggle-split[39m[31m[91m[33m:[39m[31m[91m[33m:[39m[31m[91mbefore[33m{[39m[31m[91mmargin-right[33m:[39m[31m[91m0[33m}[39m[31m[91m[33m.btn-group-sm>.btn+.dropdown-toggle-split,.btn-sm+.dropdown-toggle-split[39m[31m[91m[33m{[39m[31m[91mpa[39m[22m[1m[31mdding-right[33m:[39m[31m[91m0[33m;[39m[31m[91mpadding-left[33m:[39m[31m[91m0[33m}[39m[31m[91m[33m.btn-group-lg>.btn+.dropdown-toggle-split,.btn-lg+.dropdown-toggle-split[39m[31m[91m[33m{[39m[31m[91mpadding-right[33m:[39m[31m[91m0[33m;[39m[31m[91mpadding-left[33m:[39m[31m[91m0[33m}[39m[31m[91m[33m.btn-group-vertical[39m[31m[91m[33m{[39m[31m[91m-ms-flex-direction[33m:[39m[31m[91mcolumn[33m;[39m[31m[91mflex-direction[33m:[39m[31m[91mcolumn[33m;[39m[31m[91m-ms-flex-align[33m:[39m[31m[91mstart[33m;[39m[31m[91malign-items[33m:[39m[31m[91mflex-start[33m;[39m[31m[91m-ms-flex-pack[33m:[39m[31m[91mcenter[33m;[39m[31m[91mjustify-content[33m:[39m[31m[91mcenter[33m}[39m[31m[91m[33m.btn-group-vertical>.btn,.btn-group-vertical>.btn-group[39m[31m[91m[33m{[39m[31m[91mwidth[33m:[39m[31m[91m100%[33m}[39m[31m[91m[33m.btn-group-toggle>.btn,.btn-group-toggle>.btn-group>.btn[39m[31m[91m[33m{[39m[31m[91mmargin-bottom[33m:[39m[31m[91m0[33m}[39m[31m[91m[33m.btn-group-toggle>.btn[39m[31m[91m input[33m[[39m[31m[91mtype=checkbox[33m][39m[31m[91m,.btn-group-toggle>.btn input[33m[[39m[31m[91mtype=radio[33m][39m[31m[91m,.btn-group-toggle>.btn-group>.btn input[33m[[39m[31m[91mtype=checkbox[33m][39m[31m[91m,.btn-group-toggle>.btn-group>.btn input[33m[[39m[31m[91mtype=radio[33m][39m[31m[91m[33m{[39m[31m[91mposition[33m:[39m[31m[91mabsolute[33m;[39m[31m[91mclip[33m:[39m[31m[91m[36mrect[39m[31m[91m[36m(0,0,0,0)[39m[31m[91m[33m;[39m[31m[91mpointer-events[33m:[39m[31m[91mnone[33m}[39m[31m[91m[33m.input-group[39m[31m[91m[33m{[39m[31m[91mposition[33m:[39m[31m[91mrelative[33m;[39m[31m[91mdisplay[33m:[39m[31m[91m-ms-flexbox[33m;[39m[31m[91mdisplay[33m:[39m[31m[91mflex[33m;[39m[31m[91m-ms-flex-wrap[33m:[39m[31m[91mwrap[33m;[39m[31m[91mflex-wrap[33m:[39m[31m[91mwrap[33m;[39m[31m[91m-ms-flex-align[33m:[39m[31m[91mstretch[33m;[39m[31m[91malign-items[33m:[39m[31m[91mstretch[33m;[39m[31m[91mwidth[33m:[39m[31m[91m100%[33m}[39m[31m[91m[33m.input-group>.custom-file,.input-group>.custom-select,.input-group>.form-control,.input-group>.form-control-plaintext[39m[31m[91m[33m{[39m[31m[91mpo[39m[22m[1m[31msition[33m:[39m[31m[91mrelative[33m;[39m[31m[91m-ms-flex[33m:[39m[31m[91m1 1 0%[33m;[39m[31m[91mflex[33m:[39m[31m[91m1 1 0%[33m;[39m[31m[91mmin-width[33m:[39m[31m[91m0[33m;[39m[31m[91mmargin-bottom[33m:[39m[31m[91m0[33m}[39m[31m[91m[33m.input-group>.custom-file+.custom-file,.input-group>.custom-file+.custom-select,.input-group>.custom-file+.form-control,.input-group>.custom-select+.custom-file,.input-group>.custom-select+.custom-select,.input-group>.custom-select+.form-control,.input-group>.form-control+.custom-file,.input-group>.form-control+.custom-select,.input-group>.form-control+.form-control,.input-group>.form-control-plaintext+.custom-file,.input-group>.form-control-plaintext+.custom-select,.input-group>.form-control-plaintext+.form-control[39m[31m[91m[33m{[39m[31m[91mmargin-left[33m:[39m[31m[91m0[33m}[39m[31m[91m[33m.input-group>.custom-file[39m[31m[91m [33m.custom-file-input[39m[31m[91m[33m:[39m[31m[91mfocus~.custom-file-label,.input-group>.custom-select[33m:[39m[31m[91mfocus,.input-group>.form-control[33m:[39m[31m[91mfocus[33m{[39m[31m[91mz-index[33m:[39m[31m[91m3[33m}[39m[31m[91m[33m.input-group>.custom-file[39m[31m[91m [33m.custom-file-input[39m[31m[91m[33m:[39m[31m[91mfocus[33m{[39m[31m[91mz-index[33m:[39m[31m[91m4[33m}[39m[31m[91m[33m.input-group>.custom-file[39m[31m[91m[33m{[39m[31m[91mdisplay[33m:[39m[31m[91m-ms-flexbox[33m;[39m[31m[91mdisplay[33m:[39m[31m[91mflex[33m;[39m[31m[91m-ms-flex-align[33m:[39m[31m[91mcenter[33m;[39m[31m[91malign-items[33m:[39m[31m[91mcenter[33m}[39m[31m[91m[33m.input-group-append,.input-group-prepend[39m[31m[91m[33m{[39m[31m[91mdisplay[33m:[39m[31m[91m-ms-flexbox[33m;[39m[31m[91mdisplay[33m:[39m[31m[91mflex[33m}[39m[31m[91m[33m.input-group-append[39m[31m[91m [33m.btn,.input-group-prepend[39m[31m[91m [33m.btn[39m[31m[91m[33m{[39m[31m[91mposition[33m:[39m[31m[91mrelative[33m;[39m[31m[91mz-index[33m:[39m[31m[91m2[33m}[39m[31m[91m[33m.input-group-append[39m[31m[91m [33m.btn[39m[31m[91m[33m:[39m[31m[91mfocus,.input-group-prepend [33m.btn[39m[31m[91m[33m:[39m[31m[91mfocus[33m{[39m[31m[9[39m[22m[1m[31m1mz-index[33m:[39m[31m[91m3[33m}[39m[31m[91m[33m.input-group-append[39m[31m[91m [33m.btn+.btn,.input-group-append[39m[31m[91m [33m.btn+.input-group-text,.input-group-append[39m[31m[91m [33m.input-group-text+.btn,.input-group-append[39m[31m[91m [33m.input-group-text+.input-group-text,.input-group-prepend[39m[31m[91m [33m.btn+.btn,.input-group-prepend[39m[31m[91m [33m.btn+.input-group-text,.input-group-prepend[39m[31m[91m [33m.input-group-text+.btn,.input-group-prepend[39m[31m[91m [33m.input-group-text+.input-group-text[39m[31m[91m[33m{[39m[31m[91mmargin-left[33m:[39m[31m[91m0[33m}[39m[31m[91m[33m.input-group-prepend[39m[31m[91m[33m{[39m[31m[91mmargin-right[33m:[39m[31m[91m0[33m}[39m[31m[91m[33m.input-group-append[39m[31m[91m[33m{[39m[31m[91mmargin-left[33m:[39m[31m[91m0[33m}[39m[31m[91m[33m.input-group-text[39m[31m[91m[33m{[39m[31m[91mdisplay[33m:[39m[31m[91m-ms-flexbox[33m;[39m[31m[91mdisplay[33m:[39m[31m[91mflex[33m;[39m[31m[91m-ms-flex-align[33m:[39m[31m[91mcenter[33m;[39m[31m[91malign-items[33m:[39m[31m[91mcenter[33m;[39m[31m[91mpadding[33m:[39m[31m[91m0 0[33m;[39m[31m[91mmargin-bottom[33m:[39m[31m[91m0[33m;[39m[31m[91mfont-size[33m:[39m[31m[91m16px[33m;[39m[31m[91mfont-weight[33m:[39m[31m[91m400[33m;[39m[31m[91mline-height[33m:[39m[31m[91m14px[33m;[39m[31m[91mcolor[33m:[39m[31m[91m[35m#fff[39m[31m[91m[33m;[39m[31m[91mtext-align[33m:[39m[31m[91mcenter[33m;[39m[31m[91mwhite-space[33m:[39m[31m[91mnowrap[33m;[39m[31m[91mbackground-color[33m:[39m[31m[91m[35m#555[39m[31m[91m[33m;[39m[31m[91mborder[33m:[39m[31m[91m0 solid [35m#555[39m[31m[91m[33m}[39m[31m[91m[33m.input-group-text[39m[31m[91m input[33m[[39m[31m[91mtype=checkbox[33m][39m[31m[91m,.input-group-text input[33m[[39m[31m[91mtype=radio[33m][39m[31m[91m[33m{[39m[31m[91mmargin-top[33m:[39m[31m[91m0[33m}[39m[31m[91m[33m.input-group-lg>.custom-select,.input-group-lg>.form-control[39m[31m[91m[33m:[39m[31m[91m[36mnot[39m[31m[91m[36m(textarea)[39m[31m[91m[33m{[39m[31m[91mheight[33m:[39m[31m[91m14px[33m}[39m[31m[91m[33m.input-group-lg>.custom-select,.input-group-lg>.form-control,.input-[39m[22m[1m[31mgroup-lg>.input-group-append>.btn,.input-group-lg>.input-group-append>.input-group-text,.input-group-lg>.input-group-prepend>.btn,.input-group-lg>.input-group-prepend>.input-group-text[39m[31m[91m[33m{[39m[31m[91mpadding[33m:[39m[31m[91m0 0[33m;[39m[31m[91mfont-size[33m:[39m[31m[91m16px[33m;[39m[31m[91mline-height[33m:[39m[31m[91m14px[33m}[39m[31m[91m[33m.input-group-sm>.custom-select,.input-group-sm>.form-control[39m[31m[91m[33m:[39m[31m[91m[36mnot[39m[31m[91m[36m(textarea)[39m[31m[91m[33m{[39m[31m[91mheight[33m:[39m[31m[91m14px[33m}[39m[31m[91m[33m.input-group-sm>.custom-select,.input-group-sm>.form-control,.input-group-sm>.input-group-append>.btn,.input-group-sm>.input-group-append>.input-group-text,.input-group-sm>.input-group-prepend>.btn,.input-group-sm>.input-group-prepend>.input-group-text[39m[31m[91m[33m{[39m[31m[91mpadding[33m:[39m[31m[91m0 0[33m;[39m[31m[91mfont-size[33m:[39m[31m[91m16px[33m;[39m[31m[91mline-height[33m:[39m[31m[91m14px[33m}[39m[31m[91m[33m.input-group-lg>.custom-select,.input-group-sm>.custom-select[39m[31m[91m[33m{[39m[31m[91mpadding-right[33m:[39m[31m[91m1rem[33m}[39m[31m[91m[33m.custom-control[39m[31m[91m[33m{[39m[31m[91mposition[33m:[39m[31m[91mrelative[33m;[39m[31m[91mdisplay[33m:[39m[31m[91mblock[33m;[39m[31m[91mmin-height[33m:[39m[31m[91m14px[33m;[39m[31m[91mpadding-left[33m:[39m[31m[91m32px[33m}[39m[31m[91m[33m.custom-control-inline[39m[31m[91m[33m{[39m[31m[91mdisplay[33m:[39m[31m[91m-ms-inline-flexbox[33m;[39m[31m[91mdisplay[33m:[39m[31m[91minline-flex[33m;[39m[31m[91mmargin-right[33m:[39m[31m[91m0[33m}[39m[31m[91m[33m.custom-control-input[39m[31m[91m[33m{[39m[31m[91mposition[33m:[39m[31m[91mabsolute[33m;[39m[31m[91mleft[33m:[39m[31m[91m0[33m;[39m[31m[91mz-index[33m:[39m[31m[91m-1[33m;[39m[31m[91mwidth[33m:[39m[31m[91m32px[33m;[39m[31m[91mheight[33m:[39m[31m[91m16px[33m;[39m[31m[91mopacity[33m:[39m[31m[91m0[33m}[39m[31m[91m[33m.custom-control-input[39m[31m[91m[33m:[39m[31m[91mchecked~.custom-control-label[33m:[39m[31m[91m[33m:[39m[31m[91mbefore[33m{[39m[31m[91mcolor[33m:[39m[31m[91m[35m#fff[3[39m[22m[1m[31m9m[91m[33m;[39m[31m[91mborder-color[33m:[39m[31m[91m[35m#000[39m[31m[91m[33m}[39m[31m[91m[33m.custom-control-input[39m[31m[91m[33m:[39m[31m[91mfocus[33m:[39m[31m[91m[36mnot[39m[31m[91m[36m(:checked)[39m[31m[91m~.custom-control-label[33m:[39m[31m[91m[33m:[39m[31m[91mbefore[33m{[39m[31m[91mborder-color[33m:[39m[31m[91m[35m#404040[39m[31m[91m[33m}[39m[31m[91m[33m.custom-control-input[39m[31m[91m[33m:[39m[31m[91m[36mnot[39m[31m[91m[36m(:disabled)[39m[31m[91m[33m:[39m[31m[91mactive~.custom-control-label[33m:[39m[31m[91m[33m:[39m[31m[91mbefore[33m{[39m[31m[91mcolor[33m:[39m[31m[91m[35m#fff[39m[31m[91m[33m}[39m[31m[91m[33m.custom-control-input[39m[31m[91m[33m:[39m[31m[91mdisabled~.custom-control-label,.custom-control-input[33m[[39m[31m[91mdisabled[33m][39m[31m[91m~.custom-control-label[33m{[39m[31m[91mcolor[33m:[39m[31m[91m[35m#555[39m[31m[91m[33m}[39m[31m[91m[33m.custom-control-input[39m[31m[91m[33m:[39m[31m[91mdisabled~.custom-control-label[33m:[39m[31m[91m[33m:[39m[31m[91mafter,.custom-control-input[33m:[39m[31m[91mdisabled~.custom-control-label[33m:[39m[31m[91m[33m:[39m[31m[91mbefore,.custom-control-input[33m[[39m[31m[91mdisabled[33m][39m[31m[91m~.custom-control-label[33m:[39m[31m[91m[33m:[39m[31m[91mafter,.custom-control-input[33m[[39m[31m[91mdisabled[33m][39m[31m[91m~.custom-control-label[33m:[39m[31m[91m[33m:[39m[31m[91mbefore[33m{[39m[31m[91mcolor[33m:[39m[31m[91m[35m#555[39m[31m[91m[33m}[39m[31m[91m[33m.custom-control-label[39m[31m[91m[33m{[39m[31m[91mposition[33m:[39m[31m[91mrelative[33m;[39m[31m[91mmargin-bottom[33m:[39m[31m[91m0[33m;[39m[31m[91mvertical-align[33m:[39m[31m[91mtop[33m}[39m[31m[91m[33m.custom-control-label[39m[31m[91m[33m:[39m[31m[91m[33m:[39m[31m[91mbefore[33m{[39m[31m[91mposition[33m:[39m[31m[91mabsolute[33m;[39m[31m[91mtop[33m:[39m[31m[91m0[33m;[39m[31m[91mleft[33m:[39m[31m[91m-32px[33m;[39m[31m[91mdisplay[33m:[39m[31m[91mblock[33m;[39m[31m[91mwidth[33m:[39m[31m[91m32px[33m;[39m[31m[91mheight[33m:[39m[31m[91m14px[33m;[39m[31m[91mpointer-events[33m:[39m[31m[91mnone[33m;[39m[31m[91mcontent[33m:[39m[31m[91m[32m""[39m[31m[91m[39m[22m[1m[31m[33m;[39m[31m[91mbackground-color[33m:[39m[31m[91m[35m#000084[39m[31m[91m[33m}[39m[31m[91m[33m.custom-control-label[39m[31m[91m[33m:[39m[31m[91m[33m:[39m[31m[91mafter[33m{[39m[31m[91mposition[33m:[39m[31m[91mabsolute[33m;[39m[31m[91mtop[33m:[39m[31m[91m0[33m;[39m[31m[91mleft[33m:[39m[31m[91m-32px[33m;[39m[31m[91mdisplay[33m:[39m[31m[91mblock[33m;[39m[31m[91mwidth[33m:[39m[31m[91m32px[33m;[39m[31m[91mheight[33m:[39m[31m[91m14px[33m;[39m[31m[91mcontent[33m:[39m[31m[91m[32m""[39m[31m[91m[33m}[39m[31m[91m[33m.custom-checkbox[39m[31m[91m [33m.custom-control-label[39m[31m[91m[33m:[39m[31m[91m[33m:[39m[31m[91mafter[33m{[39m[31m[91mcontent[33m:[39m[31m[91m[32m'[ ]'[39m[31m[91m[33m}[39m[31m[91m[33m.custom-checkbox[39m[31m[91m [33m.custom-control-input[39m[31m[91m[33m:[39m[31m[91mchecked~.custom-control-label[33m{[39m[31m[91mcolor[33m:[39m[31m[91m[35m#fff[39m[31m[91m[33m}[39m[31m[91m[33m.custom-checkbox[39m[31m[91m [33m.custom-control-input[39m[31m[91m[33m:[39m[31m[91mchecked~.custom-control-label[33m:[39m[31m[91m[33m:[39m[31m[91mafter[33m{[39m[31m[91mcolor[33m:[39m[31m[91m[35m#fff[39m[31m[91m[33m;[39m[31m[91mcontent[33m:[39m[31m[91m[32m'[X]'[39m[31m[91m[33m}[39m[31m[91m[33m.custom-checkbox[39m[31m[91m [33m.custom-control-input[39m[31m[91m[33m:[39m[31m[91mdisabled[33m:[39m[31m[91mchecked~.custom-control-label[33m:[39m[31m[91m[33m:[39m[31m[91mbefore[33m{[39m[31m[91mcolor[33m:[39m[31m[91m[35m#555[39m[31m[91m[33m}[39m[31m[91m[33m.custom-radio[39m[31m[91m [33m.custom-control-label[39m[31m[91m[33m:[39m[31m[91m[33m:[39m[31m[91mafter[33m{[39m[31m[91mcontent[33m:[39m[31m[91m[32m'( )'[39m[31m[91m[33m}[39m[31m[91m[33m.custom-radio[39m[31m[91m [33m.custom-control-input[39m[31m[91m[33m:[39m[31m[91mchecked~.custom-control-label[33m{[39m[31m[91mcolor[33m:[39m[31m[91m[35m#fff[39m[31m[91m[33m}[39m[31m[91m[33m.custom-radio[39m[31m[91m [33m.custom-control-input[39m[31m[91m[33m:[39m[31m[91mchecked~.custom-control-label[33m:[39m[31m[91m[33m:[39m[31m[91mafter[33m{[39m[31m[91mcolor[33m:[39m[31m[91m[35m#fff[39m[31m[91m[33m;[39m[31m[91mcontent[33m:[39m[31m[91m[32m'(*)'[39m[31m[91m[33[39m[22m[1m[31mm}[39m[31m[91m[33m.custom-radio[39m[31m[91m [33m.custom-control-input[39m[31m[91m[33m:[39m[31m[91mdisabled[33m:[39m[31m[91mchecked~.custom-control-label[33m:[39m[31m[91m[33m:[39m[31m[91mafter[33m{[39m[31m[91mcolor[33m:[39m[31m[91m[35m#555[39m[31m[91m[33m}[39m[31m[91m[33m.custom-switch[39m[31m[91m[33m{[39m[31m[91mpadding-left[33m:[39m[31m[91m32px[33m}[39m[31m[91m[33m.custom-switch[39m[31m[91m [33m.custom-control-label[39m[31m[91m[33m:[39m[31m[91m[33m:[39m[31m[91mbefore[33m{[39m[31m[91mleft[33m:[39m[31m[91m-32px[33m;[39m[31m[91mwidth[33m:[39m[31m[91m32px[33m;[39m[31m[91mpointer-events[33m:[39m[31m[91mall[33m}[39m[31m[91m[33m.custom-switch[39m[31m[91m [33m.custom-control-label[39m[31m[91m[33m:[39m[31m[91m[33m:[39m[31m[91mafter[33m{[39m[31m[91mtop[33m:[39m[31m[91m0[33m;[39m[31m[91mleft[33m:[39m[31m[91m-32px[33m;[39m[31m[91mwidth[33m:[39m[31m[91m32px[33m;[39m[31m[91mheight[33m:[39m[31m[91m14px[33m;[39m[31m[91mcontent[33m:[39m[31m[91m[32m'\2588\2591\2591'[39m[31m[91m[33m}[39m[31m[91m[33m.custom-switch[39m[31m[91m [33m.custom-control-input[39m[31m[91m[33m:[39m[31m[91mchecked~.custom-control-label[33m{[39m[31m[91mcolor[33m:[39m[31m[91m[35m#fff[39m[31m[91m[33m}[39m[31m[91m[33m.custom-switch[39m[31m[91m [33m.custom-control-input[39m[31m[91m[33m:[39m[31m[91mchecked~.custom-control-label[33m:[39m[31m[91m[33m:[39m[31m[91mafter[33m{[39m[31m[91mcontent[33m:[39m[31m[91m[32m'\2591\2591\2588'[39m[31m[91m[33m;[39m[31m[91mcolor[33m:[39m[31m[91m[35m#fff[39m[31m[91m[33m}[39m[31m[91m[33m.custom-switch[39m[31m[91m [33m.custom-control-input[39m[31m[91m[33m:[39m[31m[91mdisabled[33m:[39m[31m[91mchecked~.custom-control-label[33m:[39m[31m[91m[33m:[39m[31m[91mbefore[33m{[39m[31m[91mcolor[33m:[39m[31m[91m[35m#555[39m[31m[91m[33m}[39m[31m[91m[33m.custom-select[39m[31m[91m[33m{[39m[31m[91mdisplay[33m:[39m[31m[91minline-block[33m;[39m[31m[91mwidth[33m:[39m[31m[91m100%[33m;[39m[31m[91mheight[33m:[39m[31m[91m14px[33m;[39m[31m[91mpadding[33m:[39m[31m[91m0[33m;[39m[31m[91mcolor[33m:[39m[31m[91m[35m#000[39m[31m[91m[33m;[39m[31m[91mvertical-align[33m:[39m[31m[91mmiddle[33m;[39m[31m[91mbackg[39m[22m[1m[31mround[33m:[39m[31m[91m[36murl[39m[31m[91m[36m(../fonts/arrow-down-black.svg)[39m[31m[91m no-repeat right center,[35m#bbb[39m[31m[91m[33m;[39m[31m[91mborder[33m:[39m[31m[91m0 solid [35m#555[39m[31m[91m[33m;[39m[31m[91m-webkit-appearance[33m:[39m[31m[91mnone[33m;[39m[31m[91m-moz-appearance[33m:[39m[31m[91mnone[33m;[39m[31m[91mappearance[33m:[39m[31m[91mnone[33m}[39m[31m[91m[33m.custom-select[39m[31m[91m[33m:[39m[31m[91mfocus[33m{[39m[31m[91moutline[33m:[39m[31m[91m0[33m}[39m[31m[91m[33m.custom-select[39m[31m[91m[33m:[39m[31m[91mfocus[33m:[39m[31m[91m[33m:[39m[31m[91m-ms-value[33m{[39m[31m[91mcolor[33m:[39m[31m[91m[35m#fff[39m[31m[91m[33m;[39m[31m[91mbackground-color[33m:[39m[31m[91m[35m#000084[39m[31m[91m[33m}[39m[31m[91m[33m.custom-select[39m[31m[91m[33m[[39m[31m[91mmultiple[33m][39m[31m[91m,.custom-select[33m[[39m[31m[91msize[33m][39m[31m[91m[33m:[39m[31m[91m[36mnot[39m[31m[91m[36m([39m[31m[91m[33m[[39m[31m[91msize=[32m"1"[39m[31m[91m[33m][39m[31m[91m[36m)[39m[31m[91m[33m{[39m[31m[91mheight[33m:[39m[31m[91mauto[33m;[39m[31m[91mpadding-right[33m:[39m[31m[91m0[33m;[39m[31m[91mbackground-image[33m:[39m[31m[91mnone[33m}[39m[31m[91m[33m.custom-select[39m[31m[91m[33m:[39m[31m[91mdisabled[33m{[39m[31m[91mcolor[33m:[39m[31m[91m[35m#555[39m[31m[91m[33m;[39m[31m[91mbackground-color[33m:[39m[31m[91m[35m#555[39m[31m[91m[33m}[39m[31m[91m[33m.custom-select[39m[31m[91m[33m:[39m[31m[91m[33m:[39m[31m[91m-ms-expand[33m{[39m[31m[91mdisplay[33m:[39m[31m[91mnone[33m}[39m[31m[91m[33m.custom-select[39m[31m[91m[33m:[39m[31m[91m-moz-focusring[33m{[39m[31m[91mcolor[33m:[39m[31m[91mtransparent[33m;[39m[31m[91mtext-shadow[33m:[39m[31m[91m0 0 0 [35m#000[39m[31m[91m[33m}[39m[31m[91m[33m.custom-select-sm[39m[31m[91m[33m{[39m[31m[91mheight[33m:[39m[31m[91m14px[33m;[39m[31m[91mfont-size[33m:[39m[31m[91m16px[33m}[39m[31m[91m[33m.custom-select-lg[39m[31m[91m[33m{[39m[31m[91mheight[33m:[39m[31m[91m14px[33m;[39m[31m[91mfont-size[33m:[39m[31m[91m16px[33m}[39m[31m[91m[33m.custom-file[39m[31m[91m[33m{[39m[31m[91mposition[33m:[39m[31m[91mrelative[33m;[39m[31m[91mdisplay[33m:[39m[31m[91minline-[39m[22m[1m[31mblock[33m;[39m[31m[91mwidth[33m:[39m[31m[91m100%[33m;[39m[31m[91mheight[33m:[39m[31m[91m14px[33m;[39m[31m[91mmargin-bottom[33m:[39m[31m[91m0[33m}[39m[31m[91m[33m.custom-file+.input-group-append>.input-group-text[39m[31m[91m[33m{[39m[31m[91mpadding[33m:[39m[31m[91m0 8px[33m;[39m[31m[91mbackground[33m:[39m[31m[91m[35m#a0a[39m[31m[91m[33m;[39m[31m[91mcursor[33m:[39m[31m[91mpointer[33m}[39m[31m[91m[33m.custom-file+.input-group-append>.input-group-text[39m[31m[91m[33m:[39m[31m[91mhover[33m{[39m[31m[91mbackground[33m:[39m[31m[91m[35m#000[39m[31m[91m[33m;[39m[31m[91mcolor[33m:[39m[31m[91m[35m#f5f[39m[31m[91m[33m}[39m[31m[91m[33m.custom-file-input[39m[31m[91m[33m{[39m[31m[91mposition[33m:[39m[31m[91mrelative[33m;[39m[31m[91mz-index[33m:[39m[31m[91m2[33m;[39m[31m[91mwidth[33m:[39m[31m[91m100%[33m;[39m[31m[91mheight[33m:[39m[31m[91m14px[33m;[39m[31m[91mmargin[33m:[39m[31m[91m0[33m;[39m[31m[91mopacity[33m:[39m[31m[91m0[33m}[39m[31m[91m[33m.custom-file-input[39m[31m[91m[33m:[39m[31m[91mfocus~.custom-file-label[33m{[39m[31m[91mborder-color[33m:[39m[31m[91m[35m#404040[39m[31m[91m[33m;[39m[31m[91mbox-shadow[33m:[39m[31m[91m0 0 0 0 [36mrgba[39m[31m[91m[36m(0,0,0,.25)[39m[31m[91m[33m}[39m[31m[91m[33m.custom-file-input[39m[31m[91m[33m:[39m[31m[91mdisabled~.custom-file-label,.custom-file-input[33m[[39m[31m[91mdisabled[33m][39m[31m[91m~.custom-file-label[33m{[39m[31m[91mbackground-color[33m:[39m[31m[91m[35m#555[39m[31m[91m[33m}[39m[31m[91m[33m.custom-file-input[39m[31m[91m[33m:[39m[31m[91m[36mlang[39m[31m[91m[36m(en)[39m[31m[91m~.custom-file-label[33m:[39m[31m[91m[33m:[39m[31m[91mafter[33m{[39m[31m[91mcontent[33m:[39m[31m[91m[32m"[ Browse ]"[39m[31m[91m[33m}[39m[31m[91m[33m.custom-file-input~.custom-file-label[39m[31m[91m[33m[[39m[31m[91mdata-browse[33m][39m[31m[91m[33m:[39m[31m[91m[33m:[39m[31m[91mafter[33m{[39m[31m[91mcontent[33m:[39m[31m[91m[36mattr[39m[31m[91m[36m(data-browse)[39m[31m[91m[33m}[39m[31m[91m[33m.custom-file-label[39m[31m[91m[33m{[39m[31m[91mposition[33m:[39m[31m[91mabsolute[33m;[39m[31m[91mtop[33m:[39m[31m[91m0[33m;[39m[31m[91mright[33m:[39m[31m[91m0[39m[22m[1m[31m[33m;[39m[31m[91mleft[33m:[39m[31m[91m0[33m;[39m[31m[91mz-index[33m:[39m[31m[91m1[33m;[39m[31m[91mheight[33m:[39m[31m[91m14px[33m;[39m[31m[91mpadding[33m:[39m[31m[91m0 0[33m;[39m[31m[91mfont-weight[33m:[39m[31m[91m400[33m;[39m[31m[91mline-height[33m:[39m[31m[91m14px[33m;[39m[31m[91mcolor[33m:[39m[31m[91m[35m#fff[39m[31m[91m[33m;[39m[31m[91mbackground-color[33m:[39m[31m[91m[35m#000084[39m[31m[91m[33m}[39m[31m[91m[33m.custom-file-label[39m[31m[91m[33m:[39m[31m[91m[33m:[39m[31m[91mafter[33m{[39m[31m[91mposition[33m:[39m[31m[91mabsolute[33m;[39m[31m[91mpadding[33m:[39m[31m[91m0[33m;[39m[31m[91mtop[33m:[39m[31m[91m0[33m;[39m[31m[91mright[33m:[39m[31m[91m0[33m;[39m[31m[91mbottom[33m:[39m[31m[91m0[33m;[39m[31m[91mz-index[33m:[39m[31m[91m3[33m;[39m[31m[91mdisplay[33m:[39m[31m[91mblock[33m;[39m[31m[91mbackground[33m:[39m[31m[91m[35m#bbb[39m[31m[91m[33m;[39m[31m[91mcolor[33m:[39m[31m[91m[35m#000[39m[31m[91m[33m}[39m[31m[91m[33m.custom-range[39m[31m[91m[33m{[39m[31m[91mwidth[33m:[39m[31m[91m100%[33m;[39m[31m[91mheight[33m:[39m[31m[91m7px[33m;[39m[31m[91mpadding[33m:[39m[31m[91m0[33m;[39m[31m[91mbackground-color[33m:[39m[31m[91mtransparent[33m;[39m[31m[91m-webkit-appearance[33m:[39m[31m[91mnone[33m;[39m[31m[91m-moz-appearance[33m:[39m[31m[91mnone[33m;[39m[31m[91mappearance[33m:[39m[31m[91mnone[33m}[39m[31m[91m[33m.custom-range[39m[31m[91m[33m:[39m[31m[91mfocus[33m{[39m[31m[91moutline[33m:[39m[31m[91m0[33m}[39m[31m[91m[33m.custom-range[39m[31m[91m[33m:[39m[31m[91mfocus[33m:[39m[31m[91m[33m:[39m[31m[91m-webkit-slider-thumb[33m{[39m[31m[91mbox-shadow[33m:[39m[31m[91m0[33m}[39m[31m[91m[33m.custom-range[39m[31m[91m[33m:[39m[31m[91mfocus[33m:[39m[31m[91m[33m:[39m[31m[91m-moz-range-thumb[33m{[39m[31m[91mbox-shadow[33m:[39m[31m[91m0[33m}[39m[31m[91m[33m.custom-range[39m[31m[91m[33m:[39m[31m[91mfocus[33m:[39m[31m[91m[33m:[39m[31m[91m-ms-thumb[33m{[39m[31m[91mbox-shadow[33m:[39m[31m[91m0[33m}[39m[31m[91m[33m.custom-range[39m[31m[91m[33m:[39m[31m[91m[33m:[39m[31m[91m-moz-focus-outer[33m{[39m[31m[91mborder[33m:[39m[31m[91m0[33m}[39m[31m[91m[33m.custom-range[39m[31m[91m[33m:[39m[31m[39m[22m[1m[31m[91m[33m:[39m[31m[91m-webkit-slider-thumb[33m{[39m[31m[91mwidth[33m:[39m[31m[91m8px[33m;[39m[31m[91mheight[33m:[39m[31m[91m14px[33m;[39m[31m[91mbackground[33m:[39m[31m[91m[35m#000[39m[31m[91m[33m;[39m[31m[91mmargin[33m:[39m[31m[91m0[33m;[39m[31m[91mborder[33m:[39m[31m[91m0[33m;[39m[31m[91m-webkit-appearance[33m:[39m[31m[91mnone[33m;[39m[31m[91mappearance[33m:[39m[31m[91mnone[33m}[39m[31m[91m[33m.custom-range[39m[31m[91m[33m:[39m[31m[91m[33m:[39m[31m[91m-webkit-slider-runnable-track[33m{[39m[31m[91mwidth[33m:[39m[31m[91m100%[33m;[39m[31m[91mheight[33m:[39m[31m[91m14px[33m;[39m[31m[91mcolor[33m:[39m[31m[91mtransparent[33m;[39m[31m[91mcursor[33m:[39m[31m[91mnone[33m;[39m[31m[91mmargin[33m:[39m[31m[91m0[33m;[39m[31m[91mbackground[33m:[39m[31m[91m[36murl[39m[31m[91m[36m(../fonts/hyphen-black.svg)[39m[31m[91m repeat-x left center,[35m#bbb[39m[31m[91m[33m;[39m[31m[91mborder-color[33m:[39m[31m[91mtransparent[33m}[39m[31m[91m[33m.custom-range[39m[31m[91m[33m:[39m[31m[91m[33m:[39m[31m[91m-moz-range-thumb[33m{[39m[31m[91mwidth[33m:[39m[31m[91m8px[33m;[39m[31m[91mheight[33m:[39m[31m[91m11px[33m;[39m[31m[91mborder[33m:[39m[31m[91m0[33m;[39m[31m[91mmargin[33m:[39m[31m[91m0[33m;[39m[31m[91mpadding[33m:[39m[31m[91m0[33m;[39m[31m[91mbackground[33m:[39m[31m[91m[35m#000[39m[31m[91m[33m;[39m[31m[91mborder-radius[33m:[39m[31m[91m0[33m;[39m[31m[91m-moz-appearance[33m:[39m[31m[91mnone[33m;[39m[31m[91mappearance[33m:[39m[31m[91mnone[33m}[39m[31m[91m[33m.custom-range[39m[31m[91m[33m:[39m[31m[91m[33m:[39m[31m[91m-moz-range-track[33m{[39m[31m[91mwidth[33m:[39m[31m[91m100%[33m;[39m[31m[91mheight[33m:[39m[31m[91m14px[33m;[39m[31m[91mcolor[33m:[39m[31m[91mtransparent[33m;[39m[31m[91mcursor[33m:[39m[31m[91mnone[33m;[39m[31m[91mbackground[33m:[39m[31m[91m[36murl[39m[31m[91m[36m(../fonts/hyphen-black.svg)[39m[31m[91m repeat-x left center,[35m#bbb[39m[31m[91m[33m;[39m[31m[91mborder-color[33m:[39m[31m[91mtransparent[33m}[39m[31m[91m[33m.custom-range[39m[31m[91m[33m:[39m[31m[91m[33m:[39m[31m[91m-ms-thumb[33m{[39m[31m[91mwidth[33m:[39m[31m[91m8px[33m;[39m[31m[91mheight[33m:[39m[31m[91m1[39m[22m[1m[31m4px[33m;[39m[31m[91mmargin-top[33m:[39m[31m[91m0[33m;[39m[31m[91mmargin-right[33m:[39m[31m[91m0[33m;[39m[31m[91mmargin-left[33m:[39m[31m[91m0[33m;[39m[31m[91mborder[33m:[39m[31m[91m0[33m;[39m[31m[91mappearance[33m:[39m[31m[91mnone[33m}[39m[31m[91m[33m.custom-range[39m[31m[91m[33m:[39m[31m[91m[33m:[39m[31m[91m-ms-track[33m{[39m[31m[91mwidth[33m:[39m[31m[91m100%[33m;[39m[31m[91mheight[33m:[39m[31m[91m14px[33m;[39m[31m[91mcolor[33m:[39m[31m[91mtransparent[33m;[39m[31m[91mcursor[33m:[39m[31m[91mnone[33m;[39m[31m[91mbackground-color[33m:[39m[31m[91mtransparent[33m;[39m[31m[91mborder-color[33m:[39m[31m[91mtransparent[33m;[39m[31m[91mborder-width[33m:[39m[31m[91m7px[33m}[39m[31m[91m[33m.custom-range[39m[31m[91m[33m:[39m[31m[91m[33m:[39m[31m[91m-ms-fill-lower[33m{[39m[31m[91mbackground-color[33m:[39m[31m[91m[35m#fff[39m[31m[91m[33m}[39m[31m[91m[33m.custom-range[39m[31m[91m[33m:[39m[31m[91m[33m:[39m[31m[91m-ms-fill-upper[33m{[39m[31m[91mmargin-right[33m:[39m[31m[91m15px[33m;[39m[31m[91mbackground-color[33m:[39m[31m[91m[35m#fff[39m[31m[91m[33m}[39m[31m[91m[33m.custom-range[39m[31m[91m[33m:[39m[31m[91mdisabled[33m:[39m[31m[91m[33m:[39m[31m[91m-webkit-slider-thumb[33m{[39m[31m[91mbackground-color[33m:[39m[31m[91m[35m#555[39m[31m[91m[33m}[39m[31m[91m[33m.custom-range[39m[31m[91m[33m:[39m[31m[91mdisabled[33m:[39m[31m[91m[33m:[39m[31m[91m-webkit-slider-runnable-track[33m{[39m[31m[91mcursor[33m:[39m[31m[91mdefault[33m}[39m[31m[91m[33m.custom-range[39m[31m[91m[33m:[39m[31m[91mdisabled[33m:[39m[31m[91m[33m:[39m[31m[91m-moz-range-thumb[33m{[39m[31m[91mbackground-color[33m:[39m[31m[91m[35m#555[39m[31m[91m[33m}[39m[31m[91m[33m.custom-range[39m[31m[91m[33m:[39m[31m[91mdisabled[33m:[39m[31m[91m[33m:[39m[31m[91m-moz-range-track[33m{[39m[31m[91mcursor[33m:[39m[31m[91mdefault[33m}[39m[31m[91m[33m.custom-range[39m[31m[91m[33m:[39m[31m[91mdisabled[33m:[39m[31m[91m[33m:[39m[31m[91m-ms-thumb[33m{[39m[31m[91mbackground-color[33m:[39m[31m[91m[35m#555[39m[31m[91m[33m}[39m[31m[91m[33m.nav[39m[31m[91m[33m{[39m[31m[91mdisplay[33m:[39m[31m[91m-ms-flexbox[33m;[39m[31m[91mdisplay[33m:[39[39m[22m[1m[31mm[91mflex[33m;[39m[31m[91m-ms-flex-wrap[33m:[39m[31m[91mnowrap[33m;[39m[31m[91mflex-wrap[33m:[39m[31m[91mnowrap[33m;[39m[31m[91mpadding-left[33m:[39m[31m[91m0[33m;[39m[31m[91mmargin-bottom[33m:[39m[31m[91m0[33m;[39m[31m[91mlist-style[33m:[39m[31m[91mnone[33m}[39m[31m[91m[33m.nav-link[39m[31m[91m[33m{[39m[31m[91mdisplay[33m:[39m[31m[91mblock[33m;[39m[31m[91mpadding[33m:[39m[31m[91m0 0[33m}[39m[31m[91m[33m.nav-link[39m[31m[91m[33m:[39m[31m[91mfocus,.nav-link[33m:[39m[31m[91mhover[33m{[39m[31m[91mtext-decoration[33m:[39m[31m[91mnone[33m}[39m[31m[91m[33m.nav-link.disabled[39m[31m[91m[33m{[39m[31m[91mcolor[33m:[39m[31m[91m[35m#555[39m[31m[91m[33m;[39m[31m[91mpointer-events[33m:[39m[31m[91mnone[33m;[39m[31m[91mcursor[33m:[39m[31m[91mdefault[33m}[39m[31m[91m[33m.nav-item[39m[31m[91m[33m{[39m[31m[91mpadding[33m:[39m[31m[91m0[33m}[39m[31m[91m[33m.nav-tabs[39m[31m[91m[33m{[39m[31m[91mheight[33m:[39m[31m[91m35px[33m;[39m[31m[91mmargin-left[33m:[39m[31m[91m0[33m;[39m[31m[91mpadding-left[33m:[39m[31m[91m8px[33m;[39m[31m[91mborder-bottom[33m:[39m[31m[91m1px solid [35m#bbb[39m[31m[91m[33m;[39m[31m[91mmargin-bottom[33m:[39m[31m[91m9px[33m}[39m[31m[91m[33m.nav-tabs[39m[31m[91m [33m.nav-item[39m[31m[91m[33m{[39m[31m[91mmargin[33m:[39m[31m[91m0[33m}[39m[31m[91m[33m.nav-tabs[39m[31m[91m [33m.nav-link[39m[31m[91m[33m{[39m[31m[91mborder[33m:[39m[31m[91m[33m.875px[39m[31m[91m solid [35m#bbb[39m[31m[91m[33m;[39m[31m[91mmargin-top[33m:[39m[31m[91m7px[33m;[39m[31m[91mpadding-top[33m:[39m[31m[91m6.125px[33m;[39m[31m[91mpadding-bottom[33m:[39m[31m[91m7px[33m;[39m[31m[91mmargin-bottom[33m:[39m[31m[91m6.125px[33m;[39m[31m[91mborder-left-width[33m:[39m[31m[91m2px[33m;[39m[31m[91mborder-right-width[33m:[39m[31m[91m2px[33m;[39m[31m[91mmargin-left[33m:[39m[31m[91m3.5px[33m;[39m[31m[91mpadding-left[33m:[39m[31m[91m10.5px[33m;[39m[31m[91mpadding-right[33m:[39m[31m[91m11.5px[33m;[39m[31m[91mmargin-right[33m:[39m[31m[91m2.5px[33m;[39m[31m[91mcolor[33m:[39m[31m[91m[35m#bbb[39m[31m[91m[33m;[39m[31m[91mbackground-color[33m:[39m[31m[91m[35m#000084[39m[31m[91m[33m;[39m[31m[91mborder-bottom[3[39m[22m[1m[31m3m:[39m[31m[91m0[33m}[39m[31m[91m[33m.nav-tabs[39m[31m[91m [33m.nav-link.disabled[39m[31m[91m[33m{[39m[31m[91mborder[33m:[39m[31m[91m0[33m;[39m[31m[91mpadding-bottom[33m:[39m[31m[91m0[33m;[39m[31m[91mcolor[33m:[39m[31m[91m[35m#555[39m[31m[91m[33m}[39m[31m[91m[33m.nav-tabs[39m[31m[91m [33m.nav-item.show[39m[31m[91m [33m.nav-link,.nav-tabs[39m[31m[91m [33m.nav-link.active[39m[31m[91m[33m{[39m[31m[91moutline[33m:[39m[31m[91m0[33m;[39m[31m[91mcolor[33m:[39m[31m[91m[35m#fff[39m[31m[91m[33m}[39m[31m[91m[33m.nav-tabs[39m[31m[91m [33m.dropdown-menu[39m[31m[91m[33m{[39m[31m[91mmargin-top[33m:[39m[31m[91m-1px[33m;[39m[31m[91mmargin-left[33m:[39m[31m[91m0[33m}[39m[31m[91m[33m.nav-pills[39m[31m[91m [33m.nav-link[39m[31m[91m[33m:[39m[31m[91m[33m:[39m[31m[91mbefore[33m{[39m[31m[91mcontent[33m:[39m[31m[91m[32m'('[39m[31m[91m[33m;[39m[31m[91mmargin-right[33m:[39m[31m[91m8px[33m}[39m[31m[91m[33m.nav-pills[39m[31m[91m [33m.nav-link[39m[31m[91m[33m:[39m[31m[91m[33m:[39m[31m[91mafter[33m{[39m[31m[91mcontent[33m:[39m[31m[91m[32m')'[39m[31m[91m[33m;[39m[31m[91mmargin-left[33m:[39m[31m[91m8px[33m}[39m[31m[91m[33m.nav-pills[39m[31m[91m [33m.nav-link.active,.nav-pills[39m[31m[91m [33m.show>.nav-link[39m[31m[91m[33m{[39m[31m[91mcolor[33m:[39m[31m[91m[35m#fff[39m[31m[91m[33m;[39m[31m[91mbackground-color[33m:[39m[31m[91m[35m#000[39m[31m[91m[33m}[39m[31m[91m[33m.nav-fill[39m[31m[91m [33m.nav-item[39m[31m[91m[33m{[39m[31m[91m-ms-flex[33m:[39m[31m[91m1 1 auto[33m;[39m[31m[91mflex[33m:[39m[31m[91m1 1 auto[33m;[39m[31m[91mtext-align[33m:[39m[31m[91mcenter[33m}[39m[31m[91m[33m.nav-justified[39m[31m[91m [33m.nav-item[39m[31m[91m[33m{[39m[31m[91m-ms-flex-preferred-size[33m:[39m[31m[91m0[33m;[39m[31m[91mflex-basis[33m:[39m[31m[91m0[33m;[39m[31m[91m-ms-flex-positive[33m:[39m[31m[91m1[33m;[39m[31m[91mflex-grow[33m:[39m[31m[91m1[33m;[39m[31m[91mtext-align[33m:[39m[31m[91mcenter[33m}[39m[31m[91m[33m.tab-content>.tab-pane[39m[31m[91m[33m{[39m[31m[91mdisplay[33m:[39m[31m[91mnone[33m}[39m[31m[91m[33m.tab-content>.active[39m[31m[91m[33m{[39m[31m[91mdisplay[33m:[39m[31m[91mblock[33m}[39m[31m[91m[33[39m[22m[1m[31mm.navbar[39m[31m[91m[33m{[39m[31m[91mposition[33m:[39m[31m[91mrelative[33m;[39m[31m[91mdisplay[33m:[39m[31m[91m-ms-flexbox[33m;[39m[31m[91mdisplay[33m:[39m[31m[91mflex[33m;[39m[31m[91m-ms-flex-wrap[33m:[39m[31m[91mwrap[33m;[39m[31m[91mflex-wrap[33m:[39m[31m[91mwrap[33m;[39m[31m[91m-ms-flex-align[33m:[39m[31m[91mcenter[33m;[39m[31m[91malign-items[33m:[39m[31m[91mcenter[33m;[39m[31m[91m-ms-flex-pack[33m:[39m[31m[91mjustify[33m;[39m[31m[91mjustify-content[33m:[39m[31m[91mspace-between[33m;[39m[31m[91mpadding[33m:[39m[31m[91m0[33m}[39m[31m[91m[33m.navbar[39m[31m[91m [33m.container,.navbar[39m[31m[91m [33m.container-fluid,.navbar[39m[31m[91m [33m.container-lg,.navbar[39m[31m[91m [33m.container-md,.navbar[39m[31m[91m [33m.container-sm,.navbar[39m[31m[91m [33m.container-xl[39m[31m[91m[33m{[39m[31m[91mdisplay[33m:[39m[31m[91m-ms-flexbox[33m;[39m[31m[91mdisplay[33m:[39m[31m[91mflex[33m;[39m[31m[91m-ms-flex-wrap[33m:[39m[31m[91mwrap[33m;[39m[31m[91mflex-wrap[33m:[39m[31m[91mwrap[33m;[39m[31m[91m-ms-flex-align[33m:[39m[31m[91mcenter[33m;[39m[31m[91malign-items[33m:[39m[31m[91mcenter[33m;[39m[31m[91m-ms-flex-pack[33m:[39m[31m[91mjustify[33m;[39m[31m[91mjustify-content[33m:[39m[31m[91mspace-between[33m}[39m[31m[91m[33m.navbar-brand[39m[31m[91m[33m{[39m[31m[91mdisplay[33m:[39m[31m[91minline-block[33m;[39m[31m[91mmargin[33m:[39m[31m[91m0[33m;[39m[31m[91mpadding[33m:[39m[31m[91m0 8px[33m;[39m[31m[91mline-height[33m:[39m[31m[91minherit[33m;[39m[31m[91mwhite-space[33m:[39m[31m[91mnowrap[33m;[39m[31m[91mcolor[33m:[39m[31m[91m[35m#000084[39m[31m[91m[33m}[39m[31m[91m[33m.navbar-brand[39m[31m[91m[33m:[39m[31m[91mfocus,.navbar-brand[33m:[39m[31m[91mhover[33m{[39m[31m[91mtext-decoration[33m:[39m[31m[91mnone[33m}[39m[31m[91m[33m.navbar-nav[39m[31m[91m[33m{[39m[31m[91mdisplay[33m:[39m[31m[91m-ms-flexbox[33m;[39m[31m[91mdisplay[33m:[39m[31m[91mflex[33m;[39m[31m[91m-ms-flex-direction[33m:[39m[31m[91mcolumn[33m;[39m[31m[91mflex-direction[33m:[39m[31m[91mcolumn[33m;[39m[31m[91mpadding-left[33m:[39m[31m[91m0[33m;[39m[31m[91mmargin-bottom[33m:[39m[31m[91m0[33m;[39m[31m[91mlist-[39m[22m[1m[31mstyle[33m:[39m[31m[91mnone[33m}[39m[31m[91m[33m.navbar-nav[39m[31m[91m [33m.nav-link[39m[31m[91m[33m{[39m[31m[91mpadding-right[33m:[39m[31m[91m0[33m;[39m[31m[91mpadding-left[33m:[39m[31m[91m0[33m}[39m[31m[91m[33m.navbar-nav[39m[31m[91m [33m.dropdown-menu[39m[31m[91m[33m{[39m[31m[91mposition[33m:[39m[31m[91mstatic[33m;[39m[31m[91mfloat[33m:[39m[31m[91mnone[33m}[39m[31m[91m[33m.navbar-text[39m[31m[91m[33m{[39m[31m[91mdisplay[33m:[39m[31m[91minline-block[33m;[39m[31m[91mpadding-top[33m:[39m[31m[91m0[33m;[39m[31m[91mpadding-bottom[33m:[39m[31m[91m0[33m}[39m[31m[91m[33m.navbar-collapse[39m[31m[91m[33m{[39m[31m[91m-ms-flex-preferred-size[33m:[39m[31m[91m100%[33m;[39m[31m[91mflex-basis[33m:[39m[31m[91m100%[33m;[39m[31m[91m-ms-flex-positive[33m:[39m[31m[91m1[33m;[39m[31m[91mflex-grow[33m:[39m[31m[91m1[33m;[39m[31m[91m-ms-flex-align[33m:[39m[31m[91mcenter[33m;[39m[31m[91malign-items[33m:[39m[31m[91mcenter[33m}[39m[31m[91m[33m.navbar-toggler[39m[31m[91m[33m{[39m[31m[91mpadding[33m:[39m[31m[91m0 0[33m;[39m[31m[91mfont-size[33m:[39m[31m[91m16px[33m;[39m[31m[91mbackground-color[33m:[39m[31m[91mtransparent[33m;[39m[31m[91mborder[33m:[39m[31m[91m0 solid transparent[33m}[39m[31m[91m[33m.navbar-toggler[39m[31m[91m[33m:[39m[31m[91mfocus,.navbar-toggler[33m:[39m[31m[91mhover[33m{[39m[31m[91mtext-decoration[33m:[39m[31m[91mnone[33m}[39m[31m[91m[33m.navbar-toggler-icon[39m[31m[91m[33m{[39m[31m[91mdisplay[33m:[39m[31m[91minline-block[33m;[39m[31m[91mwidth[33m:[39m[31m[91m16px[33m;[39m[31m[91mheight[33m:[39m[31m[91m14px[33m;[39m[31m[91mvertical-align[33m:[39m[31m[91mmiddle[33m;[39m[31m[91mcontent[33m:[39m[31m[91m[32m""[39m[31m[91m[33m;[39m[31m[91mbackground[33m:[39m[31m[91mno-repeat center center[33m;[39m[31m[91mbackground-size[33m:[39m[31m[91m100% 100%[33m}[39m[31m[91m[36m@media[39m[31m[91m[36m [39m[31m[91m[36m(max-width:575.98px)[39m[31m[91m[33m{[39m[31m[91m[33m.navbar-expand-sm>.container,.navbar-expand-sm>.container-fluid,.navbar-expand-sm>.container-lg,.navbar-expand-sm>.container-md,.navbar-expand-sm>.container-sm,.navbar-expand-sm>.container-xl[39m[31m[91m[39m[22m[1m[31m[33m{[39m[31m[91mpadding-right[33m:[39m[31m[91m0[33m;[39m[31m[91mpadding-left[33m:[39m[31m[91m0[33m}[39m[31m[91m[33m}[39m[31m[91m[36m@media[39m[31m[91m[36m [39m[31m[91m[36m(min-width:576px)[39m[31m[91m[33m{[39m[31m[91m[33m.navbar-expand-sm[39m[31m[91m[33m{[39m[31m[91m-ms-flex-flow[33m:[39m[31m[91mrow nowrap[33m;[39m[31m[91mflex-flow[33m:[39m[31m[91mrow nowrap[33m;[39m[31m[91m-ms-flex-pack[33m:[39m[31m[91mstart[33m;[39m[31m[91mjustify-content[33m:[39m[31m[91mflex-start[33m}[39m[31m[91m[33m.navbar-expand-sm[39m[31m[91m [33m.navbar-nav[39m[31m[91m[33m{[39m[31m[91m-ms-flex-direction[33m:[39m[31m[91mrow[33m;[39m[31m[91mflex-direction[33m:[39m[31m[91mrow[33m}[39m[31m[91m[33m.navbar-expand-sm[39m[31m[91m [33m.navbar-nav[39m[31m[91m [33m.dropdown-menu[39m[31m[91m[33m{[39m[31m[91mposition[33m:[39m[31m[91mabsolute[33m}[39m[31m[91m[33m.navbar-expand-sm[39m[31m[91m [33m.navbar-nav[39m[31m[91m [33m.nav-link[39m[31m[91m[33m{[39m[31m[91mpadding-right[33m:[39m[31m[91m8px[33m;[39m[31m[91mpadding-left[33m:[39m[31m[91m8px[33m}[39m[31m[91m[33m.navbar-expand-sm>.container,.navbar-expand-sm>.container-fluid,.navbar-expand-sm>.container-lg,.navbar-expand-sm>.container-md,.navbar-expand-sm>.container-sm,.navbar-expand-sm>.container-xl[39m[31m[91m[33m{[39m[31m[91m-ms-flex-wrap[33m:[39m[31m[91mnowrap[33m;[39m[31m[91mflex-wrap[33m:[39m[31m[91mnowrap[33m}[39m[31m[91m[33m.navbar-expand-sm[39m[31m[91m [33m.navbar-collapse[39m[31m[91m[33m{[39m[31m[91mdisplay[33m:[39m[31m[91m-ms-flexbox!important[33m;[39m[31m[91mdisplay[33m:[39m[31m[91mflex!important[33m;[39m[31m[91m-ms-flex-preferred-size[33m:[39m[31m[91mauto[33m;[39m[31m[91mflex-basis[33m:[39m[31m[91mauto[33m}[39m[31m[91m[33m.navbar-expand-sm[39m[31m[91m [33m.navbar-toggler[39m[31m[91m[33m{[39m[31m[91mdisplay[33m:[39m[31m[91mnone[33m}[39m[31m[91m[33m}[39m[31m[91m[36m@media[39m[31m[91m[36m [39m[31m[91m[36m(max-width:767.98px)[39m[31m[91m[33m{[39m[31m[91m[33m.navbar-expand-md>.container,.navbar-expand-md>.container-fluid,.navbar-expand-md>.container-lg,.navbar-expand-md>.container-md,.navbar-expand-md>.container-[39m[22m[1m[31msm,.navbar-expand-md>.container-xl[39m[31m[91m[33m{[39m[31m[91mpadding-right[33m:[39m[31m[91m0[33m;[39m[31m[91mpadding-left[33m:[39m[31m[91m0[33m}[39m[31m[91m[33m}[39m[31m[91m[36m@media[39m[31m[91m[36m [39m[31m[91m[36m(min-width:768px)[39m[31m[91m[33m{[39m[31m[91m[33m.navbar-expand-md[39m[31m[91m[33m{[39m[31m[91m-ms-flex-flow[33m:[39m[31m[91mrow nowrap[33m;[39m[31m[91mflex-flow[33m:[39m[31m[91mrow nowrap[33m;[39m[31m[91m-ms-flex-pack[33m:[39m[31m[91mstart[33m;[39m[31m[91mjustify-content[33m:[39m[31m[91mflex-start[33m}[39m[31m[91m[33m.navbar-expand-md[39m[31m[91m [33m.navbar-nav[39m[31m[91m[33m{[39m[31m[91m-ms-flex-direction[33m:[39m[31m[91mrow[33m;[39m[31m[91mflex-direction[33m:[39m[31m[91mrow[33m}[39m[31m[91m[33m.navbar-expand-md[39m[31m[91m [33m.navbar-nav[39m[31m[91m [33m.dropdown-menu[39m[31m[91m[33m{[39m[31m[91mposition[33m:[39m[31m[91mabsolute[33m}[39m[31m[91m[33m.navbar-expand-md[39m[31m[91m [33m.navbar-nav[39m[31m[91m [33m.nav-link[39m[31m[91m[33m{[39m[31m[91mpadding-right[33m:[39m[31m[91m8px[33m;[39m[31m[91mpadding-left[33m:[39m[31m[91m8px[33m}[39m[31m[91m[33m.navbar-expand-md>.container,.navbar-expand-md>.container-fluid,.navbar-expand-md>.container-lg,.navbar-expand-md>.container-md,.navbar-expand-md>.container-sm,.navbar-expand-md>.container-xl[39m[31m[91m[33m{[39m[31m[91m-ms-flex-wrap[33m:[39m[31m[91mnowrap[33m;[39m[31m[91mflex-wrap[33m:[39m[31m[91mnowrap[33m}[39m[31m[91m[33m.navbar-expand-md[39m[31m[91m [33m.navbar-collapse[39m[31m[91m[33m{[39m[31m[91mdisplay[33m:[39m[31m[91m-ms-flexbox!important[33m;[39m[31m[91mdisplay[33m:[39m[31m[91mflex!important[33m;[39m[31m[91m-ms-flex-preferred-size[33m:[39m[31m[91mauto[33m;[39m[31m[91mflex-basis[33m:[39m[31m[91mauto[33m}[39m[31m[91m[33m.navbar-expand-md[39m[31m[91m [33m.navbar-toggler[39m[31m[91m[33m{[39m[31m[91mdisplay[33m:[39m[31m[91mnone[33m}[39m[31m[91m[33m}[39m[31m[91m[36m@media[39m[31m[91m[36m [39m[31m[91m[36m(max-width:959.98px)[39m[31m[91m[33m{[39m[31m[91m[33m.navbar-expand-lg>.container,.navbar-expand-lg>.container-fluid,.navbar-expand-lg>.container-lg,.navbar-expand-lg[39m[22m[1m[31m>.container-md,.navbar-expand-lg>.container-sm,.navbar-expand-lg>.container-xl[39m[31m[91m[33m{[39m[31m[91mpadding-right[33m:[39m[31m[91m0[33m;[39m[31m[91mpadding-left[33m:[39m[31m[91m0[33m}[39m[31m[91m[33m}[39m[31m[91m[36m@media[39m[31m[91m[36m [39m[31m[91m[36m(min-width:960px)[39m[31m[91m[33m{[39m[31m[91m[33m.navbar-expand-lg[39m[31m[91m[33m{[39m[31m[91m-ms-flex-flow[33m:[39m[31m[91mrow nowrap[33m;[39m[31m[91mflex-flow[33m:[39m[31m[91mrow nowrap[33m;[39m[31m[91m-ms-flex-pack[33m:[39m[31m[91mstart[33m;[39m[31m[91mjustify-content[33m:[39m[31m[91mflex-start[33m}[39m[31m[91m[33m.navbar-expand-lg[39m[31m[91m [33m.navbar-nav[39m[31m[91m[33m{[39m[31m[91m-ms-flex-direction[33m:[39m[31m[91mrow[33m;[39m[31m[91mflex-direction[33m:[39m[31m[91mrow[33m}[39m[31m[91m[33m.navbar-expand-lg[39m[31m[91m [33m.navbar-nav[39m[31m[91m [33m.dropdown-menu[39m[31m[91m[33m{[39m[31m[91mposition[33m:[39m[31m[91mabsolute[33m}[39m[31m[91m[33m.navbar-expand-lg[39m[31m[91m [33m.navbar-nav[39m[31m[91m [33m.nav-link[39m[31m[91m[33m{[39m[31m[91mpadding-right[33m:[39m[31m[91m8px[33m;[39m[31m[91mpadding-left[33m:[39m[31m[91m8px[33m}[39m[31m[91m[33m.navbar-expand-lg>.container,.navbar-expand-lg>.container-fluid,.navbar-expand-lg>.container-lg,.navbar-expand-lg>.container-md,.navbar-expand-lg>.container-sm,.navbar-expand-lg>.container-xl[39m[31m[91m[33m{[39m[31m[91m-ms-flex-wrap[33m:[39m[31m[91mnowrap[33m;[39m[31m[91mflex-wrap[33m:[39m[31m[91mnowrap[33m}[39m[31m[91m[33m.navbar-expand-lg[39m[31m[91m [33m.navbar-collapse[39m[31m[91m[33m{[39m[31m[91mdisplay[33m:[39m[31m[91m-ms-flexbox!important[33m;[39m[31m[91mdisplay[33m:[39m[31m[91mflex!important[33m;[39m[31m[91m-ms-flex-preferred-size[33m:[39m[31m[91mauto[33m;[39m[31m[91mflex-basis[33m:[39m[31m[91mauto[33m}[39m[31m[91m[33m.navbar-expand-lg[39m[31m[91m [33m.navbar-toggler[39m[31m[91m[33m{[39m[31m[91mdisplay[33m:[39m[31m[91mnone[33m}[39m[31m[91m[33m}[39m[31m[91m[36m@media[39m[31m[91m[36m [39m[31m[91m[36m(max-width:1151.98px)[39m[31m[91m[33m{[39m[31m[91m[33m.navbar-expand-xl>.container,.navbar-expand-xl>.container-fluid,.nav[39m[22m[1m[31mbar-expand-xl>.container-lg,.navbar-expand-xl>.container-md,.navbar-expand-xl>.container-sm,.navbar-expand-xl>.container-xl[39m[31m[91m[33m{[39m[31m[91mpadding-right[33m:[39m[31m[91m0[33m;[39m[31m[91mpadding-left[33m:[39m[31m[91m0[33m}[39m[31m[91m[33m}[39m[31m[91m[36m@media[39m[31m[91m[36m [39m[31m[91m[36m(min-width:1152px)[39m[31m[91m[33m{[39m[31m[91m[33m.navbar-expand-xl[39m[31m[91m[33m{[39m[31m[91m-ms-flex-flow[33m:[39m[31m[91mrow nowrap[33m;[39m[31m[91mflex-flow[33m:[39m[31m[91mrow nowrap[33m;[39m[31m[91m-ms-flex-pack[33m:[39m[31m[91mstart[33m;[39m[31m[91mjustify-content[33m:[39m[31m[91mflex-start[33m}[39m[31m[91m[33m.navbar-expand-xl[39m[31m[91m [33m.navbar-nav[39m[31m[91m[33m{[39m[31m[91m-ms-flex-direction[33m:[39m[31m[91mrow[33m;[39m[31m[91mflex-direction[33m:[39m[31m[91mrow[33m}[39m[31m[91m[33m.navbar-expand-xl[39m[31m[91m [33m.navbar-nav[39m[31m[91m [33m.dropdown-menu[39m[31m[91m[33m{[39m[31m[91mposition[33m:[39m[31m[91mabsolute[33m}[39m[31m[91m[33m.navbar-expand-xl[39m[31m[91m [33m.navbar-nav[39m[31m[91m [33m.nav-link[39m[31m[91m[33m{[39m[31m[91mpadding-right[33m:[39m[31m[91m8px[33m;[39m[31m[91mpadding-left[33m:[39m[31m[91m8px[33m}[39m[31m[91m[33m.navbar-expand-xl>.container,.navbar-expand-xl>.container-fluid,.navbar-expand-xl>.container-lg,.navbar-expand-xl>.container-md,.navbar-expand-xl>.container-sm,.navbar-expand-xl>.container-xl[39m[31m[91m[33m{[39m[31m[91m-ms-flex-wrap[33m:[39m[31m[91mnowrap[33m;[39m[31m[91mflex-wrap[33m:[39m[31m[91mnowrap[33m}[39m[31m[91m[33m.navbar-expand-xl[39m[31m[91m [33m.navbar-collapse[39m[31m[91m[33m{[39m[31m[91mdisplay[33m:[39m[31m[91m-ms-flexbox!important[33m;[39m[31m[91mdisplay[33m:[39m[31m[91mflex!important[33m;[39m[31m[91m-ms-flex-preferred-size[33m:[39m[31m[91mauto[33m;[39m[31m[91mflex-basis[33m:[39m[31m[91mauto[33m}[39m[31m[91m[33m.navbar-expand-xl[39m[31m[91m [33m.navbar-toggler[39m[31m[91m[33m{[39m[31m[91mdisplay[33m:[39m[31m[91mnone[33m}[39m[31m[91m[33m}[39m[31m[91m[33m.navbar-expand[39m[31m[91m[33m{[39m[31m[91m-ms-flex-flow[33m:[39m[31m[91mrow nowrap[33m;[39m[31m[91mflex-flow[33m:[39m[22m[1m[31m[39m[91mrow nowrap[33m;[39m[31m[91m-ms-flex-pack[33m:[39m[31m[91mstart[33m;[39m[31m[91mjustify-content[33m:[39m[31m[91mflex-start[33m}[39m[31m[91m[33m.navbar-expand>.container,.navbar-expand>.container-fluid,.navbar-expand>.container-lg,.navbar-expand>.container-md,.navbar-expand>.container-sm,.navbar-expand>.container-xl[39m[31m[91m[33m{[39m[31m[91mpadding-right[33m:[39m[31m[91m0[33m;[39m[31m[91mpadding-left[33m:[39m[31m[91m0[33m}[39m[31m[91m[33m.navbar-expand[39m[31m[91m [33m.navbar-nav[39m[31m[91m[33m{[39m[31m[91m-ms-flex-direction[33m:[39m[31m[91mrow[33m;[39m[31m[91mflex-direction[33m:[39m[31m[91mrow[33m}[39m[31m[91m[33m.navbar-expand[39m[31m[91m [33m.navbar-nav[39m[31m[91m [33m.dropdown-menu[39m[31m[91m[33m{[39m[31m[91mposition[33m:[39m[31m[91mabsolute[33m}[39m[31m[91m[33m.navbar-expand[39m[31m[91m [33m.navbar-nav[39m[31m[91m [33m.nav-link[39m[31m[91m[33m{[39m[31m[91mpadding-right[33m:[39m[31m[91m8px[33m;[39m[31m[91mpadding-left[33m:[39m[31m[91m8px[33m}[39m[31m[91m[33m.navbar-expand>.container,.navbar-expand>.container-fluid,.navbar-expand>.container-lg,.navbar-expand>.container-md,.navbar-expand>.container-sm,.navbar-expand>.container-xl[39m[31m[91m[33m{[39m[31m[91m-ms-flex-wrap[33m:[39m[31m[91mnowrap[33m;[39m[31m[91mflex-wrap[33m:[39m[31m[91mnowrap[33m}[39m[31m[91m[33m.navbar-expand[39m[31m[91m [33m.navbar-collapse[39m[31m[91m[33m{[39m[31m[91mdisplay[33m:[39m[31m[91m-ms-flexbox!important[33m;[39m[31m[91mdisplay[33m:[39m[31m[91mflex!important[33m;[39m[31m[91m-ms-flex-preferred-size[33m:[39m[31m[91mauto[33m;[39m[31m[91mflex-basis[33m:[39m[31m[91mauto[33m}[39m[31m[91m[33m.navbar-expand[39m[31m[91m [33m.navbar-toggler[39m[31m[91m[33m{[39m[31m[91mdisplay[33m:[39m[31m[91mnone[33m}[39m[31m[91m[33m.navbar-light[39m[31m[91m [33m.navbar-brand[39m[31m[91m[33m{[39m[31m[91mcolor[33m:[39m[31m[91m[35m#000[39m[31m[91m[33m}[39m[31m[91m[33m.navbar-light[39m[31m[91m [33m.navbar-brand[39m[31m[91m[33m:[39m[31m[91mfocus,.navbar-light [33m.navbar-brand[39m[31m[91m[33m:[39m[31m[91mhover[33m{[39m[31m[91mcolor[33m:[39m[31m[91m[35m#fff[39m[31m[91m[33[39m[22m[1m[31mm;[39m[31m[91mbackground[33m:[39m[31m[91m[35m#000[39m[31m[91m[33m}[39m[31m[91m[33m.navbar-light[39m[31m[91m [33m.navbar-nav[39m[31m[91m [33m.nav-link[39m[31m[91m[33m{[39m[31m[91mcolor[33m:[39m[31m[91m[35m#000[39m[31m[91m[33m}[39m[31m[91m[33m.navbar-light[39m[31m[91m [33m.navbar-nav[39m[31m[91m [33m.nav-link[39m[31m[91m[33m:[39m[31m[91mfocus,.navbar-light [33m.navbar-nav[39m[31m[91m [33m.nav-link[39m[31m[91m[33m:[39m[31m[91mhover[33m{[39m[31m[91mcolor[33m:[39m[31m[91m[35m#fff[39m[31m[91m[33m;[39m[31m[91mbackground[33m:[39m[31m[91m[35m#000[39m[31m[91m[33m}[39m[31m[91m[33m.navbar-light[39m[31m[91m [33m.navbar-nav[39m[31m[91m [33m.nav-link.disabled[39m[31m[91m[33m{[39m[31m[91mcolor[33m:[39m[31m[91m[35m#bbb[39m[31m[91m[33m}[39m[31m[91m[33m.navbar-light[39m[31m[91m [33m.navbar-nav[39m[31m[91m [33m.active>.nav-link,.navbar-light[39m[31m[91m [33m.navbar-nav[39m[31m[91m [33m.nav-link.active,.navbar-light[39m[31m[91m [33m.navbar-nav[39m[31m[91m [33m.nav-link.show,.navbar-light[39m[31m[91m [33m.navbar-nav[39m[31m[91m [33m.show>.nav-link[39m[31m[91m[33m{[39m[31m[91mcolor[33m:[39m[31m[91m[35m#bbb[39m[31m[91m[33m;[39m[31m[91mbackground[33m:[39m[31m[91m[35m#000[39m[31m[91m[33m}[39m[31m[91m[33m.navbar-light[39m[31m[91m [33m.navbar-toggler[39m[31m[91m[33m{[39m[31m[91mcolor[33m:[39m[31m[91m[35m#000[39m[31m[91m[33m}[39m[31m[91m[33m.navbar-light[39m[31m[91m [33m.navbar-text[39m[31m[91m[33m{[39m[31m[91mcolor[33m:[39m[31m[91m[35m#000[39m[31m[91m[33m}[39m[31m[91m[33m.navbar-light[39m[31m[91m [33m.navbar-text[39m[31m[91m a[33m{[39m[31m[91mcolor[33m:[39m[31m[91m[35m#bbb[39m[31m[91m[33m;[39m[31m[91mbackground[33m:[39m[31m[91m[35m#000[39m[31m[91m[33m}[39m[31m[91m[33m.navbar-light[39m[31m[91m [33m.navbar-text[39m[31m[91m a[33m:[39m[31m[91mfocus,.navbar-light [33m.navbar-text[39m[31m[91m a[33m:[39m[31m[91mhover[33m{[39m[31m[91mcolor[33m:[39m[31m[91m[35m#bbb[39m[31m[91m[33m}[39m[31m[91m[33m.navbar-dark[39m[31m[91m [33m.navbar-brand[39m[31m[91m[33m{[39m[31m[91mcolor[33m:[39m[31m[91m[35m#000[39m[31m[91m[33m}[39m[31m[91m[33m.navbar-dark[39m[31m[91m [33m.navbar-brand[39m[31m[91m[33m:[39m[22m[1m[31m[39m[31m[91mfocus,.navbar-dark [33m.navbar-brand[39m[31m[91m[33m:[39m[31m[91mhover[33m{[39m[31m[91mcolor[33m:[39m[31m[91m[35m#fff[39m[31m[91m[33m;[39m[31m[91mbackground[33m:[39m[31m[91m[35m#000[39m[31m[91m[33m}[39m[31m[91m[33m.navbar-dark[39m[31m[91m [33m.navbar-nav[39m[31m[91m [33m.nav-link[39m[31m[91m[33m{[39m[31m[91mcolor[33m:[39m[31m[91m[35m#000[39m[31m[91m[33m}[39m[31m[91m[33m.navbar-dark[39m[31m[91m [33m.navbar-nav[39m[31m[91m [33m.nav-link[39m[31m[91m[33m:[39m[31m[91mfocus,.navbar-dark [33m.navbar-nav[39m[31m[91m [33m.nav-link[39m[31m[91m[33m:[39m[31m[91mhover[33m{[39m[31m[91mcolor[33m:[39m[31m[91m[35m#bbb[39m[31m[91m[33m;[39m[31m[91mbackground[33m:[39m[31m[91m[35m#000[39m[31m[91m[33m}[39m[31m[91m[33m.navbar-dark[39m[31m[91m [33m.navbar-nav[39m[31m[91m [33m.nav-link.disabled[39m[31m[91m[33m{[39m[31m[91mcolor[33m:[39m[31m[91m[35m#555[39m[31m[91m[33m}[39m[31m[91m[33m.navbar-dark[39m[31m[91m [33m.navbar-nav[39m[31m[91m [33m.active>.nav-link,.navbar-dark[39m[31m[91m [33m.navbar-nav[39m[31m[91m [33m.nav-link.active,.navbar-dark[39m[31m[91m [33m.navbar-nav[39m[31m[91m [33m.nav-link.show,.navbar-dark[39m[31m[91m [33m.navbar-nav[39m[31m[91m [33m.show>.nav-link[39m[31m[91m[33m{[39m[31m[91mcolor[33m:[39m[31m[91m[35m#bbb[39m[31m[91m[33m;[39m[31m[91mbackground[33m:[39m[31m[91m[35m#000[39m[31m[91m[33m}[39m[31m[91m[33m.navbar-dark.bg-dark[39m[31m[91m [33m.nav-link,.navbar-dark.bg-dark[39m[31m[91m [33m.navbar-brand[39m[31m[91m[33m{[39m[31m[91mcolor[33m:[39m[31m[91m[35m#fff[39m[31m[91m[33m}[39m[31m[91m[33m.navbar-dark[39m[31m[91m [33m.navbar-toggler[39m[31m[91m[33m{[39m[31m[91mcolor[33m:[39m[31m[91m[35m#000[39m[31m[91m[33m;[39m[31m[91mborder-color[33m:[39m[31m[91m[35m#fff[39m[31m[91m[33m}[39m[31m[91m[33m.navbar-dark[39m[31m[91m [33m.navbar-text[39m[31m[91m[33m{[39m[31m[91mcolor[33m:[39m[31m[91m[35m#000[39m[31m[91m[33m}[39m[31m[91m[33m.navbar-dark[39m[31m[91m [33m.navbar-text[39m[31m[91m a[33m{[39m[31m[91mcolor[33m:[39m[31m[91m[35m#bbb[39m[31m[91m[33m;[39m[31m[91mbackground[33m:[39m[31m[91m[35m#000[39m[31m[91m[33m}[39m[31m[91m[33m.navbar-dark[39m[31m[91m [33m.[39m[22m[1m[31mnavbar-text[39m[31m[91m a[33m:[39m[31m[91mfocus,.navbar-dark [33m.navbar-text[39m[31m[91m a[33m:[39m[31m[91mhover[33m{[39m[31m[91mcolor[33m:[39m[31m[91m[35m#bbb[39m[31m[91m[33m}[39m[31m[91m[33m.card[39m[31m[91m[33m{[39m[31m[91mposition[33m:[39m[31m[91mrelative[33m;[39m[31m[91mdisplay[33m:[39m[31m[91m-ms-flexbox[33m;[39m[31m[91mdisplay[33m:[39m[31m[91mflex[33m;[39m[31m[91m-ms-flex-direction[33m:[39m[31m[91mcolumn[33m;[39m[31m[91mflex-direction[33m:[39m[31m[91mcolumn[33m;[39m[31m[91mmin-width[33m:[39m[31m[91m0[33m;[39m[31m[91mword-wrap[33m:[39m[31m[91mbreak-word[33m;[39m[31m[91mbackground-color[33m:[39m[31m[91m[35m#bbb[39m[31m[91m[33m;[39m[31m[91mbackground-clip[33m:[39m[31m[91mborder-box[33m;[39m[31m[91mborder-radius[33m:[39m[31m[91m0[33m}[39m[31m[91m[33m.card>hr[39m[31m[91m[33m{[39m[31m[91mmargin-right[33m:[39m[31m[91m0[33m;[39m[31m[91mmargin-left[33m:[39m[31m[91m0[33m}[39m[31m[91m[33m.card-body[39m[31m[91m[33m{[39m[31m[91m-ms-flex[33m:[39m[31m[91m1 1 auto[33m;[39m[31m[91mflex[33m:[39m[31m[91m1 1 auto[33m;[39m[31m[91mmin-height[33m:[39m[31m[91m1px[33m;[39m[31m[91mpadding[33m:[39m[31m[91m14px 16px[33m;[39m[31m[91mcolor[33m:[39m[31m[91m[35m#000[39m[31m[91m[33m}[39m[31m[91m[33m.card-title[39m[31m[91m[33m{[39m[31m[91mmargin-bottom[33m:[39m[31m[91m0[33m}[39m[31m[91m[33m.card-subtitle[39m[31m[91m[33m{[39m[31m[91mmargin-top[33m:[39m[31m[91m0[33m;[39m[31m[91mmargin-bottom[33m:[39m[31m[91m0[33m}[39m[31m[91m[33m.card-text[39m[31m[91m[33m:[39m[31m[91mlast-child[33m{[39m[31m[91mmargin-bottom[33m:[39m[31m[91m0[33m}[39m[31m[91m[33m.card-link[39m[31m[91m[33m:[39m[31m[91mhover[33m{[39m[31m[91mtext-decoration[33m:[39m[31m[91mnone[33m}[39m[31m[91m[33m.card-link+.card-link[39m[31m[91m[33m{[39m[31m[91mmargin-left[33m:[39m[31m[91m16px[33m}[39m[31m[91m[33m.card-header[39m[31m[91m[33m{[39m[31m[91mpadding[33m:[39m[31m[91m0 16px[33m;[39m[31m[91mmargin-bottom[33m:[39m[31m[91m0[33m;[39m[31m[91mcolor[33m:[39m[31m[91m[35m#fff[39m[31m[91m[33m;[39m[31m[91mbackground-color[33m:[39m[31m[91m[35m#a0a[39m[31m[91m[33m}[39m[31m[91m[33m.card-header+.list-group[39m[31m[91m [33m.list-group-i[39m[22m[1m[31mtem[39m[31m[91m[33m:[39m[31m[91mfirst-child[33m{[39m[31m[91mborder-top[33m:[39m[31m[91m0[33m}[39m[31m[91m[33m.card-footer[39m[31m[91m[33m{[39m[31m[91mpadding[33m:[39m[31m[91m0 16px[33m;[39m[31m[91mbackground-color[33m:[39m[31m[91m[35m#a0a[39m[31m[91m[33m}[39m[31m[91m[33m.card-footer.text-muted,.card-header.text-muted[39m[31m[91m[33m{[39m[31m[91mcolor[33m:[39m[31m[91m[35m#000[39m[31m[91m[33m}[39m[31m[91m[33m.card-header-tabs[39m[31m[91m[33m{[39m[31m[91mmargin-right[33m:[39m[31m[91m-16px[33m;[39m[31m[91mmargin-bottom[33m:[39m[31m[91m0[33m;[39m[31m[91mmargin-left[33m:[39m[31m[91m-16px[33m;[39m[31m[91mborder-bottom[33m:[39m[31m[91m0[33m}[39m[31m[91m[33m.card-header-pills[39m[31m[91m[33m{[39m[31m[91mmargin-right[33m:[39m[31m[91m-16px[33m;[39m[31m[91mmargin-left[33m:[39m[31m[91m-16px[33m}[39m[31m[91m[33m.card-img-overlay[39m[31m[91m[33m{[39m[31m[91mposition[33m:[39m[31m[91mabsolute[33m;[39m[31m[91mtop[33m:[39m[31m[91m0[33m;[39m[31m[91mright[33m:[39m[31m[91m0[33m;[39m[31m[91mbottom[33m:[39m[31m[91m0[33m;[39m[31m[91mleft[33m:[39m[31m[91m0[33m;[39m[31m[91mpadding[33m:[39m[31m[91m0[33m}[39m[31m[91m[33m.card-img,.card-img-bottom,.card-img-top[39m[31m[91m[33m{[39m[31m[91m-ms-flex-negative[33m:[39m[31m[91m0[33m;[39m[31m[91mflex-shrink[33m:[39m[31m[91m0[33m;[39m[31m[91mwidth[33m:[39m[31m[91m100%[33m}[39m[31m[91m[33m.card-deck[39m[31m[91m [33m.card[39m[31m[91m[33m{[39m[31m[91mmargin-bottom[33m:[39m[31m[91m8px[33m}[39m[31m[91m[36m@media[39m[31m[91m[36m [39m[31m[91m[36m(min-width:576px)[39m[31m[91m[33m{[39m[31m[91m[33m.card-deck[39m[31m[91m[33m{[39m[31m[91mdisplay[33m:[39m[31m[91m-ms-flexbox[33m;[39m[31m[91mdisplay[33m:[39m[31m[91mflex[33m;[39m[31m[91m-ms-flex-flow[33m:[39m[31m[91mrow wrap[33m;[39m[31m[91mflex-flow[33m:[39m[31m[91mrow wrap[33m;[39m[31m[91mmargin-right[33m:[39m[31m[91m-8px[33m;[39m[31m[91mmargin-left[33m:[39m[31m[91m-8px[33m}[39m[31m[91m[33m.card-deck[39m[31m[91m [33m.card[39m[31m[91m[33m{[39m[31m[91m-ms-flex[33m:[39m[31m[91m1 0 0%[33m;[39m[31m[91mflex[33m:[39m[31m[91m1 0 0%[33m;[39m[31m[91mmargin-right[33m:[39m[31m[91m8px[33m;[39m[31m[91mmargin-bottom[39m[22m[1m[31m[33m:[39m[31m[91m0[33m;[39m[31m[91mmargin-left[33m:[39m[31m[91m8px[33m}[39m[31m[91m[33m}[39m[31m[91m[33m.card-group>.card[39m[31m[91m[33m{[39m[31m[91mmargin-bottom[33m:[39m[31m[91m8px[33m}[39m[31m[91m[36m@media[39m[31m[91m[36m [39m[31m[91m[36m(min-width:576px)[39m[31m[91m[33m{[39m[31m[91m[33m.card-group[39m[31m[91m[33m{[39m[31m[91mdisplay[33m:[39m[31m[91m-ms-flexbox[33m;[39m[31m[91mdisplay[33m:[39m[31m[91mflex[33m;[39m[31m[91m-ms-flex-flow[33m:[39m[31m[91mrow wrap[33m;[39m[31m[91mflex-flow[33m:[39m[31m[91mrow wrap[33m}[39m[31m[91m[33m.card-group>.card[39m[31m[91m[33m{[39m[31m[91m-ms-flex[33m:[39m[31m[91m1 0 0%[33m;[39m[31m[91mflex[33m:[39m[31m[91m1 0 0%[33m;[39m[31m[91mmargin-bottom[33m:[39m[31m[91m0[33m}[39m[31m[91m[33m.card-group>.card+.card[39m[31m[91m[33m{[39m[31m[91mmargin-left[33m:[39m[31m[91m0[33m;[39m[31m[91mborder-left[33m:[39m[31m[91m0[33m}[39m[31m[91m[33m}[39m[31m[91m[33m.card-columns[39m[31m[91m [33m.card[39m[31m[91m[33m{[39m[31m[91mmargin-bottom[33m:[39m[31m[91m0[33m}[39m[31m[91m[36m@media[39m[31m[91m[36m [39m[31m[91m[36m(min-width:576px)[39m[31m[91m[33m{[39m[31m[91m[33m.card-columns[39m[31m[91m[33m{[39m[31m[91m-webkit-column-count[33m:[39m[31m[91m3[33m;[39m[31m[91m-moz-column-count[33m:[39m[31m[91m3[33m;[39m[31m[91mcolumn-count[33m:[39m[31m[91m3[33m;[39m[31m[91m-webkit-column-gap[33m:[39m[31m[91m8px[33m;[39m[31m[91m-moz-column-gap[33m:[39m[31m[91m8px[33m;[39m[31m[91mcolumn-gap[33m:[39m[31m[91m8px[33m;[39m[31m[91morphans[33m:[39m[31m[91m1[33m;[39m[31m[91mwidows[33m:[39m[31m[91m1[33m}[39m[31m[91m[33m.card-columns[39m[31m[91m [33m.card[39m[31m[91m[33m{[39m[31m[91mdisplay[33m:[39m[31m[91minline-block[33m;[39m[31m[91mwidth[33m:[39m[31m[91m100%[33m}[39m[31m[91m[33m}[39m[31m[91m[33m.accordion>.card[39m[31m[91m[33m{[39m[31m[91moverflow[33m:[39m[31m[91mhidden[33m}[39m[31m[91m[33m.accordion>.card[39m[31m[91m[33m:[39m[31m[91m[36mnot[39m[31m[91m[36m(:last-of-type)[39m[31m[91m[33m{[39m[31m[91mborder-bottom[33m:[39m[31m[91m0[33m}[39m[31m[91m[33m.breadcrumb[39m[31m[91m[33m{[39m[31m[91mdisplay[33m:[39m[31m[91m-ms-flexbox[33m;[39m[31m[91mdisplay[33m:[39m[31m[39m[22m[1m[31m[91mflex[33m;[39m[31m[91m-ms-flex-wrap[33m:[39m[31m[91mwrap[33m;[39m[31m[91mflex-wrap[33m:[39m[31m[91mwrap[33m;[39m[31m[91mpadding[33m:[39m[31m[91m0[33m;[39m[31m[91mmargin-bottom[33m:[39m[31m[91m0[33m;[39m[31m[91mmargin-left[33m:[39m[31m[91m0[33m;[39m[31m[91mlist-style[33m:[39m[31m[91mnone[33m;[39m[31m[91mbackground-color[33m:[39m[31m[91m[35m#000[39m[31m[91m[33m}[39m[31m[91m[33m.breadcrumb-item+.breadcrumb-item[39m[31m[91m[33m{[39m[31m[91mpadding-left[33m:[39m[31m[91m8px[33m}[39m[31m[91m[33m.breadcrumb-item+.breadcrumb-item[39m[31m[91m[33m:[39m[31m[91m[33m:[39m[31m[91mbefore[33m{[39m[31m[91mdisplay[33m:[39m[31m[91minline-block[33m;[39m[31m[91mpadding-right[33m:[39m[31m[91m8px[33m;[39m[31m[91mcolor[33m:[39m[31m[91m[35m#bbb[39m[31m[91m[33m;[39m[31m[91mcontent[33m:[39m[31m[91m[32m"/"[39m[31m[91m[33m}[39m[31m[91m[33m.breadcrumb-item+.breadcrumb-item[39m[31m[91m[33m:[39m[31m[91mhover[33m:[39m[31m[91m[33m:[39m[31m[91mbefore[33m{[39m[31m[91mtext-decoration[33m:[39m[31m[91munderline[33m}[39m[31m[91m[33m.breadcrumb-item+.breadcrumb-item[39m[31m[91m[33m:[39m[31m[91mhover[33m:[39m[31m[91m[33m:[39m[31m[91mbefore[33m{[39m[31m[91mtext-decoration[33m:[39m[31m[91mnone[33m}[39m[31m[91m[33m.breadcrumb-item.active[39m[31m[91m[33m{[39m[31m[91mcolor[33m:[39m[31m[91m[35m#bbb[39m[31m[91m[33m}[39m[31m[91m[33m.pagination[39m[31m[91m[33m{[39m[31m[91mdisplay[33m:[39m[31m[91m-ms-flexbox[33m;[39m[31m[91mdisplay[33m:[39m[31m[91mflex[33m;[39m[31m[91mpadding-left[33m:[39m[31m[91m0[33m;[39m[31m[91mmargin-bottom[33m:[39m[31m[91m0[33m;[39m[31m[91mmargin-left[33m:[39m[31m[91m0[33m;[39m[31m[91mlist-style[33m:[39m[31m[91mnone[33m}[39m[31m[91m[33m.page-link[39m[31m[91m[33m{[39m[31m[91mposition[33m:[39m[31m[91mrelative[33m;[39m[31m[91mdisplay[33m:[39m[31m[91mblock[33m;[39m[31m[91mpadding[33m:[39m[31m[91m0 8px[33m;[39m[31m[91mmargin-left[33m:[39m[31m[91m0[33m;[39m[31m[91mcolor[33m:[39m[31m[91m[35m#ff5[39m[31m[91m[33m;[39m[31m[91mbackground-color[33m:[39m[31m[91mtransparent[33m}[39m[31m[91m[33m.page-link[39m[31m[91m[33m:[39m[31m[91mhover[33m{[39m[31m[91mz-index[33m:[39m[31m[91m2[33m;[39m[31m[39m[22m[1m[31m[91mcolor[33m:[39m[31m[91m[35m#bbb[39m[31m[91m[33m;[39m[31m[91mtext-decoration[33m:[39m[31m[91mnone[33m;[39m[31m[91mbackground-color[33m:[39m[31m[91m[35m#000[39m[31m[91m[33m}[39m[31m[91m[33m.page-link[39m[31m[91m[33m:[39m[31m[91mfocus[33m{[39m[31m[91mz-index[33m:[39m[31m[91m3[33m;[39m[31m[91moutline[33m:[39m[31m[91m0[33m;[39m[31m[91mbox-shadow[33m:[39m[31m[91m0 0 0 0 [36mrgba[39m[31m[91m[36m(0,0,0,.25)[39m[31m[91m[33m}[39m[31m[91m[33m.page-item[39m[31m[91m[33m{[39m[31m[91mpadding-left[33m:[39m[31m[91m0[33m}[39m[31m[91m[33m.page-item[39m[31m[91m[33m:[39m[31m[91mfirst-child [33m.page-link[39m[31m[91m[33m{[39m[31m[91mmargin-left[33m:[39m[31m[91m0[33m}[39m[31m[91m[33m.page-item.active[39m[31m[91m [33m.page-link[39m[31m[91m[33m{[39m[31m[91mz-index[33m:[39m[31m[91m3[33m;[39m[31m[91mcolor[33m:[39m[31m[91m[35m#fff[39m[31m[91m[33m;[39m[31m[91mbackground-color[33m:[39m[31m[91m[35m#000[39m[31m[91m[33m}[39m[31m[91m[33m.page-item.disabled[39m[31m[91m [33m.page-link[39m[31m[91m[33m{[39m[31m[91mcolor[33m:[39m[31m[91m[35m#555[39m[31m[91m[33m;[39m[31m[91mpointer-events[33m:[39m[31m[91mnone[33m;[39m[31m[91mcursor[33m:[39m[31m[91mauto[33m}[39m[31m[91m[33m.pagination-lg[39m[31m[91m [33m.page-link[39m[31m[91m[33m{[39m[31m[91mpadding[33m:[39m[31m[91m14px 8px[33m;[39m[31m[91mline-height[33m:[39m[31m[91m14px[33m}[39m[31m[91m[33m.pagination-sm[39m[31m[91m [33m.page-link[39m[31m[91m[33m{[39m[31m[91mpadding[33m:[39m[31m[91m0 0[33m;[39m[31m[91mline-height[33m:[39m[31m[91m14px[33m}[39m[31m[91m[33m.badge[39m[31m[91m[33m{[39m[31m[91mdisplay[33m:[39m[31m[91minline-block[33m;[39m[31m[91mpadding[33m:[39m[31m[91m0 8px[33m;[39m[31m[91mtext-align[33m:[39m[31m[91mcenter[33m;[39m[31m[91mwhite-space[33m:[39m[31m[91mnowrap[33m;[39m[31m[91mvertical-align[33m:[39m[31m[91mbaseline[33m}[39m[31m[91ma.badge[33m:[39m[31m[91mfocus,a.badge[33m:[39m[31m[91mhover[33m{[39m[31m[91mtext-decoration[33m:[39m[31m[91mnone[33m}[39m[31m[91m[33m.badge[39m[31m[91m[33m:[39m[31m[91mempty[33m{[39m[31m[91mdisplay[33m:[39m[31m[91mnone[33m}[39m[31m[91m[33m.btn[39m[31m[91m [33m.badge[39m[31m[91m[33m{[39m[31m[91mposition[[39m[22m[1m[31m33m:[39m[31m[91mrelative[33m;[39m[31m[91mtop[33m:[39m[31m[91m-1px[33m}[39m[31m[91m[33m.badge-primary[39m[31m[91m[33m{[39m[31m[91mcolor[33m:[39m[31m[91m[35m#fff[39m[31m[91m[33m;[39m[31m[91mbackground-color[33m:[39m[31m[91mtransparent[33m}[39m[31m[91m[33m.badge-primary[39m[31m[91m[33m:[39m[31m[91mbefore[33m{[39m[31m[91mcolor[33m:[39m[31m[91m[35m#bbb[39m[31m[91m[33m;[39m[31m[91mcontent[33m:[39m[31m[91m[32m"["[39m[31m[91m[33m}[39m[31m[91m[33m.badge-primary[39m[31m[91m[33m:[39m[31m[91mafter[33m{[39m[31m[91mcolor[33m:[39m[31m[91m[35m#bbb[39m[31m[91m[33m;[39m[31m[91mcontent[33m:[39m[31m[91m[32m"]"[39m[31m[91m[33m}[39m[31m[91ma.badge-primary[33m:[39m[31m[91mfocus,a.badge-primary[33m:[39m[31m[91mhover[33m{[39m[31m[91mcolor[33m:[39m[31m[91m[35m#bbb[39m[31m[91m[33m}[39m[31m[91ma.badge-primary.focus,a.badge-primary[33m:[39m[31m[91mfocus[33m{[39m[31m[91moutline[33m:[39m[31m[91m0[33m}[39m[31m[91m[33m.badge-secondary[39m[31m[91m[33m{[39m[31m[91mcolor[33m:[39m[31m[91m[35m#fff[39m[31m[91m[33m;[39m[31m[91mbackground-color[33m:[39m[31m[91mtransparent[33m}[39m[31m[91m[33m.badge-secondary[39m[31m[91m[33m:[39m[31m[91mbefore[33m{[39m[31m[91mcolor[33m:[39m[31m[91m[35m#bbb[39m[31m[91m[33m;[39m[31m[91mcontent[33m:[39m[31m[91m[32m"["[39m[31m[91m[33m}[39m[31m[91m[33m.badge-secondary[39m[31m[91m[33m:[39m[31m[91mafter[33m{[39m[31m[91mcolor[33m:[39m[31m[91m[35m#bbb[39m[31m[91m[33m;[39m[31m[91mcontent[33m:[39m[31m[91m[32m"]"[39m[31m[91m[33m}[39m[31m[91ma.badge-secondary[33m:[39m[31m[91mfocus,a.badge-secondary[33m:[39m[31m[91mhover[33m{[39m[31m[91mcolor[33m:[39m[31m[91m[35m#bbb[39m[31m[91m[33m}[39m[31m[91ma.badge-secondary.focus,a.badge-secondary[33m:[39m[31m[91mfocus[33m{[39m[31m[91moutline[33m:[39m[31m[91m0[33m}[39m[31m[91m[33m.badge-success[39m[31m[91m[33m{[39m[31m[91mcolor[33m:[39m[31m[91m[35m#5f5[39m[31m[91m[33m;[39m[31m[91mbackground-color[33m:[39m[31m[91mtransparent[33m}[39m[31m[91m[33m.badge-success[39m[31m[91m[33m:[39m[31m[91mbefore[33m{[39m[31m[91mcolor[33m:[39m[31m[91m[35m#0a0[39m[31m[91m[33m;[39m[31m[91mcontent[33m:[39m[31m[91m[32m"["[39m[31m[91m[33m}[39m[31m[91m[33m.badge-s[39m[22m[1m[31muccess[39m[31m[91m[33m:[39m[31m[91mafter[33m{[39m[31m[91mcolor[33m:[39m[31m[91m[35m#0a0[39m[31m[91m[33m;[39m[31m[91mcontent[33m:[39m[31m[91m[32m"]"[39m[31m[91m[33m}[39m[31m[91ma.badge-success[33m:[39m[31m[91mfocus,a.badge-success[33m:[39m[31m[91mhover[33m{[39m[31m[91mcolor[33m:[39m[31m[91m[35m#fff[39m[31m[91m[33m}[39m[31m[91ma.badge-success.focus,a.badge-success[33m:[39m[31m[91mfocus[33m{[39m[31m[91moutline[33m:[39m[31m[91m0[33m}[39m[31m[91m[33m.badge-info[39m[31m[91m[33m{[39m[31m[91mcolor[33m:[39m[31m[91m[35m#5ff[39m[31m[91m[33m;[39m[31m[91mbackground-color[33m:[39m[31m[91mtransparent[33m}[39m[31m[91m[33m.badge-info[39m[31m[91m[33m:[39m[31m[91mbefore[33m{[39m[31m[91mcolor[33m:[39m[31m[91m[35m#0aa[39m[31m[91m[33m;[39m[31m[91mcontent[33m:[39m[31m[91m[32m"["[39m[31m[91m[33m}[39m[31m[91m[33m.badge-info[39m[31m[91m[33m:[39m[31m[91mafter[33m{[39m[31m[91mcolor[33m:[39m[31m[91m[35m#0aa[39m[31m[91m[33m;[39m[31m[91mcontent[33m:[39m[31m[91m[32m"]"[39m[31m[91m[33m}[39m[31m[91ma.badge-info[33m:[39m[31m[91mfocus,a.badge-info[33m:[39m[31m[91mhover[33m{[39m[31m[91mcolor[33m:[39m[31m[91m[35m#fff[39m[31m[91m[33m}[39m[31m[91ma.badge-info.focus,a.badge-info[33m:[39m[31m[91mfocus[33m{[39m[31m[91moutline[33m:[39m[31m[91m0[33m}[39m[31m[91m[33m.badge-warning[39m[31m[91m[33m{[39m[31m[91mcolor[33m:[39m[31m[91m[35m#ff5[39m[31m[91m[33m;[39m[31m[91mbackground-color[33m:[39m[31m[91mtransparent[33m}[39m[31m[91m[33m.badge-warning[39m[31m[91m[33m:[39m[31m[91mbefore[33m{[39m[31m[91mcolor[33m:[39m[31m[91m[35m#a50[39m[31m[91m[33m;[39m[31m[91mcontent[33m:[39m[31m[91m[32m"["[39m[31m[91m[33m}[39m[31m[91m[33m.badge-warning[39m[31m[91m[33m:[39m[31m[91mafter[33m{[39m[31m[91mcolor[33m:[39m[31m[91m[35m#a50[39m[31m[91m[33m;[39m[31m[91mcontent[33m:[39m[31m[91m[32m"]"[39m[31m[91m[33m}[39m[31m[91ma.badge-warning[33m:[39m[31m[91mfocus,a.badge-warning[33m:[39m[31m[91mhover[33m{[39m[31m[91mcolor[33m:[39m[31m[91m[35m#fff[39m[31m[91m[33m}[39m[31m[91ma.badge-warning.focus,a.badge-warning[33m:[39m[31m[91mfocus[33m{[39m[31m[91moutline[33m:[39m[31m[91m0[33m}[39m[31m[91m[33m.badge-danger[39m[31m[91m[33m{[39m[31m[39m[22m[1m[31m[91mcolor[33m:[39m[31m[91m[35m#f55[39m[31m[91m[33m;[39m[31m[91mbackground-color[33m:[39m[31m[91mtransparent[33m}[39m[31m[91m[33m.badge-danger[39m[31m[91m[33m:[39m[31m[91mbefore[33m{[39m[31m[91mcolor[33m:[39m[31m[91m[35m#a00[39m[31m[91m[33m;[39m[31m[91mcontent[33m:[39m[31m[91m[32m"["[39m[31m[91m[33m}[39m[31m[91m[33m.badge-danger[39m[31m[91m[33m:[39m[31m[91mafter[33m{[39m[31m[91mcolor[33m:[39m[31m[91m[35m#a00[39m[31m[91m[33m;[39m[31m[91mcontent[33m:[39m[31m[91m[32m"]"[39m[31m[91m[33m}[39m[31m[91ma.badge-danger[33m:[39m[31m[91mfocus,a.badge-danger[33m:[39m[31m[91mhover[33m{[39m[31m[91mcolor[33m:[39m[31m[91m[35m#fff[39m[31m[91m[33m}[39m[31m[91ma.badge-danger.focus,a.badge-danger[33m:[39m[31m[91mfocus[33m{[39m[31m[91moutline[33m:[39m[31m[91m0[33m}[39m[31m[91m[33m.badge-light[39m[31m[91m[33m{[39m[31m[91mbackground-color[33m:[39m[31m[91mtransparent[33m}[39m[31m[91m[33m.badge-light[39m[31m[91m[33m:[39m[31m[91mbefore[33m{[39m[31m[91mcolor[33m:[39m[31m[91m[35m#fff[39m[31m[91m[33m;[39m[31m[91mcontent[33m:[39m[31m[91m[32m"["[39m[31m[91m[33m}[39m[31m[91m[33m.badge-light[39m[31m[91m[33m:[39m[31m[91mafter[33m{[39m[31m[91mcolor[33m:[39m[31m[91m[35m#fff[39m[31m[91m[33m;[39m[31m[91mcontent[33m:[39m[31m[91m[32m"]"[39m[31m[91m[33m}[39m[31m[91ma.badge-light[33m:[39m[31m[91mfocus,a.badge-light[33m:[39m[31m[91mhover[33m{[39m[31m[91mcolor[33m:[39m[31m[91m[35m#bbb[39m[31m[91m[33m}[39m[31m[91ma.badge-light.focus,a.badge-light[33m:[39m[31m[91mfocus[33m{[39m[31m[91moutline[33m:[39m[31m[91m0[33m}[39m[31m[91m[33m.badge-dark[39m[31m[91m[33m{[39m[31m[91mcolor[33m:[39m[31m[91m[35m#555[39m[31m[91m[33m;[39m[31m[91mbackground-color[33m:[39m[31m[91mtransparent[33m}[39m[31m[91m[33m.badge-dark[39m[31m[91m[33m:[39m[31m[91mbefore[33m{[39m[31m[91mcolor[33m:[39m[31m[91m[35m#000[39m[31m[91m[33m;[39m[31m[91mcontent[33m:[39m[31m[91m[32m"["[39m[31m[91m[33m}[39m[31m[91m[33m.badge-dark[39m[31m[91m[33m:[39m[31m[91mafter[33m{[39m[31m[91mcolor[33m:[39m[31m[91m[35m#000[39m[31m[91m[33m;[39m[31m[91mcontent[33m:[39m[31m[91m[32m"]"[39m[31m[91m[33m}[39m[31m[91ma.badge-dark[33m:[39m[31m[91mfocus,a.badge-dark[33m[39m[22m[1m[31m:[39m[31m[91mhover[33m{[39m[31m[91mcolor[33m:[39m[31m[91m[35m#fff[39m[31m[91m[33m}[39m[31m[91ma.badge-dark.focus,a.badge-dark[33m:[39m[31m[91mfocus[33m{[39m[31m[91moutline[33m:[39m[31m[91m0[33m}[39m[31m[91m[33m.badge-pill[39m[31m[91m[33m:[39m[31m[91mbefore[33m{[39m[31m[91mcontent[33m:[39m[31m[91m[32m"("[39m[31m[91m[33m}[39m[31m[91m[33m.badge-pill[39m[31m[91m[33m:[39m[31m[91mafter[33m{[39m[31m[91mcontent[33m:[39m[31m[91m[32m")"[39m[31m[91m[33m}[39m[31m[91m[33m.jumbotron[39m[31m[91m[33m{[39m[31m[91mpadding[33m:[39m[31m[91m28px 16px[33m;[39m[31m[91mmargin-bottom[33m:[39m[31m[91m28px 16px[33m;[39m[31m[91mcolor[33m:[39m[31m[91m[35m#000[39m[31m[91m[33m;[39m[31m[91mbackground-color[33m:[39m[31m[91m[35m#bbb[39m[31m[91m[33m;[39m[31m[91mborder[33m:[39m[31m[91m[33m.875px[39m[31m[91m solid [35m#000[39m[31m[91m[33m;[39m[31m[91mmargin-top[33m:[39m[31m[91m7px[33m;[39m[31m[91mpadding-top[33m:[39m[31m[91m6.125px[33m;[39m[31m[91mpadding-bottom[33m:[39m[31m[91m7px[33m;[39m[31m[91mmargin-bottom[33m:[39m[31m[91m6.125px[33m;[39m[31m[91mborder-left-width[33m:[39m[31m[91m2px[33m;[39m[31m[91mborder-right-width[33m:[39m[31m[91m2px[33m;[39m[31m[91mmargin-left[33m:[39m[31m[91m3.5px[33m;[39m[31m[91mpadding-left[33m:[39m[31m[91m10.5px[33m;[39m[31m[91mpadding-right[33m:[39m[31m[91m11.5px[33m;[39m[31m[91mmargin-right[33m:[39m[31m[91m2.5px[33m;[39m[31m[91mbox-shadow[33m:[39m[31m[91m-3.5px -7px 0 0 [35m#bbb,2.5px[39m[31m[91m 6.125px 0 0 [35m#bbb,-3.5px[39m[31m[91m 6.125px 0 0 [35m#bbb,2.5px[39m[31m[91m -7px 0 0 [35m#bbb[39m[31m[91m[33m;[39m[31m[91mdisplay[33m:[39m[31m[91minline-block[33m;[39m[31m[91mwidth[33m:[39m[31m[91m[36mcalc[39m[31m[91m[36m(100% - 6px)[39m[31m[91m[33m}[39m[31m[91m[33m.jumbotron[39m[31m[91m [33m.display-4[39m[31m[91m[33m{[39m[31m[91mtext-indent[33m:[39m[31m[91m0[33m;[39m[31m[91mposition[33m:[39m[31m[91mabsolute[33m;[39m[31m[91mpadding[33m:[39m[31m[91m0 11px[33m;[39m[31m[91mtop[33m:[39m[31m[91m-7px[33m;[39m[31m[91mmargin[33m:[39m[31m[91m0[33m;[39m[31m[91mleft[33m:[39m[31m[91m20px[33m;[39m[31m[91mbackground[33m:[39m[31m[91m[35m#bbb[39m[31m[91m[33m;[39m[31m[91mborder-[39m[22m[1m[31mleft[33m:[39m[31m[91m3px double [35m#000[39m[31m[91m[33m;[39m[31m[91mborder-right[33m:[39m[31m[91m3px double [35m#000[39m[31m[91m[33m}[39m[31m[91m[33m.jumbotron-fluid[39m[31m[91m[33m{[39m[31m[91mpadding-right[33m:[39m[31m[91m0[33m;[39m[31m[91mpadding-left[33m:[39m[31m[91m0[33m}[39m[31m[91m[33m.alert[39m[31m[91m[33m{[39m[31m[91mposition[33m:[39m[31m[91mrelative[33m;[39m[31m[91mpadding[33m:[39m[31m[91m0 8px 14px[33m;[39m[31m[91mmargin-bottom[33m:[39m[31m[91m0[33m;[39m[31m[91mborder[33m:[39m[31m[91m0 solid transparent[33m;[39m[31m[91mbackground[33m:[39m[31m[91m[35m#bbb[39m[31m[91m[33m;[39m[31m[91mcolor[33m:[39m[31m[91m[35m#000[39m[31m[91m[33m}[39m[31m[91m[33m.alert[39m[31m[91m [33m.alert-link[39m[31m[91m[33m{[39m[31m[91mcolor[33m:[39m[31m[91m[35m#000084[39m[31m[91m[33m}[39m[31m[91m[33m.alert[39m[31m[91m [33m.alert-link[39m[31m[91m[33m:[39m[31m[91mhover[33m{[39m[31m[91mbackground[33m:[39m[31m[91m0 0[33m;[39m[31m[91mcolor[33m:[39m[31m[91m[35m#55f[39m[31m[91m[33m}[39m[31m[91m[33m.alert-heading[39m[31m[91m[33m{[39m[31m[91mcolor[33m:[39m[31m[91minherit[33m}[39m[31m[91m[33m.alert-dismissible[39m[31m[91m [33m.close[39m[31m[91m[33m{[39m[31m[91mposition[33m:[39m[31m[91mabsolute[33m;[39m[31m[91mtop[33m:[39m[31m[91m0[33m;[39m[31m[91mright[33m:[39m[31m[91m0[33m;[39m[31m[91mpadding[33m:[39m[31m[91m0 8px[33m}[39m[31m[91m[33m.alert-primary[39m[31m[91m[33m:[39m[31m[91m[33m:[39m[31m[91mbefore[33m{[39m[31m[91mmargin[33m:[39m[31m[91m0 -8px 14px[33m;[39m[31m[91mpadding[33m:[39m[31m[91m0 8px[33m;[39m[31m[91mdisplay[33m:[39m[31m[91mblock[33m;[39m[31m[91mtext-transform[33m:[39m[31m[91mcapitalize[33m;[39m[31m[91mcolor[33m:[39m[31m[91m[35m#fff[39m[31m[91m[33m;[39m[31m[91mbackground[33m:[39m[31m[91m[35m#555[39m[31m[91m[33m;[39m[31m[91mcontent[33m:[39m[31m[91m[32m"Alert"[39m[31m[91m[33m}[39m[31m[91m[33m.alert-secondary[39m[31m[91m[33m:[39m[31m[91m[33m:[39m[31m[91mbefore[33m{[39m[31m[91mmargin[33m:[39m[31m[91m0 -8px 14px[33m;[39m[31m[91mpadding[33m:[39m[31m[91m0 8px[33m;[39m[31m[91mdisplay[33m:[39m[31m[91mblock[33m;[39m[31m[91mtext-transform[33m:[39m[31m[91mcapitalize[33m;[39m[31m[91mc[39m[22m[1m[31molor[33m:[39m[31m[91m[35m#fff[39m[31m[91m[33m;[39m[31m[91mbackground[33m:[39m[31m[91m[35m#555[39m[31m[91m[33m;[39m[31m[91mcontent[33m:[39m[31m[91m[32m"Alert"[39m[31m[91m[33m}[39m[31m[91m[33m.alert-success[39m[31m[91m[33m:[39m[31m[91m[33m:[39m[31m[91mbefore[33m{[39m[31m[91mmargin[33m:[39m[31m[91m0 -8px 14px[33m;[39m[31m[91mpadding[33m:[39m[31m[91m0 8px[33m;[39m[31m[91mdisplay[33m:[39m[31m[91mblock[33m;[39m[31m[91mtext-transform[33m:[39m[31m[91mcapitalize[33m;[39m[31m[91mcolor[33m:[39m[31m[91m[35m#fff[39m[31m[91m[33m;[39m[31m[91mbackground[33m:[39m[31m[91m[35m#0a0[39m[31m[91m[33m;[39m[31m[91mcontent[33m:[39m[31m[91m[32m"success"[39m[31m[91m[33m}[39m[31m[91m[33m.alert-info[39m[31m[91m[33m:[39m[31m[91m[33m:[39m[31m[91mbefore[33m{[39m[31m[91mmargin[33m:[39m[31m[91m0 -8px 14px[33m;[39m[31m[91mpadding[33m:[39m[31m[91m0 8px[33m;[39m[31m[91mdisplay[33m:[39m[31m[91mblock[33m;[39m[31m[91mtext-transform[33m:[39m[31m[91mcapitalize[33m;[39m[31m[91mcolor[33m:[39m[31m[91m[35m#fff[39m[31m[91m[33m;[39m[31m[91mbackground[33m:[39m[31m[91m[35m#0aa[39m[31m[91m[33m;[39m[31m[91mcontent[33m:[39m[31m[91m[32m"info"[39m[31m[91m[33m}[39m[31m[91m[33m.alert-warning[39m[31m[91m[33m:[39m[31m[91m[33m:[39m[31m[91mbefore[33m{[39m[31m[91mmargin[33m:[39m[31m[91m0 -8px 14px[33m;[39m[31m[91mpadding[33m:[39m[31m[91m0 8px[33m;[39m[31m[91mdisplay[33m:[39m[31m[91mblock[33m;[39m[31m[91mtext-transform[33m:[39m[31m[91mcapitalize[33m;[39m[31m[91mcolor[33m:[39m[31m[91m[35m#fff[39m[31m[91m[33m;[39m[31m[91mbackground[33m:[39m[31m[91m[35m#a50[39m[31m[91m[33m;[39m[31m[91mcontent[33m:[39m[31m[91m[32m"warning"[39m[31m[91m[33m}[39m[31m[91m[33m.alert-danger[39m[31m[91m[33m:[39m[31m[91m[33m:[39m[31m[91mbefore[33m{[39m[31m[91mmargin[33m:[39m[31m[91m0 -8px 14px[33m;[39m[31m[91mpadding[33m:[39m[31m[91m0 8px[33m;[39m[31m[91mdisplay[33m:[39m[31m[91mblock[33m;[39m[31m[91mtext-transform[33m:[39m[31m[91mcapitalize[33m;[39m[31m[91mcolor[33m:[39m[31m[91m[35m#fff[39m[31m[91m[33m;[39m[31m[91mbackground[33m:[39m[31m[91m[35m#a00[39m[31m[91m[33m;[39m[31m[91mcontent[33m:[39m[31m[91m[32m"danger"[39m[31m[91m[33m}[39m[31m[91m[33m.a[39m[22m[1m[31mlert-light[39m[31m[91m[33m:[39m[31m[91m[33m:[39m[31m[91mbefore[33m{[39m[31m[91mmargin[33m:[39m[31m[91m0 -8px 14px[33m;[39m[31m[91mpadding[33m:[39m[31m[91m0 8px[33m;[39m[31m[91mdisplay[33m:[39m[31m[91mblock[33m;[39m[31m[91mtext-transform[33m:[39m[31m[91mcapitalize[33m;[39m[31m[91mcolor[33m:[39m[31m[91m[35m#fff[39m[31m[91m[33m;[39m[31m[91mcontent[33m:[39m[31m[91m[32m"Alert"[39m[31m[91m[33m;[39m[31m[91mbackground[33m:[39m[31m[91m[35m#a0a[39m[31m[91m[33m}[39m[31m[91m[33m.alert-dark[39m[31m[91m[33m:[39m[31m[91m[33m:[39m[31m[91mbefore[33m{[39m[31m[91mmargin[33m:[39m[31m[91m0 -8px 14px[33m;[39m[31m[91mpadding[33m:[39m[31m[91m0 8px[33m;[39m[31m[91mdisplay[33m:[39m[31m[91mblock[33m;[39m[31m[91mtext-transform[33m:[39m[31m[91mcapitalize[33m;[39m[31m[91mcolor[33m:[39m[31m[91m[35m#fff[39m[31m[91m[33m;[39m[31m[91mbackground[33m:[39m[31m[91m[35m#000[39m[31m[91m[33m;[39m[31m[91mcontent[33m:[39m[31m[91m[32m"dark"[39m[31m[91m[33m}[39m[31m[91m[33m.progress[39m[31m[91m[33m{[39m[31m[91mdisplay[33m:[39m[31m[91m-ms-flexbox[33m;[39m[31m[91mdisplay[33m:[39m[31m[91mflex[33m;[39m[31m[91mheight[33m:[39m[31m[91m14px[33m;[39m[31m[91mbackground[33m:[39m[31m[91m[36murl[39m[31m[91m[36m(../fonts/shade-50-grayLight.svg)[39m[31m[91m repeat-x left center[33m}[39m[31m[91m[33m.progress-bar[39m[31m[91m[33m{[39m[31m[91mdisplay[33m:[39m[31m[91m-ms-flexbox[33m;[39m[31m[91mdisplay[33m:[39m[31m[91mflex[33m;[39m[31m[91m-ms-flex-direction[33m:[39m[31m[91mcolumn[33m;[39m[31m[91mflex-direction[33m:[39m[31m[91mcolumn[33m;[39m[31m[91m-ms-flex-pack[33m:[39m[31m[91mcenter[33m;[39m[31m[91mjustify-content[33m:[39m[31m[91mcenter[33m;[39m[31m[91moverflow[33m:[39m[31m[91mhidden[33m;[39m[31m[91mcolor[33m:[39m[31m[91m[35m#fff[39m[31m[91m[33m;[39m[31m[91mtext-align[33m:[39m[31m[91mcenter[33m;[39m[31m[91mwhite-space[33m:[39m[31m[91mnowrap[33m;[39m[31m[91mbackground-color[33m:[39m[31m[91m[35m#ff0[39m[31m[91m[33m}[39m[31m[91m[33m.progress-bar-striped[39m[31m[91m[33m{[39m[31m[91mbackground-size[33m:[39m[31m[91m14px 14px[33m}[39m[31m[91m[33m.media[39m[31m[91m[33m{[39m[31m[91mdisplay[33m:[39m[31m[91m-ms-flexbox[33m;[39m[22m[1m[31m[39m[91mdisplay[33m:[39m[31m[91mflex[33m;[39m[31m[91m-ms-flex-align[33m:[39m[31m[91mstart[33m;[39m[31m[91malign-items[33m:[39m[31m[91mflex-start[33m}[39m[31m[91m[33m.media-body[39m[31m[91m[33m{[39m[31m[91m-ms-flex[33m:[39m[31m[91m1[33m;[39m[31m[91mflex[33m:[39m[31m[91m1[33m}[39m[31m[91m[33m.list-group[39m[31m[91m[33m{[39m[31m[91mdisplay[33m:[39m[31m[91m-ms-flexbox[33m;[39m[31m[91mdisplay[33m:[39m[31m[91mflex[33m;[39m[31m[91m-ms-flex-direction[33m:[39m[31m[91mcolumn[33m;[39m[31m[91mflex-direction[33m:[39m[31m[91mcolumn[33m;[39m[31m[91mmargin-bottom[33m:[39m[31m[91m0[33m;[39m[31m[91mborder[33m:[39m[31m[91m[33m.875px[39m[31m[91m solid [35m#bbb[39m[31m[91m[33m;[39m[31m[91mmargin-top[33m:[39m[31m[91m7px[33m;[39m[31m[91mpadding-top[33m:[39m[31m[91m6.125px[33m;[39m[31m[91mpadding-bottom[33m:[39m[31m[91m7px[33m;[39m[31m[91mmargin-bottom[33m:[39m[31m[91m6.125px[33m;[39m[31m[91mborder-left-width[33m:[39m[31m[91m2px[33m;[39m[31m[91mborder-right-width[33m:[39m[31m[91m2px[33m;[39m[31m[91mmargin-left[33m:[39m[31m[91m3.5px[33m;[39m[31m[91mpadding-left[33m:[39m[31m[91m2.5px[33m;[39m[31m[91mpadding-right[33m:[39m[31m[91m3.5px[33m;[39m[31m[91mmargin-right[33m:[39m[31m[91m2.5px[33m;[39m[31m[91mdisplay[33m:[39m[31m[91minline-block[33m;[39m[31m[91mwidth[33m:[39m[31m[91m[36mcalc[39m[31m[91m[36m(100% - 6px)[39m[31m[91m[33m}[39m[31m[91m[33m.list-group-item-action[39m[31m[91m[33m{[39m[31m[91mwidth[33m:[39m[31m[91m100%[33m;[39m[31m[91mcolor[33m:[39m[31m[91m[35m#bbb[39m[31m[91m[33m;[39m[31m[91mtext-align[33m:[39m[31m[91minherit[33m}[39m[31m[91m[33m.list-group-item-action[39m[31m[91m[33m:[39m[31m[91mfocus,.list-group-item-action[33m:[39m[31m[91mhover[33m{[39m[31m[91mz-index[33m:[39m[31m[91m1[33m;[39m[31m[91mcolor[33m:[39m[31m[91m[35m#bbb[39m[31m[91m[33m;[39m[31m[91mtext-decoration[33m:[39m[31m[91mnone[33m;[39m[31m[91mbackground-color[33m:[39m[31m[91m[35m#555[39m[31m[91m[33m}[39m[31m[91m[33m.list-group-item-action[39m[31m[91m[33m:[39m[31m[91mactive[33m{[39m[31m[91mcolor[33m:[39m[31m[91m[35m#bbb[39m[31m[91m[33m;[39m[31m[91mbackground-color[33m:[39m[31m[91m[35m#555[39m[31m[91m[[39m[22m[1m[31m33m}[39m[31m[91m[33m.list-group-item[39m[31m[91m[33m{[39m[31m[91mposition[33m:[39m[31m[91mrelative[33m;[39m[31m[91mdisplay[33m:[39m[31m[91mblock[33m;[39m[31m[91mpadding[33m:[39m[31m[91m14px 8px[33m;[39m[31m[91mbackground-color[33m:[39m[31m[91mtransparent[33m}[39m[31m[91m[33m.list-group-item.disabled,.list-group-item[39m[31m[91m[33m:[39m[31m[91mdisabled[33m{[39m[31m[91mcolor[33m:[39m[31m[91m[35m#555[39m[31m[91m[33m;[39m[31m[91mpointer-events[33m:[39m[31m[91mnone[33m;[39m[31m[91mbackground-color[33m:[39m[31m[91mtransparent[33m}[39m[31m[91m[33m.list-group-item.active[39m[31m[91m[33m{[39m[31m[91mz-index[33m:[39m[31m[91m2[33m;[39m[31m[91mcolor[33m:[39m[31m[91m[35m#fff[39m[31m[91m[33m;[39m[31m[91mbackground-color[33m:[39m[31m[91m[35m#000[39m[31m[91m[33m;[39m[31m[91mborder-color[33m:[39m[31m[91m[35m#000[39m[31m[91m[33m}[39m[31m[91m[33m.list-group-item+.list-group-item[39m[31m[91m[33m{[39m[31m[91mborder-top-width[33m:[39m[31m[91m0[33m}[39m[31m[91m[33m.list-group-item+.list-group-item.active[39m[31m[91m[33m{[39m[31m[91mmargin-top[33m:[39m[31m[91m0[33m;[39m[31m[91mborder-top-width[33m:[39m[31m[91m0[33m}[39m[31m[91m[33m.list-group-horizontal[39m[31m[91m[33m{[39m[31m[91m-ms-flex-direction[33m:[39m[31m[91mrow[33m;[39m[31m[91mflex-direction[33m:[39m[31m[91mrow[33m}[39m[31m[91m[33m.list-group-horizontal[39m[31m[91m [33m.list-group-item.active[39m[31m[91m[33m{[39m[31m[91mmargin-top[33m:[39m[31m[91m0[33m}[39m[31m[91m[33m.list-group-horizontal[39m[31m[91m [33m.list-group-item+.list-group-item[39m[31m[91m[33m{[39m[31m[91mborder-top-width[33m:[39m[31m[91m0[33m;[39m[31m[91mborder-left-width[33m:[39m[31m[91m0[33m}[39m[31m[91m[33m.list-group-horizontal[39m[31m[91m [33m.list-group-item+.list-group-item.active[39m[31m[91m[33m{[39m[31m[91mmargin-left[33m:[39m[31m[91m0[33m;[39m[31m[91mborder-left-width[33m:[39m[31m[91m0[33m}[39m[31m[91m[36m@media[39m[31m[91m[36m [39m[31m[91m[36m(min-width:576px)[39m[31m[91m[33m{[39m[31m[91m[33m.list-group-horizontal-sm[39m[31m[91m[33m{[39m[31m[91m-ms-flex-direction[33m:[39m[31m[91mrow[33m;[39m[31m[91mflex-direction[33m:[39m[31m[91mrow[[39m[22m[1m[31m33m}[39m[31m[91m[33m.list-group-horizontal-sm[39m[31m[91m [33m.list-group-item.active[39m[31m[91m[33m{[39m[31m[91mmargin-top[33m:[39m[31m[91m0[33m}[39m[31m[91m[33m.list-group-horizontal-sm[39m[31m[91m [33m.list-group-item+.list-group-item[39m[31m[91m[33m{[39m[31m[91mborder-top-width[33m:[39m[31m[91m0[33m;[39m[31m[91mborder-left-width[33m:[39m[31m[91m0[33m}[39m[31m[91m[33m.list-group-horizontal-sm[39m[31m[91m [33m.list-group-item+.list-group-item.active[39m[31m[91m[33m{[39m[31m[91mmargin-left[33m:[39m[31m[91m0[33m;[39m[31m[91mborder-left-width[33m:[39m[31m[91m0[33m}[39m[31m[91m[33m}[39m[31m[91m[36m@media[39m[31m[91m[36m [39m[31m[91m[36m(min-width:768px)[39m[31m[91m[33m{[39m[31m[91m[33m.list-group-horizontal-md[39m[31m[91m[33m{[39m[31m[91m-ms-flex-direction[33m:[39m[31m[91mrow[33m;[39m[31m[91mflex-direction[33m:[39m[31m[91mrow[33m}[39m[31m[91m[33m.list-group-horizontal-md[39m[31m[91m [33m.list-group-item.active[39m[31m[91m[33m{[39m[31m[91mmargin-top[33m:[39m[31m[91m0[33m}[39m[31m[91m[33m.list-group-horizontal-md[39m[31m[91m [33m.list-group-item+.list-group-item[39m[31m[91m[33m{[39m[31m[91mborder-top-width[33m:[39m[31m[91m0[33m;[39m[31m[91mborder-left-width[33m:[39m[31m[91m0[33m}[39m[31m[91m[33m.list-group-horizontal-md[39m[31m[91m [33m.list-group-item+.list-group-item.active[39m[31m[91m[33m{[39m[31m[91mmargin-left[33m:[39m[31m[91m0[33m;[39m[31m[91mborder-left-width[33m:[39m[31m[91m0[33m}[39m[31m[91m[33m}[39m[31m[91m[36m@media[39m[31m[91m[36m [39m[31m[91m[36m(min-width:960px)[39m[31m[91m[33m{[39m[31m[91m[33m.list-group-horizontal-lg[39m[31m[91m[33m{[39m[31m[91m-ms-flex-direction[33m:[39m[31m[91mrow[33m;[39m[31m[91mflex-direction[33m:[39m[31m[91mrow[33m}[39m[31m[91m[33m.list-group-horizontal-lg[39m[31m[91m [33m.list-group-item.active[39m[31m[91m[33m{[39m[31m[91mmargin-top[33m:[39m[31m[91m0[33m}[39m[31m[91m[33m.list-group-horizontal-lg[39m[31m[91m [33m.list-group-item+.list-group-item[39m[31m[91m[33m{[39m[31m[91mborder-top-width[33m:[39m[31m[91m0[33m;[39m[31m[91mborder-left-width[33m:[39m[31m[91m0[33m}[39m[31m[91m[33m.list-group-horizontal-lg[39m[22m[1m[31m[39m[31m[91m [33m.list-group-item+.list-group-item.active[39m[31m[91m[33m{[39m[31m[91mmargin-left[33m:[39m[31m[91m0[33m;[39m[31m[91mborder-left-width[33m:[39m[31m[91m0[33m}[39m[31m[91m[33m}[39m[31m[91m[36m@media[39m[31m[91m[36m [39m[31m[91m[36m(min-width:1152px)[39m[31m[91m[33m{[39m[31m[91m[33m.list-group-horizontal-xl[39m[31m[91m[33m{[39m[31m[91m-ms-flex-direction[33m:[39m[31m[91mrow[33m;[39m[31m[91mflex-direction[33m:[39m[31m[91mrow[33m}[39m[31m[91m[33m.list-group-horizontal-xl[39m[31m[91m [33m.list-group-item.active[39m[31m[91m[33m{[39m[31m[91mmargin-top[33m:[39m[31m[91m0[33m}[39m[31m[91m[33m.list-group-horizontal-xl[39m[31m[91m [33m.list-group-item+.list-group-item[39m[31m[91m[33m{[39m[31m[91mborder-top-width[33m:[39m[31m[91m0[33m;[39m[31m[91mborder-left-width[33m:[39m[31m[91m0[33m}[39m[31m[91m[33m.list-group-horizontal-xl[39m[31m[91m [33m.list-group-item+.list-group-item.active[39m[31m[91m[33m{[39m[31m[91mmargin-left[33m:[39m[31m[91m0[33m;[39m[31m[91mborder-left-width[33m:[39m[31m[91m0[33m}[39m[31m[91m[33m}[39m[31m[91m[33m.list-group-flush[39m[31m[91m [33m.list-group-item[39m[31m[91m[33m{[39m[31m[91mborder-right-width[33m:[39m[31m[91m0[33m;[39m[31m[91mborder-left-width[33m:[39m[31m[91m0[33m}[39m[31m[91m[33m.list-group-flush[39m[31m[91m [33m.list-group-item[39m[31m[91m[33m:[39m[31m[91mfirst-child[33m{[39m[31m[91mborder-top-width[33m:[39m[31m[91m0[33m}[39m[31m[91m[33m.list-group-flush[39m[31m[91m[33m:[39m[31m[91mlast-child [33m.list-group-item[39m[31m[91m[33m:[39m[31m[91mlast-child[33m{[39m[31m[91mborder-bottom-width[33m:[39m[31m[91m0[33m}[39m[31m[91m[33m.list-group-item-primary[39m[31m[91m[33m{[39m[31m[91mcolor[33m:[39m[31m[91m[35m#fff[39m[31m[91m[33m;[39m[31m[91mbackground-color[33m:[39m[31m[91m[35m#fff[39m[31m[91m[33m}[39m[31m[91m[33m.list-group-item-primary.list-group-item-action[39m[31m[91m[33m:[39m[31m[91mfocus,.list-group-item-primary.list-group-item-action[33m:[39m[31m[91mhover[33m{[39m[31m[91mcolor[33m:[39m[31m[91m[35m#fff[39m[31m[91m[33m;[39m[31m[91mbackground-color[33m:[39m[31m[91m[35m#fff[39m[31m[91m[33m}[39m[31m[91m[33m.list[39m[22m[1m[31m-group-item-primary.list-group-item-action.active[39m[31m[91m[33m{[39m[31m[91mcolor[33m:[39m[31m[91m[35m#fff[39m[31m[91m[33m;[39m[31m[91mbackground-color[33m:[39m[31m[91m[35m#fff[39m[31m[91m[33m;[39m[31m[91mborder-color[33m:[39m[31m[91m[35m#fff[39m[31m[91m[33m}[39m[31m[91m[33m.list-group-item-secondary[39m[31m[91m[33m{[39m[31m[91mcolor[33m:[39m[31m[91m[35m#fff[39m[31m[91m[33m;[39m[31m[91mbackground-color[33m:[39m[31m[91m[35m#fff[39m[31m[91m[33m}[39m[31m[91m[33m.list-group-item-secondary.list-group-item-action[39m[31m[91m[33m:[39m[31m[91mfocus,.list-group-item-secondary.list-group-item-action[33m:[39m[31m[91mhover[33m{[39m[31m[91mcolor[33m:[39m[31m[91m[35m#fff[39m[31m[91m[33m;[39m[31m[91mbackground-color[33m:[39m[31m[91m[35m#fff[39m[31m[91m[33m}[39m[31m[91m[33m.list-group-item-secondary.list-group-item-action.active[39m[31m[91m[33m{[39m[31m[91mcolor[33m:[39m[31m[91m[35m#fff[39m[31m[91m[33m;[39m[31m[91mbackground-color[33m:[39m[31m[91m[35m#fff[39m[31m[91m[33m;[39m[31m[91mborder-color[33m:[39m[31m[91m[35m#fff[39m[31m[91m[33m}[39m[31m[91m[33m.list-group-item-success[39m[31m[91m[33m{[39m[31m[91mcolor[33m:[39m[31m[91m[35m#5f5[39m[31m[91m[33m;[39m[31m[91mbackground-color[33m:[39m[31m[91m[35m#5f5[39m[31m[91m[33m}[39m[31m[91m[33m.list-group-item-success.list-group-item-action[39m[31m[91m[33m:[39m[31m[91mfocus,.list-group-item-success.list-group-item-action[33m:[39m[31m[91mhover[33m{[39m[31m[91mcolor[33m:[39m[31m[91m[35m#5f5[39m[31m[91m[33m;[39m[31m[91mbackground-color[33m:[39m[31m[91m[35m#5f5[39m[31m[91m[33m}[39m[31m[91m[33m.list-group-item-success.list-group-item-action.active[39m[31m[91m[33m{[39m[31m[91mcolor[33m:[39m[31m[91m[35m#fff[39m[31m[91m[33m;[39m[31m[91mbackground-color[33m:[39m[31m[91m[35m#5f5[39m[31m[91m[33m;[39m[31m[91mborder-color[33m:[39m[31m[91m[35m#5f5[39m[31m[91m[33m}[39m[31m[91m[33m.list-group-item-info[39m[31m[91m[33m{[39m[31m[91mcolor[33m:[39m[31m[91m[35m#5ff[39m[31m[91m[33m;[39m[31m[91mbackground-color[33m:[39m[31m[91m[35m#5ff[39m[31m[91m[33m}[39m[31m[91m[33m.list-group-item-info.list-group-item-action[39m[31m[91m[33m:[39m[31m[91mf[39m[22m[1m[31mocus,.list-group-item-info.list-group-item-action[33m:[39m[31m[91mhover[33m{[39m[31m[91mcolor[33m:[39m[31m[91m[35m#5ff[39m[31m[91m[33m;[39m[31m[91mbackground-color[33m:[39m[31m[91m[35m#5ff[39m[31m[91m[33m}[39m[31m[91m[33m.list-group-item-info.list-group-item-action.active[39m[31m[91m[33m{[39m[31m[91mcolor[33m:[39m[31m[91m[35m#fff[39m[31m[91m[33m;[39m[31m[91mbackground-color[33m:[39m[31m[91m[35m#5ff[39m[31m[91m[33m;[39m[31m[91mborder-color[33m:[39m[31m[91m[35m#5ff[39m[31m[91m[33m}[39m[31m[91m[33m.list-group-item-warning[39m[31m[91m[33m{[39m[31m[91mcolor[33m:[39m[31m[91m[35m#ff5[39m[31m[91m[33m;[39m[31m[91mbackground-color[33m:[39m[31m[91m[35m#ff5[39m[31m[91m[33m}[39m[31m[91m[33m.list-group-item-warning.list-group-item-action[39m[31m[91m[33m:[39m[31m[91mfocus,.list-group-item-warning.list-group-item-action[33m:[39m[31m[91mhover[33m{[39m[31m[91mcolor[33m:[39m[31m[91m[35m#ff5[39m[31m[91m[33m;[39m[31m[91mbackground-color[33m:[39m[31m[91m[35m#ff5[39m[31m[91m[33m}[39m[31m[91m[33m.list-group-item-warning.list-group-item-action.active[39m[31m[91m[33m{[39m[31m[91mcolor[33m:[39m[31m[91m[35m#fff[39m[31m[91m[33m;[39m[31m[91mbackground-color[33m:[39m[31m[91m[35m#ff5[39m[31m[91m[33m;[39m[31m[91mborder-color[33m:[39m[31m[91m[35m#ff5[39m[31m[91m[33m}[39m[31m[91m[33m.list-group-item-danger[39m[31m[91m[33m{[39m[31m[91mcolor[33m:[39m[31m[91m[35m#f55[39m[31m[91m[33m;[39m[31m[91mbackground-color[33m:[39m[31m[91m[35m#f55[39m[31m[91m[33m}[39m[31m[91m[33m.list-group-item-danger.list-group-item-action[39m[31m[91m[33m:[39m[31m[91mfocus,.list-group-item-danger.list-group-item-action[33m:[39m[31m[91mhover[33m{[39m[31m[91mcolor[33m:[39m[31m[91m[35m#f55[39m[31m[91m[33m;[39m[31m[91mbackground-color[33m:[39m[31m[91m[35m#f55[39m[31m[91m[33m}[39m[31m[91m[33m.list-group-item-danger.list-group-item-action.active[39m[31m[91m[33m{[39m[31m[91mcolor[33m:[39m[31m[91m[35m#fff[39m[31m[91m[33m;[39m[31m[91mbackground-color[33m:[39m[31m[91m[35m#f55[39m[31m[91m[33m;[39m[31m[91mborder-color[33m:[39m[31m[91m[35m#f55[39m[31m[91m[33m}[39m[31m[91m[33m.list-group-item-light.list-group-item-act[39m[22m[1m[31mion.active[39m[31m[91m[33m{[39m[31m[91mcolor[33m:[39m[31m[91m[35m#fff[39m[31m[91m[33m}[39m[31m[91m[33m.list-group-item-dark[39m[31m[91m[33m{[39m[31m[91mcolor[33m:[39m[31m[91m[35m#555[39m[31m[91m[33m;[39m[31m[91mbackground-color[33m:[39m[31m[91m[35m#555[39m[31m[91m[33m}[39m[31m[91m[33m.list-group-item-dark.list-group-item-action[39m[31m[91m[33m:[39m[31m[91mfocus,.list-group-item-dark.list-group-item-action[33m:[39m[31m[91mhover[33m{[39m[31m[91mcolor[33m:[39m[31m[91m[35m#555[39m[31m[91m[33m;[39m[31m[91mbackground-color[33m:[39m[31m[91m[35m#555[39m[31m[91m[33m}[39m[31m[91m[33m.list-group-item-dark.list-group-item-action.active[39m[31m[91m[33m{[39m[31m[91mcolor[33m:[39m[31m[91m[35m#fff[39m[31m[91m[33m;[39m[31m[91mbackground-color[33m:[39m[31m[91m[35m#555[39m[31m[91m[33m;[39m[31m[91mborder-color[33m:[39m[31m[91m[35m#555[39m[31m[91m[33m}[39m[31m[91m[33m.close[39m[31m[91m[33m{[39m[31m[91mfloat[33m:[39m[31m[91mright[33m;[39m[31m[91mline-height[33m:[39m[31m[91m1[33m;[39m[31m[91mcolor[33m:[39m[31m[91m[35m#fff[39m[31m[91m[33m}[39m[31m[91m[33m.close[39m[31m[91m[33m:[39m[31m[91mhover[33m{[39m[31m[91mcolor[33m:[39m[31m[91m[35m#fff[39m[31m[91m[33m;[39m[31m[91mtext-decoration[33m:[39m[31m[91mnone[33m}[39m[31m[91mbutton.close[33m{[39m[31m[91mpadding[33m:[39m[31m[91m0 0 0 8px[33m;[39m[31m[91mbackground-color[33m:[39m[31m[91mtransparent[33m;[39m[31m[91mborder[33m:[39m[31m[91m0[33m;[39m[31m[91m-webkit-appearance[33m:[39m[31m[91mnone[33m;[39m[31m[91m-moz-appearance[33m:[39m[31m[91mnone[33m;[39m[31m[91mappearance[33m:[39m[31m[91mnone[33m}[39m[31m[91ma.close.disabled[33m{[39m[31m[91mpointer-events[33m:[39m[31m[91mnone[33m}[39m[31m[91m[33m.toast[39m[31m[91m[33m{[39m[31m[91mmax-width[33m:[39m[31m[91m360px[33m;[39m[31m[91moverflow[33m:[39m[31m[91mhidden[33m;[39m[31m[91mcolor[33m:[39m[31m[91m[35m#000[39m[31m[91m[33m;[39m[31m[91mpadding[33m:[39m[31m[91m0[33m;[39m[31m[91mbackground-color[33m:[39m[31m[91m[35m#bbb[39m[31m[91m[33m;[39m[31m[91mbackground-clip[33m:[39m[31m[91mpadding-box[33m;[39m[31m[91mopacity[33m:[39m[31m[91m0[33m}[39m[31m[91m[33m.toast[39m[31m[91m[33m:[39m[31m[91m[[39m[22m[1m[31m36mnot[39m[31m[91m[36m(:last-child)[39m[31m[91m[33m{[39m[31m[91mmargin-bottom[33m:[39m[31m[91m8px[33m}[39m[31m[91m[33m.toast.showing[39m[31m[91m[33m{[39m[31m[91mopacity[33m:[39m[31m[91m1[33m}[39m[31m[91m[33m.toast.show[39m[31m[91m[33m{[39m[31m[91mdisplay[33m:[39m[31m[91mblock[33m;[39m[31m[91mopacity[33m:[39m[31m[91m1[33m}[39m[31m[91m[33m.toast.hide[39m[31m[91m[33m{[39m[31m[91mdisplay[33m:[39m[31m[91mnone[33m}[39m[31m[91m[33m.toast-header[39m[31m[91m[33m{[39m[31m[91mdisplay[33m:[39m[31m[91m-ms-flexbox[33m;[39m[31m[91mdisplay[33m:[39m[31m[91mflex[33m;[39m[31m[91m-ms-flex-align[33m:[39m[31m[91mcenter[33m;[39m[31m[91malign-items[33m:[39m[31m[91mcenter[33m;[39m[31m[91mpadding[33m:[39m[31m[91m0 8px[33m;[39m[31m[91mcolor[33m:[39m[31m[91m[35m#fff[39m[31m[91m[33m;[39m[31m[91mbackground-color[33m:[39m[31m[91m[35m#a0a[39m[31m[91m[33m}[39m[31m[91m[33m.toast-body[39m[31m[91m[33m{[39m[31m[91mpadding[33m:[39m[31m[91m8px[33m}[39m[31m[91m[33m.modal-open[39m[31m[91m[33m{[39m[31m[91moverflow[33m:[39m[31m[91mhidden[33m}[39m[31m[91m[33m.modal-open[39m[31m[91m [33m.modal[39m[31m[91m[33m{[39m[31m[91moverflow-x[33m:[39m[31m[91mhidden[33m;[39m[31m[91moverflow-y[33m:[39m[31m[91mauto[33m}[39m[31m[91m[33m.modal[39m[31m[91m[33m{[39m[31m[91mposition[33m:[39m[31m[91mfixed[33m;[39m[31m[91mtop[33m:[39m[31m[91m0[33m;[39m[31m[91mleft[33m:[39m[31m[91m0[33m;[39m[31m[91mz-index[33m:[39m[31m[91m1050[33m;[39m[31m[91mdisplay[33m:[39m[31m[91mnone[33m;[39m[31m[91mwidth[33m:[39m[31m[91m100%[33m;[39m[31m[91mheight[33m:[39m[31m[91m100%[33m;[39m[31m[91moverflow[33m:[39m[31m[91mhidden[33m;[39m[31m[91moutline[33m:[39m[31m[91m0[33m;[39m[31m[91m-webkit-filter[33m:[39m[31m[91m[36mdrop-shadow[39m[31m[91m[36m(7px 8px 0 #000)[39m[31m[91m[33m;[39m[31m[91mfilter[33m:[39m[31m[91m[36mdrop-shadow[39m[31m[91m[36m(7px 8px 0 #000)[39m[31m[91m[33m;[39m[31m[91mmargin-right[33m:[39m[31m[91m10.5px[33m;[39m[31m[91mmargin-bottom[33m:[39m[31m[91m14px[33m}[39m[31m[91m[33m.modal[39m[31m[91m [33m.btn[39m[31m[91m[33m{[39m[31m[91m-webkit-filter[33m:[39m[31m[91m[36mdrop-shadow[39m[31m[91m[36m(7px 8px 0 #000)[39m[31m[91m[33m;[39[39m[22m[1m[31mm[91mfilter[33m:[39m[31m[91m[36mdrop-shadow[39m[31m[91m[36m(7px 8px 0 #000)[39m[31m[91m[33m;[39m[31m[91mmargin-right[33m:[39m[31m[91m10.5px[33m;[39m[31m[91mbackground[33m:[39m[31m[91m[35m#fff[39m[31m[91m[33m}[39m[31m[91m[33m.modal[39m[31m[91m [33m.btn[39m[31m[91m[33m:[39m[31m[91m[33m:[39m[31m[91mfirst-letter[33m{[39m[31m[91mcolor[33m:[39m[31m[91m[35m#f55[39m[31m[91m[33m}[39m[31m[91m[33m.modal[39m[31m[91m [33m.btn[39m[31m[91m[33m:[39m[31m[91mhover[33m{[39m[31m[91mcolor[33m:[39m[31m[91m[35m#000[39m[31m[91m[33m}[39m[31m[91m[33m.modal-dialog[39m[31m[91m[33m{[39m[31m[91mposition[33m:[39m[31m[91mrelative[33m;[39m[31m[91mwidth[33m:[39m[31m[91mauto[33m;[39m[31m[91mpointer-events[33m:[39m[31m[91mnone[33m}[39m[31m[91m[33m.modal.fade[39m[31m[91m [33m.modal-dialog[39m[31m[91m[33m{[39m[31m[91m-webkit-transform[33m:[39m[31m[91m[36mtranslate[39m[31m[91m[36m(0,-50px)[39m[31m[91m[33m;[39m[31m[91mtransform[33m:[39m[31m[91m[36mtranslate[39m[31m[91m[36m(0,-50px)[39m[31m[91m[33m}[39m[31m[91m[33m.modal.show[39m[31m[91m [33m.modal-dialog[39m[31m[91m[33m{[39m[31m[91m-webkit-transform[33m:[39m[31m[91mnone[33m;[39m[31m[91mtransform[33m:[39m[31m[91mnone[33m}[39m[31m[91m[33m.modal.modal-static[39m[31m[91m [33m.modal-dialog[39m[31m[91m[33m{[39m[31m[91m-webkit-transform[33m:[39m[31m[91m[36mscale[39m[31m[91m[36m(1.02)[39m[31m[91m[33m;[39m[31m[91mtransform[33m:[39m[31m[91m[36mscale[39m[31m[91m[36m(1.02)[39m[31m[91m[33m}[39m[31m[91m[33m.modal-dialog-scrollable[39m[31m[91m[33m{[39m[31m[91mdisplay[33m:[39m[31m[91m-ms-flexbox[33m;[39m[31m[91mdisplay[33m:[39m[31m[91mflex[33m}[39m[31m[91m[33m.modal-dialog-scrollable[39m[31m[91m [33m.modal-content[39m[31m[91m[33m{[39m[31m[91moverflow[33m:[39m[31m[91mhidden[33m}[39m[31m[91m[33m.modal-dialog-scrollable[39m[31m[91m [33m.modal-footer,.modal-dialog-scrollable[39m[31m[91m [33m.modal-header[39m[31m[91m[33m{[39m[31m[91m-ms-flex-negative[33m:[39m[31m[91m0[33m;[39m[31m[91mflex-shrink[33m:[39m[31m[91m0[33m}[39m[31m[91m[33m.modal-dialog-scrollable[39m[31m[91m [33m.modal-body[39m[31m[91m[33m{[39m[31m[91moverflow-y[33m:[39m[31m[91mauto[33m}[39m[31m[9[39m[22m[1m[31m1m[33m.modal-dialog-centered[39m[31m[91m[33m{[39m[31m[91mdisplay[33m:[39m[31m[91m-ms-flexbox[33m;[39m[31m[91mdisplay[33m:[39m[31m[91mflex[33m;[39m[31m[91m-ms-flex-align[33m:[39m[31m[91mcenter[33m;[39m[31m[91malign-items[33m:[39m[31m[91mcenter[33m}[39m[31m[91m[33m.modal-dialog-centered[39m[31m[91m[33m:[39m[31m[91m[33m:[39m[31m[91mbefore[33m{[39m[31m[91mdisplay[33m:[39m[31m[91mblock[33m;[39m[31m[91mcontent[33m:[39m[31m[91m[32m""[39m[31m[91m[33m}[39m[31m[91m[33m.modal-dialog-centered.modal-dialog-scrollable[39m[31m[91m[33m{[39m[31m[91m-ms-flex-direction[33m:[39m[31m[91mcolumn[33m;[39m[31m[91mflex-direction[33m:[39m[31m[91mcolumn[33m;[39m[31m[91m-ms-flex-pack[33m:[39m[31m[91mcenter[33m;[39m[31m[91mjustify-content[33m:[39m[31m[91mcenter[33m;[39m[31m[91mheight[33m:[39m[31m[91m100%[33m}[39m[31m[91m[33m.modal-dialog-centered.modal-dialog-scrollable[39m[31m[91m [33m.modal-content[39m[31m[91m[33m{[39m[31m[91mmax-height[33m:[39m[31m[91mnone[33m}[39m[31m[91m[33m.modal-dialog-centered.modal-dialog-scrollable[39m[31m[91m[33m:[39m[31m[91m[33m:[39m[31m[91mbefore[33m{[39m[31m[91mcontent[33m:[39m[31m[91mnone[33m}[39m[31m[91m[33m.modal-content[39m[31m[91m[33m{[39m[31m[91mposition[33m:[39m[31m[91mrelative[33m;[39m[31m[91mdisplay[33m:[39m[31m[91m-ms-flexbox[33m;[39m[31m[91mdisplay[33m:[39m[31m[91mflex[33m;[39m[31m[91m-ms-flex-direction[33m:[39m[31m[91mcolumn[33m;[39m[31m[91mflex-direction[33m:[39m[31m[91mcolumn[33m;[39m[31m[91mwidth[33m:[39m[31m[91m100%[33m;[39m[31m[91mcolor[33m:[39m[31m[91m[35m#000[39m[31m[91m[33m;[39m[31m[91mpointer-events[33m:[39m[31m[91mauto[33m;[39m[31m[91mbackground-color[33m:[39m[31m[91m[35m#bbb[39m[31m[91m[33m;[39m[31m[91mbackground-clip[33m:[39m[31m[91mpadding-box[33m;[39m[31m[91moutline[33m:[39m[31m[91m0[33m}[39m[31m[91m[33m.modal-backdrop[39m[31m[91m[33m{[39m[31m[91mposition[33m:[39m[31m[91mfixed[33m;[39m[31m[91mtop[33m:[39m[31m[91m0[33m;[39m[31m[91mleft[33m:[39m[31m[91m0[33m;[39m[31m[91mz-index[33m:[39m[31m[91m1040[33m;[39m[31m[91mwidth[33m:[39m[31m[91m100vw[33m;[39m[31m[91mheight[33m:[39m[31m[91m100vh[33m;[39m[31m[91mbackground-color[33[39m[22m[1m[31mm:[39m[31m[91m[35m#000[39m[31m[91m[33m}[39m[31m[91m[33m.modal-backdrop.fade[39m[31m[91m[33m{[39m[31m[91mopacity[33m:[39m[31m[91m0[33m}[39m[31m[91m[33m.modal-header[39m[31m[91m[33m{[39m[31m[91mdisplay[33m:[39m[31m[91m-ms-flexbox[33m;[39m[31m[91mdisplay[33m:[39m[31m[91mflex[33m;[39m[31m[91m-ms-flex-align[33m:[39m[31m[91mstart[33m;[39m[31m[91malign-items[33m:[39m[31m[91mflex-start[33m;[39m[31m[91m-ms-flex-pack[33m:[39m[31m[91mjustify[33m;[39m[31m[91mjustify-content[33m:[39m[31m[91mspace-between[33m;[39m[31m[91mpadding[33m:[39m[31m[91m0 8px[33m;[39m[31m[91mbackground[33m:[39m[31m[91m[35m#a0a[39m[31m[91m[33m;[39m[31m[91mcolor[33m:[39m[31m[91m[35m#fff[39m[31m[91m[33m}[39m[31m[91m[33m.modal-header[39m[31m[91m [33m.h1,.modal-header[39m[31m[91m [33m.h2,.modal-header[39m[31m[91m [33m.h3,.modal-header[39m[31m[91m [33m.h4,.modal-header[39m[31m[91m [33m.h5,.modal-header[39m[31m[91m [33m.h6,.modal-header[39m[31m[91m h1,.modal-header h2,.modal-header h3,.modal-header h4,.modal-header h5,.modal-header h6[33m{[39m[31m[91mborder[33m:[39m[31m[91m0[33m;[39m[31m[91mpadding[33m:[39m[31m[91m0[33m;[39m[31m[91mmargin[33m:[39m[31m[91m0[33m;[39m[31m[91m-webkit-animation[33m:[39m[31m[91mnone[33m;[39m[31m[91manimation[33m:[39m[31m[91mnone[33m}[39m[31m[91m[33m.modal-header[39m[31m[91m [33m.h1[39m[31m[91m[33m:[39m[31m[91m[33m:[39m[31m[91mafter,.modal-header [33m.h1[39m[31m[91m[33m:[39m[31m[91m[33m:[39m[31m[91mbefore,.modal-header [33m.h2[39m[31m[91m[33m:[39m[31m[91m[33m:[39m[31m[91mafter,.modal-header [33m.h2[39m[31m[91m[33m:[39m[31m[91m[33m:[39m[31m[91mbefore,.modal-header [33m.h3[39m[31m[91m[33m:[39m[31m[91m[33m:[39m[31m[91mafter,.modal-header [33m.h3[39m[31m[91m[33m:[39m[31m[91m[33m:[39m[31m[91mbefore,.modal-header [33m.h4[39m[31m[91m[33m:[39m[31m[91m[33m:[39m[31m[91mafter,.modal-header [33m.h4[39m[31m[91m[33m:[39m[31m[91m[33m:[39m[31m[91mbefore,.modal-header [33m.h5[39m[31m[91m[33m:[39m[31m[91m[33m:[39m[31m[91mafter,.modal-header [33m.h5[39m[31m[91m[33m:[39m[31m[91m[33m:[39m[31m[91mbefore,.modal-header [33m.h6[39m[31m[91m[33m:[39m[31m[91m[33m:[39m[31m[91mafter,.modal-heade[39m[22m[1m[31mr [33m.h6[39m[31m[91m[33m:[39m[31m[91m[33m:[39m[31m[91mbefore,.modal-header h1[33m:[39m[31m[91m[33m:[39m[31m[91mafter,.modal-header h1[33m:[39m[31m[91m[33m:[39m[31m[91mbefore,.modal-header h2[33m:[39m[31m[91m[33m:[39m[31m[91mafter,.modal-header h2[33m:[39m[31m[91m[33m:[39m[31m[91mbefore,.modal-header h3[33m:[39m[31m[91m[33m:[39m[31m[91mafter,.modal-header h3[33m:[39m[31m[91m[33m:[39m[31m[91mbefore,.modal-header h4[33m:[39m[31m[91m[33m:[39m[31m[91mafter,.modal-header h4[33m:[39m[31m[91m[33m:[39m[31m[91mbefore,.modal-header h5[33m:[39m[31m[91m[33m:[39m[31m[91mafter,.modal-header h5[33m:[39m[31m[91m[33m:[39m[31m[91mbefore,.modal-header h6[33m:[39m[31m[91m[33m:[39m[31m[91mafter,.modal-header h6[33m:[39m[31m[91m[33m:[39m[31m[91mbefore[33m{[39m[31m[91mcontent[33m:[39m[31m[91m[32m''[39m[31m[91m[33m}[39m[31m[91m[33m.modal-header[39m[31m[91m [33m.close[39m[31m[91m[33m{[39m[31m[91mpadding[33m:[39m[31m[91m0 8px[33m;[39m[31m[91mmargin[33m:[39m[31m[91m0 -8px 0 auto[33m}[39m[31m[91m[33m.modal-body[39m[31m[91m[33m{[39m[31m[91mposition[33m:[39m[31m[91mrelative[33m;[39m[31m[91m-ms-flex[33m:[39m[31m[91m1 1 auto[33m;[39m[31m[91mflex[33m:[39m[31m[91m1 1 auto[33m;[39m[31m[91mpadding[33m:[39m[31m[91m14px 16px[33m}[39m[31m[91m[33m.modal-footer[39m[31m[91m[33m{[39m[31m[91mdisplay[33m:[39m[31m[91m-ms-flexbox[33m;[39m[31m[91mdisplay[33m:[39m[31m[91mflex[33m;[39m[31m[91m-ms-flex-wrap[33m:[39m[31m[91mwrap[33m;[39m[31m[91mflex-wrap[33m:[39m[31m[91mwrap[33m;[39m[31m[91m-ms-flex-align[33m:[39m[31m[91mcenter[33m;[39m[31m[91malign-items[33m:[39m[31m[91mcenter[33m;[39m[31m[91m-ms-flex-pack[33m:[39m[31m[91mend[33m;[39m[31m[91mjustify-content[33m:[39m[31m[91mflex-end[33m;[39m[31m[91mpadding[33m:[39m[31m[91m0 8px 14px[33m}[39m[31m[91m[33m.modal-footer>*[39m[31m[91m[33m{[39m[31m[91mmargin[33m:[39m[31m[91m0 8px[33m}[39m[31m[91m[33m.modal-scrollbar-measure[39m[31m[91m[33m{[39m[31m[91mposition[33m:[39m[31m[91mabsolute[33m;[39m[31m[91mtop[33m:[39m[31m[91m-9999px[33m;[39m[31m[91mwidth[33m:[39m[31m[91m50px[33m;[39m[31m[91mheight[33m:[39m[31m[91m50px[33m;[39m[31m[91moverflow[33m:[39m[31m[91m[39m[22m[1m[31mscroll[33m}[39m[31m[91m[36m@media[39m[31m[91m[36m [39m[31m[91m[36m(min-width:576px)[39m[31m[91m[33m{[39m[31m[91m[33m.modal-dialog[39m[31m[91m[33m{[39m[31m[91mmax-width[33m:[39m[31m[91m480px[33m}[39m[31m[91m[33m.modal-sm[39m[31m[91m[33m{[39m[31m[91mmax-width[33m:[39m[31m[91m240px[33m}[39m[31m[91m[33m}[39m[31m[91m[36m@media[39m[31m[91m[36m [39m[31m[91m[36m(min-width:960px)[39m[31m[91m[33m{[39m[31m[91m[33m.modal-lg,.modal-xl[39m[31m[91m[33m{[39m[31m[91mmax-width[33m:[39m[31m[91m800px[33m}[39m[31m[91m[33m}[39m[31m[91m[36m@media[39m[31m[91m[36m [39m[31m[91m[36m(min-width:1152px)[39m[31m[91m[33m{[39m[31m[91m[33m.modal-xl[39m[31m[91m[33m{[39m[31m[91mmax-width[33m:[39m[31m[91m1120px[33m}[39m[31m[91m[33m}[39m[31m[91m[33m.tooltip[39m[31m[91m[33m{[39m[31m[91mposition[33m:[39m[31m[91mabsolute[33m;[39m[31m[91mz-index[33m:[39m[31m[91m1070[33m;[39m[31m[91mdisplay[33m:[39m[31m[91mblock[33m;[39m[31m[91mmargin[33m:[39m[31m[91m0[33m;[39m[31m[91mfont-family[33m:[39m[31m[91mDOS,Monaco,Menlo,Consolas,[32m"Courier New"[39m[31m[91m,monospace[33m;[39m[31m[91mfont-style[33m:[39m[31m[91mnormal[33m;[39m[31m[91mfont-weight[33m:[39m[31m[91m400[33m;[39m[31m[91mline-height[33m:[39m[31m[91m14px[33m;[39m[31m[91mtext-align[33m:[39m[31m[91mleft[33m;[39m[31m[91mtext-align[33m:[39m[31m[91mstart[33m;[39m[31m[91mtext-decoration[33m:[39m[31m[91mnone[33m;[39m[31m[91mtext-shadow[33m:[39m[31m[91mnone[33m;[39m[31m[91mtext-transform[33m:[39m[31m[91mnone[33m;[39m[31m[91mletter-spacing[33m:[39m[31m[91mnormal[33m;[39m[31m[91mword-break[33m:[39m[31m[91mnormal[33m;[39m[31m[91mword-spacing[33m:[39m[31m[91mnormal[33m;[39m[31m[91mwhite-space[33m:[39m[31m[91mnormal[33m;[39m[31m[91mline-break[33m:[39m[31m[91mauto[33m;[39m[31m[91mword-wrap[33m:[39m[31m[91mbreak-word[33m;[39m[31m[91mopacity[33m:[39m[31m[91m0[33m}[39m[31m[91m[33m.tooltip.show[39m[31m[91m[33m{[39m[31m[91mopacity[33m:[39m[31m[91m1[33m}[39m[31m[91m[33m.tooltip[39m[31m[91m [33m.arrow[39m[31m[91m[33m{[39m[31m[91mposition[33m:[39m[31m[91mabsolute[33m;[39m[31m[91mdisplay[33m:[39m[31m[91mblock[33m;[39m[31m[91mcolor[33m:[39m[31m[91m[35m#000[39m[31m[91m[39m[22m[1m[31m[33m;[39m[31m[91mwidth[33m:[39m[31m[91m8px[33m;[39m[31m[91mheight[33m:[39m[31m[91m14px[33m}[39m[31m[91m[33m.tooltip[39m[31m[91m [33m.arrow[39m[31m[91m[33m:[39m[31m[91m[33m:[39m[31m[91mbefore[33m{[39m[31m[91mposition[33m:[39m[31m[91mabsolute[33m;[39m[31m[91mcontent[33m:[39m[31m[91m[32m""[39m[31m[91m[33m;[39m[31m[91mborder-color[33m:[39m[31m[91mtransparent[33m;[39m[31m[91mborder-style[33m:[39m[31m[91msolid[33m}[39m[31m[91m[33m.bs-tooltip-auto[39m[31m[91m[33m[[39m[31m[91mx-placement^=top[33m][39m[31m[91m,.bs-tooltip-top[33m{[39m[31m[91mpadding[33m:[39m[31m[91m14px 0[33m}[39m[31m[91m[33m.bs-tooltip-auto[39m[31m[91m[33m[[39m[31m[91mx-placement^=top[33m][39m[31m[91m [33m.arrow,.bs-tooltip-top[39m[31m[91m [33m.arrow[39m[31m[91m[33m{[39m[31m[91mbottom[33m:[39m[31m[91m0[33m}[39m[31m[91m[33m.bs-tooltip-auto[39m[31m[91m[33m[[39m[31m[91mx-placement^=top[33m][39m[31m[91m [33m.arrow[39m[31m[91m[33m:[39m[31m[91m[33m:[39m[31m[91mafter,.bs-tooltip-top [33m.arrow[39m[31m[91m[33m:[39m[31m[91m[33m:[39m[31m[91mafter[33m{[39m[31m[91mcontent[33m:[39m[31m[91m[32m'\25bc'[39m[31m[91m[33m}[39m[31m[91m[33m.bs-tooltip-auto[39m[31m[91m[33m[[39m[31m[91mx-placement^=top[33m][39m[31m[91m [33m.arrow[39m[31m[91m[33m:[39m[31m[91m[33m:[39m[31m[91mbefore,.bs-tooltip-top [33m.arrow[39m[31m[91m[33m:[39m[31m[91m[33m:[39m[31m[91mbefore[33m{[39m[31m[91mtop[33m:[39m[31m[91m0[33m}[39m[31m[91m[33m.bs-tooltip-auto[39m[31m[91m[33m[[39m[31m[91mx-placement^=right[33m][39m[31m[91m,.bs-tooltip-right[33m{[39m[31m[91mpadding[33m:[39m[31m[91m0 8px[33m}[39m[31m[91m[33m.bs-tooltip-auto[39m[31m[91m[33m[[39m[31m[91mx-placement^=right[33m][39m[31m[91m [33m.arrow,.bs-tooltip-right[39m[31m[91m [33m.arrow[39m[31m[91m[33m{[39m[31m[91mleft[33m:[39m[31m[91m0[33m}[39m[31m[91m[33m.bs-tooltip-auto[39m[31m[91m[33m[[39m[31m[91mx-placement^=right[33m][39m[31m[91m [33m.arrow[39m[31m[91m[33m:[39m[31m[91m[33m:[39m[31m[91mbefore,.bs-tooltip-right [33m.arrow[39m[31m[91m[33m:[39m[31m[91m[33m:[39m[31m[91mbefore[33m{[39m[31m[91mright[33m:[39m[31m[91m0[33m;[39m[31m[91mcontent[33m:[39m[31m[91m[32m'\25c4'[39m[31m[91m[33m}[39m[31m[91[39m[22m[1m[31mm[33m.bs-tooltip-auto[39m[31m[91m[33m[[39m[31m[91mx-placement^=bottom[33m][39m[31m[91m,.bs-tooltip-bottom[33m{[39m[31m[91mpadding[33m:[39m[31m[91m14px 0[33m}[39m[31m[91m[33m.bs-tooltip-auto[39m[31m[91m[33m[[39m[31m[91mx-placement^=bottom[33m][39m[31m[91m [33m.arrow,.bs-tooltip-bottom[39m[31m[91m [33m.arrow[39m[31m[91m[33m{[39m[31m[91mtop[33m:[39m[31m[91m0[33m}[39m[31m[91m[33m.bs-tooltip-auto[39m[31m[91m[33m[[39m[31m[91mx-placement^=bottom[33m][39m[31m[91m [33m.arrow[39m[31m[91m[33m:[39m[31m[91m[33m:[39m[31m[91mafter,.bs-tooltip-bottom [33m.arrow[39m[31m[91m[33m:[39m[31m[91m[33m:[39m[31m[91mafter[33m{[39m[31m[91mcontent[33m:[39m[31m[91m[32m'\25b2'[39m[31m[91m[33m}[39m[31m[91m[33m.bs-tooltip-auto[39m[31m[91m[33m[[39m[31m[91mx-placement^=left[33m][39m[31m[91m,.bs-tooltip-left[33m{[39m[31m[91mpadding[33m:[39m[31m[91m0 8px[33m}[39m[31m[91m[33m.bs-tooltip-auto[39m[31m[91m[33m[[39m[31m[91mx-placement^=left[33m][39m[31m[91m [33m.arrow,.bs-tooltip-left[39m[31m[91m [33m.arrow[39m[31m[91m[33m{[39m[31m[91mright[33m:[39m[31m[91m0[33m}[39m[31m[91m[33m.bs-tooltip-auto[39m[31m[91m[33m[[39m[31m[91mx-placement^=left[33m][39m[31m[91m [33m.arrow[39m[31m[91m[33m:[39m[31m[91m[33m:[39m[31m[91mafter,.bs-tooltip-left [33m.arrow[39m[31m[91m[33m:[39m[31m[91m[33m:[39m[31m[91mafter[33m{[39m[31m[91mcontent[33m:[39m[31m[91m[32m'\25ba'[39m[31m[91m[33m}[39m[31m[91m[33m.tooltip-inner[39m[31m[91m[33m{[39m[31m[91mmax-width[33m:[39m[31m[91m200px[33m;[39m[31m[91mpadding[33m:[39m[31m[91m0 8px[33m;[39m[31m[91mcolor[33m:[39m[31m[91m[35m#fff[39m[31m[91m[33m;[39m[31m[91mtext-align[33m:[39m[31m[91mcenter[33m;[39m[31m[91mbackground-color[33m:[39m[31m[91m[35m#000[39m[31m[91m[33m}[39m[31m[91m[33m.popover[39m[31m[91m[33m{[39m[31m[91mposition[33m:[39m[31m[91mabsolute[33m;[39m[31m[91mtop[33m:[39m[31m[91m0[33m;[39m[31m[91mleft[33m:[39m[31m[91m0[33m;[39m[31m[91mz-index[33m:[39m[31m[91m1060[33m;[39m[31m[91mdisplay[33m:[39m[31m[91mblock[33m;[39m[31m[91mmax-width[33m:[39m[31m[91m280px[33m;[39m[31m[91mfont-family[33m:[39m[31m[91mDOS,Monaco,Menlo,Consolas,[32m"Courier New"[39m[31m[91m,monospace[33m;[39[39m[22m[1m[31mm[91mfont-style[33m:[39m[31m[91mnormal[33m;[39m[31m[91mfont-weight[33m:[39m[31m[91m400[33m;[39m[31m[91mline-height[33m:[39m[31m[91m14px[33m;[39m[31m[91mtext-align[33m:[39m[31m[91mleft[33m;[39m[31m[91mtext-align[33m:[39m[31m[91mstart[33m;[39m[31m[91mtext-decoration[33m:[39m[31m[91mnone[33m;[39m[31m[91mtext-shadow[33m:[39m[31m[91mnone[33m;[39m[31m[91mtext-transform[33m:[39m[31m[91mnone[33m;[39m[31m[91mletter-spacing[33m:[39m[31m[91mnormal[33m;[39m[31m[91mword-break[33m:[39m[31m[91mnormal[33m;[39m[31m[91mword-spacing[33m:[39m[31m[91mnormal[33m;[39m[31m[91mwhite-space[33m:[39m[31m[91mnormal[33m;[39m[31m[91mline-break[33m:[39m[31m[91mauto[33m;[39m[31m[91mword-wrap[33m:[39m[31m[91mbreak-word[33m;[39m[31m[91mbackground-color[33m:[39m[31m[91m[35m#bbb[39m[31m[91m[33m;[39m[31m[91mbackground-clip[33m:[39m[31m[91mpadding-box[33m}[39m[31m[91m[33m.popover[39m[31m[91m [33m.h3,.popover[39m[31m[91m h3[33m{[39m[31m[91mborder[33m:[39m[31m[91m0[33m;[39m[31m[91mpadding[33m:[39m[31m[91m0[33m;[39m[31m[91mmargin[33m:[39m[31m[91m0[33m;[39m[31m[91mbox-shadow[33m:[39m[31m[91m0[33m}[39m[31m[91m[33m.popover[39m[31m[91m [33m.arrow[39m[31m[91m[33m{[39m[31m[91mposition[33m:[39m[31m[91mabsolute[33m;[39m[31m[91mdisplay[33m:[39m[31m[91mblock[33m;[39m[31m[91mwidth[33m:[39m[31m[91m8px[33m;[39m[31m[91mheight[33m:[39m[31m[91m14px[33m;[39m[31m[91mmargin[33m:[39m[31m[91m0[33m;[39m[31m[91mbackground[33m:[39m[31m[91m0 0[33m}[39m[31m[91m[33m.popover[39m[31m[91m [33m.arrow[39m[31m[91m[33m:[39m[31m[91m[33m:[39m[31m[91mafter,.popover [33m.arrow[39m[31m[91m[33m:[39m[31m[91m[33m:[39m[31m[91mbefore[33m{[39m[31m[91mposition[33m:[39m[31m[91mabsolute[33m;[39m[31m[91mdisplay[33m:[39m[31m[91mblock[33m;[39m[31m[91mcontent[33m:[39m[31m[91m[32m""[39m[31m[91m[33m}[39m[31m[91m[33m.bs-popover-auto[39m[31m[91m[33m[[39m[31m[91mx-placement^=top[33m][39m[31m[91m,.bs-popover-top[33m{[39m[31m[91mmargin-bottom[33m:[39m[31m[91m14px[33m}[39m[31m[91m[33m.bs-popover-auto[39m[31m[91m[33m[[39m[31m[91mx-placement^=top[33m][39m[31m[91m>.arrow,.bs-popover-top>.arrow[33m{[39m[31m[91mbottom[33m:[39m[31m[91m-14px[33m}[39m[31m[9[39m[22m[1m[31m1m[33m.bs-popover-auto[39m[31m[91m[33m[[39m[31m[91mx-placement^=top[33m][39m[31m[91m>.arrow[33m:[39m[31m[91m[33m:[39m[31m[91mafter,.bs-popover-top>.arrow[33m:[39m[31m[91m[33m:[39m[31m[91mafter[33m{[39m[31m[91mcontent[33m:[39m[31m[91m[32m'\25bc'[39m[31m[91m[33m}[39m[31m[91m[33m.bs-popover-auto[39m[31m[91m[33m[[39m[31m[91mx-placement^=right[33m][39m[31m[91m,.bs-popover-right[33m{[39m[31m[91mmargin-left[33m:[39m[31m[91m8px[33m}[39m[31m[91m[33m.bs-popover-auto[39m[31m[91m[33m[[39m[31m[91mx-placement^=right[33m][39m[31m[91m>.arrow,.bs-popover-right>.arrow[33m{[39m[31m[91mleft[33m:[39m[31m[91m-8px[33m;[39m[31m[91mwidth[33m:[39m[31m[91m8px[33m;[39m[31m[91mheight[33m:[39m[31m[91m14px[33m;[39m[31m[91mmargin[33m:[39m[31m[91m0[33m}[39m[31m[91m[33m.bs-popover-auto[39m[31m[91m[33m[[39m[31m[91mx-placement^=right[33m][39m[31m[91m>.arrow[33m:[39m[31m[91m[33m:[39m[31m[91mafter,.bs-popover-right>.arrow[33m:[39m[31m[91m[33m:[39m[31m[91mafter[33m{[39m[31m[91mcontent[33m:[39m[31m[91m[32m'\25c4'[39m[31m[91m[33m;[39m[31m[91mleft[33m:[39m[31m[91m0[33m}[39m[31m[91m[33m.bs-popover-auto[39m[31m[91m[33m[[39m[31m[91mx-placement^=bottom[33m][39m[31m[91m,.bs-popover-bottom[33m{[39m[31m[91mmargin-top[33m:[39m[31m[91m14px[33m}[39m[31m[91m[33m.bs-popover-auto[39m[31m[91m[33m[[39m[31m[91mx-placement^=bottom[33m][39m[31m[91m>.arrow,.bs-popover-bottom>.arrow[33m{[39m[31m[91mtop[33m:[39m[31m[91m-14px[33m}[39m[31m[91m[33m.bs-popover-auto[39m[31m[91m[33m[[39m[31m[91mx-placement^=bottom[33m][39m[31m[91m>.arrow[33m:[39m[31m[91m[33m:[39m[31m[91mafter,.bs-popover-bottom>.arrow[33m:[39m[31m[91m[33m:[39m[31m[91mafter[33m{[39m[31m[91mcontent[33m:[39m[31m[91m[32m'\25b2'[39m[31m[91m[33m}[39m[31m[91m[33m.bs-popover-auto[39m[31m[91m[33m[[39m[31m[91mx-placement^=bottom[33m][39m[31m[91m [33m.popover-header[39m[31m[91m[33m:[39m[31m[91m[33m:[39m[31m[91mbefore,.bs-popover-bottom [33m.popover-header[39m[31m[91m[33m:[39m[31m[91m[33m:[39m[31m[91mbefore[33m{[39m[31m[91mposition[33m:[39m[31m[91mabsolute[33m;[39m[31m[91mtop[33m:[39m[31m[91m0[33m;[39m[31m[91mleft[33m:[39m[31m[91m50%[33m;[39m[31m[91mdisplay[39m[22m[1m[31m[33m:[39m[31m[91mblock[33m;[39m[31m[91mwidth[33m:[39m[31m[91m8px[33m;[39m[31m[91mmargin-left[33m:[39m[31m[91m-4px[33m;[39m[31m[91mcontent[33m:[39m[31m[91m[32m""[39m[31m[91m[33m}[39m[31m[91m[33m.bs-popover-auto[39m[31m[91m[33m[[39m[31m[91mx-placement^=left[33m][39m[31m[91m,.bs-popover-left[33m{[39m[31m[91mmargin-right[33m:[39m[31m[91m8px[33m}[39m[31m[91m[33m.bs-popover-auto[39m[31m[91m[33m[[39m[31m[91mx-placement^=left[33m][39m[31m[91m>.arrow,.bs-popover-left>.arrow[33m{[39m[31m[91mright[33m:[39m[31m[91m-8px[33m;[39m[31m[91mwidth[33m:[39m[31m[91m8px[33m;[39m[31m[91mheight[33m:[39m[31m[91m14px[33m;[39m[31m[91mmargin[33m:[39m[31m[91m0[33m}[39m[31m[91m[33m.bs-popover-auto[39m[31m[91m[33m[[39m[31m[91mx-placement^=left[33m][39m[31m[91m>.arrow[33m:[39m[31m[91m[33m:[39m[31m[91mafter,.bs-popover-left>.arrow[33m:[39m[31m[91m[33m:[39m[31m[91mafter[33m{[39m[31m[91mcontent[33m:[39m[31m[91m[32m'\25ba'[39m[31m[91m[33m;[39m[31m[91mright[33m:[39m[31m[91m0[33m}[39m[31m[91m[33m.popover-header[39m[31m[91m[33m{[39m[31m[91mpadding[33m:[39m[31m[91m0 8px[33m;[39m[31m[91mmargin-bottom[33m:[39m[31m[91m0[33m;[39m[31m[91mfont-size[33m:[39m[31m[91m16px[33m;[39m[31m[91mcolor[33m:[39m[31m[91m[35m#fff[39m[31m[91m[33m;[39m[31m[91mbackground-color[33m:[39m[31m[91m[35m#a0a[39m[31m[91m[33m}[39m[31m[91m[33m.popover-header[39m[31m[91m[33m:[39m[31m[91mempty[33m{[39m[31m[91mdisplay[33m:[39m[31m[91mnone[33m}[39m[31m[91m[33m.popover-body[39m[31m[91m[33m{[39m[31m[91mpadding[33m:[39m[31m[91m0 8px[33m;[39m[31m[91mcolor[33m:[39m[31m[91m[35m#000[39m[31m[91m[33m}[39m[31m[91m[33m.carousel[39m[31m[91m[33m{[39m[31m[91mposition[33m:[39m[31m[91mrelative[33m}[39m[31m[91m[33m.carousel.pointer-event[39m[31m[91m[33m{[39m[31m[91m-ms-touch-action[33m:[39m[31m[91mpan-y[33m;[39m[31m[91mtouch-action[33m:[39m[31m[91mpan-y[33m}[39m[31m[91m[33m.carousel-inner[39m[31m[91m[33m{[39m[31m[91mposition[33m:[39m[31m[91mrelative[33m;[39m[31m[91mwidth[33m:[39m[31m[91m100%[33m;[39m[31m[91moverflow[33m:[39m[31m[91mhidden[33m}[39m[31m[91m[33m.carousel-inner[39m[31m[91m[33m:[39m[31m[91m[33m:[39m[31m[91mafter[33m{[39m[31m[91mdispla[39m[22m[1m[31my[33m:[39m[31m[91mblock[33m;[39m[31m[91mclear[33m:[39m[31m[91mboth[33m;[39m[31m[91mcontent[33m:[39m[31m[91m[32m""[39m[31m[91m[33m}[39m[31m[91m[33m.carousel-item[39m[31m[91m[33m{[39m[31m[91mposition[33m:[39m[31m[91mrelative[33m;[39m[31m[91mdisplay[33m:[39m[31m[91mnone[33m;[39m[31m[91mfloat[33m:[39m[31m[91mleft[33m;[39m[31m[91mwidth[33m:[39m[31m[91m100%[33m;[39m[31m[91mmargin-right[33m:[39m[31m[91m-100%[33m;[39m[31m[91m-webkit-backface-visibility[33m:[39m[31m[91mhidden[33m;[39m[31m[91mbackface-visibility[33m:[39m[31m[91mhidden[33m}[39m[31m[91m[33m.carousel-item-next,.carousel-item-prev,.carousel-item.active[39m[31m[91m[33m{[39m[31m[91mdisplay[33m:[39m[31m[91mblock[33m}[39m[31m[91m[33m.active.carousel-item-right,.carousel-item-next[39m[31m[91m[33m:[39m[31m[91m[36mnot[39m[31m[91m[36m(.carousel-item-left)[39m[31m[91m[33m{[39m[31m[91m-webkit-transform[33m:[39m[31m[91m[36mtranslateX[39m[31m[91m[36m(100%)[39m[31m[91m[33m;[39m[31m[91mtransform[33m:[39m[31m[91m[36mtranslateX[39m[31m[91m[36m(100%)[39m[31m[91m[33m}[39m[31m[91m[33m.active.carousel-item-left,.carousel-item-prev[39m[31m[91m[33m:[39m[31m[91m[36mnot[39m[31m[91m[36m(.carousel-item-right)[39m[31m[91m[33m{[39m[31m[91m-webkit-transform[33m:[39m[31m[91m[36mtranslateX[39m[31m[91m[36m(-100%)[39m[31m[91m[33m;[39m[31m[91mtransform[33m:[39m[31m[91m[36mtranslateX[39m[31m[91m[36m(-100%)[39m[31m[91m[33m}[39m[31m[91m[33m.carousel-fade[39m[31m[91m [33m.carousel-item[39m[31m[91m[33m{[39m[31m[91mopacity[33m:[39m[31m[91m0[33m;[39m[31m[91mtransition-property[33m:[39m[31m[91mopacity[33m;[39m[31m[91m-webkit-transform[33m:[39m[31m[91mnone[33m;[39m[31m[91mtransform[33m:[39m[31m[91mnone[33m}[39m[31m[91m[33m.carousel-fade[39m[31m[91m [33m.carousel-item-next.carousel-item-left,.carousel-fade[39m[31m[91m [33m.carousel-item-prev.carousel-item-right,.carousel-fade[39m[31m[91m [33m.carousel-item.active[39m[31m[91m[33m{[39m[31m[91mz-index[33m:[39m[31m[91m1[33m;[39m[31m[91mopacity[33m:[39m[31m[91m1[33m}[39m[31m[91m[33m.carousel-fade[39m[31m[91m [33m.active.carousel-item-left,.carousel-fade[39m[31m[91m [33m.active.carous[39m[22m[1m[31mel-item-right[39m[31m[91m[33m{[39m[31m[91mz-index[33m:[39m[31m[91m0[33m;[39m[31m[91mopacity[33m:[39m[31m[91m0[33m}[39m[31m[91m[33m.carousel-control-next,.carousel-control-prev[39m[31m[91m[33m{[39m[31m[91mposition[33m:[39m[31m[91mabsolute[33m;[39m[31m[91mtop[33m:[39m[31m[91m0[33m;[39m[31m[91mbottom[33m:[39m[31m[91m0[33m;[39m[31m[91mz-index[33m:[39m[31m[91m1[33m;[39m[31m[91mdisplay[33m:[39m[31m[91m-ms-flexbox[33m;[39m[31m[91mdisplay[33m:[39m[31m[91mflex[33m;[39m[31m[91m-ms-flex-align[33m:[39m[31m[91mcenter[33m;[39m[31m[91malign-items[33m:[39m[31m[91mcenter[33m;[39m[31m[91m-ms-flex-pack[33m:[39m[31m[91mcenter[33m;[39m[31m[91mjustify-content[33m:[39m[31m[91mcenter[33m;[39m[31m[91mwidth[33m:[39m[31m[91m15%[33m;[39m[31m[91mcolor[33m:[39m[31m[91m[35m#fff[39m[31m[91m[33m;[39m[31m[91mtext-align[33m:[39m[31m[91mcenter[33m;[39m[31m[91mopacity[33m:[39m[31m[91m[33m.5[39m[31m[91m[33m}[39m[31m[91m[33m.carousel-control-next[39m[31m[91m[33m:[39m[31m[91mfocus,.carousel-control-next[33m:[39m[31m[91mhover,.carousel-control-prev[33m:[39m[31m[91mfocus,.carousel-control-prev[33m:[39m[31m[91mhover[33m{[39m[31m[91mcolor[33m:[39m[31m[91m[35m#fff[39m[31m[91m[33m;[39m[31m[91mtext-decoration[33m:[39m[31m[91mnone[33m;[39m[31m[91moutline[33m:[39m[31m[91m0[33m;[39m[31m[91mopacity[33m:[39m[31m[91m[33m.9[39m[31m[91m[33m}[39m[31m[91m[33m.carousel-control-prev[39m[31m[91m[33m{[39m[31m[91mleft[33m:[39m[31m[91m0[33m}[39m[31m[91m[33m.carousel-control-next[39m[31m[91m[33m{[39m[31m[91mright[33m:[39m[31m[91m0[33m}[39m[31m[91m[33m.carousel-control-next-icon,.carousel-control-prev-icon[39m[31m[91m[33m{[39m[31m[91mdisplay[33m:[39m[31m[91minline-block[33m;[39m[31m[91mwidth[33m:[39m[31m[91m20px[33m;[39m[31m[91mheight[33m:[39m[31m[91m20px[33m;[39m[31m[91mbackground[33m:[39m[31m[91mno-repeat 50%/100% 100%[33m}[39m[31m[91m[33m.carousel-indicators[39m[31m[91m[33m{[39m[31m[91mposition[33m:[39m[31m[91mabsolute[33m;[39m[31m[91mright[33m:[39m[31m[91m0[33m;[39m[31m[91mbottom[33m:[39m[31m[91m0[33m;[39m[31m[91mleft[33m:[39m[31m[91m0[33m;[39m[31m[91mz-index[33m:[39m[31m[91m15[33m;[39m[31m[91mdisplay[33m:[[39m[22m[1m[31m39m[91m-ms-flexbox[33m;[39m[31m[91mdisplay[33m:[39m[31m[91mflex[33m;[39m[31m[91m-ms-flex-pack[33m:[39m[31m[91mcenter[33m;[39m[31m[91mjustify-content[33m:[39m[31m[91mcenter[33m;[39m[31m[91mpadding-left[33m:[39m[31m[91m0[33m;[39m[31m[91mmargin-right[33m:[39m[31m[91m15%[33m;[39m[31m[91mmargin-left[33m:[39m[31m[91m15%[33m;[39m[31m[91mlist-style[33m:[39m[31m[91mnone[33m}[39m[31m[91m[33m.carousel-indicators[39m[31m[91m li[33m{[39m[31m[91mbox-sizing[33m:[39m[31m[91mcontent-box[33m;[39m[31m[91m-ms-flex[33m:[39m[31m[91m0 1 auto[33m;[39m[31m[91mflex[33m:[39m[31m[91m0 1 auto[33m;[39m[31m[91mwidth[33m:[39m[31m[91m30px[33m;[39m[31m[91mheight[33m:[39m[31m[91m3px[33m;[39m[31m[91mmargin-right[33m:[39m[31m[91m3px[33m;[39m[31m[91mmargin-left[33m:[39m[31m[91m3px[33m;[39m[31m[91mtext-indent[33m:[39m[31m[91m-999px[33m;[39m[31m[91mcursor[33m:[39m[31m[91mpointer[33m;[39m[31m[91mbackground-color[33m:[39m[31m[91m[35m#fff[39m[31m[91m[33m;[39m[31m[91mbackground-clip[33m:[39m[31m[91mpadding-box[33m;[39m[31m[91mborder-top[33m:[39m[31m[91m10px solid transparent[33m;[39m[31m[91mborder-bottom[33m:[39m[31m[91m10px solid transparent[33m;[39m[31m[91mopacity[33m:[39m[31m[91m[33m.5[39m[31m[91m[33m}[39m[31m[91m[33m.carousel-indicators[39m[31m[91m [33m.active[39m[31m[91m[33m{[39m[31m[91mopacity[33m:[39m[31m[91m1[33m}[39m[31m[91m[33m.carousel-caption[39m[31m[91m[33m{[39m[31m[91mposition[33m:[39m[31m[91mabsolute[33m;[39m[31m[91mright[33m:[39m[31m[91m15%[33m;[39m[31m[91mbottom[33m:[39m[31m[91m20px[33m;[39m[31m[91mleft[33m:[39m[31m[91m15%[33m;[39m[31m[91mz-index[33m:[39m[31m[91m10[33m;[39m[31m[91mpadding-top[33m:[39m[31m[91m20px[33m;[39m[31m[91mpadding-bottom[33m:[39m[31m[91m20px[33m;[39m[31m[91mcolor[33m:[39m[31m[91m[35m#fff[39m[31m[91m[33m;[39m[31m[91mtext-align[33m:[39m[31m[91mcenter[33m}[39m[31m[91m[36m@-webkit-keyframes[39m[31m[91m spinner-border[33m{[39m[31m[91mto[33m{[39m[31m[91m-webkit-transform[33m:[39m[31m[91m[36mrotate[39m[31m[91m[36m(360deg)[39m[31m[91m[33m;[39m[31m[91mtransform[33m:[39m[31m[91m[36mrotate[39m[31m[91m[36m(360deg)[39m[31m[91m[33m}[39m[31m[91m[33m}[39m[31m[91m[36m[39m[22m[1m[31m@keyframes[39m[31m[91m spinner-border[33m{[39m[31m[91mto[33m{[39m[31m[91m-webkit-transform[33m:[39m[31m[91m[36mrotate[39m[31m[91m[36m(360deg)[39m[31m[91m[33m;[39m[31m[91mtransform[33m:[39m[31m[91m[36mrotate[39m[31m[91m[36m(360deg)[39m[31m[91m[33m}[39m[31m[91m[33m}[39m[31m[91m[33m.spinner-border[39m[31m[91m[33m{[39m[31m[91mdisplay[33m:[39m[31m[91minline-block[33m;[39m[31m[91mwidth[33m:[39m[31m[91m2rem[33m;[39m[31m[91mheight[33m:[39m[31m[91m2rem[33m;[39m[31m[91mvertical-align[33m:[39m[31m[91mtext-bottom[33m;[39m[31m[91mborder[33m:[39m[31m[91m[33m.25em[39m[31m[91m solid currentColor[33m;[39m[31m[91mborder-right-color[33m:[39m[31m[91mtransparent[33m;[39m[31m[91mborder-radius[33m:[39m[31m[91m50%[33m;[39m[31m[91m-webkit-animation[33m:[39m[31m[91mspinner-border [33m.75s[39m[31m[91m linear infinite[33m;[39m[31m[91manimation[33m:[39m[31m[91mspinner-border [33m.75s[39m[31m[91m linear infinite[33m}[39m[31m[91m[33m.spinner-border-sm[39m[31m[91m[33m{[39m[31m[91mwidth[33m:[39m[31m[91m1rem[33m;[39m[31m[91mheight[33m:[39m[31m[91m1rem[33m;[39m[31m[91mborder-width[33m:[39m[31m[91m[33m.2em[39m[31m[91m[33m}[39m[31m[91m[36m@-webkit-keyframes[39m[31m[91m spinner-grow[33m{[39m[31m[91m0%[33m{[39m[31m[91m-webkit-transform[33m:[39m[31m[91m[36mscale[39m[31m[91m[36m(0)[39m[31m[91m[33m;[39m[31m[91mtransform[33m:[39m[31m[91m[36mscale[39m[31m[91m[36m(0)[39m[31m[91m[33m}[39m[31m[91m50%[33m{[39m[31m[91mopacity[33m:[39m[31m[91m1[33m}[39m[31m[91m[33m}[39m[31m[91m[36m@keyframes[39m[31m[91m spinner-grow[33m{[39m[31m[91m0%[33m{[39m[31m[91m-webkit-transform[33m:[39m[31m[91m[36mscale[39m[31m[91m[36m(0)[39m[31m[91m[33m;[39m[31m[91mtransform[33m:[39m[31m[91m[36mscale[39m[31m[91m[36m(0)[39m[31m[91m[33m}[39m[31m[91m50%[33m{[39m[31m[91mopacity[33m:[39m[31m[91m1[33m}[39m[31m[91m[33m}[39m[31m[91m[33m.spinner-grow[39m[31m[91m[33m{[39m[31m[91mdisplay[33m:[39m[31m[91minline-block[33m;[39m[31m[91mwidth[33m:[39m[31m[91m2rem[33m;[39m[31m[91mheight[33m:[39m[31m[91m2rem[33m;[39m[31m[91mvertical-align[33m:[39m[31m[91mtext-bottom[33m;[39m[31m[91mbackground-color[33m:[39m[31m[91mcurrentColor[33m;[39m[31m[91m[39m[22m[1m[31mborder-radius[33m:[39m[31m[91m50%[33m;[39m[31m[91mopacity[33m:[39m[31m[91m0[33m;[39m[31m[91m-webkit-animation[33m:[39m[31m[91mspinner-grow [33m.75s[39m[31m[91m linear infinite[33m;[39m[31m[91manimation[33m:[39m[31m[91mspinner-grow [33m.75s[39m[31m[91m linear infinite[33m}[39m[31m[91m[33m.spinner-grow-sm[39m[31m[91m[33m{[39m[31m[91mwidth[33m:[39m[31m[91m1rem[33m;[39m[31m[91mheight[33m:[39m[31m[91m1rem[33m}[39m[31m[91m[33m.bootstra-cursor[39m[31m[91m[33m{[39m[31m[91mmix-blend-mode[33m:[39m[31m[91mdifference[33m;[39m[31m[91mposition[33m:[39m[31m[91mabsolute[33m;[39m[31m[91mbackground-color[33m:[39m[31m[91m[35m#cbd448[39m[31m[91m[33m;[39m[31m[91mpointer-events[33m:[39m[31m[91mnone[33m;[39m[31m[91mwidth[33m:[39m[31m[91m8px[33m;[39m[31m[91mheight[33m:[39m[31m[91m14px[33m;[39m[31m[91mz-index[33m:[39m[31m[91m20000[33m}[39m[31m[91m[33m.bootstra-enable-cursor[39m[31m[91m *,body.bootstra-enable-cursor[33m{[39m[31m[91mcursor[33m:[39m[31m[91mnone!important[33m}[39m[31m[91m[33m:[39m[31m[91m[33m:[39m[31m[91m-webkit-scrollbar[33m{[39m[31m[91mwidth[33m:[39m[31m[91m8px[33m;[39m[31m[91mbackground[33m:[39m[31m[91m[35m#000[39m[31m[91m[33m}[39m[31m[91m[33m:[39m[31m[91m[33m:[39m[31m[91m-webkit-scrollbar-thumb[33m{[39m[31m[91mbackground[33m:[39m[31m[91m[35m#000[39m[31m[91m[33m}[39m[31m[91m[33m:[39m[31m[91m[33m:[39m[31m[91m-webkit-scrollbar-track[33m{[39m[31m[91mbackground[33m:[39m[31m[91m[36murl[39m[31m[91m[36m(../fonts/shade-50-grayLight.svg)[39m[31m[91m repeat[33m}[39m[31m[91m[33m:[39m[31m[91m[33m:[39m[31m[91m-webkit-scrollbar-button[33m:[39m[31m[91mvertical[33m:[39m[31m[91mdecrement[33m{[39m[31m[91mbackground[33m:[39m[31m[91m[36murl[39m[31m[91m[36m(../fonts/arrow-up-black.svg)[39m[31m[91m no-repeat[33m;[39m[31m[91mbackground-color[33m:[39m[31m[91m[35m#bbb[39m[31m[91m[33m}[39m[31m[91m[33m:[39m[31m[91m[33m:[39m[31m[91m-webkit-scrollbar-button[33m:[39m[31m[91mvertical[33m:[39m[31m[91mincrement[33m{[39m[31m[91mbackground[33m:[39m[31m[91m[36murl[39m[31m[91m[36m(../fonts/arrow-down-black.svg)[39m[31m[91m no-repeat[33m;[39m[31m[91mbackground-color[33m:[39m[31m[91m[35m#bb[39m[22m[1m[31mb[39m[31m[91m[33m}[39m[31m[91m[33m.align-baseline[39m[31m[91m[33m{[39m[31m[91mvertical-align[33m:[39m[31m[91mbaseline!important[33m}[39m[31m[91m[33m.align-top[39m[31m[91m[33m{[39m[31m[91mvertical-align[33m:[39m[31m[91mtop!important[33m}[39m[31m[91m[33m.align-middle[39m[31m[91m[33m{[39m[31m[91mvertical-align[33m:[39m[31m[91mmiddle!important[33m}[39m[31m[91m[33m.align-bottom[39m[31m[91m[33m{[39m[31m[91mvertical-align[33m:[39m[31m[91mbottom!important[33m}[39m[31m[91m[33m.align-text-bottom[39m[31m[91m[33m{[39m[31m[91mvertical-align[33m:[39m[31m[91mtext-bottom!important[33m}[39m[31m[91m[33m.align-text-top[39m[31m[91m[33m{[39m[31m[91mvertical-align[33m:[39m[31m[91mtext-top!important[33m}[39m[31m[91m[33m.bg-primary[39m[31m[91m[33m{[39m[31m[91mbackground-color[33m:[39m[31m[91m[35m#bbb[39m[31m[91m!important[33m}[39m[31m[91ma.bg-primary[33m:[39m[31m[91mfocus,a.bg-primary[33m:[39m[31m[91mhover,button.bg-primary[33m:[39m[31m[91mfocus,button.bg-primary[33m:[39m[31m[91mhover[33m{[39m[31m[91mbackground-color[33m:[39m[31m[91m[35m#bbb[39m[31m[91m!important[33m}[39m[31m[91m[33m.bg-secondary[39m[31m[91m[33m{[39m[31m[91mbackground-color[33m:[39m[31m[91m[35m#bbb[39m[31m[91m!important[33m}[39m[31m[91ma.bg-secondary[33m:[39m[31m[91mfocus,a.bg-secondary[33m:[39m[31m[91mhover,button.bg-secondary[33m:[39m[31m[91mfocus,button.bg-secondary[33m:[39m[31m[91mhover[33m{[39m[31m[91mbackground-color[33m:[39m[31m[91m[35m#bbb[39m[31m[91m!important[33m}[39m[31m[91m[33m.bg-success[39m[31m[91m[33m{[39m[31m[91mbackground-color[33m:[39m[31m[91m[35m#0a0[39m[31m[91m!important[33m}[39m[31m[91ma.bg-success[33m:[39m[31m[91mfocus,a.bg-success[33m:[39m[31m[91mhover,button.bg-success[33m:[39m[31m[91mfocus,button.bg-success[33m:[39m[31m[91mhover[33m{[39m[31m[91mbackground-color[33m:[39m[31m[91m[35m#0a0[39m[31m[91m!important[33m}[39m[31m[91m[33m.bg-info[39m[31m[91m[33m{[39m[31m[91mbackground-color[33m:[39m[31m[91m[35m#0aa[39m[31m[91m!important[33m}[39m[31m[91ma.bg-info[33m:[39m[31m[91mfocus,a.bg-info[33m:[39m[31m[91mhover,button.bg-info[33m:[39m[31m[91mfocus,button.bg-info[33m:[39m[31m[91m[39m[22m[1m[31mhover[33m{[39m[31m[91mbackground-color[33m:[39m[31m[91m[35m#0aa[39m[31m[91m!important[33m}[39m[31m[91m[33m.bg-warning[39m[31m[91m[33m{[39m[31m[91mbackground-color[33m:[39m[31m[91m[35m#a50[39m[31m[91m!important[33m}[39m[31m[91ma.bg-warning[33m:[39m[31m[91mfocus,a.bg-warning[33m:[39m[31m[91mhover,button.bg-warning[33m:[39m[31m[91mfocus,button.bg-warning[33m:[39m[31m[91mhover[33m{[39m[31m[91mbackground-color[33m:[39m[31m[91m[35m#a50[39m[31m[91m!important[33m}[39m[31m[91m[33m.bg-danger[39m[31m[91m[33m{[39m[31m[91mbackground-color[33m:[39m[31m[91m[35m#a00[39m[31m[91m!important[33m}[39m[31m[91ma.bg-danger[33m:[39m[31m[91mfocus,a.bg-danger[33m:[39m[31m[91mhover,button.bg-danger[33m:[39m[31m[91mfocus,button.bg-danger[33m:[39m[31m[91mhover[33m{[39m[31m[91mbackground-color[33m:[39m[31m[91m[35m#a00[39m[31m[91m!important[33m}[39m[31m[91m[33m.bg-light[39m[31m[91m[33m{[39m[31m[91mbackground-color[33m:[39m[31m[91m[35m#fff[39m[31m[91m!important[33m}[39m[31m[91ma.bg-light[33m:[39m[31m[91mfocus,a.bg-light[33m:[39m[31m[91mhover,button.bg-light[33m:[39m[31m[91mfocus,button.bg-light[33m:[39m[31m[91mhover[33m{[39m[31m[91mbackground-color[33m:[39m[31m[91m[35m#fff[39m[31m[91m!important[33m}[39m[31m[91m[33m.bg-dark[39m[31m[91m[33m{[39m[31m[91mbackground-color[33m:[39m[31m[91m[35m#000[39m[31m[91m!important[33m}[39m[31m[91ma.bg-dark[33m:[39m[31m[91mfocus,a.bg-dark[33m:[39m[31m[91mhover,button.bg-dark[33m:[39m[31m[91mfocus,button.bg-dark[33m:[39m[31m[91mhover[33m{[39m[31m[91mbackground-color[33m:[39m[31m[91m[35m#000[39m[31m[91m!important[33m}[39m[31m[91m[33m.bg-white[39m[31m[91m[33m{[39m[31m[91mbackground-color[33m:[39m[31m[91m[35m#bbb[39m[31m[91m!important[33m}[39m[31m[91m[33m.bg-transparent[39m[31m[91m[33m{[39m[31m[91mbackground-color[33m:[39m[31m[91mtransparent!important[33m}[39m[31m[91m[33m.border,.border-0[39m[31m[91m[33m{[39m[31m[91mborder[33m:[39m[31m[91m0!important[33m}[39m[31m[91m[33m.border-top,.border-top-0[39m[31m[91m[33m{[39m[31m[91mborder-top[33m:[39m[31m[91m0!important[33m}[39m[31m[91m[33m.border-right,.border-right-0[39m[31m[91m[33m{[39m[31m[91mborder[39m[22m[1m[31m-right[33m:[39m[31m[91m0!important[33m}[39m[31m[91m[33m.border-bottom,.border-bottom-0[39m[31m[91m[33m{[39m[31m[91mborder-bottom[33m:[39m[31m[91m0!important[33m}[39m[31m[91m[33m.border-left,.border-left-0[39m[31m[91m[33m{[39m[31m[91mborder-left[33m:[39m[31m[91m0!important[33m}[39m[31m[91m[33m.border-primary[39m[31m[91m[33m{[39m[31m[91mborder-color[33m:[39m[31m[91m[35m#bbb[39m[31m[91m!important[33m}[39m[31m[91m[33m.border-secondary[39m[31m[91m[33m{[39m[31m[91mborder-color[33m:[39m[31m[91m[35m#bbb[39m[31m[91m!important[33m}[39m[31m[91m[33m.border-success[39m[31m[91m[33m{[39m[31m[91mborder-color[33m:[39m[31m[91m[35m#0a0[39m[31m[91m!important[33m}[39m[31m[91m[33m.border-info[39m[31m[91m[33m{[39m[31m[91mborder-color[33m:[39m[31m[91m[35m#0aa[39m[31m[91m!important[33m}[39m[31m[91m[33m.border-warning[39m[31m[91m[33m{[39m[31m[91mborder-color[33m:[39m[31m[91m[35m#a50[39m[31m[91m!important[33m}[39m[31m[91m[33m.border-danger[39m[31m[91m[33m{[39m[31m[91mborder-color[33m:[39m[31m[91m[35m#a00[39m[31m[91m!important[33m}[39m[31m[91m[33m.border-light[39m[31m[91m[33m{[39m[31m[91mborder-color[33m:[39m[31m[91m[35m#fff[39m[31m[91m!important[33m}[39m[31m[91m[33m.border-dark[39m[31m[91m[33m{[39m[31m[91mborder-color[33m:[39m[31m[91m[35m#000[39m[31m[91m!important[33m}[39m[31m[91m[33m.rounded[39m[31m[91m[33m{[39m[31m[91mborder-radius[33m:[39m[31m[91m0!important[33m}[39m[31m[91m[33m.clearfix[39m[31m[91m[33m:[39m[31m[91m[33m:[39m[31m[91mafter[33m{[39m[31m[91mdisplay[33m:[39m[31m[91mblock[33m;[39m[31m[91mclear[33m:[39m[31m[91mboth[33m;[39m[31m[91mcontent[33m:[39m[31m[91m[32m""[39m[31m[91m[33m}[39m[31m[91m[33m.d-none[39m[31m[91m[33m{[39m[31m[91mdisplay[33m:[39m[31m[91mnone!important[33m}[39m[31m[91m[33m.d-inline[39m[31m[91m[33m{[39m[31m[91mdisplay[33m:[39m[31m[91minline!important[33m}[39m[31m[91m[33m.d-inline-block[39m[31m[91m[33m{[39m[31m[91mdisplay[33m:[39m[31m[91minline-block!important[33m}[39m[31m[91m[33m.d-block[39m[31m[91m[33m{[39m[31m[91mdisplay[33m:[39m[31m[91mblock!important[33m}[39m[31m[91m[33m.d-table[39m[31m[91m[33m{[39m[31m[91mdisplay[33m:[39m[31m[91mtable!important[39m[22m[1m[31m[33m}[39m[31m[91m[33m.d-table-row[39m[31m[91m[33m{[39m[31m[91mdisplay[33m:[39m[31m[91mtable-row!important[33m}[39m[31m[91m[33m.d-table-cell[39m[31m[91m[33m{[39m[31m[91mdisplay[33m:[39m[31m[91mtable-cell!important[33m}[39m[31m[91m[33m.d-flex[39m[31m[91m[33m{[39m[31m[91mdisplay[33m:[39m[31m[91m-ms-flexbox!important[33m;[39m[31m[91mdisplay[33m:[39m[31m[91mflex!important[33m}[39m[31m[91m[33m.d-inline-flex[39m[31m[91m[33m{[39m[31m[91mdisplay[33m:[39m[31m[91m-ms-inline-flexbox!important[33m;[39m[31m[91mdisplay[33m:[39m[31m[91minline-flex!important[33m}[39m[31m[91m[36m@media[39m[31m[91m[36m [39m[31m[91m[36m(min-width:576px)[39m[31m[91m[33m{[39m[31m[91m[33m.d-sm-none[39m[31m[91m[33m{[39m[31m[91mdisplay[33m:[39m[31m[91mnone!important[33m}[39m[31m[91m[33m.d-sm-inline[39m[31m[91m[33m{[39m[31m[91mdisplay[33m:[39m[31m[91minline!important[33m}[39m[31m[91m[33m.d-sm-inline-block[39m[31m[91m[33m{[39m[31m[91mdisplay[33m:[39m[31m[91minline-block!important[33m}[39m[31m[91m[33m.d-sm-block[39m[31m[91m[33m{[39m[31m[91mdisplay[33m:[39m[31m[91mblock!important[33m}[39m[31m[91m[33m.d-sm-table[39m[31m[91m[33m{[39m[31m[91mdisplay[33m:[39m[31m[91mtable!important[33m}[39m[31m[91m[33m.d-sm-table-row[39m[31m[91m[33m{[39m[31m[91mdisplay[33m:[39m[31m[91mtable-row!important[33m}[39m[31m[91m[33m.d-sm-table-cell[39m[31m[91m[33m{[39m[31m[91mdisplay[33m:[39m[31m[91mtable-cell!important[33m}[39m[31m[91m[33m.d-sm-flex[39m[31m[91m[33m{[39m[31m[91mdisplay[33m:[39m[31m[91m-ms-flexbox!important[33m;[39m[31m[91mdisplay[33m:[39m[31m[91mflex!important[33m}[39m[31m[91m[33m.d-sm-inline-flex[39m[31m[91m[33m{[39m[31m[91mdisplay[33m:[39m[31m[91m-ms-inline-flexbox!important[33m;[39m[31m[91mdisplay[33m:[39m[31m[91minline-flex!important[33m}[39m[31m[91m[33m}[39m[31m[91m[36m@media[39m[31m[91m[36m [39m[31m[91m[36m(min-width:768px)[39m[31m[91m[33m{[39m[31m[91m[33m.d-md-none[39m[31m[91m[33m{[39m[31m[91mdisplay[33m:[39m[31m[91mnone!important[33m}[39m[31m[91m[33m.d-md-inline[39m[31m[91m[33m{[39m[31m[91mdisplay[33m:[39m[31m[91minline!important[33m}[39m[31m[91m[33m.d-md-inline-block[39m[31m[91m[33m{[39m[31m[[39m[22m[1m[31m91mdisplay[33m:[39m[31m[91minline-block!important[33m}[39m[31m[91m[33m.d-md-block[39m[31m[91m[33m{[39m[31m[91mdisplay[33m:[39m[31m[91mblock!important[33m}[39m[31m[91m[33m.d-md-table[39m[31m[91m[33m{[39m[31m[91mdisplay[33m:[39m[31m[91mtable!important[33m}[39m[31m[91m[33m.d-md-table-row[39m[31m[91m[33m{[39m[31m[91mdisplay[33m:[39m[31m[91mtable-row!important[33m}[39m[31m[91m[33m.d-md-table-cell[39m[31m[91m[33m{[39m[31m[91mdisplay[33m:[39m[31m[91mtable-cell!important[33m}[39m[31m[91m[33m.d-md-flex[39m[31m[91m[33m{[39m[31m[91mdisplay[33m:[39m[31m[91m-ms-flexbox!important[33m;[39m[31m[91mdisplay[33m:[39m[31m[91mflex!important[33m}[39m[31m[91m[33m.d-md-inline-flex[39m[31m[91m[33m{[39m[31m[91mdisplay[33m:[39m[31m[91m-ms-inline-flexbox!important[33m;[39m[31m[91mdisplay[33m:[39m[31m[91minline-flex!important[33m}[39m[31m[91m[33m}[39m[31m[91m[36m@media[39m[31m[91m[36m [39m[31m[91m[36m(min-width:960px)[39m[31m[91m[33m{[39m[31m[91m[33m.d-lg-none[39m[31m[91m[33m{[39m[31m[91mdisplay[33m:[39m[31m[91mnone!important[33m}[39m[31m[91m[33m.d-lg-inline[39m[31m[91m[33m{[39m[31m[91mdisplay[33m:[39m[31m[91minline!important[33m}[39m[31m[91m[33m.d-lg-inline-block[39m[31m[91m[33m{[39m[31m[91mdisplay[33m:[39m[31m[91minline-block!important[33m}[39m[31m[91m[33m.d-lg-block[39m[31m[91m[33m{[39m[31m[91mdisplay[33m:[39m[31m[91mblock!important[33m}[39m[31m[91m[33m.d-lg-table[39m[31m[91m[33m{[39m[31m[91mdisplay[33m:[39m[31m[91mtable!important[33m}[39m[31m[91m[33m.d-lg-table-row[39m[31m[91m[33m{[39m[31m[91mdisplay[33m:[39m[31m[91mtable-row!important[33m}[39m[31m[91m[33m.d-lg-table-cell[39m[31m[91m[33m{[39m[31m[91mdisplay[33m:[39m[31m[91mtable-cell!important[33m}[39m[31m[91m[33m.d-lg-flex[39m[31m[91m[33m{[39m[31m[91mdisplay[33m:[39m[31m[91m-ms-flexbox!important[33m;[39m[31m[91mdisplay[33m:[39m[31m[91mflex!important[33m}[39m[31m[91m[33m.d-lg-inline-flex[39m[31m[91m[33m{[39m[31m[91mdisplay[33m:[39m[31m[91m-ms-inline-flexbox!important[33m;[39m[31m[91mdisplay[33m:[39m[31m[91minline-flex!important[33m}[39m[31m[91m[33m}[39m[31m[91m[36m@media[39m[31m[91m[36m [39m[31m[91m[36m(min-width:11[39m[22m[1m[31m52px)[39m[31m[91m[33m{[39m[31m[91m[33m.d-xl-none[39m[31m[91m[33m{[39m[31m[91mdisplay[33m:[39m[31m[91mnone!important[33m}[39m[31m[91m[33m.d-xl-inline[39m[31m[91m[33m{[39m[31m[91mdisplay[33m:[39m[31m[91minline!important[33m}[39m[31m[91m[33m.d-xl-inline-block[39m[31m[91m[33m{[39m[31m[91mdisplay[33m:[39m[31m[91minline-block!important[33m}[39m[31m[91m[33m.d-xl-block[39m[31m[91m[33m{[39m[31m[91mdisplay[33m:[39m[31m[91mblock!important[33m}[39m[31m[91m[33m.d-xl-table[39m[31m[91m[33m{[39m[31m[91mdisplay[33m:[39m[31m[91mtable!important[33m}[39m[31m[91m[33m.d-xl-table-row[39m[31m[91m[33m{[39m[31m[91mdisplay[33m:[39m[31m[91mtable-row!important[33m}[39m[31m[91m[33m.d-xl-table-cell[39m[31m[91m[33m{[39m[31m[91mdisplay[33m:[39m[31m[91mtable-cell!important[33m}[39m[31m[91m[33m.d-xl-flex[39m[31m[91m[33m{[39m[31m[91mdisplay[33m:[39m[31m[91m-ms-flexbox!important[33m;[39m[31m[91mdisplay[33m:[39m[31m[91mflex!important[33m}[39m[31m[91m[33m.d-xl-inline-flex[39m[31m[91m[33m{[39m[31m[91mdisplay[33m:[39m[31m[91m-ms-inline-flexbox!important[33m;[39m[31m[91mdisplay[33m:[39m[31m[91minline-flex!important[33m}[39m[31m[91m[33m}[39m[31m[91m[36m@media[39m[31m[91m print[33m{[39m[31m[91m[33m.d-print-none[39m[31m[91m[33m{[39m[31m[91mdisplay[33m:[39m[31m[91mnone!important[33m}[39m[31m[91m[33m.d-print-inline[39m[31m[91m[33m{[39m[31m[91mdisplay[33m:[39m[31m[91minline!important[33m}[39m[31m[91m[33m.d-print-inline-block[39m[31m[91m[33m{[39m[31m[91mdisplay[33m:[39m[31m[91minline-block!important[33m}[39m[31m[91m[33m.d-print-block[39m[31m[91m[33m{[39m[31m[91mdisplay[33m:[39m[31m[91mblock!important[33m}[39m[31m[91m[33m.d-print-table[39m[31m[91m[33m{[39m[31m[91mdisplay[33m:[39m[31m[91mtable!important[33m}[39m[31m[91m[33m.d-print-table-row[39m[31m[91m[33m{[39m[31m[91mdisplay[33m:[39m[31m[91mtable-row!important[33m}[39m[31m[91m[33m.d-print-table-cell[39m[31m[91m[33m{[39m[31m[91mdisplay[33m:[39m[31m[91mtable-cell!important[33m}[39m[31m[91m[33m.d-print-flex[39m[31m[91m[33m{[39m[31m[91mdisplay[33m:[39m[31m[91m-ms-flexbox!important[33m;[39m[31m[91mdisplay[33m:[39m[31m[91mflex!important[33m}[39m[31m[39m[22m[1m[31m[91m[33m.d-print-inline-flex[39m[31m[91m[33m{[39m[31m[91mdisplay[33m:[39m[31m[91m-ms-inline-flexbox!important[33m;[39m[31m[91mdisplay[33m:[39m[31m[91minline-flex!important[33m}[39m[31m[91m[33m}[39m[31m[91m[33m.embed-responsive[39m[31m[91m[33m{[39m[31m[91mposition[33m:[39m[31m[91mrelative[33m;[39m[31m[91mdisplay[33m:[39m[31m[91mblock[33m;[39m[31m[91mwidth[33m:[39m[31m[91m100%[33m;[39m[31m[91mpadding[33m:[39m[31m[91m0[33m;[39m[31m[91moverflow[33m:[39m[31m[91mhidden[33m}[39m[31m[91m[33m.embed-responsive[39m[31m[91m[33m:[39m[31m[91m[33m:[39m[31m[91mbefore[33m{[39m[31m[91mdisplay[33m:[39m[31m[91mblock[33m;[39m[31m[91mcontent[33m:[39m[31m[91m[32m""[39m[31m[91m[33m}[39m[31m[91m[33m.embed-responsive[39m[31m[91m [33m.embed-responsive-item,.embed-responsive[39m[31m[91m embed,.embed-responsive iframe,.embed-responsive object,.embed-responsive video[33m{[39m[31m[91mposition[33m:[39m[31m[91mabsolute[33m;[39m[31m[91mtop[33m:[39m[31m[91m0[33m;[39m[31m[91mbottom[33m:[39m[31m[91m0[33m;[39m[31m[91mleft[33m:[39m[31m[91m0[33m;[39m[31m[91mwidth[33m:[39m[31m[91m100%[33m;[39m[31m[91mheight[33m:[39m[31m[91m100%[33m;[39m[31m[91mborder[33m:[39m[31m[91m0[33m}[39m[31m[91m[33m.embed-responsive-21by9[39m[31m[91m[33m:[39m[31m[91m[33m:[39m[31m[91mbefore[33m{[39m[31m[91mpadding-top[33m:[39m[31m[91m42.857143%[33m}[39m[31m[91m[33m.embed-responsive-16by9[39m[31m[91m[33m:[39m[31m[91m[33m:[39m[31m[91mbefore[33m{[39m[31m[91mpadding-top[33m:[39m[31m[91m56.25%[33m}[39m[31m[91m[33m.embed-responsive-4by3[39m[31m[91m[33m:[39m[31m[91m[33m:[39m[31m[91mbefore[33m{[39m[31m[91mpadding-top[33m:[39m[31m[91m75%[33m}[39m[31m[91m[33m.embed-responsive-1by1[39m[31m[91m[33m:[39m[31m[91m[33m:[39m[31m[91mbefore[33m{[39m[31m[91mpadding-top[33m:[39m[31m[91m100%[33m}[39m[31m[91m[33m.flex-row[39m[31m[91m[33m{[39m[31m[91m-ms-flex-direction[33m:[39m[31m[91mrow!important[33m;[39m[31m[91mflex-direction[33m:[39m[31m[91mrow!important[33m}[39m[31m[91m[33m.flex-column[39m[31m[91m[33m{[39m[31m[91m-ms-flex-direction[33m:[39m[31m[91mcolumn!important[33m;[39m[31m[91mflex-direction[33m:[39m[31m[91mcolumn!important[33[39m[22m[1m[31mm}[39m[31m[91m[33m.flex-row-reverse[39m[31m[91m[33m{[39m[31m[91m-ms-flex-direction[33m:[39m[31m[91mrow-reverse!important[33m;[39m[31m[91mflex-direction[33m:[39m[31m[91mrow-reverse!important[33m}[39m[31m[91m[33m.flex-column-reverse[39m[31m[91m[33m{[39m[31m[91m-ms-flex-direction[33m:[39m[31m[91mcolumn-reverse!important[33m;[39m[31m[91mflex-direction[33m:[39m[31m[91mcolumn-reverse!important[33m}[39m[31m[91m[33m.flex-wrap[39m[31m[91m[33m{[39m[31m[91m-ms-flex-wrap[33m:[39m[31m[91mwrap!important[33m;[39m[31m[91mflex-wrap[33m:[39m[31m[91mwrap!important[33m}[39m[31m[91m[33m.flex-nowrap[39m[31m[91m[33m{[39m[31m[91m-ms-flex-wrap[33m:[39m[31m[91mnowrap!important[33m;[39m[31m[91mflex-wrap[33m:[39m[31m[91mnowrap!important[33m}[39m[31m[91m[33m.flex-wrap-reverse[39m[31m[91m[33m{[39m[31m[91m-ms-flex-wrap[33m:[39m[31m[91mwrap-reverse!important[33m;[39m[31m[91mflex-wrap[33m:[39m[31m[91mwrap-reverse!important[33m}[39m[31m[91m[33m.flex-fill[39m[31m[91m[33m{[39m[31m[91m-ms-flex[33m:[39m[31m[91m1 1 auto!important[33m;[39m[31m[91mflex[33m:[39m[31m[91m1 1 auto!important[33m}[39m[31m[91m[33m.flex-grow-0[39m[31m[91m[33m{[39m[31m[91m-ms-flex-positive[33m:[39m[31m[91m0!important[33m;[39m[31m[91mflex-grow[33m:[39m[31m[91m0!important[33m}[39m[31m[91m[33m.flex-grow-1[39m[31m[91m[33m{[39m[31m[91m-ms-flex-positive[33m:[39m[31m[91m1!important[33m;[39m[31m[91mflex-grow[33m:[39m[31m[91m1!important[33m}[39m[31m[91m[33m.flex-shrink-0[39m[31m[91m[33m{[39m[31m[91m-ms-flex-negative[33m:[39m[31m[91m0!important[33m;[39m[31m[91mflex-shrink[33m:[39m[31m[91m0!important[33m}[39m[31m[91m[33m.flex-shrink-1[39m[31m[91m[33m{[39m[31m[91m-ms-flex-negative[33m:[39m[31m[91m1!important[33m;[39m[31m[91mflex-shrink[33m:[39m[31m[91m1!important[33m}[39m[31m[91m[33m.justify-content-start[39m[31m[91m[33m{[39m[31m[91m-ms-flex-pack[33m:[39m[31m[91mstart!important[33m;[39m[31m[91mjustify-content[33m:[39m[31m[91mflex-start!important[33m}[39m[31m[91m[33m.justify-content-end[39m[31m[91m[33m{[39m[31m[91m-ms-flex-pack[33m:[39m[31m[91mend!important[33m;[39m[31m[91mjustify-content[33m:[39m[31m[91mflex-end!im[39m[22m[1m[31mportant[33m}[39m[31m[91m[33m.justify-content-center[39m[31m[91m[33m{[39m[31m[91m-ms-flex-pack[33m:[39m[31m[91mcenter!important[33m;[39m[31m[91mjustify-content[33m:[39m[31m[91mcenter!important[33m}[39m[31m[91m[33m.justify-content-between[39m[31m[91m[33m{[39m[31m[91m-ms-flex-pack[33m:[39m[31m[91mjustify!important[33m;[39m[31m[91mjustify-content[33m:[39m[31m[91mspace-between!important[33m}[39m[31m[91m[33m.justify-content-around[39m[31m[91m[33m{[39m[31m[91m-ms-flex-pack[33m:[39m[31m[91mdistribute!important[33m;[39m[31m[91mjustify-content[33m:[39m[31m[91mspace-around!important[33m}[39m[31m[91m[33m.align-items-start[39m[31m[91m[33m{[39m[31m[91m-ms-flex-align[33m:[39m[31m[91mstart!important[33m;[39m[31m[91malign-items[33m:[39m[31m[91mflex-start!important[33m}[39m[31m[91m[33m.align-items-end[39m[31m[91m[33m{[39m[31m[91m-ms-flex-align[33m:[39m[31m[91mend!important[33m;[39m[31m[91malign-items[33m:[39m[31m[91mflex-end!important[33m}[39m[31m[91m[33m.align-items-center[39m[31m[91m[33m{[39m[31m[91m-ms-flex-align[33m:[39m[31m[91mcenter!important[33m;[39m[31m[91malign-items[33m:[39m[31m[91mcenter!important[33m}[39m[31m[91m[33m.align-items-baseline[39m[31m[91m[33m{[39m[31m[91m-ms-flex-align[33m:[39m[31m[91mbaseline!important[33m;[39m[31m[91malign-items[33m:[39m[31m[91mbaseline!important[33m}[39m[31m[91m[33m.align-items-stretch[39m[31m[91m[33m{[39m[31m[91m-ms-flex-align[33m:[39m[31m[91mstretch!important[33m;[39m[31m[91malign-items[33m:[39m[31m[91mstretch!important[33m}[39m[31m[91m[33m.align-content-start[39m[31m[91m[33m{[39m[31m[91m-ms-flex-line-pack[33m:[39m[31m[91mstart!important[33m;[39m[31m[91malign-content[33m:[39m[31m[91mflex-start!important[33m}[39m[31m[91m[33m.align-content-end[39m[31m[91m[33m{[39m[31m[91m-ms-flex-line-pack[33m:[39m[31m[91mend!important[33m;[39m[31m[91malign-content[33m:[39m[31m[91mflex-end!important[33m}[39m[31m[91m[33m.align-content-center[39m[31m[91m[33m{[39m[31m[91m-ms-flex-line-pack[33m:[39m[31m[91mcenter!important[33m;[39m[31m[91malign-content[33m:[39m[31m[91mcenter!important[33m}[39m[31m[91m[33m.align-content-between[39m[22m[1m[31m[39m[31m[91m[33m{[39m[31m[91m-ms-flex-line-pack[33m:[39m[31m[91mjustify!important[33m;[39m[31m[91malign-content[33m:[39m[31m[91mspace-between!important[33m}[39m[31m[91m[33m.align-content-around[39m[31m[91m[33m{[39m[31m[91m-ms-flex-line-pack[33m:[39m[31m[91mdistribute!important[33m;[39m[31m[91malign-content[33m:[39m[31m[91mspace-around!important[33m}[39m[31m[91m[33m.align-content-stretch[39m[31m[91m[33m{[39m[31m[91m-ms-flex-line-pack[33m:[39m[31m[91mstretch!important[33m;[39m[31m[91malign-content[33m:[39m[31m[91mstretch!important[33m}[39m[31m[91m[33m.align-self-auto[39m[31m[91m[33m{[39m[31m[91m-ms-flex-item-align[33m:[39m[31m[91mauto!important[33m;[39m[31m[91malign-self[33m:[39m[31m[91mauto!important[33m}[39m[31m[91m[33m.align-self-start[39m[31m[91m[33m{[39m[31m[91m-ms-flex-item-align[33m:[39m[31m[91mstart!important[33m;[39m[31m[91malign-self[33m:[39m[31m[91mflex-start!important[33m}[39m[31m[91m[33m.align-self-end[39m[31m[91m[33m{[39m[31m[91m-ms-flex-item-align[33m:[39m[31m[91mend!important[33m;[39m[31m[91malign-self[33m:[39m[31m[91mflex-end!important[33m}[39m[31m[91m[33m.align-self-center[39m[31m[91m[33m{[39m[31m[91m-ms-flex-item-align[33m:[39m[31m[91mcenter!important[33m;[39m[31m[91malign-self[33m:[39m[31m[91mcenter!important[33m}[39m[31m[91m[33m.align-self-baseline[39m[31m[91m[33m{[39m[31m[91m-ms-flex-item-align[33m:[39m[31m[91mbaseline!important[33m;[39m[31m[91malign-self[33m:[39m[31m[91mbaseline!important[33m}[39m[31m[91m[33m.align-self-stretch[39m[31m[91m[33m{[39m[31m[91m-ms-flex-item-align[33m:[39m[31m[91mstretch!important[33m;[39m[31m[91malign-self[33m:[39m[31m[91mstretch!important[33m}[39m[31m[91m[36m@media[39m[31m[91m[36m [39m[31m[91m[36m(min-width:576px)[39m[31m[91m[33m{[39m[31m[91m[33m.flex-sm-row[39m[31m[91m[33m{[39m[31m[91m-ms-flex-direction[33m:[39m[31m[91mrow!important[33m;[39m[31m[91mflex-direction[33m:[39m[31m[91mrow!important[33m}[39m[31m[91m[33m.flex-sm-column[39m[31m[91m[33m{[39m[31m[91m-ms-flex-direction[33m:[39m[31m[91mcolumn!important[33m;[39m[31m[91mflex-direction[33m:[39m[31m[91mcolumn!important[33m}[39m[31m[91[39m[22m[1m[31mm[33m.flex-sm-row-reverse[39m[31m[91m[33m{[39m[31m[91m-ms-flex-direction[33m:[39m[31m[91mrow-reverse!important[33m;[39m[31m[91mflex-direction[33m:[39m[31m[91mrow-reverse!important[33m}[39m[31m[91m[33m.flex-sm-column-reverse[39m[31m[91m[33m{[39m[31m[91m-ms-flex-direction[33m:[39m[31m[91mcolumn-reverse!important[33m;[39m[31m[91mflex-direction[33m:[39m[31m[91mcolumn-reverse!important[33m}[39m[31m[91m[33m.flex-sm-wrap[39m[31m[91m[33m{[39m[31m[91m-ms-flex-wrap[33m:[39m[31m[91mwrap!important[33m;[39m[31m[91mflex-wrap[33m:[39m[31m[91mwrap!important[33m}[39m[31m[91m[33m.flex-sm-nowrap[39m[31m[91m[33m{[39m[31m[91m-ms-flex-wrap[33m:[39m[31m[91mnowrap!important[33m;[39m[31m[91mflex-wrap[33m:[39m[31m[91mnowrap!important[33m}[39m[31m[91m[33m.flex-sm-wrap-reverse[39m[31m[91m[33m{[39m[31m[91m-ms-flex-wrap[33m:[39m[31m[91mwrap-reverse!important[33m;[39m[31m[91mflex-wrap[33m:[39m[31m[91mwrap-reverse!important[33m}[39m[31m[91m[33m.flex-sm-fill[39m[31m[91m[33m{[39m[31m[91m-ms-flex[33m:[39m[31m[91m1 1 auto!important[33m;[39m[31m[91mflex[33m:[39m[31m[91m1 1 auto!important[33m}[39m[31m[91m[33m.flex-sm-grow-0[39m[31m[91m[33m{[39m[31m[91m-ms-flex-positive[33m:[39m[31m[91m0!important[33m;[39m[31m[91mflex-grow[33m:[39m[31m[91m0!important[33m}[39m[31m[91m[33m.flex-sm-grow-1[39m[31m[91m[33m{[39m[31m[91m-ms-flex-positive[33m:[39m[31m[91m1!important[33m;[39m[31m[91mflex-grow[33m:[39m[31m[91m1!important[33m}[39m[31m[91m[33m.flex-sm-shrink-0[39m[31m[91m[33m{[39m[31m[91m-ms-flex-negative[33m:[39m[31m[91m0!important[33m;[39m[31m[91mflex-shrink[33m:[39m[31m[91m0!important[33m}[39m[31m[91m[33m.flex-sm-shrink-1[39m[31m[91m[33m{[39m[31m[91m-ms-flex-negative[33m:[39m[31m[91m1!important[33m;[39m[31m[91mflex-shrink[33m:[39m[31m[91m1!important[33m}[39m[31m[91m[33m.justify-content-sm-start[39m[31m[91m[33m{[39m[31m[91m-ms-flex-pack[33m:[39m[31m[91mstart!important[33m;[39m[31m[91mjustify-content[33m:[39m[31m[91mflex-start!important[33m}[39m[31m[91m[33m.justify-content-sm-end[39m[31m[91m[33m{[39m[31m[91m-ms-flex-pack[33m:[39m[31m[91mend!important[33m;[39m[31m[91mjustify-content[[39m[22m[1m[31m33m:[39m[31m[91mflex-end!important[33m}[39m[31m[91m[33m.justify-content-sm-center[39m[31m[91m[33m{[39m[31m[91m-ms-flex-pack[33m:[39m[31m[91mcenter!important[33m;[39m[31m[91mjustify-content[33m:[39m[31m[91mcenter!important[33m}[39m[31m[91m[33m.justify-content-sm-between[39m[31m[91m[33m{[39m[31m[91m-ms-flex-pack[33m:[39m[31m[91mjustify!important[33m;[39m[31m[91mjustify-content[33m:[39m[31m[91mspace-between!important[33m}[39m[31m[91m[33m.justify-content-sm-around[39m[31m[91m[33m{[39m[31m[91m-ms-flex-pack[33m:[39m[31m[91mdistribute!important[33m;[39m[31m[91mjustify-content[33m:[39m[31m[91mspace-around!important[33m}[39m[31m[91m[33m.align-items-sm-start[39m[31m[91m[33m{[39m[31m[91m-ms-flex-align[33m:[39m[31m[91mstart!important[33m;[39m[31m[91malign-items[33m:[39m[31m[91mflex-start!important[33m}[39m[31m[91m[33m.align-items-sm-end[39m[31m[91m[33m{[39m[31m[91m-ms-flex-align[33m:[39m[31m[91mend!important[33m;[39m[31m[91malign-items[33m:[39m[31m[91mflex-end!important[33m}[39m[31m[91m[33m.align-items-sm-center[39m[31m[91m[33m{[39m[31m[91m-ms-flex-align[33m:[39m[31m[91mcenter!important[33m;[39m[31m[91malign-items[33m:[39m[31m[91mcenter!important[33m}[39m[31m[91m[33m.align-items-sm-baseline[39m[31m[91m[33m{[39m[31m[91m-ms-flex-align[33m:[39m[31m[91mbaseline!important[33m;[39m[31m[91malign-items[33m:[39m[31m[91mbaseline!important[33m}[39m[31m[91m[33m.align-items-sm-stretch[39m[31m[91m[33m{[39m[31m[91m-ms-flex-align[33m:[39m[31m[91mstretch!important[33m;[39m[31m[91malign-items[33m:[39m[31m[91mstretch!important[33m}[39m[31m[91m[33m.align-content-sm-start[39m[31m[91m[33m{[39m[31m[91m-ms-flex-line-pack[33m:[39m[31m[91mstart!important[33m;[39m[31m[91malign-content[33m:[39m[31m[91mflex-start!important[33m}[39m[31m[91m[33m.align-content-sm-end[39m[31m[91m[33m{[39m[31m[91m-ms-flex-line-pack[33m:[39m[31m[91mend!important[33m;[39m[31m[91malign-content[33m:[39m[31m[91mflex-end!important[33m}[39m[31m[91m[33m.align-content-sm-center[39m[31m[91m[33m{[39m[31m[91m-ms-flex-line-pack[33m:[39m[31m[91mcenter!important[33m;[39m[31m[91malign-content[33m:[39m[31m[91mc[39m[22m[1m[31menter!important[33m}[39m[31m[91m[33m.align-content-sm-between[39m[31m[91m[33m{[39m[31m[91m-ms-flex-line-pack[33m:[39m[31m[91mjustify!important[33m;[39m[31m[91malign-content[33m:[39m[31m[91mspace-between!important[33m}[39m[31m[91m[33m.align-content-sm-around[39m[31m[91m[33m{[39m[31m[91m-ms-flex-line-pack[33m:[39m[31m[91mdistribute!important[33m;[39m[31m[91malign-content[33m:[39m[31m[91mspace-around!important[33m}[39m[31m[91m[33m.align-content-sm-stretch[39m[31m[91m[33m{[39m[31m[91m-ms-flex-line-pack[33m:[39m[31m[91mstretch!important[33m;[39m[31m[91malign-content[33m:[39m[31m[91mstretch!important[33m}[39m[31m[91m[33m.align-self-sm-auto[39m[31m[91m[33m{[39m[31m[91m-ms-flex-item-align[33m:[39m[31m[91mauto!important[33m;[39m[31m[91malign-self[33m:[39m[31m[91mauto!important[33m}[39m[31m[91m[33m.align-self-sm-start[39m[31m[91m[33m{[39m[31m[91m-ms-flex-item-align[33m:[39m[31m[91mstart!important[33m;[39m[31m[91malign-self[33m:[39m[31m[91mflex-start!important[33m}[39m[31m[91m[33m.align-self-sm-end[39m[31m[91m[33m{[39m[31m[91m-ms-flex-item-align[33m:[39m[31m[91mend!important[33m;[39m[31m[91malign-self[33m:[39m[31m[91mflex-end!important[33m}[39m[31m[91m[33m.align-self-sm-center[39m[31m[91m[33m{[39m[31m[91m-ms-flex-item-align[33m:[39m[31m[91mcenter!important[33m;[39m[31m[91malign-self[33m:[39m[31m[91mcenter!important[33m}[39m[31m[91m[33m.align-self-sm-baseline[39m[31m[91m[33m{[39m[31m[91m-ms-flex-item-align[33m:[39m[31m[91mbaseline!important[33m;[39m[31m[91malign-self[33m:[39m[31m[91mbaseline!important[33m}[39m[31m[91m[33m.align-self-sm-stretch[39m[31m[91m[33m{[39m[31m[91m-ms-flex-item-align[33m:[39m[31m[91mstretch!important[33m;[39m[31m[91malign-self[33m:[39m[31m[91mstretch!important[33m}[39m[31m[91m[33m}[39m[31m[91m[36m@media[39m[31m[91m[36m [39m[31m[91m[36m(min-width:768px)[39m[31m[91m[33m{[39m[31m[91m[33m.flex-md-row[39m[31m[91m[33m{[39m[31m[91m-ms-flex-direction[33m:[39m[31m[91mrow!important[33m;[39m[31m[91mflex-direction[33m:[39m[31m[91mrow!important[33m}[39m[31m[91m[33m.flex-md-column[39m[31m[91m[33m{[39m[31m[91m-ms-flex-direction[33m:[[39m[22m[1m[31m39m[91mcolumn!important[33m;[39m[31m[91mflex-direction[33m:[39m[31m[91mcolumn!important[33m}[39m[31m[91m[33m.flex-md-row-reverse[39m[31m[91m[33m{[39m[31m[91m-ms-flex-direction[33m:[39m[31m[91mrow-reverse!important[33m;[39m[31m[91mflex-direction[33m:[39m[31m[91mrow-reverse!important[33m}[39m[31m[91m[33m.flex-md-column-reverse[39m[31m[91m[33m{[39m[31m[91m-ms-flex-direction[33m:[39m[31m[91mcolumn-reverse!important[33m;[39m[31m[91mflex-direction[33m:[39m[31m[91mcolumn-reverse!important[33m}[39m[31m[91m[33m.flex-md-wrap[39m[31m[91m[33m{[39m[31m[91m-ms-flex-wrap[33m:[39m[31m[91mwrap!important[33m;[39m[31m[91mflex-wrap[33m:[39m[31m[91mwrap!important[33m}[39m[31m[91m[33m.flex-md-nowrap[39m[31m[91m[33m{[39m[31m[91m-ms-flex-wrap[33m:[39m[31m[91mnowrap!important[33m;[39m[31m[91mflex-wrap[33m:[39m[31m[91mnowrap!important[33m}[39m[31m[91m[33m.flex-md-wrap-reverse[39m[31m[91m[33m{[39m[31m[91m-ms-flex-wrap[33m:[39m[31m[91mwrap-reverse!important[33m;[39m[31m[91mflex-wrap[33m:[39m[31m[91mwrap-reverse!important[33m}[39m[31m[91m[33m.flex-md-fill[39m[31m[91m[33m{[39m[31m[91m-ms-flex[33m:[39m[31m[91m1 1 auto!important[33m;[39m[31m[91mflex[33m:[39m[31m[91m1 1 auto!important[33m}[39m[31m[91m[33m.flex-md-grow-0[39m[31m[91m[33m{[39m[31m[91m-ms-flex-positive[33m:[39m[31m[91m0!important[33m;[39m[31m[91mflex-grow[33m:[39m[31m[91m0!important[33m}[39m[31m[91m[33m.flex-md-grow-1[39m[31m[91m[33m{[39m[31m[91m-ms-flex-positive[33m:[39m[31m[91m1!important[33m;[39m[31m[91mflex-grow[33m:[39m[31m[91m1!important[33m}[39m[31m[91m[33m.flex-md-shrink-0[39m[31m[91m[33m{[39m[31m[91m-ms-flex-negative[33m:[39m[31m[91m0!important[33m;[39m[31m[91mflex-shrink[33m:[39m[31m[91m0!important[33m}[39m[31m[91m[33m.flex-md-shrink-1[39m[31m[91m[33m{[39m[31m[91m-ms-flex-negative[33m:[39m[31m[91m1!important[33m;[39m[31m[91mflex-shrink[33m:[39m[31m[91m1!important[33m}[39m[31m[91m[33m.justify-content-md-start[39m[31m[91m[33m{[39m[31m[91m-ms-flex-pack[33m:[39m[31m[91mstart!important[33m;[39m[31m[91mjustify-content[33m:[39m[31m[91mflex-start!important[33m}[39m[31m[91m[33m.justify-content-md-end[39m[22m[1m[31m[39m[31m[91m[33m{[39m[31m[91m-ms-flex-pack[33m:[39m[31m[91mend!important[33m;[39m[31m[91mjustify-content[33m:[39m[31m[91mflex-end!important[33m}[39m[31m[91m[33m.justify-content-md-center[39m[31m[91m[33m{[39m[31m[91m-ms-flex-pack[33m:[39m[31m[91mcenter!important[33m;[39m[31m[91mjustify-content[33m:[39m[31m[91mcenter!important[33m}[39m[31m[91m[33m.justify-content-md-between[39m[31m[91m[33m{[39m[31m[91m-ms-flex-pack[33m:[39m[31m[91mjustify!important[33m;[39m[31m[91mjustify-content[33m:[39m[31m[91mspace-between!important[33m}[39m[31m[91m[33m.justify-content-md-around[39m[31m[91m[33m{[39m[31m[91m-ms-flex-pack[33m:[39m[31m[91mdistribute!important[33m;[39m[31m[91mjustify-content[33m:[39m[31m[91mspace-around!important[33m}[39m[31m[91m[33m.align-items-md-start[39m[31m[91m[33m{[39m[31m[91m-ms-flex-align[33m:[39m[31m[91mstart!important[33m;[39m[31m[91malign-items[33m:[39m[31m[91mflex-start!important[33m}[39m[31m[91m[33m.align-items-md-end[39m[31m[91m[33m{[39m[31m[91m-ms-flex-align[33m:[39m[31m[91mend!important[33m;[39m[31m[91malign-items[33m:[39m[31m[91mflex-end!important[33m}[39m[31m[91m[33m.align-items-md-center[39m[31m[91m[33m{[39m[31m[91m-ms-flex-align[33m:[39m[31m[91mcenter!important[33m;[39m[31m[91malign-items[33m:[39m[31m[91mcenter!important[33m}[39m[31m[91m[33m.align-items-md-baseline[39m[31m[91m[33m{[39m[31m[91m-ms-flex-align[33m:[39m[31m[91mbaseline!important[33m;[39m[31m[91malign-items[33m:[39m[31m[91mbaseline!important[33m}[39m[31m[91m[33m.align-items-md-stretch[39m[31m[91m[33m{[39m[31m[91m-ms-flex-align[33m:[39m[31m[91mstretch!important[33m;[39m[31m[91malign-items[33m:[39m[31m[91mstretch!important[33m}[39m[31m[91m[33m.align-content-md-start[39m[31m[91m[33m{[39m[31m[91m-ms-flex-line-pack[33m:[39m[31m[91mstart!important[33m;[39m[31m[91malign-content[33m:[39m[31m[91mflex-start!important[33m}[39m[31m[91m[33m.align-content-md-end[39m[31m[91m[33m{[39m[31m[91m-ms-flex-line-pack[33m:[39m[31m[91mend!important[33m;[39m[31m[91malign-content[33m:[39m[31m[91mflex-end!important[33m}[39m[31m[91m[33m.align-content-md-center[39m[31m[91m[33m{[39m[31m[39m[22m[1m[31m[91m-ms-flex-line-pack[33m:[39m[31m[91mcenter!important[33m;[39m[31m[91malign-content[33m:[39m[31m[91mcenter!important[33m}[39m[31m[91m[33m.align-content-md-between[39m[31m[91m[33m{[39m[31m[91m-ms-flex-line-pack[33m:[39m[31m[91mjustify!important[33m;[39m[31m[91malign-content[33m:[39m[31m[91mspace-between!important[33m}[39m[31m[91m[33m.align-content-md-around[39m[31m[91m[33m{[39m[31m[91m-ms-flex-line-pack[33m:[39m[31m[91mdistribute!important[33m;[39m[31m[91malign-content[33m:[39m[31m[91mspace-around!important[33m}[39m[31m[91m[33m.align-content-md-stretch[39m[31m[91m[33m{[39m[31m[91m-ms-flex-line-pack[33m:[39m[31m[91mstretch!important[33m;[39m[31m[91malign-content[33m:[39m[31m[91mstretch!important[33m}[39m[31m[91m[33m.align-self-md-auto[39m[31m[91m[33m{[39m[31m[91m-ms-flex-item-align[33m:[39m[31m[91mauto!important[33m;[39m[31m[91malign-self[33m:[39m[31m[91mauto!important[33m}[39m[31m[91m[33m.align-self-md-start[39m[31m[91m[33m{[39m[31m[91m-ms-flex-item-align[33m:[39m[31m[91mstart!important[33m;[39m[31m[91malign-self[33m:[39m[31m[91mflex-start!important[33m}[39m[31m[91m[33m.align-self-md-end[39m[31m[91m[33m{[39m[31m[91m-ms-flex-item-align[33m:[39m[31m[91mend!important[33m;[39m[31m[91malign-self[33m:[39m[31m[91mflex-end!important[33m}[39m[31m[91m[33m.align-self-md-center[39m[31m[91m[33m{[39m[31m[91m-ms-flex-item-align[33m:[39m[31m[91mcenter!important[33m;[39m[31m[91malign-self[33m:[39m[31m[91mcenter!important[33m}[39m[31m[91m[33m.align-self-md-baseline[39m[31m[91m[33m{[39m[31m[91m-ms-flex-item-align[33m:[39m[31m[91mbaseline!important[33m;[39m[31m[91malign-self[33m:[39m[31m[91mbaseline!important[33m}[39m[31m[91m[33m.align-self-md-stretch[39m[31m[91m[33m{[39m[31m[91m-ms-flex-item-align[33m:[39m[31m[91mstretch!important[33m;[39m[31m[91malign-self[33m:[39m[31m[91mstretch!important[33m}[39m[31m[91m[33m}[39m[31m[91m[36m@media[39m[31m[91m[36m [39m[31m[91m[36m(min-width:960px)[39m[31m[91m[33m{[39m[31m[91m[33m.flex-lg-row[39m[31m[91m[33m{[39m[31m[91m-ms-flex-direction[33m:[39m[31m[91mrow!important[33m;[39m[31m[91mflex-direction[33m:[39m[31m[91m[39m[22m[1m[31mrow!important[33m}[39m[31m[91m[33m.flex-lg-column[39m[31m[91m[33m{[39m[31m[91m-ms-flex-direction[33m:[39m[31m[91mcolumn!important[33m;[39m[31m[91mflex-direction[33m:[39m[31m[91mcolumn!important[33m}[39m[31m[91m[33m.flex-lg-row-reverse[39m[31m[91m[33m{[39m[31m[91m-ms-flex-direction[33m:[39m[31m[91mrow-reverse!important[33m;[39m[31m[91mflex-direction[33m:[39m[31m[91mrow-reverse!important[33m}[39m[31m[91m[33m.flex-lg-column-reverse[39m[31m[91m[33m{[39m[31m[91m-ms-flex-direction[33m:[39m[31m[91mcolumn-reverse!important[33m;[39m[31m[91mflex-direction[33m:[39m[31m[91mcolumn-reverse!important[33m}[39m[31m[91m[33m.flex-lg-wrap[39m[31m[91m[33m{[39m[31m[91m-ms-flex-wrap[33m:[39m[31m[91mwrap!important[33m;[39m[31m[91mflex-wrap[33m:[39m[31m[91mwrap!important[33m}[39m[31m[91m[33m.flex-lg-nowrap[39m[31m[91m[33m{[39m[31m[91m-ms-flex-wrap[33m:[39m[31m[91mnowrap!important[33m;[39m[31m[91mflex-wrap[33m:[39m[31m[91mnowrap!important[33m}[39m[31m[91m[33m.flex-lg-wrap-reverse[39m[31m[91m[33m{[39m[31m[91m-ms-flex-wrap[33m:[39m[31m[91mwrap-reverse!important[33m;[39m[31m[91mflex-wrap[33m:[39m[31m[91mwrap-reverse!important[33m}[39m[31m[91m[33m.flex-lg-fill[39m[31m[91m[33m{[39m[31m[91m-ms-flex[33m:[39m[31m[91m1 1 auto!important[33m;[39m[31m[91mflex[33m:[39m[31m[91m1 1 auto!important[33m}[39m[31m[91m[33m.flex-lg-grow-0[39m[31m[91m[33m{[39m[31m[91m-ms-flex-positive[33m:[39m[31m[91m0!important[33m;[39m[31m[91mflex-grow[33m:[39m[31m[91m0!important[33m}[39m[31m[91m[33m.flex-lg-grow-1[39m[31m[91m[33m{[39m[31m[91m-ms-flex-positive[33m:[39m[31m[91m1!important[33m;[39m[31m[91mflex-grow[33m:[39m[31m[91m1!important[33m}[39m[31m[91m[33m.flex-lg-shrink-0[39m[31m[91m[33m{[39m[31m[91m-ms-flex-negative[33m:[39m[31m[91m0!important[33m;[39m[31m[91mflex-shrink[33m:[39m[31m[91m0!important[33m}[39m[31m[91m[33m.flex-lg-shrink-1[39m[31m[91m[33m{[39m[31m[91m-ms-flex-negative[33m:[39m[31m[91m1!important[33m;[39m[31m[91mflex-shrink[33m:[39m[31m[91m1!important[33m}[39m[31m[91m[33m.justify-content-lg-start[39m[31m[91m[33m{[39m[31m[91m-ms-flex-pack[33m:[39m[31m[91mstart!important[33m;[39[39m[22m[1m[31mm[91mjustify-content[33m:[39m[31m[91mflex-start!important[33m}[39m[31m[91m[33m.justify-content-lg-end[39m[31m[91m[33m{[39m[31m[91m-ms-flex-pack[33m:[39m[31m[91mend!important[33m;[39m[31m[91mjustify-content[33m:[39m[31m[91mflex-end!important[33m}[39m[31m[91m[33m.justify-content-lg-center[39m[31m[91m[33m{[39m[31m[91m-ms-flex-pack[33m:[39m[31m[91mcenter!important[33m;[39m[31m[91mjustify-content[33m:[39m[31m[91mcenter!important[33m}[39m[31m[91m[33m.justify-content-lg-between[39m[31m[91m[33m{[39m[31m[91m-ms-flex-pack[33m:[39m[31m[91mjustify!important[33m;[39m[31m[91mjustify-content[33m:[39m[31m[91mspace-between!important[33m}[39m[31m[91m[33m.justify-content-lg-around[39m[31m[91m[33m{[39m[31m[91m-ms-flex-pack[33m:[39m[31m[91mdistribute!important[33m;[39m[31m[91mjustify-content[33m:[39m[31m[91mspace-around!important[33m}[39m[31m[91m[33m.align-items-lg-start[39m[31m[91m[33m{[39m[31m[91m-ms-flex-align[33m:[39m[31m[91mstart!important[33m;[39m[31m[91malign-items[33m:[39m[31m[91mflex-start!important[33m}[39m[31m[91m[33m.align-items-lg-end[39m[31m[91m[33m{[39m[31m[91m-ms-flex-align[33m:[39m[31m[91mend!important[33m;[39m[31m[91malign-items[33m:[39m[31m[91mflex-end!important[33m}[39m[31m[91m[33m.align-items-lg-center[39m[31m[91m[33m{[39m[31m[91m-ms-flex-align[33m:[39m[31m[91mcenter!important[33m;[39m[31m[91malign-items[33m:[39m[31m[91mcenter!important[33m}[39m[31m[91m[33m.align-items-lg-baseline[39m[31m[91m[33m{[39m[31m[91m-ms-flex-align[33m:[39m[31m[91mbaseline!important[33m;[39m[31m[91malign-items[33m:[39m[31m[91mbaseline!important[33m}[39m[31m[91m[33m.align-items-lg-stretch[39m[31m[91m[33m{[39m[31m[91m-ms-flex-align[33m:[39m[31m[91mstretch!important[33m;[39m[31m[91malign-items[33m:[39m[31m[91mstretch!important[33m}[39m[31m[91m[33m.align-content-lg-start[39m[31m[91m[33m{[39m[31m[91m-ms-flex-line-pack[33m:[39m[31m[91mstart!important[33m;[39m[31m[91malign-content[33m:[39m[31m[91mflex-start!important[33m}[39m[31m[91m[33m.align-content-lg-end[39m[31m[91m[33m{[39m[31m[91m-ms-flex-line-pack[33m:[39m[31m[91mend!important[33m;[39m[31m[91malign-conten[39m[22m[1m[31mt[33m:[39m[31m[91mflex-end!important[33m}[39m[31m[91m[33m.align-content-lg-center[39m[31m[91m[33m{[39m[31m[91m-ms-flex-line-pack[33m:[39m[31m[91mcenter!important[33m;[39m[31m[91malign-content[33m:[39m[31m[91mcenter!important[33m}[39m[31m[91m[33m.align-content-lg-between[39m[31m[91m[33m{[39m[31m[91m-ms-flex-line-pack[33m:[39m[31m[91mjustify!important[33m;[39m[31m[91malign-content[33m:[39m[31m[91mspace-between!important[33m}[39m[31m[91m[33m.align-content-lg-around[39m[31m[91m[33m{[39m[31m[91m-ms-flex-line-pack[33m:[39m[31m[91mdistribute!important[33m;[39m[31m[91malign-content[33m:[39m[31m[91mspace-around!important[33m}[39m[31m[91m[33m.align-content-lg-stretch[39m[31m[91m[33m{[39m[31m[91m-ms-flex-line-pack[33m:[39m[31m[91mstretch!important[33m;[39m[31m[91malign-content[33m:[39m[31m[91mstretch!important[33m}[39m[31m[91m[33m.align-self-lg-auto[39m[31m[91m[33m{[39m[31m[91m-ms-flex-item-align[33m:[39m[31m[91mauto!important[33m;[39m[31m[91malign-self[33m:[39m[31m[91mauto!important[33m}[39m[31m[91m[33m.align-self-lg-start[39m[31m[91m[33m{[39m[31m[91m-ms-flex-item-align[33m:[39m[31m[91mstart!important[33m;[39m[31m[91malign-self[33m:[39m[31m[91mflex-start!important[33m}[39m[31m[91m[33m.align-self-lg-end[39m[31m[91m[33m{[39m[31m[91m-ms-flex-item-align[33m:[39m[31m[91mend!important[33m;[39m[31m[91malign-self[33m:[39m[31m[91mflex-end!important[33m}[39m[31m[91m[33m.align-self-lg-center[39m[31m[91m[33m{[39m[31m[91m-ms-flex-item-align[33m:[39m[31m[91mcenter!important[33m;[39m[31m[91malign-self[33m:[39m[31m[91mcenter!important[33m}[39m[31m[91m[33m.align-self-lg-baseline[39m[31m[91m[33m{[39m[31m[91m-ms-flex-item-align[33m:[39m[31m[91mbaseline!important[33m;[39m[31m[91malign-self[33m:[39m[31m[91mbaseline!important[33m}[39m[31m[91m[33m.align-self-lg-stretch[39m[31m[91m[33m{[39m[31m[91m-ms-flex-item-align[33m:[39m[31m[91mstretch!important[33m;[39m[31m[91malign-self[33m:[39m[31m[91mstretch!important[33m}[39m[31m[91m[33m}[39m[31m[91m[36m@media[39m[31m[91m[36m [39m[31m[91m[36m(min-width:1152px)[39m[31m[91m[33m{[39m[31m[91m[33m.flex-xl-row[39m[31m[91m[33m{[39m[22m[1m[31m[39m[91m-ms-flex-direction[33m:[39m[31m[91mrow!important[33m;[39m[31m[91mflex-direction[33m:[39m[31m[91mrow!important[33m}[39m[31m[91m[33m.flex-xl-column[39m[31m[91m[33m{[39m[31m[91m-ms-flex-direction[33m:[39m[31m[91mcolumn!important[33m;[39m[31m[91mflex-direction[33m:[39m[31m[91mcolumn!important[33m}[39m[31m[91m[33m.flex-xl-row-reverse[39m[31m[91m[33m{[39m[31m[91m-ms-flex-direction[33m:[39m[31m[91mrow-reverse!important[33m;[39m[31m[91mflex-direction[33m:[39m[31m[91mrow-reverse!important[33m}[39m[31m[91m[33m.flex-xl-column-reverse[39m[31m[91m[33m{[39m[31m[91m-ms-flex-direction[33m:[39m[31m[91mcolumn-reverse!important[33m;[39m[31m[91mflex-direction[33m:[39m[31m[91mcolumn-reverse!important[33m}[39m[31m[91m[33m.flex-xl-wrap[39m[31m[91m[33m{[39m[31m[91m-ms-flex-wrap[33m:[39m[31m[91mwrap!important[33m;[39m[31m[91mflex-wrap[33m:[39m[31m[91mwrap!important[33m}[39m[31m[91m[33m.flex-xl-nowrap[39m[31m[91m[33m{[39m[31m[91m-ms-flex-wrap[33m:[39m[31m[91mnowrap!important[33m;[39m[31m[91mflex-wrap[33m:[39m[31m[91mnowrap!important[33m}[39m[31m[91m[33m.flex-xl-wrap-reverse[39m[31m[91m[33m{[39m[31m[91m-ms-flex-wrap[33m:[39m[31m[91mwrap-reverse!important[33m;[39m[31m[91mflex-wrap[33m:[39m[31m[91mwrap-reverse!important[33m}[39m[31m[91m[33m.flex-xl-fill[39m[31m[91m[33m{[39m[31m[91m-ms-flex[33m:[39m[31m[91m1 1 auto!important[33m;[39m[31m[91mflex[33m:[39m[31m[91m1 1 auto!important[33m}[39m[31m[91m[33m.flex-xl-grow-0[39m[31m[91m[33m{[39m[31m[91m-ms-flex-positive[33m:[39m[31m[91m0!important[33m;[39m[31m[91mflex-grow[33m:[39m[31m[91m0!important[33m}[39m[31m[91m[33m.flex-xl-grow-1[39m[31m[91m[33m{[39m[31m[91m-ms-flex-positive[33m:[39m[31m[91m1!important[33m;[39m[31m[91mflex-grow[33m:[39m[31m[91m1!important[33m}[39m[31m[91m[33m.flex-xl-shrink-0[39m[31m[91m[33m{[39m[31m[91m-ms-flex-negative[33m:[39m[31m[91m0!important[33m;[39m[31m[91mflex-shrink[33m:[39m[31m[91m0!important[33m}[39m[31m[91m[33m.flex-xl-shrink-1[39m[31m[91m[33m{[39m[31m[91m-ms-flex-negative[33m:[39m[31m[91m1!important[33m;[39m[31m[91mflex-shrink[33m:[39m[31m[91m1!important[33m}[39m[31m[91m[33m.ju[39m[22m[1m[31mstify-content-xl-start[39m[31m[91m[33m{[39m[31m[91m-ms-flex-pack[33m:[39m[31m[91mstart!important[33m;[39m[31m[91mjustify-content[33m:[39m[31m[91mflex-start!important[33m}[39m[31m[91m[33m.justify-content-xl-end[39m[31m[91m[33m{[39m[31m[91m-ms-flex-pack[33m:[39m[31m[91mend!important[33m;[39m[31m[91mjustify-content[33m:[39m[31m[91mflex-end!important[33m}[39m[31m[91m[33m.justify-content-xl-center[39m[31m[91m[33m{[39m[31m[91m-ms-flex-pack[33m:[39m[31m[91mcenter!important[33m;[39m[31m[91mjustify-content[33m:[39m[31m[91mcenter!important[33m}[39m[31m[91m[33m.justify-content-xl-between[39m[31m[91m[33m{[39m[31m[91m-ms-flex-pack[33m:[39m[31m[91mjustify!important[33m;[39m[31m[91mjustify-content[33m:[39m[31m[91mspace-between!important[33m}[39m[31m[91m[33m.justify-content-xl-around[39m[31m[91m[33m{[39m[31m[91m-ms-flex-pack[33m:[39m[31m[91mdistribute!important[33m;[39m[31m[91mjustify-content[33m:[39m[31m[91mspace-around!important[33m}[39m[31m[91m[33m.align-items-xl-start[39m[31m[91m[33m{[39m[31m[91m-ms-flex-align[33m:[39m[31m[91mstart!important[33m;[39m[31m[91malign-items[33m:[39m[31m[91mflex-start!important[33m}[39m[31m[91m[33m.align-items-xl-end[39m[31m[91m[33m{[39m[31m[91m-ms-flex-align[33m:[39m[31m[91mend!important[33m;[39m[31m[91malign-items[33m:[39m[31m[91mflex-end!important[33m}[39m[31m[91m[33m.align-items-xl-center[39m[31m[91m[33m{[39m[31m[91m-ms-flex-align[33m:[39m[31m[91mcenter!important[33m;[39m[31m[91malign-items[33m:[39m[31m[91mcenter!important[33m}[39m[31m[91m[33m.align-items-xl-baseline[39m[31m[91m[33m{[39m[31m[91m-ms-flex-align[33m:[39m[31m[91mbaseline!important[33m;[39m[31m[91malign-items[33m:[39m[31m[91mbaseline!important[33m}[39m[31m[91m[33m.align-items-xl-stretch[39m[31m[91m[33m{[39m[31m[91m-ms-flex-align[33m:[39m[31m[91mstretch!important[33m;[39m[31m[91malign-items[33m:[39m[31m[91mstretch!important[33m}[39m[31m[91m[33m.align-content-xl-start[39m[31m[91m[33m{[39m[31m[91m-ms-flex-line-pack[33m:[39m[31m[91mstart!important[33m;[39m[31m[91malign-content[33m:[39m[31m[91mflex-start!important[33m}[39m[31m[91m[33m.align-content-xl-en[39m[22m[1m[31md[39m[31m[91m[33m{[39m[31m[91m-ms-flex-line-pack[33m:[39m[31m[91mend!important[33m;[39m[31m[91malign-content[33m:[39m[31m[91mflex-end!important[33m}[39m[31m[91m[33m.align-content-xl-center[39m[31m[91m[33m{[39m[31m[91m-ms-flex-line-pack[33m:[39m[31m[91mcenter!important[33m;[39m[31m[91malign-content[33m:[39m[31m[91mcenter!important[33m}[39m[31m[91m[33m.align-content-xl-between[39m[31m[91m[33m{[39m[31m[91m-ms-flex-line-pack[33m:[39m[31m[91mjustify!important[33m;[39m[31m[91malign-content[33m:[39m[31m[91mspace-between!important[33m}[39m[31m[91m[33m.align-content-xl-around[39m[31m[91m[33m{[39m[31m[91m-ms-flex-line-pack[33m:[39m[31m[91mdistribute!important[33m;[39m[31m[91malign-content[33m:[39m[31m[91mspace-around!important[33m}[39m[31m[91m[33m.align-content-xl-stretch[39m[31m[91m[33m{[39m[31m[91m-ms-flex-line-pack[33m:[39m[31m[91mstretch!important[33m;[39m[31m[91malign-content[33m:[39m[31m[91mstretch!important[33m}[39m[31m[91m[33m.align-self-xl-auto[39m[31m[91m[33m{[39m[31m[91m-ms-flex-item-align[33m:[39m[31m[91mauto!important[33m;[39m[31m[91malign-self[33m:[39m[31m[91mauto!important[33m}[39m[31m[91m[33m.align-self-xl-start[39m[31m[91m[33m{[39m[31m[91m-ms-flex-item-align[33m:[39m[31m[91mstart!important[33m;[39m[31m[91malign-self[33m:[39m[31m[91mflex-start!important[33m}[39m[31m[91m[33m.align-self-xl-end[39m[31m[91m[33m{[39m[31m[91m-ms-flex-item-align[33m:[39m[31m[91mend!important[33m;[39m[31m[91malign-self[33m:[39m[31m[91mflex-end!important[33m}[39m[31m[91m[33m.align-self-xl-center[39m[31m[91m[33m{[39m[31m[91m-ms-flex-item-align[33m:[39m[31m[91mcenter!important[33m;[39m[31m[91malign-self[33m:[39m[31m[91mcenter!important[33m}[39m[31m[91m[33m.align-self-xl-baseline[39m[31m[91m[33m{[39m[31m[91m-ms-flex-item-align[33m:[39m[31m[91mbaseline!important[33m;[39m[31m[91malign-self[33m:[39m[31m[91mbaseline!important[33m}[39m[31m[91m[33m.align-self-xl-stretch[39m[31m[91m[33m{[39m[31m[91m-ms-flex-item-align[33m:[39m[31m[91mstretch!important[33m;[39m[31m[91malign-self[33m:[39m[31m[91mstretch!important[33m}[39m[31m[91m[33m}[39m[31m[91m[33m.float-left[[39m[22m[1m[31m39m[91m[33m{[39m[31m[91mfloat[33m:[39m[31m[91mleft!important[33m}[39m[31m[91m[33m.float-right[39m[31m[91m[33m{[39m[31m[91mfloat[33m:[39m[31m[91mright!important[33m}[39m[31m[91m[33m.float-none[39m[31m[91m[33m{[39m[31m[91mfloat[33m:[39m[31m[91mnone!important[33m}[39m[31m[91m[36m@media[39m[31m[91m[36m [39m[31m[91m[36m(min-width:576px)[39m[31m[91m[33m{[39m[31m[91m[33m.float-sm-left[39m[31m[91m[33m{[39m[31m[91mfloat[33m:[39m[31m[91mleft!important[33m}[39m[31m[91m[33m.float-sm-right[39m[31m[91m[33m{[39m[31m[91mfloat[33m:[39m[31m[91mright!important[33m}[39m[31m[91m[33m.float-sm-none[39m[31m[91m[33m{[39m[31m[91mfloat[33m:[39m[31m[91mnone!important[33m}[39m[31m[91m[33m}[39m[31m[91m[36m@media[39m[31m[91m[36m [39m[31m[91m[36m(min-width:768px)[39m[31m[91m[33m{[39m[31m[91m[33m.float-md-left[39m[31m[91m[33m{[39m[31m[91mfloat[33m:[39m[31m[91mleft!important[33m}[39m[31m[91m[33m.float-md-right[39m[31m[91m[33m{[39m[31m[91mfloat[33m:[39m[31m[91mright!important[33m}[39m[31m[91m[33m.float-md-none[39m[31m[91m[33m{[39m[31m[91mfloat[33m:[39m[31m[91mnone!important[33m}[39m[31m[91m[33m}[39m[31m[91m[36m@media[39m[31m[91m[36m [39m[31m[91m[36m(min-width:960px)[39m[31m[91m[33m{[39m[31m[91m[33m.float-lg-left[39m[31m[91m[33m{[39m[31m[91mfloat[33m:[39m[31m[91mleft!important[33m}[39m[31m[91m[33m.float-lg-right[39m[31m[91m[33m{[39m[31m[91mfloat[33m:[39m[31m[91mright!important[33m}[39m[31m[91m[33m.float-lg-none[39m[31m[91m[33m{[39m[31m[91mfloat[33m:[39m[31m[91mnone!important[33m}[39m[31m[91m[33m}[39m[31m[91m[36m@media[39m[31m[91m[36m [39m[31m[91m[36m(min-width:1152px)[39m[31m[91m[33m{[39m[31m[91m[33m.float-xl-left[39m[31m[91m[33m{[39m[31m[91mfloat[33m:[39m[31m[91mleft!important[33m}[39m[31m[91m[33m.float-xl-right[39m[31m[91m[33m{[39m[31m[91mfloat[33m:[39m[31m[91mright!important[33m}[39m[31m[91m[33m.float-xl-none[39m[31m[91m[33m{[39m[31m[91mfloat[33m:[39m[31m[91mnone!important[33m}[39m[31m[91m[33m}[39m[31m[91m[33m.overflow-auto[39m[31m[91m[33m{[39m[31m[91moverflow[33m:[39m[31m[91mauto!important[33m}[39m[31m[91m[33m.overflow-hidden[39m[31m[91m[33m{[39m[31m[91moverflow[33m:[39m[31m[91mhi[39m[22m[1m[31mdden!important[33m}[39m[31m[91m[33m.position-static[39m[31m[91m[33m{[39m[31m[91mposition[33m:[39m[31m[91mstatic!important[33m}[39m[31m[91m[33m.position-relative[39m[31m[91m[33m{[39m[31m[91mposition[33m:[39m[31m[91mrelative!important[33m}[39m[31m[91m[33m.position-absolute[39m[31m[91m[33m{[39m[31m[91mposition[33m:[39m[31m[91mabsolute!important[33m}[39m[31m[91m[33m.position-fixed[39m[31m[91m[33m{[39m[31m[91mposition[33m:[39m[31m[91mfixed!important[33m}[39m[31m[91m[33m.position-sticky[39m[31m[91m[33m{[39m[31m[91mposition[33m:[39m[31m[91m-webkit-sticky!important[33m;[39m[31m[91mposition[33m:[39m[31m[91msticky!important[33m}[39m[31m[91m[33m.fixed-top[39m[31m[91m[33m{[39m[31m[91mposition[33m:[39m[31m[91mfixed[33m;[39m[31m[91mtop[33m:[39m[31m[91m0[33m;[39m[31m[91mright[33m:[39m[31m[91m0[33m;[39m[31m[91mleft[33m:[39m[31m[91m0[33m;[39m[31m[91mz-index[33m:[39m[31m[91m1030[33m}[39m[31m[91m[33m.fixed-bottom[39m[31m[91m[33m{[39m[31m[91mposition[33m:[39m[31m[91mfixed[33m;[39m[31m[91mright[33m:[39m[31m[91m0[33m;[39m[31m[91mbottom[33m:[39m[31m[91m0[33m;[39m[31m[91mleft[33m:[39m[31m[91m0[33m;[39m[31m[91mz-index[33m:[39m[31m[91m1030[33m}[39m[31m[91m[36m@supports[39m[31m[91m[36m [39m[31m[91m[36m([39m[31m[91m[36m(position:-webkit-sticky)[39m[31m[91m or[36m [39m[31m[91m[36m(position:sticky)[39m[31m[91m[36m)[39m[31m[91m[33m{[39m[31m[91m[33m.sticky-top[39m[31m[91m[33m{[39m[31m[91mposition[33m:[39m[31m[91m-webkit-sticky[33m;[39m[31m[91mposition[33m:[39m[31m[91msticky[33m;[39m[31m[91mtop[33m:[39m[31m[91m0[33m;[39m[31m[91mz-index[33m:[39m[31m[91m1020[33m}[39m[31m[91m[33m}[39m[31m[91m[33m.sr-only[39m[31m[91m[33m{[39m[31m[91mposition[33m:[39m[31m[91mabsolute[33m;[39m[31m[91mwidth[33m:[39m[31m[91m1px[33m;[39m[31m[91mheight[33m:[39m[31m[91m1px[33m;[39m[31m[91mpadding[33m:[39m[31m[91m0[33m;[39m[31m[91mmargin[33m:[39m[31m[91m-1px[33m;[39m[31m[91moverflow[33m:[39m[31m[91mhidden[33m;[39m[31m[91mclip[33m:[39m[31m[91m[36mrect[39m[31m[91m[36m(0,0,0,0)[39m[31m[91m[33m;[39m[31m[91mwhite-space[33m:[39m[31m[91mnowrap[33m;[39m[31m[91mborder[33m:[39m[31m[91m0[33m}[39m[31m[91m[33m.sr-only-focusa[39m[22m[1m[31mble[39m[31m[91m[33m:[39m[31m[91mactive,.sr-only-focusable[33m:[39m[31m[91mfocus[33m{[39m[31m[91mposition[33m:[39m[31m[91mstatic[33m;[39m[31m[91mwidth[33m:[39m[31m[91mauto[33m;[39m[31m[91mheight[33m:[39m[31m[91mauto[33m;[39m[31m[91moverflow[33m:[39m[31m[91mvisible[33m;[39m[31m[91mclip[33m:[39m[31m[91mauto[33m;[39m[31m[91mwhite-space[33m:[39m[31m[91mnormal[33m}[39m[31m[91m[33m.shadow-none[39m[31m[91m[33m{[39m[31m[91mbox-shadow[33m:[39m[31m[91mnone!important[33m}[39m[31m[91m[33m.w-25[39m[31m[91m[33m{[39m[31m[91mwidth[33m:[39m[31m[91m100%!important[33m}[39m[31m[91m[33m.w-50[39m[31m[91m[33m{[39m[31m[91mwidth[33m:[39m[31m[91m100%!important[33m}[39m[31m[91m[33m.w-75[39m[31m[91m[33m{[39m[31m[91mwidth[33m:[39m[31m[91m100%!important[33m}[39m[31m[91m[33m.w-100[39m[31m[91m[33m{[39m[31m[91mwidth[33m:[39m[31m[91m100%!important[33m}[39m[31m[91m[33m.w-auto[39m[31m[91m[33m{[39m[31m[91mwidth[33m:[39m[31m[91mauto!important[33m}[39m[31m[91m[33m.h-25[39m[31m[91m[33m{[39m[31m[91mheight[33m:[39m[31m[91m100%!important[33m}[39m[31m[91m[33m.h-50[39m[31m[91m[33m{[39m[31m[91mheight[33m:[39m[31m[91m100%!important[33m}[39m[31m[91m[33m.h-75[39m[31m[91m[33m{[39m[31m[91mheight[33m:[39m[31m[91m100%!important[33m}[39m[31m[91m[33m.h-100[39m[31m[91m[33m{[39m[31m[91mheight[33m:[39m[31m[91m100%!important[33m}[39m[31m[91m[33m.h-auto[39m[31m[91m[33m{[39m[31m[91mheight[33m:[39m[31m[91mauto!important[33m}[39m[31m[91m[33m.mw-100[39m[31m[91m[33m{[39m[31m[91mmax-width[33m:[39m[31m[91m100%!important[33m}[39m[31m[91m[33m.mh-100[39m[31m[91m[33m{[39m[31m[91mmax-height[33m:[39m[31m[91m100%!important[33m}[39m[31m[91m[33m.min-vw-100[39m[31m[91m[33m{[39m[31m[91mmin-width[33m:[39m[31m[91m100vw!important[33m}[39m[31m[91m[33m.min-vh-100[39m[31m[91m[33m{[39m[31m[91mmin-height[33m:[39m[31m[91m100vh!important[33m}[39m[31m[91m[33m.vw-100[39m[31m[91m[33m{[39m[31m[91mwidth[33m:[39m[31m[91m100vw!important[33m}[39m[31m[91m[33m.vh-100[39m[31m[91m[33m{[39m[31m[91mheight[33m:[39m[31m[91m100vh!important[33m}[39m[31m[91m[33m.stretched-link[39m[31m[91m[33m:[39m[31m[91m[33m:[39m[31m[91mafter[33m{[39m[31m[91mposition[33m:[[39m[22m[1m[31m39m[91mabsolute[33m;[39m[31m[91mtop[33m:[39m[31m[91m0[33m;[39m[31m[91mright[33m:[39m[31m[91m0[33m;[39m[31m[91mbottom[33m:[39m[31m[91m0[33m;[39m[31m[91mleft[33m:[39m[31m[91m0[33m;[39m[31m[91mz-index[33m:[39m[31m[91m1[33m;[39m[31m[91mpointer-events[33m:[39m[31m[91mauto[33m;[39m[31m[91mcontent[33m:[39m[31m[91m[32m""[39m[31m[91m[33m;[39m[31m[91mbackground-color[33m:[39m[31m[91m[36mrgba[39m[31m[91m[36m(0,0,0,0)[39m[31m[91m[33m}[39m[31m[91m[33m.m-0[39m[31m[91m[33m{[39m[31m[91mmargin[33m:[39m[31m[91m0 0!important[33m}[39m[31m[91m[33m.mt-0,.my-0[39m[31m[91m[33m{[39m[31m[91mmargin-top[33m:[39m[31m[91m0!important[33m}[39m[31m[91m[33m.mr-0,.mx-0[39m[31m[91m[33m{[39m[31m[91mmargin-right[33m:[39m[31m[91m0!important[33m}[39m[31m[91m[33m.mb-0,.my-0[39m[31m[91m[33m{[39m[31m[91mmargin-bottom[33m:[39m[31m[91m0!important[33m}[39m[31m[91m[33m.ml-0,.mx-0[39m[31m[91m[33m{[39m[31m[91mmargin-left[33m:[39m[31m[91m0!important[33m}[39m[31m[91m[33m.m-1[39m[31m[91m[33m{[39m[31m[91mmargin[33m:[39m[31m[91m0 0!important[33m}[39m[31m[91m[33m.mt-1,.my-1[39m[31m[91m[33m{[39m[31m[91mmargin-top[33m:[39m[31m[91m0!important[33m}[39m[31m[91m[33m.mr-1,.mx-1[39m[31m[91m[33m{[39m[31m[91mmargin-right[33m:[39m[31m[91m0!important[33m}[39m[31m[91m[33m.mb-1,.my-1[39m[31m[91m[33m{[39m[31m[91mmargin-bottom[33m:[39m[31m[91m0!important[33m}[39m[31m[91m[33m.ml-1,.mx-1[39m[31m[91m[33m{[39m[31m[91mmargin-left[33m:[39m[31m[91m0!important[33m}[39m[31m[91m[33m.m-2[39m[31m[91m[33m{[39m[31m[91mmargin[33m:[39m[31m[91m14px 8px!important[33m}[39m[31m[91m[33m.mt-2,.my-2[39m[31m[91m[33m{[39m[31m[91mmargin-top[33m:[39m[31m[91m14px!important[33m}[39m[31m[91m[33m.mr-2,.mx-2[39m[31m[91m[33m{[39m[31m[91mmargin-right[33m:[39m[31m[91m8px!important[33m}[39m[31m[91m[33m.mb-2,.my-2[39m[31m[91m[33m{[39m[31m[91mmargin-bottom[33m:[39m[31m[91m14px!important[33m}[39m[31m[91m[33m.ml-2,.mx-2[39m[31m[91m[33m{[39m[31m[91mmargin-left[33m:[39m[31m[91m8px!important[33m}[39m[31m[91m[33m.m-3[39m[31m[91m[33m{[39m[31m[91mmargin[33m:[39m[31m[91m14px 8px!important[33m}[39m[31m[91m[33m.mt-3,.my-3[39m[31m[91m[33m{[39m[31m[91mmargin-top[33m:[39m[22m[1m[31m[39m[91m14px!important[33m}[39m[31m[91m[33m.mr-3,.mx-3[39m[31m[91m[33m{[39m[31m[91mmargin-right[33m:[39m[31m[91m8px!important[33m}[39m[31m[91m[33m.mb-3,.my-3[39m[31m[91m[33m{[39m[31m[91mmargin-bottom[33m:[39m[31m[91m14px!important[33m}[39m[31m[91m[33m.ml-3,.mx-3[39m[31m[91m[33m{[39m[31m[91mmargin-left[33m:[39m[31m[91m8px!important[33m}[39m[31m[91m[33m.m-4[39m[31m[91m[33m{[39m[31m[91mmargin[33m:[39m[31m[91m28px 16px!important[33m}[39m[31m[91m[33m.mt-4,.my-4[39m[31m[91m[33m{[39m[31m[91mmargin-top[33m:[39m[31m[91m28px!important[33m}[39m[31m[91m[33m.mr-4,.mx-4[39m[31m[91m[33m{[39m[31m[91mmargin-right[33m:[39m[31m[91m16px!important[33m}[39m[31m[91m[33m.mb-4,.my-4[39m[31m[91m[33m{[39m[31m[91mmargin-bottom[33m:[39m[31m[91m28px!important[33m}[39m[31m[91m[33m.ml-4,.mx-4[39m[31m[91m[33m{[39m[31m[91mmargin-left[33m:[39m[31m[91m16px!important[33m}[39m[31m[91m[33m.m-5[39m[31m[91m[33m{[39m[31m[91mmargin[33m:[39m[31m[91m28px 16px!important[33m}[39m[31m[91m[33m.mt-5,.my-5[39m[31m[91m[33m{[39m[31m[91mmargin-top[33m:[39m[31m[91m28px!important[33m}[39m[31m[91m[33m.mr-5,.mx-5[39m[31m[91m[33m{[39m[31m[91mmargin-right[33m:[39m[31m[91m16px!important[33m}[39m[31m[91m[33m.mb-5,.my-5[39m[31m[91m[33m{[39m[31m[91mmargin-bottom[33m:[39m[31m[91m28px!important[33m}[39m[31m[91m[33m.ml-5,.mx-5[39m[31m[91m[33m{[39m[31m[91mmargin-left[33m:[39m[31m[91m16px!important[33m}[39m[31m[91m[33m.m-6[39m[31m[91m[33m{[39m[31m[91mmargin[33m:[39m[31m[91m42px 24px!important[33m}[39m[31m[91m[33m.mt-6,.my-6[39m[31m[91m[33m{[39m[31m[91mmargin-top[33m:[39m[31m[91m42px!important[33m}[39m[31m[91m[33m.mr-6,.mx-6[39m[31m[91m[33m{[39m[31m[91mmargin-right[33m:[39m[31m[91m24px!important[33m}[39m[31m[91m[33m.mb-6,.my-6[39m[31m[91m[33m{[39m[31m[91mmargin-bottom[33m:[39m[31m[91m42px!important[33m}[39m[31m[91m[33m.ml-6,.mx-6[39m[31m[91m[33m{[39m[31m[91mmargin-left[33m:[39m[31m[91m24px!important[33m}[39m[31m[91m[33m.p-0[39m[31m[91m[33m{[39m[31m[91mpadding[33m:[39m[31m[91m0 0!important[33m}[39m[31m[91m[33m.pt-0,.py-0[39m[31m[91m[33m{[39m[31m[91mpadding-top[33m:[39m[31m[91m0!important[33m}[39m[31m[91m[33m.pr-0[39m[22m[1m[31m,.px-0[39m[31m[91m[33m{[39m[31m[91mpadding-right[33m:[39m[31m[91m0!important[33m}[39m[31m[91m[33m.pb-0,.py-0[39m[31m[91m[33m{[39m[31m[91mpadding-bottom[33m:[39m[31m[91m0!important[33m}[39m[31m[91m[33m.pl-0,.px-0[39m[31m[91m[33m{[39m[31m[91mpadding-left[33m:[39m[31m[91m0!important[33m}[39m[31m[91m[33m.p-1[39m[31m[91m[33m{[39m[31m[91mpadding[33m:[39m[31m[91m0 0!important[33m}[39m[31m[91m[33m.pt-1,.py-1[39m[31m[91m[33m{[39m[31m[91mpadding-top[33m:[39m[31m[91m0!important[33m}[39m[31m[91m[33m.pr-1,.px-1[39m[31m[91m[33m{[39m[31m[91mpadding-right[33m:[39m[31m[91m0!important[33m}[39m[31m[91m[33m.pb-1,.py-1[39m[31m[91m[33m{[39m[31m[91mpadding-bottom[33m:[39m[31m[91m0!important[33m}[39m[31m[91m[33m.pl-1,.px-1[39m[31m[91m[33m{[39m[31m[91mpadding-left[33m:[39m[31m[91m0!important[33m}[39m[31m[91m[33m.p-2[39m[31m[91m[33m{[39m[31m[91mpadding[33m:[39m[31m[91m14px 8px!important[33m}[39m[31m[91m[33m.pt-2,.py-2[39m[31m[91m[33m{[39m[31m[91mpadding-top[33m:[39m[31m[91m14px!important[33m}[39m[31m[91m[33m.pr-2,.px-2[39m[31m[91m[33m{[39m[31m[91mpadding-right[33m:[39m[31m[91m8px!important[33m}[39m[31m[91m[33m.pb-2,.py-2[39m[31m[91m[33m{[39m[31m[91mpadding-bottom[33m:[39m[31m[91m14px!important[33m}[39m[31m[91m[33m.pl-2,.px-2[39m[31m[91m[33m{[39m[31m[91mpadding-left[33m:[39m[31m[91m8px!important[33m}[39m[31m[91m[33m.p-3[39m[31m[91m[33m{[39m[31m[91mpadding[33m:[39m[31m[91m14px 8px!important[33m}[39m[31m[91m[33m.pt-3,.py-3[39m[31m[91m[33m{[39m[31m[91mpadding-top[33m:[39m[31m[91m14px!important[33m}[39m[31m[91m[33m.pr-3,.px-3[39m[31m[91m[33m{[39m[31m[91mpadding-right[33m:[39m[31m[91m8px!important[33m}[39m[31m[91m[33m.pb-3,.py-3[39m[31m[91m[33m{[39m[31m[91mpadding-bottom[33m:[39m[31m[91m14px!important[33m}[39m[31m[91m[33m.pl-3,.px-3[39m[31m[91m[33m{[39m[31m[91mpadding-left[33m:[39m[31m[91m8px!important[33m}[39m[31m[91m[33m.p-4[39m[31m[91m[33m{[39m[31m[91mpadding[33m:[39m[31m[91m28px 16px!important[33m}[39m[31m[91m[33m.pt-4,.py-4[39m[31m[91m[33m{[39m[31m[91mpadding-top[33m:[39m[31m[91m28px!important[33m}[39m[31m[91m[33m.pr-4,.px-4[39m[31m[91m[33m{[39m[31m[91mpadding-right[33m:[[39m[22m[1m[31m39m[91m16px!important[33m}[39m[31m[91m[33m.pb-4,.py-4[39m[31m[91m[33m{[39m[31m[91mpadding-bottom[33m:[39m[31m[91m28px!important[33m}[39m[31m[91m[33m.pl-4,.px-4[39m[31m[91m[33m{[39m[31m[91mpadding-left[33m:[39m[31m[91m16px!important[33m}[39m[31m[91m[33m.p-5[39m[31m[91m[33m{[39m[31m[91mpadding[33m:[39m[31m[91m28px 16px!important[33m}[39m[31m[91m[33m.pt-5,.py-5[39m[31m[91m[33m{[39m[31m[91mpadding-top[33m:[39m[31m[91m28px!important[33m}[39m[31m[91m[33m.pr-5,.px-5[39m[31m[91m[33m{[39m[31m[91mpadding-right[33m:[39m[31m[91m16px!important[33m}[39m[31m[91m[33m.pb-5,.py-5[39m[31m[91m[33m{[39m[31m[91mpadding-bottom[33m:[39m[31m[91m28px!important[33m}[39m[31m[91m[33m.pl-5,.px-5[39m[31m[91m[33m{[39m[31m[91mpadding-left[33m:[39m[31m[91m16px!important[33m}[39m[31m[91m[33m.p-6[39m[31m[91m[33m{[39m[31m[91mpadding[33m:[39m[31m[91m42px 24px!important[33m}[39m[31m[91m[33m.pt-6,.py-6[39m[31m[91m[33m{[39m[31m[91mpadding-top[33m:[39m[31m[91m42px!important[33m}[39m[31m[91m[33m.pr-6,.px-6[39m[31m[91m[33m{[39m[31m[91mpadding-right[33m:[39m[31m[91m24px!important[33m}[39m[31m[91m[33m.pb-6,.py-6[39m[31m[91m[33m{[39m[31m[91mpadding-bottom[33m:[39m[31m[91m42px!important[33m}[39m[31m[91m[33m.pl-6,.px-6[39m[31m[91m[33m{[39m[31m[91mpadding-left[33m:[39m[31m[91m24px!important[33m}[39m[31m[91m[33m.m-n1[39m[31m[91m[33m{[39m[31m[91mmargin[33m:[39m[31m[91m0!important[33m}[39m[31m[91m[33m.mt-n1,.my-n1[39m[31m[91m[33m{[39m[31m[91mmargin-top[33m:[39m[31m[91m0!important[33m}[39m[31m[91m[33m.mr-n1,.mx-n1[39m[31m[91m[33m{[39m[31m[91mmargin-right[33m:[39m[31m[91m0!important[33m}[39m[31m[91m[33m.mb-n1,.my-n1[39m[31m[91m[33m{[39m[31m[91mmargin-bottom[33m:[39m[31m[91m0!important[33m}[39m[31m[91m[33m.ml-n1,.mx-n1[39m[31m[91m[33m{[39m[31m[91mmargin-left[33m:[39m[31m[91m0!important[33m}[39m[31m[91m[33m.m-n2[39m[31m[91m[33m{[39m[31m[91mmargin[33m:[39m[31m[91m-22px!important[33m}[39m[31m[91m[33m.mt-n2,.my-n2[39m[31m[91m[33m{[39m[31m[91mmargin-top[33m:[39m[31m[91m-14px!important[33m}[39m[31m[91m[33m.mr-n2,.mx-n2[39m[31m[91m[33m{[39m[31m[91mmargin-right[33m:[39m[31m[91m-8px!important[33m}[39m[31m[91[39m[22m[1m[31mm[33m.mb-n2,.my-n2[39m[31m[91m[33m{[39m[31m[91mmargin-bottom[33m:[39m[31m[91m-14px!important[33m}[39m[31m[91m[33m.ml-n2,.mx-n2[39m[31m[91m[33m{[39m[31m[91mmargin-left[33m:[39m[31m[91m-8px!important[33m}[39m[31m[91m[33m.m-n3[39m[31m[91m[33m{[39m[31m[91mmargin[33m:[39m[31m[91m-22px!important[33m}[39m[31m[91m[33m.mt-n3,.my-n3[39m[31m[91m[33m{[39m[31m[91mmargin-top[33m:[39m[31m[91m-14px!important[33m}[39m[31m[91m[33m.mr-n3,.mx-n3[39m[31m[91m[33m{[39m[31m[91mmargin-right[33m:[39m[31m[91m-8px!important[33m}[39m[31m[91m[33m.mb-n3,.my-n3[39m[31m[91m[33m{[39m[31m[91mmargin-bottom[33m:[39m[31m[91m-14px!important[33m}[39m[31m[91m[33m.ml-n3,.mx-n3[39m[31m[91m[33m{[39m[31m[91mmargin-left[33m:[39m[31m[91m-8px!important[33m}[39m[31m[91m[33m.m-n4[39m[31m[91m[33m{[39m[31m[91mmargin[33m:[39m[31m[91m-44px!important[33m}[39m[31m[91m[33m.mt-n4,.my-n4[39m[31m[91m[33m{[39m[31m[91mmargin-top[33m:[39m[31m[91m-28px!important[33m}[39m[31m[91m[33m.mr-n4,.mx-n4[39m[31m[91m[33m{[39m[31m[91mmargin-right[33m:[39m[31m[91m-16px!important[33m}[39m[31m[91m[33m.mb-n4,.my-n4[39m[31m[91m[33m{[39m[31m[91mmargin-bottom[33m:[39m[31m[91m-28px!important[33m}[39m[31m[91m[33m.ml-n4,.mx-n4[39m[31m[91m[33m{[39m[31m[91mmargin-left[33m:[39m[31m[91m-16px!important[33m}[39m[31m[91m[33m.m-n5[39m[31m[91m[33m{[39m[31m[91mmargin[33m:[39m[31m[91m-44px!important[33m}[39m[31m[91m[33m.mt-n5,.my-n5[39m[31m[91m[33m{[39m[31m[91mmargin-top[33m:[39m[31m[91m-28px!important[33m}[39m[31m[91m[33m.mr-n5,.mx-n5[39m[31m[91m[33m{[39m[31m[91mmargin-right[33m:[39m[31m[91m-16px!important[33m}[39m[31m[91m[33m.mb-n5,.my-n5[39m[31m[91m[33m{[39m[31m[91mmargin-bottom[33m:[39m[31m[91m-28px!important[33m}[39m[31m[91m[33m.ml-n5,.mx-n5[39m[31m[91m[33m{[39m[31m[91mmargin-left[33m:[39m[31m[91m-16px!important[33m}[39m[31m[91m[33m.m-n6[39m[31m[91m[33m{[39m[31m[91mmargin[33m:[39m[31m[91m-66px!important[33m}[39m[31m[91m[33m.mt-n6,.my-n6[39m[31m[91m[33m{[39m[31m[91mmargin-top[33m:[39m[31m[91m-42px!important[33m}[39m[31m[91m[33m.mr-n6,.mx-n6[39m[31m[91m[33m{[39m[31m[91mmargin-right[33m:[39m[31m[91m-24px!important[33m}[39m[31m[91m[33m.[39m[22m[1m[31mmb-n6,.my-n6[39m[31m[91m[33m{[39m[31m[91mmargin-bottom[33m:[39m[31m[91m-42px!important[33m}[39m[31m[91m[33m.ml-n6,.mx-n6[39m[31m[91m[33m{[39m[31m[91mmargin-left[33m:[39m[31m[91m-24px!important[33m}[39m[31m[91m[33m.m-auto[39m[31m[91m[33m{[39m[31m[91mmargin[33m:[39m[31m[91mauto!important[33m}[39m[31m[91m[33m.mt-auto,.my-auto[39m[31m[91m[33m{[39m[31m[91mmargin-top[33m:[39m[31m[91mauto!important[33m}[39m[31m[91m[33m.mr-auto,.mx-auto[39m[31m[91m[33m{[39m[31m[91mmargin-right[33m:[39m[31m[91mauto!important[33m}[39m[31m[91m[33m.mb-auto,.my-auto[39m[31m[91m[33m{[39m[31m[91mmargin-bottom[33m:[39m[31m[91mauto!important[33m}[39m[31m[91m[33m.ml-auto,.mx-auto[39m[31m[91m[33m{[39m[31m[91mmargin-left[33m:[39m[31m[91mauto!important[33m}[39m[31m[91m[36m@media[39m[31m[91m[36m [39m[31m[91m[36m(min-width:576px)[39m[31m[91m[33m{[39m[31m[91m[33m.m-sm-0[39m[31m[91m[33m{[39m[31m[91mmargin[33m:[39m[31m[91m0 0!important[33m}[39m[31m[91m[33m.mt-sm-0,.my-sm-0[39m[31m[91m[33m{[39m[31m[91mmargin-top[33m:[39m[31m[91m0!important[33m}[39m[31m[91m[33m.mr-sm-0,.mx-sm-0[39m[31m[91m[33m{[39m[31m[91mmargin-right[33m:[39m[31m[91m0!important[33m}[39m[31m[91m[33m.mb-sm-0,.my-sm-0[39m[31m[91m[33m{[39m[31m[91mmargin-bottom[33m:[39m[31m[91m0!important[33m}[39m[31m[91m[33m.ml-sm-0,.mx-sm-0[39m[31m[91m[33m{[39m[31m[91mmargin-left[33m:[39m[31m[91m0!important[33m}[39m[31m[91m[33m.m-sm-1[39m[31m[91m[33m{[39m[31m[91mmargin[33m:[39m[31m[91m0 0!important[33m}[39m[31m[91m[33m.mt-sm-1,.my-sm-1[39m[31m[91m[33m{[39m[31m[91mmargin-top[33m:[39m[31m[91m0!important[33m}[39m[31m[91m[33m.mr-sm-1,.mx-sm-1[39m[31m[91m[33m{[39m[31m[91mmargin-right[33m:[39m[31m[91m0!important[33m}[39m[31m[91m[33m.mb-sm-1,.my-sm-1[39m[31m[91m[33m{[39m[31m[91mmargin-bottom[33m:[39m[31m[91m0!important[33m}[39m[31m[91m[33m.ml-sm-1,.mx-sm-1[39m[31m[91m[33m{[39m[31m[91mmargin-left[33m:[39m[31m[91m0!important[33m}[39m[31m[91m[33m.m-sm-2[39m[31m[91m[33m{[39m[31m[91mmargin[33m:[39m[31m[91m14px 8px!important[33m}[39m[31m[91m[33m.mt-sm-2,.my-sm-2[39m[31m[91m[33m{[39m[31m[91mmargin-top[33m:[39m[31m[91m14px!important[33m}[39m[31m[91m[33m.m[39m[22m[1m[31mr-sm-2,.mx-sm-2[39m[31m[91m[33m{[39m[31m[91mmargin-right[33m:[39m[31m[91m8px!important[33m}[39m[31m[91m[33m.mb-sm-2,.my-sm-2[39m[31m[91m[33m{[39m[31m[91mmargin-bottom[33m:[39m[31m[91m14px!important[33m}[39m[31m[91m[33m.ml-sm-2,.mx-sm-2[39m[31m[91m[33m{[39m[31m[91mmargin-left[33m:[39m[31m[91m8px!important[33m}[39m[31m[91m[33m.m-sm-3[39m[31m[91m[33m{[39m[31m[91mmargin[33m:[39m[31m[91m14px 8px!important[33m}[39m[31m[91m[33m.mt-sm-3,.my-sm-3[39m[31m[91m[33m{[39m[31m[91mmargin-top[33m:[39m[31m[91m14px!important[33m}[39m[31m[91m[33m.mr-sm-3,.mx-sm-3[39m[31m[91m[33m{[39m[31m[91mmargin-right[33m:[39m[31m[91m8px!important[33m}[39m[31m[91m[33m.mb-sm-3,.my-sm-3[39m[31m[91m[33m{[39m[31m[91mmargin-bottom[33m:[39m[31m[91m14px!important[33m}[39m[31m[91m[33m.ml-sm-3,.mx-sm-3[39m[31m[91m[33m{[39m[31m[91mmargin-left[33m:[39m[31m[91m8px!important[33m}[39m[31m[91m[33m.m-sm-4[39m[31m[91m[33m{[39m[31m[91mmargin[33m:[39m[31m[91m28px 16px!important[33m}[39m[31m[91m[33m.mt-sm-4,.my-sm-4[39m[31m[91m[33m{[39m[31m[91mmargin-top[33m:[39m[31m[91m28px!important[33m}[39m[31m[91m[33m.mr-sm-4,.mx-sm-4[39m[31m[91m[33m{[39m[31m[91mmargin-right[33m:[39m[31m[91m16px!important[33m}[39m[31m[91m[33m.mb-sm-4,.my-sm-4[39m[31m[91m[33m{[39m[31m[91mmargin-bottom[33m:[39m[31m[91m28px!important[33m}[39m[31m[91m[33m.ml-sm-4,.mx-sm-4[39m[31m[91m[33m{[39m[31m[91mmargin-left[33m:[39m[31m[91m16px!important[33m}[39m[31m[91m[33m.m-sm-5[39m[31m[91m[33m{[39m[31m[91mmargin[33m:[39m[31m[91m28px 16px!important[33m}[39m[31m[91m[33m.mt-sm-5,.my-sm-5[39m[31m[91m[33m{[39m[31m[91mmargin-top[33m:[39m[31m[91m28px!important[33m}[39m[31m[91m[33m.mr-sm-5,.mx-sm-5[39m[31m[91m[33m{[39m[31m[91mmargin-right[33m:[39m[31m[91m16px!important[33m}[39m[31m[91m[33m.mb-sm-5,.my-sm-5[39m[31m[91m[33m{[39m[31m[91mmargin-bottom[33m:[39m[31m[91m28px!important[33m}[39m[31m[91m[33m.ml-sm-5,.mx-sm-5[39m[31m[91m[33m{[39m[31m[91mmargin-left[33m:[39m[31m[91m16px!important[33m}[39m[31m[91m[33m.m-sm-6[39m[31m[91m[33m{[39m[31m[91mmargin[33m:[39m[31m[91m42px 24px!important[33m}[39m[31m[91m[33m.mt-sm-6,.my-sm-6[39m[31m[91m[33m{[39m[31m[91m[39m[22m[1m[31mmargin-top[33m:[39m[31m[91m42px!important[33m}[39m[31m[91m[33m.mr-sm-6,.mx-sm-6[39m[31m[91m[33m{[39m[31m[91mmargin-right[33m:[39m[31m[91m24px!important[33m}[39m[31m[91m[33m.mb-sm-6,.my-sm-6[39m[31m[91m[33m{[39m[31m[91mmargin-bottom[33m:[39m[31m[91m42px!important[33m}[39m[31m[91m[33m.ml-sm-6,.mx-sm-6[39m[31m[91m[33m{[39m[31m[91mmargin-left[33m:[39m[31m[91m24px!important[33m}[39m[31m[91m[33m.p-sm-0[39m[31m[91m[33m{[39m[31m[91mpadding[33m:[39m[31m[91m0 0!important[33m}[39m[31m[91m[33m.pt-sm-0,.py-sm-0[39m[31m[91m[33m{[39m[31m[91mpadding-top[33m:[39m[31m[91m0!important[33m}[39m[31m[91m[33m.pr-sm-0,.px-sm-0[39m[31m[91m[33m{[39m[31m[91mpadding-right[33m:[39m[31m[91m0!important[33m}[39m[31m[91m[33m.pb-sm-0,.py-sm-0[39m[31m[91m[33m{[39m[31m[91mpadding-bottom[33m:[39m[31m[91m0!important[33m}[39m[31m[91m[33m.pl-sm-0,.px-sm-0[39m[31m[91m[33m{[39m[31m[91mpadding-left[33m:[39m[31m[91m0!important[33m}[39m[31m[91m[33m.p-sm-1[39m[31m[91m[33m{[39m[31m[91mpadding[33m:[39m[31m[91m0 0!important[33m}[39m[31m[91m[33m.pt-sm-1,.py-sm-1[39m[31m[91m[33m{[39m[31m[91mpadding-top[33m:[39m[31m[91m0!important[33m}[39m[31m[91m[33m.pr-sm-1,.px-sm-1[39m[31m[91m[33m{[39m[31m[91mpadding-right[33m:[39m[31m[91m0!important[33m}[39m[31m[91m[33m.pb-sm-1,.py-sm-1[39m[31m[91m[33m{[39m[31m[91mpadding-bottom[33m:[39m[31m[91m0!important[33m}[39m[31m[91m[33m.pl-sm-1,.px-sm-1[39m[31m[91m[33m{[39m[31m[91mpadding-left[33m:[39m[31m[91m0!important[33m}[39m[31m[91m[33m.p-sm-2[39m[31m[91m[33m{[39m[31m[91mpadding[33m:[39m[31m[91m14px 8px!important[33m}[39m[31m[91m[33m.pt-sm-2,.py-sm-2[39m[31m[91m[33m{[39m[31m[91mpadding-top[33m:[39m[31m[91m14px!important[33m}[39m[31m[91m[33m.pr-sm-2,.px-sm-2[39m[31m[91m[33m{[39m[31m[91mpadding-right[33m:[39m[31m[91m8px!important[33m}[39m[31m[91m[33m.pb-sm-2,.py-sm-2[39m[31m[91m[33m{[39m[31m[91mpadding-bottom[33m:[39m[31m[91m14px!important[33m}[39m[31m[91m[33m.pl-sm-2,.px-sm-2[39m[31m[91m[33m{[39m[31m[91mpadding-left[33m:[39m[31m[91m8px!important[33m}[39m[31m[91m[33m.p-sm-3[39m[31m[91m[33m{[39m[31m[91mpadding[33m:[39m[31m[91m14px 8px!important[33m}[39m[31m[91m[33[39m[22m[1m[31mm.pt-sm-3,.py-sm-3[39m[31m[91m[33m{[39m[31m[91mpadding-top[33m:[39m[31m[91m14px!important[33m}[39m[31m[91m[33m.pr-sm-3,.px-sm-3[39m[31m[91m[33m{[39m[31m[91mpadding-right[33m:[39m[31m[91m8px!important[33m}[39m[31m[91m[33m.pb-sm-3,.py-sm-3[39m[31m[91m[33m{[39m[31m[91mpadding-bottom[33m:[39m[31m[91m14px!important[33m}[39m[31m[91m[33m.pl-sm-3,.px-sm-3[39m[31m[91m[33m{[39m[31m[91mpadding-left[33m:[39m[31m[91m8px!important[33m}[39m[31m[91m[33m.p-sm-4[39m[31m[91m[33m{[39m[31m[91mpadding[33m:[39m[31m[91m28px 16px!important[33m}[39m[31m[91m[33m.pt-sm-4,.py-sm-4[39m[31m[91m[33m{[39m[31m[91mpadding-top[33m:[39m[31m[91m28px!important[33m}[39m[31m[91m[33m.pr-sm-4,.px-sm-4[39m[31m[91m[33m{[39m[31m[91mpadding-right[33m:[39m[31m[91m16px!important[33m}[39m[31m[91m[33m.pb-sm-4,.py-sm-4[39m[31m[91m[33m{[39m[31m[91mpadding-bottom[33m:[39m[31m[91m28px!important[33m}[39m[31m[91m[33m.pl-sm-4,.px-sm-4[39m[31m[91m[33m{[39m[31m[91mpadding-left[33m:[39m[31m[91m16px!important[33m}[39m[31m[91m[33m.p-sm-5[39m[31m[91m[33m{[39m[31m[91mpadding[33m:[39m[31m[91m28px 16px!important[33m}[39m[31m[91m[33m.pt-sm-5,.py-sm-5[39m[31m[91m[33m{[39m[31m[91mpadding-top[33m:[39m[31m[91m28px!important[33m}[39m[31m[91m[33m.pr-sm-5,.px-sm-5[39m[31m[91m[33m{[39m[31m[91mpadding-right[33m:[39m[31m[91m16px!important[33m}[39m[31m[91m[33m.pb-sm-5,.py-sm-5[39m[31m[91m[33m{[39m[31m[91mpadding-bottom[33m:[39m[31m[91m28px!important[33m}[39m[31m[91m[33m.pl-sm-5,.px-sm-5[39m[31m[91m[33m{[39m[31m[91mpadding-left[33m:[39m[31m[91m16px!important[33m}[39m[31m[91m[33m.p-sm-6[39m[31m[91m[33m{[39m[31m[91mpadding[33m:[39m[31m[91m42px 24px!important[33m}[39m[31m[91m[33m.pt-sm-6,.py-sm-6[39m[31m[91m[33m{[39m[31m[91mpadding-top[33m:[39m[31m[91m42px!important[33m}[39m[31m[91m[33m.pr-sm-6,.px-sm-6[39m[31m[91m[33m{[39m[31m[91mpadding-right[33m:[39m[31m[91m24px!important[33m}[39m[31m[91m[33m.pb-sm-6,.py-sm-6[39m[31m[91m[33m{[39m[31m[91mpadding-bottom[33m:[39m[31m[91m42px!important[33m}[39m[31m[91m[33m.pl-sm-6,.px-sm-6[39m[31m[91m[33m{[39m[31m[91mpadding-left[33m:[39m[31m[91m24px!important[33m}[39m[31m[91m[33m.m-sm-n1[39m[22m[1m[31m[39m[91m[33m{[39m[31m[91mmargin[33m:[39m[31m[91m0!important[33m}[39m[31m[91m[33m.mt-sm-n1,.my-sm-n1[39m[31m[91m[33m{[39m[31m[91mmargin-top[33m:[39m[31m[91m0!important[33m}[39m[31m[91m[33m.mr-sm-n1,.mx-sm-n1[39m[31m[91m[33m{[39m[31m[91mmargin-right[33m:[39m[31m[91m0!important[33m}[39m[31m[91m[33m.mb-sm-n1,.my-sm-n1[39m[31m[91m[33m{[39m[31m[91mmargin-bottom[33m:[39m[31m[91m0!important[33m}[39m[31m[91m[33m.ml-sm-n1,.mx-sm-n1[39m[31m[91m[33m{[39m[31m[91mmargin-left[33m:[39m[31m[91m0!important[33m}[39m[31m[91m[33m.m-sm-n2[39m[31m[91m[33m{[39m[31m[91mmargin[33m:[39m[31m[91m-22px!important[33m}[39m[31m[91m[33m.mt-sm-n2,.my-sm-n2[39m[31m[91m[33m{[39m[31m[91mmargin-top[33m:[39m[31m[91m-14px!important[33m}[39m[31m[91m[33m.mr-sm-n2,.mx-sm-n2[39m[31m[91m[33m{[39m[31m[91mmargin-right[33m:[39m[31m[91m-8px!important[33m}[39m[31m[91m[33m.mb-sm-n2,.my-sm-n2[39m[31m[91m[33m{[39m[31m[91mmargin-bottom[33m:[39m[31m[91m-14px!important[33m}[39m[31m[91m[33m.ml-sm-n2,.mx-sm-n2[39m[31m[91m[33m{[39m[31m[91mmargin-left[33m:[39m[31m[91m-8px!important[33m}[39m[31m[91m[33m.m-sm-n3[39m[31m[91m[33m{[39m[31m[91mmargin[33m:[39m[31m[91m-22px!important[33m}[39m[31m[91m[33m.mt-sm-n3,.my-sm-n3[39m[31m[91m[33m{[39m[31m[91mmargin-top[33m:[39m[31m[91m-14px!important[33m}[39m[31m[91m[33m.mr-sm-n3,.mx-sm-n3[39m[31m[91m[33m{[39m[31m[91mmargin-right[33m:[39m[31m[91m-8px!important[33m}[39m[31m[91m[33m.mb-sm-n3,.my-sm-n3[39m[31m[91m[33m{[39m[31m[91mmargin-bottom[33m:[39m[31m[91m-14px!important[33m}[39m[31m[91m[33m.ml-sm-n3,.mx-sm-n3[39m[31m[91m[33m{[39m[31m[91mmargin-left[33m:[39m[31m[91m-8px!important[33m}[39m[31m[91m[33m.m-sm-n4[39m[31m[91m[33m{[39m[31m[91mmargin[33m:[39m[31m[91m-44px!important[33m}[39m[31m[91m[33m.mt-sm-n4,.my-sm-n4[39m[31m[91m[33m{[39m[31m[91mmargin-top[33m:[39m[31m[91m-28px!important[33m}[39m[31m[91m[33m.mr-sm-n4,.mx-sm-n4[39m[31m[91m[33m{[39m[31m[91mmargin-right[33m:[39m[31m[91m-16px!important[33m}[39m[31m[91m[33m.mb-sm-n4,.my-sm-n4[39m[31m[91m[33m{[39m[31m[91mmargin-bottom[33m:[39m[31m[91m-28px!important[33m}[39m[31m[91m[33m.ml-sm-n4,.mx-sm-n4[39m[31m[91m[33m{[[39m[22m[1m[31m39m[91mmargin-left[33m:[39m[31m[91m-16px!important[33m}[39m[31m[91m[33m.m-sm-n5[39m[31m[91m[33m{[39m[31m[91mmargin[33m:[39m[31m[91m-44px!important[33m}[39m[31m[91m[33m.mt-sm-n5,.my-sm-n5[39m[31m[91m[33m{[39m[31m[91mmargin-top[33m:[39m[31m[91m-28px!important[33m}[39m[31m[91m[33m.mr-sm-n5,.mx-sm-n5[39m[31m[91m[33m{[39m[31m[91mmargin-right[33m:[39m[31m[91m-16px!important[33m}[39m[31m[91m[33m.mb-sm-n5,.my-sm-n5[39m[31m[91m[33m{[39m[31m[91mmargin-bottom[33m:[39m[31m[91m-28px!important[33m}[39m[31m[91m[33m.ml-sm-n5,.mx-sm-n5[39m[31m[91m[33m{[39m[31m[91mmargin-left[33m:[39m[31m[91m-16px!important[33m}[39m[31m[91m[33m.m-sm-n6[39m[31m[91m[33m{[39m[31m[91mmargin[33m:[39m[31m[91m-66px!important[33m}[39m[31m[91m[33m.mt-sm-n6,.my-sm-n6[39m[31m[91m[33m{[39m[31m[91mmargin-top[33m:[39m[31m[91m-42px!important[33m}[39m[31m[91m[33m.mr-sm-n6,.mx-sm-n6[39m[31m[91m[33m{[39m[31m[91mmargin-right[33m:[39m[31m[91m-24px!important[33m}[39m[31m[91m[33m.mb-sm-n6,.my-sm-n6[39m[31m[91m[33m{[39m[31m[91mmargin-bottom[33m:[39m[31m[91m-42px!important[33m}[39m[31m[91m[33m.ml-sm-n6,.mx-sm-n6[39m[31m[91m[33m{[39m[31m[91mmargin-left[33m:[39m[31m[91m-24px!important[33m}[39m[31m[91m[33m.m-sm-auto[39m[31m[91m[33m{[39m[31m[91mmargin[33m:[39m[31m[91mauto!important[33m}[39m[31m[91m[33m.mt-sm-auto,.my-sm-auto[39m[31m[91m[33m{[39m[31m[91mmargin-top[33m:[39m[31m[91mauto!important[33m}[39m[31m[91m[33m.mr-sm-auto,.mx-sm-auto[39m[31m[91m[33m{[39m[31m[91mmargin-right[33m:[39m[31m[91mauto!important[33m}[39m[31m[91m[33m.mb-sm-auto,.my-sm-auto[39m[31m[91m[33m{[39m[31m[91mmargin-bottom[33m:[39m[31m[91mauto!important[33m}[39m[31m[91m[33m.ml-sm-auto,.mx-sm-auto[39m[31m[91m[33m{[39m[31m[91mmargin-left[33m:[39m[31m[91mauto!important[33m}[39m[31m[91m[33m}[39m[31m[91m[36m@media[39m[31m[91m[36m [39m[31m[91m[36m(min-width:768px)[39m[31m[91m[33m{[39m[31m[91m[33m.m-md-0[39m[31m[91m[33m{[39m[31m[91mmargin[33m:[39m[31m[91m0 0!important[33m}[39m[31m[91m[33m.mt-md-0,.my-md-0[39m[31m[91m[33m{[39m[31m[91mmargin-top[33m:[39m[31m[91m0!important[33m}[39m[31m[91m[33m.mr-md-0,.mx-md-0[39m[31m[91m[33m{[39m[31m[91mmarg[39m[22m[1m[31min-right[33m:[39m[31m[91m0!important[33m}[39m[31m[91m[33m.mb-md-0,.my-md-0[39m[31m[91m[33m{[39m[31m[91mmargin-bottom[33m:[39m[31m[91m0!important[33m}[39m[31m[91m[33m.ml-md-0,.mx-md-0[39m[31m[91m[33m{[39m[31m[91mmargin-left[33m:[39m[31m[91m0!important[33m}[39m[31m[91m[33m.m-md-1[39m[31m[91m[33m{[39m[31m[91mmargin[33m:[39m[31m[91m0 0!important[33m}[39m[31m[91m[33m.mt-md-1,.my-md-1[39m[31m[91m[33m{[39m[31m[91mmargin-top[33m:[39m[31m[91m0!important[33m}[39m[31m[91m[33m.mr-md-1,.mx-md-1[39m[31m[91m[33m{[39m[31m[91mmargin-right[33m:[39m[31m[91m0!important[33m}[39m[31m[91m[33m.mb-md-1,.my-md-1[39m[31m[91m[33m{[39m[31m[91mmargin-bottom[33m:[39m[31m[91m0!important[33m}[39m[31m[91m[33m.ml-md-1,.mx-md-1[39m[31m[91m[33m{[39m[31m[91mmargin-left[33m:[39m[31m[91m0!important[33m}[39m[31m[91m[33m.m-md-2[39m[31m[91m[33m{[39m[31m[91mmargin[33m:[39m[31m[91m14px 8px!important[33m}[39m[31m[91m[33m.mt-md-2,.my-md-2[39m[31m[91m[33m{[39m[31m[91mmargin-top[33m:[39m[31m[91m14px!important[33m}[39m[31m[91m[33m.mr-md-2,.mx-md-2[39m[31m[91m[33m{[39m[31m[91mmargin-right[33m:[39m[31m[91m8px!important[33m}[39m[31m[91m[33m.mb-md-2,.my-md-2[39m[31m[91m[33m{[39m[31m[91mmargin-bottom[33m:[39m[31m[91m14px!important[33m}[39m[31m[91m[33m.ml-md-2,.mx-md-2[39m[31m[91m[33m{[39m[31m[91mmargin-left[33m:[39m[31m[91m8px!important[33m}[39m[31m[91m[33m.m-md-3[39m[31m[91m[33m{[39m[31m[91mmargin[33m:[39m[31m[91m14px 8px!important[33m}[39m[31m[91m[33m.mt-md-3,.my-md-3[39m[31m[91m[33m{[39m[31m[91mmargin-top[33m:[39m[31m[91m14px!important[33m}[39m[31m[91m[33m.mr-md-3,.mx-md-3[39m[31m[91m[33m{[39m[31m[91mmargin-right[33m:[39m[31m[91m8px!important[33m}[39m[31m[91m[33m.mb-md-3,.my-md-3[39m[31m[91m[33m{[39m[31m[91mmargin-bottom[33m:[39m[31m[91m14px!important[33m}[39m[31m[91m[33m.ml-md-3,.mx-md-3[39m[31m[91m[33m{[39m[31m[91mmargin-left[33m:[39m[31m[91m8px!important[33m}[39m[31m[91m[33m.m-md-4[39m[31m[91m[33m{[39m[31m[91mmargin[33m:[39m[31m[91m28px 16px!important[33m}[39m[31m[91m[33m.mt-md-4,.my-md-4[39m[31m[91m[33m{[39m[31m[91mmargin-top[33m:[39m[31m[91m28px!important[33m}[39m[31m[91m[33m.mr-md-4,.mx[39m[22m[1m[31m-md-4[39m[31m[91m[33m{[39m[31m[91mmargin-right[33m:[39m[31m[91m16px!important[33m}[39m[31m[91m[33m.mb-md-4,.my-md-4[39m[31m[91m[33m{[39m[31m[91mmargin-bottom[33m:[39m[31m[91m28px!important[33m}[39m[31m[91m[33m.ml-md-4,.mx-md-4[39m[31m[91m[33m{[39m[31m[91mmargin-left[33m:[39m[31m[91m16px!important[33m}[39m[31m[91m[33m.m-md-5[39m[31m[91m[33m{[39m[31m[91mmargin[33m:[39m[31m[91m28px 16px!important[33m}[39m[31m[91m[33m.mt-md-5,.my-md-5[39m[31m[91m[33m{[39m[31m[91mmargin-top[33m:[39m[31m[91m28px!important[33m}[39m[31m[91m[33m.mr-md-5,.mx-md-5[39m[31m[91m[33m{[39m[31m[91mmargin-right[33m:[39m[31m[91m16px!important[33m}[39m[31m[91m[33m.mb-md-5,.my-md-5[39m[31m[91m[33m{[39m[31m[91mmargin-bottom[33m:[39m[31m[91m28px!important[33m}[39m[31m[91m[33m.ml-md-5,.mx-md-5[39m[31m[91m[33m{[39m[31m[91mmargin-left[33m:[39m[31m[91m16px!important[33m}[39m[31m[91m[33m.m-md-6[39m[31m[91m[33m{[39m[31m[91mmargin[33m:[39m[31m[91m42px 24px!important[33m}[39m[31m[91m[33m.mt-md-6,.my-md-6[39m[31m[91m[33m{[39m[31m[91mmargin-top[33m:[39m[31m[91m42px!important[33m}[39m[31m[91m[33m.mr-md-6,.mx-md-6[39m[31m[91m[33m{[39m[31m[91mmargin-right[33m:[39m[31m[91m24px!important[33m}[39m[31m[91m[33m.mb-md-6,.my-md-6[39m[31m[91m[33m{[39m[31m[91mmargin-bottom[33m:[39m[31m[91m42px!important[33m}[39m[31m[91m[33m.ml-md-6,.mx-md-6[39m[31m[91m[33m{[39m[31m[91mmargin-left[33m:[39m[31m[91m24px!important[33m}[39m[31m[91m[33m.p-md-0[39m[31m[91m[33m{[39m[31m[91mpadding[33m:[39m[31m[91m0 0!important[33m}[39m[31m[91m[33m.pt-md-0,.py-md-0[39m[31m[91m[33m{[39m[31m[91mpadding-top[33m:[39m[31m[91m0!important[33m}[39m[31m[91m[33m.pr-md-0,.px-md-0[39m[31m[91m[33m{[39m[31m[91mpadding-right[33m:[39m[31m[91m0!important[33m}[39m[31m[91m[33m.pb-md-0,.py-md-0[39m[31m[91m[33m{[39m[31m[91mpadding-bottom[33m:[39m[31m[91m0!important[33m}[39m[31m[91m[33m.pl-md-0,.px-md-0[39m[31m[91m[33m{[39m[31m[91mpadding-left[33m:[39m[31m[91m0!important[33m}[39m[31m[91m[33m.p-md-1[39m[31m[91m[33m{[39m[31m[91mpadding[33m:[39m[31m[91m0 0!important[33m}[39m[31m[91m[33m.pt-md-1,.py-md-1[39m[31m[91m[33m{[39m[31m[91mpadding-top[33m:[39m[31m[39m[22m[1m[31m[91m0!important[33m}[39m[31m[91m[33m.pr-md-1,.px-md-1[39m[31m[91m[33m{[39m[31m[91mpadding-right[33m:[39m[31m[91m0!important[33m}[39m[31m[91m[33m.pb-md-1,.py-md-1[39m[31m[91m[33m{[39m[31m[91mpadding-bottom[33m:[39m[31m[91m0!important[33m}[39m[31m[91m[33m.pl-md-1,.px-md-1[39m[31m[91m[33m{[39m[31m[91mpadding-left[33m:[39m[31m[91m0!important[33m}[39m[31m[91m[33m.p-md-2[39m[31m[91m[33m{[39m[31m[91mpadding[33m:[39m[31m[91m14px 8px!important[33m}[39m[31m[91m[33m.pt-md-2,.py-md-2[39m[31m[91m[33m{[39m[31m[91mpadding-top[33m:[39m[31m[91m14px!important[33m}[39m[31m[91m[33m.pr-md-2,.px-md-2[39m[31m[91m[33m{[39m[31m[91mpadding-right[33m:[39m[31m[91m8px!important[33m}[39m[31m[91m[33m.pb-md-2,.py-md-2[39m[31m[91m[33m{[39m[31m[91mpadding-bottom[33m:[39m[31m[91m14px!important[33m}[39m[31m[91m[33m.pl-md-2,.px-md-2[39m[31m[91m[33m{[39m[31m[91mpadding-left[33m:[39m[31m[91m8px!important[33m}[39m[31m[91m[33m.p-md-3[39m[31m[91m[33m{[39m[31m[91mpadding[33m:[39m[31m[91m14px 8px!important[33m}[39m[31m[91m[33m.pt-md-3,.py-md-3[39m[31m[91m[33m{[39m[31m[91mpadding-top[33m:[39m[31m[91m14px!important[33m}[39m[31m[91m[33m.pr-md-3,.px-md-3[39m[31m[91m[33m{[39m[31m[91mpadding-right[33m:[39m[31m[91m8px!important[33m}[39m[31m[91m[33m.pb-md-3,.py-md-3[39m[31m[91m[33m{[39m[31m[91mpadding-bottom[33m:[39m[31m[91m14px!important[33m}[39m[31m[91m[33m.pl-md-3,.px-md-3[39m[31m[91m[33m{[39m[31m[91mpadding-left[33m:[39m[31m[91m8px!important[33m}[39m[31m[91m[33m.p-md-4[39m[31m[91m[33m{[39m[31m[91mpadding[33m:[39m[31m[91m28px 16px!important[33m}[39m[31m[91m[33m.pt-md-4,.py-md-4[39m[31m[91m[33m{[39m[31m[91mpadding-top[33m:[39m[31m[91m28px!important[33m}[39m[31m[91m[33m.pr-md-4,.px-md-4[39m[31m[91m[33m{[39m[31m[91mpadding-right[33m:[39m[31m[91m16px!important[33m}[39m[31m[91m[33m.pb-md-4,.py-md-4[39m[31m[91m[33m{[39m[31m[91mpadding-bottom[33m:[39m[31m[91m28px!important[33m}[39m[31m[91m[33m.pl-md-4,.px-md-4[39m[31m[91m[33m{[39m[31m[91mpadding-left[33m:[39m[31m[91m16px!important[33m}[39m[31m[91m[33m.p-md-5[39m[31m[91m[33m{[39m[31m[91mpadding[33m:[39m[31m[91m28px 16px!important[33m}[39m[31m[91m[39m[22m[1m[31m[33m.pt-md-5,.py-md-5[39m[31m[91m[33m{[39m[31m[91mpadding-top[33m:[39m[31m[91m28px!important[33m}[39m[31m[91m[33m.pr-md-5,.px-md-5[39m[31m[91m[33m{[39m[31m[91mpadding-right[33m:[39m[31m[91m16px!important[33m}[39m[31m[91m[33m.pb-md-5,.py-md-5[39m[31m[91m[33m{[39m[31m[91mpadding-bottom[33m:[39m[31m[91m28px!important[33m}[39m[31m[91m[33m.pl-md-5,.px-md-5[39m[31m[91m[33m{[39m[31m[91mpadding-left[33m:[39m[31m[91m16px!important[33m}[39m[31m[91m[33m.p-md-6[39m[31m[91m[33m{[39m[31m[91mpadding[33m:[39m[31m[91m42px 24px!important[33m}[39m[31m[91m[33m.pt-md-6,.py-md-6[39m[31m[91m[33m{[39m[31m[91mpadding-top[33m:[39m[31m[91m42px!important[33m}[39m[31m[91m[33m.pr-md-6,.px-md-6[39m[31m[91m[33m{[39m[31m[91mpadding-right[33m:[39m[31m[91m24px!important[33m}[39m[31m[91m[33m.pb-md-6,.py-md-6[39m[31m[91m[33m{[39m[31m[91mpadding-bottom[33m:[39m[31m[91m42px!important[33m}[39m[31m[91m[33m.pl-md-6,.px-md-6[39m[31m[91m[33m{[39m[31m[91mpadding-left[33m:[39m[31m[91m24px!important[33m}[39m[31m[91m[33m.m-md-n1[39m[31m[91m[33m{[39m[31m[91mmargin[33m:[39m[31m[91m0!important[33m}[39m[31m[91m[33m.mt-md-n1,.my-md-n1[39m[31m[91m[33m{[39m[31m[91mmargin-top[33m:[39m[31m[91m0!important[33m}[39m[31m[91m[33m.mr-md-n1,.mx-md-n1[39m[31m[91m[33m{[39m[31m[91mmargin-right[33m:[39m[31m[91m0!important[33m}[39m[31m[91m[33m.mb-md-n1,.my-md-n1[39m[31m[91m[33m{[39m[31m[91mmargin-bottom[33m:[39m[31m[91m0!important[33m}[39m[31m[91m[33m.ml-md-n1,.mx-md-n1[39m[31m[91m[33m{[39m[31m[91mmargin-left[33m:[39m[31m[91m0!important[33m}[39m[31m[91m[33m.m-md-n2[39m[31m[91m[33m{[39m[31m[91mmargin[33m:[39m[31m[91m-22px!important[33m}[39m[31m[91m[33m.mt-md-n2,.my-md-n2[39m[31m[91m[33m{[39m[31m[91mmargin-top[33m:[39m[31m[91m-14px!important[33m}[39m[31m[91m[33m.mr-md-n2,.mx-md-n2[39m[31m[91m[33m{[39m[31m[91mmargin-right[33m:[39m[31m[91m-8px!important[33m}[39m[31m[91m[33m.mb-md-n2,.my-md-n2[39m[31m[91m[33m{[39m[31m[91mmargin-bottom[33m:[39m[31m[91m-14px!important[33m}[39m[31m[91m[33m.ml-md-n2,.mx-md-n2[39m[31m[91m[33m{[39m[31m[91mmargin-left[33m:[39m[31m[91m-8px!important[33m}[39m[31m[91m[33m.m-md-n3[39m[31m[91m[39m[22m[1m[31m[33m{[39m[31m[91mmargin[33m:[39m[31m[91m-22px!important[33m}[39m[31m[91m[33m.mt-md-n3,.my-md-n3[39m[31m[91m[33m{[39m[31m[91mmargin-top[33m:[39m[31m[91m-14px!important[33m}[39m[31m[91m[33m.mr-md-n3,.mx-md-n3[39m[31m[91m[33m{[39m[31m[91mmargin-right[33m:[39m[31m[91m-8px!important[33m}[39m[31m[91m[33m.mb-md-n3,.my-md-n3[39m[31m[91m[33m{[39m[31m[91mmargin-bottom[33m:[39m[31m[91m-14px!important[33m}[39m[31m[91m[33m.ml-md-n3,.mx-md-n3[39m[31m[91m[33m{[39m[31m[91mmargin-left[33m:[39m[31m[91m-8px!important[33m}[39m[31m[91m[33m.m-md-n4[39m[31m[91m[33m{[39m[31m[91mmargin[33m:[39m[31m[91m-44px!important[33m}[39m[31m[91m[33m.mt-md-n4,.my-md-n4[39m[31m[91m[33m{[39m[31m[91mmargin-top[33m:[39m[31m[91m-28px!important[33m}[39m[31m[91m[33m.mr-md-n4,.mx-md-n4[39m[31m[91m[33m{[39m[31m[91mmargin-right[33m:[39m[31m[91m-16px!important[33m}[39m[31m[91m[33m.mb-md-n4,.my-md-n4[39m[31m[91m[33m{[39m[31m[91mmargin-bottom[33m:[39m[31m[91m-28px!important[33m}[39m[31m[91m[33m.ml-md-n4,.mx-md-n4[39m[31m[91m[33m{[39m[31m[91mmargin-left[33m:[39m[31m[91m-16px!important[33m}[39m[31m[91m[33m.m-md-n5[39m[31m[91m[33m{[39m[31m[91mmargin[33m:[39m[31m[91m-44px!important[33m}[39m[31m[91m[33m.mt-md-n5,.my-md-n5[39m[31m[91m[33m{[39m[31m[91mmargin-top[33m:[39m[31m[91m-28px!important[33m}[39m[31m[91m[33m.mr-md-n5,.mx-md-n5[39m[31m[91m[33m{[39m[31m[91mmargin-right[33m:[39m[31m[91m-16px!important[33m}[39m[31m[91m[33m.mb-md-n5,.my-md-n5[39m[31m[91m[33m{[39m[31m[91mmargin-bottom[33m:[39m[31m[91m-28px!important[33m}[39m[31m[91m[33m.ml-md-n5,.mx-md-n5[39m[31m[91m[33m{[39m[31m[91mmargin-left[33m:[39m[31m[91m-16px!important[33m}[39m[31m[91m[33m.m-md-n6[39m[31m[91m[33m{[39m[31m[91mmargin[33m:[39m[31m[91m-66px!important[33m}[39m[31m[91m[33m.mt-md-n6,.my-md-n6[39m[31m[91m[33m{[39m[31m[91mmargin-top[33m:[39m[31m[91m-42px!important[33m}[39m[31m[91m[33m.mr-md-n6,.mx-md-n6[39m[31m[91m[33m{[39m[31m[91mmargin-right[33m:[39m[31m[91m-24px!important[33m}[39m[31m[91m[33m.mb-md-n6,.my-md-n6[39m[31m[91m[33m{[39m[31m[91mmargin-bottom[33m:[39m[31m[91m-42px!important[33m}[39m[31m[91m[33m.ml-md-n6,.mx-md-n6[39m[31m[39m[22m[1m[31m[91m[33m{[39m[31m[91mmargin-left[33m:[39m[31m[91m-24px!important[33m}[39m[31m[91m[33m.m-md-auto[39m[31m[91m[33m{[39m[31m[91mmargin[33m:[39m[31m[91mauto!important[33m}[39m[31m[91m[33m.mt-md-auto,.my-md-auto[39m[31m[91m[33m{[39m[31m[91mmargin-top[33m:[39m[31m[91mauto!important[33m}[39m[31m[91m[33m.mr-md-auto,.mx-md-auto[39m[31m[91m[33m{[39m[31m[91mmargin-right[33m:[39m[31m[91mauto!important[33m}[39m[31m[91m[33m.mb-md-auto,.my-md-auto[39m[31m[91m[33m{[39m[31m[91mmargin-bottom[33m:[39m[31m[91mauto!important[33m}[39m[31m[91m[33m.ml-md-auto,.mx-md-auto[39m[31m[91m[33m{[39m[31m[91mmargin-left[33m:[39m[31m[91mauto!important[33m}[39m[31m[91m[33m}[39m[31m[91m[36m@media[39m[31m[91m[36m [39m[31m[91m[36m(min-width:960px)[39m[31m[91m[33m{[39m[31m[91m[33m.m-lg-0[39m[31m[91m[33m{[39m[31m[91mmargin[33m:[39m[31m[91m0 0!important[33m}[39m[31m[91m[33m.mt-lg-0,.my-lg-0[39m[31m[91m[33m{[39m[31m[91mmargin-top[33m:[39m[31m[91m0!important[33m}[39m[31m[91m[33m.mr-lg-0,.mx-lg-0[39m[31m[91m[33m{[39m[31m[91mmargin-right[33m:[39m[31m[91m0!important[33m}[39m[31m[91m[33m.mb-lg-0,.my-lg-0[39m[31m[91m[33m{[39m[31m[91mmargin-bottom[33m:[39m[31m[91m0!important[33m}[39m[31m[91m[33m.ml-lg-0,.mx-lg-0[39m[31m[91m[33m{[39m[31m[91mmargin-left[33m:[39m[31m[91m0!important[33m}[39m[31m[91m[33m.m-lg-1[39m[31m[91m[33m{[39m[31m[91mmargin[33m:[39m[31m[91m0 0!important[33m}[39m[31m[91m[33m.mt-lg-1,.my-lg-1[39m[31m[91m[33m{[39m[31m[91mmargin-top[33m:[39m[31m[91m0!important[33m}[39m[31m[91m[33m.mr-lg-1,.mx-lg-1[39m[31m[91m[33m{[39m[31m[91mmargin-right[33m:[39m[31m[91m0!important[33m}[39m[31m[91m[33m.mb-lg-1,.my-lg-1[39m[31m[91m[33m{[39m[31m[91mmargin-bottom[33m:[39m[31m[91m0!important[33m}[39m[31m[91m[33m.ml-lg-1,.mx-lg-1[39m[31m[91m[33m{[39m[31m[91mmargin-left[33m:[39m[31m[91m0!important[33m}[39m[31m[91m[33m.m-lg-2[39m[31m[91m[33m{[39m[31m[91mmargin[33m:[39m[31m[91m14px 8px!important[33m}[39m[31m[91m[33m.mt-lg-2,.my-lg-2[39m[31m[91m[33m{[39m[31m[91mmargin-top[33m:[39m[31m[91m14px!important[33m}[39m[31m[91m[33m.mr-lg-2,.mx-lg-2[39m[31m[91m[33m{[39m[31m[91mmargin-right[33m:[39m[31m[91m8px!impor[39m[22m[1m[31mtant[33m}[39m[31m[91m[33m.mb-lg-2,.my-lg-2[39m[31m[91m[33m{[39m[31m[91mmargin-bottom[33m:[39m[31m[91m14px!important[33m}[39m[31m[91m[33m.ml-lg-2,.mx-lg-2[39m[31m[91m[33m{[39m[31m[91mmargin-left[33m:[39m[31m[91m8px!important[33m}[39m[31m[91m[33m.m-lg-3[39m[31m[91m[33m{[39m[31m[91mmargin[33m:[39m[31m[91m14px 8px!important[33m}[39m[31m[91m[33m.mt-lg-3,.my-lg-3[39m[31m[91m[33m{[39m[31m[91mmargin-top[33m:[39m[31m[91m14px!important[33m}[39m[31m[91m[33m.mr-lg-3,.mx-lg-3[39m[31m[91m[33m{[39m[31m[91mmargin-right[33m:[39m[31m[91m8px!important[33m}[39m[31m[91m[33m.mb-lg-3,.my-lg-3[39m[31m[91m[33m{[39m[31m[91mmargin-bottom[33m:[39m[31m[91m14px!important[33m}[39m[31m[91m[33m.ml-lg-3,.mx-lg-3[39m[31m[91m[33m{[39m[31m[91mmargin-left[33m:[39m[31m[91m8px!important[33m}[39m[31m[91m[33m.m-lg-4[39m[31m[91m[33m{[39m[31m[91mmargin[33m:[39m[31m[91m28px 16px!important[33m}[39m[31m[91m[33m.mt-lg-4,.my-lg-4[39m[31m[91m[33m{[39m[31m[91mmargin-top[33m:[39m[31m[91m28px!important[33m}[39m[31m[91m[33m.mr-lg-4,.mx-lg-4[39m[31m[91m[33m{[39m[31m[91mmargin-right[33m:[39m[31m[91m16px!important[33m}[39m[31m[91m[33m.mb-lg-4,.my-lg-4[39m[31m[91m[33m{[39m[31m[91mmargin-bottom[33m:[39m[31m[91m28px!important[33m}[39m[31m[91m[33m.ml-lg-4,.mx-lg-4[39m[31m[91m[33m{[39m[31m[91mmargin-left[33m:[39m[31m[91m16px!important[33m}[39m[31m[91m[33m.m-lg-5[39m[31m[91m[33m{[39m[31m[91mmargin[33m:[39m[31m[91m28px 16px!important[33m}[39m[31m[91m[33m.mt-lg-5,.my-lg-5[39m[31m[91m[33m{[39m[31m[91mmargin-top[33m:[39m[31m[91m28px!important[33m}[39m[31m[91m[33m.mr-lg-5,.mx-lg-5[39m[31m[91m[33m{[39m[31m[91mmargin-right[33m:[39m[31m[91m16px!important[33m}[39m[31m[91m[33m.mb-lg-5,.my-lg-5[39m[31m[91m[33m{[39m[31m[91mmargin-bottom[33m:[39m[31m[91m28px!important[33m}[39m[31m[91m[33m.ml-lg-5,.mx-lg-5[39m[31m[91m[33m{[39m[31m[91mmargin-left[33m:[39m[31m[91m16px!important[33m}[39m[31m[91m[33m.m-lg-6[39m[31m[91m[33m{[39m[31m[91mmargin[33m:[39m[31m[91m42px 24px!important[33m}[39m[31m[91m[33m.mt-lg-6,.my-lg-6[39m[31m[91m[33m{[39m[31m[91mmargin-top[33m:[39m[31m[91m42px!important[33m}[39m[31m[91m[33m.mr-lg-6,.mx-lg-6[39m[22m[1m[31m[39m[31m[91m[33m{[39m[31m[91mmargin-right[33m:[39m[31m[91m24px!important[33m}[39m[31m[91m[33m.mb-lg-6,.my-lg-6[39m[31m[91m[33m{[39m[31m[91mmargin-bottom[33m:[39m[31m[91m42px!important[33m}[39m[31m[91m[33m.ml-lg-6,.mx-lg-6[39m[31m[91m[33m{[39m[31m[91mmargin-left[33m:[39m[31m[91m24px!important[33m}[39m[31m[91m[33m.p-lg-0[39m[31m[91m[33m{[39m[31m[91mpadding[33m:[39m[31m[91m0 0!important[33m}[39m[31m[91m[33m.pt-lg-0,.py-lg-0[39m[31m[91m[33m{[39m[31m[91mpadding-top[33m:[39m[31m[91m0!important[33m}[39m[31m[91m[33m.pr-lg-0,.px-lg-0[39m[31m[91m[33m{[39m[31m[91mpadding-right[33m:[39m[31m[91m0!important[33m}[39m[31m[91m[33m.pb-lg-0,.py-lg-0[39m[31m[91m[33m{[39m[31m[91mpadding-bottom[33m:[39m[31m[91m0!important[33m}[39m[31m[91m[33m.pl-lg-0,.px-lg-0[39m[31m[91m[33m{[39m[31m[91mpadding-left[33m:[39m[31m[91m0!important[33m}[39m[31m[91m[33m.p-lg-1[39m[31m[91m[33m{[39m[31m[91mpadding[33m:[39m[31m[91m0 0!important[33m}[39m[31m[91m[33m.pt-lg-1,.py-lg-1[39m[31m[91m[33m{[39m[31m[91mpadding-top[33m:[39m[31m[91m0!important[33m}[39m[31m[91m[33m.pr-lg-1,.px-lg-1[39m[31m[91m[33m{[39m[31m[91mpadding-right[33m:[39m[31m[91m0!important[33m}[39m[31m[91m[33m.pb-lg-1,.py-lg-1[39m[31m[91m[33m{[39m[31m[91mpadding-bottom[33m:[39m[31m[91m0!important[33m}[39m[31m[91m[33m.pl-lg-1,.px-lg-1[39m[31m[91m[33m{[39m[31m[91mpadding-left[33m:[39m[31m[91m0!important[33m}[39m[31m[91m[33m.p-lg-2[39m[31m[91m[33m{[39m[31m[91mpadding[33m:[39m[31m[91m14px 8px!important[33m}[39m[31m[91m[33m.pt-lg-2,.py-lg-2[39m[31m[91m[33m{[39m[31m[91mpadding-top[33m:[39m[31m[91m14px!important[33m}[39m[31m[91m[33m.pr-lg-2,.px-lg-2[39m[31m[91m[33m{[39m[31m[91mpadding-right[33m:[39m[31m[91m8px!important[33m}[39m[31m[91m[33m.pb-lg-2,.py-lg-2[39m[31m[91m[33m{[39m[31m[91mpadding-bottom[33m:[39m[31m[91m14px!important[33m}[39m[31m[91m[33m.pl-lg-2,.px-lg-2[39m[31m[91m[33m{[39m[31m[91mpadding-left[33m:[39m[31m[91m8px!important[33m}[39m[31m[91m[33m.p-lg-3[39m[31m[91m[33m{[39m[31m[91mpadding[33m:[39m[31m[91m14px 8px!important[33m}[39m[31m[91m[33m.pt-lg-3,.py-lg-3[39m[31m[91m[33m{[39m[31m[91mpadding-top[33m:[39m[31m[91m14px!im[39m[22m[1m[31mportant[33m}[39m[31m[91m[33m.pr-lg-3,.px-lg-3[39m[31m[91m[33m{[39m[31m[91mpadding-right[33m:[39m[31m[91m8px!important[33m}[39m[31m[91m[33m.pb-lg-3,.py-lg-3[39m[31m[91m[33m{[39m[31m[91mpadding-bottom[33m:[39m[31m[91m14px!important[33m}[39m[31m[91m[33m.pl-lg-3,.px-lg-3[39m[31m[91m[33m{[39m[31m[91mpadding-left[33m:[39m[31m[91m8px!important[33m}[39m[31m[91m[33m.p-lg-4[39m[31m[91m[33m{[39m[31m[91mpadding[33m:[39m[31m[91m28px 16px!important[33m}[39m[31m[91m[33m.pt-lg-4,.py-lg-4[39m[31m[91m[33m{[39m[31m[91mpadding-top[33m:[39m[31m[91m28px!important[33m}[39m[31m[91m[33m.pr-lg-4,.px-lg-4[39m[31m[91m[33m{[39m[31m[91mpadding-right[33m:[39m[31m[91m16px!important[33m}[39m[31m[91m[33m.pb-lg-4,.py-lg-4[39m[31m[91m[33m{[39m[31m[91mpadding-bottom[33m:[39m[31m[91m28px!important[33m}[39m[31m[91m[33m.pl-lg-4,.px-lg-4[39m[31m[91m[33m{[39m[31m[91mpadding-left[33m:[39m[31m[91m16px!important[33m}[39m[31m[91m[33m.p-lg-5[39m[31m[91m[33m{[39m[31m[91mpadding[33m:[39m[31m[91m28px 16px!important[33m}[39m[31m[91m[33m.pt-lg-5,.py-lg-5[39m[31m[91m[33m{[39m[31m[91mpadding-top[33m:[39m[31m[91m28px!important[33m}[39m[31m[91m[33m.pr-lg-5,.px-lg-5[39m[31m[91m[33m{[39m[31m[91mpadding-right[33m:[39m[31m[91m16px!important[33m}[39m[31m[91m[33m.pb-lg-5,.py-lg-5[39m[31m[91m[33m{[39m[31m[91mpadding-bottom[33m:[39m[31m[91m28px!important[33m}[39m[31m[91m[33m.pl-lg-5,.px-lg-5[39m[31m[91m[33m{[39m[31m[91mpadding-left[33m:[39m[31m[91m16px!important[33m}[39m[31m[91m[33m.p-lg-6[39m[31m[91m[33m{[39m[31m[91mpadding[33m:[39m[31m[91m42px 24px!important[33m}[39m[31m[91m[33m.pt-lg-6,.py-lg-6[39m[31m[91m[33m{[39m[31m[91mpadding-top[33m:[39m[31m[91m42px!important[33m}[39m[31m[91m[33m.pr-lg-6,.px-lg-6[39m[31m[91m[33m{[39m[31m[91mpadding-right[33m:[39m[31m[91m24px!important[33m}[39m[31m[91m[33m.pb-lg-6,.py-lg-6[39m[31m[91m[33m{[39m[31m[91mpadding-bottom[33m:[39m[31m[91m42px!important[33m}[39m[31m[91m[33m.pl-lg-6,.px-lg-6[39m[31m[91m[33m{[39m[31m[91mpadding-left[33m:[39m[31m[91m24px!important[33m}[39m[31m[91m[33m.m-lg-n1[39m[31m[91m[33m{[39m[31m[91mmargin[33m:[39m[31m[91m0!important[33m}[39m[31m[91m[33[39m[22m[1m[31mm.mt-lg-n1,.my-lg-n1[39m[31m[91m[33m{[39m[31m[91mmargin-top[33m:[39m[31m[91m0!important[33m}[39m[31m[91m[33m.mr-lg-n1,.mx-lg-n1[39m[31m[91m[33m{[39m[31m[91mmargin-right[33m:[39m[31m[91m0!important[33m}[39m[31m[91m[33m.mb-lg-n1,.my-lg-n1[39m[31m[91m[33m{[39m[31m[91mmargin-bottom[33m:[39m[31m[91m0!important[33m}[39m[31m[91m[33m.ml-lg-n1,.mx-lg-n1[39m[31m[91m[33m{[39m[31m[91mmargin-left[33m:[39m[31m[91m0!important[33m}[39m[31m[91m[33m.m-lg-n2[39m[31m[91m[33m{[39m[31m[91mmargin[33m:[39m[31m[91m-22px!important[33m}[39m[31m[91m[33m.mt-lg-n2,.my-lg-n2[39m[31m[91m[33m{[39m[31m[91mmargin-top[33m:[39m[31m[91m-14px!important[33m}[39m[31m[91m[33m.mr-lg-n2,.mx-lg-n2[39m[31m[91m[33m{[39m[31m[91mmargin-right[33m:[39m[31m[91m-8px!important[33m}[39m[31m[91m[33m.mb-lg-n2,.my-lg-n2[39m[31m[91m[33m{[39m[31m[91mmargin-bottom[33m:[39m[31m[91m-14px!important[33m}[39m[31m[91m[33m.ml-lg-n2,.mx-lg-n2[39m[31m[91m[33m{[39m[31m[91mmargin-left[33m:[39m[31m[91m-8px!important[33m}[39m[31m[91m[33m.m-lg-n3[39m[31m[91m[33m{[39m[31m[91mmargin[33m:[39m[31m[91m-22px!important[33m}[39m[31m[91m[33m.mt-lg-n3,.my-lg-n3[39m[31m[91m[33m{[39m[31m[91mmargin-top[33m:[39m[31m[91m-14px!important[33m}[39m[31m[91m[33m.mr-lg-n3,.mx-lg-n3[39m[31m[91m[33m{[39m[31m[91mmargin-right[33m:[39m[31m[91m-8px!important[33m}[39m[31m[91m[33m.mb-lg-n3,.my-lg-n3[39m[31m[91m[33m{[39m[31m[91mmargin-bottom[33m:[39m[31m[91m-14px!important[33m}[39m[31m[91m[33m.ml-lg-n3,.mx-lg-n3[39m[31m[91m[33m{[39m[31m[91mmargin-left[33m:[39m[31m[91m-8px!important[33m}[39m[31m[91m[33m.m-lg-n4[39m[31m[91m[33m{[39m[31m[91mmargin[33m:[39m[31m[91m-44px!important[33m}[39m[31m[91m[33m.mt-lg-n4,.my-lg-n4[39m[31m[91m[33m{[39m[31m[91mmargin-top[33m:[39m[31m[91m-28px!important[33m}[39m[31m[91m[33m.mr-lg-n4,.mx-lg-n4[39m[31m[91m[33m{[39m[31m[91mmargin-right[33m:[39m[31m[91m-16px!important[33m}[39m[31m[91m[33m.mb-lg-n4,.my-lg-n4[39m[31m[91m[33m{[39m[31m[91mmargin-bottom[33m:[39m[31m[91m-28px!important[33m}[39m[31m[91m[33m.ml-lg-n4,.mx-lg-n4[39m[31m[91m[33m{[39m[31m[91mmargin-left[33m:[39m[31m[91m-16px!important[33m}[39m[31m[91m[33m.m-lg-n[39m[22m[1m[31m5[39m[31m[91m[33m{[39m[31m[91mmargin[33m:[39m[31m[91m-44px!important[33m}[39m[31m[91m[33m.mt-lg-n5,.my-lg-n5[39m[31m[91m[33m{[39m[31m[91mmargin-top[33m:[39m[31m[91m-28px!important[33m}[39m[31m[91m[33m.mr-lg-n5,.mx-lg-n5[39m[31m[91m[33m{[39m[31m[91mmargin-right[33m:[39m[31m[91m-16px!important[33m}[39m[31m[91m[33m.mb-lg-n5,.my-lg-n5[39m[31m[91m[33m{[39m[31m[91mmargin-bottom[33m:[39m[31m[91m-28px!important[33m}[39m[31m[91m[33m.ml-lg-n5,.mx-lg-n5[39m[31m[91m[33m{[39m[31m[91mmargin-left[33m:[39m[31m[91m-16px!important[33m}[39m[31m[91m[33m.m-lg-n6[39m[31m[91m[33m{[39m[31m[91mmargin[33m:[39m[31m[91m-66px!important[33m}[39m[31m[91m[33m.mt-lg-n6,.my-lg-n6[39m[31m[91m[33m{[39m[31m[91mmargin-top[33m:[39m[31m[91m-42px!important[33m}[39m[31m[91m[33m.mr-lg-n6,.mx-lg-n6[39m[31m[91m[33m{[39m[31m[91mmargin-right[33m:[39m[31m[91m-24px!important[33m}[39m[31m[91m[33m.mb-lg-n6,.my-lg-n6[39m[31m[91m[33m{[39m[31m[91mmargin-bottom[33m:[39m[31m[91m-42px!important[33m}[39m[31m[91m[33m.ml-lg-n6,.mx-lg-n6[39m[31m[91m[33m{[39m[31m[91mmargin-left[33m:[39m[31m[91m-24px!important[33m}[39m[31m[91m[33m.m-lg-auto[39m[31m[91m[33m{[39m[31m[91mmargin[33m:[39m[31m[91mauto!important[33m}[39m[31m[91m[33m.mt-lg-auto,.my-lg-auto[39m[31m[91m[33m{[39m[31m[91mmargin-top[33m:[39m[31m[91mauto!important[33m}[39m[31m[91m[33m.mr-lg-auto,.mx-lg-auto[39m[31m[91m[33m{[39m[31m[91mmargin-right[33m:[39m[31m[91mauto!important[33m}[39m[31m[91m[33m.mb-lg-auto,.my-lg-auto[39m[31m[91m[33m{[39m[31m[91mmargin-bottom[33m:[39m[31m[91mauto!important[33m}[39m[31m[91m[33m.ml-lg-auto,.mx-lg-auto[39m[31m[91m[33m{[39m[31m[91mmargin-left[33m:[39m[31m[91mauto!important[33m}[39m[31m[91m[33m}[39m[31m[91m[36m@media[39m[31m[91m[36m [39m[31m[91m[36m(min-width:1152px)[39m[31m[91m[33m{[39m[31m[91m[33m.m-xl-0[39m[31m[91m[33m{[39m[31m[91mmargin[33m:[39m[31m[91m0 0!important[33m}[39m[31m[91m[33m.mt-xl-0,.my-xl-0[39m[31m[91m[33m{[39m[31m[91mmargin-top[33m:[39m[31m[91m0!important[33m}[39m[31m[91m[33m.mr-xl-0,.mx-xl-0[39m[31m[91m[33m{[39m[31m[91mmargin-right[33m:[39m[31m[91m0!important[33m}[39m[31m[91m[33m.mb-xl-0,.my-xl-0[39[39m[22m[1m[31mm[91m[33m{[39m[31m[91mmargin-bottom[33m:[39m[31m[91m0!important[33m}[39m[31m[91m[33m.ml-xl-0,.mx-xl-0[39m[31m[91m[33m{[39m[31m[91mmargin-left[33m:[39m[31m[91m0!important[33m}[39m[31m[91m[33m.m-xl-1[39m[31m[91m[33m{[39m[31m[91mmargin[33m:[39m[31m[91m0 0!important[33m}[39m[31m[91m[33m.mt-xl-1,.my-xl-1[39m[31m[91m[33m{[39m[31m[91mmargin-top[33m:[39m[31m[91m0!important[33m}[39m[31m[91m[33m.mr-xl-1,.mx-xl-1[39m[31m[91m[33m{[39m[31m[91mmargin-right[33m:[39m[31m[91m0!important[33m}[39m[31m[91m[33m.mb-xl-1,.my-xl-1[39m[31m[91m[33m{[39m[31m[91mmargin-bottom[33m:[39m[31m[91m0!important[33m}[39m[31m[91m[33m.ml-xl-1,.mx-xl-1[39m[31m[91m[33m{[39m[31m[91mmargin-left[33m:[39m[31m[91m0!important[33m}[39m[31m[91m[33m.m-xl-2[39m[31m[91m[33m{[39m[31m[91mmargin[33m:[39m[31m[91m14px 8px!important[33m}[39m[31m[91m[33m.mt-xl-2,.my-xl-2[39m[31m[91m[33m{[39m[31m[91mmargin-top[33m:[39m[31m[91m14px!important[33m}[39m[31m[91m[33m.mr-xl-2,.mx-xl-2[39m[31m[91m[33m{[39m[31m[91mmargin-right[33m:[39m[31m[91m8px!important[33m}[39m[31m[91m[33m.mb-xl-2,.my-xl-2[39m[31m[91m[33m{[39m[31m[91mmargin-bottom[33m:[39m[31m[91m14px!important[33m}[39m[31m[91m[33m.ml-xl-2,.mx-xl-2[39m[31m[91m[33m{[39m[31m[91mmargin-left[33m:[39m[31m[91m8px!important[33m}[39m[31m[91m[33m.m-xl-3[39m[31m[91m[33m{[39m[31m[91mmargin[33m:[39m[31m[91m14px 8px!important[33m}[39m[31m[91m[33m.mt-xl-3,.my-xl-3[39m[31m[91m[33m{[39m[31m[91mmargin-top[33m:[39m[31m[91m14px!important[33m}[39m[31m[91m[33m.mr-xl-3,.mx-xl-3[39m[31m[91m[33m{[39m[31m[91mmargin-right[33m:[39m[31m[91m8px!important[33m}[39m[31m[91m[33m.mb-xl-3,.my-xl-3[39m[31m[91m[33m{[39m[31m[91mmargin-bottom[33m:[39m[31m[91m14px!important[33m}[39m[31m[91m[33m.ml-xl-3,.mx-xl-3[39m[31m[91m[33m{[39m[31m[91mmargin-left[33m:[39m[31m[91m8px!important[33m}[39m[31m[91m[33m.m-xl-4[39m[31m[91m[33m{[39m[31m[91mmargin[33m:[39m[31m[91m28px 16px!important[33m}[39m[31m[91m[33m.mt-xl-4,.my-xl-4[39m[31m[91m[33m{[39m[31m[91mmargin-top[33m:[39m[31m[91m28px!important[33m}[39m[31m[91m[33m.mr-xl-4,.mx-xl-4[39m[31m[91m[33m{[39m[31m[91mmargin-right[33m:[39m[31m[91m16px!important[33[39m[22m[1m[31mm}[39m[31m[91m[33m.mb-xl-4,.my-xl-4[39m[31m[91m[33m{[39m[31m[91mmargin-bottom[33m:[39m[31m[91m28px!important[33m}[39m[31m[91m[33m.ml-xl-4,.mx-xl-4[39m[31m[91m[33m{[39m[31m[91mmargin-left[33m:[39m[31m[91m16px!important[33m}[39m[31m[91m[33m.m-xl-5[39m[31m[91m[33m{[39m[31m[91mmargin[33m:[39m[31m[91m28px 16px!important[33m}[39m[31m[91m[33m.mt-xl-5,.my-xl-5[39m[31m[91m[33m{[39m[31m[91mmargin-top[33m:[39m[31m[91m28px!important[33m}[39m[31m[91m[33m.mr-xl-5,.mx-xl-5[39m[31m[91m[33m{[39m[31m[91mmargin-right[33m:[39m[31m[91m16px!important[33m}[39m[31m[91m[33m.mb-xl-5,.my-xl-5[39m[31m[91m[33m{[39m[31m[91mmargin-bottom[33m:[39m[31m[91m28px!important[33m}[39m[31m[91m[33m.ml-xl-5,.mx-xl-5[39m[31m[91m[33m{[39m[31m[91mmargin-left[33m:[39m[31m[91m16px!important[33m}[39m[31m[91m[33m.m-xl-6[39m[31m[91m[33m{[39m[31m[91mmargin[33m:[39m[31m[91m42px 24px!important[33m}[39m[31m[91m[33m.mt-xl-6,.my-xl-6[39m[31m[91m[33m{[39m[31m[91mmargin-top[33m:[39m[31m[91m42px!important[33m}[39m[31m[91m[33m.mr-xl-6,.mx-xl-6[39m[31m[91m[33m{[39m[31m[91mmargin-right[33m:[39m[31m[91m24px!important[33m}[39m[31m[91m[33m.mb-xl-6,.my-xl-6[39m[31m[91m[33m{[39m[31m[91mmargin-bottom[33m:[39m[31m[91m42px!important[33m}[39m[31m[91m[33m.ml-xl-6,.mx-xl-6[39m[31m[91m[33m{[39m[31m[91mmargin-left[33m:[39m[31m[91m24px!important[33m}[39m[31m[91m[33m.p-xl-0[39m[31m[91m[33m{[39m[31m[91mpadding[33m:[39m[31m[91m0 0!important[33m}[39m[31m[91m[33m.pt-xl-0,.py-xl-0[39m[31m[91m[33m{[39m[31m[91mpadding-top[33m:[39m[31m[91m0!important[33m}[39m[31m[91m[33m.pr-xl-0,.px-xl-0[39m[31m[91m[33m{[39m[31m[91mpadding-right[33m:[39m[31m[91m0!important[33m}[39m[31m[91m[33m.pb-xl-0,.py-xl-0[39m[31m[91m[33m{[39m[31m[91mpadding-bottom[33m:[39m[31m[91m0!important[33m}[39m[31m[91m[33m.pl-xl-0,.px-xl-0[39m[31m[91m[33m{[39m[31m[91mpadding-left[33m:[39m[31m[91m0!important[33m}[39m[31m[91m[33m.p-xl-1[39m[31m[91m[33m{[39m[31m[91mpadding[33m:[39m[31m[91m0 0!important[33m}[39m[31m[91m[33m.pt-xl-1,.py-xl-1[39m[31m[91m[33m{[39m[31m[91mpadding-top[33m:[39m[31m[91m0!important[33m}[39m[31m[91m[33m.pr-xl-1,.px-xl-1[39m[31m[91m[33m{[39m[31m[9[39m[22m[1m[31m1mpadding-right[33m:[39m[31m[91m0!important[33m}[39m[31m[91m[33m.pb-xl-1,.py-xl-1[39m[31m[91m[33m{[39m[31m[91mpadding-bottom[33m:[39m[31m[91m0!important[33m}[39m[31m[91m[33m.pl-xl-1,.px-xl-1[39m[31m[91m[33m{[39m[31m[91mpadding-left[33m:[39m[31m[91m0!important[33m}[39m[31m[91m[33m.p-xl-2[39m[31m[91m[33m{[39m[31m[91mpadding[33m:[39m[31m[91m14px 8px!important[33m}[39m[31m[91m[33m.pt-xl-2,.py-xl-2[39m[31m[91m[33m{[39m[31m[91mpadding-top[33m:[39m[31m[91m14px!important[33m}[39m[31m[91m[33m.pr-xl-2,.px-xl-2[39m[31m[91m[33m{[39m[31m[91mpadding-right[33m:[39m[31m[91m8px!important[33m}[39m[31m[91m[33m.pb-xl-2,.py-xl-2[39m[31m[91m[33m{[39m[31m[91mpadding-bottom[33m:[39m[31m[91m14px!important[33m}[39m[31m[91m[33m.pl-xl-2,.px-xl-2[39m[31m[91m[33m{[39m[31m[91mpadding-left[33m:[39m[31m[91m8px!important[33m}[39m[31m[91m[33m.p-xl-3[39m[31m[91m[33m{[39m[31m[91mpadding[33m:[39m[31m[91m14px 8px!important[33m}[39m[31m[91m[33m.pt-xl-3,.py-xl-3[39m[31m[91m[33m{[39m[31m[91mpadding-top[33m:[39m[31m[91m14px!important[33m}[39m[31m[91m[33m.pr-xl-3,.px-xl-3[39m[31m[91m[33m{[39m[31m[91mpadding-right[33m:[39m[31m[91m8px!important[33m}[39m[31m[91m[33m.pb-xl-3,.py-xl-3[39m[31m[91m[33m{[39m[31m[91mpadding-bottom[33m:[39m[31m[91m14px!important[33m}[39m[31m[91m[33m.pl-xl-3,.px-xl-3[39m[31m[91m[33m{[39m[31m[91mpadding-left[33m:[39m[31m[91m8px!important[33m}[39m[31m[91m[33m.p-xl-4[39m[31m[91m[33m{[39m[31m[91mpadding[33m:[39m[31m[91m28px 16px!important[33m}[39m[31m[91m[33m.pt-xl-4,.py-xl-4[39m[31m[91m[33m{[39m[31m[91mpadding-top[33m:[39m[31m[91m28px!important[33m}[39m[31m[91m[33m.pr-xl-4,.px-xl-4[39m[31m[91m[33m{[39m[31m[91mpadding-right[33m:[39m[31m[91m16px!important[33m}[39m[31m[91m[33m.pb-xl-4,.py-xl-4[39m[31m[91m[33m{[39m[31m[91mpadding-bottom[33m:[39m[31m[91m28px!important[33m}[39m[31m[91m[33m.pl-xl-4,.px-xl-4[39m[31m[91m[33m{[39m[31m[91mpadding-left[33m:[39m[31m[91m16px!important[33m}[39m[31m[91m[33m.p-xl-5[39m[31m[91m[33m{[39m[31m[91mpadding[33m:[39m[31m[91m28px 16px!important[33m}[39m[31m[91m[33m.pt-xl-5,.py-xl-5[39m[31m[91m[33m{[39m[31m[91mpadding-top[33m:[39m[31m[91m28p[39m[22m[1m[31mx!important[33m}[39m[31m[91m[33m.pr-xl-5,.px-xl-5[39m[31m[91m[33m{[39m[31m[91mpadding-right[33m:[39m[31m[91m16px!important[33m}[39m[31m[91m[33m.pb-xl-5,.py-xl-5[39m[31m[91m[33m{[39m[31m[91mpadding-bottom[33m:[39m[31m[91m28px!important[33m}[39m[31m[91m[33m.pl-xl-5,.px-xl-5[39m[31m[91m[33m{[39m[31m[91mpadding-left[33m:[39m[31m[91m16px!important[33m}[39m[31m[91m[33m.p-xl-6[39m[31m[91m[33m{[39m[31m[91mpadding[33m:[39m[31m[91m42px 24px!important[33m}[39m[31m[91m[33m.pt-xl-6,.py-xl-6[39m[31m[91m[33m{[39m[31m[91mpadding-top[33m:[39m[31m[91m42px!important[33m}[39m[31m[91m[33m.pr-xl-6,.px-xl-6[39m[31m[91m[33m{[39m[31m[91mpadding-right[33m:[39m[31m[91m24px!important[33m}[39m[31m[91m[33m.pb-xl-6,.py-xl-6[39m[31m[91m[33m{[39m[31m[91mpadding-bottom[33m:[39m[31m[91m42px!important[33m}[39m[31m[91m[33m.pl-xl-6,.px-xl-6[39m[31m[91m[33m{[39m[31m[91mpadding-left[33m:[39m[31m[91m24px!important[33m}[39m[31m[91m[33m.m-xl-n1[39m[31m[91m[33m{[39m[31m[91mmargin[33m:[39m[31m[91m0!important[33m}[39m[31m[91m[33m.mt-xl-n1,.my-xl-n1[39m[31m[91m[33m{[39m[31m[91mmargin-top[33m:[39m[31m[91m0!important[33m}[39m[31m[91m[33m.mr-xl-n1,.mx-xl-n1[39m[31m[91m[33m{[39m[31m[91mmargin-right[33m:[39m[31m[91m0!important[33m}[39m[31m[91m[33m.mb-xl-n1,.my-xl-n1[39m[31m[91m[33m{[39m[31m[91mmargin-bottom[33m:[39m[31m[91m0!important[33m}[39m[31m[91m[33m.ml-xl-n1,.mx-xl-n1[39m[31m[91m[33m{[39m[31m[91mmargin-left[33m:[39m[31m[91m0!important[33m}[39m[31m[91m[33m.m-xl-n2[39m[31m[91m[33m{[39m[31m[91mmargin[33m:[39m[31m[91m-22px!important[33m}[39m[31m[91m[33m.mt-xl-n2,.my-xl-n2[39m[31m[91m[33m{[39m[31m[91mmargin-top[33m:[39m[31m[91m-14px!important[33m}[39m[31m[91m[33m.mr-xl-n2,.mx-xl-n2[39m[31m[91m[33m{[39m[31m[91mmargin-right[33m:[39m[31m[91m-8px!important[33m}[39m[31m[91m[33m.mb-xl-n2,.my-xl-n2[39m[31m[91m[33m{[39m[31m[91mmargin-bottom[33m:[39m[31m[91m-14px!important[33m}[39m[31m[91m[33m.ml-xl-n2,.mx-xl-n2[39m[31m[91m[33m{[39m[31m[91mmargin-left[33m:[39m[31m[91m-8px!important[33m}[39m[31m[91m[33m.m-xl-n3[39m[31m[91m[33m{[39m[31m[91mmargin[33m:[39m[31m[91m-22px!important[33m}[39m[31m[91m[33m.mt[39m[22m[1m[31m-xl-n3,.my-xl-n3[39m[31m[91m[33m{[39m[31m[91mmargin-top[33m:[39m[31m[91m-14px!important[33m}[39m[31m[91m[33m.mr-xl-n3,.mx-xl-n3[39m[31m[91m[33m{[39m[31m[91mmargin-right[33m:[39m[31m[91m-8px!important[33m}[39m[31m[91m[33m.mb-xl-n3,.my-xl-n3[39m[31m[91m[33m{[39m[31m[91mmargin-bottom[33m:[39m[31m[91m-14px!important[33m}[39m[31m[91m[33m.ml-xl-n3,.mx-xl-n3[39m[31m[91m[33m{[39m[31m[91mmargin-left[33m:[39m[31m[91m-8px!important[33m}[39m[31m[91m[33m.m-xl-n4[39m[31m[91m[33m{[39m[31m[91mmargin[33m:[39m[31m[91m-44px!important[33m}[39m[31m[91m[33m.mt-xl-n4,.my-xl-n4[39m[31m[91m[33m{[39m[31m[91mmargin-top[33m:[39m[31m[91m-28px!important[33m}[39m[31m[91m[33m.mr-xl-n4,.mx-xl-n4[39m[31m[91m[33m{[39m[31m[91mmargin-right[33m:[39m[31m[91m-16px!important[33m}[39m[31m[91m[33m.mb-xl-n4,.my-xl-n4[39m[31m[91m[33m{[39m[31m[91mmargin-bottom[33m:[39m[31m[91m-28px!important[33m}[39m[31m[91m[33m.ml-xl-n4,.mx-xl-n4[39m[31m[91m[33m{[39m[31m[91mmargin-left[33m:[39m[31m[91m-16px!important[33m}[39m[31m[91m[33m.m-xl-n5[39m[31m[91m[33m{[39m[31m[91mmargin[33m:[39m[31m[91m-44px!important[33m}[39m[31m[91m[33m.mt-xl-n5,.my-xl-n5[39m[31m[91m[33m{[39m[31m[91mmargin-top[33m:[39m[31m[91m-28px!important[33m}[39m[31m[91m[33m.mr-xl-n5,.mx-xl-n5[39m[31m[91m[33m{[39m[31m[91mmargin-right[33m:[39m[31m[91m-16px!important[33m}[39m[31m[91m[33m.mb-xl-n5,.my-xl-n5[39m[31m[91m[33m{[39m[31m[91mmargin-bottom[33m:[39m[31m[91m-28px!important[33m}[39m[31m[91m[33m.ml-xl-n5,.mx-xl-n5[39m[31m[91m[33m{[39m[31m[91mmargin-left[33m:[39m[31m[91m-16px!important[33m}[39m[31m[91m[33m.m-xl-n6[39m[31m[91m[33m{[39m[31m[91mmargin[33m:[39m[31m[91m-66px!important[33m}[39m[31m[91m[33m.mt-xl-n6,.my-xl-n6[39m[31m[91m[33m{[39m[31m[91mmargin-top[33m:[39m[31m[91m-42px!important[33m}[39m[31m[91m[33m.mr-xl-n6,.mx-xl-n6[39m[31m[91m[33m{[39m[31m[91mmargin-right[33m:[39m[31m[91m-24px!important[33m}[39m[31m[91m[33m.mb-xl-n6,.my-xl-n6[39m[31m[91m[33m{[39m[31m[91mmargin-bottom[33m:[39m[31m[91m-42px!important[33m}[39m[31m[91m[33m.ml-xl-n6,.mx-xl-n6[39m[31m[91m[33m{[39m[31m[91mmargin-left[33m:[39m[31m[91m-24px!important[33m}[39m[31m[9[39m[22m[1m[31m1m[33m.m-xl-auto[39m[31m[91m[33m{[39m[31m[91mmargin[33m:[39m[31m[91mauto!important[33m}[39m[31m[91m[33m.mt-xl-auto,.my-xl-auto[39m[31m[91m[33m{[39m[31m[91mmargin-top[33m:[39m[31m[91mauto!important[33m}[39m[31m[91m[33m.mr-xl-auto,.mx-xl-auto[39m[31m[91m[33m{[39m[31m[91mmargin-right[33m:[39m[31m[91mauto!important[33m}[39m[31m[91m[33m.mb-xl-auto,.my-xl-auto[39m[31m[91m[33m{[39m[31m[91mmargin-bottom[33m:[39m[31m[91mauto!important[33m}[39m[31m[91m[33m.ml-xl-auto,.mx-xl-auto[39m[31m[91m[33m{[39m[31m[91mmargin-left[33m:[39m[31m[91mauto!important[33m}[39m[31m[91m[33m}[39m[31m[91m[33m.text-monospace[39m[31m[91m[33m{[39m[31m[91mfont-family[33m:[39m[31m[91mDOS,Monaco,Menlo,Consolas,[32m"Courier New"[39m[31m[91m,monospace!important[33m}[39m[31m[91m[33m.text-justify[39m[31m[91m[33m{[39m[31m[91mtext-align[33m:[39m[31m[91mjustify!important[33m}[39m[31m[91m[33m.text-wrap[39m[31m[91m[33m{[39m[31m[91mwhite-space[33m:[39m[31m[91mnormal!important[33m}[39m[31m[91m[33m.text-nowrap[39m[31m[91m[33m{[39m[31m[91mwhite-space[33m:[39m[31m[91mnowrap!important[33m}[39m[31m[91m[33m.text-truncate[39m[31m[91m[33m{[39m[31m[91moverflow[33m:[39m[31m[91mhidden[33m;[39m[31m[91mtext-overflow[33m:[39m[31m[91mellipsis[33m;[39m[31m[91mwhite-space[33m:[39m[31m[91mnowrap[33m}[39m[31m[91m[33m.text-left[39m[31m[91m[33m{[39m[31m[91mtext-align[33m:[39m[31m[91mleft!important[33m}[39m[31m[91m[33m.text-right[39m[31m[91m[33m{[39m[31m[91mtext-align[33m:[39m[31m[91mright!important[33m}[39m[31m[91m[33m.text-center[39m[31m[91m[33m{[39m[31m[91mtext-align[33m:[39m[31m[91mcenter!important[33m}[39m[31m[91m[36m@media[39m[31m[91m[36m [39m[31m[91m[36m(min-width:576px)[39m[31m[91m[33m{[39m[31m[91m[33m.text-sm-left[39m[31m[91m[33m{[39m[31m[91mtext-align[33m:[39m[31m[91mleft!important[33m}[39m[31m[91m[33m.text-sm-right[39m[31m[91m[33m{[39m[31m[91mtext-align[33m:[39m[31m[91mright!important[33m}[39m[31m[91m[33m.text-sm-center[39m[31m[91m[33m{[39m[31m[91mtext-align[33m:[39m[31m[91mcenter!important[33m}[39m[31m[91m[33m}[39m[31m[91m[36m@media[39m[31m[91m[36m [39m[31m[91m[36m(min-width:768px)[39m[31m[91m[33m{[3[39m[22m[1m[31m9m[91m[33m.text-md-left[39m[31m[91m[33m{[39m[31m[91mtext-align[33m:[39m[31m[91mleft!important[33m}[39m[31m[91m[33m.text-md-right[39m[31m[91m[33m{[39m[31m[91mtext-align[33m:[39m[31m[91mright!important[33m}[39m[31m[91m[33m.text-md-center[39m[31m[91m[33m{[39m[31m[91mtext-align[33m:[39m[31m[91mcenter!important[33m}[39m[31m[91m[33m}[39m[31m[91m[36m@media[39m[31m[91m[36m [39m[31m[91m[36m(min-width:960px)[39m[31m[91m[33m{[39m[31m[91m[33m.text-lg-left[39m[31m[91m[33m{[39m[31m[91mtext-align[33m:[39m[31m[91mleft!important[33m}[39m[31m[91m[33m.text-lg-right[39m[31m[91m[33m{[39m[31m[91mtext-align[33m:[39m[31m[91mright!important[33m}[39m[31m[91m[33m.text-lg-center[39m[31m[91m[33m{[39m[31m[91mtext-align[33m:[39m[31m[91mcenter!important[33m}[39m[31m[91m[33m}[39m[31m[91m[36m@media[39m[31m[91m[36m [39m[31m[91m[36m(min-width:1152px)[39m[31m[91m[33m{[39m[31m[91m[33m.text-xl-left[39m[31m[91m[33m{[39m[31m[91mtext-align[33m:[39m[31m[91mleft!important[33m}[39m[31m[91m[33m.text-xl-right[39m[31m[91m[33m{[39m[31m[91mtext-align[33m:[39m[31m[91mright!important[33m}[39m[31m[91m[33m.text-xl-center[39m[31m[91m[33m{[39m[31m[91mtext-align[33m:[39m[31m[91mcenter!important[33m}[39m[31m[91m[33m}[39m[31m[91m[33m.text-lowercase[39m[31m[91m[33m{[39m[31m[91mtext-transform[33m:[39m[31m[91mlowercase!important[33m}[39m[31m[91m[33m.text-uppercase[39m[31m[91m[33m{[39m[31m[91mtext-transform[33m:[39m[31m[91muppercase!important[33m}[39m[31m[91m[33m.text-capitalize[39m[31m[91m[33m{[39m[31m[91mtext-transform[33m:[39m[31m[91mcapitalize!important[33m}[39m[31m[91m[33m.font-italic[39m[31m[91m[33m{[39m[31m[91mfont-style[33m:[39m[31m[91mnormal!important[33m}[39m[31m[91m[33m.text-white[39m[31m[91m[33m{[39m[31m[91mcolor[33m:[39m[31m[91m[35m#fff[39m[31m[91m!important[33m}[39m[31m[91m[33m.text-primary[39m[31m[91m[33m{[39m[31m[91mcolor[33m:[39m[31m[91m[35m#fff[39m[31m[91m!important[33m}[39m[31m[91m[33m.text-secondary[39m[31m[91m[33m{[39m[31m[91mcolor[33m:[39m[31m[91m[35m#fff[39m[31m[91m!important[33m}[39m[31m[91m[33m.text-success[39m[31m[91m[33m{[39m[31m[91mcolor[33m:[39m[31m[91m[35m#5f5[39m[31m[91m!impor[39m[22m[1m[31mtant[33m}[39m[31m[91m[33m.text-info[39m[31m[91m[33m{[39m[31m[91mcolor[33m:[39m[31m[91m[35m#5ff[39m[31m[91m!important[33m}[39m[31m[91m[33m.text-warning[39m[31m[91m[33m{[39m[31m[91mcolor[33m:[39m[31m[91m[35m#ff5[39m[31m[91m!important[33m}[39m[31m[91m[33m.text-danger[39m[31m[91m[33m{[39m[31m[91mcolor[33m:[39m[31m[91m[35m#f55[39m[31m[91m!important[33m}[39m[31m[91m[33m.text-dark[39m[31m[91m[33m{[39m[31m[91mcolor[33m:[39m[31m[91m[35m#555[39m[31m[91m!important[33m}[39m[31m[91m[33m.text-body[39m[31m[91m[33m{[39m[31m[91mcolor[33m:[39m[31m[91m[35m#bbb[39m[31m[91m!important[33m}[39m[31m[91m[33m.text-muted[39m[31m[91m[33m{[39m[31m[91mcolor[33m:[39m[31m[91m[35m#555[39m[31m[91m[33m}[39m[31m[91m[33m.text-hide[39m[31m[91m[33m{[39m[31m[91mfont[33m:[39m[31m[91m0/0 a[33m;[39m[31m[91mcolor[33m:[39m[31m[91mtransparent[33m;[39m[31m[91mtext-shadow[33m:[39m[31m[91mnone[33m;[39m[31m[91mbackground-color[33m:[39m[31m[91mtransparent[33m;[39m[31m[91mborder[33m:[39m[31m[91m0[33m}[39m[31m[91m[33m.text-decoration-none[39m[31m[91m[33m{[39m[31m[91mtext-decoration[33m:[39m[31m[91mnone!important[33m}[39m[31m[91m[33m.text-break[39m[31m[91m[33m{[39m[31m[91mword-break[33m:[39m[31m[91mbreak-word!important[33m;[39m[31m[91moverflow-wrap[33m:[39m[31m[91mbreak-word!important[33m}[39m[31m[91m[33m.text-reset[39m[31m[91m[33m{[39m[31m[91mcolor[33m:[39m[31m[91minherit!important[33m}[39m[31m[91m[33m.visible[39m[31m[91m[33m{[39m[31m[91mvisibility[33m:[39m[31m[91mvisible!important[33m}[39m[31m[91m[33m.invisible[39m[31m[91m[33m{[39m[31m[91mvisibility[33m:[39m[31m[91mhidden!important[33m}[39m[31m[91m[36m@media[39m[31m[91m print[33m{[39m[31m[91m*,[33m:[39m[31m[91m[33m:[39m[31m[91mafter,[33m:[39m[31m[91m[33m:[39m[31m[91mbefore[33m{[39m[31m[91mtext-shadow[33m:[39m[31m[91mnone!important[33m;[39m[31m[91mbox-shadow[33m:[39m[31m[91mnone!important[33m}[39m[31m[91ma[33m:[39m[31m[91m[36mnot[39m[31m[91m[36m(.btn)[39m[31m[91m[33m{[39m[31m[91mtext-decoration[33m:[39m[31m[91munderline[33m}[39m[31m[91mabbr[33m[[39m[31m[91mtitle[33m][39m[31m[91m[33m:[39m[31m[91m[33m:[39m[31m[91mafter[33m{[39m[31m[91mcontent[33m:[39m[31m[[39m[22m[1m[31m91m[32m" ("[39m[31m[91m [36mattr[39m[31m[91m[36m(title)[39m[31m[91m [32m")"[39m[31m[91m[33m}[39m[31m[91mpre[33m{[39m[31m[91mwhite-space[33m:[39m[31m[91mpre-wrap!important[33m}[39m[31m[91mblockquote,pre[33m{[39m[31m[91mborder[33m:[39m[31m[91m0 solid [35m#555[39m[31m[91m[33m;[39m[31m[91mpage-break-inside[33m:[39m[31m[91mavoid[33m}[39m[31m[91mthead[33m{[39m[31m[91mdisplay[33m:[39m[31m[91mtable-header-group[33m}[39m[31m[91mimg,tr[33m{[39m[31m[91mpage-break-inside[33m:[39m[31m[91mavoid[33m}[39m[31m[91mh2,h3,p[33m{[39m[31m[91morphans[33m:[39m[31m[91m3[33m;[39m[31m[91mwidows[33m:[39m[31m[91m3[33m}[39m[31m[91mh2,h3[33m{[39m[31m[91mpage-break-after[33m:[39m[31m[91mavoid[33m}[39m[31m[91m[36m@page[39m[31m[91m[33m{[39m[31m[91msize[33m:[39m[31m[91ma3[33m}[39m[31m[91mbody[33m{[39m[31m[91mmin-width[33m:[39m[31m[91m960px!important[33m}[39m[31m[91m[33m.container[39m[31m[91m[33m{[39m[31m[91mmin-width[33m:[39m[31m[91m960px!important[33m}[39m[31m[91m[33m.navbar[39m[31m[91m[33m{[39m[31m[91mdisplay[33m:[39m[31m[91mnone[33m}[39m[31m[91m[33m.badge[39m[31m[91m[33m{[39m[31m[91mborder[33m:[39m[31m[91m0 solid [35m#000[39m[31m[91m[33m}[39m[31m[91m[33m.table[39m[31m[91m[33m{[39m[31m[91mborder-collapse[33m:[39m[31m[91mcollapse!important[33m}[39m[31m[91m[33m.table[39m[31m[91m td,.table th[33m{[39m[31m[91mbackground-color[33m:[39m[31m[91m[35m#fff[39m[31m[91m!important[33m}[39m[31m[91m[33m.table-bordered[39m[31m[91m td,.table-bordered th[33m{[39m[31m[91mborder[33m:[39m[31m[91m1px solid [35m#555[39m[31m[91m!important[33m}[39m[31m[91m[33m.table-dark[39m[31m[91m[33m{[39m[31m[91mcolor[33m:[39m[31m[91minherit[33m}[39m[31m[91m[33m.table-dark[39m[31m[91m tbody+tbody,.table-dark td,.table-dark th,.table-dark thead th[33m{[39m[31m[91mborder-color[33m:[39m[31m[91m[35m#555[39m[31m[91m[33m}[39m[31m[91m[33m.table[39m[31m[91m [33m.thead-dark[39m[31m[91m th[33m{[39m[31m[91mcolor[33m:[39m[31m[91minherit[33m;[39m[31m[91mborder-color[33m:[39m[31m[91m[35m#555[39m[31m[91m[33m}[39m[31m[91m[33m}[39m[31m[91m[39m[31m[0m[39m[22m
[1m[31m[0m[91m [90m   | [39m[31m[91m                                                      [39m[22m[1m[31m                                                                                                                                                                                                                                                                                                                                                                                                                                                                                                                                                                                                                                                                                                                                                                                                                                                                                                                                                                                                                                                                                                                                                                                                                                                                                                                                                                                                                                                                                                                                                                                                                                                                                                                                                                                                                                                                                                                                                                                                                                                                                [39m[22m[1m[31m                                                                                                                                                                                                                                                                                                                                                                                                                                                                                                                                                                                                                                                                                                                                                                                                                                                                                                                                                                                                                                                                                                                                                                                                                                                                                                                                                                                                                                                                                                                                                                                                                                                                                                                                                                                                                                                                                                                                                                                                                                                                                [39m[22m[1m[31m                                                                                                                                                                                                                                                                                                                                                                                                                                                                                                                                                                                                                                                                                                                                                                                                                                                                                                                                                                                                                                                                                                                                                                                                                                                                                                                                                                                                                                                                                                                                                                                                                                                                                                                                                                                                                                                                                                                                                                                                                                                                                [39m[22m[1m[31m                                                                                                                                                                                                                                                                                                                                                                                                                                                                                                                                                                                                                                                                                                                                                                                                                                                                                                                                                                                                                                                                                                                                                                                                                                                                                                                                                                                                                                                                                                                                                                                                                                                                                                                                                                                                                                                                                                                                                                                                                                                                                [39m[22m[1m[31m                                                                                                                                                                                                                                                                                                                                                                                                                                                                                                                                                                                                                                                                                                                                                                                                                                                                                                                                                                                                                                                                                                                                                                                                                                                                                                                                                                                                                                                                                                                                                                                                                                                                                                                                                                                                                                                                                                                                                                                                                                                                                [39m[22m[1m[31m                                                                                                                                                                                                                                                                                                                                                                                                                                                                                                                                                                                                                                                                                                                                                                                                                                                                                                                                                                                                                                                                                                                                                                                                                                                                                                                                                                                                                                                                                                                                                                                                                                                                                                                                                                                                                                                                                                                                                                                                                                                                                [39m[22m[1m[31m                                                                                                                                                                                                                                                                                                                                                                                                                                                                                                                                                                                                                                                                                                                                                                                                                                                                                                                                                                                                                                                                                                                                                                                                                                                                                                                                                                                                                                                                                                                                                                                                                                                                                                                                                                                                                                                                                                                                                                                                                                                                                [39m[22m[1m[31m                                                                                                                                                                                                                                                                                                                                                                                                                                                                                                                                                                                                                                                                                                                                                                                                                                                                                                                                                                                                                                                                                                                                                                                                                                                                                                                                                                                                                                                                                                                                                                                                                                                                                                                                                                                                                                                                                                                                                                                                                                                                                [39m[22m[1m[31m                                                                                                                                                                                                                                                                                                                                                                                                                                                                                                                                                                                                                                                                                                                                                                                                                                                                                                                                                                                                                                                                                                                                                                                                                                                                                                                                                                                                                                                                                                                                                                                                                                                                                                                                                                                                                                                                                                                                                                                                                                                                                [39m[22m[1m[31m                                                                                                                                                                                                                                                                                                                                                                                                                                                                                                                                                                                                                                                                                                                                                                                                                                                                                                                                                                                                                                                                                                                                                                                                                                                                                                                                                                                                                                                                                                                                                                                                                                                                                                                                                                                                                                                                                                                                                                                                                                                                                [39m[22m[1m[31m                                                                                                                                                                                                                                                                                                                                                                                                                                                                                                                                                                                                                                                                                                                                                                                                                                                                                                                                                                                                                                                                                                                                                                                                                                                                                                                                                                                                                                                                                                                                                                                                                                                                                                                                                                                                                                                                                                                                                                                                                                                                                [39m[22m[1m[31m                                                                                                                                                                                                                                                                                                                                                                                                                                                                                                                                                                                                                                                                                                                                                                                                                                                                                                                                                                                                                                                                                                                                                                                                                                                                                                                                                                                                                                                                                                                                                                                                                                                                                                                                                                                                                                                                                                                                                                                                                                                                                [39m[22m[1m[31m                                                                                                                                                                                                                                                                                                                                                                                                                                                                                                                                                                                                                                                                                                                                                                                                                                                                                                                                                                                                                                                                                                                                                                                                                                                                                                                                                                                                                                                                                                                                                                                                                                                                                                                                                                                                                                                                                                                                                                                                                                                                                [39m[22m[1m[31m                                                                                                                                                                                                                                                                                                                                                                                                                                                                                                                                                                                                                                                                                                                                                                                                                                                                                                                                                                                                                                                                                                                                                                                                                                                                                                                                                                                                                                                                                                                                                                                                                                                                                                                                                                                                                                                                                                                                                                                                                                                                                [39m[22m[1m[31m                                                                                                                                                                                                                                                                                                                                                                                                                                                                                                                                                                                                                                                                                                                                                                                                                                                                                                                                                                                                                                                                                                                                                                                                                                                                                                                                                                                                                                                                                                                                                                                                                                                                                                                                                                                                                                                                                                                                                                                                                                                                                [39m[22m[1m[31m                                                                                                                                                                                                                                                                                                                                                                                                                                                                                                                                                                                                                                                                                                                                                                                                                                                                                                                                                                                                                                                                                                                                                                                                                                                                                                                                                                                                                                                                                                                                                                                                                                                                                                                                                                                                                                                                                                                                                                                                                                                                                [39m[22m[1m[31m                                                                                                                                                                                                                                                                                                                                                                                                                                                                                                                                                                                                                                                                                                                                                                                                                                                                                                                                                                                                                                                                                                                                                                                                                                                                                                                                                                                                                                                                                                                                                                                                                                                                                                                                                                                                                                                                                                                                                                                                                                                                                [39m[22m[1m[31m                                                                                                                                                                                                                                                                                                                                                                                                                                                                                                                                                                                                                                                                                                                                                                                                                                                                                                                                                                                                                                                                                                                                                                                                                                                                                                                                                                                                                                                                                                                                                                                                                                                                                                                                                                                                                                                                                                                                                                                                                                                                                [39m[22m[1m[31m                                                                                                                                                                                                                                                                                                                                                                                                                                                                                                                                                                                                                                                                                                                                                                                                                                                                                                                                                                                                                                                                                                                                                                                                                                                                                                                                                                                                                                                                                                                                                                                                                                                                                                                                                                                                                                                                                                                                                                                                                                                                                [39m[22m[1m[31m                                                                                                                                                                                                                                                                                                                                                                                                                                                                                                                                                                                                                                                                                                                                                                                                                                                                                                                                                                                                                                                                                                                                                                                                                                                                                                                                                                                                                                                                                                                                                                                                                                                                                                                                                                                                                                                                                                                                                                                                                                                                                [39m[22m[1m[31m                                                                                                                                                                                                                                                                                                                                                                                                                                                                                                                                                                                                                                                                                                                                                                                                                                                                                                                                                                                                                                                                                                                                                                                                                                                                                                                                                                                                                                                                                                                                                                                                                                                                                                                                                                                                                                                                                                                                                                                                                                                                                [39m[22m[1m[31m                                                                                                                                                                                                                                                                                                                                                                                                                                                                                                                                                                                                                                                                                                                                                                                                                                                                                                                                                                                                                                                                                                                                                                                                                                                                                                                                                                                                                                                                                                                                                                                                                                                                                                                                                                                                                                                                                                                                                                                                                                                                                [39m[22m[1m[31m                                                                                                                                                                                                                                                                                                                                                                                                                                                                                                                                                                                                                                                                                                                                                                                                                                                                                                                                                                                                                                                                                                                                                                                                                                                                                                                                                                                                                                                                                                                                                                                                                                                                                                                                                                                                                                                                                                                                                                                                                                                                                [39m[22m[1m[31m                                                                                                                                                                                                                                                                                                                                                                                                                                                                                                                                                                                                                                                                                                                                                                                                                                                                                                                                                                                                                                                                                                                                                                                                                                                                                                                                                                                                                                                                                                                                                                                                                                                                                                                                                                                                                                                                                                                                                                                                                                                                                [39m[22m[1m[31m                                                                                                                                                                                                                                                                                                                                                                                                                                                                                                                                                                                                                                                                                                                                                                                                                                                                                                                                                                                                                                                                                                                                                                                                                                                                                                                                                                                                                                                                                                                                                                                                                                                                                                                                                                                                                                                                                                                                                                                                                                                                                [39m[22m[1m[31m                                                                                                                                                                                                                                                                                                                                                                                                                                                                                                                                                                                                                                                                                                                                                                                                                                                                                                                                                                                                                                                                                                                                                                                                                                                                                                                                                                                                                                                                                                                                                                                                                                                                                                                                                                                                                                                                                                                                                                                                                                                                                [39m[22m[1m[31m                                                                                                                                                                                                                                                                                                                                                                                                                                                                                                                                                                                                                                                                                                                                                                                                                                                                                                                                                                                                                                                                                                                                                                                                                                                                                                                                                                                                                                                                                                                                                                                                                                                                                                                                                                                                                                                                                                                                                                                                                                                                                [39m[22m[1m[31m                                                                                                                                                                                                                                                                                                                                                                                                                                                                                                                                                                                                                                                                                                                                                                                                                                                                                                                                                                                                                                                                                                                                                                                                                                                                                                                                                                                                                                                                                                                                                                                                                                                                                                                                                                                                                                                                                                                                                                                                                                                                                [39m[22m[1m[31m                                                                                                                                                                                                                                                                                                                                                                                                                                                                                                                                                                                                                                                                                                                                                                                                                                                                                                                                                                                                                                                                                                                                                                                                                                                                                                                                                                                                                                                                                                                                                                                                                                                                                                                                                                                                                                                                                                                                                                                                                                                                                [39m[22m[1m[31m                                                                   [1m[31m^[39m[31m[91m[22m[1m[39m[31m[0m[39m[22m
[1m[31m[0m[91m [90m 7 | [39m[31m[91m[90m/*# sourceMappingURL=bootstrap.min.css.map */[39m[31m[91m[39m[31m[0m[39m[22m
[1m[31m[0m[91m[39m[31m[0m[39m[22m
[1m[31m[0m[91m    at Object.emitError (/Users/zefram/Documents/GitHub/astrodrop-frontend/node_modules/@angular-builders/custom-webpack/node_modules/webpack/lib/NormalModule.js:173:6)[39m[31m[0m[39m[22m
[1m[31m[0m[91m    at Declaration (/Users/zefram/Documents/GitHub/astrodrop-frontend/node_modules/@angular-builders/custom-webpack/node_modules/@angular-devkit/build-angular/src/webpack/plugins/postcss-cli-resources.js:123:28)[39m[31m[0m[39m[22m
[1m[31m[0m[91m    at runMicrotasks (<anonymous>)[39m[31m[0m[39m[22m
[1m[31m[0m[91m    at processTicksAndRejections (node:internal/process/task_queues:96:5)[39m[31m[0m[39m[22m
[1m[31m[0m[91m    at async LazyResult.runAsync (/Users/zefram/Documents/GitHub/astrodrop-frontend/node_modules/@angular-builders/custom-webpack/node_modules/postcss/lib/lazy-result.js:375:15)[39m[31m[0m[39m[22m
[1m[31m[0m[91m    at async Object.loader (/Users/zefram/Documents/GitHub/astrodrop-frontend/node_modules/@angular-builders/custom-webpack/node_modules/postcss-loader/dist/index.js:95:14)[39m[31m[0m[39m[22m
[1m[31m[0m[91m[39m[31m[0m[39m[22m
[1m[31m[0m[91m[39m[31m[0m[39m[22m
- Generating browser application bundles...
[32m✔[39m Browser application bundle generation complete.
[1m[33m[39m[22m
[1m[33m[0m[93mWarning: Emitted no files.[39m[33m[0m[39m[22m
[1m[33m[0m[93m[39m[33m[0m[39m[22m
[1m[33m[0m[93m[39m[33m[0m[39m[22m
[1m[33m[0m[93m[39m[33m[0m[39m[22m
[1m[31m[39m[22m
[1m[31m[0m[91mError: ./src/assets/css/bootstrap.min.css[39m[31m[0m[39m[22m
[1m[31m[0m[91mModule build failed (from ./node_modules/@angular-builders/custom-webpack/node_modules/mini-css-extract-plugin/dist/loader.js):[39m[31m[0m[39m[22m
[1m[31m[0m[91mModuleError: Module Error (from ./node_modules/@angular-builders/custom-webpack/node_modules/postcss-loader/dist/cjs.js):[39m[31m[0m[39m[22m
[1m[31m[0m[91m(Emitted value instead of an instance of Error) CssSyntaxError: /Users/zefram/Documents/GitHub/astrodrop-frontend/src/assets/css/bootstrap.min.css:6:58122: Can't resolve '../fonts/arrow-down.svg' in '/Users/zefram/Documents/GitHub/astrodrop-frontend/src/assets/css'[39m[31m[0m[39m[22m
[1m[31m[0m[91m[39m[31m[0m[39m[22m
[1m[31m[0m[91m [90m 4 | [39m[31m[91m[90m * Copyright 2011-2019 Twitter, Inc.[39m[31m[91m[39m[31m[0m[39m[22m
[1m[31m[0m[91m [90m 5 | [39m[31m[91m[90m * Licensed under MIT (https://github.com/twbs/bootstrap/blob/master/LICENSE)[39m[31m[91m[39m[31m[0m[39m[22m
[1m[31m[0m[91m[1m[31m>[39m[31m[91m[22m[1m[90m 6 | [39m[31m[91m[90m */[39m[31m[91m[33m:[39m[31m[91mroot[33m{[39m[31m[91m--blue[33m:[39m[31m[91m[35m#000084[39m[31m[91m[33m;[39m[31m[91m--indigo[33m:[39m[31m[91m[35m#55f[39m[31m[91m[33m;[39m[31m[91m--purple[33m:[39m[31m[91m[35m#aa00aa[39m[31m[91m[33m;[39m[31m[91m--pink[33m:[39m[31m[91m[35m#f5f[39m[31m[91m[33m;[39m[31m[91m--red[33m:[39m[31m[91m[35m#aa0000[39m[31m[91m[33m;[39m[31m[91m--orange[33m:[39m[31m[91m[35m#f55[39m[31m[91m[33m;[39m[31m[91m--yellow[33m:[39m[31m[91m[35m#ff5[39m[31m[91m[33m;[39m[31m[91m--green[33m:[39m[31m[91m[35m#00aa00[39m[31m[91m[33m;[39m[31m[91m--teal[33m:[39m[31m[91m[35m#00aaaa[39m[31m[91m[33m;[39m[31m[91m--cyan[33m:[39m[31m[91m[35m#00aaaa[39m[31m[91m[33m;[39m[31m[91m--white[33m:[39m[31m[91m[35m#fff[39m[31m[91m[33m;[39m[31m[91m--gray[33m:[39m[31m[91m[35m#bbbbbb[39m[31m[91m[33m;[39m[31m[91m--gray-dark[33m:[39m[31m[91m[35m#bbbbbb[39m[31m[91m[33m;[39m[31m[91m--primary[33m:[39m[31m[91m[35m#bbbbbb[39m[31m[91m[33m;[39m[31m[91m--secondary[33m:[39m[31m[91m[35m#bbbbbb[39m[31m[91m[33m;[39m[31m[91m--success[33m:[39m[31m[91m[35m#00aa00[39m[31m[91m[33m;[39m[31m[91m--info[33m:[39m[31m[91m[35m#00aaaa[39m[31m[91m[33m[39m[22m[1m[31m;[39m[31m[91m--warning[33m:[39m[31m[91m[35m#aa5500[39m[31m[91m[33m;[39m[31m[91m--danger[33m:[39m[31m[91m[35m#aa0000[39m[31m[91m[33m;[39m[31m[91m--light[33m:[39m[31m[91m[35m#fff[39m[31m[91m[33m;[39m[31m[91m--dark[33m:[39m[31m[91m[35m#000000[39m[31m[91m[33m;[39m[31m[91m--breakpoint-xs[33m:[39m[31m[91m0[33m;[39m[31m[91m--breakpoint-sm[33m:[39m[31m[91m576px[33m;[39m[31m[91m--breakpoint-md[33m:[39m[31m[91m768px[33m;[39m[31m[91m--breakpoint-lg[33m:[39m[31m[91m960px[33m;[39m[31m[91m--breakpoint-xl[33m:[39m[31m[91m1152px[33m;[39m[31m[91m--font-family-sans-serif[33m:[39m[31m[91mDOS,Monaco,Menlo,Consolas,[32m"Courier New"[39m[31m[91m,monospace[33m;[39m[31m[91m--font-family-monospace[33m:[39m[31m[91mDOS,Monaco,Menlo,Consolas,[32m"Courier New"[39m[31m[91m,monospace[33m}[39m[31m[91m[36m@font-face[39m[31m[91m[33m{[39m[31m[91mfont-family[33m:[39m[31m[91mDOS[33m;[39m[31m[91msrc[33m:[39m[31m[91m[36murl[39m[31m[91m[36m(../fonts/Px437_IBM_EGA8.otf)[39m[31m[91m [36mformat[39m[31m[91m[36m([39m[31m[91m[32m"opentype"[39m[31m[91m[36m)[39m[31m[91m[33m;[39m[31m[91mfont-weight[33m:[39m[31m[91m400[33m;[39m[31m[91mfont-style[33m:[39m[31m[91mnormal[33m;[39m[31m[91m-webkit-font-kerning[33m:[39m[31m[91mnone[33m;[39m[31m[91mfont-kerning[33m:[39m[31m[91mnone[33m;[39m[31m[91mfont-synthesis[33m:[39m[31m[91mnone[33m;[39m[31m[91m-webkit-font-variant-ligatures[33m:[39m[31m[91mnone[33m;[39m[31m[91mfont-variant-ligatures[33m:[39m[31m[91mnone[33m;[39m[31m[91mfont-variant-numeric[33m:[39m[31m[91mtabular-nums[33m}[39m[31m[91m*,[33m:[39m[31m[91m[33m:[39m[31m[91mafter,[33m:[39m[31m[91m[33m:[39m[31m[91mbefore[33m{[39m[31m[91mbox-sizing[33m:[39m[31m[91mborder-box[33m}[39m[31m[91mhtml[33m{[39m[31m[91mfont-family[33m:[39m[31m[91mDOS,monospace[33m;[39m[31m[91mline-height[33m:[39m[31m[91m14px[33m;[39m[31m[91m-webkit-text-size-adjust[33m:[39m[31m[91m100%[33m;[39m[31m[91m-webkit-tap-highlight-color[33m:[39m[31m[91mtransparent[33m;[39m[31m[91mline-height-step[33m:[39m[31m[91m14px[33m}[39m[31m[91marticle,aside,figcaption,figure,footer,header,hgroup,main,nav,section[33m{[39m[31m[91mdisplay[33m:[[39m[22m[1m[31m39m[91mblock[33m}[39m[31m[91mbody[33m{[39m[31m[91mmargin[33m:[39m[31m[91m0[33m;[39m[31m[91mfont-family[33m:[39m[31m[91mDOS,Monaco,Menlo,Consolas,[32m"Courier New"[39m[31m[91m,monospace[33m;[39m[31m[91mfont-weight[33m:[39m[31m[91m400[33m;[39m[31m[91mline-height[33m:[39m[31m[91m14px[33m;[39m[31m[91mfont-size[33m:[39m[31m[91m16px[33m;[39m[31m[91mcolor[33m:[39m[31m[91m[35m#bbb[39m[31m[91m[33m;[39m[31m[91mtext-align[33m:[39m[31m[91mleft[33m;[39m[31m[91mbackground-color[33m:[39m[31m[91m[35m#000084[39m[31m[91m[33m;[39m[31m[91m-webkit-font-kerning[33m:[39m[31m[91mnone[33m;[39m[31m[91mfont-kerning[33m:[39m[31m[91mnone[33m;[39m[31m[91mtext-rendering[33m:[39m[31m[91mgeometricPrecision[33m}[39m[31m[91m[33m[[39m[31m[91mtabindex=[32m"-1"[39m[31m[91m[33m][39m[31m[91m[33m:[39m[31m[91mfocus[33m:[39m[31m[91m[36mnot[39m[31m[91m[36m(:focus-visible)[39m[31m[91m[33m{[39m[31m[91moutline[33m:[39m[31m[91m0!important[33m}[39m[31m[91mhr[33m{[39m[31m[91mbox-sizing[33m:[39m[31m[91mcontent-box[33m;[39m[31m[91mheight[33m:[39m[31m[91m0[33m;[39m[31m[91moverflow[33m:[39m[31m[91mvisible[33m}[39m[31m[91mh1,h2,h3,h4,h5,h6[33m{[39m[31m[91mmargin-top[33m:[39m[31m[91m0[33m;[39m[31m[91mmargin-bottom[33m:[39m[31m[91m14px[33m;[39m[31m[91mfont-weight[33m:[39m[31m[91m400[33m}[39m[31m[91mp[33m{[39m[31m[91mmargin-top[33m:[39m[31m[91m0[33m;[39m[31m[91mmargin-bottom[33m:[39m[31m[91m14px[33m}[39m[31m[91mabbr[33m[[39m[31m[91mdata-original-title[33m][39m[31m[91m,abbr[33m[[39m[31m[91mtitle[33m][39m[31m[91m[33m{[39m[31m[91mtext-decoration[33m:[39m[31m[91mnone[33m;[39m[31m[91mcursor[33m:[39m[31m[91mhelp[33m;[39m[31m[91mborder-bottom[33m:[39m[31m[91m0[33m;[39m[31m[91m-webkit-text-decoration-skip-ink[33m:[39m[31m[91mnone[33m;[39m[31m[91mtext-decoration-skip-ink[33m:[39m[31m[91mnone[33m}[39m[31m[91maddress[33m{[39m[31m[91mmargin-bottom[33m:[39m[31m[91m14px[33m;[39m[31m[91mfont-style[33m:[39m[31m[91mnormal[33m;[39m[31m[91mline-height[33m:[39m[31m[91minherit[33m}[39m[31m[91mdl,ol,ul[33m{[39m[31m[91mmargin-top[33m:[39m[31m[91m0[33m;[39m[31m[91mmargin-left[33m:[39m[31m[91m8px[33m;[39m[31m[91mpadding-left[3[39m[22m[1m[31m3m:[39m[31m[91m0[33m;[39m[31m[91mmargin-bottom[33m:[39m[31m[91m14px[33m}[39m[31m[91mli[33m{[39m[31m[91mpadding-left[33m:[39m[31m[91m8px[33m}[39m[31m[91mol ol,ol ul,ul ol,ul ul[33m{[39m[31m[91mmargin-bottom[33m:[39m[31m[91m0[33m}[39m[31m[91mdt[33m{[39m[31m[91mfont-weight[33m:[39m[31m[91m400[33m}[39m[31m[91mdd[33m{[39m[31m[91mmargin-bottom[33m:[39m[31m[91m14px[33m;[39m[31m[91mmargin-left[33m:[39m[31m[91m0[33m}[39m[31m[91mblockquote[33m{[39m[31m[91mmargin[33m:[39m[31m[91m0 0 14px[33m}[39m[31m[91mb,strong[33m{[39m[31m[91mfont-weight[33m:[39m[31m[91m400[33m}[39m[31m[91mb[33m:[39m[31m[91m[33m:[39m[31m[91mafter,b[33m:[39m[31m[91m[33m:[39m[31m[91mbefore,strong[33m:[39m[31m[91m[33m:[39m[31m[91mafter,strong[33m:[39m[31m[91m[33m:[39m[31m[91mbefore[33m{[39m[31m[91mcontent[33m:[39m[31m[91m[32m'*'[39m[31m[91m[33m}[39m[31m[91msmall[33m{[39m[31m[91mfont-size[33m:[39m[31m[91m16px[33m}[39m[31m[91msub,sup[33m{[39m[31m[91mposition[33m:[39m[31m[91mrelative[33m;[39m[31m[91mline-height[33m:[39m[31m[91m0[33m;[39m[31m[91mvertical-align[33m:[39m[31m[91mbaseline[33m}[39m[31m[91msub[33m{[39m[31m[91mbottom[33m:[39m[31m[91m0[33m}[39m[31m[91msup[33m{[39m[31m[91mtop[33m:[39m[31m[91m0[33m}[39m[31m[91ma[33m{[39m[31m[91mcolor[33m:[39m[31m[91m[35m#ff5[39m[31m[91m[33m;[39m[31m[91mtext-decoration[33m:[39m[31m[91mnone[33m;[39m[31m[91mbackground-color[33m:[39m[31m[91mtransparent[33m}[39m[31m[91ma[33m:[39m[31m[91mhover[33m{[39m[31m[91mcolor[33m:[39m[31m[91m[35m#bbb[39m[31m[91m[33m;[39m[31m[91mbackground-color[33m:[39m[31m[91m[35m#000[39m[31m[91m[33m}[39m[31m[91mem[33m{[39m[31m[91mfont-style[33m:[39m[31m[91mnormal[33m}[39m[31m[91mem[33m:[39m[31m[91m[33m:[39m[31m[91mafter,em[33m:[39m[31m[91m[33m:[39m[31m[91mbefore[33m{[39m[31m[91mcontent[33m:[39m[31m[91m[32m"/"[39m[31m[91m[33m}[39m[31m[91ma[33m:[39m[31m[91m[36mnot[39m[31m[91m[36m([href])[39m[31m[91m[33m{[39m[31m[91mcolor[33m:[39m[31m[91minherit[33m;[39m[31m[91mtext-decoration[33m:[39m[31m[91mnone[33m}[39m[31m[91ma[33m:[39m[31m[91m[36mnot[39m[31m[91m[36m([href])[39m[31m[91m[33m:[39m[31m[91mhover[33m{[39m[31m[91mcolor[33m:[39m[31m[91minherit[33m;[39m[31m[39m[22m[1m[31m[91mtext-decoration[33m:[39m[31m[91mnone[33m}[39m[31m[91mcode,kbd,pre,samp[33m{[39m[31m[91mfont-family[33m:[39m[31m[91mDOS,Monaco,Menlo,Consolas,[32m"Courier New"[39m[31m[91m,monospace[33m;[39m[31m[91mfont-size[33m:[39m[31m[91m16px[33m}[39m[31m[91mpre[33m{[39m[31m[91mmargin-top[33m:[39m[31m[91m0[33m;[39m[31m[91mmargin-bottom[33m:[39m[31m[91m14px[33m;[39m[31m[91moverflow[33m:[39m[31m[91mauto[33m}[39m[31m[91mfigure[33m{[39m[31m[91mmargin[33m:[39m[31m[91m0 0 14px[33m}[39m[31m[91mimg[33m{[39m[31m[91mvertical-align[33m:[39m[31m[91mmiddle[33m;[39m[31m[91mborder-style[33m:[39m[31m[91mnone[33m}[39m[31m[91msvg[33m{[39m[31m[91moverflow[33m:[39m[31m[91mhidden[33m;[39m[31m[91mvertical-align[33m:[39m[31m[91mmiddle[33m}[39m[31m[91mtable[33m{[39m[31m[91mborder-collapse[33m:[39m[31m[91mcollapse[33m;[39m[31m[91mborder-spacing[33m:[39m[31m[91m0[33m}[39m[31m[91mcaption[33m{[39m[31m[91mpadding-top[33m:[39m[31m[91m0[33m;[39m[31m[91mpadding-bottom[33m:[39m[31m[91m0[33m;[39m[31m[91mcolor[33m:[39m[31m[91m[35m#555[39m[31m[91m[33m;[39m[31m[91mtext-align[33m:[39m[31m[91mleft[33m;[39m[31m[91mcaption-side[33m:[39m[31m[91mbottom[33m}[39m[31m[91mth[33m{[39m[31m[91mtext-align[33m:[39m[31m[91minherit[33m;[39m[31m[91mfont-weight[33m:[39m[31m[91m400[33m;[39m[31m[91mcolor[33m:[39m[31m[91m[35m#fff[39m[31m[91m[33m}[39m[31m[91mlabel[33m{[39m[31m[91mdisplay[33m:[39m[31m[91minline-block[33m;[39m[31m[91mmargin-bottom[33m:[39m[31m[91m0[33m}[39m[31m[91mbutton[33m{[39m[31m[91mborder-radius[33m:[39m[31m[91m0[33m;[39m[31m[91mpadding[33m:[39m[31m[91m0[33m}[39m[31m[91mbutton[33m:[39m[31m[91mfocus[33m{[39m[31m[91moutline[33m:[39m[31m[91m0 dotted[33m;[39m[31m[91moutline[33m:[39m[31m[91m5px auto -webkit-focus-ring-color[33m}[39m[31m[91mbutton,input,optgroup,select,textarea[33m{[39m[31m[91mmargin[33m:[39m[31m[91m0[33m;[39m[31m[91mfont[33m:[39m[31m[91m400 16px DOS!important[33m;[39m[31m[91mline-height[33m:[39m[31m[91m14px[33m}[39m[31m[91moption[33m{[39m[31m[91mpadding[33m:[39m[31m[91m0[33m;[39m[31m[91mmin-height[33m:[39m[31m[91m0[33m;[39m[31m[91mline-height[33m:[39m[31m[91m14px[33m}[39m[31m[91mbutto[39m[22m[1m[31mn,input[33m{[39m[31m[91moverflow[33m:[39m[31m[91mvisible[33m}[39m[31m[91minput[33m:[39m[31m[91m[33m:[39m[31m[91mfocus[33m{[39m[31m[91mcolor[33m:[39m[31m[91m[35m#00f[39m[31m[91m[33m;[39m[31m[91moutline[33m:[39m[31m[91m0[33m}[39m[31m[91m[33m:[39m[31m[91mfocus[33m{[39m[31m[91moutline[33m:[39m[31m[91m0[33m}[39m[31m[91mbutton,select[33m{[39m[31m[91mtext-transform[33m:[39m[31m[91mnone[33m}[39m[31m[91mselect[33m{[39m[31m[91mword-wrap[33m:[39m[31m[91mnormal[33m}[39m[31m[91m[33m[[39m[31m[91mtype=button[33m][39m[31m[91m,[33m[[39m[31m[91mtype=reset[33m][39m[31m[91m,[33m[[39m[31m[91mtype=submit[33m][39m[31m[91m,button[33m{[39m[31m[91m-webkit-appearance[33m:[39m[31m[91mbutton[33m}[39m[31m[91m[33m[[39m[31m[91mtype=button[33m][39m[31m[91m[33m:[39m[31m[91m[36mnot[39m[31m[91m[36m(:disabled)[39m[31m[91m,[33m[[39m[31m[91mtype=reset[33m][39m[31m[91m[33m:[39m[31m[91m[36mnot[39m[31m[91m[36m(:disabled)[39m[31m[91m,[33m[[39m[31m[91mtype=submit[33m][39m[31m[91m[33m:[39m[31m[91m[36mnot[39m[31m[91m[36m(:disabled)[39m[31m[91m,button[33m:[39m[31m[91m[36mnot[39m[31m[91m[36m(:disabled)[39m[31m[91m[33m{[39m[31m[91mcursor[33m:[39m[31m[91mpointer[33m}[39m[31m[91m[33m[[39m[31m[91mtype=button[33m][39m[31m[91m[33m:[39m[31m[91m[33m:[39m[31m[91m-moz-focus-inner,[33m[[39m[31m[91mtype=reset[33m][39m[31m[91m[33m:[39m[31m[91m[33m:[39m[31m[91m-moz-focus-inner,[33m[[39m[31m[91mtype=submit[33m][39m[31m[91m[33m:[39m[31m[91m[33m:[39m[31m[91m-moz-focus-inner,button[33m:[39m[31m[91m[33m:[39m[31m[91m-moz-focus-inner[33m{[39m[31m[91mpadding[33m:[39m[31m[91m0[33m;[39m[31m[91mborder-style[33m:[39m[31m[91mnone[33m}[39m[31m[91minput[33m[[39m[31m[91mtype=checkbox[33m][39m[31m[91m,input[33m[[39m[31m[91mtype=radio[33m][39m[31m[91m[33m{[39m[31m[91mbox-sizing[33m:[39m[31m[91mborder-box[33m;[39m[31m[91mpadding[33m:[39m[31m[91m0[33m}[39m[31m[91minput[33m[[39m[31m[91mtype=date[33m][39m[31m[91m,input[33m[[39m[31m[91mtype=datetime-local[33m][39m[31m[91m,input[33m[[39m[31m[91mtype=month[33m][39m[31m[91m,input[33m[[39m[31m[91mtype=time[33m][39m[31m[91m[33m{[39m[31m[91m-webkit-appearance[33m:[39m[31m[91mlistbox[33m}[39[39m[22m[1m[31mm[91mtextarea[33m{[39m[31m[91moverflow[33m:[39m[31m[91mauto[33m;[39m[31m[91mresize[33m:[39m[31m[91mvertical[33m}[39m[31m[91mfieldset[33m{[39m[31m[91mmin-width[33m:[39m[31m[91m0[33m;[39m[31m[91mpadding[33m:[39m[31m[91m0[33m;[39m[31m[91mmargin[33m:[39m[31m[91m0[33m;[39m[31m[91mborder[33m:[39m[31m[91m0[33m}[39m[31m[91mlegend[33m{[39m[31m[91mdisplay[33m:[39m[31m[91mblock[33m;[39m[31m[91mwidth[33m:[39m[31m[91m100%[33m;[39m[31m[91mmax-width[33m:[39m[31m[91m100%[33m;[39m[31m[91mpadding[33m:[39m[31m[91m0[33m;[39m[31m[91mmargin-bottom[33m:[39m[31m[91m14px[33m;[39m[31m[91mfont-size[33m:[39m[31m[91m16px[33m;[39m[31m[91mline-height[33m:[39m[31m[91minherit[33m;[39m[31m[91mcolor[33m:[39m[31m[91minherit[33m;[39m[31m[91mwhite-space[33m:[39m[31m[91mnormal[33m}[39m[31m[91mprogress[33m{[39m[31m[91mvertical-align[33m:[39m[31m[91mbaseline[33m}[39m[31m[91m[33m[[39m[31m[91mtype=number[33m][39m[31m[91m[33m:[39m[31m[91m[33m:[39m[31m[91m-webkit-inner-spin-button,[33m[[39m[31m[91mtype=number[33m][39m[31m[91m[33m:[39m[31m[91m[33m:[39m[31m[91m-webkit-outer-spin-button[33m{[39m[31m[91mheight[33m:[39m[31m[91mauto[33m}[39m[31m[91m[33m[[39m[31m[91mtype=search[33m][39m[31m[91m[33m{[39m[31m[91moutline-offset[33m:[39m[31m[91m-2px[33m;[39m[31m[91m-webkit-appearance[33m:[39m[31m[91mnone[33m}[39m[31m[91m[33m[[39m[31m[91mtype=search[33m][39m[31m[91m[33m:[39m[31m[91m[33m:[39m[31m[91m-webkit-search-decoration[33m{[39m[31m[91m-webkit-appearance[33m:[39m[31m[91mnone[33m}[39m[31m[91m[33m:[39m[31m[91m[33m:[39m[31m[91m-webkit-file-upload-button[33m{[39m[31m[91mfont[33m:[39m[31m[91minherit[33m;[39m[31m[91m-webkit-appearance[33m:[39m[31m[91mbutton[33m}[39m[31m[91moutput[33m{[39m[31m[91mdisplay[33m:[39m[31m[91minline-block[33m}[39m[31m[91msummary[33m{[39m[31m[91mdisplay[33m:[39m[31m[91mlist-item[33m;[39m[31m[91mcursor[33m:[39m[31m[91mpointer[33m}[39m[31m[91mtemplate[33m{[39m[31m[91mdisplay[33m:[39m[31m[91mnone[33m}[39m[31m[91m[33m[[39m[31m[91mhidden[33m][39m[31m[91m[33m{[39m[31m[91mdisplay[33m:[39m[31m[91mnone!important[33m}[39m[31m[91m[33m.h1,.h2,h1,h2[39m[31m[91m[33m{[39m[31m[91mmargin-bottom[33[39m[22m[1m[31mm:[39m[31m[91m0[33m;[39m[31m[91mmargin-top[33m:[39m[31m[91m14px[33m;[39m[31m[91mfont-weight[33m:[39m[31m[91m400[33m;[39m[31m[91mline-height[33m:[39m[31m[91m14px[33m;[39m[31m[91mtext-indent[33m:[39m[31m[91m8px[33m;[39m[31m[91mbackground[33m:[39m[31m[91m[35m#0aa[39m[31m[91m[33m;[39m[31m[91mpadding[33m:[39m[31m[91m14px 8px[33m;[39m[31m[91mcolor[33m:[39m[31m[91m[35m#000[39m[31m[91m[33m}[39m[31m[91m[33m.h1[39m[31m[91m [33m.text-muted,.h2[39m[31m[91m [33m.text-muted,h1[39m[31m[91m [33m.text-muted,h2[39m[31m[91m [33m.text-muted[39m[31m[91m[33m{[39m[31m[91mcolor[33m:[39m[31m[91m[35m#bbb[39m[31m[91m[33m}[39m[31m[91m[33m.h2,h2[39m[31m[91m[33m{[39m[31m[91mpadding[33m:[39m[31m[91m0 8px[33m}[39m[31m[91m[33m.h3,h3[39m[31m[91m[33m{[39m[31m[91mcolor[33m:[39m[31m[91m[35m#fff[39m[31m[91m[33m;[39m[31m[91mborder[33m:[39m[31m[91m[33m.875px[39m[31m[91m solid [35m#fff[39m[31m[91m[33m;[39m[31m[91mmargin-top[33m:[39m[31m[91m7px[33m;[39m[31m[91mpadding-top[33m:[39m[31m[91m6.125px[33m;[39m[31m[91mpadding-bottom[33m:[39m[31m[91m7px[33m;[39m[31m[91mmargin-bottom[33m:[39m[31m[91m6.125px[33m;[39m[31m[91mborder-left-width[33m:[39m[31m[91m2px[33m;[39m[31m[91mborder-right-width[33m:[39m[31m[91m2px[33m;[39m[31m[91mmargin-left[33m:[39m[31m[91m3.5px[33m;[39m[31m[91mpadding-left[33m:[39m[31m[91m10.5px[33m;[39m[31m[91mpadding-right[33m:[39m[31m[91m11.5px[33m;[39m[31m[91mmargin-right[33m:[39m[31m[91m2.5px[33m;[39m[31m[91mdisplay[33m:[39m[31m[91minline-block[33m;[39m[31m[91mwidth[33m:[39m[31m[91m[36mcalc[39m[31m[91m[36m(100% - 6px)[39m[31m[91m[33m}[39m[31m[91m[33m.h4,h4[39m[31m[91m[33m{[39m[31m[91mcolor[33m:[39m[31m[91m[35m#fff[39m[31m[91m[33m}[39m[31m[91m[33m.h4[39m[31m[91m[33m:[39m[31m[91m[33m:[39m[31m[91mbefore,h4[33m:[39m[31m[91m[33m:[39m[31m[91mbefore[33m{[39m[31m[91mmargin-right[33m:[39m[31m[91m8px[33m;[39m[31m[91mcontent[33m:[39m[31m[91m[32m">>"[39m[31m[91m[33m}[39m[31m[91m[33m.h4[39m[31m[91m[33m:[39m[31m[91m[33m:[39m[31m[91mafter,h4[33m:[39m[31m[91m[33m:[39m[31m[91mafter[33m{[39m[31m[91mmargin-left[33m:[39m[31m[91m8px[33m;[39m[31m[91mcontent[33m:[39m[31m[91m[32m"<<"[39m[31m[91m[33m}[39m[31m[39m[22m[1m[31m[91m[33m.h4,.h5,.h6,h4,h5,h6[39m[31m[91m[33m{[39m[31m[91mmargin[33m:[39m[31m[91m0[33m;[39m[31m[91mpadding[33m:[39m[31m[91m0[33m;[39m[31m[91mcolor[33m:[39m[31m[91m[35m#fff[39m[31m[91m[33m}[39m[31m[91m[33m.h5,h5[39m[31m[91m[33m{[39m[31m[91m-webkit-animation[33m:[39m[31m[91mblinkingText 1.2s infinite[33m;[39m[31m[91manimation[33m:[39m[31m[91mblinkingText 1.2s infinite[33m}[39m[31m[91m[36m@-webkit-keyframes[39m[31m[91m blinkingText[33m{[39m[31m[91m1%[33m{[39m[31m[91mvisibility[33m:[39m[31m[91mhidden[33m}[39m[31m[91m49%[33m{[39m[31m[91mvisibility[33m:[39m[31m[91mhidden[33m}[39m[31m[91m60%[33m{[39m[31m[91mvisibility[33m:[39m[31m[91mvisible[33m}[39m[31m[91m99%[33m{[39m[31m[91mvisibility[33m:[39m[31m[91mvisible[33m}[39m[31m[91m100%[33m{[39m[31m[91mvisibility[33m:[39m[31m[91mhidden[33m}[39m[31m[91m[33m}[39m[31m[91m[36m@keyframes[39m[31m[91m blinkingText[33m{[39m[31m[91m1%[33m{[39m[31m[91mvisibility[33m:[39m[31m[91mhidden[33m}[39m[31m[91m49%[33m{[39m[31m[91mvisibility[33m:[39m[31m[91mhidden[33m}[39m[31m[91m60%[33m{[39m[31m[91mvisibility[33m:[39m[31m[91mvisible[33m}[39m[31m[91m99%[33m{[39m[31m[91mvisibility[33m:[39m[31m[91mvisible[33m}[39m[31m[91m100%[33m{[39m[31m[91mvisibility[33m:[39m[31m[91mhidden[33m}[39m[31m[91m[33m}[39m[31m[91m[33m.h6,h6[39m[31m[91m[33m{[39m[31m[91m-webkit-animation[33m:[39m[31m[91mjaggedScroll 3s infinite[33m;[39m[31m[91manimation[33m:[39m[31m[91mjaggedScroll 3s infinite[33m;[39m[31m[91m-webkit-animation-direction[33m:[39m[31m[91malternate[33m;[39m[31m[91manimation-direction[33m:[39m[31m[91malternate[33m;[39m[31m[91m-webkit-animation-timing-function[33m:[39m[31m[91m[36msteps[39m[31m[91m[36m(10,jump-both)[39m[31m[91m[33m;[39m[31m[91manimation-timing-function[33m:[39m[31m[91m[36msteps[39m[31m[91m[36m(10,jump-both)[39m[31m[91m[33m;[39m[31m[91mwhite-space[33m:[39m[31m[91mnowrap[33m}[39m[31m[91m[36m@-webkit-keyframes[39m[31m[91m jaggedScroll[33m{[39m[31m[91mfrom[33m{[39m[31m[91mmargin-left[33m:[39m[31m[91m-8px[33m}[39m[31m[91mto[33m{[39m[31m[91mmargin-left[33m:[39m[31m[91m80px[33m}[39m[31m[91m[33m}[39m[31m[91m[36m@keyframes[39m[31m[91m j[39m[22m[1m[31maggedScroll[33m{[39m[31m[91mfrom[33m{[39m[31m[91mmargin-left[33m:[39m[31m[91m-8px[33m}[39m[31m[91mto[33m{[39m[31m[91mmargin-left[33m:[39m[31m[91m80px[33m}[39m[31m[91m[33m}[39m[31m[91m[33m.h1,h1[39m[31m[91m[33m{[39m[31m[91mfont-size[33m:[39m[31m[91m16px[33m}[39m[31m[91m[33m.h2,h2[39m[31m[91m[33m{[39m[31m[91mfont-size[33m:[39m[31m[91m16px[33m}[39m[31m[91m[33m.h3,h3[39m[31m[91m[33m{[39m[31m[91mfont-size[33m:[39m[31m[91m16px[33m}[39m[31m[91m[33m.h4,h4[39m[31m[91m[33m{[39m[31m[91mfont-size[33m:[39m[31m[91m16px[33m}[39m[31m[91m[33m.h5,h5[39m[31m[91m[33m{[39m[31m[91mfont-size[33m:[39m[31m[91m16px[33m}[39m[31m[91m[33m.h6,h6[39m[31m[91m[33m{[39m[31m[91mfont-size[33m:[39m[31m[91m16px[33m}[39m[31m[91m[33m.lead[39m[31m[91m[33m{[39m[31m[91mfont-size[33m:[39m[31m[91m16px[33m;[39m[31m[91mfont-weight[33m:[39m[31m[91m400[33m}[39m[31m[91m[33m.display-1[39m[31m[91m[33m{[39m[31m[91mfont-size[33m:[39m[31m[91m16px[33m;[39m[31m[91mfont-weight[33m:[39m[31m[91m400[33m;[39m[31m[91mline-height[33m:[39m[31m[91m14px[33m}[39m[31m[91m[33m.display-2[39m[31m[91m[33m{[39m[31m[91mfont-size[33m:[39m[31m[91m16px[33m;[39m[31m[91mfont-weight[33m:[39m[31m[91m400[33m;[39m[31m[91mline-height[33m:[39m[31m[91m14px[33m}[39m[31m[91m[33m.display-3[39m[31m[91m[33m{[39m[31m[91mfont-size[33m:[39m[31m[91m16px[33m;[39m[31m[91mfont-weight[33m:[39m[31m[91m400[33m;[39m[31m[91mline-height[33m:[39m[31m[91m14px[33m}[39m[31m[91m[33m.display-4[39m[31m[91m[33m{[39m[31m[91mfont-size[33m:[39m[31m[91m16px[33m;[39m[31m[91mfont-weight[33m:[39m[31m[91m400[33m;[39m[31m[91mline-height[33m:[39m[31m[91m14px[33m}[39m[31m[91mhr[33m{[39m[31m[91mmargin-top[33m:[39m[31m[91m14px[33m;[39m[31m[91mmargin-bottom[33m:[39m[31m[91m14px[33m;[39m[31m[91mborder[33m:[39m[31m[91m0[33m;[39m[31m[91mborder-top[33m:[39m[31m[91m0 solid [36mrgba[39m[31m[91m[36m(0,0,0,.1)[39m[31m[91m[33m}[39m[31m[91m[33m.small,small[39m[31m[91m[33m{[39m[31m[91mfont-size[33m:[39m[31m[91m16px[33m;[39m[31m[91mfont-weight[33m:[39m[31m[91m400[33m}[39m[31m[91m[33m.mark,mark[39m[31m[91m[33m{[39m[31m[91mpadding[33m:[39m[31m[91m0[33m;[39m[31m[91mbackground-color[33m:[39m[31m[[39m[22m[1m[31m91m[35m#bbb[39m[31m[91m[33m}[39m[31m[91m[33m.list-unstyled[39m[31m[91m[33m{[39m[31m[91mpadding-left[33m:[39m[31m[91m0[33m;[39m[31m[91mmargin-bottom[33m:[39m[31m[91m0[33m;[39m[31m[91mmargin-left[33m:[39m[31m[91m0[33m;[39m[31m[91mlist-style[33m:[39m[31m[91mnone[33m}[39m[31m[91m[33m.list-inline[39m[31m[91m[33m{[39m[31m[91mpadding-left[33m:[39m[31m[91m0[33m;[39m[31m[91mmargin-bottom[33m:[39m[31m[91m0[33m;[39m[31m[91mmargin-left[33m:[39m[31m[91m0[33m;[39m[31m[91mlist-style[33m:[39m[31m[91mnone[33m}[39m[31m[91m[33m.list-inline-item[39m[31m[91m[33m{[39m[31m[91mdisplay[33m:[39m[31m[91minline-block[33m}[39m[31m[91m[33m.list-inline-item[39m[31m[91m[33m:[39m[31m[91m[36mnot[39m[31m[91m[36m(:last-child)[39m[31m[91m[33m{[39m[31m[91mmargin-right[33m:[39m[31m[91m0[33m}[39m[31m[91m[33m.initialism[39m[31m[91m[33m{[39m[31m[91mfont-size[33m:[39m[31m[91m16px[33m;[39m[31m[91mtext-transform[33m:[39m[31m[91muppercase[33m}[39m[31m[91m[33m.blockquote[39m[31m[91m[33m{[39m[31m[91mmargin-bottom[33m:[39m[31m[91m14px 8px[33m;[39m[31m[91mfont-size[33m:[39m[31m[91m16px[33m}[39m[31m[91m[33m.blockquote-footer[39m[31m[91m[33m{[39m[31m[91mdisplay[33m:[39m[31m[91mblock[33m;[39m[31m[91mfont-size[33m:[39m[31m[91m16px[33m;[39m[31m[91mcolor[33m:[39m[31m[91m[35m#bbb[39m[31m[91m[33m}[39m[31m[91m[33m.blockquote-footer[39m[31m[91m[33m:[39m[31m[91m[33m:[39m[31m[91mbefore[33m{[39m[31m[91mcontent[33m:[39m[31m[91m[32m"\2014\00A0"[39m[31m[91m[33m}[39m[31m[91m[33m.img-fluid[39m[31m[91m[33m{[39m[31m[91mmax-width[33m:[39m[31m[91m100%[33m;[39m[31m[91mheight[33m:[39m[31m[91mauto[33m}[39m[31m[91m[33m.img-thumbnail[39m[31m[91m[33m{[39m[31m[91mpadding[33m:[39m[31m[91m0[33m;[39m[31m[91mmax-width[33m:[39m[31m[91m100%[33m;[39m[31m[91mheight[33m:[39m[31m[91mauto[33m}[39m[31m[91m[33m.figure[39m[31m[91m[33m{[39m[31m[91mdisplay[33m:[39m[31m[91minline-block[33m}[39m[31m[91m[33m.figure-img[39m[31m[91m[33m{[39m[31m[91mmargin-bottom[33m:[39m[31m[91m14px 8px/2[33m;[39m[31m[91mline-height[33m:[39m[31m[91m1[33m}[39m[31m[91m[33m.figure-caption[39m[31m[91m[33m{[39m[31m[91mcolor[33m:[39m[31m[91m[35m#bbb[39m[31m[91m[33m}[39m[31m[[39m[22m[1m[31m91m[33m.card[39m[31m[91m img,.dropdown-list img,.nav-link img[33m{[39m[31m[91mdisplay[33m:[39m[31m[91mnone[33m}[39m[31m[91mcode[33m{[39m[31m[91mcolor[33m:[39m[31m[91m[35m#f5f[39m[31m[91m[33m;[39m[31m[91mword-wrap[33m:[39m[31m[91mbreak-word[33m}[39m[31m[91ma>code[33m{[39m[31m[91mcolor[33m:[39m[31m[91minherit[33m}[39m[31m[91mkbd[33m{[39m[31m[91mpadding[33m:[39m[31m[91m14px 8px[33m;[39m[31m[91mcolor[33m:[39m[31m[91m[35m#fff[39m[31m[91m[33m;[39m[31m[91mbackground-color[33m:[39m[31m[91m[35m#bbb[39m[31m[91m[33m}[39m[31m[91mkbd kbd[33m{[39m[31m[91mpadding[33m:[39m[31m[91m0[33m;[39m[31m[91mfont-weight[33m:[39m[31m[91m400[33m}[39m[31m[91mpre[33m{[39m[31m[91mdisplay[33m:[39m[31m[91mblock[33m;[39m[31m[91mcolor[33m:[39m[31m[91m[35m#000[39m[31m[91m[33m}[39m[31m[91mpre code[33m{[39m[31m[91mfont-size[33m:[39m[31m[91m16px[33m;[39m[31m[91mcolor[33m:[39m[31m[91minherit[33m;[39m[31m[91mword-break[33m:[39m[31m[91mnormal[33m}[39m[31m[91m[33m.pre-scrollable[39m[31m[91m[33m{[39m[31m[91mmax-height[33m:[39m[31m[91m350px[33m;[39m[31m[91moverflow-y[33m:[39m[31m[91mscroll[33m}[39m[31m[91m[33m.container[39m[31m[91m[33m{[39m[31m[91mwidth[33m:[39m[31m[91m100%[33m;[39m[31m[91mpadding-right[33m:[39m[31m[91m8px[33m;[39m[31m[91mpadding-left[33m:[39m[31m[91m8px[33m;[39m[31m[91mmargin-right[33m:[39m[31m[91mauto[33m;[39m[31m[91mmargin-left[33m:[39m[31m[91mauto[33m}[39m[31m[91m[36m@media[39m[31m[91m[36m [39m[31m[91m[36m(min-width:576px)[39m[31m[91m[33m{[39m[31m[91m[33m.container[39m[31m[91m[33m{[39m[31m[91mmax-width[33m:[39m[31m[91m480px[33m}[39m[31m[91m[33m}[39m[31m[91m[36m@media[39m[31m[91m[36m [39m[31m[91m[36m(min-width:768px)[39m[31m[91m[33m{[39m[31m[91m[33m.container[39m[31m[91m[33m{[39m[31m[91mmax-width[33m:[39m[31m[91m672px[33m}[39m[31m[91m[33m}[39m[31m[91m[36m@media[39m[31m[91m[36m [39m[31m[91m[36m(min-width:960px)[39m[31m[91m[33m{[39m[31m[91m[33m.container[39m[31m[91m[33m{[39m[31m[91mmax-width[33m:[39m[31m[91m960px[33m}[39m[31m[91m[33m}[39m[31m[91m[36m@media[39m[31m[91m[36m [39m[31m[91m[36m(min-width:1152px)[39m[31m[91m[33m{[39m[31m[91m[33m.container[39m[31m[91m[33m{[39m[31m[91mmax-wi[39m[22m[1m[31mdth[33m:[39m[31m[91m1152px[33m}[39m[31m[91m[33m}[39m[31m[91m[33m.container-fluid,.container-lg,.container-md,.container-sm,.container-xl[39m[31m[91m[33m{[39m[31m[91mwidth[33m:[39m[31m[91m100%[33m;[39m[31m[91mpadding-right[33m:[39m[31m[91m8px[33m;[39m[31m[91mpadding-left[33m:[39m[31m[91m8px[33m;[39m[31m[91mmargin-right[33m:[39m[31m[91mauto[33m;[39m[31m[91mmargin-left[33m:[39m[31m[91mauto[33m}[39m[31m[91m[36m@media[39m[31m[91m[36m [39m[31m[91m[36m(min-width:576px)[39m[31m[91m[33m{[39m[31m[91m[33m.container,.container-sm[39m[31m[91m[33m{[39m[31m[91mmax-width[33m:[39m[31m[91m480px[33m}[39m[31m[91m[33m}[39m[31m[91m[36m@media[39m[31m[91m[36m [39m[31m[91m[36m(min-width:768px)[39m[31m[91m[33m{[39m[31m[91m[33m.container,.container-md,.container-sm[39m[31m[91m[33m{[39m[31m[91mmax-width[33m:[39m[31m[91m672px[33m}[39m[31m[91m[33m}[39m[31m[91m[36m@media[39m[31m[91m[36m [39m[31m[91m[36m(min-width:960px)[39m[31m[91m[33m{[39m[31m[91m[33m.container,.container-lg,.container-md,.container-sm[39m[31m[91m[33m{[39m[31m[91mmax-width[33m:[39m[31m[91m960px[33m}[39m[31m[91m[33m}[39m[31m[91m[36m@media[39m[31m[91m[36m [39m[31m[91m[36m(min-width:1152px)[39m[31m[91m[33m{[39m[31m[91m[33m.container,.container-lg,.container-md,.container-sm,.container-xl[39m[31m[91m[33m{[39m[31m[91mmax-width[33m:[39m[31m[91m1152px[33m}[39m[31m[91m[33m}[39m[31m[91m[33m.row[39m[31m[91m[33m{[39m[31m[91mdisplay[33m:[39m[31m[91m-ms-flexbox[33m;[39m[31m[91mdisplay[33m:[39m[31m[91mflex[33m;[39m[31m[91m-ms-flex-wrap[33m:[39m[31m[91mwrap[33m;[39m[31m[91mflex-wrap[33m:[39m[31m[91mwrap[33m;[39m[31m[91mmargin-right[33m:[39m[31m[91m-8px[33m;[39m[31m[91mmargin-left[33m:[39m[31m[91m-8px[33m}[39m[31m[91m[33m.no-gutters[39m[31m[91m[33m{[39m[31m[91mmargin-right[33m:[39m[31m[91m0[33m;[39m[31m[91mmargin-left[33m:[39m[31m[91m0[33m}[39m[31m[91m[33m.no-gutters>.col,.no-gutters>[39m[31m[91m[33m[[39m[31m[91mclass*=col-[33m][39m[31m[91m[33m{[39m[31m[91mpadding-right[33m:[39m[31m[91m0[33m;[39m[31m[91mpadding-left[33m:[39m[31m[91m0[33m}[39m[31m[91m[33m.col,.col-1,.col-10,.col-11,.col-12,.col-2,.col-3,.col-4,.col-5,.col[39m[22m[1m[31m-6,.col-7,.col-8,.col-9,.col-auto,.col-lg,.col-lg-1,.col-lg-10,.col-lg-11,.col-lg-12,.col-lg-2,.col-lg-3,.col-lg-4,.col-lg-5,.col-lg-6,.col-lg-7,.col-lg-8,.col-lg-9,.col-lg-auto,.col-md,.col-md-1,.col-md-10,.col-md-11,.col-md-12,.col-md-2,.col-md-3,.col-md-4,.col-md-5,.col-md-6,.col-md-7,.col-md-8,.col-md-9,.col-md-auto,.col-sm,.col-sm-1,.col-sm-10,.col-sm-11,.col-sm-12,.col-sm-2,.col-sm-3,.col-sm-4,.col-sm-5,.col-sm-6,.col-sm-7,.col-sm-8,.col-sm-9,.col-sm-auto,.col-xl,.col-xl-1,.col-xl-10,.col-xl-11,.col-xl-12,.col-xl-2,.col-xl-3,.col-xl-4,.col-xl-5,.col-xl-6,.col-xl-7,.col-xl-8,.col-xl-9,.col-xl-auto[39m[31m[91m[33m{[39m[31m[91mposition[33m:[39m[31m[91mrelative[33m;[39m[31m[91mwidth[33m:[39m[31m[91m100%[33m;[39m[31m[91mpadding-right[33m:[39m[31m[91m8px[33m;[39m[31m[91mpadding-left[33m:[39m[31m[91m8px[33m}[39m[31m[91m[33m.col[39m[31m[91m[33m{[39m[31m[91m-ms-flex-preferred-size[33m:[39m[31m[91m0[33m;[39m[31m[91mflex-basis[33m:[39m[31m[91m0[33m;[39m[31m[91m-ms-flex-positive[33m:[39m[31m[91m1[33m;[39m[31m[91mflex-grow[33m:[39m[31m[91m1[33m;[39m[31m[91mmax-width[33m:[39m[31m[91m100%[33m}[39m[31m[91m[33m.row-cols-1>*[39m[31m[91m[33m{[39m[31m[91m-ms-flex[33m:[39m[31m[91m0 0 100%[33m;[39m[31m[91mflex[33m:[39m[31m[91m0 0 100%[33m;[39m[31m[91mmax-width[33m:[39m[31m[91m100%[33m}[39m[31m[91m[33m.row-cols-2>*[39m[31m[91m[33m{[39m[31m[91m-ms-flex[33m:[39m[31m[91m0 0 50%[33m;[39m[31m[91mflex[33m:[39m[31m[91m0 0 50%[33m;[39m[31m[91mmax-width[33m:[39m[31m[91m50%[33m}[39m[31m[91m[33m.row-cols-3>*[39m[31m[91m[33m{[39m[31m[91m-ms-flex[33m:[39m[31m[91m0 0 33.333333%[33m;[39m[31m[91mflex[33m:[39m[31m[91m0 0 33.333333%[33m;[39m[31m[91mmax-width[33m:[39m[31m[91m33.333333%[33m}[39m[31m[91m[33m.row-cols-4>*[39m[31m[91m[33m{[39m[31m[91m-ms-flex[33m:[39m[31m[91m0 0 25%[33m;[39m[31m[91mflex[33m:[39m[31m[91m0 0 25%[33m;[39m[31m[91mmax-width[33m:[39m[31m[91m25%[33m}[39m[31m[91m[33m.row-cols-5>*[39m[31m[91m[33m{[39m[31m[91m-ms-flex[33m:[39m[31m[91m0 0 20%[33m;[39m[31m[91mflex[33m:[39m[31m[91m0 0 20%[33m;[39m[31m[91mmax-width[33m:[39m[31m[91m20%[33m}[39m[31m[39m[22m[1m[31m[91m[33m.row-cols-6>*[39m[31m[91m[33m{[39m[31m[91m-ms-flex[33m:[39m[31m[91m0 0 16.666667%[33m;[39m[31m[91mflex[33m:[39m[31m[91m0 0 16.666667%[33m;[39m[31m[91mmax-width[33m:[39m[31m[91m16.666667%[33m}[39m[31m[91m[33m.col-auto[39m[31m[91m[33m{[39m[31m[91m-ms-flex[33m:[39m[31m[91m0 0 auto[33m;[39m[31m[91mflex[33m:[39m[31m[91m0 0 auto[33m;[39m[31m[91mwidth[33m:[39m[31m[91mauto[33m;[39m[31m[91mmax-width[33m:[39m[31m[91m100%[33m}[39m[31m[91m[33m.col-1[39m[31m[91m[33m{[39m[31m[91m-ms-flex[33m:[39m[31m[91m0 0 8.333333%[33m;[39m[31m[91mflex[33m:[39m[31m[91m0 0 8.333333%[33m;[39m[31m[91mmax-width[33m:[39m[31m[91m8.333333%[33m}[39m[31m[91m[33m.col-2[39m[31m[91m[33m{[39m[31m[91m-ms-flex[33m:[39m[31m[91m0 0 16.666667%[33m;[39m[31m[91mflex[33m:[39m[31m[91m0 0 16.666667%[33m;[39m[31m[91mmax-width[33m:[39m[31m[91m16.666667%[33m}[39m[31m[91m[33m.col-3[39m[31m[91m[33m{[39m[31m[91m-ms-flex[33m:[39m[31m[91m0 0 25%[33m;[39m[31m[91mflex[33m:[39m[31m[91m0 0 25%[33m;[39m[31m[91mmax-width[33m:[39m[31m[91m25%[33m}[39m[31m[91m[33m.col-4[39m[31m[91m[33m{[39m[31m[91m-ms-flex[33m:[39m[31m[91m0 0 33.333333%[33m;[39m[31m[91mflex[33m:[39m[31m[91m0 0 33.333333%[33m;[39m[31m[91mmax-width[33m:[39m[31m[91m33.333333%[33m}[39m[31m[91m[33m.col-5[39m[31m[91m[33m{[39m[31m[91m-ms-flex[33m:[39m[31m[91m0 0 41.666667%[33m;[39m[31m[91mflex[33m:[39m[31m[91m0 0 41.666667%[33m;[39m[31m[91mmax-width[33m:[39m[31m[91m41.666667%[33m}[39m[31m[91m[33m.col-6[39m[31m[91m[33m{[39m[31m[91m-ms-flex[33m:[39m[31m[91m0 0 50%[33m;[39m[31m[91mflex[33m:[39m[31m[91m0 0 50%[33m;[39m[31m[91mmax-width[33m:[39m[31m[91m50%[33m}[39m[31m[91m[33m.col-7[39m[31m[91m[33m{[39m[31m[91m-ms-flex[33m:[39m[31m[91m0 0 58.333333%[33m;[39m[31m[91mflex[33m:[39m[31m[91m0 0 58.333333%[33m;[39m[31m[91mmax-width[33m:[39m[31m[91m58.333333%[33m}[39m[31m[91m[33m.col-8[39m[31m[91m[33m{[39m[31m[91m-ms-flex[33m:[39m[31m[91m0 0 66.666667%[33m;[39m[31m[91mflex[33m:[39m[31m[91m0 0 66.666667%[33m;[39m[31m[91mmax-width[33m:[39m[31m[91m66.666667%[33m}[39m[31m[91m[33m.col-9[39m[31m[91m[33m{[39m[31m[91m-ms-flex[33m:[39m[31m[91m0 0 75%[33m;[39m[31m[91mflex[39m[22m[1m[31m[33m:[39m[31m[91m0 0 75%[33m;[39m[31m[91mmax-width[33m:[39m[31m[91m75%[33m}[39m[31m[91m[33m.col-10[39m[31m[91m[33m{[39m[31m[91m-ms-flex[33m:[39m[31m[91m0 0 83.333333%[33m;[39m[31m[91mflex[33m:[39m[31m[91m0 0 83.333333%[33m;[39m[31m[91mmax-width[33m:[39m[31m[91m83.333333%[33m}[39m[31m[91m[33m.col-11[39m[31m[91m[33m{[39m[31m[91m-ms-flex[33m:[39m[31m[91m0 0 91.666667%[33m;[39m[31m[91mflex[33m:[39m[31m[91m0 0 91.666667%[33m;[39m[31m[91mmax-width[33m:[39m[31m[91m91.666667%[33m}[39m[31m[91m[33m.col-12[39m[31m[91m[33m{[39m[31m[91m-ms-flex[33m:[39m[31m[91m0 0 100%[33m;[39m[31m[91mflex[33m:[39m[31m[91m0 0 100%[33m;[39m[31m[91mmax-width[33m:[39m[31m[91m100%[33m}[39m[31m[91m[33m.order-first[39m[31m[91m[33m{[39m[31m[91m-ms-flex-order[33m:[39m[31m[91m-1[33m;[39m[31m[91morder[33m:[39m[31m[91m-1[33m}[39m[31m[91m[33m.order-last[39m[31m[91m[33m{[39m[31m[91m-ms-flex-order[33m:[39m[31m[91m13[33m;[39m[31m[91morder[33m:[39m[31m[91m13[33m}[39m[31m[91m[33m.order-0[39m[31m[91m[33m{[39m[31m[91m-ms-flex-order[33m:[39m[31m[91m0[33m;[39m[31m[91morder[33m:[39m[31m[91m0[33m}[39m[31m[91m[33m.order-1[39m[31m[91m[33m{[39m[31m[91m-ms-flex-order[33m:[39m[31m[91m1[33m;[39m[31m[91morder[33m:[39m[31m[91m1[33m}[39m[31m[91m[33m.order-2[39m[31m[91m[33m{[39m[31m[91m-ms-flex-order[33m:[39m[31m[91m2[33m;[39m[31m[91morder[33m:[39m[31m[91m2[33m}[39m[31m[91m[33m.order-3[39m[31m[91m[33m{[39m[31m[91m-ms-flex-order[33m:[39m[31m[91m3[33m;[39m[31m[91morder[33m:[39m[31m[91m3[33m}[39m[31m[91m[33m.order-4[39m[31m[91m[33m{[39m[31m[91m-ms-flex-order[33m:[39m[31m[91m4[33m;[39m[31m[91morder[33m:[39m[31m[91m4[33m}[39m[31m[91m[33m.order-5[39m[31m[91m[33m{[39m[31m[91m-ms-flex-order[33m:[39m[31m[91m5[33m;[39m[31m[91morder[33m:[39m[31m[91m5[33m}[39m[31m[91m[33m.order-6[39m[31m[91m[33m{[39m[31m[91m-ms-flex-order[33m:[39m[31m[91m6[33m;[39m[31m[91morder[33m:[39m[31m[91m6[33m}[39m[31m[91m[33m.order-7[39m[31m[91m[33m{[39m[31m[91m-ms-flex-order[33m:[39m[31m[91m7[33m;[39m[31m[91morder[33m:[39m[31m[91m7[33m}[39m[31m[91m[33m.order-8[39m[31m[91m[33m{[39m[31m[91m-ms-flex-order[33m:[39m[31m[91m8[33m;[39m[31m[91morder[33m:[39m[31m[9[39m[22m[1m[31m1m8[33m}[39m[31m[91m[33m.order-9[39m[31m[91m[33m{[39m[31m[91m-ms-flex-order[33m:[39m[31m[91m9[33m;[39m[31m[91morder[33m:[39m[31m[91m9[33m}[39m[31m[91m[33m.order-10[39m[31m[91m[33m{[39m[31m[91m-ms-flex-order[33m:[39m[31m[91m10[33m;[39m[31m[91morder[33m:[39m[31m[91m10[33m}[39m[31m[91m[33m.order-11[39m[31m[91m[33m{[39m[31m[91m-ms-flex-order[33m:[39m[31m[91m11[33m;[39m[31m[91morder[33m:[39m[31m[91m11[33m}[39m[31m[91m[33m.order-12[39m[31m[91m[33m{[39m[31m[91m-ms-flex-order[33m:[39m[31m[91m12[33m;[39m[31m[91morder[33m:[39m[31m[91m12[33m}[39m[31m[91m[33m.offset-1[39m[31m[91m[33m{[39m[31m[91mmargin-left[33m:[39m[31m[91m8.333333%[33m}[39m[31m[91m[33m.offset-2[39m[31m[91m[33m{[39m[31m[91mmargin-left[33m:[39m[31m[91m16.666667%[33m}[39m[31m[91m[33m.offset-3[39m[31m[91m[33m{[39m[31m[91mmargin-left[33m:[39m[31m[91m25%[33m}[39m[31m[91m[33m.offset-4[39m[31m[91m[33m{[39m[31m[91mmargin-left[33m:[39m[31m[91m33.333333%[33m}[39m[31m[91m[33m.offset-5[39m[31m[91m[33m{[39m[31m[91mmargin-left[33m:[39m[31m[91m41.666667%[33m}[39m[31m[91m[33m.offset-6[39m[31m[91m[33m{[39m[31m[91mmargin-left[33m:[39m[31m[91m50%[33m}[39m[31m[91m[33m.offset-7[39m[31m[91m[33m{[39m[31m[91mmargin-left[33m:[39m[31m[91m58.333333%[33m}[39m[31m[91m[33m.offset-8[39m[31m[91m[33m{[39m[31m[91mmargin-left[33m:[39m[31m[91m66.666667%[33m}[39m[31m[91m[33m.offset-9[39m[31m[91m[33m{[39m[31m[91mmargin-left[33m:[39m[31m[91m75%[33m}[39m[31m[91m[33m.offset-10[39m[31m[91m[33m{[39m[31m[91mmargin-left[33m:[39m[31m[91m83.333333%[33m}[39m[31m[91m[33m.offset-11[39m[31m[91m[33m{[39m[31m[91mmargin-left[33m:[39m[31m[91m91.666667%[33m}[39m[31m[91m[36m@media[39m[31m[91m[36m [39m[31m[91m[36m(min-width:576px)[39m[31m[91m[33m{[39m[31m[91m[33m.col-sm[39m[31m[91m[33m{[39m[31m[91m-ms-flex-preferred-size[33m:[39m[31m[91m0[33m;[39m[31m[91mflex-basis[33m:[39m[31m[91m0[33m;[39m[31m[91m-ms-flex-positive[33m:[39m[31m[91m1[33m;[39m[31m[91mflex-grow[33m:[39m[31m[91m1[33m;[39m[31m[91mmax-width[33m:[39m[31m[91m100%[33m}[39m[31m[91m[33m.row-cols-sm-1>*[39m[31m[91m[33m{[39m[31m[91m-ms-flex[33m:[39m[31m[91m0 0 100%[33m;[39m[31m[91mflex[33m:[39m[31m[91[39m[22m[1m[31mm0 0 100%[33m;[39m[31m[91mmax-width[33m:[39m[31m[91m100%[33m}[39m[31m[91m[33m.row-cols-sm-2>*[39m[31m[91m[33m{[39m[31m[91m-ms-flex[33m:[39m[31m[91m0 0 50%[33m;[39m[31m[91mflex[33m:[39m[31m[91m0 0 50%[33m;[39m[31m[91mmax-width[33m:[39m[31m[91m50%[33m}[39m[31m[91m[33m.row-cols-sm-3>*[39m[31m[91m[33m{[39m[31m[91m-ms-flex[33m:[39m[31m[91m0 0 33.333333%[33m;[39m[31m[91mflex[33m:[39m[31m[91m0 0 33.333333%[33m;[39m[31m[91mmax-width[33m:[39m[31m[91m33.333333%[33m}[39m[31m[91m[33m.row-cols-sm-4>*[39m[31m[91m[33m{[39m[31m[91m-ms-flex[33m:[39m[31m[91m0 0 25%[33m;[39m[31m[91mflex[33m:[39m[31m[91m0 0 25%[33m;[39m[31m[91mmax-width[33m:[39m[31m[91m25%[33m}[39m[31m[91m[33m.row-cols-sm-5>*[39m[31m[91m[33m{[39m[31m[91m-ms-flex[33m:[39m[31m[91m0 0 20%[33m;[39m[31m[91mflex[33m:[39m[31m[91m0 0 20%[33m;[39m[31m[91mmax-width[33m:[39m[31m[91m20%[33m}[39m[31m[91m[33m.row-cols-sm-6>*[39m[31m[91m[33m{[39m[31m[91m-ms-flex[33m:[39m[31m[91m0 0 16.666667%[33m;[39m[31m[91mflex[33m:[39m[31m[91m0 0 16.666667%[33m;[39m[31m[91mmax-width[33m:[39m[31m[91m16.666667%[33m}[39m[31m[91m[33m.col-sm-auto[39m[31m[91m[33m{[39m[31m[91m-ms-flex[33m:[39m[31m[91m0 0 auto[33m;[39m[31m[91mflex[33m:[39m[31m[91m0 0 auto[33m;[39m[31m[91mwidth[33m:[39m[31m[91mauto[33m;[39m[31m[91mmax-width[33m:[39m[31m[91m100%[33m}[39m[31m[91m[33m.col-sm-1[39m[31m[91m[33m{[39m[31m[91m-ms-flex[33m:[39m[31m[91m0 0 8.333333%[33m;[39m[31m[91mflex[33m:[39m[31m[91m0 0 8.333333%[33m;[39m[31m[91mmax-width[33m:[39m[31m[91m8.333333%[33m}[39m[31m[91m[33m.col-sm-2[39m[31m[91m[33m{[39m[31m[91m-ms-flex[33m:[39m[31m[91m0 0 16.666667%[33m;[39m[31m[91mflex[33m:[39m[31m[91m0 0 16.666667%[33m;[39m[31m[91mmax-width[33m:[39m[31m[91m16.666667%[33m}[39m[31m[91m[33m.col-sm-3[39m[31m[91m[33m{[39m[31m[91m-ms-flex[33m:[39m[31m[91m0 0 25%[33m;[39m[31m[91mflex[33m:[39m[31m[91m0 0 25%[33m;[39m[31m[91mmax-width[33m:[39m[31m[91m25%[33m}[39m[31m[91m[33m.col-sm-4[39m[31m[91m[33m{[39m[31m[91m-ms-flex[33m:[39m[31m[91m0 0 33.333333%[33m;[39m[31m[91mflex[33m:[39m[31m[91m0 0 33.333333%[33m;[39m[31m[91mmax-width[33m:[39m[31m[91m33.333333%[33m}[39m[31m[91m[33m.[39m[22m[1m[31mcol-sm-5[39m[31m[91m[33m{[39m[31m[91m-ms-flex[33m:[39m[31m[91m0 0 41.666667%[33m;[39m[31m[91mflex[33m:[39m[31m[91m0 0 41.666667%[33m;[39m[31m[91mmax-width[33m:[39m[31m[91m41.666667%[33m}[39m[31m[91m[33m.col-sm-6[39m[31m[91m[33m{[39m[31m[91m-ms-flex[33m:[39m[31m[91m0 0 50%[33m;[39m[31m[91mflex[33m:[39m[31m[91m0 0 50%[33m;[39m[31m[91mmax-width[33m:[39m[31m[91m50%[33m}[39m[31m[91m[33m.col-sm-7[39m[31m[91m[33m{[39m[31m[91m-ms-flex[33m:[39m[31m[91m0 0 58.333333%[33m;[39m[31m[91mflex[33m:[39m[31m[91m0 0 58.333333%[33m;[39m[31m[91mmax-width[33m:[39m[31m[91m58.333333%[33m}[39m[31m[91m[33m.col-sm-8[39m[31m[91m[33m{[39m[31m[91m-ms-flex[33m:[39m[31m[91m0 0 66.666667%[33m;[39m[31m[91mflex[33m:[39m[31m[91m0 0 66.666667%[33m;[39m[31m[91mmax-width[33m:[39m[31m[91m66.666667%[33m}[39m[31m[91m[33m.col-sm-9[39m[31m[91m[33m{[39m[31m[91m-ms-flex[33m:[39m[31m[91m0 0 75%[33m;[39m[31m[91mflex[33m:[39m[31m[91m0 0 75%[33m;[39m[31m[91mmax-width[33m:[39m[31m[91m75%[33m}[39m[31m[91m[33m.col-sm-10[39m[31m[91m[33m{[39m[31m[91m-ms-flex[33m:[39m[31m[91m0 0 83.333333%[33m;[39m[31m[91mflex[33m:[39m[31m[91m0 0 83.333333%[33m;[39m[31m[91mmax-width[33m:[39m[31m[91m83.333333%[33m}[39m[31m[91m[33m.col-sm-11[39m[31m[91m[33m{[39m[31m[91m-ms-flex[33m:[39m[31m[91m0 0 91.666667%[33m;[39m[31m[91mflex[33m:[39m[31m[91m0 0 91.666667%[33m;[39m[31m[91mmax-width[33m:[39m[31m[91m91.666667%[33m}[39m[31m[91m[33m.col-sm-12[39m[31m[91m[33m{[39m[31m[91m-ms-flex[33m:[39m[31m[91m0 0 100%[33m;[39m[31m[91mflex[33m:[39m[31m[91m0 0 100%[33m;[39m[31m[91mmax-width[33m:[39m[31m[91m100%[33m}[39m[31m[91m[33m.order-sm-first[39m[31m[91m[33m{[39m[31m[91m-ms-flex-order[33m:[39m[31m[91m-1[33m;[39m[31m[91morder[33m:[39m[31m[91m-1[33m}[39m[31m[91m[33m.order-sm-last[39m[31m[91m[33m{[39m[31m[91m-ms-flex-order[33m:[39m[31m[91m13[33m;[39m[31m[91morder[33m:[39m[31m[91m13[33m}[39m[31m[91m[33m.order-sm-0[39m[31m[91m[33m{[39m[31m[91m-ms-flex-order[33m:[39m[31m[91m0[33m;[39m[31m[91morder[33m:[39m[31m[91m0[33m}[39m[31m[91m[33m.order-sm-1[39m[31m[91m[33m{[39m[31m[91m-ms-flex-order[33m:[39m[31m[91m1[33m;[39m[31m[91morder[33m:[39m[31m[91m1[39m[22m[1m[31m[33m}[39m[31m[91m[33m.order-sm-2[39m[31m[91m[33m{[39m[31m[91m-ms-flex-order[33m:[39m[31m[91m2[33m;[39m[31m[91morder[33m:[39m[31m[91m2[33m}[39m[31m[91m[33m.order-sm-3[39m[31m[91m[33m{[39m[31m[91m-ms-flex-order[33m:[39m[31m[91m3[33m;[39m[31m[91morder[33m:[39m[31m[91m3[33m}[39m[31m[91m[33m.order-sm-4[39m[31m[91m[33m{[39m[31m[91m-ms-flex-order[33m:[39m[31m[91m4[33m;[39m[31m[91morder[33m:[39m[31m[91m4[33m}[39m[31m[91m[33m.order-sm-5[39m[31m[91m[33m{[39m[31m[91m-ms-flex-order[33m:[39m[31m[91m5[33m;[39m[31m[91morder[33m:[39m[31m[91m5[33m}[39m[31m[91m[33m.order-sm-6[39m[31m[91m[33m{[39m[31m[91m-ms-flex-order[33m:[39m[31m[91m6[33m;[39m[31m[91morder[33m:[39m[31m[91m6[33m}[39m[31m[91m[33m.order-sm-7[39m[31m[91m[33m{[39m[31m[91m-ms-flex-order[33m:[39m[31m[91m7[33m;[39m[31m[91morder[33m:[39m[31m[91m7[33m}[39m[31m[91m[33m.order-sm-8[39m[31m[91m[33m{[39m[31m[91m-ms-flex-order[33m:[39m[31m[91m8[33m;[39m[31m[91morder[33m:[39m[31m[91m8[33m}[39m[31m[91m[33m.order-sm-9[39m[31m[91m[33m{[39m[31m[91m-ms-flex-order[33m:[39m[31m[91m9[33m;[39m[31m[91morder[33m:[39m[31m[91m9[33m}[39m[31m[91m[33m.order-sm-10[39m[31m[91m[33m{[39m[31m[91m-ms-flex-order[33m:[39m[31m[91m10[33m;[39m[31m[91morder[33m:[39m[31m[91m10[33m}[39m[31m[91m[33m.order-sm-11[39m[31m[91m[33m{[39m[31m[91m-ms-flex-order[33m:[39m[31m[91m11[33m;[39m[31m[91morder[33m:[39m[31m[91m11[33m}[39m[31m[91m[33m.order-sm-12[39m[31m[91m[33m{[39m[31m[91m-ms-flex-order[33m:[39m[31m[91m12[33m;[39m[31m[91morder[33m:[39m[31m[91m12[33m}[39m[31m[91m[33m.offset-sm-0[39m[31m[91m[33m{[39m[31m[91mmargin-left[33m:[39m[31m[91m0[33m}[39m[31m[91m[33m.offset-sm-1[39m[31m[91m[33m{[39m[31m[91mmargin-left[33m:[39m[31m[91m8.333333%[33m}[39m[31m[91m[33m.offset-sm-2[39m[31m[91m[33m{[39m[31m[91mmargin-left[33m:[39m[31m[91m16.666667%[33m}[39m[31m[91m[33m.offset-sm-3[39m[31m[91m[33m{[39m[31m[91mmargin-left[33m:[39m[31m[91m25%[33m}[39m[31m[91m[33m.offset-sm-4[39m[31m[91m[33m{[39m[31m[91mmargin-left[33m:[39m[31m[91m33.333333%[33m}[39m[31m[91m[33m.offset-sm-5[39m[31m[91m[33m{[39m[31m[91mmargin-left[33m:[39m[31m[91m41.666667%[33m}[39m[31m[91m[33m.offset-sm-6[[39m[22m[1m[31m39m[91m[33m{[39m[31m[91mmargin-left[33m:[39m[31m[91m50%[33m}[39m[31m[91m[33m.offset-sm-7[39m[31m[91m[33m{[39m[31m[91mmargin-left[33m:[39m[31m[91m58.333333%[33m}[39m[31m[91m[33m.offset-sm-8[39m[31m[91m[33m{[39m[31m[91mmargin-left[33m:[39m[31m[91m66.666667%[33m}[39m[31m[91m[33m.offset-sm-9[39m[31m[91m[33m{[39m[31m[91mmargin-left[33m:[39m[31m[91m75%[33m}[39m[31m[91m[33m.offset-sm-10[39m[31m[91m[33m{[39m[31m[91mmargin-left[33m:[39m[31m[91m83.333333%[33m}[39m[31m[91m[33m.offset-sm-11[39m[31m[91m[33m{[39m[31m[91mmargin-left[33m:[39m[31m[91m91.666667%[33m}[39m[31m[91m[33m}[39m[31m[91m[36m@media[39m[31m[91m[36m [39m[31m[91m[36m(min-width:768px)[39m[31m[91m[33m{[39m[31m[91m[33m.col-md[39m[31m[91m[33m{[39m[31m[91m-ms-flex-preferred-size[33m:[39m[31m[91m0[33m;[39m[31m[91mflex-basis[33m:[39m[31m[91m0[33m;[39m[31m[91m-ms-flex-positive[33m:[39m[31m[91m1[33m;[39m[31m[91mflex-grow[33m:[39m[31m[91m1[33m;[39m[31m[91mmax-width[33m:[39m[31m[91m100%[33m}[39m[31m[91m[33m.row-cols-md-1>*[39m[31m[91m[33m{[39m[31m[91m-ms-flex[33m:[39m[31m[91m0 0 100%[33m;[39m[31m[91mflex[33m:[39m[31m[91m0 0 100%[33m;[39m[31m[91mmax-width[33m:[39m[31m[91m100%[33m}[39m[31m[91m[33m.row-cols-md-2>*[39m[31m[91m[33m{[39m[31m[91m-ms-flex[33m:[39m[31m[91m0 0 50%[33m;[39m[31m[91mflex[33m:[39m[31m[91m0 0 50%[33m;[39m[31m[91mmax-width[33m:[39m[31m[91m50%[33m}[39m[31m[91m[33m.row-cols-md-3>*[39m[31m[91m[33m{[39m[31m[91m-ms-flex[33m:[39m[31m[91m0 0 33.333333%[33m;[39m[31m[91mflex[33m:[39m[31m[91m0 0 33.333333%[33m;[39m[31m[91mmax-width[33m:[39m[31m[91m33.333333%[33m}[39m[31m[91m[33m.row-cols-md-4>*[39m[31m[91m[33m{[39m[31m[91m-ms-flex[33m:[39m[31m[91m0 0 25%[33m;[39m[31m[91mflex[33m:[39m[31m[91m0 0 25%[33m;[39m[31m[91mmax-width[33m:[39m[31m[91m25%[33m}[39m[31m[91m[33m.row-cols-md-5>*[39m[31m[91m[33m{[39m[31m[91m-ms-flex[33m:[39m[31m[91m0 0 20%[33m;[39m[31m[91mflex[33m:[39m[31m[91m0 0 20%[33m;[39m[31m[91mmax-width[33m:[39m[31m[91m20%[33m}[39m[31m[91m[33m.row-cols-md-6>*[39m[31m[91m[33m{[39m[31m[91m-ms-flex[33m:[39m[31m[91m0 0 16.666667%[33m;[39m[31m[91mflex[33m:[39m[31m[91m0 0 16.666667%[33m;[39m[31m[91m[39m[22m[1m[31mmax-width[33m:[39m[31m[91m16.666667%[33m}[39m[31m[91m[33m.col-md-auto[39m[31m[91m[33m{[39m[31m[91m-ms-flex[33m:[39m[31m[91m0 0 auto[33m;[39m[31m[91mflex[33m:[39m[31m[91m0 0 auto[33m;[39m[31m[91mwidth[33m:[39m[31m[91mauto[33m;[39m[31m[91mmax-width[33m:[39m[31m[91m100%[33m}[39m[31m[91m[33m.col-md-1[39m[31m[91m[33m{[39m[31m[91m-ms-flex[33m:[39m[31m[91m0 0 8.333333%[33m;[39m[31m[91mflex[33m:[39m[31m[91m0 0 8.333333%[33m;[39m[31m[91mmax-width[33m:[39m[31m[91m8.333333%[33m}[39m[31m[91m[33m.col-md-2[39m[31m[91m[33m{[39m[31m[91m-ms-flex[33m:[39m[31m[91m0 0 16.666667%[33m;[39m[31m[91mflex[33m:[39m[31m[91m0 0 16.666667%[33m;[39m[31m[91mmax-width[33m:[39m[31m[91m16.666667%[33m}[39m[31m[91m[33m.col-md-3[39m[31m[91m[33m{[39m[31m[91m-ms-flex[33m:[39m[31m[91m0 0 25%[33m;[39m[31m[91mflex[33m:[39m[31m[91m0 0 25%[33m;[39m[31m[91mmax-width[33m:[39m[31m[91m25%[33m}[39m[31m[91m[33m.col-md-4[39m[31m[91m[33m{[39m[31m[91m-ms-flex[33m:[39m[31m[91m0 0 33.333333%[33m;[39m[31m[91mflex[33m:[39m[31m[91m0 0 33.333333%[33m;[39m[31m[91mmax-width[33m:[39m[31m[91m33.333333%[33m}[39m[31m[91m[33m.col-md-5[39m[31m[91m[33m{[39m[31m[91m-ms-flex[33m:[39m[31m[91m0 0 41.666667%[33m;[39m[31m[91mflex[33m:[39m[31m[91m0 0 41.666667%[33m;[39m[31m[91mmax-width[33m:[39m[31m[91m41.666667%[33m}[39m[31m[91m[33m.col-md-6[39m[31m[91m[33m{[39m[31m[91m-ms-flex[33m:[39m[31m[91m0 0 50%[33m;[39m[31m[91mflex[33m:[39m[31m[91m0 0 50%[33m;[39m[31m[91mmax-width[33m:[39m[31m[91m50%[33m}[39m[31m[91m[33m.col-md-7[39m[31m[91m[33m{[39m[31m[91m-ms-flex[33m:[39m[31m[91m0 0 58.333333%[33m;[39m[31m[91mflex[33m:[39m[31m[91m0 0 58.333333%[33m;[39m[31m[91mmax-width[33m:[39m[31m[91m58.333333%[33m}[39m[31m[91m[33m.col-md-8[39m[31m[91m[33m{[39m[31m[91m-ms-flex[33m:[39m[31m[91m0 0 66.666667%[33m;[39m[31m[91mflex[33m:[39m[31m[91m0 0 66.666667%[33m;[39m[31m[91mmax-width[33m:[39m[31m[91m66.666667%[33m}[39m[31m[91m[33m.col-md-9[39m[31m[91m[33m{[39m[31m[91m-ms-flex[33m:[39m[31m[91m0 0 75%[33m;[39m[31m[91mflex[33m:[39m[31m[91m0 0 75%[33m;[39m[31m[91mmax-width[33m:[39m[31m[91m75%[33m}[39m[31m[91m[33m.col-md-10[39m[31m[91m[33m{[39m[31m[9[39m[22m[1m[31m1m-ms-flex[33m:[39m[31m[91m0 0 83.333333%[33m;[39m[31m[91mflex[33m:[39m[31m[91m0 0 83.333333%[33m;[39m[31m[91mmax-width[33m:[39m[31m[91m83.333333%[33m}[39m[31m[91m[33m.col-md-11[39m[31m[91m[33m{[39m[31m[91m-ms-flex[33m:[39m[31m[91m0 0 91.666667%[33m;[39m[31m[91mflex[33m:[39m[31m[91m0 0 91.666667%[33m;[39m[31m[91mmax-width[33m:[39m[31m[91m91.666667%[33m}[39m[31m[91m[33m.col-md-12[39m[31m[91m[33m{[39m[31m[91m-ms-flex[33m:[39m[31m[91m0 0 100%[33m;[39m[31m[91mflex[33m:[39m[31m[91m0 0 100%[33m;[39m[31m[91mmax-width[33m:[39m[31m[91m100%[33m}[39m[31m[91m[33m.order-md-first[39m[31m[91m[33m{[39m[31m[91m-ms-flex-order[33m:[39m[31m[91m-1[33m;[39m[31m[91morder[33m:[39m[31m[91m-1[33m}[39m[31m[91m[33m.order-md-last[39m[31m[91m[33m{[39m[31m[91m-ms-flex-order[33m:[39m[31m[91m13[33m;[39m[31m[91morder[33m:[39m[31m[91m13[33m}[39m[31m[91m[33m.order-md-0[39m[31m[91m[33m{[39m[31m[91m-ms-flex-order[33m:[39m[31m[91m0[33m;[39m[31m[91morder[33m:[39m[31m[91m0[33m}[39m[31m[91m[33m.order-md-1[39m[31m[91m[33m{[39m[31m[91m-ms-flex-order[33m:[39m[31m[91m1[33m;[39m[31m[91morder[33m:[39m[31m[91m1[33m}[39m[31m[91m[33m.order-md-2[39m[31m[91m[33m{[39m[31m[91m-ms-flex-order[33m:[39m[31m[91m2[33m;[39m[31m[91morder[33m:[39m[31m[91m2[33m}[39m[31m[91m[33m.order-md-3[39m[31m[91m[33m{[39m[31m[91m-ms-flex-order[33m:[39m[31m[91m3[33m;[39m[31m[91morder[33m:[39m[31m[91m3[33m}[39m[31m[91m[33m.order-md-4[39m[31m[91m[33m{[39m[31m[91m-ms-flex-order[33m:[39m[31m[91m4[33m;[39m[31m[91morder[33m:[39m[31m[91m4[33m}[39m[31m[91m[33m.order-md-5[39m[31m[91m[33m{[39m[31m[91m-ms-flex-order[33m:[39m[31m[91m5[33m;[39m[31m[91morder[33m:[39m[31m[91m5[33m}[39m[31m[91m[33m.order-md-6[39m[31m[91m[33m{[39m[31m[91m-ms-flex-order[33m:[39m[31m[91m6[33m;[39m[31m[91morder[33m:[39m[31m[91m6[33m}[39m[31m[91m[33m.order-md-7[39m[31m[91m[33m{[39m[31m[91m-ms-flex-order[33m:[39m[31m[91m7[33m;[39m[31m[91morder[33m:[39m[31m[91m7[33m}[39m[31m[91m[33m.order-md-8[39m[31m[91m[33m{[39m[31m[91m-ms-flex-order[33m:[39m[31m[91m8[33m;[39m[31m[91morder[33m:[39m[31m[91m8[33m}[39m[31m[91m[33m.order-md-9[39m[31m[91m[33m{[39m[31m[91m-ms-flex-order[33m[39m[22m[1m[31m:[39m[31m[91m9[33m;[39m[31m[91morder[33m:[39m[31m[91m9[33m}[39m[31m[91m[33m.order-md-10[39m[31m[91m[33m{[39m[31m[91m-ms-flex-order[33m:[39m[31m[91m10[33m;[39m[31m[91morder[33m:[39m[31m[91m10[33m}[39m[31m[91m[33m.order-md-11[39m[31m[91m[33m{[39m[31m[91m-ms-flex-order[33m:[39m[31m[91m11[33m;[39m[31m[91morder[33m:[39m[31m[91m11[33m}[39m[31m[91m[33m.order-md-12[39m[31m[91m[33m{[39m[31m[91m-ms-flex-order[33m:[39m[31m[91m12[33m;[39m[31m[91morder[33m:[39m[31m[91m12[33m}[39m[31m[91m[33m.offset-md-0[39m[31m[91m[33m{[39m[31m[91mmargin-left[33m:[39m[31m[91m0[33m}[39m[31m[91m[33m.offset-md-1[39m[31m[91m[33m{[39m[31m[91mmargin-left[33m:[39m[31m[91m8.333333%[33m}[39m[31m[91m[33m.offset-md-2[39m[31m[91m[33m{[39m[31m[91mmargin-left[33m:[39m[31m[91m16.666667%[33m}[39m[31m[91m[33m.offset-md-3[39m[31m[91m[33m{[39m[31m[91mmargin-left[33m:[39m[31m[91m25%[33m}[39m[31m[91m[33m.offset-md-4[39m[31m[91m[33m{[39m[31m[91mmargin-left[33m:[39m[31m[91m33.333333%[33m}[39m[31m[91m[33m.offset-md-5[39m[31m[91m[33m{[39m[31m[91mmargin-left[33m:[39m[31m[91m41.666667%[33m}[39m[31m[91m[33m.offset-md-6[39m[31m[91m[33m{[39m[31m[91mmargin-left[33m:[39m[31m[91m50%[33m}[39m[31m[91m[33m.offset-md-7[39m[31m[91m[33m{[39m[31m[91mmargin-left[33m:[39m[31m[91m58.333333%[33m}[39m[31m[91m[33m.offset-md-8[39m[31m[91m[33m{[39m[31m[91mmargin-left[33m:[39m[31m[91m66.666667%[33m}[39m[31m[91m[33m.offset-md-9[39m[31m[91m[33m{[39m[31m[91mmargin-left[33m:[39m[31m[91m75%[33m}[39m[31m[91m[33m.offset-md-10[39m[31m[91m[33m{[39m[31m[91mmargin-left[33m:[39m[31m[91m83.333333%[33m}[39m[31m[91m[33m.offset-md-11[39m[31m[91m[33m{[39m[31m[91mmargin-left[33m:[39m[31m[91m91.666667%[33m}[39m[31m[91m[33m}[39m[31m[91m[36m@media[39m[31m[91m[36m [39m[31m[91m[36m(min-width:960px)[39m[31m[91m[33m{[39m[31m[91m[33m.col-lg[39m[31m[91m[33m{[39m[31m[91m-ms-flex-preferred-size[33m:[39m[31m[91m0[33m;[39m[31m[91mflex-basis[33m:[39m[31m[91m0[33m;[39m[31m[91m-ms-flex-positive[33m:[39m[31m[91m1[33m;[39m[31m[91mflex-grow[33m:[39m[31m[91m1[33m;[39m[31m[91mmax-width[33m:[39m[31m[91m100%[33m}[39m[31m[91m[33m.row-cols-lg-1>*[39m[31m[91m[33m{[39m[31m[91[39m[22m[1m[31mm-ms-flex[33m:[39m[31m[91m0 0 100%[33m;[39m[31m[91mflex[33m:[39m[31m[91m0 0 100%[33m;[39m[31m[91mmax-width[33m:[39m[31m[91m100%[33m}[39m[31m[91m[33m.row-cols-lg-2>*[39m[31m[91m[33m{[39m[31m[91m-ms-flex[33m:[39m[31m[91m0 0 50%[33m;[39m[31m[91mflex[33m:[39m[31m[91m0 0 50%[33m;[39m[31m[91mmax-width[33m:[39m[31m[91m50%[33m}[39m[31m[91m[33m.row-cols-lg-3>*[39m[31m[91m[33m{[39m[31m[91m-ms-flex[33m:[39m[31m[91m0 0 33.333333%[33m;[39m[31m[91mflex[33m:[39m[31m[91m0 0 33.333333%[33m;[39m[31m[91mmax-width[33m:[39m[31m[91m33.333333%[33m}[39m[31m[91m[33m.row-cols-lg-4>*[39m[31m[91m[33m{[39m[31m[91m-ms-flex[33m:[39m[31m[91m0 0 25%[33m;[39m[31m[91mflex[33m:[39m[31m[91m0 0 25%[33m;[39m[31m[91mmax-width[33m:[39m[31m[91m25%[33m}[39m[31m[91m[33m.row-cols-lg-5>*[39m[31m[91m[33m{[39m[31m[91m-ms-flex[33m:[39m[31m[91m0 0 20%[33m;[39m[31m[91mflex[33m:[39m[31m[91m0 0 20%[33m;[39m[31m[91mmax-width[33m:[39m[31m[91m20%[33m}[39m[31m[91m[33m.row-cols-lg-6>*[39m[31m[91m[33m{[39m[31m[91m-ms-flex[33m:[39m[31m[91m0 0 16.666667%[33m;[39m[31m[91mflex[33m:[39m[31m[91m0 0 16.666667%[33m;[39m[31m[91mmax-width[33m:[39m[31m[91m16.666667%[33m}[39m[31m[91m[33m.col-lg-auto[39m[31m[91m[33m{[39m[31m[91m-ms-flex[33m:[39m[31m[91m0 0 auto[33m;[39m[31m[91mflex[33m:[39m[31m[91m0 0 auto[33m;[39m[31m[91mwidth[33m:[39m[31m[91mauto[33m;[39m[31m[91mmax-width[33m:[39m[31m[91m100%[33m}[39m[31m[91m[33m.col-lg-1[39m[31m[91m[33m{[39m[31m[91m-ms-flex[33m:[39m[31m[91m0 0 8.333333%[33m;[39m[31m[91mflex[33m:[39m[31m[91m0 0 8.333333%[33m;[39m[31m[91mmax-width[33m:[39m[31m[91m8.333333%[33m}[39m[31m[91m[33m.col-lg-2[39m[31m[91m[33m{[39m[31m[91m-ms-flex[33m:[39m[31m[91m0 0 16.666667%[33m;[39m[31m[91mflex[33m:[39m[31m[91m0 0 16.666667%[33m;[39m[31m[91mmax-width[33m:[39m[31m[91m16.666667%[33m}[39m[31m[91m[33m.col-lg-3[39m[31m[91m[33m{[39m[31m[91m-ms-flex[33m:[39m[31m[91m0 0 25%[33m;[39m[31m[91mflex[33m:[39m[31m[91m0 0 25%[33m;[39m[31m[91mmax-width[33m:[39m[31m[91m25%[33m}[39m[31m[91m[33m.col-lg-4[39m[31m[91m[33m{[39m[31m[91m-ms-flex[33m:[39m[31m[91m0 0 33.333333%[33m;[39m[31m[91mflex[33m:[39m[31m[91m0 0 33.333333%[33m[39m[22m[1m[31m;[39m[31m[91mmax-width[33m:[39m[31m[91m33.333333%[33m}[39m[31m[91m[33m.col-lg-5[39m[31m[91m[33m{[39m[31m[91m-ms-flex[33m:[39m[31m[91m0 0 41.666667%[33m;[39m[31m[91mflex[33m:[39m[31m[91m0 0 41.666667%[33m;[39m[31m[91mmax-width[33m:[39m[31m[91m41.666667%[33m}[39m[31m[91m[33m.col-lg-6[39m[31m[91m[33m{[39m[31m[91m-ms-flex[33m:[39m[31m[91m0 0 50%[33m;[39m[31m[91mflex[33m:[39m[31m[91m0 0 50%[33m;[39m[31m[91mmax-width[33m:[39m[31m[91m50%[33m}[39m[31m[91m[33m.col-lg-7[39m[31m[91m[33m{[39m[31m[91m-ms-flex[33m:[39m[31m[91m0 0 58.333333%[33m;[39m[31m[91mflex[33m:[39m[31m[91m0 0 58.333333%[33m;[39m[31m[91mmax-width[33m:[39m[31m[91m58.333333%[33m}[39m[31m[91m[33m.col-lg-8[39m[31m[91m[33m{[39m[31m[91m-ms-flex[33m:[39m[31m[91m0 0 66.666667%[33m;[39m[31m[91mflex[33m:[39m[31m[91m0 0 66.666667%[33m;[39m[31m[91mmax-width[33m:[39m[31m[91m66.666667%[33m}[39m[31m[91m[33m.col-lg-9[39m[31m[91m[33m{[39m[31m[91m-ms-flex[33m:[39m[31m[91m0 0 75%[33m;[39m[31m[91mflex[33m:[39m[31m[91m0 0 75%[33m;[39m[31m[91mmax-width[33m:[39m[31m[91m75%[33m}[39m[31m[91m[33m.col-lg-10[39m[31m[91m[33m{[39m[31m[91m-ms-flex[33m:[39m[31m[91m0 0 83.333333%[33m;[39m[31m[91mflex[33m:[39m[31m[91m0 0 83.333333%[33m;[39m[31m[91mmax-width[33m:[39m[31m[91m83.333333%[33m}[39m[31m[91m[33m.col-lg-11[39m[31m[91m[33m{[39m[31m[91m-ms-flex[33m:[39m[31m[91m0 0 91.666667%[33m;[39m[31m[91mflex[33m:[39m[31m[91m0 0 91.666667%[33m;[39m[31m[91mmax-width[33m:[39m[31m[91m91.666667%[33m}[39m[31m[91m[33m.col-lg-12[39m[31m[91m[33m{[39m[31m[91m-ms-flex[33m:[39m[31m[91m0 0 100%[33m;[39m[31m[91mflex[33m:[39m[31m[91m0 0 100%[33m;[39m[31m[91mmax-width[33m:[39m[31m[91m100%[33m}[39m[31m[91m[33m.order-lg-first[39m[31m[91m[33m{[39m[31m[91m-ms-flex-order[33m:[39m[31m[91m-1[33m;[39m[31m[91morder[33m:[39m[31m[91m-1[33m}[39m[31m[91m[33m.order-lg-last[39m[31m[91m[33m{[39m[31m[91m-ms-flex-order[33m:[39m[31m[91m13[33m;[39m[31m[91morder[33m:[39m[31m[91m13[33m}[39m[31m[91m[33m.order-lg-0[39m[31m[91m[33m{[39m[31m[91m-ms-flex-order[33m:[39m[31m[91m0[33m;[39m[31m[91morder[33m:[39m[31m[91m0[33m}[39m[31m[91m[33m.order-lg-1[39m[31m[91m[33m{[39m[31m[91m-[39m[22m[1m[31mms-flex-order[33m:[39m[31m[91m1[33m;[39m[31m[91morder[33m:[39m[31m[91m1[33m}[39m[31m[91m[33m.order-lg-2[39m[31m[91m[33m{[39m[31m[91m-ms-flex-order[33m:[39m[31m[91m2[33m;[39m[31m[91morder[33m:[39m[31m[91m2[33m}[39m[31m[91m[33m.order-lg-3[39m[31m[91m[33m{[39m[31m[91m-ms-flex-order[33m:[39m[31m[91m3[33m;[39m[31m[91morder[33m:[39m[31m[91m3[33m}[39m[31m[91m[33m.order-lg-4[39m[31m[91m[33m{[39m[31m[91m-ms-flex-order[33m:[39m[31m[91m4[33m;[39m[31m[91morder[33m:[39m[31m[91m4[33m}[39m[31m[91m[33m.order-lg-5[39m[31m[91m[33m{[39m[31m[91m-ms-flex-order[33m:[39m[31m[91m5[33m;[39m[31m[91morder[33m:[39m[31m[91m5[33m}[39m[31m[91m[33m.order-lg-6[39m[31m[91m[33m{[39m[31m[91m-ms-flex-order[33m:[39m[31m[91m6[33m;[39m[31m[91morder[33m:[39m[31m[91m6[33m}[39m[31m[91m[33m.order-lg-7[39m[31m[91m[33m{[39m[31m[91m-ms-flex-order[33m:[39m[31m[91m7[33m;[39m[31m[91morder[33m:[39m[31m[91m7[33m}[39m[31m[91m[33m.order-lg-8[39m[31m[91m[33m{[39m[31m[91m-ms-flex-order[33m:[39m[31m[91m8[33m;[39m[31m[91morder[33m:[39m[31m[91m8[33m}[39m[31m[91m[33m.order-lg-9[39m[31m[91m[33m{[39m[31m[91m-ms-flex-order[33m:[39m[31m[91m9[33m;[39m[31m[91morder[33m:[39m[31m[91m9[33m}[39m[31m[91m[33m.order-lg-10[39m[31m[91m[33m{[39m[31m[91m-ms-flex-order[33m:[39m[31m[91m10[33m;[39m[31m[91morder[33m:[39m[31m[91m10[33m}[39m[31m[91m[33m.order-lg-11[39m[31m[91m[33m{[39m[31m[91m-ms-flex-order[33m:[39m[31m[91m11[33m;[39m[31m[91morder[33m:[39m[31m[91m11[33m}[39m[31m[91m[33m.order-lg-12[39m[31m[91m[33m{[39m[31m[91m-ms-flex-order[33m:[39m[31m[91m12[33m;[39m[31m[91morder[33m:[39m[31m[91m12[33m}[39m[31m[91m[33m.offset-lg-0[39m[31m[91m[33m{[39m[31m[91mmargin-left[33m:[39m[31m[91m0[33m}[39m[31m[91m[33m.offset-lg-1[39m[31m[91m[33m{[39m[31m[91mmargin-left[33m:[39m[31m[91m8.333333%[33m}[39m[31m[91m[33m.offset-lg-2[39m[31m[91m[33m{[39m[31m[91mmargin-left[33m:[39m[31m[91m16.666667%[33m}[39m[31m[91m[33m.offset-lg-3[39m[31m[91m[33m{[39m[31m[91mmargin-left[33m:[39m[31m[91m25%[33m}[39m[31m[91m[33m.offset-lg-4[39m[31m[91m[33m{[39m[31m[91mmargin-left[33m:[39m[31m[91m33.333333%[33m}[39m[31m[91m[33m.offset-lg-5[39m[31m[91m[33m{[39m[31m[91mmarg[39m[22m[1m[31min-left[33m:[39m[31m[91m41.666667%[33m}[39m[31m[91m[33m.offset-lg-6[39m[31m[91m[33m{[39m[31m[91mmargin-left[33m:[39m[31m[91m50%[33m}[39m[31m[91m[33m.offset-lg-7[39m[31m[91m[33m{[39m[31m[91mmargin-left[33m:[39m[31m[91m58.333333%[33m}[39m[31m[91m[33m.offset-lg-8[39m[31m[91m[33m{[39m[31m[91mmargin-left[33m:[39m[31m[91m66.666667%[33m}[39m[31m[91m[33m.offset-lg-9[39m[31m[91m[33m{[39m[31m[91mmargin-left[33m:[39m[31m[91m75%[33m}[39m[31m[91m[33m.offset-lg-10[39m[31m[91m[33m{[39m[31m[91mmargin-left[33m:[39m[31m[91m83.333333%[33m}[39m[31m[91m[33m.offset-lg-11[39m[31m[91m[33m{[39m[31m[91mmargin-left[33m:[39m[31m[91m91.666667%[33m}[39m[31m[91m[33m}[39m[31m[91m[36m@media[39m[31m[91m[36m [39m[31m[91m[36m(min-width:1152px)[39m[31m[91m[33m{[39m[31m[91m[33m.col-xl[39m[31m[91m[33m{[39m[31m[91m-ms-flex-preferred-size[33m:[39m[31m[91m0[33m;[39m[31m[91mflex-basis[33m:[39m[31m[91m0[33m;[39m[31m[91m-ms-flex-positive[33m:[39m[31m[91m1[33m;[39m[31m[91mflex-grow[33m:[39m[31m[91m1[33m;[39m[31m[91mmax-width[33m:[39m[31m[91m100%[33m}[39m[31m[91m[33m.row-cols-xl-1>*[39m[31m[91m[33m{[39m[31m[91m-ms-flex[33m:[39m[31m[91m0 0 100%[33m;[39m[31m[91mflex[33m:[39m[31m[91m0 0 100%[33m;[39m[31m[91mmax-width[33m:[39m[31m[91m100%[33m}[39m[31m[91m[33m.row-cols-xl-2>*[39m[31m[91m[33m{[39m[31m[91m-ms-flex[33m:[39m[31m[91m0 0 50%[33m;[39m[31m[91mflex[33m:[39m[31m[91m0 0 50%[33m;[39m[31m[91mmax-width[33m:[39m[31m[91m50%[33m}[39m[31m[91m[33m.row-cols-xl-3>*[39m[31m[91m[33m{[39m[31m[91m-ms-flex[33m:[39m[31m[91m0 0 33.333333%[33m;[39m[31m[91mflex[33m:[39m[31m[91m0 0 33.333333%[33m;[39m[31m[91mmax-width[33m:[39m[31m[91m33.333333%[33m}[39m[31m[91m[33m.row-cols-xl-4>*[39m[31m[91m[33m{[39m[31m[91m-ms-flex[33m:[39m[31m[91m0 0 25%[33m;[39m[31m[91mflex[33m:[39m[31m[91m0 0 25%[33m;[39m[31m[91mmax-width[33m:[39m[31m[91m25%[33m}[39m[31m[91m[33m.row-cols-xl-5>*[39m[31m[91m[33m{[39m[31m[91m-ms-flex[33m:[39m[31m[91m0 0 20%[33m;[39m[31m[91mflex[33m:[39m[31m[91m0 0 20%[33m;[39m[31m[91mmax-width[33m:[39m[31m[91m20%[33m}[39m[31m[91m[33m.row-cols-xl-6>*[39m[31m[91m[33m{[39m[31m[91m-ms-flex[33m:[39m[31m[91m0 0 16.6666[39m[22m[1m[31m67%[33m;[39m[31m[91mflex[33m:[39m[31m[91m0 0 16.666667%[33m;[39m[31m[91mmax-width[33m:[39m[31m[91m16.666667%[33m}[39m[31m[91m[33m.col-xl-auto[39m[31m[91m[33m{[39m[31m[91m-ms-flex[33m:[39m[31m[91m0 0 auto[33m;[39m[31m[91mflex[33m:[39m[31m[91m0 0 auto[33m;[39m[31m[91mwidth[33m:[39m[31m[91mauto[33m;[39m[31m[91mmax-width[33m:[39m[31m[91m100%[33m}[39m[31m[91m[33m.col-xl-1[39m[31m[91m[33m{[39m[31m[91m-ms-flex[33m:[39m[31m[91m0 0 8.333333%[33m;[39m[31m[91mflex[33m:[39m[31m[91m0 0 8.333333%[33m;[39m[31m[91mmax-width[33m:[39m[31m[91m8.333333%[33m}[39m[31m[91m[33m.col-xl-2[39m[31m[91m[33m{[39m[31m[91m-ms-flex[33m:[39m[31m[91m0 0 16.666667%[33m;[39m[31m[91mflex[33m:[39m[31m[91m0 0 16.666667%[33m;[39m[31m[91mmax-width[33m:[39m[31m[91m16.666667%[33m}[39m[31m[91m[33m.col-xl-3[39m[31m[91m[33m{[39m[31m[91m-ms-flex[33m:[39m[31m[91m0 0 25%[33m;[39m[31m[91mflex[33m:[39m[31m[91m0 0 25%[33m;[39m[31m[91mmax-width[33m:[39m[31m[91m25%[33m}[39m[31m[91m[33m.col-xl-4[39m[31m[91m[33m{[39m[31m[91m-ms-flex[33m:[39m[31m[91m0 0 33.333333%[33m;[39m[31m[91mflex[33m:[39m[31m[91m0 0 33.333333%[33m;[39m[31m[91mmax-width[33m:[39m[31m[91m33.333333%[33m}[39m[31m[91m[33m.col-xl-5[39m[31m[91m[33m{[39m[31m[91m-ms-flex[33m:[39m[31m[91m0 0 41.666667%[33m;[39m[31m[91mflex[33m:[39m[31m[91m0 0 41.666667%[33m;[39m[31m[91mmax-width[33m:[39m[31m[91m41.666667%[33m}[39m[31m[91m[33m.col-xl-6[39m[31m[91m[33m{[39m[31m[91m-ms-flex[33m:[39m[31m[91m0 0 50%[33m;[39m[31m[91mflex[33m:[39m[31m[91m0 0 50%[33m;[39m[31m[91mmax-width[33m:[39m[31m[91m50%[33m}[39m[31m[91m[33m.col-xl-7[39m[31m[91m[33m{[39m[31m[91m-ms-flex[33m:[39m[31m[91m0 0 58.333333%[33m;[39m[31m[91mflex[33m:[39m[31m[91m0 0 58.333333%[33m;[39m[31m[91mmax-width[33m:[39m[31m[91m58.333333%[33m}[39m[31m[91m[33m.col-xl-8[39m[31m[91m[33m{[39m[31m[91m-ms-flex[33m:[39m[31m[91m0 0 66.666667%[33m;[39m[31m[91mflex[33m:[39m[31m[91m0 0 66.666667%[33m;[39m[31m[91mmax-width[33m:[39m[31m[91m66.666667%[33m}[39m[31m[91m[33m.col-xl-9[39m[31m[91m[33m{[39m[31m[91m-ms-flex[33m:[39m[31m[91m0 0 75%[33m;[39m[31m[91mflex[33m:[39m[31m[91m0 0 75%[33m;[39m[31m[91mmax-width[33m[39m[22m[1m[31m:[39m[31m[91m75%[33m}[39m[31m[91m[33m.col-xl-10[39m[31m[91m[33m{[39m[31m[91m-ms-flex[33m:[39m[31m[91m0 0 83.333333%[33m;[39m[31m[91mflex[33m:[39m[31m[91m0 0 83.333333%[33m;[39m[31m[91mmax-width[33m:[39m[31m[91m83.333333%[33m}[39m[31m[91m[33m.col-xl-11[39m[31m[91m[33m{[39m[31m[91m-ms-flex[33m:[39m[31m[91m0 0 91.666667%[33m;[39m[31m[91mflex[33m:[39m[31m[91m0 0 91.666667%[33m;[39m[31m[91mmax-width[33m:[39m[31m[91m91.666667%[33m}[39m[31m[91m[33m.col-xl-12[39m[31m[91m[33m{[39m[31m[91m-ms-flex[33m:[39m[31m[91m0 0 100%[33m;[39m[31m[91mflex[33m:[39m[31m[91m0 0 100%[33m;[39m[31m[91mmax-width[33m:[39m[31m[91m100%[33m}[39m[31m[91m[33m.order-xl-first[39m[31m[91m[33m{[39m[31m[91m-ms-flex-order[33m:[39m[31m[91m-1[33m;[39m[31m[91morder[33m:[39m[31m[91m-1[33m}[39m[31m[91m[33m.order-xl-last[39m[31m[91m[33m{[39m[31m[91m-ms-flex-order[33m:[39m[31m[91m13[33m;[39m[31m[91morder[33m:[39m[31m[91m13[33m}[39m[31m[91m[33m.order-xl-0[39m[31m[91m[33m{[39m[31m[91m-ms-flex-order[33m:[39m[31m[91m0[33m;[39m[31m[91morder[33m:[39m[31m[91m0[33m}[39m[31m[91m[33m.order-xl-1[39m[31m[91m[33m{[39m[31m[91m-ms-flex-order[33m:[39m[31m[91m1[33m;[39m[31m[91morder[33m:[39m[31m[91m1[33m}[39m[31m[91m[33m.order-xl-2[39m[31m[91m[33m{[39m[31m[91m-ms-flex-order[33m:[39m[31m[91m2[33m;[39m[31m[91morder[33m:[39m[31m[91m2[33m}[39m[31m[91m[33m.order-xl-3[39m[31m[91m[33m{[39m[31m[91m-ms-flex-order[33m:[39m[31m[91m3[33m;[39m[31m[91morder[33m:[39m[31m[91m3[33m}[39m[31m[91m[33m.order-xl-4[39m[31m[91m[33m{[39m[31m[91m-ms-flex-order[33m:[39m[31m[91m4[33m;[39m[31m[91morder[33m:[39m[31m[91m4[33m}[39m[31m[91m[33m.order-xl-5[39m[31m[91m[33m{[39m[31m[91m-ms-flex-order[33m:[39m[31m[91m5[33m;[39m[31m[91morder[33m:[39m[31m[91m5[33m}[39m[31m[91m[33m.order-xl-6[39m[31m[91m[33m{[39m[31m[91m-ms-flex-order[33m:[39m[31m[91m6[33m;[39m[31m[91morder[33m:[39m[31m[91m6[33m}[39m[31m[91m[33m.order-xl-7[39m[31m[91m[33m{[39m[31m[91m-ms-flex-order[33m:[39m[31m[91m7[33m;[39m[31m[91morder[33m:[39m[31m[91m7[33m}[39m[31m[91m[33m.order-xl-8[39m[31m[91m[33m{[39m[31m[91m-ms-flex-order[33m:[39m[31m[91m8[33m;[39m[31m[91morder[33m:[39m[31m[91m8[33m}[[39m[22m[1m[31m39m[91m[33m.order-xl-9[39m[31m[91m[33m{[39m[31m[91m-ms-flex-order[33m:[39m[31m[91m9[33m;[39m[31m[91morder[33m:[39m[31m[91m9[33m}[39m[31m[91m[33m.order-xl-10[39m[31m[91m[33m{[39m[31m[91m-ms-flex-order[33m:[39m[31m[91m10[33m;[39m[31m[91morder[33m:[39m[31m[91m10[33m}[39m[31m[91m[33m.order-xl-11[39m[31m[91m[33m{[39m[31m[91m-ms-flex-order[33m:[39m[31m[91m11[33m;[39m[31m[91morder[33m:[39m[31m[91m11[33m}[39m[31m[91m[33m.order-xl-12[39m[31m[91m[33m{[39m[31m[91m-ms-flex-order[33m:[39m[31m[91m12[33m;[39m[31m[91morder[33m:[39m[31m[91m12[33m}[39m[31m[91m[33m.offset-xl-0[39m[31m[91m[33m{[39m[31m[91mmargin-left[33m:[39m[31m[91m0[33m}[39m[31m[91m[33m.offset-xl-1[39m[31m[91m[33m{[39m[31m[91mmargin-left[33m:[39m[31m[91m8.333333%[33m}[39m[31m[91m[33m.offset-xl-2[39m[31m[91m[33m{[39m[31m[91mmargin-left[33m:[39m[31m[91m16.666667%[33m}[39m[31m[91m[33m.offset-xl-3[39m[31m[91m[33m{[39m[31m[91mmargin-left[33m:[39m[31m[91m25%[33m}[39m[31m[91m[33m.offset-xl-4[39m[31m[91m[33m{[39m[31m[91mmargin-left[33m:[39m[31m[91m33.333333%[33m}[39m[31m[91m[33m.offset-xl-5[39m[31m[91m[33m{[39m[31m[91mmargin-left[33m:[39m[31m[91m41.666667%[33m}[39m[31m[91m[33m.offset-xl-6[39m[31m[91m[33m{[39m[31m[91mmargin-left[33m:[39m[31m[91m50%[33m}[39m[31m[91m[33m.offset-xl-7[39m[31m[91m[33m{[39m[31m[91mmargin-left[33m:[39m[31m[91m58.333333%[33m}[39m[31m[91m[33m.offset-xl-8[39m[31m[91m[33m{[39m[31m[91mmargin-left[33m:[39m[31m[91m66.666667%[33m}[39m[31m[91m[33m.offset-xl-9[39m[31m[91m[33m{[39m[31m[91mmargin-left[33m:[39m[31m[91m75%[33m}[39m[31m[91m[33m.offset-xl-10[39m[31m[91m[33m{[39m[31m[91mmargin-left[33m:[39m[31m[91m83.333333%[33m}[39m[31m[91m[33m.offset-xl-11[39m[31m[91m[33m{[39m[31m[91mmargin-left[33m:[39m[31m[91m91.666667%[33m}[39m[31m[91m[33m}[39m[31m[91m[33m.table[39m[31m[91m[33m{[39m[31m[91mwidth[33m:[39m[31m[91m100%[33m;[39m[31m[91mmargin-bottom[33m:[39m[31m[91m14px 8px[33m;[39m[31m[91mcolor[33m:[39m[31m[91m[35m#bbb[39m[31m[91m[33m}[39m[31m[91m[33m.table[39m[31m[91m td,.table th[33m{[39m[31m[91mpadding[33m:[39m[31m[91m0[33m;[39m[31m[91mvertical-align[33m:[39m[31m[91mtop[33m}[39m[31m[91m[33m.tabl[39m[22m[1m[31me[39m[31m[91m thead th[33m{[39m[31m[91mvertical-align[33m:[39m[31m[91mbottom[33m}[39m[31m[91m[33m.table-sm[39m[31m[91m td,.table-sm th[33m{[39m[31m[91mpadding[33m:[39m[31m[91m0[33m}[39m[31m[91m[33m.table-bordered[39m[31m[91m[33m{[39m[31m[91mborder[33m:[39m[31m[91m0 solid [35m#555[39m[31m[91m[33m}[39m[31m[91m[33m.table-bordered[39m[31m[91m thead td,.table-bordered thead th[33m{[39m[31m[91mborder-bottom-width[33m:[39m[31m[91m0[33m}[39m[31m[91m[33m.table-borderless[39m[31m[91m tbody+tbody,.table-borderless td,.table-borderless th,.table-borderless thead th[33m{[39m[31m[91mborder[33m:[39m[31m[91m0[33m}[39m[31m[91m[33m.table-striped[39m[31m[91m tbody tr[33m:[39m[31m[91m[36mnth-of-type[39m[31m[91m[36m(odd)[39m[31m[91m[33m{[39m[31m[91mbackground-color[33m:[39m[31m[91m[35m#000[39m[31m[91m[33m}[39m[31m[91m[33m.table-hover[39m[31m[91m td[33m:[39m[31m[91mhover,.table-hover th[33m:[39m[31m[91mhover[33m{[39m[31m[91mcolor[33m:[39m[31m[91m[35m#000[39m[31m[91m[33m;[39m[31m[91mbackground[33m:[39m[31m[91m[35m#bbb[39m[31m[91m[33m}[39m[31m[91m[33m.table-primary,.table-primary>td,.table-primary>th[39m[31m[91m[33m{[39m[31m[91mbackground-color[33m:[39m[31m[91m[35m#555[39m[31m[91m[33m}[39m[31m[91m[33m.table-secondary,.table-secondary>td,.table-secondary>th[39m[31m[91m[33m{[39m[31m[91mbackground-color[33m:[39m[31m[91m[35m#555[39m[31m[91m[33m}[39m[31m[91m[33m.table-success,.table-success>td,.table-success>th[39m[31m[91m[33m{[39m[31m[91mbackground-color[33m:[39m[31m[91m[35m#0a0[39m[31m[91m[33m}[39m[31m[91m[33m.table-info,.table-info>td,.table-info>th[39m[31m[91m[33m{[39m[31m[91mbackground-color[33m:[39m[31m[91m[35m#0aa[39m[31m[91m[33m}[39m[31m[91m[33m.table-warning,.table-warning>td,.table-warning>th[39m[31m[91m[33m{[39m[31m[91mbackground-color[33m:[39m[31m[91m[35m#a50[39m[31m[91m[33m}[39m[31m[91m[33m.table-danger,.table-danger>td,.table-danger>th[39m[31m[91m[33m{[39m[31m[91mbackground-color[33m:[39m[31m[91m[35m#a00[39m[31m[91m[33m}[39m[31m[91m[33m.table-dark,.table-dark>td,.table-dark>th[39m[31m[91m[33m{[39m[31m[91mbackground-color[33m:[39m[31m[91m[35m#000[39m[31m[39m[22m[1m[31m[91m[33m}[39m[31m[91m[33m.table-active,.table-active>td,.table-active>th[39m[31m[91m[33m{[39m[31m[91mbackground-color[33m:[39m[31m[91m[35m#000[39m[31m[91m[33m}[39m[31m[91m[33m.table[39m[31m[91m [33m.thead-dark[39m[31m[91m th[33m{[39m[31m[91mcolor[33m:[39m[31m[91m[35m#fff[39m[31m[91m[33m;[39m[31m[91mbackground-color[33m:[39m[31m[91m[35m#bbb[39m[31m[91m[33m;[39m[31m[91mborder-color[33m:[39m[31m[91m[35m#000[39m[31m[91m[33m}[39m[31m[91m[33m.table[39m[31m[91m [33m.thead-light[39m[31m[91m th[33m{[39m[31m[91mcolor[33m:[39m[31m[91m[35m#bbb[39m[31m[91m[33m;[39m[31m[91mbackground-color[33m:[39m[31m[91m[35m#555[39m[31m[91m[33m;[39m[31m[91mborder-color[33m:[39m[31m[91m[35m#555[39m[31m[91m[33m}[39m[31m[91m[33m.table-dark[39m[31m[91m[33m{[39m[31m[91mcolor[33m:[39m[31m[91m[35m#fff[39m[31m[91m[33m;[39m[31m[91mbackground-color[33m:[39m[31m[91m[35m#bbb[39m[31m[91m[33m}[39m[31m[91m[33m.table-dark[39m[31m[91m td,.table-dark th,.table-dark thead th[33m{[39m[31m[91mborder-color[33m:[39m[31m[91m[35m#000[39m[31m[91m[33m}[39m[31m[91m[33m.table-dark.table-bordered[39m[31m[91m[33m{[39m[31m[91mborder[33m:[39m[31m[91m0[33m}[39m[31m[91m[33m.table-dark.table-striped[39m[31m[91m tbody tr[33m:[39m[31m[91m[36mnth-of-type[39m[31m[91m[36m(odd)[39m[31m[91m[33m{[39m[31m[91mbackground-color[33m:[39m[31m[91m[35m#000[39m[31m[91m[33m}[39m[31m[91m[33m.table-dark.table-hover[39m[31m[91m tbody tr[33m:[39m[31m[91mhover[33m{[39m[31m[91mcolor[33m:[39m[31m[91m[35m#fff[39m[31m[91m[33m}[39m[31m[91m[36m@media[39m[31m[91m[36m [39m[31m[91m[36m(max-width:575.98px)[39m[31m[91m[33m{[39m[31m[91m[33m.table-responsive-sm[39m[31m[91m[33m{[39m[31m[91mdisplay[33m:[39m[31m[91mblock[33m;[39m[31m[91mwidth[33m:[39m[31m[91m100%[33m;[39m[31m[91moverflow-x[33m:[39m[31m[91mauto[33m;[39m[31m[91m-webkit-overflow-scrolling[33m:[39m[31m[91mtouch[33m}[39m[31m[91m[33m.table-responsive-sm>.table-bordered[39m[31m[91m[33m{[39m[31m[91mborder[33m:[39m[31m[91m0[33m}[39m[31m[91m[33m}[39m[31m[91m[36m@media[39m[31m[91m[36m [39m[31m[91m[36m(max-width:767.98px)[39m[31m[91m[33m{[39m[31m[91m[33m.table-responsive-md[39m[31m[91m[33m{[39m[31m[39m[22m[1m[31m[91mdisplay[33m:[39m[31m[91mblock[33m;[39m[31m[91mwidth[33m:[39m[31m[91m100%[33m;[39m[31m[91moverflow-x[33m:[39m[31m[91mauto[33m;[39m[31m[91m-webkit-overflow-scrolling[33m:[39m[31m[91mtouch[33m}[39m[31m[91m[33m.table-responsive-md>.table-bordered[39m[31m[91m[33m{[39m[31m[91mborder[33m:[39m[31m[91m0[33m}[39m[31m[91m[33m}[39m[31m[91m[36m@media[39m[31m[91m[36m [39m[31m[91m[36m(max-width:959.98px)[39m[31m[91m[33m{[39m[31m[91m[33m.table-responsive-lg[39m[31m[91m[33m{[39m[31m[91mdisplay[33m:[39m[31m[91mblock[33m;[39m[31m[91mwidth[33m:[39m[31m[91m100%[33m;[39m[31m[91moverflow-x[33m:[39m[31m[91mauto[33m;[39m[31m[91m-webkit-overflow-scrolling[33m:[39m[31m[91mtouch[33m}[39m[31m[91m[33m.table-responsive-lg>.table-bordered[39m[31m[91m[33m{[39m[31m[91mborder[33m:[39m[31m[91m0[33m}[39m[31m[91m[33m}[39m[31m[91m[36m@media[39m[31m[91m[36m [39m[31m[91m[36m(max-width:1151.98px)[39m[31m[91m[33m{[39m[31m[91m[33m.table-responsive-xl[39m[31m[91m[33m{[39m[31m[91mdisplay[33m:[39m[31m[91mblock[33m;[39m[31m[91mwidth[33m:[39m[31m[91m100%[33m;[39m[31m[91moverflow-x[33m:[39m[31m[91mauto[33m;[39m[31m[91m-webkit-overflow-scrolling[33m:[39m[31m[91mtouch[33m}[39m[31m[91m[33m.table-responsive-xl>.table-bordered[39m[31m[91m[33m{[39m[31m[91mborder[33m:[39m[31m[91m0[33m}[39m[31m[91m[33m}[39m[31m[91m[33m.table-responsive[39m[31m[91m[33m{[39m[31m[91mdisplay[33m:[39m[31m[91mblock[33m;[39m[31m[91mwidth[33m:[39m[31m[91m100%[33m;[39m[31m[91moverflow-x[33m:[39m[31m[91mauto[33m;[39m[31m[91m-webkit-overflow-scrolling[33m:[39m[31m[91mtouch[33m}[39m[31m[91m[33m.table-responsive>.table-bordered[39m[31m[91m[33m{[39m[31m[91mborder[33m:[39m[31m[91m0[33m}[39m[31m[91m[33m.form-control[39m[31m[91m[33m{[39m[31m[91mdisplay[33m:[39m[31m[91mblock[33m;[39m[31m[91mwidth[33m:[39m[31m[91m100%[33m;[39m[31m[91mheight[33m:[39m[31m[91m14px[33m;[39m[31m[91mpadding[33m:[39m[31m[91m0 0[33m;[39m[31m[91mfont-size[33m:[39m[31m[91m16px[33m;[39m[31m[91mfont-weight[33m:[39m[31m[91m400[33m;[39m[31m[91mline-height[33m:[39m[31m[91m14px[33m;[39m[31m[91mcolor[33m:[39m[31m[91m[35m#fff[39m[31m[91m[33m;[39m[31m[91mbackground-color[39m[22m[1m[31m[33m:[39m[31m[91m[35m#000084[39m[31m[91m[33m;[39m[31m[91mbackground-clip[33m:[39m[31m[91mpadding-box[33m;[39m[31m[91mborder[33m:[39m[31m[91m0 solid [35m#555[39m[31m[91m[33m}[39m[31m[91m[33m.form-control[39m[31m[91m[33m:[39m[31m[91m[33m:[39m[31m[91m-ms-expand[33m{[39m[31m[91mbackground-color[33m:[39m[31m[91mtransparent[33m;[39m[31m[91mborder[33m:[39m[31m[91m0[33m}[39m[31m[91m[33m.form-control[39m[31m[91m[33m:[39m[31m[91m-moz-focusring[33m{[39m[31m[91mcolor[33m:[39m[31m[91mtransparent[33m;[39m[31m[91mtext-shadow[33m:[39m[31m[91m0 0 0 [35m#fff[39m[31m[91m[33m}[39m[31m[91m[33m.form-control[39m[31m[91m[33m:[39m[31m[91mfocus[33m{[39m[31m[91moutline[33m:[39m[31m[91m0[33m}[39m[31m[91m[33m.form-control[39m[31m[91m[33m:[39m[31m[91m[33m:[39m[31m[91m-webkit-input-placeholder[33m{[39m[31m[91mcolor[33m:[39m[31m[91m[35m#bbb[39m[31m[91m[33m;[39m[31m[91mopacity[33m:[39m[31m[91m1[33m}[39m[31m[91m[33m.form-control[39m[31m[91m[33m:[39m[31m[91m[33m:[39m[31m[91m-moz-placeholder[33m{[39m[31m[91mcolor[33m:[39m[31m[91m[35m#bbb[39m[31m[91m[33m;[39m[31m[91mopacity[33m:[39m[31m[91m1[33m}[39m[31m[91m[33m.form-control[39m[31m[91m[33m:[39m[31m[91m-ms-input-placeholder[33m{[39m[31m[91mcolor[33m:[39m[31m[91m[35m#bbb[39m[31m[91m[33m;[39m[31m[91mopacity[33m:[39m[31m[91m1[33m}[39m[31m[91m[33m.form-control[39m[31m[91m[33m:[39m[31m[91m[33m:[39m[31m[91m-ms-input-placeholder[33m{[39m[31m[91mcolor[33m:[39m[31m[91m[35m#bbb[39m[31m[91m[33m;[39m[31m[91mopacity[33m:[39m[31m[91m1[33m}[39m[31m[91m[33m.form-control[39m[31m[91m[33m:[39m[31m[91m[33m:[39m[31m[91mplaceholder[33m{[39m[31m[91mcolor[33m:[39m[31m[91m[35m#bbb[39m[31m[91m[33m;[39m[31m[91mopacity[33m:[39m[31m[91m1[33m}[39m[31m[91m[33m.form-control[39m[31m[91m[33m:[39m[31m[91mdisabled,.form-control[33m[[39m[31m[91mreadonly[33m][39m[31m[91m[33m{[39m[31m[91mopacity[33m:[39m[31m[91m1[33m;[39m[31m[91mbackground[33m:[39m[31m[91m[36murl[39m[31m[91m[36m(../fonts/left-brace-grayLight.svg)[39m[31m[91m no-repeat left [36mbottom,url[39m[31m[91m[36m([39m[31m[91m[33m../fonts/right-brace-grayLight.svg[39m[31m[91m[36m)[39m[31m[91m no-repeat right bottom,[35[39m[22m[1m[31mm#555[39m[31m[91m[33m}[39m[31m[91mselect.form-control[33m{[39m[31m[91mbackground[33m:[39m[31m[91m[35m#bbb[39m[31m[91m[33m;[39m[31m[91mborder[33m:[39m[31m[91m[33m.875px[39m[31m[91m solid [35m#000[39m[31m[91m[33m;[39m[31m[91mmargin-top[33m:[39m[31m[91m7px[33m;[39m[31m[91mpadding-top[33m:[39m[31m[91m6.125px[33m;[39m[31m[91mpadding-bottom[33m:[39m[31m[91m7px[33m;[39m[31m[91mmargin-bottom[33m:[39m[31m[91m6.125px[33m;[39m[31m[91mborder-left-width[33m:[39m[31m[91m2px[33m;[39m[31m[91mborder-right-width[33m:[39m[31m[91m2px[33m;[39m[31m[91mmargin-left[33m:[39m[31m[91m3.5px[33m;[39m[31m[91mpadding-left[33m:[39m[31m[91m2.5px[33m;[39m[31m[91mpadding-right[33m:[39m[31m[91m3.5px[33m;[39m[31m[91mmargin-right[33m:[39m[31m[91m2.5px[33m;[39m[31m[91mbox-shadow[33m:[39m[31m[91m-3.5px -7px 0 0 [35m#bbb,2.5px[39m[31m[91m 6.125px 0 0 [35m#bbb,-3.5px[39m[31m[91m 6.125px 0 0 [35m#bbb,2.5px[39m[31m[91m -7px 0 0 [35m#bbb[39m[31m[91m[33m;[39m[31m[91mwidth[33m:[39m[31m[91m[36mcalc[39m[31m[91m[36m(100% - 6px)[39m[31m[91m[33m;[39m[31m[91mcolor[33m:[39m[31m[91m[35m#000[39m[31m[91m[33m;[39m[31m[91mheight[33m:[39m[31m[91m28px[33m}[39m[31m[91mselect.form-control[33m:[39m[31m[91mfocus[33m:[39m[31m[91m[33m:[39m[31m[91m-ms-value[33m{[39m[31m[91mcolor[33m:[39m[31m[91m[35m#000[39m[31m[91m[33m;[39m[31m[91mbackground[33m:[39m[31m[91m[35m#bbb[39m[31m[91m[33m}[39m[31m[91m[33m.form-control-file,.form-control-range[39m[31m[91m[33m{[39m[31m[91mdisplay[33m:[39m[31m[91mblock[33m;[39m[31m[91mwidth[33m:[39m[31m[91m100%[33m}[39m[31m[91m[33m.col-form-label[39m[31m[91m[33m{[39m[31m[91mpadding-top[33m:[39m[31m[91m0[33m;[39m[31m[91mpadding-bottom[33m:[39m[31m[91m0[33m;[39m[31m[91mmargin-bottom[33m:[39m[31m[91m0[33m;[39m[31m[91mfont-size[33m:[39m[31m[91m16px[33m;[39m[31m[91mline-height[33m:[39m[31m[91m14px[33m}[39m[31m[91m[33m.col-form-label-lg[39m[31m[91m[33m{[39m[31m[91mpadding-top[33m:[39m[31m[91m0[33m;[39m[31m[91mpadding-bottom[33m:[39m[31m[91m0[33m;[39m[31m[91mfont-size[33m:[39m[31m[91m16px[33m;[39m[31m[91mline-height[33m:[39m[31m[91m14px[33m}[39m[31m[91m[33m.col-form-label-sm[39m[31m[91m[33m{[39m[31m[[39m[22m[1m[31m91mpadding-top[33m:[39m[31m[91m0[33m;[39m[31m[91mpadding-bottom[33m:[39m[31m[91m0[33m;[39m[31m[91mfont-size[33m:[39m[31m[91m16px[33m;[39m[31m[91mline-height[33m:[39m[31m[91m14px[33m}[39m[31m[91m[33m.form-control-plaintext[39m[31m[91m[33m{[39m[31m[91mdisplay[33m:[39m[31m[91mblock[33m;[39m[31m[91mwidth[33m:[39m[31m[91m100%[33m;[39m[31m[91mpadding[33m:[39m[31m[91m0 8px[33m;[39m[31m[91mmargin-bottom[33m:[39m[31m[91m0[33m;[39m[31m[91mline-height[33m:[39m[31m[91m14px[33m;[39m[31m[91mcolor[33m:[39m[31m[91m[35m#bbb[39m[31m[91m[33m;[39m[31m[91mbackground-color[33m:[39m[31m[91mtransparent[33m;[39m[31m[91mborder[33m:[39m[31m[91m0[33m;[39m[31m[91mbackground[33m:[39m[31m[91m[36murl[39m[31m[91m[36m(../fonts/left-brace-grayLight.svg)[39m[31m[91m no-repeat left [36mbottom,url[39m[31m[91m[36m([39m[31m[91m[33m../fonts/right-brace-grayLight.svg[39m[31m[91m[36m)[39m[31m[91m no-repeat right bottom[33m}[39m[31m[91m[33m.form-control-sm[39m[31m[91m[33m{[39m[31m[91mheight[33m:[39m[31m[91m14px[33m;[39m[31m[91mpadding[33m:[39m[31m[91m0 0[33m;[39m[31m[91mfont-size[33m:[39m[31m[91m16px[33m;[39m[31m[91mline-height[33m:[39m[31m[91m14px[33m}[39m[31m[91m[33m.form-control-lg[39m[31m[91m[33m{[39m[31m[91mheight[33m:[39m[31m[91m14px[33m;[39m[31m[91mpadding[33m:[39m[31m[91m0 0[33m;[39m[31m[91mfont-size[33m:[39m[31m[91m16px[33m;[39m[31m[91mline-height[33m:[39m[31m[91m14px[33m}[39m[31m[91mselect.form-control[33m[[39m[31m[91mmultiple[33m][39m[31m[91m,select.form-control[33m[[39m[31m[91msize[33m][39m[31m[91m[33m{[39m[31m[91mheight[33m:[39m[31m[91mauto[33m}[39m[31m[91mtextarea.form-control[33m{[39m[31m[91mheight[33m:[39m[31m[91mauto[33m;[39m[31m[91mwidth[33m:[39m[31m[91m[36mcalc[39m[31m[91m[36m(100% - 6px)[39m[31m[91m[33m;[39m[31m[91mborder[33m:[39m[31m[91m[33m.875px[39m[31m[91m solid [35m#000[39m[31m[91m[33m;[39m[31m[91mmargin-top[33m:[39m[31m[91m7px[33m;[39m[31m[91mpadding-top[33m:[39m[31m[91m6.125px[33m;[39m[31m[91mpadding-bottom[33m:[39m[31m[91m7px[33m;[39m[31m[91mmargin-bottom[33m:[39m[31m[91m6.125px[33m;[39m[31m[91mborder-left-width[33m:[39m[31m[91m2px[33m;[39m[31m[91mborder-right-wi[39m[22m[1m[31mdth[33m:[39m[31m[91m2px[33m;[39m[31m[91mmargin-left[33m:[39m[31m[91m3.5px[33m;[39m[31m[91mpadding-left[33m:[39m[31m[91m2.5px[33m;[39m[31m[91mpadding-right[33m:[39m[31m[91m3.5px[33m;[39m[31m[91mmargin-right[33m:[39m[31m[91m2.5px[33m;[39m[31m[91mbox-shadow[33m:[39m[31m[91minset 0 -3.5px 0 3px [35m#bbb,inset[39m[31m[91m 0 3.5px 0 3px [35m#bbb,-3.5px[39m[31m[91m -7px 0 0 [35m#bbb,2.5px[39m[31m[91m 6.125px 0 0 [35m#bbb,-3.5px[39m[31m[91m 6.125px 0 0 [35m#bbb,2.5px[39m[31m[91m -7px 0 0 [35m#bbb[39m[31m[91m[33m}[39m[31m[91minput.form-control[33m{[39m[31m[91mbackground[33m:[39m[31m[91m[36murl[39m[31m[91m[36m(../fonts/left-brace-black.svg)[39m[31m[91m no-repeat left [36mbottom,url[39m[31m[91m[36m([39m[31m[91m[33m../fonts/right-brace-black.svg[39m[31m[91m[36m)[39m[31m[91m no-repeat right bottom,[35m#bbb[39m[31m[91m[33m;[39m[31m[91mcolor[33m:[39m[31m[91m[35m#000[39m[31m[91m[33m;[39m[31m[91mpadding[33m:[39m[31m[91m0 8px[33m}[39m[31m[91m[33m.form-group[39m[31m[91m[33m{[39m[31m[91mmargin-bottom[33m:[39m[31m[91m0[33m}[39m[31m[91m[33m.form-text[39m[31m[91m[33m{[39m[31m[91mdisplay[33m:[39m[31m[91mblock[33m;[39m[31m[91mmargin-top[33m:[39m[31m[91m0[33m}[39m[31m[91m[33m.form-row[39m[31m[91m[33m{[39m[31m[91mdisplay[33m:[39m[31m[91m-ms-flexbox[33m;[39m[31m[91mdisplay[33m:[39m[31m[91mflex[33m;[39m[31m[91m-ms-flex-wrap[33m:[39m[31m[91mwrap[33m;[39m[31m[91mflex-wrap[33m:[39m[31m[91mwrap[33m;[39m[31m[91mmargin-right[33m:[39m[31m[91m-5px[33m;[39m[31m[91mmargin-left[33m:[39m[31m[91m-5px[33m}[39m[31m[91m[33m.form-row>.col,.form-row>[39m[31m[91m[33m[[39m[31m[91mclass*=col-[33m][39m[31m[91m[33m{[39m[31m[91mpadding-right[33m:[39m[31m[91m5px[33m;[39m[31m[91mpadding-left[33m:[39m[31m[91m5px[33m}[39m[31m[91m[33m.form-check[39m[31m[91m[33m{[39m[31m[91mposition[33m:[39m[31m[91mrelative[33m;[39m[31m[91mdisplay[33m:[39m[31m[91mblock[33m;[39m[31m[91mpadding-left[33m:[39m[31m[91m16px[33m}[39m[31m[91m[33m.form-check-input[39m[31m[91m[33m{[39m[31m[91mposition[33m:[39m[31m[91mabsolute[33m;[39m[31m[91mmargin-top[33m:[39m[31m[91m2px[33m;[39m[31m[91mmargin-left[33m:[39m[31m[91m-16px[33m}[[39m[22m[1m[31m39m[91m[33m.form-check-input[39m[31m[91m[33m:[39m[31m[91mdisabled~.form-check-label,.form-check-input[33m[[39m[31m[91mdisabled[33m][39m[31m[91m~.form-check-label[33m{[39m[31m[91mcolor[33m:[39m[31m[91m[35m#555[39m[31m[91m[33m}[39m[31m[91m[33m.form-check-label[39m[31m[91m[33m{[39m[31m[91mmargin-bottom[33m:[39m[31m[91m0[33m}[39m[31m[91m[33m.form-check-inline[39m[31m[91m[33m{[39m[31m[91mdisplay[33m:[39m[31m[91m-ms-inline-flexbox[33m;[39m[31m[91mdisplay[33m:[39m[31m[91minline-flex[33m;[39m[31m[91m-ms-flex-align[33m:[39m[31m[91mcenter[33m;[39m[31m[91malign-items[33m:[39m[31m[91mcenter[33m;[39m[31m[91mpadding-left[33m:[39m[31m[91m0[33m;[39m[31m[91mmargin-right[33m:[39m[31m[91m0[33m}[39m[31m[91m[33m.form-check-inline[39m[31m[91m [33m.form-check-input[39m[31m[91m[33m{[39m[31m[91mposition[33m:[39m[31m[91mstatic[33m;[39m[31m[91mmargin-top[33m:[39m[31m[91m0[33m;[39m[31m[91mmargin-right[33m:[39m[31m[91m0[33m;[39m[31m[91mmargin-left[33m:[39m[31m[91m0[33m}[39m[31m[91m[33m.valid-feedback[39m[31m[91m[33m{[39m[31m[91mdisplay[33m:[39m[31m[91mnone[33m;[39m[31m[91mwidth[33m:[39m[31m[91m100%[33m;[39m[31m[91mmargin-top[33m:[39m[31m[91m0[33m;[39m[31m[91mfont-size[33m:[39m[31m[91m16px[33m;[39m[31m[91mcolor[33m:[39m[31m[91m[35m#0a0[39m[31m[91m[33m}[39m[31m[91m[33m.valid-tooltip[39m[31m[91m[33m{[39m[31m[91mposition[33m:[39m[31m[91mabsolute[33m;[39m[31m[91mtop[33m:[39m[31m[91m100%[33m;[39m[31m[91mz-index[33m:[39m[31m[91m5[33m;[39m[31m[91mdisplay[33m:[39m[31m[91mnone[33m;[39m[31m[91mmax-width[33m:[39m[31m[91m100%[33m;[39m[31m[91mpadding[33m:[39m[31m[91m0 8px[33m;[39m[31m[91mfont-size[33m:[39m[31m[91m16px[33m;[39m[31m[91mline-height[33m:[39m[31m[91m14px[33m;[39m[31m[91mcolor[33m:[39m[31m[91m[35m#fff[39m[31m[91m[33m;[39m[31m[91mbackground-color[33m:[39m[31m[91m[35m#bbb[39m[31m[91m[33m}[39m[31m[91m[33m.is-valid~.valid-feedback,.is-valid~.valid-tooltip,.was-validated[39m[31m[91m [33m:[39m[31m[91mvalid~.valid-feedback,.was-validated [33m:[39m[31m[91mvalid~.valid-tooltip[33m{[39m[31m[91mdisplay[33m:[39m[31m[91mblock[33m}[39m[31m[91m[33m.form-control.is-valid,.was-validated[39[39m[22m[1m[31mm[91m [33m.form-control[39m[31m[91m[33m:[39m[31m[91mvalid[33m{[39m[31m[91mborder-color[33m:[39m[31m[91m[35m#0a0[39m[31m[91m[33m}[39m[31m[91m[33m.form-control.is-valid[39m[31m[91m[33m:[39m[31m[91mfocus,.was-validated [33m.form-control[39m[31m[91m[33m:[39m[31m[91mvalid[33m:[39m[31m[91mfocus[33m{[39m[31m[91mborder-color[33m:[39m[31m[91m[35m#0a0[39m[31m[91m[33m;[39m[31m[91mbox-shadow[33m:[39m[31m[91m0[33m}[39m[31m[91m[33m.custom-select.is-valid,.was-validated[39m[31m[91m [33m.custom-select[39m[31m[91m[33m:[39m[31m[91mvalid[33m{[39m[31m[91mborder-color[33m:[39m[31m[91m[35m#0a0[39m[31m[91m[33m}[39m[31m[91m[33m.custom-select.is-valid[39m[31m[91m[33m:[39m[31m[91mfocus,.was-validated [33m.custom-select[39m[31m[91m[33m:[39m[31m[91mvalid[33m:[39m[31m[91mfocus[33m{[39m[31m[91mborder-color[33m:[39m[31m[91m[35m#0a0[39m[31m[91m[33m;[39m[31m[91mbox-shadow[33m:[39m[31m[91m0[33m}[39m[31m[91m[33m.form-check-input.is-valid~.form-check-label,.was-validated[39m[31m[91m [33m.form-check-input[39m[31m[91m[33m:[39m[31m[91mvalid~.form-check-label[33m{[39m[31m[91mcolor[33m:[39m[31m[91m[35m#0a0[39m[31m[91m[33m}[39m[31m[91m[33m.form-check-input.is-valid~.valid-feedback,.form-check-input.is-valid~.valid-tooltip,.was-validated[39m[31m[91m [33m.form-check-input[39m[31m[91m[33m:[39m[31m[91mvalid~.valid-feedback,.was-validated [33m.form-check-input[39m[31m[91m[33m:[39m[31m[91mvalid~.valid-tooltip[33m{[39m[31m[91mdisplay[33m:[39m[31m[91mblock[33m}[39m[31m[91m[33m.custom-control-input.is-valid~.custom-control-label,.was-validated[39m[31m[91m [33m.custom-control-input[39m[31m[91m[33m:[39m[31m[91mvalid~.custom-control-label[33m{[39m[31m[91mcolor[33m:[39m[31m[91m[35m#0a0[39m[31m[91m[33m}[39m[31m[91m[33m.custom-control-input.is-valid~.custom-control-label[39m[31m[91m[33m:[39m[31m[91m[33m:[39m[31m[91mbefore,.was-validated [33m.custom-control-input[39m[31m[91m[33m:[39m[31m[91mvalid~.custom-control-label[33m:[39m[31m[91m[33m:[39m[31m[91mbefore[33m{[39m[31m[91mborder-color[33m:[39m[31m[91m[35m#0a0[39m[31m[91m[33m}[39m[31m[91m[33m.custom-control-input.is-valid[39m[31m[91m[33m:[39m[22m[1m[31m[39m[31m[91mchecked~.custom-control-label[33m:[39m[31m[91m[33m:[39m[31m[91mbefore,.was-validated [33m.custom-control-input[39m[31m[91m[33m:[39m[31m[91mvalid[33m:[39m[31m[91mchecked~.custom-control-label[33m:[39m[31m[91m[33m:[39m[31m[91mbefore[33m{[39m[31m[91mborder-color[33m:[39m[31m[91m[35m#0d0[39m[31m[91m[33m}[39m[31m[91m[33m.custom-control-input.is-valid[39m[31m[91m[33m:[39m[31m[91mfocus~.custom-control-label[33m:[39m[31m[91m[33m:[39m[31m[91mbefore,.was-validated [33m.custom-control-input[39m[31m[91m[33m:[39m[31m[91mvalid[33m:[39m[31m[91mfocus~.custom-control-label[33m:[39m[31m[91m[33m:[39m[31m[91mbefore[33m{[39m[31m[91mbox-shadow[33m:[39m[31m[91m0[33m}[39m[31m[91m[33m.custom-control-input.is-valid[39m[31m[91m[33m:[39m[31m[91mfocus[33m:[39m[31m[91m[36mnot[39m[31m[91m[36m(:checked)[39m[31m[91m~.custom-control-label[33m:[39m[31m[91m[33m:[39m[31m[91mbefore,.was-validated [33m.custom-control-input[39m[31m[91m[33m:[39m[31m[91mvalid[33m:[39m[31m[91mfocus[33m:[39m[31m[91m[36mnot[39m[31m[91m[36m(:checked)[39m[31m[91m~.custom-control-label[33m:[39m[31m[91m[33m:[39m[31m[91mbefore[33m{[39m[31m[91mborder-color[33m:[39m[31m[91m[35m#0a0[39m[31m[91m[33m}[39m[31m[91m[33m.custom-file-input.is-valid~.custom-file-label,.was-validated[39m[31m[91m [33m.custom-file-input[39m[31m[91m[33m:[39m[31m[91mvalid~.custom-file-label[33m{[39m[31m[91mborder-color[33m:[39m[31m[91m[35m#0a0[39m[31m[91m[33m}[39m[31m[91m[33m.custom-file-input.is-valid[39m[31m[91m[33m:[39m[31m[91mfocus~.custom-file-label,.was-validated [33m.custom-file-input[39m[31m[91m[33m:[39m[31m[91mvalid[33m:[39m[31m[91mfocus~.custom-file-label[33m{[39m[31m[91mborder-color[33m:[39m[31m[91m[35m#0a0[39m[31m[91m[33m;[39m[31m[91mbox-shadow[33m:[39m[31m[91m0[33m}[39m[31m[91m[33m.invalid-feedback[39m[31m[91m[33m{[39m[31m[91mdisplay[33m:[39m[31m[91mnone[33m;[39m[31m[91mwidth[33m:[39m[31m[91m100%[33m;[39m[31m[91mmargin-top[33m:[39m[31m[91m0[33m;[39m[31m[91mfont-size[33m:[39m[31m[91m16px[33m;[39m[31m[91mcolor[33m:[39m[31m[91m[35m#f55[39m[31m[91m[33m}[39m[31m[91m[33m.invalid-tooltip[39m[31m[91m[33m{[39m[31m[91mpositi[39m[22m[1m[31mon[33m:[39m[31m[91mabsolute[33m;[39m[31m[91mtop[33m:[39m[31m[91m100%[33m;[39m[31m[91mz-index[33m:[39m[31m[91m5[33m;[39m[31m[91mdisplay[33m:[39m[31m[91mnone[33m;[39m[31m[91mmax-width[33m:[39m[31m[91m100%[33m;[39m[31m[91mpadding[33m:[39m[31m[91m0 8px[33m;[39m[31m[91mfont-size[33m:[39m[31m[91m16px[33m;[39m[31m[91mline-height[33m:[39m[31m[91m14px[33m;[39m[31m[91mcolor[33m:[39m[31m[91m[35m#fff[39m[31m[91m[33m;[39m[31m[91mbackground-color[33m:[39m[31m[91m[35m#bbb[39m[31m[91m[33m}[39m[31m[91m[33m.is-invalid~.invalid-feedback,.is-invalid~.invalid-tooltip,.was-validated[39m[31m[91m [33m:[39m[31m[91minvalid~.invalid-feedback,.was-validated [33m:[39m[31m[91minvalid~.invalid-tooltip[33m{[39m[31m[91mdisplay[33m:[39m[31m[91mblock[33m}[39m[31m[91m[33m.form-control.is-invalid,.was-validated[39m[31m[91m [33m.form-control[39m[31m[91m[33m:[39m[31m[91minvalid[33m{[39m[31m[91mborder-color[33m:[39m[31m[91m[35m#f55[39m[31m[91m[33m}[39m[31m[91m[33m.form-control.is-invalid[39m[31m[91m[33m:[39m[31m[91mfocus,.was-validated [33m.form-control[39m[31m[91m[33m:[39m[31m[91minvalid[33m:[39m[31m[91mfocus[33m{[39m[31m[91mborder-color[33m:[39m[31m[91m[35m#f55[39m[31m[91m[33m;[39m[31m[91mbox-shadow[33m:[39m[31m[91m0[33m}[39m[31m[91m[33m.custom-select.is-invalid,.was-validated[39m[31m[91m [33m.custom-select[39m[31m[91m[33m:[39m[31m[91minvalid[33m{[39m[31m[91mborder-color[33m:[39m[31m[91m[35m#f55[39m[31m[91m[33m}[39m[31m[91m[33m.custom-select.is-invalid[39m[31m[91m[33m:[39m[31m[91mfocus,.was-validated [33m.custom-select[39m[31m[91m[33m:[39m[31m[91minvalid[33m:[39m[31m[91mfocus[33m{[39m[31m[91mborder-color[33m:[39m[31m[91m[35m#f55[39m[31m[91m[33m;[39m[31m[91mbox-shadow[33m:[39m[31m[91m0[33m}[39m[31m[91m[33m.form-check-input.is-invalid~.form-check-label,.was-validated[39m[31m[91m [33m.form-check-input[39m[31m[91m[33m:[39m[31m[91minvalid~.form-check-label[33m{[39m[31m[91mcolor[33m:[39m[31m[91m[35m#f55[39m[31m[91m[33m}[39m[31m[91m[33m.form-check-input.is-invalid~.invalid-feedback,.form-check-input.is-invalid~.invalid-tooltip,.was-validated[39m[31m[91m [33m.form-check-input[39m[31m[39m[22m[1m[31m[91m[33m:[39m[31m[91minvalid~.invalid-feedback,.was-validated [33m.form-check-input[39m[31m[91m[33m:[39m[31m[91minvalid~.invalid-tooltip[33m{[39m[31m[91mdisplay[33m:[39m[31m[91mblock[33m}[39m[31m[91m[33m.custom-control-input.is-invalid~.custom-control-label,.was-validated[39m[31m[91m [33m.custom-control-input[39m[31m[91m[33m:[39m[31m[91minvalid~.custom-control-label[33m{[39m[31m[91mcolor[33m:[39m[31m[91m[35m#f55[39m[31m[91m[33m}[39m[31m[91m[33m.custom-control-input.is-invalid~.custom-control-label[39m[31m[91m[33m:[39m[31m[91m[33m:[39m[31m[91mbefore,.was-validated [33m.custom-control-input[39m[31m[91m[33m:[39m[31m[91minvalid~.custom-control-label[33m:[39m[31m[91m[33m:[39m[31m[91mbefore[33m{[39m[31m[91mborder-color[33m:[39m[31m[91m[35m#f55[39m[31m[91m[33m}[39m[31m[91m[33m.custom-control-input.is-invalid[39m[31m[91m[33m:[39m[31m[91mchecked~.custom-control-label[33m:[39m[31m[91m[33m:[39m[31m[91mbefore,.was-validated [33m.custom-control-input[39m[31m[91m[33m:[39m[31m[91minvalid[33m:[39m[31m[91mchecked~.custom-control-label[33m:[39m[31m[91m[33m:[39m[31m[91mbefore[33m{[39m[31m[91mborder-color[33m:[39m[31m[91m[35m#f88[39m[31m[91m[33m}[39m[31m[91m[33m.custom-control-input.is-invalid[39m[31m[91m[33m:[39m[31m[91mfocus~.custom-control-label[33m:[39m[31m[91m[33m:[39m[31m[91mbefore,.was-validated [33m.custom-control-input[39m[31m[91m[33m:[39m[31m[91minvalid[33m:[39m[31m[91mfocus~.custom-control-label[33m:[39m[31m[91m[33m:[39m[31m[91mbefore[33m{[39m[31m[91mbox-shadow[33m:[39m[31m[91m0[33m}[39m[31m[91m[33m.custom-control-input.is-invalid[39m[31m[91m[33m:[39m[31m[91mfocus[33m:[39m[31m[91m[36mnot[39m[31m[91m[36m(:checked)[39m[31m[91m~.custom-control-label[33m:[39m[31m[91m[33m:[39m[31m[91mbefore,.was-validated [33m.custom-control-input[39m[31m[91m[33m:[39m[31m[91minvalid[33m:[39m[31m[91mfocus[33m:[39m[31m[91m[36mnot[39m[31m[91m[36m(:checked)[39m[31m[91m~.custom-control-label[33m:[39m[31m[91m[33m:[39m[31m[91mbefore[33m{[39m[31m[91mborder-color[33m:[39m[31m[91m[35m#f55[39m[31m[91m[33m}[39m[31m[91m[33m.custom-file-input.is-invalid~.custom-file-label,.w[39m[22m[1m[31mas-validated[39m[31m[91m [33m.custom-file-input[39m[31m[91m[33m:[39m[31m[91minvalid~.custom-file-label[33m{[39m[31m[91mborder-color[33m:[39m[31m[91m[35m#f55[39m[31m[91m[33m}[39m[31m[91m[33m.custom-file-input.is-invalid[39m[31m[91m[33m:[39m[31m[91mfocus~.custom-file-label,.was-validated [33m.custom-file-input[39m[31m[91m[33m:[39m[31m[91minvalid[33m:[39m[31m[91mfocus~.custom-file-label[33m{[39m[31m[91mborder-color[33m:[39m[31m[91m[35m#f55[39m[31m[91m[33m;[39m[31m[91mbox-shadow[33m:[39m[31m[91m0[33m}[39m[31m[91m[33m.form-inline[39m[31m[91m[33m{[39m[31m[91mdisplay[33m:[39m[31m[91m-ms-flexbox[33m;[39m[31m[91mdisplay[33m:[39m[31m[91mflex[33m;[39m[31m[91m-ms-flex-flow[33m:[39m[31m[91mrow wrap[33m;[39m[31m[91mflex-flow[33m:[39m[31m[91mrow wrap[33m;[39m[31m[91m-ms-flex-align[33m:[39m[31m[91mcenter[33m;[39m[31m[91malign-items[33m:[39m[31m[91mcenter[33m}[39m[31m[91m[33m.form-inline[39m[31m[91m [33m.form-check[39m[31m[91m[33m{[39m[31m[91mwidth[33m:[39m[31m[91m100%[33m}[39m[31m[91m[36m@media[39m[31m[91m[36m [39m[31m[91m[36m(min-width:576px)[39m[31m[91m[33m{[39m[31m[91m[33m.form-inline[39m[31m[91m label[33m{[39m[31m[91mdisplay[33m:[39m[31m[91m-ms-flexbox[33m;[39m[31m[91mdisplay[33m:[39m[31m[91mflex[33m;[39m[31m[91m-ms-flex-align[33m:[39m[31m[91mcenter[33m;[39m[31m[91malign-items[33m:[39m[31m[91mcenter[33m;[39m[31m[91m-ms-flex-pack[33m:[39m[31m[91mcenter[33m;[39m[31m[91mjustify-content[33m:[39m[31m[91mcenter[33m;[39m[31m[91mmargin-bottom[33m:[39m[31m[91m0[33m}[39m[31m[91m[33m.form-inline[39m[31m[91m [33m.form-group[39m[31m[91m[33m{[39m[31m[91mdisplay[33m:[39m[31m[91m-ms-flexbox[33m;[39m[31m[91mdisplay[33m:[39m[31m[91mflex[33m;[39m[31m[91m-ms-flex[33m:[39m[31m[91m0 0 auto[33m;[39m[31m[91mflex[33m:[39m[31m[91m0 0 auto[33m;[39m[31m[91m-ms-flex-flow[33m:[39m[31m[91mrow wrap[33m;[39m[31m[91mflex-flow[33m:[39m[31m[91mrow wrap[33m;[39m[31m[91m-ms-flex-align[33m:[39m[31m[91mcenter[33m;[39m[31m[91malign-items[33m:[39m[31m[91mcenter[33m;[39m[31m[91mmargin-bottom[33m:[39m[31m[91m0[33m}[39m[31m[91m[33m.form-inline[39m[31m[91m [33m.form-control[39m[31m[91m[33m{[39m[31m[91md[39m[22m[1m[31misplay[33m:[39m[31m[91minline-block[33m;[39m[31m[91mwidth[33m:[39m[31m[91mauto[33m;[39m[31m[91mvertical-align[33m:[39m[31m[91mmiddle[33m}[39m[31m[91m[33m.form-inline[39m[31m[91m [33m.form-control-plaintext[39m[31m[91m[33m{[39m[31m[91mdisplay[33m:[39m[31m[91minline-block[33m}[39m[31m[91m[33m.form-inline[39m[31m[91m [33m.custom-select,.form-inline[39m[31m[91m [33m.input-group[39m[31m[91m[33m{[39m[31m[91mwidth[33m:[39m[31m[91mauto[33m}[39m[31m[91m[33m.form-inline[39m[31m[91m [33m.form-check[39m[31m[91m[33m{[39m[31m[91mdisplay[33m:[39m[31m[91m-ms-flexbox[33m;[39m[31m[91mdisplay[33m:[39m[31m[91mflex[33m;[39m[31m[91m-ms-flex-align[33m:[39m[31m[91mcenter[33m;[39m[31m[91malign-items[33m:[39m[31m[91mcenter[33m;[39m[31m[91m-ms-flex-pack[33m:[39m[31m[91mcenter[33m;[39m[31m[91mjustify-content[33m:[39m[31m[91mcenter[33m;[39m[31m[91mwidth[33m:[39m[31m[91mauto[33m;[39m[31m[91mpadding-left[33m:[39m[31m[91m0[33m}[39m[31m[91m[33m.form-inline[39m[31m[91m [33m.form-check-input[39m[31m[91m[33m{[39m[31m[91mposition[33m:[39m[31m[91mrelative[33m;[39m[31m[91m-ms-flex-negative[33m:[39m[31m[91m0[33m;[39m[31m[91mflex-shrink[33m:[39m[31m[91m0[33m;[39m[31m[91mmargin-top[33m:[39m[31m[91m0[33m;[39m[31m[91mmargin-right[33m:[39m[31m[91m0[33m;[39m[31m[91mmargin-left[33m:[39m[31m[91m0[33m}[39m[31m[91m[33m.form-inline[39m[31m[91m [33m.custom-control[39m[31m[91m[33m{[39m[31m[91m-ms-flex-align[33m:[39m[31m[91mcenter[33m;[39m[31m[91malign-items[33m:[39m[31m[91mcenter[33m;[39m[31m[91m-ms-flex-pack[33m:[39m[31m[91mcenter[33m;[39m[31m[91mjustify-content[33m:[39m[31m[91mcenter[33m}[39m[31m[91m[33m.form-inline[39m[31m[91m [33m.custom-control-label[39m[31m[91m[33m{[39m[31m[91mmargin-bottom[33m:[39m[31m[91m0[33m}[39m[31m[91m[33m}[39m[31m[91m[33m.btn[39m[31m[91m[33m{[39m[31m[91mdisplay[33m:[39m[31m[91minline-block[33m;[39m[31m[91mcolor[33m:[39m[31m[91m[35m#000[39m[31m[91m[33m;[39m[31m[91mtext-align[33m:[39m[31m[91mleft[33m;[39m[31m[91mcursor[33m:[39m[31m[91mpointer[33m;[39m[31m[91m-webkit-user-select[33m:[39m[31m[91mnone[33m;[39m[31m[91m-moz-user-select[33m:[39m[31m[91mnone[33m;[39m[31m[91m-ms-[39m[22m[1m[31muser-select[33m:[39m[31m[91mnone[33m;[39m[31m[91muser-select[33m:[39m[31m[91mnone[33m;[39m[31m[91mbackground-color[33m:[39m[31m[91m[35m#bbb[39m[31m[91m[33m;[39m[31m[91mborder[33m:[39m[31m[91mnone[33m;[39m[31m[91mpadding[33m:[39m[31m[91m0 16px[33m}[39m[31m[91m[33m.btn.focus,.btn[39m[31m[91m[33m:[39m[31m[91mfocus[33m{[39m[31m[91moutline[33m:[39m[31m[91m0[33m}[39m[31m[91ma.btn.disabled,fieldset[33m:[39m[31m[91mdisabled a.btn[33m{[39m[31m[91mpointer-events[33m:[39m[31m[91mnone[33m}[39m[31m[91m[33m.bs-component>.btn-primary[39m[31m[91m[33m:[39m[31m[91m[36mnot[39m[31m[91m[36m(.disabled)[39m[31m[91m[33m:[39m[31m[91m[36mnot[39m[31m[91m[36m(.btn-sm)[39m[31m[91m[33m:[39m[31m[91m[36mnot[39m[31m[91m[36m(.btn-lg)[39m[31m[91m[33m:[39m[31m[91mhover[33m{[39m[31m[91mpadding-left[33m:[39m[31m[91m0[33m;[39m[31m[91mpadding-right[33m:[39m[31m[91m0[33m}[39m[31m[91m[33m.bs-component>.btn-primary[39m[31m[91m[33m:[39m[31m[91m[36mnot[39m[31m[91m[36m(.disabled)[39m[31m[91m[33m:[39m[31m[91m[36mnot[39m[31m[91m[36m(.btn-sm)[39m[31m[91m[33m:[39m[31m[91m[36mnot[39m[31m[91m[36m(.btn-lg)[39m[31m[91m[33m:[39m[31m[91mhover[33m:[39m[31m[91mbefore[33m{[39m[31m[91mcontent[33m:[39m[31m[91m[32m'\25ba\20'[39m[31m[91m[33m}[39m[31m[91m[33m.bs-component>.btn-primary[39m[31m[91m[33m:[39m[31m[91m[36mnot[39m[31m[91m[36m(.disabled)[39m[31m[91m[33m:[39m[31m[91m[36mnot[39m[31m[91m[36m(.btn-sm)[39m[31m[91m[33m:[39m[31m[91m[36mnot[39m[31m[91m[36m(.btn-lg)[39m[31m[91m[33m:[39m[31m[91mhover[33m:[39m[31m[91mafter[33m{[39m[31m[91mcontent[33m:[39m[31m[91m[32m' \25c4'[39m[31m[91m[33m}[39m[31m[91m[33m.btn-primary[39m[31m[91m[33m{[39m[31m[91mcolor[33m:[39m[31m[91m[35m#000[39m[31m[91m[33m;[39m[31m[91mborder-color[33m:[39m[31m[91m[35m#000[39m[31m[91m[33m;[39m[31m[91mbackground-color[33m:[39m[31m[91m[35m#bbb[39m[31m[91m[33m}[39m[31m[91m[33m.btn-primary[39m[31m[91m[33m:[39m[31m[91mhover[33m:[39m[31m[91mafter,.btn-primary[33m:[39m[31m[91mhover[33m:[39m[31m[91mbefore[33m{[39m[31m[91mcolor[33m:[39m[31m[91m[35m#fff[39m[31m[91m[33m}[39m[31m[91m[33m.btn-primary[39m[31m[91m[33m:[39m[31m[91mhover[33m{[39m[31m[91mcolor[33m:[3[39m[22m[1m[31m9m[91m[35m#fff[39m[31m[91m[33m;[39m[31m[91mborder-color[33m:[39m[31m[91m[35m#fff[39m[31m[91m[33m}[39m[31m[91m[33m.btn-primary.focus,.btn-primary[39m[31m[91m[33m:[39m[31m[91mfocus[33m{[39m[31m[91mborder-color[33m:[39m[31m[91m[35m#fff[39m[31m[91m[33m}[39m[31m[91m[33m.btn-primary.disabled,.btn-primary[39m[31m[91m[33m:[39m[31m[91mdisabled[33m{[39m[31m[91mcolor[33m:[39m[31m[91m[35m#555[39m[31m[91m[33m;[39m[31m[91mbackground-color[33m:[39m[31m[91m[35m#bbb[39m[31m[91m[33m;[39m[31m[91mborder-color[33m:[39m[31m[91m[35m#bbb[39m[31m[91m[33m}[39m[31m[91m[33m.btn-primary[39m[31m[91m[33m:[39m[31m[91m[36mnot[39m[31m[91m[36m(:disabled)[39m[31m[91m[33m:[39m[31m[91m[36mnot[39m[31m[91m[36m(.disabled)[39m[31m[91m[33m.active,.btn-primary[39m[31m[91m[33m:[39m[31m[91m[36mnot[39m[31m[91m[36m(:disabled)[39m[31m[91m[33m:[39m[31m[91m[36mnot[39m[31m[91m[36m(.disabled)[39m[31m[91m[33m:[39m[31m[91mactive,.show>.btn-primary.dropdown-toggle[33m{[39m[31m[91mcolor[33m:[39m[31m[91m[35m#bbb[39m[31m[91m[33m;[39m[31m[91mbackground-color[33m:[39m[31m[91m[35m#000[39m[31m[91m[33m}[39m[31m[91m[33m.btn-group-lg>.btn-primary.btn,.btn-primary.btn-lg[39m[31m[91m[33m{[39m[31m[91mbackground-color[33m:[39m[31m[91m[35m#bbb[39m[31m[91m[33m;[39m[31m[91mborder[33m:[39m[31m[91m[33m.875px[39m[31m[91m solid [35m#000[39m[31m[91m[33m;[39m[31m[91mmargin-top[33m:[39m[31m[91m7px[33m;[39m[31m[91mpadding-top[33m:[39m[31m[91m6.125px[33m;[39m[31m[91mpadding-bottom[33m:[39m[31m[91m7px[33m;[39m[31m[91mmargin-bottom[33m:[39m[31m[91m6.125px[33m;[39m[31m[91mborder-left-width[33m:[39m[31m[91m2px[33m;[39m[31m[91mborder-right-width[33m:[39m[31m[91m2px[33m;[39m[31m[91mmargin-left[33m:[39m[31m[91m3.5px[33m;[39m[31m[91mpadding-left[33m:[39m[31m[91m10.5px[33m;[39m[31m[91mpadding-right[33m:[39m[31m[91m11.5px[33m;[39m[31m[91mmargin-right[33m:[39m[31m[91m2.5px[33m;[39m[31m[91mbox-shadow[33m:[39m[31m[91m-3.5px -7px 0 0 [35m#bbb,2.5px[39m[31m[91m 6.125px 0 0 [35m#bbb,-3.5px[39m[31m[91m 6.125px 0 0 [35m#bbb,2.5px[39m[31m[91m -7px 0 0 [35m#bbb[39m[31m[91m[33m;[39m[31m[91m-webkit-filter[33m:[39m[31m[91m[36mdrop-shadow[39m[31m[91[39m[22m[1m[31mm[36m(7px 8px 0 #000)[39m[31m[91m[33m;[39m[31m[91mfilter[33m:[39m[31m[91m[36mdrop-shadow[39m[31m[91m[36m(7px 8px 0 #000)[39m[31m[91m[33m;[39m[31m[91mmargin-right[33m:[39m[31m[91m10.5px[33m;[39m[31m[91mmargin-bottom[33m:[39m[31m[91m20px[33m}[39m[31m[91m[33m.btn-group-lg>.btn-primary.btn[39m[31m[91m[33m:[39m[31m[91mhover,.btn-primary.btn-lg[33m:[39m[31m[91mhover[33m{[39m[31m[91mbox-shadow[33m:[39m[31m[91m-3.5px -7px 0 0 [35m#555,2.5px[39m[31m[91m 6.125px 0 0 [35m#555,-3.5px[39m[31m[91m 6.125px 0 0 [35m#555,2.5px[39m[31m[91m -7px 0 0 [35m#555[39m[31m[91m[33m;[39m[31m[91mcolor[33m:[39m[31m[91m[35m#fff[39m[31m[91m[33m;[39m[31m[91mborder-color[33m:[39m[31m[91m[35m#fff[39m[31m[91m[33m;[39m[31m[91mbackground-color[33m:[39m[31m[91m[35m#555[39m[31m[91m[33m}[39m[31m[91m[33m.btn-group-lg.show>.btn-primary.dropdown-toggle.btn,.btn-group-lg>.btn-primary.btn[39m[31m[91m[33m:[39m[31m[91m[36mnot[39m[31m[91m[36m(:disabled)[39m[31m[91m[33m:[39m[31m[91m[36mnot[39m[31m[91m[36m(.disabled)[39m[31m[91m[33m.active,.btn-group-lg>.btn-primary.btn[39m[31m[91m[33m:[39m[31m[91m[36mnot[39m[31m[91m[36m(:disabled)[39m[31m[91m[33m:[39m[31m[91m[36mnot[39m[31m[91m[36m(.disabled)[39m[31m[91m[33m:[39m[31m[91mactive,.btn-primary.btn-lg[33m:[39m[31m[91m[36mnot[39m[31m[91m[36m(:disabled)[39m[31m[91m[33m:[39m[31m[91m[36mnot[39m[31m[91m[36m(.disabled)[39m[31m[91m[33m.active,.btn-primary.btn-lg[39m[31m[91m[33m:[39m[31m[91m[36mnot[39m[31m[91m[36m(:disabled)[39m[31m[91m[33m:[39m[31m[91m[36mnot[39m[31m[91m[36m(.disabled)[39m[31m[91m[33m:[39m[31m[91mactive,.show>.btn-primary.btn-lg.dropdown-toggle[33m{[39m[31m[91mbox-shadow[33m:[39m[31m[91m-3.5px -7px 0 0 [35m#555,2.5px[39m[31m[91m 6.125px 0 0 [35m#555,-3.5px[39m[31m[91m 6.125px 0 0 [35m#555,2.5px[39m[31m[91m -7px 0 0 [35m#555[39m[31m[91m[33m;[39m[31m[91mcolor[33m:[39m[31m[91m[35m#fff[39m[31m[91m[33m;[39m[31m[91mborder-color[33m:[39m[31m[91m[35m#fff[39m[31m[91m[33m;[39m[31m[91mbackground-color[33m:[39m[31m[91m[35m#555[39m[31m[91m[33m;[39m[31m[91m-webkit-filter[33m:[39m[31m[91mnone[33m;[39m[31m[91mfilter[33m:[39m[31m[91mnone[33m;[39m[31m[91[39m[22m[1m[31mmfilter[33m:[39m[31m[91mnone[33m;[39m[31m[91mposition[33m:[39m[31m[91mrelative[33m;[39m[31m[91mtop[33m:[39m[31m[91m14px[33m;[39m[31m[91mleft[33m:[39m[31m[91m8px[33m}[39m[31m[91m[33m.bs-component>.btn-secondary[39m[31m[91m[33m:[39m[31m[91m[36mnot[39m[31m[91m[36m(.disabled)[39m[31m[91m[33m:[39m[31m[91m[36mnot[39m[31m[91m[36m(.btn-sm)[39m[31m[91m[33m:[39m[31m[91m[36mnot[39m[31m[91m[36m(.btn-lg)[39m[31m[91m[33m:[39m[31m[91mhover[33m{[39m[31m[91mpadding-left[33m:[39m[31m[91m0[33m;[39m[31m[91mpadding-right[33m:[39m[31m[91m0[33m}[39m[31m[91m[33m.bs-component>.btn-secondary[39m[31m[91m[33m:[39m[31m[91m[36mnot[39m[31m[91m[36m(.disabled)[39m[31m[91m[33m:[39m[31m[91m[36mnot[39m[31m[91m[36m(.btn-sm)[39m[31m[91m[33m:[39m[31m[91m[36mnot[39m[31m[91m[36m(.btn-lg)[39m[31m[91m[33m:[39m[31m[91mhover[33m:[39m[31m[91mbefore[33m{[39m[31m[91mcontent[33m:[39m[31m[91m[32m'\25ba\20'[39m[31m[91m[33m}[39m[31m[91m[33m.bs-component>.btn-secondary[39m[31m[91m[33m:[39m[31m[91m[36mnot[39m[31m[91m[36m(.disabled)[39m[31m[91m[33m:[39m[31m[91m[36mnot[39m[31m[91m[36m(.btn-sm)[39m[31m[91m[33m:[39m[31m[91m[36mnot[39m[31m[91m[36m(.btn-lg)[39m[31m[91m[33m:[39m[31m[91mhover[33m:[39m[31m[91mafter[33m{[39m[31m[91mcontent[33m:[39m[31m[91m[32m' \25c4'[39m[31m[91m[33m}[39m[31m[91m[33m.btn-secondary[39m[31m[91m[33m{[39m[31m[91mcolor[33m:[39m[31m[91m[35m#000[39m[31m[91m[33m;[39m[31m[91mborder-color[33m:[39m[31m[91m[35m#000[39m[31m[91m[33m;[39m[31m[91mbackground-color[33m:[39m[31m[91m[35m#bbb[39m[31m[91m[33m}[39m[31m[91m[33m.btn-secondary[39m[31m[91m[33m:[39m[31m[91mhover[33m:[39m[31m[91mafter,.btn-secondary[33m:[39m[31m[91mhover[33m:[39m[31m[91mbefore[33m{[39m[31m[91mcolor[33m:[39m[31m[91m[35m#fff[39m[31m[91m[33m}[39m[31m[91m[33m.btn-secondary[39m[31m[91m[33m:[39m[31m[91mhover[33m{[39m[31m[91mcolor[33m:[39m[31m[91m[35m#fff[39m[31m[91m[33m;[39m[31m[91mborder-color[33m:[39m[31m[91m[35m#fff[39m[31m[91m[33m}[39m[31m[91m[33m.btn-secondary.focus,.btn-secondary[39m[31m[91m[33m:[39m[31m[91mfocus[33m{[39m[31m[91mborder-color[33m:[39m[31m[91m[35m#fff[39m[31m[91m[33m}[39m[31m[91m[33m.btn-secondary.disabled,.btn-se[39m[22m[1m[31mcondary[39m[31m[91m[33m:[39m[31m[91mdisabled[33m{[39m[31m[91mcolor[33m:[39m[31m[91m[35m#555[39m[31m[91m[33m;[39m[31m[91mbackground-color[33m:[39m[31m[91m[35m#bbb[39m[31m[91m[33m;[39m[31m[91mborder-color[33m:[39m[31m[91m[35m#bbb[39m[31m[91m[33m}[39m[31m[91m[33m.btn-secondary[39m[31m[91m[33m:[39m[31m[91m[36mnot[39m[31m[91m[36m(:disabled)[39m[31m[91m[33m:[39m[31m[91m[36mnot[39m[31m[91m[36m(.disabled)[39m[31m[91m[33m.active,.btn-secondary[39m[31m[91m[33m:[39m[31m[91m[36mnot[39m[31m[91m[36m(:disabled)[39m[31m[91m[33m:[39m[31m[91m[36mnot[39m[31m[91m[36m(.disabled)[39m[31m[91m[33m:[39m[31m[91mactive,.show>.btn-secondary.dropdown-toggle[33m{[39m[31m[91mcolor[33m:[39m[31m[91m[35m#bbb[39m[31m[91m[33m;[39m[31m[91mbackground-color[33m:[39m[31m[91m[35m#000[39m[31m[91m[33m}[39m[31m[91m[33m.btn-group-lg>.btn-secondary.btn,.btn-secondary.btn-lg[39m[31m[91m[33m{[39m[31m[91mbackground-color[33m:[39m[31m[91m[35m#bbb[39m[31m[91m[33m;[39m[31m[91mborder[33m:[39m[31m[91m[33m.875px[39m[31m[91m solid [35m#000[39m[31m[91m[33m;[39m[31m[91mmargin-top[33m:[39m[31m[91m7px[33m;[39m[31m[91mpadding-top[33m:[39m[31m[91m6.125px[33m;[39m[31m[91mpadding-bottom[33m:[39m[31m[91m7px[33m;[39m[31m[91mmargin-bottom[33m:[39m[31m[91m6.125px[33m;[39m[31m[91mborder-left-width[33m:[39m[31m[91m2px[33m;[39m[31m[91mborder-right-width[33m:[39m[31m[91m2px[33m;[39m[31m[91mmargin-left[33m:[39m[31m[91m3.5px[33m;[39m[31m[91mpadding-left[33m:[39m[31m[91m10.5px[33m;[39m[31m[91mpadding-right[33m:[39m[31m[91m11.5px[33m;[39m[31m[91mmargin-right[33m:[39m[31m[91m2.5px[33m;[39m[31m[91mbox-shadow[33m:[39m[31m[91m-3.5px -7px 0 0 [35m#bbb,2.5px[39m[31m[91m 6.125px 0 0 [35m#bbb,-3.5px[39m[31m[91m 6.125px 0 0 [35m#bbb,2.5px[39m[31m[91m -7px 0 0 [35m#bbb[39m[31m[91m[33m;[39m[31m[91m-webkit-filter[33m:[39m[31m[91m[36mdrop-shadow[39m[31m[91m[36m(7px 8px 0 #000)[39m[31m[91m[33m;[39m[31m[91mfilter[33m:[39m[31m[91m[36mdrop-shadow[39m[31m[91m[36m(7px 8px 0 #000)[39m[31m[91m[33m;[39m[31m[91mmargin-right[33m:[39m[31m[91m10.5px[33m;[39m[31m[91mmargin-bottom[33m:[39m[31m[91m20px[33m}[39m[31m[91m[33m.btn-group-lg>.btn-seconda[39m[22m[1m[31mry.btn[39m[31m[91m[33m:[39m[31m[91mhover,.btn-secondary.btn-lg[33m:[39m[31m[91mhover[33m{[39m[31m[91mbox-shadow[33m:[39m[31m[91m-3.5px -7px 0 0 [35m#555,2.5px[39m[31m[91m 6.125px 0 0 [35m#555,-3.5px[39m[31m[91m 6.125px 0 0 [35m#555,2.5px[39m[31m[91m -7px 0 0 [35m#555[39m[31m[91m[33m;[39m[31m[91mcolor[33m:[39m[31m[91m[35m#fff[39m[31m[91m[33m;[39m[31m[91mborder-color[33m:[39m[31m[91m[35m#fff[39m[31m[91m[33m;[39m[31m[91mbackground-color[33m:[39m[31m[91m[35m#555[39m[31m[91m[33m}[39m[31m[91m[33m.btn-group-lg.show>.btn-secondary.dropdown-toggle.btn,.btn-group-lg>.btn-secondary.btn[39m[31m[91m[33m:[39m[31m[91m[36mnot[39m[31m[91m[36m(:disabled)[39m[31m[91m[33m:[39m[31m[91m[36mnot[39m[31m[91m[36m(.disabled)[39m[31m[91m[33m.active,.btn-group-lg>.btn-secondary.btn[39m[31m[91m[33m:[39m[31m[91m[36mnot[39m[31m[91m[36m(:disabled)[39m[31m[91m[33m:[39m[31m[91m[36mnot[39m[31m[91m[36m(.disabled)[39m[31m[91m[33m:[39m[31m[91mactive,.btn-secondary.btn-lg[33m:[39m[31m[91m[36mnot[39m[31m[91m[36m(:disabled)[39m[31m[91m[33m:[39m[31m[91m[36mnot[39m[31m[91m[36m(.disabled)[39m[31m[91m[33m.active,.btn-secondary.btn-lg[39m[31m[91m[33m:[39m[31m[91m[36mnot[39m[31m[91m[36m(:disabled)[39m[31m[91m[33m:[39m[31m[91m[36mnot[39m[31m[91m[36m(.disabled)[39m[31m[91m[33m:[39m[31m[91mactive,.show>.btn-secondary.btn-lg.dropdown-toggle[33m{[39m[31m[91mbox-shadow[33m:[39m[31m[91m-3.5px -7px 0 0 [35m#555,2.5px[39m[31m[91m 6.125px 0 0 [35m#555,-3.5px[39m[31m[91m 6.125px 0 0 [35m#555,2.5px[39m[31m[91m -7px 0 0 [35m#555[39m[31m[91m[33m;[39m[31m[91mcolor[33m:[39m[31m[91m[35m#fff[39m[31m[91m[33m;[39m[31m[91mborder-color[33m:[39m[31m[91m[35m#fff[39m[31m[91m[33m;[39m[31m[91mbackground-color[33m:[39m[31m[91m[35m#555[39m[31m[91m[33m;[39m[31m[91m-webkit-filter[33m:[39m[31m[91mnone[33m;[39m[31m[91mfilter[33m:[39m[31m[91mnone[33m;[39m[31m[91mfilter[33m:[39m[31m[91mnone[33m;[39m[31m[91mposition[33m:[39m[31m[91mrelative[33m;[39m[31m[91mtop[33m:[39m[31m[91m14px[33m;[39m[31m[91mleft[33m:[39m[31m[91m8px[33m}[39m[31m[91m[33m.bs-component>.btn-success[39m[31m[91m[33m:[39m[31m[91m[36mnot[39m[31m[91m[36m(.disabl[39m[22m[1m[31med)[39m[31m[91m[33m:[39m[31m[91m[36mnot[39m[31m[91m[36m(.btn-sm)[39m[31m[91m[33m:[39m[31m[91m[36mnot[39m[31m[91m[36m(.btn-lg)[39m[31m[91m[33m:[39m[31m[91mhover[33m{[39m[31m[91mpadding-left[33m:[39m[31m[91m0[33m;[39m[31m[91mpadding-right[33m:[39m[31m[91m0[33m}[39m[31m[91m[33m.bs-component>.btn-success[39m[31m[91m[33m:[39m[31m[91m[36mnot[39m[31m[91m[36m(.disabled)[39m[31m[91m[33m:[39m[31m[91m[36mnot[39m[31m[91m[36m(.btn-sm)[39m[31m[91m[33m:[39m[31m[91m[36mnot[39m[31m[91m[36m(.btn-lg)[39m[31m[91m[33m:[39m[31m[91mhover[33m:[39m[31m[91mbefore[33m{[39m[31m[91mcontent[33m:[39m[31m[91m[32m'\25ba\20'[39m[31m[91m[33m}[39m[31m[91m[33m.bs-component>.btn-success[39m[31m[91m[33m:[39m[31m[91m[36mnot[39m[31m[91m[36m(.disabled)[39m[31m[91m[33m:[39m[31m[91m[36mnot[39m[31m[91m[36m(.btn-sm)[39m[31m[91m[33m:[39m[31m[91m[36mnot[39m[31m[91m[36m(.btn-lg)[39m[31m[91m[33m:[39m[31m[91mhover[33m:[39m[31m[91mafter[33m{[39m[31m[91mcontent[33m:[39m[31m[91m[32m' \25c4'[39m[31m[91m[33m}[39m[31m[91m[33m.btn-success[39m[31m[91m[33m{[39m[31m[91mcolor[33m:[39m[31m[91m[35m#000[39m[31m[91m[33m;[39m[31m[91mborder-color[33m:[39m[31m[91m[35m#000[39m[31m[91m[33m;[39m[31m[91mbackground-color[33m:[39m[31m[91m[35m#0a0[39m[31m[91m[33m}[39m[31m[91m[33m.btn-success[39m[31m[91m[33m:[39m[31m[91mhover[33m:[39m[31m[91mafter,.btn-success[33m:[39m[31m[91mhover[33m:[39m[31m[91mbefore[33m{[39m[31m[91mcolor[33m:[39m[31m[91m[35m#5f5[39m[31m[91m[33m}[39m[31m[91m[33m.btn-success[39m[31m[91m[33m:[39m[31m[91mhover[33m{[39m[31m[91mcolor[33m:[39m[31m[91m[35m#5f5[39m[31m[91m[33m;[39m[31m[91mborder-color[33m:[39m[31m[91m[35m#fff[39m[31m[91m[33m}[39m[31m[91m[33m.btn-success.focus,.btn-success[39m[31m[91m[33m:[39m[31m[91mfocus[33m{[39m[31m[91mborder-color[33m:[39m[31m[91m[35m#fff[39m[31m[91m[33m}[39m[31m[91m[33m.btn-success.disabled,.btn-success[39m[31m[91m[33m:[39m[31m[91mdisabled[33m{[39m[31m[91mcolor[33m:[39m[31m[91m[35m#555[39m[31m[91m[33m;[39m[31m[91mbackground-color[33m:[39m[31m[91m[35m#bbb[39m[31m[91m[33m;[39m[31m[91mborder-color[33m:[39m[31m[91m[35m#0a0[39m[31m[91m[33m}[39m[31m[91m[33m.btn-success[39m[31m[91m[33m:[3[39m[22m[1m[31m9m[91m[36mnot[39m[31m[91m[36m(:disabled)[39m[31m[91m[33m:[39m[31m[91m[36mnot[39m[31m[91m[36m(.disabled)[39m[31m[91m[33m.active,.btn-success[39m[31m[91m[33m:[39m[31m[91m[36mnot[39m[31m[91m[36m(:disabled)[39m[31m[91m[33m:[39m[31m[91m[36mnot[39m[31m[91m[36m(.disabled)[39m[31m[91m[33m:[39m[31m[91mactive,.show>.btn-success.dropdown-toggle[33m{[39m[31m[91mcolor[33m:[39m[31m[91m[35m#0a0[39m[31m[91m[33m;[39m[31m[91mbackground-color[33m:[39m[31m[91m[35m#000[39m[31m[91m[33m}[39m[31m[91m[33m.btn-group-lg>.btn-success.btn,.btn-success.btn-lg[39m[31m[91m[33m{[39m[31m[91mbackground-color[33m:[39m[31m[91m[35m#0a0[39m[31m[91m[33m;[39m[31m[91mborder[33m:[39m[31m[91m[33m.875px[39m[31m[91m solid [35m#000[39m[31m[91m[33m;[39m[31m[91mmargin-top[33m:[39m[31m[91m7px[33m;[39m[31m[91mpadding-top[33m:[39m[31m[91m6.125px[33m;[39m[31m[91mpadding-bottom[33m:[39m[31m[91m7px[33m;[39m[31m[91mmargin-bottom[33m:[39m[31m[91m6.125px[33m;[39m[31m[91mborder-left-width[33m:[39m[31m[91m2px[33m;[39m[31m[91mborder-right-width[33m:[39m[31m[91m2px[33m;[39m[31m[91mmargin-left[33m:[39m[31m[91m3.5px[33m;[39m[31m[91mpadding-left[33m:[39m[31m[91m10.5px[33m;[39m[31m[91mpadding-right[33m:[39m[31m[91m11.5px[33m;[39m[31m[91mmargin-right[33m:[39m[31m[91m2.5px[33m;[39m[31m[91mbox-shadow[33m:[39m[31m[91m-3.5px -7px 0 0 [35m#0a0,2.5px[39m[31m[91m 6.125px 0 0 [35m#0a0,-3.5px[39m[31m[91m 6.125px 0 0 [35m#0a0,2.5px[39m[31m[91m -7px 0 0 [35m#0a0[39m[31m[91m[33m;[39m[31m[91m-webkit-filter[33m:[39m[31m[91m[36mdrop-shadow[39m[31m[91m[36m(7px 8px 0 #000)[39m[31m[91m[33m;[39m[31m[91mfilter[33m:[39m[31m[91m[36mdrop-shadow[39m[31m[91m[36m(7px 8px 0 #000)[39m[31m[91m[33m;[39m[31m[91mmargin-right[33m:[39m[31m[91m10.5px[33m;[39m[31m[91mmargin-bottom[33m:[39m[31m[91m20px[33m}[39m[31m[91m[33m.btn-group-lg>.btn-success.btn[39m[31m[91m[33m:[39m[31m[91mhover,.btn-success.btn-lg[33m:[39m[31m[91mhover[33m{[39m[31m[91mbox-shadow[33m:[39m[31m[91m-3.5px -7px 0 0 [35m#0a0,2.5px[39m[31m[91m 6.125px 0 0 [35m#0a0,-3.5px[39m[31m[91m 6.125px 0 0 [35m#0a0,2.5px[39m[31m[91m -7px 0 0 [35m#0a0[39m[31m[91m[33m;[39m[31m[91mcolor[3[39m[22m[1m[31m3m:[39m[31m[91m[35m#fff[39m[31m[91m[33m;[39m[31m[91mborder-color[33m:[39m[31m[91m[35m#fff[39m[31m[91m[33m;[39m[31m[91mbackground-color[33m:[39m[31m[91m[35m#0a0[39m[31m[91m[33m}[39m[31m[91m[33m.btn-group-lg.show>.btn-success.dropdown-toggle.btn,.btn-group-lg>.btn-success.btn[39m[31m[91m[33m:[39m[31m[91m[36mnot[39m[31m[91m[36m(:disabled)[39m[31m[91m[33m:[39m[31m[91m[36mnot[39m[31m[91m[36m(.disabled)[39m[31m[91m[33m.active,.btn-group-lg>.btn-success.btn[39m[31m[91m[33m:[39m[31m[91m[36mnot[39m[31m[91m[36m(:disabled)[39m[31m[91m[33m:[39m[31m[91m[36mnot[39m[31m[91m[36m(.disabled)[39m[31m[91m[33m:[39m[31m[91mactive,.btn-success.btn-lg[33m:[39m[31m[91m[36mnot[39m[31m[91m[36m(:disabled)[39m[31m[91m[33m:[39m[31m[91m[36mnot[39m[31m[91m[36m(.disabled)[39m[31m[91m[33m.active,.btn-success.btn-lg[39m[31m[91m[33m:[39m[31m[91m[36mnot[39m[31m[91m[36m(:disabled)[39m[31m[91m[33m:[39m[31m[91m[36mnot[39m[31m[91m[36m(.disabled)[39m[31m[91m[33m:[39m[31m[91mactive,.show>.btn-success.btn-lg.dropdown-toggle[33m{[39m[31m[91mbox-shadow[33m:[39m[31m[91m-3.5px -7px 0 0 [35m#0a0,2.5px[39m[31m[91m 6.125px 0 0 [35m#0a0,-3.5px[39m[31m[91m 6.125px 0 0 [35m#0a0,2.5px[39m[31m[91m -7px 0 0 [35m#0a0[39m[31m[91m[33m;[39m[31m[91mcolor[33m:[39m[31m[91m[35m#fff[39m[31m[91m[33m;[39m[31m[91mborder-color[33m:[39m[31m[91m[35m#fff[39m[31m[91m[33m;[39m[31m[91mbackground-color[33m:[39m[31m[91m[35m#0a0[39m[31m[91m[33m;[39m[31m[91m-webkit-filter[33m:[39m[31m[91mnone[33m;[39m[31m[91mfilter[33m:[39m[31m[91mnone[33m;[39m[31m[91mfilter[33m:[39m[31m[91mnone[33m;[39m[31m[91mposition[33m:[39m[31m[91mrelative[33m;[39m[31m[91mtop[33m:[39m[31m[91m14px[33m;[39m[31m[91mleft[33m:[39m[31m[91m8px[33m}[39m[31m[91m[33m.bs-component>.btn-info[39m[31m[91m[33m:[39m[31m[91m[36mnot[39m[31m[91m[36m(.disabled)[39m[31m[91m[33m:[39m[31m[91m[36mnot[39m[31m[91m[36m(.btn-sm)[39m[31m[91m[33m:[39m[31m[91m[36mnot[39m[31m[91m[36m(.btn-lg)[39m[31m[91m[33m:[39m[31m[91mhover[33m{[39m[31m[91mpadding-left[33m:[39m[31m[91m0[33m;[39m[31m[91mpadding-right[33m:[39m[31m[91m0[33m}[39m[31m[91m[33m.bs-component>.btn-info[39m[31m[91m[33m:[39m[31m[[39m[22m[1m[31m91m[36mnot[39m[31m[91m[36m(.disabled)[39m[31m[91m[33m:[39m[31m[91m[36mnot[39m[31m[91m[36m(.btn-sm)[39m[31m[91m[33m:[39m[31m[91m[36mnot[39m[31m[91m[36m(.btn-lg)[39m[31m[91m[33m:[39m[31m[91mhover[33m:[39m[31m[91mbefore[33m{[39m[31m[91mcontent[33m:[39m[31m[91m[32m'\25ba\20'[39m[31m[91m[33m}[39m[31m[91m[33m.bs-component>.btn-info[39m[31m[91m[33m:[39m[31m[91m[36mnot[39m[31m[91m[36m(.disabled)[39m[31m[91m[33m:[39m[31m[91m[36mnot[39m[31m[91m[36m(.btn-sm)[39m[31m[91m[33m:[39m[31m[91m[36mnot[39m[31m[91m[36m(.btn-lg)[39m[31m[91m[33m:[39m[31m[91mhover[33m:[39m[31m[91mafter[33m{[39m[31m[91mcontent[33m:[39m[31m[91m[32m' \25c4'[39m[31m[91m[33m}[39m[31m[91m[33m.btn-info[39m[31m[91m[33m{[39m[31m[91mcolor[33m:[39m[31m[91m[35m#000[39m[31m[91m[33m;[39m[31m[91mborder-color[33m:[39m[31m[91m[35m#000[39m[31m[91m[33m;[39m[31m[91mbackground-color[33m:[39m[31m[91m[35m#0aa[39m[31m[91m[33m}[39m[31m[91m[33m.btn-info[39m[31m[91m[33m:[39m[31m[91mhover[33m:[39m[31m[91mafter,.btn-info[33m:[39m[31m[91mhover[33m:[39m[31m[91mbefore[33m{[39m[31m[91mcolor[33m:[39m[31m[91m[35m#5ff[39m[31m[91m[33m}[39m[31m[91m[33m.btn-info[39m[31m[91m[33m:[39m[31m[91mhover[33m{[39m[31m[91mcolor[33m:[39m[31m[91m[35m#5ff[39m[31m[91m[33m;[39m[31m[91mborder-color[33m:[39m[31m[91m[35m#fff[39m[31m[91m[33m}[39m[31m[91m[33m.btn-info.focus,.btn-info[39m[31m[91m[33m:[39m[31m[91mfocus[33m{[39m[31m[91mborder-color[33m:[39m[31m[91m[35m#fff[39m[31m[91m[33m}[39m[31m[91m[33m.btn-info.disabled,.btn-info[39m[31m[91m[33m:[39m[31m[91mdisabled[33m{[39m[31m[91mcolor[33m:[39m[31m[91m[35m#555[39m[31m[91m[33m;[39m[31m[91mbackground-color[33m:[39m[31m[91m[35m#bbb[39m[31m[91m[33m;[39m[31m[91mborder-color[33m:[39m[31m[91m[35m#0aa[39m[31m[91m[33m}[39m[31m[91m[33m.btn-info[39m[31m[91m[33m:[39m[31m[91m[36mnot[39m[31m[91m[36m(:disabled)[39m[31m[91m[33m:[39m[31m[91m[36mnot[39m[31m[91m[36m(.disabled)[39m[31m[91m[33m.active,.btn-info[39m[31m[91m[33m:[39m[31m[91m[36mnot[39m[31m[91m[36m(:disabled)[39m[31m[91m[33m:[39m[31m[91m[36mnot[39m[31m[91m[36m(.disabled)[39m[31m[91m[33m:[39m[31m[91mactive,.show>.btn-info.dropdown-toggle[33m{[39m[31m[91mcolor[3[39m[22m[1m[31m3m:[39m[31m[91m[35m#0aa[39m[31m[91m[33m;[39m[31m[91mbackground-color[33m:[39m[31m[91m[35m#000[39m[31m[91m[33m}[39m[31m[91m[33m.btn-group-lg>.btn-info.btn,.btn-info.btn-lg[39m[31m[91m[33m{[39m[31m[91mbackground-color[33m:[39m[31m[91m[35m#0aa[39m[31m[91m[33m;[39m[31m[91mborder[33m:[39m[31m[91m[33m.875px[39m[31m[91m solid [35m#000[39m[31m[91m[33m;[39m[31m[91mmargin-top[33m:[39m[31m[91m7px[33m;[39m[31m[91mpadding-top[33m:[39m[31m[91m6.125px[33m;[39m[31m[91mpadding-bottom[33m:[39m[31m[91m7px[33m;[39m[31m[91mmargin-bottom[33m:[39m[31m[91m6.125px[33m;[39m[31m[91mborder-left-width[33m:[39m[31m[91m2px[33m;[39m[31m[91mborder-right-width[33m:[39m[31m[91m2px[33m;[39m[31m[91mmargin-left[33m:[39m[31m[91m3.5px[33m;[39m[31m[91mpadding-left[33m:[39m[31m[91m10.5px[33m;[39m[31m[91mpadding-right[33m:[39m[31m[91m11.5px[33m;[39m[31m[91mmargin-right[33m:[39m[31m[91m2.5px[33m;[39m[31m[91mbox-shadow[33m:[39m[31m[91m-3.5px -7px 0 0 [35m#0aa,2.5px[39m[31m[91m 6.125px 0 0 [35m#0aa,-3.5px[39m[31m[91m 6.125px 0 0 [35m#0aa,2.5px[39m[31m[91m -7px 0 0 [35m#0aa[39m[31m[91m[33m;[39m[31m[91m-webkit-filter[33m:[39m[31m[91m[36mdrop-shadow[39m[31m[91m[36m(7px 8px 0 #000)[39m[31m[91m[33m;[39m[31m[91mfilter[33m:[39m[31m[91m[36mdrop-shadow[39m[31m[91m[36m(7px 8px 0 #000)[39m[31m[91m[33m;[39m[31m[91mmargin-right[33m:[39m[31m[91m10.5px[33m;[39m[31m[91mmargin-bottom[33m:[39m[31m[91m20px[33m}[39m[31m[91m[33m.btn-group-lg>.btn-info.btn[39m[31m[91m[33m:[39m[31m[91mhover,.btn-info.btn-lg[33m:[39m[31m[91mhover[33m{[39m[31m[91mbox-shadow[33m:[39m[31m[91m-3.5px -7px 0 0 [35m#0aa,2.5px[39m[31m[91m 6.125px 0 0 [35m#0aa,-3.5px[39m[31m[91m 6.125px 0 0 [35m#0aa,2.5px[39m[31m[91m -7px 0 0 [35m#0aa[39m[31m[91m[33m;[39m[31m[91mcolor[33m:[39m[31m[91m[35m#fff[39m[31m[91m[33m;[39m[31m[91mborder-color[33m:[39m[31m[91m[35m#fff[39m[31m[91m[33m;[39m[31m[91mbackground-color[33m:[39m[31m[91m[35m#0aa[39m[31m[91m[33m}[39m[31m[91m[33m.btn-group-lg.show>.btn-info.dropdown-toggle.btn,.btn-group-lg>.btn-info.btn[39m[31m[91m[33m:[39m[31m[91m[36mnot[39m[31m[91m[36m(:disabled)[39m[31m[91m[33m:[39m[31m[91m[36mnot[39m[31m[39m[22m[1m[31m[91m[36m(.disabled)[39m[31m[91m[33m.active,.btn-group-lg>.btn-info.btn[39m[31m[91m[33m:[39m[31m[91m[36mnot[39m[31m[91m[36m(:disabled)[39m[31m[91m[33m:[39m[31m[91m[36mnot[39m[31m[91m[36m(.disabled)[39m[31m[91m[33m:[39m[31m[91mactive,.btn-info.btn-lg[33m:[39m[31m[91m[36mnot[39m[31m[91m[36m(:disabled)[39m[31m[91m[33m:[39m[31m[91m[36mnot[39m[31m[91m[36m(.disabled)[39m[31m[91m[33m.active,.btn-info.btn-lg[39m[31m[91m[33m:[39m[31m[91m[36mnot[39m[31m[91m[36m(:disabled)[39m[31m[91m[33m:[39m[31m[91m[36mnot[39m[31m[91m[36m(.disabled)[39m[31m[91m[33m:[39m[31m[91mactive,.show>.btn-info.btn-lg.dropdown-toggle[33m{[39m[31m[91mbox-shadow[33m:[39m[31m[91m-3.5px -7px 0 0 [35m#0aa,2.5px[39m[31m[91m 6.125px 0 0 [35m#0aa,-3.5px[39m[31m[91m 6.125px 0 0 [35m#0aa,2.5px[39m[31m[91m -7px 0 0 [35m#0aa[39m[31m[91m[33m;[39m[31m[91mcolor[33m:[39m[31m[91m[35m#fff[39m[31m[91m[33m;[39m[31m[91mborder-color[33m:[39m[31m[91m[35m#fff[39m[31m[91m[33m;[39m[31m[91mbackground-color[33m:[39m[31m[91m[35m#0aa[39m[31m[91m[33m;[39m[31m[91m-webkit-filter[33m:[39m[31m[91mnone[33m;[39m[31m[91mfilter[33m:[39m[31m[91mnone[33m;[39m[31m[91mfilter[33m:[39m[31m[91mnone[33m;[39m[31m[91mposition[33m:[39m[31m[91mrelative[33m;[39m[31m[91mtop[33m:[39m[31m[91m14px[33m;[39m[31m[91mleft[33m:[39m[31m[91m8px[33m}[39m[31m[91m[33m.bs-component>.btn-warning[39m[31m[91m[33m:[39m[31m[91m[36mnot[39m[31m[91m[36m(.disabled)[39m[31m[91m[33m:[39m[31m[91m[36mnot[39m[31m[91m[36m(.btn-sm)[39m[31m[91m[33m:[39m[31m[91m[36mnot[39m[31m[91m[36m(.btn-lg)[39m[31m[91m[33m:[39m[31m[91mhover[33m{[39m[31m[91mpadding-left[33m:[39m[31m[91m0[33m;[39m[31m[91mpadding-right[33m:[39m[31m[91m0[33m}[39m[31m[91m[33m.bs-component>.btn-warning[39m[31m[91m[33m:[39m[31m[91m[36mnot[39m[31m[91m[36m(.disabled)[39m[31m[91m[33m:[39m[31m[91m[36mnot[39m[31m[91m[36m(.btn-sm)[39m[31m[91m[33m:[39m[31m[91m[36mnot[39m[31m[91m[36m(.btn-lg)[39m[31m[91m[33m:[39m[31m[91mhover[33m:[39m[31m[91mbefore[33m{[39m[31m[91mcontent[33m:[39m[31m[91m[32m'\25ba\20'[39m[31m[91m[33m}[39m[31m[91m[33m.bs-component>.btn-warning[39m[31m[91m[33m:[39m[31m[91m[36mnot[39m[31m[91m[36m(.dis[39m[22m[1m[31mabled)[39m[31m[91m[33m:[39m[31m[91m[36mnot[39m[31m[91m[36m(.btn-sm)[39m[31m[91m[33m:[39m[31m[91m[36mnot[39m[31m[91m[36m(.btn-lg)[39m[31m[91m[33m:[39m[31m[91mhover[33m:[39m[31m[91mafter[33m{[39m[31m[91mcontent[33m:[39m[31m[91m[32m' \25c4'[39m[31m[91m[33m}[39m[31m[91m[33m.btn-warning[39m[31m[91m[33m{[39m[31m[91mcolor[33m:[39m[31m[91m[35m#000[39m[31m[91m[33m;[39m[31m[91mborder-color[33m:[39m[31m[91m[35m#000[39m[31m[91m[33m;[39m[31m[91mbackground-color[33m:[39m[31m[91m[35m#a50[39m[31m[91m[33m}[39m[31m[91m[33m.btn-warning[39m[31m[91m[33m:[39m[31m[91mhover[33m:[39m[31m[91mafter,.btn-warning[33m:[39m[31m[91mhover[33m:[39m[31m[91mbefore[33m{[39m[31m[91mcolor[33m:[39m[31m[91m[35m#ff5[39m[31m[91m[33m}[39m[31m[91m[33m.btn-warning[39m[31m[91m[33m:[39m[31m[91mhover[33m{[39m[31m[91mcolor[33m:[39m[31m[91m[35m#ff5[39m[31m[91m[33m;[39m[31m[91mborder-color[33m:[39m[31m[91m[35m#fff[39m[31m[91m[33m}[39m[31m[91m[33m.btn-warning.focus,.btn-warning[39m[31m[91m[33m:[39m[31m[91mfocus[33m{[39m[31m[91mborder-color[33m:[39m[31m[91m[35m#fff[39m[31m[91m[33m}[39m[31m[91m[33m.btn-warning.disabled,.btn-warning[39m[31m[91m[33m:[39m[31m[91mdisabled[33m{[39m[31m[91mcolor[33m:[39m[31m[91m[35m#555[39m[31m[91m[33m;[39m[31m[91mbackground-color[33m:[39m[31m[91m[35m#bbb[39m[31m[91m[33m;[39m[31m[91mborder-color[33m:[39m[31m[91m[35m#a50[39m[31m[91m[33m}[39m[31m[91m[33m.btn-warning[39m[31m[91m[33m:[39m[31m[91m[36mnot[39m[31m[91m[36m(:disabled)[39m[31m[91m[33m:[39m[31m[91m[36mnot[39m[31m[91m[36m(.disabled)[39m[31m[91m[33m.active,.btn-warning[39m[31m[91m[33m:[39m[31m[91m[36mnot[39m[31m[91m[36m(:disabled)[39m[31m[91m[33m:[39m[31m[91m[36mnot[39m[31m[91m[36m(.disabled)[39m[31m[91m[33m:[39m[31m[91mactive,.show>.btn-warning.dropdown-toggle[33m{[39m[31m[91mcolor[33m:[39m[31m[91m[35m#a50[39m[31m[91m[33m;[39m[31m[91mbackground-color[33m:[39m[31m[91m[35m#000[39m[31m[91m[33m}[39m[31m[91m[33m.btn-group-lg>.btn-warning.btn,.btn-warning.btn-lg[39m[31m[91m[33m{[39m[31m[91mbackground-color[33m:[39m[31m[91m[35m#a50[39m[31m[91m[33m;[39m[31m[91mborder[33m:[39m[31m[91m[33m.875px[39m[31m[91m solid [35m#000[39m[31m[91m[3[39m[22m[1m[31m3m;[39m[31m[91mmargin-top[33m:[39m[31m[91m7px[33m;[39m[31m[91mpadding-top[33m:[39m[31m[91m6.125px[33m;[39m[31m[91mpadding-bottom[33m:[39m[31m[91m7px[33m;[39m[31m[91mmargin-bottom[33m:[39m[31m[91m6.125px[33m;[39m[31m[91mborder-left-width[33m:[39m[31m[91m2px[33m;[39m[31m[91mborder-right-width[33m:[39m[31m[91m2px[33m;[39m[31m[91mmargin-left[33m:[39m[31m[91m3.5px[33m;[39m[31m[91mpadding-left[33m:[39m[31m[91m10.5px[33m;[39m[31m[91mpadding-right[33m:[39m[31m[91m11.5px[33m;[39m[31m[91mmargin-right[33m:[39m[31m[91m2.5px[33m;[39m[31m[91mbox-shadow[33m:[39m[31m[91m-3.5px -7px 0 0 [35m#a50,2.5px[39m[31m[91m 6.125px 0 0 [35m#a50,-3.5px[39m[31m[91m 6.125px 0 0 [35m#a50,2.5px[39m[31m[91m -7px 0 0 [35m#a50[39m[31m[91m[33m;[39m[31m[91m-webkit-filter[33m:[39m[31m[91m[36mdrop-shadow[39m[31m[91m[36m(7px 8px 0 #000)[39m[31m[91m[33m;[39m[31m[91mfilter[33m:[39m[31m[91m[36mdrop-shadow[39m[31m[91m[36m(7px 8px 0 #000)[39m[31m[91m[33m;[39m[31m[91mmargin-right[33m:[39m[31m[91m10.5px[33m;[39m[31m[91mmargin-bottom[33m:[39m[31m[91m20px[33m}[39m[31m[91m[33m.btn-group-lg>.btn-warning.btn[39m[31m[91m[33m:[39m[31m[91mhover,.btn-warning.btn-lg[33m:[39m[31m[91mhover[33m{[39m[31m[91mbox-shadow[33m:[39m[31m[91m-3.5px -7px 0 0 [35m#a50,2.5px[39m[31m[91m 6.125px 0 0 [35m#a50,-3.5px[39m[31m[91m 6.125px 0 0 [35m#a50,2.5px[39m[31m[91m -7px 0 0 [35m#a50[39m[31m[91m[33m;[39m[31m[91mcolor[33m:[39m[31m[91m[35m#fff[39m[31m[91m[33m;[39m[31m[91mborder-color[33m:[39m[31m[91m[35m#fff[39m[31m[91m[33m;[39m[31m[91mbackground-color[33m:[39m[31m[91m[35m#a50[39m[31m[91m[33m}[39m[31m[91m[33m.btn-group-lg.show>.btn-warning.dropdown-toggle.btn,.btn-group-lg>.btn-warning.btn[39m[31m[91m[33m:[39m[31m[91m[36mnot[39m[31m[91m[36m(:disabled)[39m[31m[91m[33m:[39m[31m[91m[36mnot[39m[31m[91m[36m(.disabled)[39m[31m[91m[33m.active,.btn-group-lg>.btn-warning.btn[39m[31m[91m[33m:[39m[31m[91m[36mnot[39m[31m[91m[36m(:disabled)[39m[31m[91m[33m:[39m[31m[91m[36mnot[39m[31m[91m[36m(.disabled)[39m[31m[91m[33m:[39m[31m[91mactive,.btn-warning.btn-lg[33m:[39m[31m[91m[36mnot[39m[31m[91m[36m(:disabled)[39m[31m[91m[33m:[39m[31m[39m[22m[1m[31m[91m[36mnot[39m[31m[91m[36m(.disabled)[39m[31m[91m[33m.active,.btn-warning.btn-lg[39m[31m[91m[33m:[39m[31m[91m[36mnot[39m[31m[91m[36m(:disabled)[39m[31m[91m[33m:[39m[31m[91m[36mnot[39m[31m[91m[36m(.disabled)[39m[31m[91m[33m:[39m[31m[91mactive,.show>.btn-warning.btn-lg.dropdown-toggle[33m{[39m[31m[91mbox-shadow[33m:[39m[31m[91m-3.5px -7px 0 0 [35m#a50,2.5px[39m[31m[91m 6.125px 0 0 [35m#a50,-3.5px[39m[31m[91m 6.125px 0 0 [35m#a50,2.5px[39m[31m[91m -7px 0 0 [35m#a50[39m[31m[91m[33m;[39m[31m[91mcolor[33m:[39m[31m[91m[35m#fff[39m[31m[91m[33m;[39m[31m[91mborder-color[33m:[39m[31m[91m[35m#fff[39m[31m[91m[33m;[39m[31m[91mbackground-color[33m:[39m[31m[91m[35m#a50[39m[31m[91m[33m;[39m[31m[91m-webkit-filter[33m:[39m[31m[91mnone[33m;[39m[31m[91mfilter[33m:[39m[31m[91mnone[33m;[39m[31m[91mfilter[33m:[39m[31m[91mnone[33m;[39m[31m[91mposition[33m:[39m[31m[91mrelative[33m;[39m[31m[91mtop[33m:[39m[31m[91m14px[33m;[39m[31m[91mleft[33m:[39m[31m[91m8px[33m}[39m[31m[91m[33m.bs-component>.btn-danger[39m[31m[91m[33m:[39m[31m[91m[36mnot[39m[31m[91m[36m(.disabled)[39m[31m[91m[33m:[39m[31m[91m[36mnot[39m[31m[91m[36m(.btn-sm)[39m[31m[91m[33m:[39m[31m[91m[36mnot[39m[31m[91m[36m(.btn-lg)[39m[31m[91m[33m:[39m[31m[91mhover[33m{[39m[31m[91mpadding-left[33m:[39m[31m[91m0[33m;[39m[31m[91mpadding-right[33m:[39m[31m[91m0[33m}[39m[31m[91m[33m.bs-component>.btn-danger[39m[31m[91m[33m:[39m[31m[91m[36mnot[39m[31m[91m[36m(.disabled)[39m[31m[91m[33m:[39m[31m[91m[36mnot[39m[31m[91m[36m(.btn-sm)[39m[31m[91m[33m:[39m[31m[91m[36mnot[39m[31m[91m[36m(.btn-lg)[39m[31m[91m[33m:[39m[31m[91mhover[33m:[39m[31m[91mbefore[33m{[39m[31m[91mcontent[33m:[39m[31m[91m[32m'\25ba\20'[39m[31m[91m[33m}[39m[31m[91m[33m.bs-component>.btn-danger[39m[31m[91m[33m:[39m[31m[91m[36mnot[39m[31m[91m[36m(.disabled)[39m[31m[91m[33m:[39m[31m[91m[36mnot[39m[31m[91m[36m(.btn-sm)[39m[31m[91m[33m:[39m[31m[91m[36mnot[39m[31m[91m[36m(.btn-lg)[39m[31m[91m[33m:[39m[31m[91mhover[33m:[39m[31m[91mafter[33m{[39m[31m[91mcontent[33m:[39m[31m[91m[32m' \25c4'[39m[31m[91m[33m}[39m[31m[91m[33m.btn-danger[39m[31m[91m[33m{[39m[31m[91mcolor[33m:[3[39m[22m[1m[31m9m[91m[35m#000[39m[31m[91m[33m;[39m[31m[91mborder-color[33m:[39m[31m[91m[35m#000[39m[31m[91m[33m;[39m[31m[91mbackground-color[33m:[39m[31m[91m[35m#a00[39m[31m[91m[33m}[39m[31m[91m[33m.btn-danger[39m[31m[91m[33m:[39m[31m[91mhover[33m:[39m[31m[91mafter,.btn-danger[33m:[39m[31m[91mhover[33m:[39m[31m[91mbefore[33m{[39m[31m[91mcolor[33m:[39m[31m[91m[35m#f55[39m[31m[91m[33m}[39m[31m[91m[33m.btn-danger[39m[31m[91m[33m:[39m[31m[91mhover[33m{[39m[31m[91mcolor[33m:[39m[31m[91m[35m#f55[39m[31m[91m[33m;[39m[31m[91mborder-color[33m:[39m[31m[91m[35m#fff[39m[31m[91m[33m}[39m[31m[91m[33m.btn-danger.focus,.btn-danger[39m[31m[91m[33m:[39m[31m[91mfocus[33m{[39m[31m[91mborder-color[33m:[39m[31m[91m[35m#fff[39m[31m[91m[33m}[39m[31m[91m[33m.btn-danger.disabled,.btn-danger[39m[31m[91m[33m:[39m[31m[91mdisabled[33m{[39m[31m[91mcolor[33m:[39m[31m[91m[35m#555[39m[31m[91m[33m;[39m[31m[91mbackground-color[33m:[39m[31m[91m[35m#bbb[39m[31m[91m[33m;[39m[31m[91mborder-color[33m:[39m[31m[91m[35m#a00[39m[31m[91m[33m}[39m[31m[91m[33m.btn-danger[39m[31m[91m[33m:[39m[31m[91m[36mnot[39m[31m[91m[36m(:disabled)[39m[31m[91m[33m:[39m[31m[91m[36mnot[39m[31m[91m[36m(.disabled)[39m[31m[91m[33m.active,.btn-danger[39m[31m[91m[33m:[39m[31m[91m[36mnot[39m[31m[91m[36m(:disabled)[39m[31m[91m[33m:[39m[31m[91m[36mnot[39m[31m[91m[36m(.disabled)[39m[31m[91m[33m:[39m[31m[91mactive,.show>.btn-danger.dropdown-toggle[33m{[39m[31m[91mcolor[33m:[39m[31m[91m[35m#a00[39m[31m[91m[33m;[39m[31m[91mbackground-color[33m:[39m[31m[91m[35m#000[39m[31m[91m[33m}[39m[31m[91m[33m.btn-danger.btn-lg,.btn-group-lg>.btn-danger.btn[39m[31m[91m[33m{[39m[31m[91mbackground-color[33m:[39m[31m[91m[35m#a00[39m[31m[91m[33m;[39m[31m[91mborder[33m:[39m[31m[91m[33m.875px[39m[31m[91m solid [35m#000[39m[31m[91m[33m;[39m[31m[91mmargin-top[33m:[39m[31m[91m7px[33m;[39m[31m[91mpadding-top[33m:[39m[31m[91m6.125px[33m;[39m[31m[91mpadding-bottom[33m:[39m[31m[91m7px[33m;[39m[31m[91mmargin-bottom[33m:[39m[31m[91m6.125px[33m;[39m[31m[91mborder-left-width[33m:[39m[31m[91m2px[33m;[39m[31m[91mborder-right-width[33m:[39m[31m[91m2px[33m;[39m[31m[91mmargin-[39m[22m[1m[31mleft[33m:[39m[31m[91m3.5px[33m;[39m[31m[91mpadding-left[33m:[39m[31m[91m10.5px[33m;[39m[31m[91mpadding-right[33m:[39m[31m[91m11.5px[33m;[39m[31m[91mmargin-right[33m:[39m[31m[91m2.5px[33m;[39m[31m[91mbox-shadow[33m:[39m[31m[91m-3.5px -7px 0 0 [35m#a00,2.5px[39m[31m[91m 6.125px 0 0 [35m#a00,-3.5px[39m[31m[91m 6.125px 0 0 [35m#a00,2.5px[39m[31m[91m -7px 0 0 [35m#a00[39m[31m[91m[33m;[39m[31m[91m-webkit-filter[33m:[39m[31m[91m[36mdrop-shadow[39m[31m[91m[36m(7px 8px 0 #000)[39m[31m[91m[33m;[39m[31m[91mfilter[33m:[39m[31m[91m[36mdrop-shadow[39m[31m[91m[36m(7px 8px 0 #000)[39m[31m[91m[33m;[39m[31m[91mmargin-right[33m:[39m[31m[91m10.5px[33m;[39m[31m[91mmargin-bottom[33m:[39m[31m[91m20px[33m}[39m[31m[91m[33m.btn-danger.btn-lg[39m[31m[91m[33m:[39m[31m[91mhover,.btn-group-lg>.btn-danger.btn[33m:[39m[31m[91mhover[33m{[39m[31m[91mbox-shadow[33m:[39m[31m[91m-3.5px -7px 0 0 [35m#a00,2.5px[39m[31m[91m 6.125px 0 0 [35m#a00,-3.5px[39m[31m[91m 6.125px 0 0 [35m#a00,2.5px[39m[31m[91m -7px 0 0 [35m#a00[39m[31m[91m[33m;[39m[31m[91mcolor[33m:[39m[31m[91m[35m#fff[39m[31m[91m[33m;[39m[31m[91mborder-color[33m:[39m[31m[91m[35m#fff[39m[31m[91m[33m;[39m[31m[91mbackground-color[33m:[39m[31m[91m[35m#a00[39m[31m[91m[33m}[39m[31m[91m[33m.btn-danger.btn-lg[39m[31m[91m[33m:[39m[31m[91m[36mnot[39m[31m[91m[36m(:disabled)[39m[31m[91m[33m:[39m[31m[91m[36mnot[39m[31m[91m[36m(.disabled)[39m[31m[91m[33m.active,.btn-danger.btn-lg[39m[31m[91m[33m:[39m[31m[91m[36mnot[39m[31m[91m[36m(:disabled)[39m[31m[91m[33m:[39m[31m[91m[36mnot[39m[31m[91m[36m(.disabled)[39m[31m[91m[33m:[39m[31m[91mactive,.btn-group-lg.show>.btn-danger.dropdown-toggle.btn,.btn-group-lg>.btn-danger.btn[33m:[39m[31m[91m[36mnot[39m[31m[91m[36m(:disabled)[39m[31m[91m[33m:[39m[31m[91m[36mnot[39m[31m[91m[36m(.disabled)[39m[31m[91m[33m.active,.btn-group-lg>.btn-danger.btn[39m[31m[91m[33m:[39m[31m[91m[36mnot[39m[31m[91m[36m(:disabled)[39m[31m[91m[33m:[39m[31m[91m[36mnot[39m[31m[91m[36m(.disabled)[39m[31m[91m[33m:[39m[31m[91mactive,.show>.btn-danger.btn-lg.dropdown-toggle[33m{[39m[31m[91mbox-shadow[33m:[39m[31m[91m-3.5px -7px 0[39m[22m[1m[31m 0 [35m#a00,2.5px[39m[31m[91m 6.125px 0 0 [35m#a00,-3.5px[39m[31m[91m 6.125px 0 0 [35m#a00,2.5px[39m[31m[91m -7px 0 0 [35m#a00[39m[31m[91m[33m;[39m[31m[91mcolor[33m:[39m[31m[91m[35m#fff[39m[31m[91m[33m;[39m[31m[91mborder-color[33m:[39m[31m[91m[35m#fff[39m[31m[91m[33m;[39m[31m[91mbackground-color[33m:[39m[31m[91m[35m#a00[39m[31m[91m[33m;[39m[31m[91m-webkit-filter[33m:[39m[31m[91mnone[33m;[39m[31m[91mfilter[33m:[39m[31m[91mnone[33m;[39m[31m[91mfilter[33m:[39m[31m[91mnone[33m;[39m[31m[91mposition[33m:[39m[31m[91mrelative[33m;[39m[31m[91mtop[33m:[39m[31m[91m14px[33m;[39m[31m[91mleft[33m:[39m[31m[91m8px[33m}[39m[31m[91m[33m.bs-component>.btn-light[39m[31m[91m[33m:[39m[31m[91m[36mnot[39m[31m[91m[36m(.disabled)[39m[31m[91m[33m:[39m[31m[91m[36mnot[39m[31m[91m[36m(.btn-sm)[39m[31m[91m[33m:[39m[31m[91m[36mnot[39m[31m[91m[36m(.btn-lg)[39m[31m[91m[33m:[39m[31m[91mhover[33m{[39m[31m[91mpadding-left[33m:[39m[31m[91m0[33m;[39m[31m[91mpadding-right[33m:[39m[31m[91m0[33m}[39m[31m[91m[33m.bs-component>.btn-light[39m[31m[91m[33m:[39m[31m[91m[36mnot[39m[31m[91m[36m(.disabled)[39m[31m[91m[33m:[39m[31m[91m[36mnot[39m[31m[91m[36m(.btn-sm)[39m[31m[91m[33m:[39m[31m[91m[36mnot[39m[31m[91m[36m(.btn-lg)[39m[31m[91m[33m:[39m[31m[91mhover[33m:[39m[31m[91mbefore[33m{[39m[31m[91mcontent[33m:[39m[31m[91m[32m'\25ba\20'[39m[31m[91m[33m}[39m[31m[91m[33m.bs-component>.btn-light[39m[31m[91m[33m:[39m[31m[91m[36mnot[39m[31m[91m[36m(.disabled)[39m[31m[91m[33m:[39m[31m[91m[36mnot[39m[31m[91m[36m(.btn-sm)[39m[31m[91m[33m:[39m[31m[91m[36mnot[39m[31m[91m[36m(.btn-lg)[39m[31m[91m[33m:[39m[31m[91mhover[33m:[39m[31m[91mafter[33m{[39m[31m[91mcontent[33m:[39m[31m[91m[32m' \25c4'[39m[31m[91m[33m}[39m[31m[91m[33m.btn-light[39m[31m[91m[33m{[39m[31m[91mcolor[33m:[39m[31m[91m[35m#000[39m[31m[91m[33m;[39m[31m[91mborder-color[33m:[39m[31m[91m[35m#000[39m[31m[91m[33m;[39m[31m[91mbackground-color[33m:[39m[31m[91m[35m#fff[39m[31m[91m[33m}[39m[31m[91m[33m.btn-light[39m[31m[91m[33m:[39m[31m[91mhover[33m{[39m[31m[91mborder-color[33m:[39m[31m[91m[35m#fff[39m[31m[91m[33m}[39m[31m[91m[33m.btn-light.focus,.btn-light[39[39m[22m[1m[31mm[91m[33m:[39m[31m[91mfocus[33m{[39m[31m[91mborder-color[33m:[39m[31m[91m[35m#fff[39m[31m[91m[33m}[39m[31m[91m[33m.btn-light.disabled,.btn-light[39m[31m[91m[33m:[39m[31m[91mdisabled[33m{[39m[31m[91mcolor[33m:[39m[31m[91m[35m#555[39m[31m[91m[33m;[39m[31m[91mbackground-color[33m:[39m[31m[91m[35m#bbb[39m[31m[91m[33m;[39m[31m[91mborder-color[33m:[39m[31m[91m[35m#fff[39m[31m[91m[33m}[39m[31m[91m[33m.btn-light[39m[31m[91m[33m:[39m[31m[91m[36mnot[39m[31m[91m[36m(:disabled)[39m[31m[91m[33m:[39m[31m[91m[36mnot[39m[31m[91m[36m(.disabled)[39m[31m[91m[33m.active,.btn-light[39m[31m[91m[33m:[39m[31m[91m[36mnot[39m[31m[91m[36m(:disabled)[39m[31m[91m[33m:[39m[31m[91m[36mnot[39m[31m[91m[36m(.disabled)[39m[31m[91m[33m:[39m[31m[91mactive,.show>.btn-light.dropdown-toggle[33m{[39m[31m[91mcolor[33m:[39m[31m[91m[35m#fff[39m[31m[91m[33m;[39m[31m[91mbackground-color[33m:[39m[31m[91m[35m#000[39m[31m[91m[33m}[39m[31m[91m[33m.btn-group-lg>.btn-light.btn,.btn-light.btn-lg[39m[31m[91m[33m{[39m[31m[91mbackground-color[33m:[39m[31m[91m[35m#fff[39m[31m[91m[33m;[39m[31m[91mborder[33m:[39m[31m[91m[33m.875px[39m[31m[91m solid [35m#000[39m[31m[91m[33m;[39m[31m[91mmargin-top[33m:[39m[31m[91m7px[33m;[39m[31m[91mpadding-top[33m:[39m[31m[91m6.125px[33m;[39m[31m[91mpadding-bottom[33m:[39m[31m[91m7px[33m;[39m[31m[91mmargin-bottom[33m:[39m[31m[91m6.125px[33m;[39m[31m[91mborder-left-width[33m:[39m[31m[91m2px[33m;[39m[31m[91mborder-right-width[33m:[39m[31m[91m2px[33m;[39m[31m[91mmargin-left[33m:[39m[31m[91m3.5px[33m;[39m[31m[91mpadding-left[33m:[39m[31m[91m10.5px[33m;[39m[31m[91mpadding-right[33m:[39m[31m[91m11.5px[33m;[39m[31m[91mmargin-right[33m:[39m[31m[91m2.5px[33m;[39m[31m[91mbox-shadow[33m:[39m[31m[91m-3.5px -7px 0 0 [35m#fff,2.5px[39m[31m[91m 6.125px 0 0 [35m#fff,-3.5px[39m[31m[91m 6.125px 0 0 [35m#fff,2.5px[39m[31m[91m -7px 0 0 [35m#fff[39m[31m[91m[33m;[39m[31m[91m-webkit-filter[33m:[39m[31m[91m[36mdrop-shadow[39m[31m[91m[36m(7px 8px 0 #000)[39m[31m[91m[33m;[39m[31m[91mfilter[33m:[39m[31m[91m[36mdrop-shadow[39m[31m[91m[36m(7px 8px 0 #000)[39m[31m[91m[33m;[39m[31m[91mmargin-right[33[39m[22m[1m[31mm:[39m[31m[91m10.5px[33m;[39m[31m[91mmargin-bottom[33m:[39m[31m[91m20px[33m}[39m[31m[91m[33m.btn-group-lg>.btn-light.btn[39m[31m[91m[33m:[39m[31m[91mhover,.btn-light.btn-lg[33m:[39m[31m[91mhover[33m{[39m[31m[91mbox-shadow[33m:[39m[31m[91m-3.5px -7px 0 0 [35m#bbb,2.5px[39m[31m[91m 6.125px 0 0 [35m#bbb,-3.5px[39m[31m[91m 6.125px 0 0 [35m#bbb,2.5px[39m[31m[91m -7px 0 0 [35m#bbb[39m[31m[91m[33m;[39m[31m[91mcolor[33m:[39m[31m[91m[35m#fff[39m[31m[91m[33m;[39m[31m[91mborder-color[33m:[39m[31m[91m[35m#fff[39m[31m[91m[33m;[39m[31m[91mbackground-color[33m:[39m[31m[91m[35m#bbb[39m[31m[91m[33m}[39m[31m[91m[33m.btn-group-lg.show>.btn-light.dropdown-toggle.btn,.btn-group-lg>.btn-light.btn[39m[31m[91m[33m:[39m[31m[91m[36mnot[39m[31m[91m[36m(:disabled)[39m[31m[91m[33m:[39m[31m[91m[36mnot[39m[31m[91m[36m(.disabled)[39m[31m[91m[33m.active,.btn-group-lg>.btn-light.btn[39m[31m[91m[33m:[39m[31m[91m[36mnot[39m[31m[91m[36m(:disabled)[39m[31m[91m[33m:[39m[31m[91m[36mnot[39m[31m[91m[36m(.disabled)[39m[31m[91m[33m:[39m[31m[91mactive,.btn-light.btn-lg[33m:[39m[31m[91m[36mnot[39m[31m[91m[36m(:disabled)[39m[31m[91m[33m:[39m[31m[91m[36mnot[39m[31m[91m[36m(.disabled)[39m[31m[91m[33m.active,.btn-light.btn-lg[39m[31m[91m[33m:[39m[31m[91m[36mnot[39m[31m[91m[36m(:disabled)[39m[31m[91m[33m:[39m[31m[91m[36mnot[39m[31m[91m[36m(.disabled)[39m[31m[91m[33m:[39m[31m[91mactive,.show>.btn-light.btn-lg.dropdown-toggle[33m{[39m[31m[91mbox-shadow[33m:[39m[31m[91m-3.5px -7px 0 0 [35m#bbb,2.5px[39m[31m[91m 6.125px 0 0 [35m#bbb,-3.5px[39m[31m[91m 6.125px 0 0 [35m#bbb,2.5px[39m[31m[91m -7px 0 0 [35m#bbb[39m[31m[91m[33m;[39m[31m[91mcolor[33m:[39m[31m[91m[35m#fff[39m[31m[91m[33m;[39m[31m[91mborder-color[33m:[39m[31m[91m[35m#fff[39m[31m[91m[33m;[39m[31m[91mbackground-color[33m:[39m[31m[91m[35m#bbb[39m[31m[91m[33m;[39m[31m[91m-webkit-filter[33m:[39m[31m[91mnone[33m;[39m[31m[91mfilter[33m:[39m[31m[91mnone[33m;[39m[31m[91mfilter[33m:[39m[31m[91mnone[33m;[39m[31m[91mposition[33m:[39m[31m[91mrelative[33m;[39m[31m[91mtop[33m:[39m[31m[91m14px[33m;[39m[31m[91mleft[33m:[39m[31m[91m8px[33m}[39m[31m[91m[33m.[39m[22m[1m[31mbs-component>.btn-dark[39m[31m[91m[33m:[39m[31m[91m[36mnot[39m[31m[91m[36m(.disabled)[39m[31m[91m[33m:[39m[31m[91m[36mnot[39m[31m[91m[36m(.btn-sm)[39m[31m[91m[33m:[39m[31m[91m[36mnot[39m[31m[91m[36m(.btn-lg)[39m[31m[91m[33m:[39m[31m[91mhover[33m{[39m[31m[91mpadding-left[33m:[39m[31m[91m0[33m;[39m[31m[91mpadding-right[33m:[39m[31m[91m0[33m}[39m[31m[91m[33m.bs-component>.btn-dark[39m[31m[91m[33m:[39m[31m[91m[36mnot[39m[31m[91m[36m(.disabled)[39m[31m[91m[33m:[39m[31m[91m[36mnot[39m[31m[91m[36m(.btn-sm)[39m[31m[91m[33m:[39m[31m[91m[36mnot[39m[31m[91m[36m(.btn-lg)[39m[31m[91m[33m:[39m[31m[91mhover[33m:[39m[31m[91mbefore[33m{[39m[31m[91mcontent[33m:[39m[31m[91m[32m'\25ba\20'[39m[31m[91m[33m}[39m[31m[91m[33m.bs-component>.btn-dark[39m[31m[91m[33m:[39m[31m[91m[36mnot[39m[31m[91m[36m(.disabled)[39m[31m[91m[33m:[39m[31m[91m[36mnot[39m[31m[91m[36m(.btn-sm)[39m[31m[91m[33m:[39m[31m[91m[36mnot[39m[31m[91m[36m(.btn-lg)[39m[31m[91m[33m:[39m[31m[91mhover[33m:[39m[31m[91mafter[33m{[39m[31m[91mcontent[33m:[39m[31m[91m[32m' \25c4'[39m[31m[91m[33m}[39m[31m[91m[33m.btn-dark[39m[31m[91m[33m{[39m[31m[91mcolor[33m:[39m[31m[91m[35m#000[39m[31m[91m[33m;[39m[31m[91mborder-color[33m:[39m[31m[91m[35m#000[39m[31m[91m[33m;[39m[31m[91mbackground-color[33m:[39m[31m[91m[35m#000[39m[31m[91m[33m}[39m[31m[91m[33m.btn-dark[39m[31m[91m[33m:[39m[31m[91mhover[33m:[39m[31m[91mafter,.btn-dark[33m:[39m[31m[91mhover[33m:[39m[31m[91mbefore[33m{[39m[31m[91mcolor[33m:[39m[31m[91m[35m#555[39m[31m[91m[33m}[39m[31m[91m[33m.btn-dark[39m[31m[91m[33m:[39m[31m[91mhover[33m{[39m[31m[91mcolor[33m:[39m[31m[91m[35m#555[39m[31m[91m[33m;[39m[31m[91mborder-color[33m:[39m[31m[91m[35m#fff[39m[31m[91m[33m}[39m[31m[91m[33m.btn-dark.focus,.btn-dark[39m[31m[91m[33m:[39m[31m[91mfocus[33m{[39m[31m[91mborder-color[33m:[39m[31m[91m[35m#fff[39m[31m[91m[33m}[39m[31m[91m[33m.btn-dark.disabled,.btn-dark[39m[31m[91m[33m:[39m[31m[91mdisabled[33m{[39m[31m[91mcolor[33m:[39m[31m[91m[35m#555[39m[31m[91m[33m;[39m[31m[91mbackground-color[33m:[39m[31m[91m[35m#bbb[39m[31m[91m[33m;[39m[31m[91mborder-color[33m:[39m[31m[91m[35m#000[39m[31m[91m[3[39m[22m[1m[31m3m}[39m[31m[91m[33m.btn-dark[39m[31m[91m[33m:[39m[31m[91m[36mnot[39m[31m[91m[36m(:disabled)[39m[31m[91m[33m:[39m[31m[91m[36mnot[39m[31m[91m[36m(.disabled)[39m[31m[91m[33m.active,.btn-dark[39m[31m[91m[33m:[39m[31m[91m[36mnot[39m[31m[91m[36m(:disabled)[39m[31m[91m[33m:[39m[31m[91m[36mnot[39m[31m[91m[36m(.disabled)[39m[31m[91m[33m:[39m[31m[91mactive,.show>.btn-dark.dropdown-toggle[33m{[39m[31m[91mcolor[33m:[39m[31m[91m[35m#000[39m[31m[91m[33m;[39m[31m[91mbackground-color[33m:[39m[31m[91m[35m#000[39m[31m[91m[33m}[39m[31m[91m[33m.btn-dark.btn-lg,.btn-group-lg>.btn-dark.btn[39m[31m[91m[33m{[39m[31m[91mbackground-color[33m:[39m[31m[91m[35m#000[39m[31m[91m[33m;[39m[31m[91mborder[33m:[39m[31m[91m[33m.875px[39m[31m[91m solid [35m#000[39m[31m[91m[33m;[39m[31m[91mmargin-top[33m:[39m[31m[91m7px[33m;[39m[31m[91mpadding-top[33m:[39m[31m[91m6.125px[33m;[39m[31m[91mpadding-bottom[33m:[39m[31m[91m7px[33m;[39m[31m[91mmargin-bottom[33m:[39m[31m[91m6.125px[33m;[39m[31m[91mborder-left-width[33m:[39m[31m[91m2px[33m;[39m[31m[91mborder-right-width[33m:[39m[31m[91m2px[33m;[39m[31m[91mmargin-left[33m:[39m[31m[91m3.5px[33m;[39m[31m[91mpadding-left[33m:[39m[31m[91m10.5px[33m;[39m[31m[91mpadding-right[33m:[39m[31m[91m11.5px[33m;[39m[31m[91mmargin-right[33m:[39m[31m[91m2.5px[33m;[39m[31m[91mbox-shadow[33m:[39m[31m[91m-3.5px -7px 0 0 [35m#000,2.5px[39m[31m[91m 6.125px 0 0 [35m#000,-3.5px[39m[31m[91m 6.125px 0 0 [35m#000,2.5px[39m[31m[91m -7px 0 0 [35m#000[39m[31m[91m[33m;[39m[31m[91m-webkit-filter[33m:[39m[31m[91m[36mdrop-shadow[39m[31m[91m[36m(7px 8px 0 #000)[39m[31m[91m[33m;[39m[31m[91mfilter[33m:[39m[31m[91m[36mdrop-shadow[39m[31m[91m[36m(7px 8px 0 #000)[39m[31m[91m[33m;[39m[31m[91mmargin-right[33m:[39m[31m[91m10.5px[33m;[39m[31m[91mmargin-bottom[33m:[39m[31m[91m20px[33m}[39m[31m[91m[33m.btn-dark.btn-lg[39m[31m[91m[33m:[39m[31m[91mhover,.btn-group-lg>.btn-dark.btn[33m:[39m[31m[91mhover[33m{[39m[31m[91mbox-shadow[33m:[39m[31m[91m-3.5px -7px 0 0 [35m#000,2.5px[39m[31m[91m 6.125px 0 0 [35m#000,-3.5px[39m[31m[91m 6.125px 0 0 [35m#000,2.5px[39m[31m[91m -7px 0 0 [35m#000[39m[31m[39m[22m[1m[31m[91m[33m;[39m[31m[91mcolor[33m:[39m[31m[91m[35m#fff[39m[31m[91m[33m;[39m[31m[91mborder-color[33m:[39m[31m[91m[35m#fff[39m[31m[91m[33m;[39m[31m[91mbackground-color[33m:[39m[31m[91m[35m#000[39m[31m[91m[33m}[39m[31m[91m[33m.btn-dark.btn-lg[39m[31m[91m[33m:[39m[31m[91m[36mnot[39m[31m[91m[36m(:disabled)[39m[31m[91m[33m:[39m[31m[91m[36mnot[39m[31m[91m[36m(.disabled)[39m[31m[91m[33m.active,.btn-dark.btn-lg[39m[31m[91m[33m:[39m[31m[91m[36mnot[39m[31m[91m[36m(:disabled)[39m[31m[91m[33m:[39m[31m[91m[36mnot[39m[31m[91m[36m(.disabled)[39m[31m[91m[33m:[39m[31m[91mactive,.btn-group-lg.show>.btn-dark.dropdown-toggle.btn,.btn-group-lg>.btn-dark.btn[33m:[39m[31m[91m[36mnot[39m[31m[91m[36m(:disabled)[39m[31m[91m[33m:[39m[31m[91m[36mnot[39m[31m[91m[36m(.disabled)[39m[31m[91m[33m.active,.btn-group-lg>.btn-dark.btn[39m[31m[91m[33m:[39m[31m[91m[36mnot[39m[31m[91m[36m(:disabled)[39m[31m[91m[33m:[39m[31m[91m[36mnot[39m[31m[91m[36m(.disabled)[39m[31m[91m[33m:[39m[31m[91mactive,.show>.btn-dark.btn-lg.dropdown-toggle[33m{[39m[31m[91mbox-shadow[33m:[39m[31m[91m-3.5px -7px 0 0 [35m#000,2.5px[39m[31m[91m 6.125px 0 0 [35m#000,-3.5px[39m[31m[91m 6.125px 0 0 [35m#000,2.5px[39m[31m[91m -7px 0 0 [35m#000[39m[31m[91m[33m;[39m[31m[91mcolor[33m:[39m[31m[91m[35m#fff[39m[31m[91m[33m;[39m[31m[91mborder-color[33m:[39m[31m[91m[35m#fff[39m[31m[91m[33m;[39m[31m[91mbackground-color[33m:[39m[31m[91m[35m#000[39m[31m[91m[33m;[39m[31m[91m-webkit-filter[33m:[39m[31m[91mnone[33m;[39m[31m[91mfilter[33m:[39m[31m[91mnone[33m;[39m[31m[91mfilter[33m:[39m[31m[91mnone[33m;[39m[31m[91mposition[33m:[39m[31m[91mrelative[33m;[39m[31m[91mtop[33m:[39m[31m[91m14px[33m;[39m[31m[91mleft[33m:[39m[31m[91m8px[33m}[39m[31m[91m[33m.btn-outline-primary[39m[31m[91m[33m{[39m[31m[91mcolor[33m:[39m[31m[91m[35m#fff[39m[31m[91m[33m;[39m[31m[91mborder-color[33m:[39m[31m[91m[35m#fff[39m[31m[91m[33m;[39m[31m[91mbackground[33m:[39m[31m[91m0 0[33m;[39m[31m[91mborder[33m:[39m[31m[91m[33m.875px[39m[31m[91m solid [35m#fff[39m[31m[91m[33m;[39m[31m[91mmargin-top[33m:[39m[31m[91m7px[33m;[39m[31m[91mpadding-top[33m:[39m[31m[91m6.125px[33[39m[22m[1m[31mm;[39m[31m[91mpadding-bottom[33m:[39m[31m[91m7px[33m;[39m[31m[91mmargin-bottom[33m:[39m[31m[91m6.125px[33m;[39m[31m[91mborder-left-width[33m:[39m[31m[91m2px[33m;[39m[31m[91mborder-right-width[33m:[39m[31m[91m2px[33m;[39m[31m[91mmargin-left[33m:[39m[31m[91m3.5px[33m;[39m[31m[91mpadding-left[33m:[39m[31m[91m10.5px[33m;[39m[31m[91mpadding-right[33m:[39m[31m[91m11.5px[33m;[39m[31m[91mmargin-right[33m:[39m[31m[91m2.5px[33m}[39m[31m[91m[33m.btn-outline-primary[39m[31m[91m[33m:[39m[31m[91mhover[33m{[39m[31m[91mborder[33m:[39m[31m[91m[33m.875px[39m[31m[91m solid [35m#555[39m[31m[91m[33m;[39m[31m[91mmargin-top[33m:[39m[31m[91m7px[33m;[39m[31m[91mpadding-top[33m:[39m[31m[91m6.125px[33m;[39m[31m[91mpadding-bottom[33m:[39m[31m[91m7px[33m;[39m[31m[91mmargin-bottom[33m:[39m[31m[91m6.125px[33m;[39m[31m[91mborder-left-width[33m:[39m[31m[91m2px[33m;[39m[31m[91mborder-right-width[33m:[39m[31m[91m2px[33m;[39m[31m[91mmargin-left[33m:[39m[31m[91m3.5px[33m;[39m[31m[91mpadding-left[33m:[39m[31m[91m10.5px[33m;[39m[31m[91mpadding-right[33m:[39m[31m[91m11.5px[33m;[39m[31m[91mmargin-right[33m:[39m[31m[91m2.5px[33m;[39m[31m[91mcolor[33m:[39m[31m[91m[35m#fff[39m[31m[91m[33m}[39m[31m[91m[33m.btn-outline-primary.disabled,.btn-outline-primary[39m[31m[91m[33m:[39m[31m[91mdisabled[33m{[39m[31m[91mcolor[33m:[39m[31m[91m[35m#bbb[39m[31m[91m[33m}[39m[31m[91m[33m.btn-outline-primary[39m[31m[91m[33m:[39m[31m[91m[36mnot[39m[31m[91m[36m(:disabled)[39m[31m[91m[33m:[39m[31m[91m[36mnot[39m[31m[91m[36m(.disabled)[39m[31m[91m[33m.active,.btn-outline-primary[39m[31m[91m[33m:[39m[31m[91m[36mnot[39m[31m[91m[36m(:disabled)[39m[31m[91m[33m:[39m[31m[91m[36mnot[39m[31m[91m[36m(.disabled)[39m[31m[91m[33m:[39m[31m[91mactive,.show>.btn-outline-primary.dropdown-toggle[33m{[39m[31m[91mcolor[33m:[39m[31m[91m[35m#fff[39m[31m[91m[33m;[39m[31m[91mborder-color[33m:[39m[31m[91m[35m#bbb[39m[31m[91m[33m}[39m[31m[91m[33m.btn-outline-secondary[39m[31m[91m[33m{[39m[31m[91mcolor[33m:[39m[31m[91m[35m#fff[39m[31m[91m[33m;[39m[31m[91mborder-color[33m:[39m[31m[91m[35m#fff[39m[31m[91m[33m;[39m[31m[91mbackground[33m:[39m[31m[39m[22m[1m[31m[91m0 0[33m;[39m[31m[91mborder[33m:[39m[31m[91m[33m.875px[39m[31m[91m solid [35m#fff[39m[31m[91m[33m;[39m[31m[91mmargin-top[33m:[39m[31m[91m7px[33m;[39m[31m[91mpadding-top[33m:[39m[31m[91m6.125px[33m;[39m[31m[91mpadding-bottom[33m:[39m[31m[91m7px[33m;[39m[31m[91mmargin-bottom[33m:[39m[31m[91m6.125px[33m;[39m[31m[91mborder-left-width[33m:[39m[31m[91m2px[33m;[39m[31m[91mborder-right-width[33m:[39m[31m[91m2px[33m;[39m[31m[91mmargin-left[33m:[39m[31m[91m3.5px[33m;[39m[31m[91mpadding-left[33m:[39m[31m[91m10.5px[33m;[39m[31m[91mpadding-right[33m:[39m[31m[91m11.5px[33m;[39m[31m[91mmargin-right[33m:[39m[31m[91m2.5px[33m}[39m[31m[91m[33m.btn-outline-secondary[39m[31m[91m[33m:[39m[31m[91mhover[33m{[39m[31m[91mborder[33m:[39m[31m[91m[33m.875px[39m[31m[91m solid [35m#555[39m[31m[91m[33m;[39m[31m[91mmargin-top[33m:[39m[31m[91m7px[33m;[39m[31m[91mpadding-top[33m:[39m[31m[91m6.125px[33m;[39m[31m[91mpadding-bottom[33m:[39m[31m[91m7px[33m;[39m[31m[91mmargin-bottom[33m:[39m[31m[91m6.125px[33m;[39m[31m[91mborder-left-width[33m:[39m[31m[91m2px[33m;[39m[31m[91mborder-right-width[33m:[39m[31m[91m2px[33m;[39m[31m[91mmargin-left[33m:[39m[31m[91m3.5px[33m;[39m[31m[91mpadding-left[33m:[39m[31m[91m10.5px[33m;[39m[31m[91mpadding-right[33m:[39m[31m[91m11.5px[33m;[39m[31m[91mmargin-right[33m:[39m[31m[91m2.5px[33m;[39m[31m[91mcolor[33m:[39m[31m[91m[35m#fff[39m[31m[91m[33m}[39m[31m[91m[33m.btn-outline-secondary.disabled,.btn-outline-secondary[39m[31m[91m[33m:[39m[31m[91mdisabled[33m{[39m[31m[91mcolor[33m:[39m[31m[91m[35m#bbb[39m[31m[91m[33m}[39m[31m[91m[33m.btn-outline-secondary[39m[31m[91m[33m:[39m[31m[91m[36mnot[39m[31m[91m[36m(:disabled)[39m[31m[91m[33m:[39m[31m[91m[36mnot[39m[31m[91m[36m(.disabled)[39m[31m[91m[33m.active,.btn-outline-secondary[39m[31m[91m[33m:[39m[31m[91m[36mnot[39m[31m[91m[36m(:disabled)[39m[31m[91m[33m:[39m[31m[91m[36mnot[39m[31m[91m[36m(.disabled)[39m[31m[91m[33m:[39m[31m[91mactive,.show>.btn-outline-secondary.dropdown-toggle[33m{[39m[31m[91mcolor[33m:[39m[31m[91m[35m#fff[39m[31m[91m[33m;[39m[31m[91mborder-color[33m:[39m[31m[91m[35m#bbb[39m[31m[91m[33m[39m[22m[1m[31m}[39m[31m[91m[33m.btn-outline-success[39m[31m[91m[33m{[39m[31m[91mcolor[33m:[39m[31m[91m[35m#5f5[39m[31m[91m[33m;[39m[31m[91mborder-color[33m:[39m[31m[91m[35m#5f5[39m[31m[91m[33m;[39m[31m[91mbackground[33m:[39m[31m[91m0 0[33m;[39m[31m[91mborder[33m:[39m[31m[91m[33m.875px[39m[31m[91m solid [35m#5f5[39m[31m[91m[33m;[39m[31m[91mmargin-top[33m:[39m[31m[91m7px[33m;[39m[31m[91mpadding-top[33m:[39m[31m[91m6.125px[33m;[39m[31m[91mpadding-bottom[33m:[39m[31m[91m7px[33m;[39m[31m[91mmargin-bottom[33m:[39m[31m[91m6.125px[33m;[39m[31m[91mborder-left-width[33m:[39m[31m[91m2px[33m;[39m[31m[91mborder-right-width[33m:[39m[31m[91m2px[33m;[39m[31m[91mmargin-left[33m:[39m[31m[91m3.5px[33m;[39m[31m[91mpadding-left[33m:[39m[31m[91m10.5px[33m;[39m[31m[91mpadding-right[33m:[39m[31m[91m11.5px[33m;[39m[31m[91mmargin-right[33m:[39m[31m[91m2.5px[33m}[39m[31m[91m[33m.btn-outline-success[39m[31m[91m[33m:[39m[31m[91mhover[33m{[39m[31m[91mborder[33m:[39m[31m[91m[33m.875px[39m[31m[91m solid [35m#0a0[39m[31m[91m[33m;[39m[31m[91mmargin-top[33m:[39m[31m[91m7px[33m;[39m[31m[91mpadding-top[33m:[39m[31m[91m6.125px[33m;[39m[31m[91mpadding-bottom[33m:[39m[31m[91m7px[33m;[39m[31m[91mmargin-bottom[33m:[39m[31m[91m6.125px[33m;[39m[31m[91mborder-left-width[33m:[39m[31m[91m2px[33m;[39m[31m[91mborder-right-width[33m:[39m[31m[91m2px[33m;[39m[31m[91mmargin-left[33m:[39m[31m[91m3.5px[33m;[39m[31m[91mpadding-left[33m:[39m[31m[91m10.5px[33m;[39m[31m[91mpadding-right[33m:[39m[31m[91m11.5px[33m;[39m[31m[91mmargin-right[33m:[39m[31m[91m2.5px[33m;[39m[31m[91mcolor[33m:[39m[31m[91m[35m#fff[39m[31m[91m[33m}[39m[31m[91m[33m.btn-outline-success.disabled,.btn-outline-success[39m[31m[91m[33m:[39m[31m[91mdisabled[33m{[39m[31m[91mcolor[33m:[39m[31m[91m[35m#0a0[39m[31m[91m[33m}[39m[31m[91m[33m.btn-outline-success[39m[31m[91m[33m:[39m[31m[91m[36mnot[39m[31m[91m[36m(:disabled)[39m[31m[91m[33m:[39m[31m[91m[36mnot[39m[31m[91m[36m(.disabled)[39m[31m[91m[33m.active,.btn-outline-success[39m[31m[91m[33m:[39m[31m[91m[36mnot[39m[31m[91m[36m(:disabled)[39m[31m[91m[33m:[39m[31m[91m[36mnot[39m[31m[91m[36m(.disabled)[39m[31m[91[39m[22m[1m[31mm[33m:[39m[31m[91mactive,.show>.btn-outline-success.dropdown-toggle[33m{[39m[31m[91mcolor[33m:[39m[31m[91m[35m#5f5[39m[31m[91m[33m;[39m[31m[91mborder-color[33m:[39m[31m[91m[35m#0a0[39m[31m[91m[33m}[39m[31m[91m[33m.btn-outline-info[39m[31m[91m[33m{[39m[31m[91mcolor[33m:[39m[31m[91m[35m#5ff[39m[31m[91m[33m;[39m[31m[91mborder-color[33m:[39m[31m[91m[35m#5ff[39m[31m[91m[33m;[39m[31m[91mbackground[33m:[39m[31m[91m0 0[33m;[39m[31m[91mborder[33m:[39m[31m[91m[33m.875px[39m[31m[91m solid [35m#5ff[39m[31m[91m[33m;[39m[31m[91mmargin-top[33m:[39m[31m[91m7px[33m;[39m[31m[91mpadding-top[33m:[39m[31m[91m6.125px[33m;[39m[31m[91mpadding-bottom[33m:[39m[31m[91m7px[33m;[39m[31m[91mmargin-bottom[33m:[39m[31m[91m6.125px[33m;[39m[31m[91mborder-left-width[33m:[39m[31m[91m2px[33m;[39m[31m[91mborder-right-width[33m:[39m[31m[91m2px[33m;[39m[31m[91mmargin-left[33m:[39m[31m[91m3.5px[33m;[39m[31m[91mpadding-left[33m:[39m[31m[91m10.5px[33m;[39m[31m[91mpadding-right[33m:[39m[31m[91m11.5px[33m;[39m[31m[91mmargin-right[33m:[39m[31m[91m2.5px[33m}[39m[31m[91m[33m.btn-outline-info[39m[31m[91m[33m:[39m[31m[91mhover[33m{[39m[31m[91mborder[33m:[39m[31m[91m[33m.875px[39m[31m[91m solid [35m#0aa[39m[31m[91m[33m;[39m[31m[91mmargin-top[33m:[39m[31m[91m7px[33m;[39m[31m[91mpadding-top[33m:[39m[31m[91m6.125px[33m;[39m[31m[91mpadding-bottom[33m:[39m[31m[91m7px[33m;[39m[31m[91mmargin-bottom[33m:[39m[31m[91m6.125px[33m;[39m[31m[91mborder-left-width[33m:[39m[31m[91m2px[33m;[39m[31m[91mborder-right-width[33m:[39m[31m[91m2px[33m;[39m[31m[91mmargin-left[33m:[39m[31m[91m3.5px[33m;[39m[31m[91mpadding-left[33m:[39m[31m[91m10.5px[33m;[39m[31m[91mpadding-right[33m:[39m[31m[91m11.5px[33m;[39m[31m[91mmargin-right[33m:[39m[31m[91m2.5px[33m;[39m[31m[91mcolor[33m:[39m[31m[91m[35m#fff[39m[31m[91m[33m}[39m[31m[91m[33m.btn-outline-info.disabled,.btn-outline-info[39m[31m[91m[33m:[39m[31m[91mdisabled[33m{[39m[31m[91mcolor[33m:[39m[31m[91m[35m#0aa[39m[31m[91m[33m}[39m[31m[91m[33m.btn-outline-info[39m[31m[91m[33m:[39m[31m[91m[36mnot[39m[31m[91m[36m(:disabled)[39m[31m[91m[33m:[39m[31m[91m[36mnot[39m[31m[91m[36m(.disabl[39m[22m[1m[31med)[39m[31m[91m[33m.active,.btn-outline-info[39m[31m[91m[33m:[39m[31m[91m[36mnot[39m[31m[91m[36m(:disabled)[39m[31m[91m[33m:[39m[31m[91m[36mnot[39m[31m[91m[36m(.disabled)[39m[31m[91m[33m:[39m[31m[91mactive,.show>.btn-outline-info.dropdown-toggle[33m{[39m[31m[91mcolor[33m:[39m[31m[91m[35m#5ff[39m[31m[91m[33m;[39m[31m[91mborder-color[33m:[39m[31m[91m[35m#0aa[39m[31m[91m[33m}[39m[31m[91m[33m.btn-outline-warning[39m[31m[91m[33m{[39m[31m[91mcolor[33m:[39m[31m[91m[35m#ff5[39m[31m[91m[33m;[39m[31m[91mborder-color[33m:[39m[31m[91m[35m#ff5[39m[31m[91m[33m;[39m[31m[91mbackground[33m:[39m[31m[91m0 0[33m;[39m[31m[91mborder[33m:[39m[31m[91m[33m.875px[39m[31m[91m solid [35m#ff5[39m[31m[91m[33m;[39m[31m[91mmargin-top[33m:[39m[31m[91m7px[33m;[39m[31m[91mpadding-top[33m:[39m[31m[91m6.125px[33m;[39m[31m[91mpadding-bottom[33m:[39m[31m[91m7px[33m;[39m[31m[91mmargin-bottom[33m:[39m[31m[91m6.125px[33m;[39m[31m[91mborder-left-width[33m:[39m[31m[91m2px[33m;[39m[31m[91mborder-right-width[33m:[39m[31m[91m2px[33m;[39m[31m[91mmargin-left[33m:[39m[31m[91m3.5px[33m;[39m[31m[91mpadding-left[33m:[39m[31m[91m10.5px[33m;[39m[31m[91mpadding-right[33m:[39m[31m[91m11.5px[33m;[39m[31m[91mmargin-right[33m:[39m[31m[91m2.5px[33m}[39m[31m[91m[33m.btn-outline-warning[39m[31m[91m[33m:[39m[31m[91mhover[33m{[39m[31m[91mborder[33m:[39m[31m[91m[33m.875px[39m[31m[91m solid [35m#a50[39m[31m[91m[33m;[39m[31m[91mmargin-top[33m:[39m[31m[91m7px[33m;[39m[31m[91mpadding-top[33m:[39m[31m[91m6.125px[33m;[39m[31m[91mpadding-bottom[33m:[39m[31m[91m7px[33m;[39m[31m[91mmargin-bottom[33m:[39m[31m[91m6.125px[33m;[39m[31m[91mborder-left-width[33m:[39m[31m[91m2px[33m;[39m[31m[91mborder-right-width[33m:[39m[31m[91m2px[33m;[39m[31m[91mmargin-left[33m:[39m[31m[91m3.5px[33m;[39m[31m[91mpadding-left[33m:[39m[31m[91m10.5px[33m;[39m[31m[91mpadding-right[33m:[39m[31m[91m11.5px[33m;[39m[31m[91mmargin-right[33m:[39m[31m[91m2.5px[33m;[39m[31m[91mcolor[33m:[39m[31m[91m[35m#fff[39m[31m[91m[33m}[39m[31m[91m[33m.btn-outline-warning.disabled,.btn-outline-warning[39m[31m[91m[33m:[39m[31m[91mdisabled[33m{[39m[31m[91mcolor[33m:[3[39m[22m[1m[31m9m[91m[35m#a50[39m[31m[91m[33m}[39m[31m[91m[33m.btn-outline-warning[39m[31m[91m[33m:[39m[31m[91m[36mnot[39m[31m[91m[36m(:disabled)[39m[31m[91m[33m:[39m[31m[91m[36mnot[39m[31m[91m[36m(.disabled)[39m[31m[91m[33m.active,.btn-outline-warning[39m[31m[91m[33m:[39m[31m[91m[36mnot[39m[31m[91m[36m(:disabled)[39m[31m[91m[33m:[39m[31m[91m[36mnot[39m[31m[91m[36m(.disabled)[39m[31m[91m[33m:[39m[31m[91mactive,.show>.btn-outline-warning.dropdown-toggle[33m{[39m[31m[91mcolor[33m:[39m[31m[91m[35m#ff5[39m[31m[91m[33m;[39m[31m[91mborder-color[33m:[39m[31m[91m[35m#a50[39m[31m[91m[33m}[39m[31m[91m[33m.btn-outline-danger[39m[31m[91m[33m{[39m[31m[91mcolor[33m:[39m[31m[91m[35m#f55[39m[31m[91m[33m;[39m[31m[91mborder-color[33m:[39m[31m[91m[35m#f55[39m[31m[91m[33m;[39m[31m[91mbackground[33m:[39m[31m[91m0 0[33m;[39m[31m[91mborder[33m:[39m[31m[91m[33m.875px[39m[31m[91m solid [35m#f55[39m[31m[91m[33m;[39m[31m[91mmargin-top[33m:[39m[31m[91m7px[33m;[39m[31m[91mpadding-top[33m:[39m[31m[91m6.125px[33m;[39m[31m[91mpadding-bottom[33m:[39m[31m[91m7px[33m;[39m[31m[91mmargin-bottom[33m:[39m[31m[91m6.125px[33m;[39m[31m[91mborder-left-width[33m:[39m[31m[91m2px[33m;[39m[31m[91mborder-right-width[33m:[39m[31m[91m2px[33m;[39m[31m[91mmargin-left[33m:[39m[31m[91m3.5px[33m;[39m[31m[91mpadding-left[33m:[39m[31m[91m10.5px[33m;[39m[31m[91mpadding-right[33m:[39m[31m[91m11.5px[33m;[39m[31m[91mmargin-right[33m:[39m[31m[91m2.5px[33m}[39m[31m[91m[33m.btn-outline-danger[39m[31m[91m[33m:[39m[31m[91mhover[33m{[39m[31m[91mborder[33m:[39m[31m[91m[33m.875px[39m[31m[91m solid [35m#a00[39m[31m[91m[33m;[39m[31m[91mmargin-top[33m:[39m[31m[91m7px[33m;[39m[31m[91mpadding-top[33m:[39m[31m[91m6.125px[33m;[39m[31m[91mpadding-bottom[33m:[39m[31m[91m7px[33m;[39m[31m[91mmargin-bottom[33m:[39m[31m[91m6.125px[33m;[39m[31m[91mborder-left-width[33m:[39m[31m[91m2px[33m;[39m[31m[91mborder-right-width[33m:[39m[31m[91m2px[33m;[39m[31m[91mmargin-left[33m:[39m[31m[91m3.5px[33m;[39m[31m[91mpadding-left[33m:[39m[31m[91m10.5px[33m;[39m[31m[91mpadding-right[33m:[39m[31m[91m11.5px[33m;[39m[31m[91mmargin-right[33m:[39m[31m[91m2.5px[3[39m[22m[1m[31m3m;[39m[31m[91mcolor[33m:[39m[31m[91m[35m#fff[39m[31m[91m[33m}[39m[31m[91m[33m.btn-outline-danger.disabled,.btn-outline-danger[39m[31m[91m[33m:[39m[31m[91mdisabled[33m{[39m[31m[91mcolor[33m:[39m[31m[91m[35m#a00[39m[31m[91m[33m}[39m[31m[91m[33m.btn-outline-danger[39m[31m[91m[33m:[39m[31m[91m[36mnot[39m[31m[91m[36m(:disabled)[39m[31m[91m[33m:[39m[31m[91m[36mnot[39m[31m[91m[36m(.disabled)[39m[31m[91m[33m.active,.btn-outline-danger[39m[31m[91m[33m:[39m[31m[91m[36mnot[39m[31m[91m[36m(:disabled)[39m[31m[91m[33m:[39m[31m[91m[36mnot[39m[31m[91m[36m(.disabled)[39m[31m[91m[33m:[39m[31m[91mactive,.show>.btn-outline-danger.dropdown-toggle[33m{[39m[31m[91mcolor[33m:[39m[31m[91m[35m#f55[39m[31m[91m[33m;[39m[31m[91mborder-color[33m:[39m[31m[91m[35m#a00[39m[31m[91m[33m}[39m[31m[91m[33m.btn-outline-light[39m[31m[91m[33m{[39m[31m[91mbackground[33m:[39m[31m[91m0 0[33m;[39m[31m[91mborder[33m:[39m[31m[91m[33m.875px[39m[31m[91m solid[33m;[39m[31m[91mmargin-top[33m:[39m[31m[91m7px[33m;[39m[31m[91mpadding-top[33m:[39m[31m[91m6.125px[33m;[39m[31m[91mpadding-bottom[33m:[39m[31m[91m7px[33m;[39m[31m[91mmargin-bottom[33m:[39m[31m[91m6.125px[33m;[39m[31m[91mborder-left-width[33m:[39m[31m[91m2px[33m;[39m[31m[91mborder-right-width[33m:[39m[31m[91m2px[33m;[39m[31m[91mmargin-left[33m:[39m[31m[91m3.5px[33m;[39m[31m[91mpadding-left[33m:[39m[31m[91m10.5px[33m;[39m[31m[91mpadding-right[33m:[39m[31m[91m11.5px[33m;[39m[31m[91mmargin-right[33m:[39m[31m[91m2.5px[33m}[39m[31m[91m[33m.btn-outline-light[39m[31m[91m[33m:[39m[31m[91mhover[33m{[39m[31m[91mborder[33m:[39m[31m[91m[33m.875px[39m[31m[91m solid [35m#bbb[39m[31m[91m[33m;[39m[31m[91mmargin-top[33m:[39m[31m[91m7px[33m;[39m[31m[91mpadding-top[33m:[39m[31m[91m6.125px[33m;[39m[31m[91mpadding-bottom[33m:[39m[31m[91m7px[33m;[39m[31m[91mmargin-bottom[33m:[39m[31m[91m6.125px[33m;[39m[31m[91mborder-left-width[33m:[39m[31m[91m2px[33m;[39m[31m[91mborder-right-width[33m:[39m[31m[91m2px[33m;[39m[31m[91mmargin-left[33m:[39m[31m[91m3.5px[33m;[39m[31m[91mpadding-left[33m:[39m[31m[91m10.5px[33m;[39m[31m[91mpadding-right[33m:[39m[31m[91m11.5px[33m;[39[39m[22m[1m[31mm[91mmargin-right[33m:[39m[31m[91m2.5px[33m;[39m[31m[91mcolor[33m:[39m[31m[91m[35m#fff[39m[31m[91m[33m}[39m[31m[91m[33m.btn-outline-light.disabled,.btn-outline-light[39m[31m[91m[33m:[39m[31m[91mdisabled[33m{[39m[31m[91mcolor[33m:[39m[31m[91m[35m#fff[39m[31m[91m[33m}[39m[31m[91m[33m.btn-outline-light[39m[31m[91m[33m:[39m[31m[91m[36mnot[39m[31m[91m[36m(:disabled)[39m[31m[91m[33m:[39m[31m[91m[36mnot[39m[31m[91m[36m(.disabled)[39m[31m[91m[33m.active,.btn-outline-light[39m[31m[91m[33m:[39m[31m[91m[36mnot[39m[31m[91m[36m(:disabled)[39m[31m[91m[33m:[39m[31m[91m[36mnot[39m[31m[91m[36m(.disabled)[39m[31m[91m[33m:[39m[31m[91mactive,.show>.btn-outline-light.dropdown-toggle[33m{[39m[31m[91mborder-color[33m:[39m[31m[91m[35m#fff[39m[31m[91m[33m}[39m[31m[91m[33m.btn-outline-dark[39m[31m[91m[33m{[39m[31m[91mcolor[33m:[39m[31m[91m[35m#555[39m[31m[91m[33m;[39m[31m[91mborder-color[33m:[39m[31m[91m[35m#555[39m[31m[91m[33m;[39m[31m[91mbackground[33m:[39m[31m[91m0 0[33m;[39m[31m[91mborder[33m:[39m[31m[91m[33m.875px[39m[31m[91m solid [35m#555[39m[31m[91m[33m;[39m[31m[91mmargin-top[33m:[39m[31m[91m7px[33m;[39m[31m[91mpadding-top[33m:[39m[31m[91m6.125px[33m;[39m[31m[91mpadding-bottom[33m:[39m[31m[91m7px[33m;[39m[31m[91mmargin-bottom[33m:[39m[31m[91m6.125px[33m;[39m[31m[91mborder-left-width[33m:[39m[31m[91m2px[33m;[39m[31m[91mborder-right-width[33m:[39m[31m[91m2px[33m;[39m[31m[91mmargin-left[33m:[39m[31m[91m3.5px[33m;[39m[31m[91mpadding-left[33m:[39m[31m[91m10.5px[33m;[39m[31m[91mpadding-right[33m:[39m[31m[91m11.5px[33m;[39m[31m[91mmargin-right[33m:[39m[31m[91m2.5px[33m}[39m[31m[91m[33m.btn-outline-dark[39m[31m[91m[33m:[39m[31m[91mhover[33m{[39m[31m[91mborder[33m:[39m[31m[91m[33m.875px[39m[31m[91m solid [35m#000[39m[31m[91m[33m;[39m[31m[91mmargin-top[33m:[39m[31m[91m7px[33m;[39m[31m[91mpadding-top[33m:[39m[31m[91m6.125px[33m;[39m[31m[91mpadding-bottom[33m:[39m[31m[91m7px[33m;[39m[31m[91mmargin-bottom[33m:[39m[31m[91m6.125px[33m;[39m[31m[91mborder-left-width[33m:[39m[31m[91m2px[33m;[39m[31m[91mborder-right-width[33m:[39m[31m[91m2px[33m;[39m[31m[91mmargin-left[33m:[39m[31m[9[39m[22m[1m[31m1m3.5px[33m;[39m[31m[91mpadding-left[33m:[39m[31m[91m10.5px[33m;[39m[31m[91mpadding-right[33m:[39m[31m[91m11.5px[33m;[39m[31m[91mmargin-right[33m:[39m[31m[91m2.5px[33m;[39m[31m[91mcolor[33m:[39m[31m[91m[35m#fff[39m[31m[91m[33m}[39m[31m[91m[33m.btn-outline-dark.disabled,.btn-outline-dark[39m[31m[91m[33m:[39m[31m[91mdisabled[33m{[39m[31m[91mcolor[33m:[39m[31m[91m[35m#000[39m[31m[91m[33m}[39m[31m[91m[33m.btn-outline-dark[39m[31m[91m[33m:[39m[31m[91m[36mnot[39m[31m[91m[36m(:disabled)[39m[31m[91m[33m:[39m[31m[91m[36mnot[39m[31m[91m[36m(.disabled)[39m[31m[91m[33m.active,.btn-outline-dark[39m[31m[91m[33m:[39m[31m[91m[36mnot[39m[31m[91m[36m(:disabled)[39m[31m[91m[33m:[39m[31m[91m[36mnot[39m[31m[91m[36m(.disabled)[39m[31m[91m[33m:[39m[31m[91mactive,.show>.btn-outline-dark.dropdown-toggle[33m{[39m[31m[91mcolor[33m:[39m[31m[91m[35m#555[39m[31m[91m[33m;[39m[31m[91mborder-color[33m:[39m[31m[91m[35m#000[39m[31m[91m[33m}[39m[31m[91m[33m.btn-link[39m[31m[91m[33m{[39m[31m[91mfont-weight[33m:[39m[31m[91m400[33m;[39m[31m[91mcolor[33m:[39m[31m[91m[35m#ff5[39m[31m[91m[33m;[39m[31m[91mbackground[33m:[39m[31m[91m0 0[33m}[39m[31m[91m[33m.btn-link[39m[31m[91m[33m:[39m[31m[91mhover[33m{[39m[31m[91mcolor[33m:[39m[31m[91m[35m#bbb[39m[31m[91m[33m;[39m[31m[91mbackground-color[33m:[39m[31m[91m[35m#000[39m[31m[91m[33m}[39m[31m[91m[33m.btn-link[39m[31m[91m[33m:[39m[31m[91mafter,.btn-link[33m:[39m[31m[91mbefore[33m{[39m[31m[91mcontent[33m:[39m[31m[91m[32m'_'[39m[31m[91m[33m}[39m[31m[91m[33m.btn-link.disabled,.btn-link[39m[31m[91m[33m:[39m[31m[91mdisabled[33m{[39m[31m[91mcolor[33m:[39m[31m[91m[35m#555[39m[31m[91m[33m;[39m[31m[91mpointer-events[33m:[39m[31m[91mnone[33m}[39m[31m[91m[33m.btn-group-sm>.btn,.btn-sm[39m[31m[91m[33m{[39m[31m[91mborder[33m:[39m[31m[91m0[33m;[39m[31m[91mpadding[33m:[39m[31m[91m0[33m;[39m[31m[91mbox-shadow[33m:[39m[31m[91mnone[33m;[39m[31m[91mmargin-left[33m:[39m[31m[91m0[33m}[39m[31m[91m[33m.btn-group-sm>.btn[39m[31m[91m[33m:[39m[31m[91mbefore,.btn-sm[33m:[39m[31m[91mbefore[33m{[39m[31m[91mcontent[33m:[39m[31m[91m[32m'<'[39m[31m[91m[33m}[39m[31m[91m[33m.btn-gro[39m[22m[1m[31mup-sm>.btn[39m[31m[91m[33m:[39m[31m[91mafter,.btn-sm[33m:[39m[31m[91mafter[33m{[39m[31m[91mcontent[33m:[39m[31m[91m[32m'>'[39m[31m[91m[33m}[39m[31m[91m[33m.btn-block[39m[31m[91m[33m{[39m[31m[91mdisplay[33m:[39m[31m[91mblock[33m;[39m[31m[91mwidth[33m:[39m[31m[91m[36mcalc[39m[31m[91m[36m(100% - 6px)[39m[31m[91m[33m}[39m[31m[91m[33m.btn-block+.btn-block[39m[31m[91m[33m{[39m[31m[91mmargin-top[33m:[39m[31m[91m0[33m}[39m[31m[91minput[33m[[39m[31m[91mtype=button[33m][39m[31m[91m[33m.btn-block,input[39m[31m[91m[33m[[39m[31m[91mtype=reset[33m][39m[31m[91m[33m.btn-block,input[39m[31m[91m[33m[[39m[31m[91mtype=submit[33m][39m[31m[91m[33m.btn-block[39m[31m[91m[33m{[39m[31m[91mwidth[33m:[39m[31m[91m[36mcalc[39m[31m[91m[36m(100% - 6px)[39m[31m[91m[33m}[39m[31m[91m[33m.dropdown,.dropleft,.dropright,.dropup[39m[31m[91m[33m{[39m[31m[91mposition[33m:[39m[31m[91mrelative[33m}[39m[31m[91m[33m.dropdown-toggle[39m[31m[91m[33m{[39m[31m[91mwhite-space[33m:[39m[31m[91mnowrap[33m;[39m[31m[91mpadding[33m:[39m[31m[91m0 8px[33m}[39m[31m[91m[33m.dropdown-toggle[39m[31m[91m[33m:[39m[31m[91m[33m:[39m[31m[91mafter[33m{[39m[31m[91mdisplay[33m:[39m[31m[91minline-block[33m;[39m[31m[91mcontent[33m:[39m[31m[91m[32m"\25bc"[39m[31m[91m[33m}[39m[31m[91m[33m.dropdown-toggle[39m[31m[91m[33m:[39m[31m[91mempty[33m:[39m[31m[91m[33m:[39m[31m[91mafter[33m{[39m[31m[91mmargin-left[33m:[39m[31m[91m0[33m}[39m[31m[91m[33m.dropdown-menu[39m[31m[91m[33m{[39m[31m[91mposition[33m:[39m[31m[91mabsolute[33m;[39m[31m[91mtop[33m:[39m[31m[91m100%[33m;[39m[31m[91mleft[33m:[39m[31m[91m0[33m;[39m[31m[91mz-index[33m:[39m[31m[91m1000[33m;[39m[31m[91mdisplay[33m:[39m[31m[91mnone[33m;[39m[31m[91mfloat[33m:[39m[31m[91mleft[33m;[39m[31m[91mmin-width[33m:[39m[31m[91m0[33m;[39m[31m[91mpadding[33m:[39m[31m[91m0 0[33m;[39m[31m[91mmargin[33m:[39m[31m[91m0 0 0[33m;[39m[31m[91mcolor[33m:[39m[31m[91m[35m#000[39m[31m[91m[33m;[39m[31m[91mtext-align[33m:[39m[31m[91mleft[33m;[39m[31m[91mlist-style[33m:[39m[31m[91mnone[33m;[39m[31m[91mbackground-color[33m:[39m[31m[91m[35m#bbb[39m[31m[91m[33m;[39m[31m[91mbackground-clip[33m:[39m[31m[91mpadd[39m[22m[1m[31ming-box[33m;[39m[31m[91mborder[33m:[39m[31m[91m[33m.875px[39m[31m[91m solid [35m#000[39m[31m[91m[33m;[39m[31m[91mmargin-top[33m:[39m[31m[91m7px[33m;[39m[31m[91mpadding-top[33m:[39m[31m[91m6.125px[33m;[39m[31m[91mpadding-bottom[33m:[39m[31m[91m7px[33m;[39m[31m[91mmargin-bottom[33m:[39m[31m[91m6.125px[33m;[39m[31m[91mborder-left-width[33m:[39m[31m[91m2px[33m;[39m[31m[91mborder-right-width[33m:[39m[31m[91m2px[33m;[39m[31m[91mmargin-left[33m:[39m[31m[91m3.5px[33m;[39m[31m[91mpadding-left[33m:[39m[31m[91m2.5px[33m;[39m[31m[91mpadding-right[33m:[39m[31m[91m3.5px[33m;[39m[31m[91mmargin-right[33m:[39m[31m[91m2.5px[33m;[39m[31m[91mbox-shadow[33m:[39m[31m[91m-3.5px -7px 0 0 [35m#bbb,2.5px[39m[31m[91m 6.125px 0 0 [35m#bbb,-3.5px[39m[31m[91m 6.125px 0 0 [35m#bbb,2.5px[39m[31m[91m -7px 0 0 [35m#bbb[39m[31m[91m[33m;[39m[31m[91m-webkit-filter[33m:[39m[31m[91m[36mdrop-shadow[39m[31m[91m[36m(7px 8px 0 #000)[39m[31m[91m[33m;[39m[31m[91mfilter[33m:[39m[31m[91m[36mdrop-shadow[39m[31m[91m[36m(7px 8px 0 #000)[39m[31m[91m[33m;[39m[31m[91mmargin-right[33m:[39m[31m[91m10.5px[33m}[39m[31m[91m[33m.dropdown-menu[39m[31m[91m a[33m:[39m[31m[91m[33m:[39m[31m[91mfirst-letter[33m{[39m[31m[91mcolor[33m:[39m[31m[91m[35m#fff[39m[31m[91m[33m}[39m[31m[91m[33m.dropdown-menu[39m[31m[91m a[33m:[39m[31m[91mhover[33m:[39m[31m[91m[33m:[39m[31m[91mfirst-letter[33m{[39m[31m[91mcolor[33m:[39m[31m[91m[35m#000[39m[31m[91m[33m;[39m[31m[91mbackground[33m:[39m[31m[91m[35m#fff[39m[31m[91m[33m}[39m[31m[91m[33m.dropdown-menu-left[39m[31m[91m[33m{[39m[31m[91mright[33m:[39m[31m[91mauto[33m;[39m[31m[91mleft[33m:[39m[31m[91m0[33m}[39m[31m[91m[33m.dropdown-menu-right[39m[31m[91m[33m{[39m[31m[91mright[33m:[39m[31m[91m0[33m;[39m[31m[91mleft[33m:[39m[31m[91mauto[33m}[39m[31m[91m[36m@media[39m[31m[91m[36m [39m[31m[91m[36m(min-width:576px)[39m[31m[91m[33m{[39m[31m[91m[33m.dropdown-menu-sm-left[39m[31m[91m[33m{[39m[31m[91mright[33m:[39m[31m[91mauto[33m;[39m[31m[91mleft[33m:[39m[31m[91m0[33m}[39m[31m[91m[33m.dropdown-menu-sm-right[39m[31m[91m[33m{[39m[31m[91mright[33m:[39m[31m[91m0[33m;[39m[31m[91mleft[33m:[39m[31m[[39m[22m[1m[31m91mauto[33m}[39m[31m[91m[33m}[39m[31m[91m[36m@media[39m[31m[91m[36m [39m[31m[91m[36m(min-width:768px)[39m[31m[91m[33m{[39m[31m[91m[33m.dropdown-menu-md-left[39m[31m[91m[33m{[39m[31m[91mright[33m:[39m[31m[91mauto[33m;[39m[31m[91mleft[33m:[39m[31m[91m0[33m}[39m[31m[91m[33m.dropdown-menu-md-right[39m[31m[91m[33m{[39m[31m[91mright[33m:[39m[31m[91m0[33m;[39m[31m[91mleft[33m:[39m[31m[91mauto[33m}[39m[31m[91m[33m}[39m[31m[91m[36m@media[39m[31m[91m[36m [39m[31m[91m[36m(min-width:960px)[39m[31m[91m[33m{[39m[31m[91m[33m.dropdown-menu-lg-left[39m[31m[91m[33m{[39m[31m[91mright[33m:[39m[31m[91mauto[33m;[39m[31m[91mleft[33m:[39m[31m[91m0[33m}[39m[31m[91m[33m.dropdown-menu-lg-right[39m[31m[91m[33m{[39m[31m[91mright[33m:[39m[31m[91m0[33m;[39m[31m[91mleft[33m:[39m[31m[91mauto[33m}[39m[31m[91m[33m}[39m[31m[91m[36m@media[39m[31m[91m[36m [39m[31m[91m[36m(min-width:1152px)[39m[31m[91m[33m{[39m[31m[91m[33m.dropdown-menu-xl-left[39m[31m[91m[33m{[39m[31m[91mright[33m:[39m[31m[91mauto[33m;[39m[31m[91mleft[33m:[39m[31m[91m0[33m}[39m[31m[91m[33m.dropdown-menu-xl-right[39m[31m[91m[33m{[39m[31m[91mright[33m:[39m[31m[91m0[33m;[39m[31m[91mleft[33m:[39m[31m[91mauto[33m}[39m[31m[91m[33m}[39m[31m[91m[33m.dropup[39m[31m[91m [33m.dropdown-menu[39m[31m[91m[33m{[39m[31m[91mtop[33m:[39m[31m[91mauto[33m;[39m[31m[91mbottom[33m:[39m[31m[91m100%[33m;[39m[31m[91mmargin-top[33m:[39m[31m[91m0[33m;[39m[31m[91mmargin-bottom[33m:[39m[31m[91m0[33m}[39m[31m[91m[33m.dropup[39m[31m[91m [33m.dropdown-toggle[39m[31m[91m[33m{[39m[31m[91mpadding[33m:[39m[31m[91m0 8px[33m}[39m[31m[91m[33m.dropup[39m[31m[91m [33m.dropdown-toggle[39m[31m[91m[33m:[39m[31m[91m[33m:[39m[31m[91mafter[33m{[39m[31m[91mdisplay[33m:[39m[31m[91minline-block[33m;[39m[31m[91mcontent[33m:[39m[31m[91m[32m"\25b2"[39m[31m[91m[33m}[39m[31m[91m[33m.dropup[39m[31m[91m [33m.dropdown-toggle[39m[31m[91m[33m:[39m[31m[91mempty[33m:[39m[31m[91m[33m:[39m[31m[91mafter[33m{[39m[31m[91mmargin-left[33m:[39m[31m[91m0[33m}[39m[31m[91m[33m.dropright[39m[31m[91m [33m.dropdown-menu[39m[31m[91m[33m{[39m[31m[91mtop[33m:[39m[31m[91m0[33m;[39m[31m[91mright[33m:[39m[31m[[39m[22m[1m[31m91mauto[33m;[39m[31m[91mleft[33m:[39m[31m[91m100%[33m;[39m[31m[91mmargin-top[33m:[39m[31m[91m0[33m;[39m[31m[91mmargin-left[33m:[39m[31m[91m0[33m}[39m[31m[91m[33m.dropright[39m[31m[91m [33m.dropdown-toggle[39m[31m[91m[33m{[39m[31m[91mbackground[33m:[39m[31m[91m[36murl[39m[31m[91m[36m(../fonts/arrow-down.svg)[39m[31m[91m 3px 3.6px/4.87px no-repeat [33m.dropright[39m[31m[91m [33m.dropdown-toggle[39m[31m[91m[33m}[39m[31m[91m[33m.dropright[39m[31m[91m [33m.dropdown-toggle[39m[31m[91m [33m:[39m[31m[91m[33m:[39m[31m[91mafter[33m{[39m[31m[91mvertical-align[33m:[39m[31m[91m0[33m}[39m[31m[91m[33m.dropleft[39m[31m[91m [33m.dropdown-menu[39m[31m[91m[33m{[39m[31m[91mtop[33m:[39m[31m[91m0[33m;[39m[31m[91mright[33m:[39m[31m[91m100%[33m;[39m[31m[91mleft[33m:[39m[31m[91mauto[33m;[39m[31m[91mmargin-top[33m:[39m[31m[91m0[33m;[39m[31m[91mmargin-right[33m:[39m[31m[91m0[33m}[39m[31m[91m[33m.dropleft[39m[31m[91m [33m.dropdown-toggle[39m[31m[91m[33m{[39m[31m[91mpadding[33m:[39m[31m[91m0 8px[33m}[39m[31m[91m[33m.dropleft[39m[31m[91m [33m.dropdown-toggle[39m[31m[91m[33m:[39m[31m[91m[33m:[39m[31m[91mafter[33m{[39m[31m[91mdisplay[33m:[39m[31m[91minline-block[33m}[39m[31m[91m[33m.dropleft[39m[31m[91m [33m.dropdown-toggle[39m[31m[91m[33m:[39m[31m[91m[33m:[39m[31m[91mafter[33m{[39m[31m[91mdisplay[33m:[39m[31m[91mnone[33m}[39m[31m[91m[33m.dropleft[39m[31m[91m [33m.dropdown-toggle[39m[31m[91m[33m:[39m[31m[91m[33m:[39m[31m[91mbefore[33m{[39m[31m[91mdisplay[33m:[39m[31m[91minline-block[33m;[39m[31m[91mmargin-right[33m:[39m[31m[91m8px[33m;[39m[31m[91mcontent[33m:[39m[31m[91m[32m"\25c4"[39m[31m[91m[33m}[39m[31m[91m[33m.dropleft[39m[31m[91m [33m.dropdown-toggle[39m[31m[91m[33m:[39m[31m[91mempty[33m:[39m[31m[91m[33m:[39m[31m[91mafter[33m{[39m[31m[91mmargin-left[33m:[39m[31m[91m0[33m}[39m[31m[91m[33m.dropleft[39m[31m[91m [33m.dropdown-toggle[39m[31m[91m[33m:[39m[31m[91m[33m:[39m[31m[91mbefore[33m{[39m[31m[91mvertical-align[33m:[39m[31m[91m0[33m}[39m[31m[91m[33m.dropdown-menu[39m[31m[91m[33m[[39m[31m[91mx-placement^=bottom[33m][39m[31m[91m,.dropdown-menu[33m[[39m[31m[91mx-placement^=left[3[39m[22m[1m[31m3m][39m[31m[91m,.dropdown-menu[33m[[39m[31m[91mx-placement^=right[33m][39m[31m[91m,.dropdown-menu[33m[[39m[31m[91mx-placement^=top[33m][39m[31m[91m[33m{[39m[31m[91mright[33m:[39m[31m[91mauto[33m;[39m[31m[91mbottom[33m:[39m[31m[91mauto[33m}[39m[31m[91m[33m.dropdown-divider[39m[31m[91m[33m{[39m[31m[91mheight[33m:[39m[31m[91m0[33m;[39m[31m[91mmargin[33m:[39m[31m[91m6px -3px 7px -2.5px[33m;[39m[31m[91moverflow[33m:[39m[31m[91mhidden[33m;[39m[31m[91mborder-top[33m:[39m[31m[91m1px solid [35m#000[39m[31m[91m[33m}[39m[31m[91m[33m.dropdown-item[39m[31m[91m[33m{[39m[31m[91mdisplay[33m:[39m[31m[91mblock[33m;[39m[31m[91mwidth[33m:[39m[31m[91m100%[33m;[39m[31m[91mpadding[33m:[39m[31m[91m0 8px[33m;[39m[31m[91mclear[33m:[39m[31m[91mboth[33m;[39m[31m[91mfont-weight[33m:[39m[31m[91m400[33m;[39m[31m[91mcolor[33m:[39m[31m[91m[35m#000[39m[31m[91m[33m;[39m[31m[91mtext-align[33m:[39m[31m[91minherit[33m;[39m[31m[91mwhite-space[33m:[39m[31m[91mnowrap[33m;[39m[31m[91mbackground-color[33m:[39m[31m[91mtransparent[33m;[39m[31m[91mborder[33m:[39m[31m[91m0[33m}[39m[31m[91m[33m.dropdown-item[39m[31m[91m[33m:[39m[31m[91mfocus,.dropdown-item[33m:[39m[31m[91mhover[33m{[39m[31m[91mtext-decoration[33m:[39m[31m[91mnone[33m}[39m[31m[91m[33m.dropdown-item.disabled,.dropdown-item[39m[31m[91m[33m:[39m[31m[91mdisabled[33m{[39m[31m[91mcolor[33m:[39m[31m[91m[35m#555[39m[31m[91m[33m;[39m[31m[91mpointer-events[33m:[39m[31m[91mnone[33m;[39m[31m[91mbackground-color[33m:[39m[31m[91mtransparent[33m}[39m[31m[91m[33m.dropdown-menu.show[39m[31m[91m[33m{[39m[31m[91mdisplay[33m:[39m[31m[91mblock[33m}[39m[31m[91m[33m.dropdown-header[39m[31m[91m[33m{[39m[31m[91mdisplay[33m:[39m[31m[91mblock[33m;[39m[31m[91mpadding[33m:[39m[31m[91m0 8px[33m;[39m[31m[91mmargin-bottom[33m:[39m[31m[91m0[33m;[39m[31m[91mcolor[33m:[39m[31m[91m[35m#bbb[39m[31m[91m[33m;[39m[31m[91mwhite-space[33m:[39m[31m[91mnowrap[33m}[39m[31m[91m[33m.dropdown-item-text[39m[31m[91m[33m{[39m[31m[91mdisplay[33m:[39m[31m[91mblock[33m;[39m[31m[91mpadding[33m:[39m[31m[91m0 8px[33m;[39m[31m[91mcolor[33m:[39m[31m[91m[35m#000[39m[31m[91m[33m}[39m[31m[91m[39m[22m[1m[31m[33m.btn-group,.btn-group-vertical[39m[31m[91m[33m{[39m[31m[91mposition[33m:[39m[31m[91mrelative[33m;[39m[31m[91mmargin[33m:[39m[31m[91m0[33m;[39m[31m[91mdisplay[33m:[39m[31m[91m-ms-inline-flexbox[33m;[39m[31m[91mdisplay[33m:[39m[31m[91minline-flex[33m}[39m[31m[91m[33m.btn-group-vertical>.btn,.btn-group>.btn[39m[31m[91m[33m{[39m[31m[91mposition[33m:[39m[31m[91mrelative[33m;[39m[31m[91m-ms-flex[33m:[39m[31m[91m1 1 auto[33m;[39m[31m[91mflex[33m:[39m[31m[91m1 1 auto[33m}[39m[31m[91m[33m.btn-group-vertical>.btn[39m[31m[91m[33m:[39m[31m[91mhover,.btn-group>.btn[33m:[39m[31m[91mhover[33m{[39m[31m[91mz-index[33m:[39m[31m[91m1[33m}[39m[31m[91m[33m.btn-group-vertical>.btn[39m[31m[91m[33m:[39m[31m[91m[36mnot[39m[31m[91m[36m(.dropdown-toggle)[39m[31m[91m[33m:[39m[31m[91mafter,.btn-group>.btn[33m:[39m[31m[91m[36mnot[39m[31m[91m[36m(.dropdown-toggle)[39m[31m[91m[33m:[39m[31m[91mafter[33m{[39m[31m[91mcontent[33m:[39m[31m[91m[32m""[39m[31m[91m[33m}[39m[31m[91m[33m.btn-group-vertical>.btn[39m[31m[91m[33m:[39m[31m[91mbefore,.btn-group>.btn[33m:[39m[31m[91mbefore[33m{[39m[31m[91mcontent[33m:[39m[31m[91m[32m""[39m[31m[91m[33m}[39m[31m[91m[33m.btn-group-vertical>.btn.active,.btn-group-vertical>.btn[39m[31m[91m[33m:[39m[31m[91mactive,.btn-group-vertical>.btn[33m:[39m[31m[91mfocus,.btn-group>.btn.active,.btn-group>.btn[33m:[39m[31m[91mactive,.btn-group>.btn[33m:[39m[31m[91mfocus[33m{[39m[31m[91mz-index[33m:[39m[31m[91m1[33m}[39m[31m[91m[33m.btn-toolbar[39m[31m[91m[33m{[39m[31m[91mdisplay[33m:[39m[31m[91m-ms-flexbox[33m;[39m[31m[91mdisplay[33m:[39m[31m[91mflex[33m;[39m[31m[91m-ms-flex-wrap[33m:[39m[31m[91mwrap[33m;[39m[31m[91mflex-wrap[33m:[39m[31m[91mwrap[33m;[39m[31m[91m-ms-flex-pack[33m:[39m[31m[91mstart[33m;[39m[31m[91mjustify-content[33m:[39m[31m[91mflex-start[33m}[39m[31m[91m[33m.btn-toolbar[39m[31m[91m [33m.input-group[39m[31m[91m[33m{[39m[31m[91mwidth[33m:[39m[31m[91mauto[33m}[39m[31m[91m[33m.dropdown-toggle-split[39m[31m[91m[33m{[39m[31m[91mpadding-right[33m:[39m[31m[91m0[33m;[39m[31m[91mpadding-left[33m:[39m[31m[91m0[33m}[39m[31m[91m[33m.dropdown-toggle-[39m[22m[1m[31msplit[39m[31m[91m[33m:[39m[31m[91m[33m:[39m[31m[91mafter,.dropright [33m.dropdown-toggle-split[39m[31m[91m[33m:[39m[31m[91m[33m:[39m[31m[91mafter,.dropup [33m.dropdown-toggle-split[39m[31m[91m[33m:[39m[31m[91m[33m:[39m[31m[91mafter[33m{[39m[31m[91mmargin-left[33m:[39m[31m[91m0[33m}[39m[31m[91m[33m.dropleft[39m[31m[91m [33m.dropdown-toggle-split[39m[31m[91m[33m:[39m[31m[91m[33m:[39m[31m[91mbefore[33m{[39m[31m[91mmargin-right[33m:[39m[31m[91m0[33m}[39m[31m[91m[33m.btn-group-sm>.btn+.dropdown-toggle-split,.btn-sm+.dropdown-toggle-split[39m[31m[91m[33m{[39m[31m[91mpadding-right[33m:[39m[31m[91m0[33m;[39m[31m[91mpadding-left[33m:[39m[31m[91m0[33m}[39m[31m[91m[33m.btn-group-lg>.btn+.dropdown-toggle-split,.btn-lg+.dropdown-toggle-split[39m[31m[91m[33m{[39m[31m[91mpadding-right[33m:[39m[31m[91m0[33m;[39m[31m[91mpadding-left[33m:[39m[31m[91m0[33m}[39m[31m[91m[33m.btn-group-vertical[39m[31m[91m[33m{[39m[31m[91m-ms-flex-direction[33m:[39m[31m[91mcolumn[33m;[39m[31m[91mflex-direction[33m:[39m[31m[91mcolumn[33m;[39m[31m[91m-ms-flex-align[33m:[39m[31m[91mstart[33m;[39m[31m[91malign-items[33m:[39m[31m[91mflex-start[33m;[39m[31m[91m-ms-flex-pack[33m:[39m[31m[91mcenter[33m;[39m[31m[91mjustify-content[33m:[39m[31m[91mcenter[33m}[39m[31m[91m[33m.btn-group-vertical>.btn,.btn-group-vertical>.btn-group[39m[31m[91m[33m{[39m[31m[91mwidth[33m:[39m[31m[91m100%[33m}[39m[31m[91m[33m.btn-group-toggle>.btn,.btn-group-toggle>.btn-group>.btn[39m[31m[91m[33m{[39m[31m[91mmargin-bottom[33m:[39m[31m[91m0[33m}[39m[31m[91m[33m.btn-group-toggle>.btn[39m[31m[91m input[33m[[39m[31m[91mtype=checkbox[33m][39m[31m[91m,.btn-group-toggle>.btn input[33m[[39m[31m[91mtype=radio[33m][39m[31m[91m,.btn-group-toggle>.btn-group>.btn input[33m[[39m[31m[91mtype=checkbox[33m][39m[31m[91m,.btn-group-toggle>.btn-group>.btn input[33m[[39m[31m[91mtype=radio[33m][39m[31m[91m[33m{[39m[31m[91mposition[33m:[39m[31m[91mabsolute[33m;[39m[31m[91mclip[33m:[39m[31m[91m[36mrect[39m[31m[91m[36m(0,0,0,0)[39m[31m[91m[33m;[39m[31m[91mpointer-events[33m:[39m[31m[91mnone[33m}[39m[31m[91m[33m.input-group[39m[31m[9[39m[22m[1m[31m1m[33m{[39m[31m[91mposition[33m:[39m[31m[91mrelative[33m;[39m[31m[91mdisplay[33m:[39m[31m[91m-ms-flexbox[33m;[39m[31m[91mdisplay[33m:[39m[31m[91mflex[33m;[39m[31m[91m-ms-flex-wrap[33m:[39m[31m[91mwrap[33m;[39m[31m[91mflex-wrap[33m:[39m[31m[91mwrap[33m;[39m[31m[91m-ms-flex-align[33m:[39m[31m[91mstretch[33m;[39m[31m[91malign-items[33m:[39m[31m[91mstretch[33m;[39m[31m[91mwidth[33m:[39m[31m[91m100%[33m}[39m[31m[91m[33m.input-group>.custom-file,.input-group>.custom-select,.input-group>.form-control,.input-group>.form-control-plaintext[39m[31m[91m[33m{[39m[31m[91mposition[33m:[39m[31m[91mrelative[33m;[39m[31m[91m-ms-flex[33m:[39m[31m[91m1 1 0%[33m;[39m[31m[91mflex[33m:[39m[31m[91m1 1 0%[33m;[39m[31m[91mmin-width[33m:[39m[31m[91m0[33m;[39m[31m[91mmargin-bottom[33m:[39m[31m[91m0[33m}[39m[31m[91m[33m.input-group>.custom-file+.custom-file,.input-group>.custom-file+.custom-select,.input-group>.custom-file+.form-control,.input-group>.custom-select+.custom-file,.input-group>.custom-select+.custom-select,.input-group>.custom-select+.form-control,.input-group>.form-control+.custom-file,.input-group>.form-control+.custom-select,.input-group>.form-control+.form-control,.input-group>.form-control-plaintext+.custom-file,.input-group>.form-control-plaintext+.custom-select,.input-group>.form-control-plaintext+.form-control[39m[31m[91m[33m{[39m[31m[91mmargin-left[33m:[39m[31m[91m0[33m}[39m[31m[91m[33m.input-group>.custom-file[39m[31m[91m [33m.custom-file-input[39m[31m[91m[33m:[39m[31m[91mfocus~.custom-file-label,.input-group>.custom-select[33m:[39m[31m[91mfocus,.input-group>.form-control[33m:[39m[31m[91mfocus[33m{[39m[31m[91mz-index[33m:[39m[31m[91m3[33m}[39m[31m[91m[33m.input-group>.custom-file[39m[31m[91m [33m.custom-file-input[39m[31m[91m[33m:[39m[31m[91mfocus[33m{[39m[31m[91mz-index[33m:[39m[31m[91m4[33m}[39m[31m[91m[33m.input-group>.custom-file[39m[31m[91m[33m{[39m[31m[91mdisplay[33m:[39m[31m[91m-ms-flexbox[33m;[39m[31m[91mdisplay[33m:[39m[31m[91mflex[33m;[39m[31m[91m-ms-flex-align[33m:[39m[31m[91mcenter[33m;[39m[31m[91malign-items[33m[39m[22m[1m[31m:[39m[31m[91mcenter[33m}[39m[31m[91m[33m.input-group-append,.input-group-prepend[39m[31m[91m[33m{[39m[31m[91mdisplay[33m:[39m[31m[91m-ms-flexbox[33m;[39m[31m[91mdisplay[33m:[39m[31m[91mflex[33m}[39m[31m[91m[33m.input-group-append[39m[31m[91m [33m.btn,.input-group-prepend[39m[31m[91m [33m.btn[39m[31m[91m[33m{[39m[31m[91mposition[33m:[39m[31m[91mrelative[33m;[39m[31m[91mz-index[33m:[39m[31m[91m2[33m}[39m[31m[91m[33m.input-group-append[39m[31m[91m [33m.btn[39m[31m[91m[33m:[39m[31m[91mfocus,.input-group-prepend [33m.btn[39m[31m[91m[33m:[39m[31m[91mfocus[33m{[39m[31m[91mz-index[33m:[39m[31m[91m3[33m}[39m[31m[91m[33m.input-group-append[39m[31m[91m [33m.btn+.btn,.input-group-append[39m[31m[91m [33m.btn+.input-group-text,.input-group-append[39m[31m[91m [33m.input-group-text+.btn,.input-group-append[39m[31m[91m [33m.input-group-text+.input-group-text,.input-group-prepend[39m[31m[91m [33m.btn+.btn,.input-group-prepend[39m[31m[91m [33m.btn+.input-group-text,.input-group-prepend[39m[31m[91m [33m.input-group-text+.btn,.input-group-prepend[39m[31m[91m [33m.input-group-text+.input-group-text[39m[31m[91m[33m{[39m[31m[91mmargin-left[33m:[39m[31m[91m0[33m}[39m[31m[91m[33m.input-group-prepend[39m[31m[91m[33m{[39m[31m[91mmargin-right[33m:[39m[31m[91m0[33m}[39m[31m[91m[33m.input-group-append[39m[31m[91m[33m{[39m[31m[91mmargin-left[33m:[39m[31m[91m0[33m}[39m[31m[91m[33m.input-group-text[39m[31m[91m[33m{[39m[31m[91mdisplay[33m:[39m[31m[91m-ms-flexbox[33m;[39m[31m[91mdisplay[33m:[39m[31m[91mflex[33m;[39m[31m[91m-ms-flex-align[33m:[39m[31m[91mcenter[33m;[39m[31m[91malign-items[33m:[39m[31m[91mcenter[33m;[39m[31m[91mpadding[33m:[39m[31m[91m0 0[33m;[39m[31m[91mmargin-bottom[33m:[39m[31m[91m0[33m;[39m[31m[91mfont-size[33m:[39m[31m[91m16px[33m;[39m[31m[91mfont-weight[33m:[39m[31m[91m400[33m;[39m[31m[91mline-height[33m:[39m[31m[91m14px[33m;[39m[31m[91mcolor[33m:[39m[31m[91m[35m#fff[39m[31m[91m[33m;[39m[31m[91mtext-align[33m:[39m[31m[91mcenter[33m;[39m[31m[91mwhite-space[33m:[39m[31m[91mnowrap[33m;[39m[31m[91mbackground-color[33m:[39m[31m[91m[35m#555[39m[31m[91m[33m;[39m[22m[1m[31m[39m[91mborder[33m:[39m[31m[91m0 solid [35m#555[39m[31m[91m[33m}[39m[31m[91m[33m.input-group-text[39m[31m[91m input[33m[[39m[31m[91mtype=checkbox[33m][39m[31m[91m,.input-group-text input[33m[[39m[31m[91mtype=radio[33m][39m[31m[91m[33m{[39m[31m[91mmargin-top[33m:[39m[31m[91m0[33m}[39m[31m[91m[33m.input-group-lg>.custom-select,.input-group-lg>.form-control[39m[31m[91m[33m:[39m[31m[91m[36mnot[39m[31m[91m[36m(textarea)[39m[31m[91m[33m{[39m[31m[91mheight[33m:[39m[31m[91m14px[33m}[39m[31m[91m[33m.input-group-lg>.custom-select,.input-group-lg>.form-control,.input-group-lg>.input-group-append>.btn,.input-group-lg>.input-group-append>.input-group-text,.input-group-lg>.input-group-prepend>.btn,.input-group-lg>.input-group-prepend>.input-group-text[39m[31m[91m[33m{[39m[31m[91mpadding[33m:[39m[31m[91m0 0[33m;[39m[31m[91mfont-size[33m:[39m[31m[91m16px[33m;[39m[31m[91mline-height[33m:[39m[31m[91m14px[33m}[39m[31m[91m[33m.input-group-sm>.custom-select,.input-group-sm>.form-control[39m[31m[91m[33m:[39m[31m[91m[36mnot[39m[31m[91m[36m(textarea)[39m[31m[91m[33m{[39m[31m[91mheight[33m:[39m[31m[91m14px[33m}[39m[31m[91m[33m.input-group-sm>.custom-select,.input-group-sm>.form-control,.input-group-sm>.input-group-append>.btn,.input-group-sm>.input-group-append>.input-group-text,.input-group-sm>.input-group-prepend>.btn,.input-group-sm>.input-group-prepend>.input-group-text[39m[31m[91m[33m{[39m[31m[91mpadding[33m:[39m[31m[91m0 0[33m;[39m[31m[91mfont-size[33m:[39m[31m[91m16px[33m;[39m[31m[91mline-height[33m:[39m[31m[91m14px[33m}[39m[31m[91m[33m.input-group-lg>.custom-select,.input-group-sm>.custom-select[39m[31m[91m[33m{[39m[31m[91mpadding-right[33m:[39m[31m[91m1rem[33m}[39m[31m[91m[33m.custom-control[39m[31m[91m[33m{[39m[31m[91mposition[33m:[39m[31m[91mrelative[33m;[39m[31m[91mdisplay[33m:[39m[31m[91mblock[33m;[39m[31m[91mmin-height[33m:[39m[31m[91m14px[33m;[39m[31m[91mpadding-left[33m:[39m[31m[91m32px[33m}[39m[31m[91m[33m.custom-control-inline[39m[31m[91m[33m{[39m[31m[91mdisplay[33m:[39m[31m[91m-ms-inline-flexbox[33m;[39m[31m[91mdisplay[33m:[39[39m[22m[1m[31mm[91minline-flex[33m;[39m[31m[91mmargin-right[33m:[39m[31m[91m0[33m}[39m[31m[91m[33m.custom-control-input[39m[31m[91m[33m{[39m[31m[91mposition[33m:[39m[31m[91mabsolute[33m;[39m[31m[91mleft[33m:[39m[31m[91m0[33m;[39m[31m[91mz-index[33m:[39m[31m[91m-1[33m;[39m[31m[91mwidth[33m:[39m[31m[91m32px[33m;[39m[31m[91mheight[33m:[39m[31m[91m16px[33m;[39m[31m[91mopacity[33m:[39m[31m[91m0[33m}[39m[31m[91m[33m.custom-control-input[39m[31m[91m[33m:[39m[31m[91mchecked~.custom-control-label[33m:[39m[31m[91m[33m:[39m[31m[91mbefore[33m{[39m[31m[91mcolor[33m:[39m[31m[91m[35m#fff[39m[31m[91m[33m;[39m[31m[91mborder-color[33m:[39m[31m[91m[35m#000[39m[31m[91m[33m}[39m[31m[91m[33m.custom-control-input[39m[31m[91m[33m:[39m[31m[91mfocus[33m:[39m[31m[91m[36mnot[39m[31m[91m[36m(:checked)[39m[31m[91m~.custom-control-label[33m:[39m[31m[91m[33m:[39m[31m[91mbefore[33m{[39m[31m[91mborder-color[33m:[39m[31m[91m[35m#404040[39m[31m[91m[33m}[39m[31m[91m[33m.custom-control-input[39m[31m[91m[33m:[39m[31m[91m[36mnot[39m[31m[91m[36m(:disabled)[39m[31m[91m[33m:[39m[31m[91mactive~.custom-control-label[33m:[39m[31m[91m[33m:[39m[31m[91mbefore[33m{[39m[31m[91mcolor[33m:[39m[31m[91m[35m#fff[39m[31m[91m[33m}[39m[31m[91m[33m.custom-control-input[39m[31m[91m[33m:[39m[31m[91mdisabled~.custom-control-label,.custom-control-input[33m[[39m[31m[91mdisabled[33m][39m[31m[91m~.custom-control-label[33m{[39m[31m[91mcolor[33m:[39m[31m[91m[35m#555[39m[31m[91m[33m}[39m[31m[91m[33m.custom-control-input[39m[31m[91m[33m:[39m[31m[91mdisabled~.custom-control-label[33m:[39m[31m[91m[33m:[39m[31m[91mafter,.custom-control-input[33m:[39m[31m[91mdisabled~.custom-control-label[33m:[39m[31m[91m[33m:[39m[31m[91mbefore,.custom-control-input[33m[[39m[31m[91mdisabled[33m][39m[31m[91m~.custom-control-label[33m:[39m[31m[91m[33m:[39m[31m[91mafter,.custom-control-input[33m[[39m[31m[91mdisabled[33m][39m[31m[91m~.custom-control-label[33m:[39m[31m[91m[33m:[39m[31m[91mbefore[33m{[39m[31m[91mcolor[33m:[39m[31m[91m[35m#555[39m[31m[91m[33m}[39m[31m[91m[33m.custom-control-label[39m[31m[91m[33m{[39m[31m[91mposition[33m:[39m[31m[91mrelat[39m[22m[1m[31mive[33m;[39m[31m[91mmargin-bottom[33m:[39m[31m[91m0[33m;[39m[31m[91mvertical-align[33m:[39m[31m[91mtop[33m}[39m[31m[91m[33m.custom-control-label[39m[31m[91m[33m:[39m[31m[91m[33m:[39m[31m[91mbefore[33m{[39m[31m[91mposition[33m:[39m[31m[91mabsolute[33m;[39m[31m[91mtop[33m:[39m[31m[91m0[33m;[39m[31m[91mleft[33m:[39m[31m[91m-32px[33m;[39m[31m[91mdisplay[33m:[39m[31m[91mblock[33m;[39m[31m[91mwidth[33m:[39m[31m[91m32px[33m;[39m[31m[91mheight[33m:[39m[31m[91m14px[33m;[39m[31m[91mpointer-events[33m:[39m[31m[91mnone[33m;[39m[31m[91mcontent[33m:[39m[31m[91m[32m""[39m[31m[91m[33m;[39m[31m[91mbackground-color[33m:[39m[31m[91m[35m#000084[39m[31m[91m[33m}[39m[31m[91m[33m.custom-control-label[39m[31m[91m[33m:[39m[31m[91m[33m:[39m[31m[91mafter[33m{[39m[31m[91mposition[33m:[39m[31m[91mabsolute[33m;[39m[31m[91mtop[33m:[39m[31m[91m0[33m;[39m[31m[91mleft[33m:[39m[31m[91m-32px[33m;[39m[31m[91mdisplay[33m:[39m[31m[91mblock[33m;[39m[31m[91mwidth[33m:[39m[31m[91m32px[33m;[39m[31m[91mheight[33m:[39m[31m[91m14px[33m;[39m[31m[91mcontent[33m:[39m[31m[91m[32m""[39m[31m[91m[33m}[39m[31m[91m[33m.custom-checkbox[39m[31m[91m [33m.custom-control-label[39m[31m[91m[33m:[39m[31m[91m[33m:[39m[31m[91mafter[33m{[39m[31m[91mcontent[33m:[39m[31m[91m[32m'[ ]'[39m[31m[91m[33m}[39m[31m[91m[33m.custom-checkbox[39m[31m[91m [33m.custom-control-input[39m[31m[91m[33m:[39m[31m[91mchecked~.custom-control-label[33m{[39m[31m[91mcolor[33m:[39m[31m[91m[35m#fff[39m[31m[91m[33m}[39m[31m[91m[33m.custom-checkbox[39m[31m[91m [33m.custom-control-input[39m[31m[91m[33m:[39m[31m[91mchecked~.custom-control-label[33m:[39m[31m[91m[33m:[39m[31m[91mafter[33m{[39m[31m[91mcolor[33m:[39m[31m[91m[35m#fff[39m[31m[91m[33m;[39m[31m[91mcontent[33m:[39m[31m[91m[32m'[X]'[39m[31m[91m[33m}[39m[31m[91m[33m.custom-checkbox[39m[31m[91m [33m.custom-control-input[39m[31m[91m[33m:[39m[31m[91mdisabled[33m:[39m[31m[91mchecked~.custom-control-label[33m:[39m[31m[91m[33m:[39m[31m[91mbefore[33m{[39m[31m[91mcolor[33m:[39m[31m[91m[35m#555[39m[31m[91m[33m}[39m[31m[91m[33m.custom-radio[39m[31m[91m [33m.custom-control-label[39m[31m[91m[33m:[39m[31m[[39m[22m[1m[31m91m[33m:[39m[31m[91mafter[33m{[39m[31m[91mcontent[33m:[39m[31m[91m[32m'( )'[39m[31m[91m[33m}[39m[31m[91m[33m.custom-radio[39m[31m[91m [33m.custom-control-input[39m[31m[91m[33m:[39m[31m[91mchecked~.custom-control-label[33m{[39m[31m[91mcolor[33m:[39m[31m[91m[35m#fff[39m[31m[91m[33m}[39m[31m[91m[33m.custom-radio[39m[31m[91m [33m.custom-control-input[39m[31m[91m[33m:[39m[31m[91mchecked~.custom-control-label[33m:[39m[31m[91m[33m:[39m[31m[91mafter[33m{[39m[31m[91mcolor[33m:[39m[31m[91m[35m#fff[39m[31m[91m[33m;[39m[31m[91mcontent[33m:[39m[31m[91m[32m'(*)'[39m[31m[91m[33m}[39m[31m[91m[33m.custom-radio[39m[31m[91m [33m.custom-control-input[39m[31m[91m[33m:[39m[31m[91mdisabled[33m:[39m[31m[91mchecked~.custom-control-label[33m:[39m[31m[91m[33m:[39m[31m[91mafter[33m{[39m[31m[91mcolor[33m:[39m[31m[91m[35m#555[39m[31m[91m[33m}[39m[31m[91m[33m.custom-switch[39m[31m[91m[33m{[39m[31m[91mpadding-left[33m:[39m[31m[91m32px[33m}[39m[31m[91m[33m.custom-switch[39m[31m[91m [33m.custom-control-label[39m[31m[91m[33m:[39m[31m[91m[33m:[39m[31m[91mbefore[33m{[39m[31m[91mleft[33m:[39m[31m[91m-32px[33m;[39m[31m[91mwidth[33m:[39m[31m[91m32px[33m;[39m[31m[91mpointer-events[33m:[39m[31m[91mall[33m}[39m[31m[91m[33m.custom-switch[39m[31m[91m [33m.custom-control-label[39m[31m[91m[33m:[39m[31m[91m[33m:[39m[31m[91mafter[33m{[39m[31m[91mtop[33m:[39m[31m[91m0[33m;[39m[31m[91mleft[33m:[39m[31m[91m-32px[33m;[39m[31m[91mwidth[33m:[39m[31m[91m32px[33m;[39m[31m[91mheight[33m:[39m[31m[91m14px[33m;[39m[31m[91mcontent[33m:[39m[31m[91m[32m'\2588\2591\2591'[39m[31m[91m[33m}[39m[31m[91m[33m.custom-switch[39m[31m[91m [33m.custom-control-input[39m[31m[91m[33m:[39m[31m[91mchecked~.custom-control-label[33m{[39m[31m[91mcolor[33m:[39m[31m[91m[35m#fff[39m[31m[91m[33m}[39m[31m[91m[33m.custom-switch[39m[31m[91m [33m.custom-control-input[39m[31m[91m[33m:[39m[31m[91mchecked~.custom-control-label[33m:[39m[31m[91m[33m:[39m[31m[91mafter[33m{[39m[31m[91mcontent[33m:[39m[31m[91m[32m'\2591\2591\2588'[39m[31m[91m[33m;[39m[31m[91mcolor[33m:[39m[31m[91m[35m#fff[39m[31m[91m[33m}[39m[31m[91m[33m.custom-switch[39m[31m[91m [39m[22m[1m[31m[33m.custom-control-input[39m[31m[91m[33m:[39m[31m[91mdisabled[33m:[39m[31m[91mchecked~.custom-control-label[33m:[39m[31m[91m[33m:[39m[31m[91mbefore[33m{[39m[31m[91mcolor[33m:[39m[31m[91m[35m#555[39m[31m[91m[33m}[39m[31m[91m[33m.custom-select[39m[31m[91m[33m{[39m[31m[91mdisplay[33m:[39m[31m[91minline-block[33m;[39m[31m[91mwidth[33m:[39m[31m[91m100%[33m;[39m[31m[91mheight[33m:[39m[31m[91m14px[33m;[39m[31m[91mpadding[33m:[39m[31m[91m0[33m;[39m[31m[91mcolor[33m:[39m[31m[91m[35m#000[39m[31m[91m[33m;[39m[31m[91mvertical-align[33m:[39m[31m[91mmiddle[33m;[39m[31m[91mbackground[33m:[39m[31m[91m[36murl[39m[31m[91m[36m(../fonts/arrow-down-black.svg)[39m[31m[91m no-repeat right center,[35m#bbb[39m[31m[91m[33m;[39m[31m[91mborder[33m:[39m[31m[91m0 solid [35m#555[39m[31m[91m[33m;[39m[31m[91m-webkit-appearance[33m:[39m[31m[91mnone[33m;[39m[31m[91m-moz-appearance[33m:[39m[31m[91mnone[33m;[39m[31m[91mappearance[33m:[39m[31m[91mnone[33m}[39m[31m[91m[33m.custom-select[39m[31m[91m[33m:[39m[31m[91mfocus[33m{[39m[31m[91moutline[33m:[39m[31m[91m0[33m}[39m[31m[91m[33m.custom-select[39m[31m[91m[33m:[39m[31m[91mfocus[33m:[39m[31m[91m[33m:[39m[31m[91m-ms-value[33m{[39m[31m[91mcolor[33m:[39m[31m[91m[35m#fff[39m[31m[91m[33m;[39m[31m[91mbackground-color[33m:[39m[31m[91m[35m#000084[39m[31m[91m[33m}[39m[31m[91m[33m.custom-select[39m[31m[91m[33m[[39m[31m[91mmultiple[33m][39m[31m[91m,.custom-select[33m[[39m[31m[91msize[33m][39m[31m[91m[33m:[39m[31m[91m[36mnot[39m[31m[91m[36m([39m[31m[91m[33m[[39m[31m[91msize=[32m"1"[39m[31m[91m[33m][39m[31m[91m[36m)[39m[31m[91m[33m{[39m[31m[91mheight[33m:[39m[31m[91mauto[33m;[39m[31m[91mpadding-right[33m:[39m[31m[91m0[33m;[39m[31m[91mbackground-image[33m:[39m[31m[91mnone[33m}[39m[31m[91m[33m.custom-select[39m[31m[91m[33m:[39m[31m[91mdisabled[33m{[39m[31m[91mcolor[33m:[39m[31m[91m[35m#555[39m[31m[91m[33m;[39m[31m[91mbackground-color[33m:[39m[31m[91m[35m#555[39m[31m[91m[33m}[39m[31m[91m[33m.custom-select[39m[31m[91m[33m:[39m[31m[91m[33m:[39m[31m[91m-ms-expand[33m{[39m[31m[91mdisplay[33m:[39m[31m[91mnone[33m}[39m[31m[91m[33m.custom-select[39m[31m[91m[33m:[39m[22m[1m[31m[39m[31m[91m-moz-focusring[33m{[39m[31m[91mcolor[33m:[39m[31m[91mtransparent[33m;[39m[31m[91mtext-shadow[33m:[39m[31m[91m0 0 0 [35m#000[39m[31m[91m[33m}[39m[31m[91m[33m.custom-select-sm[39m[31m[91m[33m{[39m[31m[91mheight[33m:[39m[31m[91m14px[33m;[39m[31m[91mfont-size[33m:[39m[31m[91m16px[33m}[39m[31m[91m[33m.custom-select-lg[39m[31m[91m[33m{[39m[31m[91mheight[33m:[39m[31m[91m14px[33m;[39m[31m[91mfont-size[33m:[39m[31m[91m16px[33m}[39m[31m[91m[33m.custom-file[39m[31m[91m[33m{[39m[31m[91mposition[33m:[39m[31m[91mrelative[33m;[39m[31m[91mdisplay[33m:[39m[31m[91minline-block[33m;[39m[31m[91mwidth[33m:[39m[31m[91m100%[33m;[39m[31m[91mheight[33m:[39m[31m[91m14px[33m;[39m[31m[91mmargin-bottom[33m:[39m[31m[91m0[33m}[39m[31m[91m[33m.custom-file+.input-group-append>.input-group-text[39m[31m[91m[33m{[39m[31m[91mpadding[33m:[39m[31m[91m0 8px[33m;[39m[31m[91mbackground[33m:[39m[31m[91m[35m#a0a[39m[31m[91m[33m;[39m[31m[91mcursor[33m:[39m[31m[91mpointer[33m}[39m[31m[91m[33m.custom-file+.input-group-append>.input-group-text[39m[31m[91m[33m:[39m[31m[91mhover[33m{[39m[31m[91mbackground[33m:[39m[31m[91m[35m#000[39m[31m[91m[33m;[39m[31m[91mcolor[33m:[39m[31m[91m[35m#f5f[39m[31m[91m[33m}[39m[31m[91m[33m.custom-file-input[39m[31m[91m[33m{[39m[31m[91mposition[33m:[39m[31m[91mrelative[33m;[39m[31m[91mz-index[33m:[39m[31m[91m2[33m;[39m[31m[91mwidth[33m:[39m[31m[91m100%[33m;[39m[31m[91mheight[33m:[39m[31m[91m14px[33m;[39m[31m[91mmargin[33m:[39m[31m[91m0[33m;[39m[31m[91mopacity[33m:[39m[31m[91m0[33m}[39m[31m[91m[33m.custom-file-input[39m[31m[91m[33m:[39m[31m[91mfocus~.custom-file-label[33m{[39m[31m[91mborder-color[33m:[39m[31m[91m[35m#404040[39m[31m[91m[33m;[39m[31m[91mbox-shadow[33m:[39m[31m[91m0 0 0 0 [36mrgba[39m[31m[91m[36m(0,0,0,.25)[39m[31m[91m[33m}[39m[31m[91m[33m.custom-file-input[39m[31m[91m[33m:[39m[31m[91mdisabled~.custom-file-label,.custom-file-input[33m[[39m[31m[91mdisabled[33m][39m[31m[91m~.custom-file-label[33m{[39m[31m[91mbackground-color[33m:[39m[31m[91m[35m#555[39m[31m[91m[33m}[39m[31m[91m[33m.custom-file-input[39m[31m[91m[33m:[39m[31m[91m[36mlang[39m[31m[91[39m[22m[1m[31mm[36m(en)[39m[31m[91m~.custom-file-label[33m:[39m[31m[91m[33m:[39m[31m[91mafter[33m{[39m[31m[91mcontent[33m:[39m[31m[91m[32m"[ Browse ]"[39m[31m[91m[33m}[39m[31m[91m[33m.custom-file-input~.custom-file-label[39m[31m[91m[33m[[39m[31m[91mdata-browse[33m][39m[31m[91m[33m:[39m[31m[91m[33m:[39m[31m[91mafter[33m{[39m[31m[91mcontent[33m:[39m[31m[91m[36mattr[39m[31m[91m[36m(data-browse)[39m[31m[91m[33m}[39m[31m[91m[33m.custom-file-label[39m[31m[91m[33m{[39m[31m[91mposition[33m:[39m[31m[91mabsolute[33m;[39m[31m[91mtop[33m:[39m[31m[91m0[33m;[39m[31m[91mright[33m:[39m[31m[91m0[33m;[39m[31m[91mleft[33m:[39m[31m[91m0[33m;[39m[31m[91mz-index[33m:[39m[31m[91m1[33m;[39m[31m[91mheight[33m:[39m[31m[91m14px[33m;[39m[31m[91mpadding[33m:[39m[31m[91m0 0[33m;[39m[31m[91mfont-weight[33m:[39m[31m[91m400[33m;[39m[31m[91mline-height[33m:[39m[31m[91m14px[33m;[39m[31m[91mcolor[33m:[39m[31m[91m[35m#fff[39m[31m[91m[33m;[39m[31m[91mbackground-color[33m:[39m[31m[91m[35m#000084[39m[31m[91m[33m}[39m[31m[91m[33m.custom-file-label[39m[31m[91m[33m:[39m[31m[91m[33m:[39m[31m[91mafter[33m{[39m[31m[91mposition[33m:[39m[31m[91mabsolute[33m;[39m[31m[91mpadding[33m:[39m[31m[91m0[33m;[39m[31m[91mtop[33m:[39m[31m[91m0[33m;[39m[31m[91mright[33m:[39m[31m[91m0[33m;[39m[31m[91mbottom[33m:[39m[31m[91m0[33m;[39m[31m[91mz-index[33m:[39m[31m[91m3[33m;[39m[31m[91mdisplay[33m:[39m[31m[91mblock[33m;[39m[31m[91mbackground[33m:[39m[31m[91m[35m#bbb[39m[31m[91m[33m;[39m[31m[91mcolor[33m:[39m[31m[91m[35m#000[39m[31m[91m[33m}[39m[31m[91m[33m.custom-range[39m[31m[91m[33m{[39m[31m[91mwidth[33m:[39m[31m[91m100%[33m;[39m[31m[91mheight[33m:[39m[31m[91m7px[33m;[39m[31m[91mpadding[33m:[39m[31m[91m0[33m;[39m[31m[91mbackground-color[33m:[39m[31m[91mtransparent[33m;[39m[31m[91m-webkit-appearance[33m:[39m[31m[91mnone[33m;[39m[31m[91m-moz-appearance[33m:[39m[31m[91mnone[33m;[39m[31m[91mappearance[33m:[39m[31m[91mnone[33m}[39m[31m[91m[33m.custom-range[39m[31m[91m[33m:[39m[31m[91mfocus[33m{[39m[31m[91moutline[33m:[39m[31m[91m0[33m}[39m[31m[91m[33m.custom-range[39m[31m[91m[33m:[39m[31m[91mfocus[33m:[39m[31m[91m[33m:[39m[31m[91m-webkit[39m[22m[1m[31m-slider-thumb[33m{[39m[31m[91mbox-shadow[33m:[39m[31m[91m0[33m}[39m[31m[91m[33m.custom-range[39m[31m[91m[33m:[39m[31m[91mfocus[33m:[39m[31m[91m[33m:[39m[31m[91m-moz-range-thumb[33m{[39m[31m[91mbox-shadow[33m:[39m[31m[91m0[33m}[39m[31m[91m[33m.custom-range[39m[31m[91m[33m:[39m[31m[91mfocus[33m:[39m[31m[91m[33m:[39m[31m[91m-ms-thumb[33m{[39m[31m[91mbox-shadow[33m:[39m[31m[91m0[33m}[39m[31m[91m[33m.custom-range[39m[31m[91m[33m:[39m[31m[91m[33m:[39m[31m[91m-moz-focus-outer[33m{[39m[31m[91mborder[33m:[39m[31m[91m0[33m}[39m[31m[91m[33m.custom-range[39m[31m[91m[33m:[39m[31m[91m[33m:[39m[31m[91m-webkit-slider-thumb[33m{[39m[31m[91mwidth[33m:[39m[31m[91m8px[33m;[39m[31m[91mheight[33m:[39m[31m[91m14px[33m;[39m[31m[91mbackground[33m:[39m[31m[91m[35m#000[39m[31m[91m[33m;[39m[31m[91mmargin[33m:[39m[31m[91m0[33m;[39m[31m[91mborder[33m:[39m[31m[91m0[33m;[39m[31m[91m-webkit-appearance[33m:[39m[31m[91mnone[33m;[39m[31m[91mappearance[33m:[39m[31m[91mnone[33m}[39m[31m[91m[33m.custom-range[39m[31m[91m[33m:[39m[31m[91m[33m:[39m[31m[91m-webkit-slider-runnable-track[33m{[39m[31m[91mwidth[33m:[39m[31m[91m100%[33m;[39m[31m[91mheight[33m:[39m[31m[91m14px[33m;[39m[31m[91mcolor[33m:[39m[31m[91mtransparent[33m;[39m[31m[91mcursor[33m:[39m[31m[91mnone[33m;[39m[31m[91mmargin[33m:[39m[31m[91m0[33m;[39m[31m[91mbackground[33m:[39m[31m[91m[36murl[39m[31m[91m[36m(../fonts/hyphen-black.svg)[39m[31m[91m repeat-x left center,[35m#bbb[39m[31m[91m[33m;[39m[31m[91mborder-color[33m:[39m[31m[91mtransparent[33m}[39m[31m[91m[33m.custom-range[39m[31m[91m[33m:[39m[31m[91m[33m:[39m[31m[91m-moz-range-thumb[33m{[39m[31m[91mwidth[33m:[39m[31m[91m8px[33m;[39m[31m[91mheight[33m:[39m[31m[91m11px[33m;[39m[31m[91mborder[33m:[39m[31m[91m0[33m;[39m[31m[91mmargin[33m:[39m[31m[91m0[33m;[39m[31m[91mpadding[33m:[39m[31m[91m0[33m;[39m[31m[91mbackground[33m:[39m[31m[91m[35m#000[39m[31m[91m[33m;[39m[31m[91mborder-radius[33m:[39m[31m[91m0[33m;[39m[31m[91m-moz-appearance[33m:[39m[31m[91mnone[33m;[39m[31m[91mappearance[33m:[39m[31m[91mnone[33m}[39m[31m[91m[33m.custom-range[39m[31m[91m[33m:[39m[31m[91m[33m:[39m[31m[91m-moz[39m[22m[1m[31m-range-track[33m{[39m[31m[91mwidth[33m:[39m[31m[91m100%[33m;[39m[31m[91mheight[33m:[39m[31m[91m14px[33m;[39m[31m[91mcolor[33m:[39m[31m[91mtransparent[33m;[39m[31m[91mcursor[33m:[39m[31m[91mnone[33m;[39m[31m[91mbackground[33m:[39m[31m[91m[36murl[39m[31m[91m[36m(../fonts/hyphen-black.svg)[39m[31m[91m repeat-x left center,[35m#bbb[39m[31m[91m[33m;[39m[31m[91mborder-color[33m:[39m[31m[91mtransparent[33m}[39m[31m[91m[33m.custom-range[39m[31m[91m[33m:[39m[31m[91m[33m:[39m[31m[91m-ms-thumb[33m{[39m[31m[91mwidth[33m:[39m[31m[91m8px[33m;[39m[31m[91mheight[33m:[39m[31m[91m14px[33m;[39m[31m[91mmargin-top[33m:[39m[31m[91m0[33m;[39m[31m[91mmargin-right[33m:[39m[31m[91m0[33m;[39m[31m[91mmargin-left[33m:[39m[31m[91m0[33m;[39m[31m[91mborder[33m:[39m[31m[91m0[33m;[39m[31m[91mappearance[33m:[39m[31m[91mnone[33m}[39m[31m[91m[33m.custom-range[39m[31m[91m[33m:[39m[31m[91m[33m:[39m[31m[91m-ms-track[33m{[39m[31m[91mwidth[33m:[39m[31m[91m100%[33m;[39m[31m[91mheight[33m:[39m[31m[91m14px[33m;[39m[31m[91mcolor[33m:[39m[31m[91mtransparent[33m;[39m[31m[91mcursor[33m:[39m[31m[91mnone[33m;[39m[31m[91mbackground-color[33m:[39m[31m[91mtransparent[33m;[39m[31m[91mborder-color[33m:[39m[31m[91mtransparent[33m;[39m[31m[91mborder-width[33m:[39m[31m[91m7px[33m}[39m[31m[91m[33m.custom-range[39m[31m[91m[33m:[39m[31m[91m[33m:[39m[31m[91m-ms-fill-lower[33m{[39m[31m[91mbackground-color[33m:[39m[31m[91m[35m#fff[39m[31m[91m[33m}[39m[31m[91m[33m.custom-range[39m[31m[91m[33m:[39m[31m[91m[33m:[39m[31m[91m-ms-fill-upper[33m{[39m[31m[91mmargin-right[33m:[39m[31m[91m15px[33m;[39m[31m[91mbackground-color[33m:[39m[31m[91m[35m#fff[39m[31m[91m[33m}[39m[31m[91m[33m.custom-range[39m[31m[91m[33m:[39m[31m[91mdisabled[33m:[39m[31m[91m[33m:[39m[31m[91m-webkit-slider-thumb[33m{[39m[31m[91mbackground-color[33m:[39m[31m[91m[35m#555[39m[31m[91m[33m}[39m[31m[91m[33m.custom-range[39m[31m[91m[33m:[39m[31m[91mdisabled[33m:[39m[31m[91m[33m:[39m[31m[91m-webkit-slider-runnable-track[33m{[39m[31m[91mcursor[33m:[39m[31m[91mdefault[33m}[39m[31m[91m[33m.custom-range[39m[31m[91m[33m:[39m[31m[91mdisabled[33m:[39m[31m[91m[33m:[39m[22m[1m[31m[39m[91m-moz-range-thumb[33m{[39m[31m[91mbackground-color[33m:[39m[31m[91m[35m#555[39m[31m[91m[33m}[39m[31m[91m[33m.custom-range[39m[31m[91m[33m:[39m[31m[91mdisabled[33m:[39m[31m[91m[33m:[39m[31m[91m-moz-range-track[33m{[39m[31m[91mcursor[33m:[39m[31m[91mdefault[33m}[39m[31m[91m[33m.custom-range[39m[31m[91m[33m:[39m[31m[91mdisabled[33m:[39m[31m[91m[33m:[39m[31m[91m-ms-thumb[33m{[39m[31m[91mbackground-color[33m:[39m[31m[91m[35m#555[39m[31m[91m[33m}[39m[31m[91m[33m.nav[39m[31m[91m[33m{[39m[31m[91mdisplay[33m:[39m[31m[91m-ms-flexbox[33m;[39m[31m[91mdisplay[33m:[39m[31m[91mflex[33m;[39m[31m[91m-ms-flex-wrap[33m:[39m[31m[91mnowrap[33m;[39m[31m[91mflex-wrap[33m:[39m[31m[91mnowrap[33m;[39m[31m[91mpadding-left[33m:[39m[31m[91m0[33m;[39m[31m[91mmargin-bottom[33m:[39m[31m[91m0[33m;[39m[31m[91mlist-style[33m:[39m[31m[91mnone[33m}[39m[31m[91m[33m.nav-link[39m[31m[91m[33m{[39m[31m[91mdisplay[33m:[39m[31m[91mblock[33m;[39m[31m[91mpadding[33m:[39m[31m[91m0 0[33m}[39m[31m[91m[33m.nav-link[39m[31m[91m[33m:[39m[31m[91mfocus,.nav-link[33m:[39m[31m[91mhover[33m{[39m[31m[91mtext-decoration[33m:[39m[31m[91mnone[33m}[39m[31m[91m[33m.nav-link.disabled[39m[31m[91m[33m{[39m[31m[91mcolor[33m:[39m[31m[91m[35m#555[39m[31m[91m[33m;[39m[31m[91mpointer-events[33m:[39m[31m[91mnone[33m;[39m[31m[91mcursor[33m:[39m[31m[91mdefault[33m}[39m[31m[91m[33m.nav-item[39m[31m[91m[33m{[39m[31m[91mpadding[33m:[39m[31m[91m0[33m}[39m[31m[91m[33m.nav-tabs[39m[31m[91m[33m{[39m[31m[91mheight[33m:[39m[31m[91m35px[33m;[39m[31m[91mmargin-left[33m:[39m[31m[91m0[33m;[39m[31m[91mpadding-left[33m:[39m[31m[91m8px[33m;[39m[31m[91mborder-bottom[33m:[39m[31m[91m1px solid [35m#bbb[39m[31m[91m[33m;[39m[31m[91mmargin-bottom[33m:[39m[31m[91m9px[33m}[39m[31m[91m[33m.nav-tabs[39m[31m[91m [33m.nav-item[39m[31m[91m[33m{[39m[31m[91mmargin[33m:[39m[31m[91m0[33m}[39m[31m[91m[33m.nav-tabs[39m[31m[91m [33m.nav-link[39m[31m[91m[33m{[39m[31m[91mborder[33m:[39m[31m[91m[33m.875px[39m[31m[91m solid [35m#bbb[39m[31m[91m[33m;[39m[31m[91mmargin-top[33m:[39m[31m[91m7px[33m;[39m[31m[91mpadding-top[33m:[39m[31m[91m6.125px[33m;[39m[31m[91[39m[22m[1m[31mmpadding-bottom[33m:[39m[31m[91m7px[33m;[39m[31m[91mmargin-bottom[33m:[39m[31m[91m6.125px[33m;[39m[31m[91mborder-left-width[33m:[39m[31m[91m2px[33m;[39m[31m[91mborder-right-width[33m:[39m[31m[91m2px[33m;[39m[31m[91mmargin-left[33m:[39m[31m[91m3.5px[33m;[39m[31m[91mpadding-left[33m:[39m[31m[91m10.5px[33m;[39m[31m[91mpadding-right[33m:[39m[31m[91m11.5px[33m;[39m[31m[91mmargin-right[33m:[39m[31m[91m2.5px[33m;[39m[31m[91mcolor[33m:[39m[31m[91m[35m#bbb[39m[31m[91m[33m;[39m[31m[91mbackground-color[33m:[39m[31m[91m[35m#000084[39m[31m[91m[33m;[39m[31m[91mborder-bottom[33m:[39m[31m[91m0[33m}[39m[31m[91m[33m.nav-tabs[39m[31m[91m [33m.nav-link.disabled[39m[31m[91m[33m{[39m[31m[91mborder[33m:[39m[31m[91m0[33m;[39m[31m[91mpadding-bottom[33m:[39m[31m[91m0[33m;[39m[31m[91mcolor[33m:[39m[31m[91m[35m#555[39m[31m[91m[33m}[39m[31m[91m[33m.nav-tabs[39m[31m[91m [33m.nav-item.show[39m[31m[91m [33m.nav-link,.nav-tabs[39m[31m[91m [33m.nav-link.active[39m[31m[91m[33m{[39m[31m[91moutline[33m:[39m[31m[91m0[33m;[39m[31m[91mcolor[33m:[39m[31m[91m[35m#fff[39m[31m[91m[33m}[39m[31m[91m[33m.nav-tabs[39m[31m[91m [33m.dropdown-menu[39m[31m[91m[33m{[39m[31m[91mmargin-top[33m:[39m[31m[91m-1px[33m;[39m[31m[91mmargin-left[33m:[39m[31m[91m0[33m}[39m[31m[91m[33m.nav-pills[39m[31m[91m [33m.nav-link[39m[31m[91m[33m:[39m[31m[91m[33m:[39m[31m[91mbefore[33m{[39m[31m[91mcontent[33m:[39m[31m[91m[32m'('[39m[31m[91m[33m;[39m[31m[91mmargin-right[33m:[39m[31m[91m8px[33m}[39m[31m[91m[33m.nav-pills[39m[31m[91m [33m.nav-link[39m[31m[91m[33m:[39m[31m[91m[33m:[39m[31m[91mafter[33m{[39m[31m[91mcontent[33m:[39m[31m[91m[32m')'[39m[31m[91m[33m;[39m[31m[91mmargin-left[33m:[39m[31m[91m8px[33m}[39m[31m[91m[33m.nav-pills[39m[31m[91m [33m.nav-link.active,.nav-pills[39m[31m[91m [33m.show>.nav-link[39m[31m[91m[33m{[39m[31m[91mcolor[33m:[39m[31m[91m[35m#fff[39m[31m[91m[33m;[39m[31m[91mbackground-color[33m:[39m[31m[91m[35m#000[39m[31m[91m[33m}[39m[31m[91m[33m.nav-fill[39m[31m[91m [33m.nav-item[39m[31m[91m[33m{[39m[31m[91m-ms-flex[33m:[39m[31m[91m1 1 auto[33m;[39m[31m[91mflex[33m:[39m[31m[91m1 1 auto[33m;[39m[31m[91mtext-[39m[22m[1m[31malign[33m:[39m[31m[91mcenter[33m}[39m[31m[91m[33m.nav-justified[39m[31m[91m [33m.nav-item[39m[31m[91m[33m{[39m[31m[91m-ms-flex-preferred-size[33m:[39m[31m[91m0[33m;[39m[31m[91mflex-basis[33m:[39m[31m[91m0[33m;[39m[31m[91m-ms-flex-positive[33m:[39m[31m[91m1[33m;[39m[31m[91mflex-grow[33m:[39m[31m[91m1[33m;[39m[31m[91mtext-align[33m:[39m[31m[91mcenter[33m}[39m[31m[91m[33m.tab-content>.tab-pane[39m[31m[91m[33m{[39m[31m[91mdisplay[33m:[39m[31m[91mnone[33m}[39m[31m[91m[33m.tab-content>.active[39m[31m[91m[33m{[39m[31m[91mdisplay[33m:[39m[31m[91mblock[33m}[39m[31m[91m[33m.navbar[39m[31m[91m[33m{[39m[31m[91mposition[33m:[39m[31m[91mrelative[33m;[39m[31m[91mdisplay[33m:[39m[31m[91m-ms-flexbox[33m;[39m[31m[91mdisplay[33m:[39m[31m[91mflex[33m;[39m[31m[91m-ms-flex-wrap[33m:[39m[31m[91mwrap[33m;[39m[31m[91mflex-wrap[33m:[39m[31m[91mwrap[33m;[39m[31m[91m-ms-flex-align[33m:[39m[31m[91mcenter[33m;[39m[31m[91malign-items[33m:[39m[31m[91mcenter[33m;[39m[31m[91m-ms-flex-pack[33m:[39m[31m[91mjustify[33m;[39m[31m[91mjustify-content[33m:[39m[31m[91mspace-between[33m;[39m[31m[91mpadding[33m:[39m[31m[91m0[33m}[39m[31m[91m[33m.navbar[39m[31m[91m [33m.container,.navbar[39m[31m[91m [33m.container-fluid,.navbar[39m[31m[91m [33m.container-lg,.navbar[39m[31m[91m [33m.container-md,.navbar[39m[31m[91m [33m.container-sm,.navbar[39m[31m[91m [33m.container-xl[39m[31m[91m[33m{[39m[31m[91mdisplay[33m:[39m[31m[91m-ms-flexbox[33m;[39m[31m[91mdisplay[33m:[39m[31m[91mflex[33m;[39m[31m[91m-ms-flex-wrap[33m:[39m[31m[91mwrap[33m;[39m[31m[91mflex-wrap[33m:[39m[31m[91mwrap[33m;[39m[31m[91m-ms-flex-align[33m:[39m[31m[91mcenter[33m;[39m[31m[91malign-items[33m:[39m[31m[91mcenter[33m;[39m[31m[91m-ms-flex-pack[33m:[39m[31m[91mjustify[33m;[39m[31m[91mjustify-content[33m:[39m[31m[91mspace-between[33m}[39m[31m[91m[33m.navbar-brand[39m[31m[91m[33m{[39m[31m[91mdisplay[33m:[39m[31m[91minline-block[33m;[39m[31m[91mmargin[33m:[39m[31m[91m0[33m;[39m[31m[91mpadding[33m:[39m[31m[91m0 8px[33m;[39m[31m[91mline-height[33m:[39m[31m[91minherit[33m;[39m[31m[91mwhite-space[33m:[39m[31m[91mnowrap[33m;[39m[31m[91mco[39m[22m[1m[31mlor[33m:[39m[31m[91m[35m#000084[39m[31m[91m[33m}[39m[31m[91m[33m.navbar-brand[39m[31m[91m[33m:[39m[31m[91mfocus,.navbar-brand[33m:[39m[31m[91mhover[33m{[39m[31m[91mtext-decoration[33m:[39m[31m[91mnone[33m}[39m[31m[91m[33m.navbar-nav[39m[31m[91m[33m{[39m[31m[91mdisplay[33m:[39m[31m[91m-ms-flexbox[33m;[39m[31m[91mdisplay[33m:[39m[31m[91mflex[33m;[39m[31m[91m-ms-flex-direction[33m:[39m[31m[91mcolumn[33m;[39m[31m[91mflex-direction[33m:[39m[31m[91mcolumn[33m;[39m[31m[91mpadding-left[33m:[39m[31m[91m0[33m;[39m[31m[91mmargin-bottom[33m:[39m[31m[91m0[33m;[39m[31m[91mlist-style[33m:[39m[31m[91mnone[33m}[39m[31m[91m[33m.navbar-nav[39m[31m[91m [33m.nav-link[39m[31m[91m[33m{[39m[31m[91mpadding-right[33m:[39m[31m[91m0[33m;[39m[31m[91mpadding-left[33m:[39m[31m[91m0[33m}[39m[31m[91m[33m.navbar-nav[39m[31m[91m [33m.dropdown-menu[39m[31m[91m[33m{[39m[31m[91mposition[33m:[39m[31m[91mstatic[33m;[39m[31m[91mfloat[33m:[39m[31m[91mnone[33m}[39m[31m[91m[33m.navbar-text[39m[31m[91m[33m{[39m[31m[91mdisplay[33m:[39m[31m[91minline-block[33m;[39m[31m[91mpadding-top[33m:[39m[31m[91m0[33m;[39m[31m[91mpadding-bottom[33m:[39m[31m[91m0[33m}[39m[31m[91m[33m.navbar-collapse[39m[31m[91m[33m{[39m[31m[91m-ms-flex-preferred-size[33m:[39m[31m[91m100%[33m;[39m[31m[91mflex-basis[33m:[39m[31m[91m100%[33m;[39m[31m[91m-ms-flex-positive[33m:[39m[31m[91m1[33m;[39m[31m[91mflex-grow[33m:[39m[31m[91m1[33m;[39m[31m[91m-ms-flex-align[33m:[39m[31m[91mcenter[33m;[39m[31m[91malign-items[33m:[39m[31m[91mcenter[33m}[39m[31m[91m[33m.navbar-toggler[39m[31m[91m[33m{[39m[31m[91mpadding[33m:[39m[31m[91m0 0[33m;[39m[31m[91mfont-size[33m:[39m[31m[91m16px[33m;[39m[31m[91mbackground-color[33m:[39m[31m[91mtransparent[33m;[39m[31m[91mborder[33m:[39m[31m[91m0 solid transparent[33m}[39m[31m[91m[33m.navbar-toggler[39m[31m[91m[33m:[39m[31m[91mfocus,.navbar-toggler[33m:[39m[31m[91mhover[33m{[39m[31m[91mtext-decoration[33m:[39m[31m[91mnone[33m}[39m[31m[91m[33m.navbar-toggler-icon[39m[31m[91m[33m{[39m[31m[91mdisplay[33m:[39m[31m[91minline-block[33m;[39m[31m[91mwidth[33m:[39m[31m[91m16px[33m;[39m[31m[91mheight[33m:[39m[31m[39m[22m[1m[31m[91m14px[33m;[39m[31m[91mvertical-align[33m:[39m[31m[91mmiddle[33m;[39m[31m[91mcontent[33m:[39m[31m[91m[32m""[39m[31m[91m[33m;[39m[31m[91mbackground[33m:[39m[31m[91mno-repeat center center[33m;[39m[31m[91mbackground-size[33m:[39m[31m[91m100% 100%[33m}[39m[31m[91m[36m@media[39m[31m[91m[36m [39m[31m[91m[36m(max-width:575.98px)[39m[31m[91m[33m{[39m[31m[91m[33m.navbar-expand-sm>.container,.navbar-expand-sm>.container-fluid,.navbar-expand-sm>.container-lg,.navbar-expand-sm>.container-md,.navbar-expand-sm>.container-sm,.navbar-expand-sm>.container-xl[39m[31m[91m[33m{[39m[31m[91mpadding-right[33m:[39m[31m[91m0[33m;[39m[31m[91mpadding-left[33m:[39m[31m[91m0[33m}[39m[31m[91m[33m}[39m[31m[91m[36m@media[39m[31m[91m[36m [39m[31m[91m[36m(min-width:576px)[39m[31m[91m[33m{[39m[31m[91m[33m.navbar-expand-sm[39m[31m[91m[33m{[39m[31m[91m-ms-flex-flow[33m:[39m[31m[91mrow nowrap[33m;[39m[31m[91mflex-flow[33m:[39m[31m[91mrow nowrap[33m;[39m[31m[91m-ms-flex-pack[33m:[39m[31m[91mstart[33m;[39m[31m[91mjustify-content[33m:[39m[31m[91mflex-start[33m}[39m[31m[91m[33m.navbar-expand-sm[39m[31m[91m [33m.navbar-nav[39m[31m[91m[33m{[39m[31m[91m-ms-flex-direction[33m:[39m[31m[91mrow[33m;[39m[31m[91mflex-direction[33m:[39m[31m[91mrow[33m}[39m[31m[91m[33m.navbar-expand-sm[39m[31m[91m [33m.navbar-nav[39m[31m[91m [33m.dropdown-menu[39m[31m[91m[33m{[39m[31m[91mposition[33m:[39m[31m[91mabsolute[33m}[39m[31m[91m[33m.navbar-expand-sm[39m[31m[91m [33m.navbar-nav[39m[31m[91m [33m.nav-link[39m[31m[91m[33m{[39m[31m[91mpadding-right[33m:[39m[31m[91m8px[33m;[39m[31m[91mpadding-left[33m:[39m[31m[91m8px[33m}[39m[31m[91m[33m.navbar-expand-sm>.container,.navbar-expand-sm>.container-fluid,.navbar-expand-sm>.container-lg,.navbar-expand-sm>.container-md,.navbar-expand-sm>.container-sm,.navbar-expand-sm>.container-xl[39m[31m[91m[33m{[39m[31m[91m-ms-flex-wrap[33m:[39m[31m[91mnowrap[33m;[39m[31m[91mflex-wrap[33m:[39m[31m[91mnowrap[33m}[39m[31m[91m[33m.navbar-expand-sm[39m[31m[91m [33m.navbar-collapse[39m[31m[91m[33m{[39m[31m[91mdisplay[33m:[39m[31m[91m-ms-flexbox!important[33m;[39m[31m[91[39m[22m[1m[31mmdisplay[33m:[39m[31m[91mflex!important[33m;[39m[31m[91m-ms-flex-preferred-size[33m:[39m[31m[91mauto[33m;[39m[31m[91mflex-basis[33m:[39m[31m[91mauto[33m}[39m[31m[91m[33m.navbar-expand-sm[39m[31m[91m [33m.navbar-toggler[39m[31m[91m[33m{[39m[31m[91mdisplay[33m:[39m[31m[91mnone[33m}[39m[31m[91m[33m}[39m[31m[91m[36m@media[39m[31m[91m[36m [39m[31m[91m[36m(max-width:767.98px)[39m[31m[91m[33m{[39m[31m[91m[33m.navbar-expand-md>.container,.navbar-expand-md>.container-fluid,.navbar-expand-md>.container-lg,.navbar-expand-md>.container-md,.navbar-expand-md>.container-sm,.navbar-expand-md>.container-xl[39m[31m[91m[33m{[39m[31m[91mpadding-right[33m:[39m[31m[91m0[33m;[39m[31m[91mpadding-left[33m:[39m[31m[91m0[33m}[39m[31m[91m[33m}[39m[31m[91m[36m@media[39m[31m[91m[36m [39m[31m[91m[36m(min-width:768px)[39m[31m[91m[33m{[39m[31m[91m[33m.navbar-expand-md[39m[31m[91m[33m{[39m[31m[91m-ms-flex-flow[33m:[39m[31m[91mrow nowrap[33m;[39m[31m[91mflex-flow[33m:[39m[31m[91mrow nowrap[33m;[39m[31m[91m-ms-flex-pack[33m:[39m[31m[91mstart[33m;[39m[31m[91mjustify-content[33m:[39m[31m[91mflex-start[33m}[39m[31m[91m[33m.navbar-expand-md[39m[31m[91m [33m.navbar-nav[39m[31m[91m[33m{[39m[31m[91m-ms-flex-direction[33m:[39m[31m[91mrow[33m;[39m[31m[91mflex-direction[33m:[39m[31m[91mrow[33m}[39m[31m[91m[33m.navbar-expand-md[39m[31m[91m [33m.navbar-nav[39m[31m[91m [33m.dropdown-menu[39m[31m[91m[33m{[39m[31m[91mposition[33m:[39m[31m[91mabsolute[33m}[39m[31m[91m[33m.navbar-expand-md[39m[31m[91m [33m.navbar-nav[39m[31m[91m [33m.nav-link[39m[31m[91m[33m{[39m[31m[91mpadding-right[33m:[39m[31m[91m8px[33m;[39m[31m[91mpadding-left[33m:[39m[31m[91m8px[33m}[39m[31m[91m[33m.navbar-expand-md>.container,.navbar-expand-md>.container-fluid,.navbar-expand-md>.container-lg,.navbar-expand-md>.container-md,.navbar-expand-md>.container-sm,.navbar-expand-md>.container-xl[39m[31m[91m[33m{[39m[31m[91m-ms-flex-wrap[33m:[39m[31m[91mnowrap[33m;[39m[31m[91mflex-wrap[33m:[39m[31m[91mnowrap[33m}[39m[31m[91m[33m.navbar-expand-md[39m[31m[91m [33m.navbar-collapse[39m[31m[91m[33m{[39m[31m[91mdisplay[33m:[[39m[22m[1m[31m39m[91m-ms-flexbox!important[33m;[39m[31m[91mdisplay[33m:[39m[31m[91mflex!important[33m;[39m[31m[91m-ms-flex-preferred-size[33m:[39m[31m[91mauto[33m;[39m[31m[91mflex-basis[33m:[39m[31m[91mauto[33m}[39m[31m[91m[33m.navbar-expand-md[39m[31m[91m [33m.navbar-toggler[39m[31m[91m[33m{[39m[31m[91mdisplay[33m:[39m[31m[91mnone[33m}[39m[31m[91m[33m}[39m[31m[91m[36m@media[39m[31m[91m[36m [39m[31m[91m[36m(max-width:959.98px)[39m[31m[91m[33m{[39m[31m[91m[33m.navbar-expand-lg>.container,.navbar-expand-lg>.container-fluid,.navbar-expand-lg>.container-lg,.navbar-expand-lg>.container-md,.navbar-expand-lg>.container-sm,.navbar-expand-lg>.container-xl[39m[31m[91m[33m{[39m[31m[91mpadding-right[33m:[39m[31m[91m0[33m;[39m[31m[91mpadding-left[33m:[39m[31m[91m0[33m}[39m[31m[91m[33m}[39m[31m[91m[36m@media[39m[31m[91m[36m [39m[31m[91m[36m(min-width:960px)[39m[31m[91m[33m{[39m[31m[91m[33m.navbar-expand-lg[39m[31m[91m[33m{[39m[31m[91m-ms-flex-flow[33m:[39m[31m[91mrow nowrap[33m;[39m[31m[91mflex-flow[33m:[39m[31m[91mrow nowrap[33m;[39m[31m[91m-ms-flex-pack[33m:[39m[31m[91mstart[33m;[39m[31m[91mjustify-content[33m:[39m[31m[91mflex-start[33m}[39m[31m[91m[33m.navbar-expand-lg[39m[31m[91m [33m.navbar-nav[39m[31m[91m[33m{[39m[31m[91m-ms-flex-direction[33m:[39m[31m[91mrow[33m;[39m[31m[91mflex-direction[33m:[39m[31m[91mrow[33m}[39m[31m[91m[33m.navbar-expand-lg[39m[31m[91m [33m.navbar-nav[39m[31m[91m [33m.dropdown-menu[39m[31m[91m[33m{[39m[31m[91mposition[33m:[39m[31m[91mabsolute[33m}[39m[31m[91m[33m.navbar-expand-lg[39m[31m[91m [33m.navbar-nav[39m[31m[91m [33m.nav-link[39m[31m[91m[33m{[39m[31m[91mpadding-right[33m:[39m[31m[91m8px[33m;[39m[31m[91mpadding-left[33m:[39m[31m[91m8px[33m}[39m[31m[91m[33m.navbar-expand-lg>.container,.navbar-expand-lg>.container-fluid,.navbar-expand-lg>.container-lg,.navbar-expand-lg>.container-md,.navbar-expand-lg>.container-sm,.navbar-expand-lg>.container-xl[39m[31m[91m[33m{[39m[31m[91m-ms-flex-wrap[33m:[39m[31m[91mnowrap[33m;[39m[31m[91mflex-wrap[33m:[39m[31m[91mnowrap[33m}[39m[31m[91m[33m.navbar-expand-lg[39m[31m[91m [33m.navbar-colla[39m[22m[1m[31mpse[39m[31m[91m[33m{[39m[31m[91mdisplay[33m:[39m[31m[91m-ms-flexbox!important[33m;[39m[31m[91mdisplay[33m:[39m[31m[91mflex!important[33m;[39m[31m[91m-ms-flex-preferred-size[33m:[39m[31m[91mauto[33m;[39m[31m[91mflex-basis[33m:[39m[31m[91mauto[33m}[39m[31m[91m[33m.navbar-expand-lg[39m[31m[91m [33m.navbar-toggler[39m[31m[91m[33m{[39m[31m[91mdisplay[33m:[39m[31m[91mnone[33m}[39m[31m[91m[33m}[39m[31m[91m[36m@media[39m[31m[91m[36m [39m[31m[91m[36m(max-width:1151.98px)[39m[31m[91m[33m{[39m[31m[91m[33m.navbar-expand-xl>.container,.navbar-expand-xl>.container-fluid,.navbar-expand-xl>.container-lg,.navbar-expand-xl>.container-md,.navbar-expand-xl>.container-sm,.navbar-expand-xl>.container-xl[39m[31m[91m[33m{[39m[31m[91mpadding-right[33m:[39m[31m[91m0[33m;[39m[31m[91mpadding-left[33m:[39m[31m[91m0[33m}[39m[31m[91m[33m}[39m[31m[91m[36m@media[39m[31m[91m[36m [39m[31m[91m[36m(min-width:1152px)[39m[31m[91m[33m{[39m[31m[91m[33m.navbar-expand-xl[39m[31m[91m[33m{[39m[31m[91m-ms-flex-flow[33m:[39m[31m[91mrow nowrap[33m;[39m[31m[91mflex-flow[33m:[39m[31m[91mrow nowrap[33m;[39m[31m[91m-ms-flex-pack[33m:[39m[31m[91mstart[33m;[39m[31m[91mjustify-content[33m:[39m[31m[91mflex-start[33m}[39m[31m[91m[33m.navbar-expand-xl[39m[31m[91m [33m.navbar-nav[39m[31m[91m[33m{[39m[31m[91m-ms-flex-direction[33m:[39m[31m[91mrow[33m;[39m[31m[91mflex-direction[33m:[39m[31m[91mrow[33m}[39m[31m[91m[33m.navbar-expand-xl[39m[31m[91m [33m.navbar-nav[39m[31m[91m [33m.dropdown-menu[39m[31m[91m[33m{[39m[31m[91mposition[33m:[39m[31m[91mabsolute[33m}[39m[31m[91m[33m.navbar-expand-xl[39m[31m[91m [33m.navbar-nav[39m[31m[91m [33m.nav-link[39m[31m[91m[33m{[39m[31m[91mpadding-right[33m:[39m[31m[91m8px[33m;[39m[31m[91mpadding-left[33m:[39m[31m[91m8px[33m}[39m[31m[91m[33m.navbar-expand-xl>.container,.navbar-expand-xl>.container-fluid,.navbar-expand-xl>.container-lg,.navbar-expand-xl>.container-md,.navbar-expand-xl>.container-sm,.navbar-expand-xl>.container-xl[39m[31m[91m[33m{[39m[31m[91m-ms-flex-wrap[33m:[39m[31m[91mnowrap[33m;[39m[31m[91mflex-wrap[33m:[39m[31m[91mnowrap[33m}[39m[31m[91m[33m[39m[22m[1m[31m.navbar-expand-xl[39m[31m[91m [33m.navbar-collapse[39m[31m[91m[33m{[39m[31m[91mdisplay[33m:[39m[31m[91m-ms-flexbox!important[33m;[39m[31m[91mdisplay[33m:[39m[31m[91mflex!important[33m;[39m[31m[91m-ms-flex-preferred-size[33m:[39m[31m[91mauto[33m;[39m[31m[91mflex-basis[33m:[39m[31m[91mauto[33m}[39m[31m[91m[33m.navbar-expand-xl[39m[31m[91m [33m.navbar-toggler[39m[31m[91m[33m{[39m[31m[91mdisplay[33m:[39m[31m[91mnone[33m}[39m[31m[91m[33m}[39m[31m[91m[33m.navbar-expand[39m[31m[91m[33m{[39m[31m[91m-ms-flex-flow[33m:[39m[31m[91mrow nowrap[33m;[39m[31m[91mflex-flow[33m:[39m[31m[91mrow nowrap[33m;[39m[31m[91m-ms-flex-pack[33m:[39m[31m[91mstart[33m;[39m[31m[91mjustify-content[33m:[39m[31m[91mflex-start[33m}[39m[31m[91m[33m.navbar-expand>.container,.navbar-expand>.container-fluid,.navbar-expand>.container-lg,.navbar-expand>.container-md,.navbar-expand>.container-sm,.navbar-expand>.container-xl[39m[31m[91m[33m{[39m[31m[91mpadding-right[33m:[39m[31m[91m0[33m;[39m[31m[91mpadding-left[33m:[39m[31m[91m0[33m}[39m[31m[91m[33m.navbar-expand[39m[31m[91m [33m.navbar-nav[39m[31m[91m[33m{[39m[31m[91m-ms-flex-direction[33m:[39m[31m[91mrow[33m;[39m[31m[91mflex-direction[33m:[39m[31m[91mrow[33m}[39m[31m[91m[33m.navbar-expand[39m[31m[91m [33m.navbar-nav[39m[31m[91m [33m.dropdown-menu[39m[31m[91m[33m{[39m[31m[91mposition[33m:[39m[31m[91mabsolute[33m}[39m[31m[91m[33m.navbar-expand[39m[31m[91m [33m.navbar-nav[39m[31m[91m [33m.nav-link[39m[31m[91m[33m{[39m[31m[91mpadding-right[33m:[39m[31m[91m8px[33m;[39m[31m[91mpadding-left[33m:[39m[31m[91m8px[33m}[39m[31m[91m[33m.navbar-expand>.container,.navbar-expand>.container-fluid,.navbar-expand>.container-lg,.navbar-expand>.container-md,.navbar-expand>.container-sm,.navbar-expand>.container-xl[39m[31m[91m[33m{[39m[31m[91m-ms-flex-wrap[33m:[39m[31m[91mnowrap[33m;[39m[31m[91mflex-wrap[33m:[39m[31m[91mnowrap[33m}[39m[31m[91m[33m.navbar-expand[39m[31m[91m [33m.navbar-collapse[39m[31m[91m[33m{[39m[31m[91mdisplay[33m:[39m[31m[91m-ms-flexbox!important[33m;[39m[31m[91mdisplay[33m:[39m[31m[91mflex!important[33m;[39m[31m[91m-ms-flex[39m[22m[1m[31m-preferred-size[33m:[39m[31m[91mauto[33m;[39m[31m[91mflex-basis[33m:[39m[31m[91mauto[33m}[39m[31m[91m[33m.navbar-expand[39m[31m[91m [33m.navbar-toggler[39m[31m[91m[33m{[39m[31m[91mdisplay[33m:[39m[31m[91mnone[33m}[39m[31m[91m[33m.navbar-light[39m[31m[91m [33m.navbar-brand[39m[31m[91m[33m{[39m[31m[91mcolor[33m:[39m[31m[91m[35m#000[39m[31m[91m[33m}[39m[31m[91m[33m.navbar-light[39m[31m[91m [33m.navbar-brand[39m[31m[91m[33m:[39m[31m[91mfocus,.navbar-light [33m.navbar-brand[39m[31m[91m[33m:[39m[31m[91mhover[33m{[39m[31m[91mcolor[33m:[39m[31m[91m[35m#fff[39m[31m[91m[33m;[39m[31m[91mbackground[33m:[39m[31m[91m[35m#000[39m[31m[91m[33m}[39m[31m[91m[33m.navbar-light[39m[31m[91m [33m.navbar-nav[39m[31m[91m [33m.nav-link[39m[31m[91m[33m{[39m[31m[91mcolor[33m:[39m[31m[91m[35m#000[39m[31m[91m[33m}[39m[31m[91m[33m.navbar-light[39m[31m[91m [33m.navbar-nav[39m[31m[91m [33m.nav-link[39m[31m[91m[33m:[39m[31m[91mfocus,.navbar-light [33m.navbar-nav[39m[31m[91m [33m.nav-link[39m[31m[91m[33m:[39m[31m[91mhover[33m{[39m[31m[91mcolor[33m:[39m[31m[91m[35m#fff[39m[31m[91m[33m;[39m[31m[91mbackground[33m:[39m[31m[91m[35m#000[39m[31m[91m[33m}[39m[31m[91m[33m.navbar-light[39m[31m[91m [33m.navbar-nav[39m[31m[91m [33m.nav-link.disabled[39m[31m[91m[33m{[39m[31m[91mcolor[33m:[39m[31m[91m[35m#bbb[39m[31m[91m[33m}[39m[31m[91m[33m.navbar-light[39m[31m[91m [33m.navbar-nav[39m[31m[91m [33m.active>.nav-link,.navbar-light[39m[31m[91m [33m.navbar-nav[39m[31m[91m [33m.nav-link.active,.navbar-light[39m[31m[91m [33m.navbar-nav[39m[31m[91m [33m.nav-link.show,.navbar-light[39m[31m[91m [33m.navbar-nav[39m[31m[91m [33m.show>.nav-link[39m[31m[91m[33m{[39m[31m[91mcolor[33m:[39m[31m[91m[35m#bbb[39m[31m[91m[33m;[39m[31m[91mbackground[33m:[39m[31m[91m[35m#000[39m[31m[91m[33m}[39m[31m[91m[33m.navbar-light[39m[31m[91m [33m.navbar-toggler[39m[31m[91m[33m{[39m[31m[91mcolor[33m:[39m[31m[91m[35m#000[39m[31m[91m[33m}[39m[31m[91m[33m.navbar-light[39m[31m[91m [33m.navbar-text[39m[31m[91m[33m{[39m[31m[91mcolor[33m:[39m[31m[91m[35m#000[39m[31m[91m[33m}[39m[31m[91m[33m.navbar-light[39m[31m[91m [33m.navbar-text[39[39m[22m[1m[31mm[91m a[33m{[39m[31m[91mcolor[33m:[39m[31m[91m[35m#bbb[39m[31m[91m[33m;[39m[31m[91mbackground[33m:[39m[31m[91m[35m#000[39m[31m[91m[33m}[39m[31m[91m[33m.navbar-light[39m[31m[91m [33m.navbar-text[39m[31m[91m a[33m:[39m[31m[91mfocus,.navbar-light [33m.navbar-text[39m[31m[91m a[33m:[39m[31m[91mhover[33m{[39m[31m[91mcolor[33m:[39m[31m[91m[35m#bbb[39m[31m[91m[33m}[39m[31m[91m[33m.navbar-dark[39m[31m[91m [33m.navbar-brand[39m[31m[91m[33m{[39m[31m[91mcolor[33m:[39m[31m[91m[35m#000[39m[31m[91m[33m}[39m[31m[91m[33m.navbar-dark[39m[31m[91m [33m.navbar-brand[39m[31m[91m[33m:[39m[31m[91mfocus,.navbar-dark [33m.navbar-brand[39m[31m[91m[33m:[39m[31m[91mhover[33m{[39m[31m[91mcolor[33m:[39m[31m[91m[35m#fff[39m[31m[91m[33m;[39m[31m[91mbackground[33m:[39m[31m[91m[35m#000[39m[31m[91m[33m}[39m[31m[91m[33m.navbar-dark[39m[31m[91m [33m.navbar-nav[39m[31m[91m [33m.nav-link[39m[31m[91m[33m{[39m[31m[91mcolor[33m:[39m[31m[91m[35m#000[39m[31m[91m[33m}[39m[31m[91m[33m.navbar-dark[39m[31m[91m [33m.navbar-nav[39m[31m[91m [33m.nav-link[39m[31m[91m[33m:[39m[31m[91mfocus,.navbar-dark [33m.navbar-nav[39m[31m[91m [33m.nav-link[39m[31m[91m[33m:[39m[31m[91mhover[33m{[39m[31m[91mcolor[33m:[39m[31m[91m[35m#bbb[39m[31m[91m[33m;[39m[31m[91mbackground[33m:[39m[31m[91m[35m#000[39m[31m[91m[33m}[39m[31m[91m[33m.navbar-dark[39m[31m[91m [33m.navbar-nav[39m[31m[91m [33m.nav-link.disabled[39m[31m[91m[33m{[39m[31m[91mcolor[33m:[39m[31m[91m[35m#555[39m[31m[91m[33m}[39m[31m[91m[33m.navbar-dark[39m[31m[91m [33m.navbar-nav[39m[31m[91m [33m.active>.nav-link,.navbar-dark[39m[31m[91m [33m.navbar-nav[39m[31m[91m [33m.nav-link.active,.navbar-dark[39m[31m[91m [33m.navbar-nav[39m[31m[91m [33m.nav-link.show,.navbar-dark[39m[31m[91m [33m.navbar-nav[39m[31m[91m [33m.show>.nav-link[39m[31m[91m[33m{[39m[31m[91mcolor[33m:[39m[31m[91m[35m#bbb[39m[31m[91m[33m;[39m[31m[91mbackground[33m:[39m[31m[91m[35m#000[39m[31m[91m[33m}[39m[31m[91m[33m.navbar-dark.bg-dark[39m[31m[91m [33m.nav-link,.navbar-dark.bg-dark[39m[31m[91m [33m.navbar-brand[39m[31m[91m[33m{[39m[31m[91mcolor[33m:[39m[31m[91m[35m#fff[39m[31m[91m[33m}[39m[31m[[39m[22m[1m[31m91m[33m.navbar-dark[39m[31m[91m [33m.navbar-toggler[39m[31m[91m[33m{[39m[31m[91mcolor[33m:[39m[31m[91m[35m#000[39m[31m[91m[33m;[39m[31m[91mborder-color[33m:[39m[31m[91m[35m#fff[39m[31m[91m[33m}[39m[31m[91m[33m.navbar-dark[39m[31m[91m [33m.navbar-text[39m[31m[91m[33m{[39m[31m[91mcolor[33m:[39m[31m[91m[35m#000[39m[31m[91m[33m}[39m[31m[91m[33m.navbar-dark[39m[31m[91m [33m.navbar-text[39m[31m[91m a[33m{[39m[31m[91mcolor[33m:[39m[31m[91m[35m#bbb[39m[31m[91m[33m;[39m[31m[91mbackground[33m:[39m[31m[91m[35m#000[39m[31m[91m[33m}[39m[31m[91m[33m.navbar-dark[39m[31m[91m [33m.navbar-text[39m[31m[91m a[33m:[39m[31m[91mfocus,.navbar-dark [33m.navbar-text[39m[31m[91m a[33m:[39m[31m[91mhover[33m{[39m[31m[91mcolor[33m:[39m[31m[91m[35m#bbb[39m[31m[91m[33m}[39m[31m[91m[33m.card[39m[31m[91m[33m{[39m[31m[91mposition[33m:[39m[31m[91mrelative[33m;[39m[31m[91mdisplay[33m:[39m[31m[91m-ms-flexbox[33m;[39m[31m[91mdisplay[33m:[39m[31m[91mflex[33m;[39m[31m[91m-ms-flex-direction[33m:[39m[31m[91mcolumn[33m;[39m[31m[91mflex-direction[33m:[39m[31m[91mcolumn[33m;[39m[31m[91mmin-width[33m:[39m[31m[91m0[33m;[39m[31m[91mword-wrap[33m:[39m[31m[91mbreak-word[33m;[39m[31m[91mbackground-color[33m:[39m[31m[91m[35m#bbb[39m[31m[91m[33m;[39m[31m[91mbackground-clip[33m:[39m[31m[91mborder-box[33m;[39m[31m[91mborder-radius[33m:[39m[31m[91m0[33m}[39m[31m[91m[33m.card>hr[39m[31m[91m[33m{[39m[31m[91mmargin-right[33m:[39m[31m[91m0[33m;[39m[31m[91mmargin-left[33m:[39m[31m[91m0[33m}[39m[31m[91m[33m.card-body[39m[31m[91m[33m{[39m[31m[91m-ms-flex[33m:[39m[31m[91m1 1 auto[33m;[39m[31m[91mflex[33m:[39m[31m[91m1 1 auto[33m;[39m[31m[91mmin-height[33m:[39m[31m[91m1px[33m;[39m[31m[91mpadding[33m:[39m[31m[91m14px 16px[33m;[39m[31m[91mcolor[33m:[39m[31m[91m[35m#000[39m[31m[91m[33m}[39m[31m[91m[33m.card-title[39m[31m[91m[33m{[39m[31m[91mmargin-bottom[33m:[39m[31m[91m0[33m}[39m[31m[91m[33m.card-subtitle[39m[31m[91m[33m{[39m[31m[91mmargin-top[33m:[39m[31m[91m0[33m;[39m[31m[91mmargin-bottom[33m:[39m[31m[91m0[33m}[39m[31m[91m[33m.card-text[39m[31m[91m[33m:[39m[31m[91mlast-child[33m{[39m[31m[91mmargin-bottom[33m:[39m[31m[[39m[22m[1m[31m91m0[33m}[39m[31m[91m[33m.card-link[39m[31m[91m[33m:[39m[31m[91mhover[33m{[39m[31m[91mtext-decoration[33m:[39m[31m[91mnone[33m}[39m[31m[91m[33m.card-link+.card-link[39m[31m[91m[33m{[39m[31m[91mmargin-left[33m:[39m[31m[91m16px[33m}[39m[31m[91m[33m.card-header[39m[31m[91m[33m{[39m[31m[91mpadding[33m:[39m[31m[91m0 16px[33m;[39m[31m[91mmargin-bottom[33m:[39m[31m[91m0[33m;[39m[31m[91mcolor[33m:[39m[31m[91m[35m#fff[39m[31m[91m[33m;[39m[31m[91mbackground-color[33m:[39m[31m[91m[35m#a0a[39m[31m[91m[33m}[39m[31m[91m[33m.card-header+.list-group[39m[31m[91m [33m.list-group-item[39m[31m[91m[33m:[39m[31m[91mfirst-child[33m{[39m[31m[91mborder-top[33m:[39m[31m[91m0[33m}[39m[31m[91m[33m.card-footer[39m[31m[91m[33m{[39m[31m[91mpadding[33m:[39m[31m[91m0 16px[33m;[39m[31m[91mbackground-color[33m:[39m[31m[91m[35m#a0a[39m[31m[91m[33m}[39m[31m[91m[33m.card-footer.text-muted,.card-header.text-muted[39m[31m[91m[33m{[39m[31m[91mcolor[33m:[39m[31m[91m[35m#000[39m[31m[91m[33m}[39m[31m[91m[33m.card-header-tabs[39m[31m[91m[33m{[39m[31m[91mmargin-right[33m:[39m[31m[91m-16px[33m;[39m[31m[91mmargin-bottom[33m:[39m[31m[91m0[33m;[39m[31m[91mmargin-left[33m:[39m[31m[91m-16px[33m;[39m[31m[91mborder-bottom[33m:[39m[31m[91m0[33m}[39m[31m[91m[33m.card-header-pills[39m[31m[91m[33m{[39m[31m[91mmargin-right[33m:[39m[31m[91m-16px[33m;[39m[31m[91mmargin-left[33m:[39m[31m[91m-16px[33m}[39m[31m[91m[33m.card-img-overlay[39m[31m[91m[33m{[39m[31m[91mposition[33m:[39m[31m[91mabsolute[33m;[39m[31m[91mtop[33m:[39m[31m[91m0[33m;[39m[31m[91mright[33m:[39m[31m[91m0[33m;[39m[31m[91mbottom[33m:[39m[31m[91m0[33m;[39m[31m[91mleft[33m:[39m[31m[91m0[33m;[39m[31m[91mpadding[33m:[39m[31m[91m0[33m}[39m[31m[91m[33m.card-img,.card-img-bottom,.card-img-top[39m[31m[91m[33m{[39m[31m[91m-ms-flex-negative[33m:[39m[31m[91m0[33m;[39m[31m[91mflex-shrink[33m:[39m[31m[91m0[33m;[39m[31m[91mwidth[33m:[39m[31m[91m100%[33m}[39m[31m[91m[33m.card-deck[39m[31m[91m [33m.card[39m[31m[91m[33m{[39m[31m[91mmargin-bottom[33m:[39m[31m[91m8px[33m}[39m[31m[91m[36m@media[39m[31m[91m[36m [39m[31m[91m[36m(min-width:576px)[39m[31m[91m[33m{[39m[31m[39m[22m[1m[31m[91m[33m.card-deck[39m[31m[91m[33m{[39m[31m[91mdisplay[33m:[39m[31m[91m-ms-flexbox[33m;[39m[31m[91mdisplay[33m:[39m[31m[91mflex[33m;[39m[31m[91m-ms-flex-flow[33m:[39m[31m[91mrow wrap[33m;[39m[31m[91mflex-flow[33m:[39m[31m[91mrow wrap[33m;[39m[31m[91mmargin-right[33m:[39m[31m[91m-8px[33m;[39m[31m[91mmargin-left[33m:[39m[31m[91m-8px[33m}[39m[31m[91m[33m.card-deck[39m[31m[91m [33m.card[39m[31m[91m[33m{[39m[31m[91m-ms-flex[33m:[39m[31m[91m1 0 0%[33m;[39m[31m[91mflex[33m:[39m[31m[91m1 0 0%[33m;[39m[31m[91mmargin-right[33m:[39m[31m[91m8px[33m;[39m[31m[91mmargin-bottom[33m:[39m[31m[91m0[33m;[39m[31m[91mmargin-left[33m:[39m[31m[91m8px[33m}[39m[31m[91m[33m}[39m[31m[91m[33m.card-group>.card[39m[31m[91m[33m{[39m[31m[91mmargin-bottom[33m:[39m[31m[91m8px[33m}[39m[31m[91m[36m@media[39m[31m[91m[36m [39m[31m[91m[36m(min-width:576px)[39m[31m[91m[33m{[39m[31m[91m[33m.card-group[39m[31m[91m[33m{[39m[31m[91mdisplay[33m:[39m[31m[91m-ms-flexbox[33m;[39m[31m[91mdisplay[33m:[39m[31m[91mflex[33m;[39m[31m[91m-ms-flex-flow[33m:[39m[31m[91mrow wrap[33m;[39m[31m[91mflex-flow[33m:[39m[31m[91mrow wrap[33m}[39m[31m[91m[33m.card-group>.card[39m[31m[91m[33m{[39m[31m[91m-ms-flex[33m:[39m[31m[91m1 0 0%[33m;[39m[31m[91mflex[33m:[39m[31m[91m1 0 0%[33m;[39m[31m[91mmargin-bottom[33m:[39m[31m[91m0[33m}[39m[31m[91m[33m.card-group>.card+.card[39m[31m[91m[33m{[39m[31m[91mmargin-left[33m:[39m[31m[91m0[33m;[39m[31m[91mborder-left[33m:[39m[31m[91m0[33m}[39m[31m[91m[33m}[39m[31m[91m[33m.card-columns[39m[31m[91m [33m.card[39m[31m[91m[33m{[39m[31m[91mmargin-bottom[33m:[39m[31m[91m0[33m}[39m[31m[91m[36m@media[39m[31m[91m[36m [39m[31m[91m[36m(min-width:576px)[39m[31m[91m[33m{[39m[31m[91m[33m.card-columns[39m[31m[91m[33m{[39m[31m[91m-webkit-column-count[33m:[39m[31m[91m3[33m;[39m[31m[91m-moz-column-count[33m:[39m[31m[91m3[33m;[39m[31m[91mcolumn-count[33m:[39m[31m[91m3[33m;[39m[31m[91m-webkit-column-gap[33m:[39m[31m[91m8px[33m;[39m[31m[91m-moz-column-gap[33m:[39m[31m[91m8px[33m;[39m[31m[91mcolumn-gap[33m:[39m[31m[91m8px[33m;[39m[31m[91morphans[33m:[39m[31m[91m1[33m;[39m[31m[91mwidows[33m:[39m[31m[91m1[[39m[22m[1m[31m33m}[39m[31m[91m[33m.card-columns[39m[31m[91m [33m.card[39m[31m[91m[33m{[39m[31m[91mdisplay[33m:[39m[31m[91minline-block[33m;[39m[31m[91mwidth[33m:[39m[31m[91m100%[33m}[39m[31m[91m[33m}[39m[31m[91m[33m.accordion>.card[39m[31m[91m[33m{[39m[31m[91moverflow[33m:[39m[31m[91mhidden[33m}[39m[31m[91m[33m.accordion>.card[39m[31m[91m[33m:[39m[31m[91m[36mnot[39m[31m[91m[36m(:last-of-type)[39m[31m[91m[33m{[39m[31m[91mborder-bottom[33m:[39m[31m[91m0[33m}[39m[31m[91m[33m.breadcrumb[39m[31m[91m[33m{[39m[31m[91mdisplay[33m:[39m[31m[91m-ms-flexbox[33m;[39m[31m[91mdisplay[33m:[39m[31m[91mflex[33m;[39m[31m[91m-ms-flex-wrap[33m:[39m[31m[91mwrap[33m;[39m[31m[91mflex-wrap[33m:[39m[31m[91mwrap[33m;[39m[31m[91mpadding[33m:[39m[31m[91m0[33m;[39m[31m[91mmargin-bottom[33m:[39m[31m[91m0[33m;[39m[31m[91mmargin-left[33m:[39m[31m[91m0[33m;[39m[31m[91mlist-style[33m:[39m[31m[91mnone[33m;[39m[31m[91mbackground-color[33m:[39m[31m[91m[35m#000[39m[31m[91m[33m}[39m[31m[91m[33m.breadcrumb-item+.breadcrumb-item[39m[31m[91m[33m{[39m[31m[91mpadding-left[33m:[39m[31m[91m8px[33m}[39m[31m[91m[33m.breadcrumb-item+.breadcrumb-item[39m[31m[91m[33m:[39m[31m[91m[33m:[39m[31m[91mbefore[33m{[39m[31m[91mdisplay[33m:[39m[31m[91minline-block[33m;[39m[31m[91mpadding-right[33m:[39m[31m[91m8px[33m;[39m[31m[91mcolor[33m:[39m[31m[91m[35m#bbb[39m[31m[91m[33m;[39m[31m[91mcontent[33m:[39m[31m[91m[32m"/"[39m[31m[91m[33m}[39m[31m[91m[33m.breadcrumb-item+.breadcrumb-item[39m[31m[91m[33m:[39m[31m[91mhover[33m:[39m[31m[91m[33m:[39m[31m[91mbefore[33m{[39m[31m[91mtext-decoration[33m:[39m[31m[91munderline[33m}[39m[31m[91m[33m.breadcrumb-item+.breadcrumb-item[39m[31m[91m[33m:[39m[31m[91mhover[33m:[39m[31m[91m[33m:[39m[31m[91mbefore[33m{[39m[31m[91mtext-decoration[33m:[39m[31m[91mnone[33m}[39m[31m[91m[33m.breadcrumb-item.active[39m[31m[91m[33m{[39m[31m[91mcolor[33m:[39m[31m[91m[35m#bbb[39m[31m[91m[33m}[39m[31m[91m[33m.pagination[39m[31m[91m[33m{[39m[31m[91mdisplay[33m:[39m[31m[91m-ms-flexbox[33m;[39m[31m[91mdisplay[33m:[39m[31m[91mflex[33m;[39m[31m[91mpadding-left[33m:[39m[31m[91m0[33m;[39m[31m[91mmargin-bottom[33m:[39[39m[22m[1m[31mm[91m0[33m;[39m[31m[91mmargin-left[33m:[39m[31m[91m0[33m;[39m[31m[91mlist-style[33m:[39m[31m[91mnone[33m}[39m[31m[91m[33m.page-link[39m[31m[91m[33m{[39m[31m[91mposition[33m:[39m[31m[91mrelative[33m;[39m[31m[91mdisplay[33m:[39m[31m[91mblock[33m;[39m[31m[91mpadding[33m:[39m[31m[91m0 8px[33m;[39m[31m[91mmargin-left[33m:[39m[31m[91m0[33m;[39m[31m[91mcolor[33m:[39m[31m[91m[35m#ff5[39m[31m[91m[33m;[39m[31m[91mbackground-color[33m:[39m[31m[91mtransparent[33m}[39m[31m[91m[33m.page-link[39m[31m[91m[33m:[39m[31m[91mhover[33m{[39m[31m[91mz-index[33m:[39m[31m[91m2[33m;[39m[31m[91mcolor[33m:[39m[31m[91m[35m#bbb[39m[31m[91m[33m;[39m[31m[91mtext-decoration[33m:[39m[31m[91mnone[33m;[39m[31m[91mbackground-color[33m:[39m[31m[91m[35m#000[39m[31m[91m[33m}[39m[31m[91m[33m.page-link[39m[31m[91m[33m:[39m[31m[91mfocus[33m{[39m[31m[91mz-index[33m:[39m[31m[91m3[33m;[39m[31m[91moutline[33m:[39m[31m[91m0[33m;[39m[31m[91mbox-shadow[33m:[39m[31m[91m0 0 0 0 [36mrgba[39m[31m[91m[36m(0,0,0,.25)[39m[31m[91m[33m}[39m[31m[91m[33m.page-item[39m[31m[91m[33m{[39m[31m[91mpadding-left[33m:[39m[31m[91m0[33m}[39m[31m[91m[33m.page-item[39m[31m[91m[33m:[39m[31m[91mfirst-child [33m.page-link[39m[31m[91m[33m{[39m[31m[91mmargin-left[33m:[39m[31m[91m0[33m}[39m[31m[91m[33m.page-item.active[39m[31m[91m [33m.page-link[39m[31m[91m[33m{[39m[31m[91mz-index[33m:[39m[31m[91m3[33m;[39m[31m[91mcolor[33m:[39m[31m[91m[35m#fff[39m[31m[91m[33m;[39m[31m[91mbackground-color[33m:[39m[31m[91m[35m#000[39m[31m[91m[33m}[39m[31m[91m[33m.page-item.disabled[39m[31m[91m [33m.page-link[39m[31m[91m[33m{[39m[31m[91mcolor[33m:[39m[31m[91m[35m#555[39m[31m[91m[33m;[39m[31m[91mpointer-events[33m:[39m[31m[91mnone[33m;[39m[31m[91mcursor[33m:[39m[31m[91mauto[33m}[39m[31m[91m[33m.pagination-lg[39m[31m[91m [33m.page-link[39m[31m[91m[33m{[39m[31m[91mpadding[33m:[39m[31m[91m14px 8px[33m;[39m[31m[91mline-height[33m:[39m[31m[91m14px[33m}[39m[31m[91m[33m.pagination-sm[39m[31m[91m [33m.page-link[39m[31m[91m[33m{[39m[31m[91mpadding[33m:[39m[31m[91m0 0[33m;[39m[31m[91mline-height[33m:[39m[31m[91m14px[33m}[39m[31m[91m[33m.badge[39m[31m[91m[33m{[39m[22m[1m[31m[39m[91mdisplay[33m:[39m[31m[91minline-block[33m;[39m[31m[91mpadding[33m:[39m[31m[91m0 8px[33m;[39m[31m[91mtext-align[33m:[39m[31m[91mcenter[33m;[39m[31m[91mwhite-space[33m:[39m[31m[91mnowrap[33m;[39m[31m[91mvertical-align[33m:[39m[31m[91mbaseline[33m}[39m[31m[91ma.badge[33m:[39m[31m[91mfocus,a.badge[33m:[39m[31m[91mhover[33m{[39m[31m[91mtext-decoration[33m:[39m[31m[91mnone[33m}[39m[31m[91m[33m.badge[39m[31m[91m[33m:[39m[31m[91mempty[33m{[39m[31m[91mdisplay[33m:[39m[31m[91mnone[33m}[39m[31m[91m[33m.btn[39m[31m[91m [33m.badge[39m[31m[91m[33m{[39m[31m[91mposition[33m:[39m[31m[91mrelative[33m;[39m[31m[91mtop[33m:[39m[31m[91m-1px[33m}[39m[31m[91m[33m.badge-primary[39m[31m[91m[33m{[39m[31m[91mcolor[33m:[39m[31m[91m[35m#fff[39m[31m[91m[33m;[39m[31m[91mbackground-color[33m:[39m[31m[91mtransparent[33m}[39m[31m[91m[33m.badge-primary[39m[31m[91m[33m:[39m[31m[91mbefore[33m{[39m[31m[91mcolor[33m:[39m[31m[91m[35m#bbb[39m[31m[91m[33m;[39m[31m[91mcontent[33m:[39m[31m[91m[32m"["[39m[31m[91m[33m}[39m[31m[91m[33m.badge-primary[39m[31m[91m[33m:[39m[31m[91mafter[33m{[39m[31m[91mcolor[33m:[39m[31m[91m[35m#bbb[39m[31m[91m[33m;[39m[31m[91mcontent[33m:[39m[31m[91m[32m"]"[39m[31m[91m[33m}[39m[31m[91ma.badge-primary[33m:[39m[31m[91mfocus,a.badge-primary[33m:[39m[31m[91mhover[33m{[39m[31m[91mcolor[33m:[39m[31m[91m[35m#bbb[39m[31m[91m[33m}[39m[31m[91ma.badge-primary.focus,a.badge-primary[33m:[39m[31m[91mfocus[33m{[39m[31m[91moutline[33m:[39m[31m[91m0[33m}[39m[31m[91m[33m.badge-secondary[39m[31m[91m[33m{[39m[31m[91mcolor[33m:[39m[31m[91m[35m#fff[39m[31m[91m[33m;[39m[31m[91mbackground-color[33m:[39m[31m[91mtransparent[33m}[39m[31m[91m[33m.badge-secondary[39m[31m[91m[33m:[39m[31m[91mbefore[33m{[39m[31m[91mcolor[33m:[39m[31m[91m[35m#bbb[39m[31m[91m[33m;[39m[31m[91mcontent[33m:[39m[31m[91m[32m"["[39m[31m[91m[33m}[39m[31m[91m[33m.badge-secondary[39m[31m[91m[33m:[39m[31m[91mafter[33m{[39m[31m[91mcolor[33m:[39m[31m[91m[35m#bbb[39m[31m[91m[33m;[39m[31m[91mcontent[33m:[39m[31m[91m[32m"]"[39m[31m[91m[33m}[39m[31m[91ma.badge-secondary[33m:[39m[31m[91mfocus,a.badge-secondary[33m:[39m[31m[91mh[39m[22m[1m[31mover[33m{[39m[31m[91mcolor[33m:[39m[31m[91m[35m#bbb[39m[31m[91m[33m}[39m[31m[91ma.badge-secondary.focus,a.badge-secondary[33m:[39m[31m[91mfocus[33m{[39m[31m[91moutline[33m:[39m[31m[91m0[33m}[39m[31m[91m[33m.badge-success[39m[31m[91m[33m{[39m[31m[91mcolor[33m:[39m[31m[91m[35m#5f5[39m[31m[91m[33m;[39m[31m[91mbackground-color[33m:[39m[31m[91mtransparent[33m}[39m[31m[91m[33m.badge-success[39m[31m[91m[33m:[39m[31m[91mbefore[33m{[39m[31m[91mcolor[33m:[39m[31m[91m[35m#0a0[39m[31m[91m[33m;[39m[31m[91mcontent[33m:[39m[31m[91m[32m"["[39m[31m[91m[33m}[39m[31m[91m[33m.badge-success[39m[31m[91m[33m:[39m[31m[91mafter[33m{[39m[31m[91mcolor[33m:[39m[31m[91m[35m#0a0[39m[31m[91m[33m;[39m[31m[91mcontent[33m:[39m[31m[91m[32m"]"[39m[31m[91m[33m}[39m[31m[91ma.badge-success[33m:[39m[31m[91mfocus,a.badge-success[33m:[39m[31m[91mhover[33m{[39m[31m[91mcolor[33m:[39m[31m[91m[35m#fff[39m[31m[91m[33m}[39m[31m[91ma.badge-success.focus,a.badge-success[33m:[39m[31m[91mfocus[33m{[39m[31m[91moutline[33m:[39m[31m[91m0[33m}[39m[31m[91m[33m.badge-info[39m[31m[91m[33m{[39m[31m[91mcolor[33m:[39m[31m[91m[35m#5ff[39m[31m[91m[33m;[39m[31m[91mbackground-color[33m:[39m[31m[91mtransparent[33m}[39m[31m[91m[33m.badge-info[39m[31m[91m[33m:[39m[31m[91mbefore[33m{[39m[31m[91mcolor[33m:[39m[31m[91m[35m#0aa[39m[31m[91m[33m;[39m[31m[91mcontent[33m:[39m[31m[91m[32m"["[39m[31m[91m[33m}[39m[31m[91m[33m.badge-info[39m[31m[91m[33m:[39m[31m[91mafter[33m{[39m[31m[91mcolor[33m:[39m[31m[91m[35m#0aa[39m[31m[91m[33m;[39m[31m[91mcontent[33m:[39m[31m[91m[32m"]"[39m[31m[91m[33m}[39m[31m[91ma.badge-info[33m:[39m[31m[91mfocus,a.badge-info[33m:[39m[31m[91mhover[33m{[39m[31m[91mcolor[33m:[39m[31m[91m[35m#fff[39m[31m[91m[33m}[39m[31m[91ma.badge-info.focus,a.badge-info[33m:[39m[31m[91mfocus[33m{[39m[31m[91moutline[33m:[39m[31m[91m0[33m}[39m[31m[91m[33m.badge-warning[39m[31m[91m[33m{[39m[31m[91mcolor[33m:[39m[31m[91m[35m#ff5[39m[31m[91m[33m;[39m[31m[91mbackground-color[33m:[39m[31m[91mtransparent[33m}[39m[31m[91m[33m.badge-warning[39m[31m[91m[33m:[39m[31m[91mbefore[33m{[39m[31m[91mcolor[33m:[39m[31m[91m[35m#a50[39m[31m[91m[33[39m[22m[1m[31mm;[39m[31m[91mcontent[33m:[39m[31m[91m[32m"["[39m[31m[91m[33m}[39m[31m[91m[33m.badge-warning[39m[31m[91m[33m:[39m[31m[91mafter[33m{[39m[31m[91mcolor[33m:[39m[31m[91m[35m#a50[39m[31m[91m[33m;[39m[31m[91mcontent[33m:[39m[31m[91m[32m"]"[39m[31m[91m[33m}[39m[31m[91ma.badge-warning[33m:[39m[31m[91mfocus,a.badge-warning[33m:[39m[31m[91mhover[33m{[39m[31m[91mcolor[33m:[39m[31m[91m[35m#fff[39m[31m[91m[33m}[39m[31m[91ma.badge-warning.focus,a.badge-warning[33m:[39m[31m[91mfocus[33m{[39m[31m[91moutline[33m:[39m[31m[91m0[33m}[39m[31m[91m[33m.badge-danger[39m[31m[91m[33m{[39m[31m[91mcolor[33m:[39m[31m[91m[35m#f55[39m[31m[91m[33m;[39m[31m[91mbackground-color[33m:[39m[31m[91mtransparent[33m}[39m[31m[91m[33m.badge-danger[39m[31m[91m[33m:[39m[31m[91mbefore[33m{[39m[31m[91mcolor[33m:[39m[31m[91m[35m#a00[39m[31m[91m[33m;[39m[31m[91mcontent[33m:[39m[31m[91m[32m"["[39m[31m[91m[33m}[39m[31m[91m[33m.badge-danger[39m[31m[91m[33m:[39m[31m[91mafter[33m{[39m[31m[91mcolor[33m:[39m[31m[91m[35m#a00[39m[31m[91m[33m;[39m[31m[91mcontent[33m:[39m[31m[91m[32m"]"[39m[31m[91m[33m}[39m[31m[91ma.badge-danger[33m:[39m[31m[91mfocus,a.badge-danger[33m:[39m[31m[91mhover[33m{[39m[31m[91mcolor[33m:[39m[31m[91m[35m#fff[39m[31m[91m[33m}[39m[31m[91ma.badge-danger.focus,a.badge-danger[33m:[39m[31m[91mfocus[33m{[39m[31m[91moutline[33m:[39m[31m[91m0[33m}[39m[31m[91m[33m.badge-light[39m[31m[91m[33m{[39m[31m[91mbackground-color[33m:[39m[31m[91mtransparent[33m}[39m[31m[91m[33m.badge-light[39m[31m[91m[33m:[39m[31m[91mbefore[33m{[39m[31m[91mcolor[33m:[39m[31m[91m[35m#fff[39m[31m[91m[33m;[39m[31m[91mcontent[33m:[39m[31m[91m[32m"["[39m[31m[91m[33m}[39m[31m[91m[33m.badge-light[39m[31m[91m[33m:[39m[31m[91mafter[33m{[39m[31m[91mcolor[33m:[39m[31m[91m[35m#fff[39m[31m[91m[33m;[39m[31m[91mcontent[33m:[39m[31m[91m[32m"]"[39m[31m[91m[33m}[39m[31m[91ma.badge-light[33m:[39m[31m[91mfocus,a.badge-light[33m:[39m[31m[91mhover[33m{[39m[31m[91mcolor[33m:[39m[31m[91m[35m#bbb[39m[31m[91m[33m}[39m[31m[91ma.badge-light.focus,a.badge-light[33m:[39m[31m[91mfocus[33m{[39m[31m[91moutline[33m:[39m[31m[91m0[33m}[39m[31m[91m[33m.badge-da[39m[22m[1m[31mrk[39m[31m[91m[33m{[39m[31m[91mcolor[33m:[39m[31m[91m[35m#555[39m[31m[91m[33m;[39m[31m[91mbackground-color[33m:[39m[31m[91mtransparent[33m}[39m[31m[91m[33m.badge-dark[39m[31m[91m[33m:[39m[31m[91mbefore[33m{[39m[31m[91mcolor[33m:[39m[31m[91m[35m#000[39m[31m[91m[33m;[39m[31m[91mcontent[33m:[39m[31m[91m[32m"["[39m[31m[91m[33m}[39m[31m[91m[33m.badge-dark[39m[31m[91m[33m:[39m[31m[91mafter[33m{[39m[31m[91mcolor[33m:[39m[31m[91m[35m#000[39m[31m[91m[33m;[39m[31m[91mcontent[33m:[39m[31m[91m[32m"]"[39m[31m[91m[33m}[39m[31m[91ma.badge-dark[33m:[39m[31m[91mfocus,a.badge-dark[33m:[39m[31m[91mhover[33m{[39m[31m[91mcolor[33m:[39m[31m[91m[35m#fff[39m[31m[91m[33m}[39m[31m[91ma.badge-dark.focus,a.badge-dark[33m:[39m[31m[91mfocus[33m{[39m[31m[91moutline[33m:[39m[31m[91m0[33m}[39m[31m[91m[33m.badge-pill[39m[31m[91m[33m:[39m[31m[91mbefore[33m{[39m[31m[91mcontent[33m:[39m[31m[91m[32m"("[39m[31m[91m[33m}[39m[31m[91m[33m.badge-pill[39m[31m[91m[33m:[39m[31m[91mafter[33m{[39m[31m[91mcontent[33m:[39m[31m[91m[32m")"[39m[31m[91m[33m}[39m[31m[91m[33m.jumbotron[39m[31m[91m[33m{[39m[31m[91mpadding[33m:[39m[31m[91m28px 16px[33m;[39m[31m[91mmargin-bottom[33m:[39m[31m[91m28px 16px[33m;[39m[31m[91mcolor[33m:[39m[31m[91m[35m#000[39m[31m[91m[33m;[39m[31m[91mbackground-color[33m:[39m[31m[91m[35m#bbb[39m[31m[91m[33m;[39m[31m[91mborder[33m:[39m[31m[91m[33m.875px[39m[31m[91m solid [35m#000[39m[31m[91m[33m;[39m[31m[91mmargin-top[33m:[39m[31m[91m7px[33m;[39m[31m[91mpadding-top[33m:[39m[31m[91m6.125px[33m;[39m[31m[91mpadding-bottom[33m:[39m[31m[91m7px[33m;[39m[31m[91mmargin-bottom[33m:[39m[31m[91m6.125px[33m;[39m[31m[91mborder-left-width[33m:[39m[31m[91m2px[33m;[39m[31m[91mborder-right-width[33m:[39m[31m[91m2px[33m;[39m[31m[91mmargin-left[33m:[39m[31m[91m3.5px[33m;[39m[31m[91mpadding-left[33m:[39m[31m[91m10.5px[33m;[39m[31m[91mpadding-right[33m:[39m[31m[91m11.5px[33m;[39m[31m[91mmargin-right[33m:[39m[31m[91m2.5px[33m;[39m[31m[91mbox-shadow[33m:[39m[31m[91m-3.5px -7px 0 0 [35m#bbb,2.5px[39m[31m[91m 6.125px 0 0 [35m#bbb,-3.5px[39m[31m[91m 6.125px 0 0 [35m#bbb,2.5px[39m[31m[91m -7px 0 0 [35m#bbb[3[39m[22m[1m[31m9m[91m[33m;[39m[31m[91mdisplay[33m:[39m[31m[91minline-block[33m;[39m[31m[91mwidth[33m:[39m[31m[91m[36mcalc[39m[31m[91m[36m(100% - 6px)[39m[31m[91m[33m}[39m[31m[91m[33m.jumbotron[39m[31m[91m [33m.display-4[39m[31m[91m[33m{[39m[31m[91mtext-indent[33m:[39m[31m[91m0[33m;[39m[31m[91mposition[33m:[39m[31m[91mabsolute[33m;[39m[31m[91mpadding[33m:[39m[31m[91m0 11px[33m;[39m[31m[91mtop[33m:[39m[31m[91m-7px[33m;[39m[31m[91mmargin[33m:[39m[31m[91m0[33m;[39m[31m[91mleft[33m:[39m[31m[91m20px[33m;[39m[31m[91mbackground[33m:[39m[31m[91m[35m#bbb[39m[31m[91m[33m;[39m[31m[91mborder-left[33m:[39m[31m[91m3px double [35m#000[39m[31m[91m[33m;[39m[31m[91mborder-right[33m:[39m[31m[91m3px double [35m#000[39m[31m[91m[33m}[39m[31m[91m[33m.jumbotron-fluid[39m[31m[91m[33m{[39m[31m[91mpadding-right[33m:[39m[31m[91m0[33m;[39m[31m[91mpadding-left[33m:[39m[31m[91m0[33m}[39m[31m[91m[33m.alert[39m[31m[91m[33m{[39m[31m[91mposition[33m:[39m[31m[91mrelative[33m;[39m[31m[91mpadding[33m:[39m[31m[91m0 8px 14px[33m;[39m[31m[91mmargin-bottom[33m:[39m[31m[91m0[33m;[39m[31m[91mborder[33m:[39m[31m[91m0 solid transparent[33m;[39m[31m[91mbackground[33m:[39m[31m[91m[35m#bbb[39m[31m[91m[33m;[39m[31m[91mcolor[33m:[39m[31m[91m[35m#000[39m[31m[91m[33m}[39m[31m[91m[33m.alert[39m[31m[91m [33m.alert-link[39m[31m[91m[33m{[39m[31m[91mcolor[33m:[39m[31m[91m[35m#000084[39m[31m[91m[33m}[39m[31m[91m[33m.alert[39m[31m[91m [33m.alert-link[39m[31m[91m[33m:[39m[31m[91mhover[33m{[39m[31m[91mbackground[33m:[39m[31m[91m0 0[33m;[39m[31m[91mcolor[33m:[39m[31m[91m[35m#55f[39m[31m[91m[33m}[39m[31m[91m[33m.alert-heading[39m[31m[91m[33m{[39m[31m[91mcolor[33m:[39m[31m[91minherit[33m}[39m[31m[91m[33m.alert-dismissible[39m[31m[91m [33m.close[39m[31m[91m[33m{[39m[31m[91mposition[33m:[39m[31m[91mabsolute[33m;[39m[31m[91mtop[33m:[39m[31m[91m0[33m;[39m[31m[91mright[33m:[39m[31m[91m0[33m;[39m[31m[91mpadding[33m:[39m[31m[91m0 8px[33m}[39m[31m[91m[33m.alert-primary[39m[31m[91m[33m:[39m[31m[91m[33m:[39m[31m[91mbefore[33m{[39m[31m[91mmargin[33m:[39m[31m[91m0 -8px 14px[33m;[39m[31m[91mpadding[33m:[39m[31m[91m0 8px[33m;[39m[31m[91mdisplay[3[39m[22m[1m[31m3m:[39m[31m[91mblock[33m;[39m[31m[91mtext-transform[33m:[39m[31m[91mcapitalize[33m;[39m[31m[91mcolor[33m:[39m[31m[91m[35m#fff[39m[31m[91m[33m;[39m[31m[91mbackground[33m:[39m[31m[91m[35m#555[39m[31m[91m[33m;[39m[31m[91mcontent[33m:[39m[31m[91m[32m"Alert"[39m[31m[91m[33m}[39m[31m[91m[33m.alert-secondary[39m[31m[91m[33m:[39m[31m[91m[33m:[39m[31m[91mbefore[33m{[39m[31m[91mmargin[33m:[39m[31m[91m0 -8px 14px[33m;[39m[31m[91mpadding[33m:[39m[31m[91m0 8px[33m;[39m[31m[91mdisplay[33m:[39m[31m[91mblock[33m;[39m[31m[91mtext-transform[33m:[39m[31m[91mcapitalize[33m;[39m[31m[91mcolor[33m:[39m[31m[91m[35m#fff[39m[31m[91m[33m;[39m[31m[91mbackground[33m:[39m[31m[91m[35m#555[39m[31m[91m[33m;[39m[31m[91mcontent[33m:[39m[31m[91m[32m"Alert"[39m[31m[91m[33m}[39m[31m[91m[33m.alert-success[39m[31m[91m[33m:[39m[31m[91m[33m:[39m[31m[91mbefore[33m{[39m[31m[91mmargin[33m:[39m[31m[91m0 -8px 14px[33m;[39m[31m[91mpadding[33m:[39m[31m[91m0 8px[33m;[39m[31m[91mdisplay[33m:[39m[31m[91mblock[33m;[39m[31m[91mtext-transform[33m:[39m[31m[91mcapitalize[33m;[39m[31m[91mcolor[33m:[39m[31m[91m[35m#fff[39m[31m[91m[33m;[39m[31m[91mbackground[33m:[39m[31m[91m[35m#0a0[39m[31m[91m[33m;[39m[31m[91mcontent[33m:[39m[31m[91m[32m"success"[39m[31m[91m[33m}[39m[31m[91m[33m.alert-info[39m[31m[91m[33m:[39m[31m[91m[33m:[39m[31m[91mbefore[33m{[39m[31m[91mmargin[33m:[39m[31m[91m0 -8px 14px[33m;[39m[31m[91mpadding[33m:[39m[31m[91m0 8px[33m;[39m[31m[91mdisplay[33m:[39m[31m[91mblock[33m;[39m[31m[91mtext-transform[33m:[39m[31m[91mcapitalize[33m;[39m[31m[91mcolor[33m:[39m[31m[91m[35m#fff[39m[31m[91m[33m;[39m[31m[91mbackground[33m:[39m[31m[91m[35m#0aa[39m[31m[91m[33m;[39m[31m[91mcontent[33m:[39m[31m[91m[32m"info"[39m[31m[91m[33m}[39m[31m[91m[33m.alert-warning[39m[31m[91m[33m:[39m[31m[91m[33m:[39m[31m[91mbefore[33m{[39m[31m[91mmargin[33m:[39m[31m[91m0 -8px 14px[33m;[39m[31m[91mpadding[33m:[39m[31m[91m0 8px[33m;[39m[31m[91mdisplay[33m:[39m[31m[91mblock[33m;[39m[31m[91mtext-transform[33m:[39m[31m[91mcapitalize[33m;[39m[31m[91mcolor[33m:[39m[31m[91m[35m#fff[39m[31m[91m[33m;[39m[31m[91mbackground[33m:[39m[31m[91m[35m#a50[3[39m[22m[1m[31m9m[91m[33m;[39m[31m[91mcontent[33m:[39m[31m[91m[32m"warning"[39m[31m[91m[33m}[39m[31m[91m[33m.alert-danger[39m[31m[91m[33m:[39m[31m[91m[33m:[39m[31m[91mbefore[33m{[39m[31m[91mmargin[33m:[39m[31m[91m0 -8px 14px[33m;[39m[31m[91mpadding[33m:[39m[31m[91m0 8px[33m;[39m[31m[91mdisplay[33m:[39m[31m[91mblock[33m;[39m[31m[91mtext-transform[33m:[39m[31m[91mcapitalize[33m;[39m[31m[91mcolor[33m:[39m[31m[91m[35m#fff[39m[31m[91m[33m;[39m[31m[91mbackground[33m:[39m[31m[91m[35m#a00[39m[31m[91m[33m;[39m[31m[91mcontent[33m:[39m[31m[91m[32m"danger"[39m[31m[91m[33m}[39m[31m[91m[33m.alert-light[39m[31m[91m[33m:[39m[31m[91m[33m:[39m[31m[91mbefore[33m{[39m[31m[91mmargin[33m:[39m[31m[91m0 -8px 14px[33m;[39m[31m[91mpadding[33m:[39m[31m[91m0 8px[33m;[39m[31m[91mdisplay[33m:[39m[31m[91mblock[33m;[39m[31m[91mtext-transform[33m:[39m[31m[91mcapitalize[33m;[39m[31m[91mcolor[33m:[39m[31m[91m[35m#fff[39m[31m[91m[33m;[39m[31m[91mcontent[33m:[39m[31m[91m[32m"Alert"[39m[31m[91m[33m;[39m[31m[91mbackground[33m:[39m[31m[91m[35m#a0a[39m[31m[91m[33m}[39m[31m[91m[33m.alert-dark[39m[31m[91m[33m:[39m[31m[91m[33m:[39m[31m[91mbefore[33m{[39m[31m[91mmargin[33m:[39m[31m[91m0 -8px 14px[33m;[39m[31m[91mpadding[33m:[39m[31m[91m0 8px[33m;[39m[31m[91mdisplay[33m:[39m[31m[91mblock[33m;[39m[31m[91mtext-transform[33m:[39m[31m[91mcapitalize[33m;[39m[31m[91mcolor[33m:[39m[31m[91m[35m#fff[39m[31m[91m[33m;[39m[31m[91mbackground[33m:[39m[31m[91m[35m#000[39m[31m[91m[33m;[39m[31m[91mcontent[33m:[39m[31m[91m[32m"dark"[39m[31m[91m[33m}[39m[31m[91m[33m.progress[39m[31m[91m[33m{[39m[31m[91mdisplay[33m:[39m[31m[91m-ms-flexbox[33m;[39m[31m[91mdisplay[33m:[39m[31m[91mflex[33m;[39m[31m[91mheight[33m:[39m[31m[91m14px[33m;[39m[31m[91mbackground[33m:[39m[31m[91m[36murl[39m[31m[91m[36m(../fonts/shade-50-grayLight.svg)[39m[31m[91m repeat-x left center[33m}[39m[31m[91m[33m.progress-bar[39m[31m[91m[33m{[39m[31m[91mdisplay[33m:[39m[31m[91m-ms-flexbox[33m;[39m[31m[91mdisplay[33m:[39m[31m[91mflex[33m;[39m[31m[91m-ms-flex-direction[33m:[39m[31m[91mcolumn[33m;[39m[31m[91mflex-direction[33m:[39m[31m[91mcolumn[33m;[39m[31m[91m-ms-flex-[39m[22m[1m[31mpack[33m:[39m[31m[91mcenter[33m;[39m[31m[91mjustify-content[33m:[39m[31m[91mcenter[33m;[39m[31m[91moverflow[33m:[39m[31m[91mhidden[33m;[39m[31m[91mcolor[33m:[39m[31m[91m[35m#fff[39m[31m[91m[33m;[39m[31m[91mtext-align[33m:[39m[31m[91mcenter[33m;[39m[31m[91mwhite-space[33m:[39m[31m[91mnowrap[33m;[39m[31m[91mbackground-color[33m:[39m[31m[91m[35m#ff0[39m[31m[91m[33m}[39m[31m[91m[33m.progress-bar-striped[39m[31m[91m[33m{[39m[31m[91mbackground-size[33m:[39m[31m[91m14px 14px[33m}[39m[31m[91m[33m.media[39m[31m[91m[33m{[39m[31m[91mdisplay[33m:[39m[31m[91m-ms-flexbox[33m;[39m[31m[91mdisplay[33m:[39m[31m[91mflex[33m;[39m[31m[91m-ms-flex-align[33m:[39m[31m[91mstart[33m;[39m[31m[91malign-items[33m:[39m[31m[91mflex-start[33m}[39m[31m[91m[33m.media-body[39m[31m[91m[33m{[39m[31m[91m-ms-flex[33m:[39m[31m[91m1[33m;[39m[31m[91mflex[33m:[39m[31m[91m1[33m}[39m[31m[91m[33m.list-group[39m[31m[91m[33m{[39m[31m[91mdisplay[33m:[39m[31m[91m-ms-flexbox[33m;[39m[31m[91mdisplay[33m:[39m[31m[91mflex[33m;[39m[31m[91m-ms-flex-direction[33m:[39m[31m[91mcolumn[33m;[39m[31m[91mflex-direction[33m:[39m[31m[91mcolumn[33m;[39m[31m[91mmargin-bottom[33m:[39m[31m[91m0[33m;[39m[31m[91mborder[33m:[39m[31m[91m[33m.875px[39m[31m[91m solid [35m#bbb[39m[31m[91m[33m;[39m[31m[91mmargin-top[33m:[39m[31m[91m7px[33m;[39m[31m[91mpadding-top[33m:[39m[31m[91m6.125px[33m;[39m[31m[91mpadding-bottom[33m:[39m[31m[91m7px[33m;[39m[31m[91mmargin-bottom[33m:[39m[31m[91m6.125px[33m;[39m[31m[91mborder-left-width[33m:[39m[31m[91m2px[33m;[39m[31m[91mborder-right-width[33m:[39m[31m[91m2px[33m;[39m[31m[91mmargin-left[33m:[39m[31m[91m3.5px[33m;[39m[31m[91mpadding-left[33m:[39m[31m[91m2.5px[33m;[39m[31m[91mpadding-right[33m:[39m[31m[91m3.5px[33m;[39m[31m[91mmargin-right[33m:[39m[31m[91m2.5px[33m;[39m[31m[91mdisplay[33m:[39m[31m[91minline-block[33m;[39m[31m[91mwidth[33m:[39m[31m[91m[36mcalc[39m[31m[91m[36m(100% - 6px)[39m[31m[91m[33m}[39m[31m[91m[33m.list-group-item-action[39m[31m[91m[33m{[39m[31m[91mwidth[33m:[39m[31m[91m100%[33m;[39m[31m[91mcolor[33m:[39m[31m[91m[35m#bbb[39m[31m[91m[33m;[39m[31m[91mtext-align[33m:[39m[31m[39m[22m[1m[31m[91minherit[33m}[39m[31m[91m[33m.list-group-item-action[39m[31m[91m[33m:[39m[31m[91mfocus,.list-group-item-action[33m:[39m[31m[91mhover[33m{[39m[31m[91mz-index[33m:[39m[31m[91m1[33m;[39m[31m[91mcolor[33m:[39m[31m[91m[35m#bbb[39m[31m[91m[33m;[39m[31m[91mtext-decoration[33m:[39m[31m[91mnone[33m;[39m[31m[91mbackground-color[33m:[39m[31m[91m[35m#555[39m[31m[91m[33m}[39m[31m[91m[33m.list-group-item-action[39m[31m[91m[33m:[39m[31m[91mactive[33m{[39m[31m[91mcolor[33m:[39m[31m[91m[35m#bbb[39m[31m[91m[33m;[39m[31m[91mbackground-color[33m:[39m[31m[91m[35m#555[39m[31m[91m[33m}[39m[31m[91m[33m.list-group-item[39m[31m[91m[33m{[39m[31m[91mposition[33m:[39m[31m[91mrelative[33m;[39m[31m[91mdisplay[33m:[39m[31m[91mblock[33m;[39m[31m[91mpadding[33m:[39m[31m[91m14px 8px[33m;[39m[31m[91mbackground-color[33m:[39m[31m[91mtransparent[33m}[39m[31m[91m[33m.list-group-item.disabled,.list-group-item[39m[31m[91m[33m:[39m[31m[91mdisabled[33m{[39m[31m[91mcolor[33m:[39m[31m[91m[35m#555[39m[31m[91m[33m;[39m[31m[91mpointer-events[33m:[39m[31m[91mnone[33m;[39m[31m[91mbackground-color[33m:[39m[31m[91mtransparent[33m}[39m[31m[91m[33m.list-group-item.active[39m[31m[91m[33m{[39m[31m[91mz-index[33m:[39m[31m[91m2[33m;[39m[31m[91mcolor[33m:[39m[31m[91m[35m#fff[39m[31m[91m[33m;[39m[31m[91mbackground-color[33m:[39m[31m[91m[35m#000[39m[31m[91m[33m;[39m[31m[91mborder-color[33m:[39m[31m[91m[35m#000[39m[31m[91m[33m}[39m[31m[91m[33m.list-group-item+.list-group-item[39m[31m[91m[33m{[39m[31m[91mborder-top-width[33m:[39m[31m[91m0[33m}[39m[31m[91m[33m.list-group-item+.list-group-item.active[39m[31m[91m[33m{[39m[31m[91mmargin-top[33m:[39m[31m[91m0[33m;[39m[31m[91mborder-top-width[33m:[39m[31m[91m0[33m}[39m[31m[91m[33m.list-group-horizontal[39m[31m[91m[33m{[39m[31m[91m-ms-flex-direction[33m:[39m[31m[91mrow[33m;[39m[31m[91mflex-direction[33m:[39m[31m[91mrow[33m}[39m[31m[91m[33m.list-group-horizontal[39m[31m[91m [33m.list-group-item.active[39m[31m[91m[33m{[39m[31m[91mmargin-top[33m:[39m[31m[91m0[33m}[39m[31m[91m[33m.list-group-horizontal[39m[31m[91m [33m.list-group-item+.list-group-item[39m[31m[91m[39m[22m[1m[31m[33m{[39m[31m[91mborder-top-width[33m:[39m[31m[91m0[33m;[39m[31m[91mborder-left-width[33m:[39m[31m[91m0[33m}[39m[31m[91m[33m.list-group-horizontal[39m[31m[91m [33m.list-group-item+.list-group-item.active[39m[31m[91m[33m{[39m[31m[91mmargin-left[33m:[39m[31m[91m0[33m;[39m[31m[91mborder-left-width[33m:[39m[31m[91m0[33m}[39m[31m[91m[36m@media[39m[31m[91m[36m [39m[31m[91m[36m(min-width:576px)[39m[31m[91m[33m{[39m[31m[91m[33m.list-group-horizontal-sm[39m[31m[91m[33m{[39m[31m[91m-ms-flex-direction[33m:[39m[31m[91mrow[33m;[39m[31m[91mflex-direction[33m:[39m[31m[91mrow[33m}[39m[31m[91m[33m.list-group-horizontal-sm[39m[31m[91m [33m.list-group-item.active[39m[31m[91m[33m{[39m[31m[91mmargin-top[33m:[39m[31m[91m0[33m}[39m[31m[91m[33m.list-group-horizontal-sm[39m[31m[91m [33m.list-group-item+.list-group-item[39m[31m[91m[33m{[39m[31m[91mborder-top-width[33m:[39m[31m[91m0[33m;[39m[31m[91mborder-left-width[33m:[39m[31m[91m0[33m}[39m[31m[91m[33m.list-group-horizontal-sm[39m[31m[91m [33m.list-group-item+.list-group-item.active[39m[31m[91m[33m{[39m[31m[91mmargin-left[33m:[39m[31m[91m0[33m;[39m[31m[91mborder-left-width[33m:[39m[31m[91m0[33m}[39m[31m[91m[33m}[39m[31m[91m[36m@media[39m[31m[91m[36m [39m[31m[91m[36m(min-width:768px)[39m[31m[91m[33m{[39m[31m[91m[33m.list-group-horizontal-md[39m[31m[91m[33m{[39m[31m[91m-ms-flex-direction[33m:[39m[31m[91mrow[33m;[39m[31m[91mflex-direction[33m:[39m[31m[91mrow[33m}[39m[31m[91m[33m.list-group-horizontal-md[39m[31m[91m [33m.list-group-item.active[39m[31m[91m[33m{[39m[31m[91mmargin-top[33m:[39m[31m[91m0[33m}[39m[31m[91m[33m.list-group-horizontal-md[39m[31m[91m [33m.list-group-item+.list-group-item[39m[31m[91m[33m{[39m[31m[91mborder-top-width[33m:[39m[31m[91m0[33m;[39m[31m[91mborder-left-width[33m:[39m[31m[91m0[33m}[39m[31m[91m[33m.list-group-horizontal-md[39m[31m[91m [33m.list-group-item+.list-group-item.active[39m[31m[91m[33m{[39m[31m[91mmargin-left[33m:[39m[31m[91m0[33m;[39m[31m[91mborder-left-width[33m:[39m[31m[91m0[33m}[39m[31m[91m[33m}[39m[31m[91m[36m@media[39m[31m[91m[36m [39m[31m[91m[36m(min-width:960px)[39m[31m[91[39m[22m[1m[31mm[33m{[39m[31m[91m[33m.list-group-horizontal-lg[39m[31m[91m[33m{[39m[31m[91m-ms-flex-direction[33m:[39m[31m[91mrow[33m;[39m[31m[91mflex-direction[33m:[39m[31m[91mrow[33m}[39m[31m[91m[33m.list-group-horizontal-lg[39m[31m[91m [33m.list-group-item.active[39m[31m[91m[33m{[39m[31m[91mmargin-top[33m:[39m[31m[91m0[33m}[39m[31m[91m[33m.list-group-horizontal-lg[39m[31m[91m [33m.list-group-item+.list-group-item[39m[31m[91m[33m{[39m[31m[91mborder-top-width[33m:[39m[31m[91m0[33m;[39m[31m[91mborder-left-width[33m:[39m[31m[91m0[33m}[39m[31m[91m[33m.list-group-horizontal-lg[39m[31m[91m [33m.list-group-item+.list-group-item.active[39m[31m[91m[33m{[39m[31m[91mmargin-left[33m:[39m[31m[91m0[33m;[39m[31m[91mborder-left-width[33m:[39m[31m[91m0[33m}[39m[31m[91m[33m}[39m[31m[91m[36m@media[39m[31m[91m[36m [39m[31m[91m[36m(min-width:1152px)[39m[31m[91m[33m{[39m[31m[91m[33m.list-group-horizontal-xl[39m[31m[91m[33m{[39m[31m[91m-ms-flex-direction[33m:[39m[31m[91mrow[33m;[39m[31m[91mflex-direction[33m:[39m[31m[91mrow[33m}[39m[31m[91m[33m.list-group-horizontal-xl[39m[31m[91m [33m.list-group-item.active[39m[31m[91m[33m{[39m[31m[91mmargin-top[33m:[39m[31m[91m0[33m}[39m[31m[91m[33m.list-group-horizontal-xl[39m[31m[91m [33m.list-group-item+.list-group-item[39m[31m[91m[33m{[39m[31m[91mborder-top-width[33m:[39m[31m[91m0[33m;[39m[31m[91mborder-left-width[33m:[39m[31m[91m0[33m}[39m[31m[91m[33m.list-group-horizontal-xl[39m[31m[91m [33m.list-group-item+.list-group-item.active[39m[31m[91m[33m{[39m[31m[91mmargin-left[33m:[39m[31m[91m0[33m;[39m[31m[91mborder-left-width[33m:[39m[31m[91m0[33m}[39m[31m[91m[33m}[39m[31m[91m[33m.list-group-flush[39m[31m[91m [33m.list-group-item[39m[31m[91m[33m{[39m[31m[91mborder-right-width[33m:[39m[31m[91m0[33m;[39m[31m[91mborder-left-width[33m:[39m[31m[91m0[33m}[39m[31m[91m[33m.list-group-flush[39m[31m[91m [33m.list-group-item[39m[31m[91m[33m:[39m[31m[91mfirst-child[33m{[39m[31m[91mborder-top-width[33m:[39m[31m[91m0[33m}[39m[31m[91m[33m.list-group-flush[39m[31m[91m[33m:[39m[31m[91mlast-child [33m.list-group-item[39m[31m[91m[33m:[39m[31m[91mlast-child[39m[22m[1m[31m[33m{[39m[31m[91mborder-bottom-width[33m:[39m[31m[91m0[33m}[39m[31m[91m[33m.list-group-item-primary[39m[31m[91m[33m{[39m[31m[91mcolor[33m:[39m[31m[91m[35m#fff[39m[31m[91m[33m;[39m[31m[91mbackground-color[33m:[39m[31m[91m[35m#fff[39m[31m[91m[33m}[39m[31m[91m[33m.list-group-item-primary.list-group-item-action[39m[31m[91m[33m:[39m[31m[91mfocus,.list-group-item-primary.list-group-item-action[33m:[39m[31m[91mhover[33m{[39m[31m[91mcolor[33m:[39m[31m[91m[35m#fff[39m[31m[91m[33m;[39m[31m[91mbackground-color[33m:[39m[31m[91m[35m#fff[39m[31m[91m[33m}[39m[31m[91m[33m.list-group-item-primary.list-group-item-action.active[39m[31m[91m[33m{[39m[31m[91mcolor[33m:[39m[31m[91m[35m#fff[39m[31m[91m[33m;[39m[31m[91mbackground-color[33m:[39m[31m[91m[35m#fff[39m[31m[91m[33m;[39m[31m[91mborder-color[33m:[39m[31m[91m[35m#fff[39m[31m[91m[33m}[39m[31m[91m[33m.list-group-item-secondary[39m[31m[91m[33m{[39m[31m[91mcolor[33m:[39m[31m[91m[35m#fff[39m[31m[91m[33m;[39m[31m[91mbackground-color[33m:[39m[31m[91m[35m#fff[39m[31m[91m[33m}[39m[31m[91m[33m.list-group-item-secondary.list-group-item-action[39m[31m[91m[33m:[39m[31m[91mfocus,.list-group-item-secondary.list-group-item-action[33m:[39m[31m[91mhover[33m{[39m[31m[91mcolor[33m:[39m[31m[91m[35m#fff[39m[31m[91m[33m;[39m[31m[91mbackground-color[33m:[39m[31m[91m[35m#fff[39m[31m[91m[33m}[39m[31m[91m[33m.list-group-item-secondary.list-group-item-action.active[39m[31m[91m[33m{[39m[31m[91mcolor[33m:[39m[31m[91m[35m#fff[39m[31m[91m[33m;[39m[31m[91mbackground-color[33m:[39m[31m[91m[35m#fff[39m[31m[91m[33m;[39m[31m[91mborder-color[33m:[39m[31m[91m[35m#fff[39m[31m[91m[33m}[39m[31m[91m[33m.list-group-item-success[39m[31m[91m[33m{[39m[31m[91mcolor[33m:[39m[31m[91m[35m#5f5[39m[31m[91m[33m;[39m[31m[91mbackground-color[33m:[39m[31m[91m[35m#5f5[39m[31m[91m[33m}[39m[31m[91m[33m.list-group-item-success.list-group-item-action[39m[31m[91m[33m:[39m[31m[91mfocus,.list-group-item-success.list-group-item-action[33m:[39m[31m[91mhover[33m{[39m[31m[91mcolor[33m:[39m[31m[91m[35m#5f5[39m[31m[91m[33m;[39m[31m[91mbackground-color[33m:[39m[31m[91m[35m#5f5[39m[22m[1m[31m[39m[91m[33m}[39m[31m[91m[33m.list-group-item-success.list-group-item-action.active[39m[31m[91m[33m{[39m[31m[91mcolor[33m:[39m[31m[91m[35m#fff[39m[31m[91m[33m;[39m[31m[91mbackground-color[33m:[39m[31m[91m[35m#5f5[39m[31m[91m[33m;[39m[31m[91mborder-color[33m:[39m[31m[91m[35m#5f5[39m[31m[91m[33m}[39m[31m[91m[33m.list-group-item-info[39m[31m[91m[33m{[39m[31m[91mcolor[33m:[39m[31m[91m[35m#5ff[39m[31m[91m[33m;[39m[31m[91mbackground-color[33m:[39m[31m[91m[35m#5ff[39m[31m[91m[33m}[39m[31m[91m[33m.list-group-item-info.list-group-item-action[39m[31m[91m[33m:[39m[31m[91mfocus,.list-group-item-info.list-group-item-action[33m:[39m[31m[91mhover[33m{[39m[31m[91mcolor[33m:[39m[31m[91m[35m#5ff[39m[31m[91m[33m;[39m[31m[91mbackground-color[33m:[39m[31m[91m[35m#5ff[39m[31m[91m[33m}[39m[31m[91m[33m.list-group-item-info.list-group-item-action.active[39m[31m[91m[33m{[39m[31m[91mcolor[33m:[39m[31m[91m[35m#fff[39m[31m[91m[33m;[39m[31m[91mbackground-color[33m:[39m[31m[91m[35m#5ff[39m[31m[91m[33m;[39m[31m[91mborder-color[33m:[39m[31m[91m[35m#5ff[39m[31m[91m[33m}[39m[31m[91m[33m.list-group-item-warning[39m[31m[91m[33m{[39m[31m[91mcolor[33m:[39m[31m[91m[35m#ff5[39m[31m[91m[33m;[39m[31m[91mbackground-color[33m:[39m[31m[91m[35m#ff5[39m[31m[91m[33m}[39m[31m[91m[33m.list-group-item-warning.list-group-item-action[39m[31m[91m[33m:[39m[31m[91mfocus,.list-group-item-warning.list-group-item-action[33m:[39m[31m[91mhover[33m{[39m[31m[91mcolor[33m:[39m[31m[91m[35m#ff5[39m[31m[91m[33m;[39m[31m[91mbackground-color[33m:[39m[31m[91m[35m#ff5[39m[31m[91m[33m}[39m[31m[91m[33m.list-group-item-warning.list-group-item-action.active[39m[31m[91m[33m{[39m[31m[91mcolor[33m:[39m[31m[91m[35m#fff[39m[31m[91m[33m;[39m[31m[91mbackground-color[33m:[39m[31m[91m[35m#ff5[39m[31m[91m[33m;[39m[31m[91mborder-color[33m:[39m[31m[91m[35m#ff5[39m[31m[91m[33m}[39m[31m[91m[33m.list-group-item-danger[39m[31m[91m[33m{[39m[31m[91mcolor[33m:[39m[31m[91m[35m#f55[39m[31m[91m[33m;[39m[31m[91mbackground-color[33m:[39m[31m[91m[35m#f55[39m[31m[91m[33m}[39m[31m[91m[33m.list-group-item-danger.list-group-item-action[39m[31m[9[39m[22m[1m[31m1m[33m:[39m[31m[91mfocus,.list-group-item-danger.list-group-item-action[33m:[39m[31m[91mhover[33m{[39m[31m[91mcolor[33m:[39m[31m[91m[35m#f55[39m[31m[91m[33m;[39m[31m[91mbackground-color[33m:[39m[31m[91m[35m#f55[39m[31m[91m[33m}[39m[31m[91m[33m.list-group-item-danger.list-group-item-action.active[39m[31m[91m[33m{[39m[31m[91mcolor[33m:[39m[31m[91m[35m#fff[39m[31m[91m[33m;[39m[31m[91mbackground-color[33m:[39m[31m[91m[35m#f55[39m[31m[91m[33m;[39m[31m[91mborder-color[33m:[39m[31m[91m[35m#f55[39m[31m[91m[33m}[39m[31m[91m[33m.list-group-item-light.list-group-item-action.active[39m[31m[91m[33m{[39m[31m[91mcolor[33m:[39m[31m[91m[35m#fff[39m[31m[91m[33m}[39m[31m[91m[33m.list-group-item-dark[39m[31m[91m[33m{[39m[31m[91mcolor[33m:[39m[31m[91m[35m#555[39m[31m[91m[33m;[39m[31m[91mbackground-color[33m:[39m[31m[91m[35m#555[39m[31m[91m[33m}[39m[31m[91m[33m.list-group-item-dark.list-group-item-action[39m[31m[91m[33m:[39m[31m[91mfocus,.list-group-item-dark.list-group-item-action[33m:[39m[31m[91mhover[33m{[39m[31m[91mcolor[33m:[39m[31m[91m[35m#555[39m[31m[91m[33m;[39m[31m[91mbackground-color[33m:[39m[31m[91m[35m#555[39m[31m[91m[33m}[39m[31m[91m[33m.list-group-item-dark.list-group-item-action.active[39m[31m[91m[33m{[39m[31m[91mcolor[33m:[39m[31m[91m[35m#fff[39m[31m[91m[33m;[39m[31m[91mbackground-color[33m:[39m[31m[91m[35m#555[39m[31m[91m[33m;[39m[31m[91mborder-color[33m:[39m[31m[91m[35m#555[39m[31m[91m[33m}[39m[31m[91m[33m.close[39m[31m[91m[33m{[39m[31m[91mfloat[33m:[39m[31m[91mright[33m;[39m[31m[91mline-height[33m:[39m[31m[91m1[33m;[39m[31m[91mcolor[33m:[39m[31m[91m[35m#fff[39m[31m[91m[33m}[39m[31m[91m[33m.close[39m[31m[91m[33m:[39m[31m[91mhover[33m{[39m[31m[91mcolor[33m:[39m[31m[91m[35m#fff[39m[31m[91m[33m;[39m[31m[91mtext-decoration[33m:[39m[31m[91mnone[33m}[39m[31m[91mbutton.close[33m{[39m[31m[91mpadding[33m:[39m[31m[91m0 0 0 8px[33m;[39m[31m[91mbackground-color[33m:[39m[31m[91mtransparent[33m;[39m[31m[91mborder[33m:[39m[31m[91m0[33m;[39m[31m[91m-webkit-appearance[33m:[39m[31m[91mnone[33m;[39m[31m[91m-moz-appearance[33m:[39m[31m[91mnone[33m;[39m[31m[91mappearance[39m[22m[1m[31m[33m:[39m[31m[91mnone[33m}[39m[31m[91ma.close.disabled[33m{[39m[31m[91mpointer-events[33m:[39m[31m[91mnone[33m}[39m[31m[91m[33m.toast[39m[31m[91m[33m{[39m[31m[91mmax-width[33m:[39m[31m[91m360px[33m;[39m[31m[91moverflow[33m:[39m[31m[91mhidden[33m;[39m[31m[91mcolor[33m:[39m[31m[91m[35m#000[39m[31m[91m[33m;[39m[31m[91mpadding[33m:[39m[31m[91m0[33m;[39m[31m[91mbackground-color[33m:[39m[31m[91m[35m#bbb[39m[31m[91m[33m;[39m[31m[91mbackground-clip[33m:[39m[31m[91mpadding-box[33m;[39m[31m[91mopacity[33m:[39m[31m[91m0[33m}[39m[31m[91m[33m.toast[39m[31m[91m[33m:[39m[31m[91m[36mnot[39m[31m[91m[36m(:last-child)[39m[31m[91m[33m{[39m[31m[91mmargin-bottom[33m:[39m[31m[91m8px[33m}[39m[31m[91m[33m.toast.showing[39m[31m[91m[33m{[39m[31m[91mopacity[33m:[39m[31m[91m1[33m}[39m[31m[91m[33m.toast.show[39m[31m[91m[33m{[39m[31m[91mdisplay[33m:[39m[31m[91mblock[33m;[39m[31m[91mopacity[33m:[39m[31m[91m1[33m}[39m[31m[91m[33m.toast.hide[39m[31m[91m[33m{[39m[31m[91mdisplay[33m:[39m[31m[91mnone[33m}[39m[31m[91m[33m.toast-header[39m[31m[91m[33m{[39m[31m[91mdisplay[33m:[39m[31m[91m-ms-flexbox[33m;[39m[31m[91mdisplay[33m:[39m[31m[91mflex[33m;[39m[31m[91m-ms-flex-align[33m:[39m[31m[91mcenter[33m;[39m[31m[91malign-items[33m:[39m[31m[91mcenter[33m;[39m[31m[91mpadding[33m:[39m[31m[91m0 8px[33m;[39m[31m[91mcolor[33m:[39m[31m[91m[35m#fff[39m[31m[91m[33m;[39m[31m[91mbackground-color[33m:[39m[31m[91m[35m#a0a[39m[31m[91m[33m}[39m[31m[91m[33m.toast-body[39m[31m[91m[33m{[39m[31m[91mpadding[33m:[39m[31m[91m8px[33m}[39m[31m[91m[33m.modal-open[39m[31m[91m[33m{[39m[31m[91moverflow[33m:[39m[31m[91mhidden[33m}[39m[31m[91m[33m.modal-open[39m[31m[91m [33m.modal[39m[31m[91m[33m{[39m[31m[91moverflow-x[33m:[39m[31m[91mhidden[33m;[39m[31m[91moverflow-y[33m:[39m[31m[91mauto[33m}[39m[31m[91m[33m.modal[39m[31m[91m[33m{[39m[31m[91mposition[33m:[39m[31m[91mfixed[33m;[39m[31m[91mtop[33m:[39m[31m[91m0[33m;[39m[31m[91mleft[33m:[39m[31m[91m0[33m;[39m[31m[91mz-index[33m:[39m[31m[91m1050[33m;[39m[31m[91mdisplay[33m:[39m[31m[91mnone[33m;[39m[31m[91mwidth[33m:[39m[31m[91m100%[33m;[39m[31m[91mheight[33m:[39m[31m[91m100%[33m;[39m[22m[1m[31m[39m[31m[91moverflow[33m:[39m[31m[91mhidden[33m;[39m[31m[91moutline[33m:[39m[31m[91m0[33m;[39m[31m[91m-webkit-filter[33m:[39m[31m[91m[36mdrop-shadow[39m[31m[91m[36m(7px 8px 0 #000)[39m[31m[91m[33m;[39m[31m[91mfilter[33m:[39m[31m[91m[36mdrop-shadow[39m[31m[91m[36m(7px 8px 0 #000)[39m[31m[91m[33m;[39m[31m[91mmargin-right[33m:[39m[31m[91m10.5px[33m;[39m[31m[91mmargin-bottom[33m:[39m[31m[91m14px[33m}[39m[31m[91m[33m.modal[39m[31m[91m [33m.btn[39m[31m[91m[33m{[39m[31m[91m-webkit-filter[33m:[39m[31m[91m[36mdrop-shadow[39m[31m[91m[36m(7px 8px 0 #000)[39m[31m[91m[33m;[39m[31m[91mfilter[33m:[39m[31m[91m[36mdrop-shadow[39m[31m[91m[36m(7px 8px 0 #000)[39m[31m[91m[33m;[39m[31m[91mmargin-right[33m:[39m[31m[91m10.5px[33m;[39m[31m[91mbackground[33m:[39m[31m[91m[35m#fff[39m[31m[91m[33m}[39m[31m[91m[33m.modal[39m[31m[91m [33m.btn[39m[31m[91m[33m:[39m[31m[91m[33m:[39m[31m[91mfirst-letter[33m{[39m[31m[91mcolor[33m:[39m[31m[91m[35m#f55[39m[31m[91m[33m}[39m[31m[91m[33m.modal[39m[31m[91m [33m.btn[39m[31m[91m[33m:[39m[31m[91mhover[33m{[39m[31m[91mcolor[33m:[39m[31m[91m[35m#000[39m[31m[91m[33m}[39m[31m[91m[33m.modal-dialog[39m[31m[91m[33m{[39m[31m[91mposition[33m:[39m[31m[91mrelative[33m;[39m[31m[91mwidth[33m:[39m[31m[91mauto[33m;[39m[31m[91mpointer-events[33m:[39m[31m[91mnone[33m}[39m[31m[91m[33m.modal.fade[39m[31m[91m [33m.modal-dialog[39m[31m[91m[33m{[39m[31m[91m-webkit-transform[33m:[39m[31m[91m[36mtranslate[39m[31m[91m[36m(0,-50px)[39m[31m[91m[33m;[39m[31m[91mtransform[33m:[39m[31m[91m[36mtranslate[39m[31m[91m[36m(0,-50px)[39m[31m[91m[33m}[39m[31m[91m[33m.modal.show[39m[31m[91m [33m.modal-dialog[39m[31m[91m[33m{[39m[31m[91m-webkit-transform[33m:[39m[31m[91mnone[33m;[39m[31m[91mtransform[33m:[39m[31m[91mnone[33m}[39m[31m[91m[33m.modal.modal-static[39m[31m[91m [33m.modal-dialog[39m[31m[91m[33m{[39m[31m[91m-webkit-transform[33m:[39m[31m[91m[36mscale[39m[31m[91m[36m(1.02)[39m[31m[91m[33m;[39m[31m[91mtransform[33m:[39m[31m[91m[36mscale[39m[31m[91m[36m(1.02)[39m[31m[91m[33m}[39m[31m[91m[33m.modal-dialog-scrollable[39m[31m[91m[33m{[39m[31m[91mdisplay[33m:[39m[31m[91m-ms-flexbox[39m[22m[1m[31m[33m;[39m[31m[91mdisplay[33m:[39m[31m[91mflex[33m}[39m[31m[91m[33m.modal-dialog-scrollable[39m[31m[91m [33m.modal-content[39m[31m[91m[33m{[39m[31m[91moverflow[33m:[39m[31m[91mhidden[33m}[39m[31m[91m[33m.modal-dialog-scrollable[39m[31m[91m [33m.modal-footer,.modal-dialog-scrollable[39m[31m[91m [33m.modal-header[39m[31m[91m[33m{[39m[31m[91m-ms-flex-negative[33m:[39m[31m[91m0[33m;[39m[31m[91mflex-shrink[33m:[39m[31m[91m0[33m}[39m[31m[91m[33m.modal-dialog-scrollable[39m[31m[91m [33m.modal-body[39m[31m[91m[33m{[39m[31m[91moverflow-y[33m:[39m[31m[91mauto[33m}[39m[31m[91m[33m.modal-dialog-centered[39m[31m[91m[33m{[39m[31m[91mdisplay[33m:[39m[31m[91m-ms-flexbox[33m;[39m[31m[91mdisplay[33m:[39m[31m[91mflex[33m;[39m[31m[91m-ms-flex-align[33m:[39m[31m[91mcenter[33m;[39m[31m[91malign-items[33m:[39m[31m[91mcenter[33m}[39m[31m[91m[33m.modal-dialog-centered[39m[31m[91m[33m:[39m[31m[91m[33m:[39m[31m[91mbefore[33m{[39m[31m[91mdisplay[33m:[39m[31m[91mblock[33m;[39m[31m[91mcontent[33m:[39m[31m[91m[32m""[39m[31m[91m[33m}[39m[31m[91m[33m.modal-dialog-centered.modal-dialog-scrollable[39m[31m[91m[33m{[39m[31m[91m-ms-flex-direction[33m:[39m[31m[91mcolumn[33m;[39m[31m[91mflex-direction[33m:[39m[31m[91mcolumn[33m;[39m[31m[91m-ms-flex-pack[33m:[39m[31m[91mcenter[33m;[39m[31m[91mjustify-content[33m:[39m[31m[91mcenter[33m;[39m[31m[91mheight[33m:[39m[31m[91m100%[33m}[39m[31m[91m[33m.modal-dialog-centered.modal-dialog-scrollable[39m[31m[91m [33m.modal-content[39m[31m[91m[33m{[39m[31m[91mmax-height[33m:[39m[31m[91mnone[33m}[39m[31m[91m[33m.modal-dialog-centered.modal-dialog-scrollable[39m[31m[91m[33m:[39m[31m[91m[33m:[39m[31m[91mbefore[33m{[39m[31m[91mcontent[33m:[39m[31m[91mnone[33m}[39m[31m[91m[33m.modal-content[39m[31m[91m[33m{[39m[31m[91mposition[33m:[39m[31m[91mrelative[33m;[39m[31m[91mdisplay[33m:[39m[31m[91m-ms-flexbox[33m;[39m[31m[91mdisplay[33m:[39m[31m[91mflex[33m;[39m[31m[91m-ms-flex-direction[33m:[39m[31m[91mcolumn[33m;[39m[31m[91mflex-direction[33m:[39m[31m[91mcolumn[33m;[39m[31m[91mwidth[33m:[39m[31m[91m100%[33m;[39m[31m[91mcolor[33m:[39m[31m[91m[35m#000[39m[31m[39m[22m[1m[31m[91m[33m;[39m[31m[91mpointer-events[33m:[39m[31m[91mauto[33m;[39m[31m[91mbackground-color[33m:[39m[31m[91m[35m#bbb[39m[31m[91m[33m;[39m[31m[91mbackground-clip[33m:[39m[31m[91mpadding-box[33m;[39m[31m[91moutline[33m:[39m[31m[91m0[33m}[39m[31m[91m[33m.modal-backdrop[39m[31m[91m[33m{[39m[31m[91mposition[33m:[39m[31m[91mfixed[33m;[39m[31m[91mtop[33m:[39m[31m[91m0[33m;[39m[31m[91mleft[33m:[39m[31m[91m0[33m;[39m[31m[91mz-index[33m:[39m[31m[91m1040[33m;[39m[31m[91mwidth[33m:[39m[31m[91m100vw[33m;[39m[31m[91mheight[33m:[39m[31m[91m100vh[33m;[39m[31m[91mbackground-color[33m:[39m[31m[91m[35m#000[39m[31m[91m[33m}[39m[31m[91m[33m.modal-backdrop.fade[39m[31m[91m[33m{[39m[31m[91mopacity[33m:[39m[31m[91m0[33m}[39m[31m[91m[33m.modal-header[39m[31m[91m[33m{[39m[31m[91mdisplay[33m:[39m[31m[91m-ms-flexbox[33m;[39m[31m[91mdisplay[33m:[39m[31m[91mflex[33m;[39m[31m[91m-ms-flex-align[33m:[39m[31m[91mstart[33m;[39m[31m[91malign-items[33m:[39m[31m[91mflex-start[33m;[39m[31m[91m-ms-flex-pack[33m:[39m[31m[91mjustify[33m;[39m[31m[91mjustify-content[33m:[39m[31m[91mspace-between[33m;[39m[31m[91mpadding[33m:[39m[31m[91m0 8px[33m;[39m[31m[91mbackground[33m:[39m[31m[91m[35m#a0a[39m[31m[91m[33m;[39m[31m[91mcolor[33m:[39m[31m[91m[35m#fff[39m[31m[91m[33m}[39m[31m[91m[33m.modal-header[39m[31m[91m [33m.h1,.modal-header[39m[31m[91m [33m.h2,.modal-header[39m[31m[91m [33m.h3,.modal-header[39m[31m[91m [33m.h4,.modal-header[39m[31m[91m [33m.h5,.modal-header[39m[31m[91m [33m.h6,.modal-header[39m[31m[91m h1,.modal-header h2,.modal-header h3,.modal-header h4,.modal-header h5,.modal-header h6[33m{[39m[31m[91mborder[33m:[39m[31m[91m0[33m;[39m[31m[91mpadding[33m:[39m[31m[91m0[33m;[39m[31m[91mmargin[33m:[39m[31m[91m0[33m;[39m[31m[91m-webkit-animation[33m:[39m[31m[91mnone[33m;[39m[31m[91manimation[33m:[39m[31m[91mnone[33m}[39m[31m[91m[33m.modal-header[39m[31m[91m [33m.h1[39m[31m[91m[33m:[39m[31m[91m[33m:[39m[31m[91mafter,.modal-header [33m.h1[39m[31m[91m[33m:[39m[31m[91m[33m:[39m[31m[91mbefore,.modal-header [33m.h2[39m[31m[91m[33m:[39m[31m[91m[33m:[39m[31m[91mafter,.modal-header [33m.h2[39m[31m[[39m[22m[1m[31m91m[33m:[39m[31m[91m[33m:[39m[31m[91mbefore,.modal-header [33m.h3[39m[31m[91m[33m:[39m[31m[91m[33m:[39m[31m[91mafter,.modal-header [33m.h3[39m[31m[91m[33m:[39m[31m[91m[33m:[39m[31m[91mbefore,.modal-header [33m.h4[39m[31m[91m[33m:[39m[31m[91m[33m:[39m[31m[91mafter,.modal-header [33m.h4[39m[31m[91m[33m:[39m[31m[91m[33m:[39m[31m[91mbefore,.modal-header [33m.h5[39m[31m[91m[33m:[39m[31m[91m[33m:[39m[31m[91mafter,.modal-header [33m.h5[39m[31m[91m[33m:[39m[31m[91m[33m:[39m[31m[91mbefore,.modal-header [33m.h6[39m[31m[91m[33m:[39m[31m[91m[33m:[39m[31m[91mafter,.modal-header [33m.h6[39m[31m[91m[33m:[39m[31m[91m[33m:[39m[31m[91mbefore,.modal-header h1[33m:[39m[31m[91m[33m:[39m[31m[91mafter,.modal-header h1[33m:[39m[31m[91m[33m:[39m[31m[91mbefore,.modal-header h2[33m:[39m[31m[91m[33m:[39m[31m[91mafter,.modal-header h2[33m:[39m[31m[91m[33m:[39m[31m[91mbefore,.modal-header h3[33m:[39m[31m[91m[33m:[39m[31m[91mafter,.modal-header h3[33m:[39m[31m[91m[33m:[39m[31m[91mbefore,.modal-header h4[33m:[39m[31m[91m[33m:[39m[31m[91mafter,.modal-header h4[33m:[39m[31m[91m[33m:[39m[31m[91mbefore,.modal-header h5[33m:[39m[31m[91m[33m:[39m[31m[91mafter,.modal-header h5[33m:[39m[31m[91m[33m:[39m[31m[91mbefore,.modal-header h6[33m:[39m[31m[91m[33m:[39m[31m[91mafter,.modal-header h6[33m:[39m[31m[91m[33m:[39m[31m[91mbefore[33m{[39m[31m[91mcontent[33m:[39m[31m[91m[32m''[39m[31m[91m[33m}[39m[31m[91m[33m.modal-header[39m[31m[91m [33m.close[39m[31m[91m[33m{[39m[31m[91mpadding[33m:[39m[31m[91m0 8px[33m;[39m[31m[91mmargin[33m:[39m[31m[91m0 -8px 0 auto[33m}[39m[31m[91m[33m.modal-body[39m[31m[91m[33m{[39m[31m[91mposition[33m:[39m[31m[91mrelative[33m;[39m[31m[91m-ms-flex[33m:[39m[31m[91m1 1 auto[33m;[39m[31m[91mflex[33m:[39m[31m[91m1 1 auto[33m;[39m[31m[91mpadding[33m:[39m[31m[91m14px 16px[33m}[39m[31m[91m[33m.modal-footer[39m[31m[91m[33m{[39m[31m[91mdisplay[33m:[39m[31m[91m-ms-flexbox[33m;[39m[31m[91mdisplay[33m:[39m[31m[91mflex[33m;[39m[31m[91m-ms-flex-wrap[33m:[39m[31m[91mwrap[33m;[39m[31m[91mflex-wrap[33m:[39m[31m[91mwrap[33m;[39m[31m[91m-ms-flex-align[33m:[39m[31m[91mcenter[33m;[39m[31m[39m[22m[1m[31m[91malign-items[33m:[39m[31m[91mcenter[33m;[39m[31m[91m-ms-flex-pack[33m:[39m[31m[91mend[33m;[39m[31m[91mjustify-content[33m:[39m[31m[91mflex-end[33m;[39m[31m[91mpadding[33m:[39m[31m[91m0 8px 14px[33m}[39m[31m[91m[33m.modal-footer>*[39m[31m[91m[33m{[39m[31m[91mmargin[33m:[39m[31m[91m0 8px[33m}[39m[31m[91m[33m.modal-scrollbar-measure[39m[31m[91m[33m{[39m[31m[91mposition[33m:[39m[31m[91mabsolute[33m;[39m[31m[91mtop[33m:[39m[31m[91m-9999px[33m;[39m[31m[91mwidth[33m:[39m[31m[91m50px[33m;[39m[31m[91mheight[33m:[39m[31m[91m50px[33m;[39m[31m[91moverflow[33m:[39m[31m[91mscroll[33m}[39m[31m[91m[36m@media[39m[31m[91m[36m [39m[31m[91m[36m(min-width:576px)[39m[31m[91m[33m{[39m[31m[91m[33m.modal-dialog[39m[31m[91m[33m{[39m[31m[91mmax-width[33m:[39m[31m[91m480px[33m}[39m[31m[91m[33m.modal-sm[39m[31m[91m[33m{[39m[31m[91mmax-width[33m:[39m[31m[91m240px[33m}[39m[31m[91m[33m}[39m[31m[91m[36m@media[39m[31m[91m[36m [39m[31m[91m[36m(min-width:960px)[39m[31m[91m[33m{[39m[31m[91m[33m.modal-lg,.modal-xl[39m[31m[91m[33m{[39m[31m[91mmax-width[33m:[39m[31m[91m800px[33m}[39m[31m[91m[33m}[39m[31m[91m[36m@media[39m[31m[91m[36m [39m[31m[91m[36m(min-width:1152px)[39m[31m[91m[33m{[39m[31m[91m[33m.modal-xl[39m[31m[91m[33m{[39m[31m[91mmax-width[33m:[39m[31m[91m1120px[33m}[39m[31m[91m[33m}[39m[31m[91m[33m.tooltip[39m[31m[91m[33m{[39m[31m[91mposition[33m:[39m[31m[91mabsolute[33m;[39m[31m[91mz-index[33m:[39m[31m[91m1070[33m;[39m[31m[91mdisplay[33m:[39m[31m[91mblock[33m;[39m[31m[91mmargin[33m:[39m[31m[91m0[33m;[39m[31m[91mfont-family[33m:[39m[31m[91mDOS,Monaco,Menlo,Consolas,[32m"Courier New"[39m[31m[91m,monospace[33m;[39m[31m[91mfont-style[33m:[39m[31m[91mnormal[33m;[39m[31m[91mfont-weight[33m:[39m[31m[91m400[33m;[39m[31m[91mline-height[33m:[39m[31m[91m14px[33m;[39m[31m[91mtext-align[33m:[39m[31m[91mleft[33m;[39m[31m[91mtext-align[33m:[39m[31m[91mstart[33m;[39m[31m[91mtext-decoration[33m:[39m[31m[91mnone[33m;[39m[31m[91mtext-shadow[33m:[39m[31m[91mnone[33m;[39m[31m[91mtext-transform[33m:[39m[31m[91mnone[33m;[39m[31m[91mletter-spacing[33m:[39m[31m[91mnormal[33m;[39m[31m[91mword-break[33[39m[22m[1m[31mm:[39m[31m[91mnormal[33m;[39m[31m[91mword-spacing[33m:[39m[31m[91mnormal[33m;[39m[31m[91mwhite-space[33m:[39m[31m[91mnormal[33m;[39m[31m[91mline-break[33m:[39m[31m[91mauto[33m;[39m[31m[91mword-wrap[33m:[39m[31m[91mbreak-word[33m;[39m[31m[91mopacity[33m:[39m[31m[91m0[33m}[39m[31m[91m[33m.tooltip.show[39m[31m[91m[33m{[39m[31m[91mopacity[33m:[39m[31m[91m1[33m}[39m[31m[91m[33m.tooltip[39m[31m[91m [33m.arrow[39m[31m[91m[33m{[39m[31m[91mposition[33m:[39m[31m[91mabsolute[33m;[39m[31m[91mdisplay[33m:[39m[31m[91mblock[33m;[39m[31m[91mcolor[33m:[39m[31m[91m[35m#000[39m[31m[91m[33m;[39m[31m[91mwidth[33m:[39m[31m[91m8px[33m;[39m[31m[91mheight[33m:[39m[31m[91m14px[33m}[39m[31m[91m[33m.tooltip[39m[31m[91m [33m.arrow[39m[31m[91m[33m:[39m[31m[91m[33m:[39m[31m[91mbefore[33m{[39m[31m[91mposition[33m:[39m[31m[91mabsolute[33m;[39m[31m[91mcontent[33m:[39m[31m[91m[32m""[39m[31m[91m[33m;[39m[31m[91mborder-color[33m:[39m[31m[91mtransparent[33m;[39m[31m[91mborder-style[33m:[39m[31m[91msolid[33m}[39m[31m[91m[33m.bs-tooltip-auto[39m[31m[91m[33m[[39m[31m[91mx-placement^=top[33m][39m[31m[91m,.bs-tooltip-top[33m{[39m[31m[91mpadding[33m:[39m[31m[91m14px 0[33m}[39m[31m[91m[33m.bs-tooltip-auto[39m[31m[91m[33m[[39m[31m[91mx-placement^=top[33m][39m[31m[91m [33m.arrow,.bs-tooltip-top[39m[31m[91m [33m.arrow[39m[31m[91m[33m{[39m[31m[91mbottom[33m:[39m[31m[91m0[33m}[39m[31m[91m[33m.bs-tooltip-auto[39m[31m[91m[33m[[39m[31m[91mx-placement^=top[33m][39m[31m[91m [33m.arrow[39m[31m[91m[33m:[39m[31m[91m[33m:[39m[31m[91mafter,.bs-tooltip-top [33m.arrow[39m[31m[91m[33m:[39m[31m[91m[33m:[39m[31m[91mafter[33m{[39m[31m[91mcontent[33m:[39m[31m[91m[32m'\25bc'[39m[31m[91m[33m}[39m[31m[91m[33m.bs-tooltip-auto[39m[31m[91m[33m[[39m[31m[91mx-placement^=top[33m][39m[31m[91m [33m.arrow[39m[31m[91m[33m:[39m[31m[91m[33m:[39m[31m[91mbefore,.bs-tooltip-top [33m.arrow[39m[31m[91m[33m:[39m[31m[91m[33m:[39m[31m[91mbefore[33m{[39m[31m[91mtop[33m:[39m[31m[91m0[33m}[39m[31m[91m[33m.bs-tooltip-auto[39m[31m[91m[33m[[39m[31m[91mx-placement^=right[33m][39m[31m[91m,.bs-tooltip-right[33m{[39m[31m[91mpadding[33m:[39m[31m[91m0 8[39m[22m[1m[31mpx[33m}[39m[31m[91m[33m.bs-tooltip-auto[39m[31m[91m[33m[[39m[31m[91mx-placement^=right[33m][39m[31m[91m [33m.arrow,.bs-tooltip-right[39m[31m[91m [33m.arrow[39m[31m[91m[33m{[39m[31m[91mleft[33m:[39m[31m[91m0[33m}[39m[31m[91m[33m.bs-tooltip-auto[39m[31m[91m[33m[[39m[31m[91mx-placement^=right[33m][39m[31m[91m [33m.arrow[39m[31m[91m[33m:[39m[31m[91m[33m:[39m[31m[91mbefore,.bs-tooltip-right [33m.arrow[39m[31m[91m[33m:[39m[31m[91m[33m:[39m[31m[91mbefore[33m{[39m[31m[91mright[33m:[39m[31m[91m0[33m;[39m[31m[91mcontent[33m:[39m[31m[91m[32m'\25c4'[39m[31m[91m[33m}[39m[31m[91m[33m.bs-tooltip-auto[39m[31m[91m[33m[[39m[31m[91mx-placement^=bottom[33m][39m[31m[91m,.bs-tooltip-bottom[33m{[39m[31m[91mpadding[33m:[39m[31m[91m14px 0[33m}[39m[31m[91m[33m.bs-tooltip-auto[39m[31m[91m[33m[[39m[31m[91mx-placement^=bottom[33m][39m[31m[91m [33m.arrow,.bs-tooltip-bottom[39m[31m[91m [33m.arrow[39m[31m[91m[33m{[39m[31m[91mtop[33m:[39m[31m[91m0[33m}[39m[31m[91m[33m.bs-tooltip-auto[39m[31m[91m[33m[[39m[31m[91mx-placement^=bottom[33m][39m[31m[91m [33m.arrow[39m[31m[91m[33m:[39m[31m[91m[33m:[39m[31m[91mafter,.bs-tooltip-bottom [33m.arrow[39m[31m[91m[33m:[39m[31m[91m[33m:[39m[31m[91mafter[33m{[39m[31m[91mcontent[33m:[39m[31m[91m[32m'\25b2'[39m[31m[91m[33m}[39m[31m[91m[33m.bs-tooltip-auto[39m[31m[91m[33m[[39m[31m[91mx-placement^=left[33m][39m[31m[91m,.bs-tooltip-left[33m{[39m[31m[91mpadding[33m:[39m[31m[91m0 8px[33m}[39m[31m[91m[33m.bs-tooltip-auto[39m[31m[91m[33m[[39m[31m[91mx-placement^=left[33m][39m[31m[91m [33m.arrow,.bs-tooltip-left[39m[31m[91m [33m.arrow[39m[31m[91m[33m{[39m[31m[91mright[33m:[39m[31m[91m0[33m}[39m[31m[91m[33m.bs-tooltip-auto[39m[31m[91m[33m[[39m[31m[91mx-placement^=left[33m][39m[31m[91m [33m.arrow[39m[31m[91m[33m:[39m[31m[91m[33m:[39m[31m[91mafter,.bs-tooltip-left [33m.arrow[39m[31m[91m[33m:[39m[31m[91m[33m:[39m[31m[91mafter[33m{[39m[31m[91mcontent[33m:[39m[31m[91m[32m'\25ba'[39m[31m[91m[33m}[39m[31m[91m[33m.tooltip-inner[39m[31m[91m[33m{[39m[31m[91mmax-width[33m:[39m[31m[91m200px[33m;[39m[31m[91mpadding[33m:[39m[31m[91m0 8px[33m;[39m[31m[91mcolor[33m:[39m[31m[[39m[22m[1m[31m91m[35m#fff[39m[31m[91m[33m;[39m[31m[91mtext-align[33m:[39m[31m[91mcenter[33m;[39m[31m[91mbackground-color[33m:[39m[31m[91m[35m#000[39m[31m[91m[33m}[39m[31m[91m[33m.popover[39m[31m[91m[33m{[39m[31m[91mposition[33m:[39m[31m[91mabsolute[33m;[39m[31m[91mtop[33m:[39m[31m[91m0[33m;[39m[31m[91mleft[33m:[39m[31m[91m0[33m;[39m[31m[91mz-index[33m:[39m[31m[91m1060[33m;[39m[31m[91mdisplay[33m:[39m[31m[91mblock[33m;[39m[31m[91mmax-width[33m:[39m[31m[91m280px[33m;[39m[31m[91mfont-family[33m:[39m[31m[91mDOS,Monaco,Menlo,Consolas,[32m"Courier New"[39m[31m[91m,monospace[33m;[39m[31m[91mfont-style[33m:[39m[31m[91mnormal[33m;[39m[31m[91mfont-weight[33m:[39m[31m[91m400[33m;[39m[31m[91mline-height[33m:[39m[31m[91m14px[33m;[39m[31m[91mtext-align[33m:[39m[31m[91mleft[33m;[39m[31m[91mtext-align[33m:[39m[31m[91mstart[33m;[39m[31m[91mtext-decoration[33m:[39m[31m[91mnone[33m;[39m[31m[91mtext-shadow[33m:[39m[31m[91mnone[33m;[39m[31m[91mtext-transform[33m:[39m[31m[91mnone[33m;[39m[31m[91mletter-spacing[33m:[39m[31m[91mnormal[33m;[39m[31m[91mword-break[33m:[39m[31m[91mnormal[33m;[39m[31m[91mword-spacing[33m:[39m[31m[91mnormal[33m;[39m[31m[91mwhite-space[33m:[39m[31m[91mnormal[33m;[39m[31m[91mline-break[33m:[39m[31m[91mauto[33m;[39m[31m[91mword-wrap[33m:[39m[31m[91mbreak-word[33m;[39m[31m[91mbackground-color[33m:[39m[31m[91m[35m#bbb[39m[31m[91m[33m;[39m[31m[91mbackground-clip[33m:[39m[31m[91mpadding-box[33m}[39m[31m[91m[33m.popover[39m[31m[91m [33m.h3,.popover[39m[31m[91m h3[33m{[39m[31m[91mborder[33m:[39m[31m[91m0[33m;[39m[31m[91mpadding[33m:[39m[31m[91m0[33m;[39m[31m[91mmargin[33m:[39m[31m[91m0[33m;[39m[31m[91mbox-shadow[33m:[39m[31m[91m0[33m}[39m[31m[91m[33m.popover[39m[31m[91m [33m.arrow[39m[31m[91m[33m{[39m[31m[91mposition[33m:[39m[31m[91mabsolute[33m;[39m[31m[91mdisplay[33m:[39m[31m[91mblock[33m;[39m[31m[91mwidth[33m:[39m[31m[91m8px[33m;[39m[31m[91mheight[33m:[39m[31m[91m14px[33m;[39m[31m[91mmargin[33m:[39m[31m[91m0[33m;[39m[31m[91mbackground[33m:[39m[31m[91m0 0[33m}[39m[31m[91m[33m.popover[39m[31m[91m [33m.arrow[39m[31m[91m[33m:[39m[31m[91m[33m:[39m[31m[91mafter,.popover [[39m[22m[1m[31m33m.arrow[39m[31m[91m[33m:[39m[31m[91m[33m:[39m[31m[91mbefore[33m{[39m[31m[91mposition[33m:[39m[31m[91mabsolute[33m;[39m[31m[91mdisplay[33m:[39m[31m[91mblock[33m;[39m[31m[91mcontent[33m:[39m[31m[91m[32m""[39m[31m[91m[33m}[39m[31m[91m[33m.bs-popover-auto[39m[31m[91m[33m[[39m[31m[91mx-placement^=top[33m][39m[31m[91m,.bs-popover-top[33m{[39m[31m[91mmargin-bottom[33m:[39m[31m[91m14px[33m}[39m[31m[91m[33m.bs-popover-auto[39m[31m[91m[33m[[39m[31m[91mx-placement^=top[33m][39m[31m[91m>.arrow,.bs-popover-top>.arrow[33m{[39m[31m[91mbottom[33m:[39m[31m[91m-14px[33m}[39m[31m[91m[33m.bs-popover-auto[39m[31m[91m[33m[[39m[31m[91mx-placement^=top[33m][39m[31m[91m>.arrow[33m:[39m[31m[91m[33m:[39m[31m[91mafter,.bs-popover-top>.arrow[33m:[39m[31m[91m[33m:[39m[31m[91mafter[33m{[39m[31m[91mcontent[33m:[39m[31m[91m[32m'\25bc'[39m[31m[91m[33m}[39m[31m[91m[33m.bs-popover-auto[39m[31m[91m[33m[[39m[31m[91mx-placement^=right[33m][39m[31m[91m,.bs-popover-right[33m{[39m[31m[91mmargin-left[33m:[39m[31m[91m8px[33m}[39m[31m[91m[33m.bs-popover-auto[39m[31m[91m[33m[[39m[31m[91mx-placement^=right[33m][39m[31m[91m>.arrow,.bs-popover-right>.arrow[33m{[39m[31m[91mleft[33m:[39m[31m[91m-8px[33m;[39m[31m[91mwidth[33m:[39m[31m[91m8px[33m;[39m[31m[91mheight[33m:[39m[31m[91m14px[33m;[39m[31m[91mmargin[33m:[39m[31m[91m0[33m}[39m[31m[91m[33m.bs-popover-auto[39m[31m[91m[33m[[39m[31m[91mx-placement^=right[33m][39m[31m[91m>.arrow[33m:[39m[31m[91m[33m:[39m[31m[91mafter,.bs-popover-right>.arrow[33m:[39m[31m[91m[33m:[39m[31m[91mafter[33m{[39m[31m[91mcontent[33m:[39m[31m[91m[32m'\25c4'[39m[31m[91m[33m;[39m[31m[91mleft[33m:[39m[31m[91m0[33m}[39m[31m[91m[33m.bs-popover-auto[39m[31m[91m[33m[[39m[31m[91mx-placement^=bottom[33m][39m[31m[91m,.bs-popover-bottom[33m{[39m[31m[91mmargin-top[33m:[39m[31m[91m14px[33m}[39m[31m[91m[33m.bs-popover-auto[39m[31m[91m[33m[[39m[31m[91mx-placement^=bottom[33m][39m[31m[91m>.arrow,.bs-popover-bottom>.arrow[33m{[39m[31m[91mtop[33m:[39m[31m[91m-14px[33m}[39m[31m[91m[33m.bs-popover-auto[39m[31m[91m[33m[[39m[31m[91mx-placement^=bottom[33m][39m[31m[91m>.arrow[33m:[39m[31m[91m[39m[22m[1m[31m[33m:[39m[31m[91mafter,.bs-popover-bottom>.arrow[33m:[39m[31m[91m[33m:[39m[31m[91mafter[33m{[39m[31m[91mcontent[33m:[39m[31m[91m[32m'\25b2'[39m[31m[91m[33m}[39m[31m[91m[33m.bs-popover-auto[39m[31m[91m[33m[[39m[31m[91mx-placement^=bottom[33m][39m[31m[91m [33m.popover-header[39m[31m[91m[33m:[39m[31m[91m[33m:[39m[31m[91mbefore,.bs-popover-bottom [33m.popover-header[39m[31m[91m[33m:[39m[31m[91m[33m:[39m[31m[91mbefore[33m{[39m[31m[91mposition[33m:[39m[31m[91mabsolute[33m;[39m[31m[91mtop[33m:[39m[31m[91m0[33m;[39m[31m[91mleft[33m:[39m[31m[91m50%[33m;[39m[31m[91mdisplay[33m:[39m[31m[91mblock[33m;[39m[31m[91mwidth[33m:[39m[31m[91m8px[33m;[39m[31m[91mmargin-left[33m:[39m[31m[91m-4px[33m;[39m[31m[91mcontent[33m:[39m[31m[91m[32m""[39m[31m[91m[33m}[39m[31m[91m[33m.bs-popover-auto[39m[31m[91m[33m[[39m[31m[91mx-placement^=left[33m][39m[31m[91m,.bs-popover-left[33m{[39m[31m[91mmargin-right[33m:[39m[31m[91m8px[33m}[39m[31m[91m[33m.bs-popover-auto[39m[31m[91m[33m[[39m[31m[91mx-placement^=left[33m][39m[31m[91m>.arrow,.bs-popover-left>.arrow[33m{[39m[31m[91mright[33m:[39m[31m[91m-8px[33m;[39m[31m[91mwidth[33m:[39m[31m[91m8px[33m;[39m[31m[91mheight[33m:[39m[31m[91m14px[33m;[39m[31m[91mmargin[33m:[39m[31m[91m0[33m}[39m[31m[91m[33m.bs-popover-auto[39m[31m[91m[33m[[39m[31m[91mx-placement^=left[33m][39m[31m[91m>.arrow[33m:[39m[31m[91m[33m:[39m[31m[91mafter,.bs-popover-left>.arrow[33m:[39m[31m[91m[33m:[39m[31m[91mafter[33m{[39m[31m[91mcontent[33m:[39m[31m[91m[32m'\25ba'[39m[31m[91m[33m;[39m[31m[91mright[33m:[39m[31m[91m0[33m}[39m[31m[91m[33m.popover-header[39m[31m[91m[33m{[39m[31m[91mpadding[33m:[39m[31m[91m0 8px[33m;[39m[31m[91mmargin-bottom[33m:[39m[31m[91m0[33m;[39m[31m[91mfont-size[33m:[39m[31m[91m16px[33m;[39m[31m[91mcolor[33m:[39m[31m[91m[35m#fff[39m[31m[91m[33m;[39m[31m[91mbackground-color[33m:[39m[31m[91m[35m#a0a[39m[31m[91m[33m}[39m[31m[91m[33m.popover-header[39m[31m[91m[33m:[39m[31m[91mempty[33m{[39m[31m[91mdisplay[33m:[39m[31m[91mnone[33m}[39m[31m[91m[33m.popover-body[39m[31m[91m[33m{[39m[31m[91mpadding[33m:[39m[31m[91m0 8px[33m;[39m[31m[91mcolor[33m:[39m[31m[91m[[39m[22m[1m[31m35m#000[39m[31m[91m[33m}[39m[31m[91m[33m.carousel[39m[31m[91m[33m{[39m[31m[91mposition[33m:[39m[31m[91mrelative[33m}[39m[31m[91m[33m.carousel.pointer-event[39m[31m[91m[33m{[39m[31m[91m-ms-touch-action[33m:[39m[31m[91mpan-y[33m;[39m[31m[91mtouch-action[33m:[39m[31m[91mpan-y[33m}[39m[31m[91m[33m.carousel-inner[39m[31m[91m[33m{[39m[31m[91mposition[33m:[39m[31m[91mrelative[33m;[39m[31m[91mwidth[33m:[39m[31m[91m100%[33m;[39m[31m[91moverflow[33m:[39m[31m[91mhidden[33m}[39m[31m[91m[33m.carousel-inner[39m[31m[91m[33m:[39m[31m[91m[33m:[39m[31m[91mafter[33m{[39m[31m[91mdisplay[33m:[39m[31m[91mblock[33m;[39m[31m[91mclear[33m:[39m[31m[91mboth[33m;[39m[31m[91mcontent[33m:[39m[31m[91m[32m""[39m[31m[91m[33m}[39m[31m[91m[33m.carousel-item[39m[31m[91m[33m{[39m[31m[91mposition[33m:[39m[31m[91mrelative[33m;[39m[31m[91mdisplay[33m:[39m[31m[91mnone[33m;[39m[31m[91mfloat[33m:[39m[31m[91mleft[33m;[39m[31m[91mwidth[33m:[39m[31m[91m100%[33m;[39m[31m[91mmargin-right[33m:[39m[31m[91m-100%[33m;[39m[31m[91m-webkit-backface-visibility[33m:[39m[31m[91mhidden[33m;[39m[31m[91mbackface-visibility[33m:[39m[31m[91mhidden[33m}[39m[31m[91m[33m.carousel-item-next,.carousel-item-prev,.carousel-item.active[39m[31m[91m[33m{[39m[31m[91mdisplay[33m:[39m[31m[91mblock[33m}[39m[31m[91m[33m.active.carousel-item-right,.carousel-item-next[39m[31m[91m[33m:[39m[31m[91m[36mnot[39m[31m[91m[36m(.carousel-item-left)[39m[31m[91m[33m{[39m[31m[91m-webkit-transform[33m:[39m[31m[91m[36mtranslateX[39m[31m[91m[36m(100%)[39m[31m[91m[33m;[39m[31m[91mtransform[33m:[39m[31m[91m[36mtranslateX[39m[31m[91m[36m(100%)[39m[31m[91m[33m}[39m[31m[91m[33m.active.carousel-item-left,.carousel-item-prev[39m[31m[91m[33m:[39m[31m[91m[36mnot[39m[31m[91m[36m(.carousel-item-right)[39m[31m[91m[33m{[39m[31m[91m-webkit-transform[33m:[39m[31m[91m[36mtranslateX[39m[31m[91m[36m(-100%)[39m[31m[91m[33m;[39m[31m[91mtransform[33m:[39m[31m[91m[36mtranslateX[39m[31m[91m[36m(-100%)[39m[31m[91m[33m}[39m[31m[91m[33m.carousel-fade[39m[31m[91m [33m.carousel-item[39m[31m[91m[33m{[39m[31m[91mopacity[33m:[39m[31m[91m0[33m;[39m[31m[91mtransition-prope[39m[22m[1m[31mrty[33m:[39m[31m[91mopacity[33m;[39m[31m[91m-webkit-transform[33m:[39m[31m[91mnone[33m;[39m[31m[91mtransform[33m:[39m[31m[91mnone[33m}[39m[31m[91m[33m.carousel-fade[39m[31m[91m [33m.carousel-item-next.carousel-item-left,.carousel-fade[39m[31m[91m [33m.carousel-item-prev.carousel-item-right,.carousel-fade[39m[31m[91m [33m.carousel-item.active[39m[31m[91m[33m{[39m[31m[91mz-index[33m:[39m[31m[91m1[33m;[39m[31m[91mopacity[33m:[39m[31m[91m1[33m}[39m[31m[91m[33m.carousel-fade[39m[31m[91m [33m.active.carousel-item-left,.carousel-fade[39m[31m[91m [33m.active.carousel-item-right[39m[31m[91m[33m{[39m[31m[91mz-index[33m:[39m[31m[91m0[33m;[39m[31m[91mopacity[33m:[39m[31m[91m0[33m}[39m[31m[91m[33m.carousel-control-next,.carousel-control-prev[39m[31m[91m[33m{[39m[31m[91mposition[33m:[39m[31m[91mabsolute[33m;[39m[31m[91mtop[33m:[39m[31m[91m0[33m;[39m[31m[91mbottom[33m:[39m[31m[91m0[33m;[39m[31m[91mz-index[33m:[39m[31m[91m1[33m;[39m[31m[91mdisplay[33m:[39m[31m[91m-ms-flexbox[33m;[39m[31m[91mdisplay[33m:[39m[31m[91mflex[33m;[39m[31m[91m-ms-flex-align[33m:[39m[31m[91mcenter[33m;[39m[31m[91malign-items[33m:[39m[31m[91mcenter[33m;[39m[31m[91m-ms-flex-pack[33m:[39m[31m[91mcenter[33m;[39m[31m[91mjustify-content[33m:[39m[31m[91mcenter[33m;[39m[31m[91mwidth[33m:[39m[31m[91m15%[33m;[39m[31m[91mcolor[33m:[39m[31m[91m[35m#fff[39m[31m[91m[33m;[39m[31m[91mtext-align[33m:[39m[31m[91mcenter[33m;[39m[31m[91mopacity[33m:[39m[31m[91m[33m.5[39m[31m[91m[33m}[39m[31m[91m[33m.carousel-control-next[39m[31m[91m[33m:[39m[31m[91mfocus,.carousel-control-next[33m:[39m[31m[91mhover,.carousel-control-prev[33m:[39m[31m[91mfocus,.carousel-control-prev[33m:[39m[31m[91mhover[33m{[39m[31m[91mcolor[33m:[39m[31m[91m[35m#fff[39m[31m[91m[33m;[39m[31m[91mtext-decoration[33m:[39m[31m[91mnone[33m;[39m[31m[91moutline[33m:[39m[31m[91m0[33m;[39m[31m[91mopacity[33m:[39m[31m[91m[33m.9[39m[31m[91m[33m}[39m[31m[91m[33m.carousel-control-prev[39m[31m[91m[33m{[39m[31m[91mleft[33m:[39m[31m[91m0[33m}[39m[31m[91m[33m.carousel-control-next[39m[31m[91m[33m{[39m[31m[91mright[33m:[39m[31m[91m0[33m}[39m[31m[91m[33m.c[39m[22m[1m[31marousel-control-next-icon,.carousel-control-prev-icon[39m[31m[91m[33m{[39m[31m[91mdisplay[33m:[39m[31m[91minline-block[33m;[39m[31m[91mwidth[33m:[39m[31m[91m20px[33m;[39m[31m[91mheight[33m:[39m[31m[91m20px[33m;[39m[31m[91mbackground[33m:[39m[31m[91mno-repeat 50%/100% 100%[33m}[39m[31m[91m[33m.carousel-indicators[39m[31m[91m[33m{[39m[31m[91mposition[33m:[39m[31m[91mabsolute[33m;[39m[31m[91mright[33m:[39m[31m[91m0[33m;[39m[31m[91mbottom[33m:[39m[31m[91m0[33m;[39m[31m[91mleft[33m:[39m[31m[91m0[33m;[39m[31m[91mz-index[33m:[39m[31m[91m15[33m;[39m[31m[91mdisplay[33m:[39m[31m[91m-ms-flexbox[33m;[39m[31m[91mdisplay[33m:[39m[31m[91mflex[33m;[39m[31m[91m-ms-flex-pack[33m:[39m[31m[91mcenter[33m;[39m[31m[91mjustify-content[33m:[39m[31m[91mcenter[33m;[39m[31m[91mpadding-left[33m:[39m[31m[91m0[33m;[39m[31m[91mmargin-right[33m:[39m[31m[91m15%[33m;[39m[31m[91mmargin-left[33m:[39m[31m[91m15%[33m;[39m[31m[91mlist-style[33m:[39m[31m[91mnone[33m}[39m[31m[91m[33m.carousel-indicators[39m[31m[91m li[33m{[39m[31m[91mbox-sizing[33m:[39m[31m[91mcontent-box[33m;[39m[31m[91m-ms-flex[33m:[39m[31m[91m0 1 auto[33m;[39m[31m[91mflex[33m:[39m[31m[91m0 1 auto[33m;[39m[31m[91mwidth[33m:[39m[31m[91m30px[33m;[39m[31m[91mheight[33m:[39m[31m[91m3px[33m;[39m[31m[91mmargin-right[33m:[39m[31m[91m3px[33m;[39m[31m[91mmargin-left[33m:[39m[31m[91m3px[33m;[39m[31m[91mtext-indent[33m:[39m[31m[91m-999px[33m;[39m[31m[91mcursor[33m:[39m[31m[91mpointer[33m;[39m[31m[91mbackground-color[33m:[39m[31m[91m[35m#fff[39m[31m[91m[33m;[39m[31m[91mbackground-clip[33m:[39m[31m[91mpadding-box[33m;[39m[31m[91mborder-top[33m:[39m[31m[91m10px solid transparent[33m;[39m[31m[91mborder-bottom[33m:[39m[31m[91m10px solid transparent[33m;[39m[31m[91mopacity[33m:[39m[31m[91m[33m.5[39m[31m[91m[33m}[39m[31m[91m[33m.carousel-indicators[39m[31m[91m [33m.active[39m[31m[91m[33m{[39m[31m[91mopacity[33m:[39m[31m[91m1[33m}[39m[31m[91m[33m.carousel-caption[39m[31m[91m[33m{[39m[31m[91mposition[33m:[39m[31m[91mabsolute[33m;[39m[31m[91mright[33m:[39m[31m[91m15%[33m;[39m[31m[91mbottom[33m:[39m[31m[91m20px[33m;[39m[31m[91mleft[33m:[39m[31m[39m[22m[1m[31m[91m15%[33m;[39m[31m[91mz-index[33m:[39m[31m[91m10[33m;[39m[31m[91mpadding-top[33m:[39m[31m[91m20px[33m;[39m[31m[91mpadding-bottom[33m:[39m[31m[91m20px[33m;[39m[31m[91mcolor[33m:[39m[31m[91m[35m#fff[39m[31m[91m[33m;[39m[31m[91mtext-align[33m:[39m[31m[91mcenter[33m}[39m[31m[91m[36m@-webkit-keyframes[39m[31m[91m spinner-border[33m{[39m[31m[91mto[33m{[39m[31m[91m-webkit-transform[33m:[39m[31m[91m[36mrotate[39m[31m[91m[36m(360deg)[39m[31m[91m[33m;[39m[31m[91mtransform[33m:[39m[31m[91m[36mrotate[39m[31m[91m[36m(360deg)[39m[31m[91m[33m}[39m[31m[91m[33m}[39m[31m[91m[36m@keyframes[39m[31m[91m spinner-border[33m{[39m[31m[91mto[33m{[39m[31m[91m-webkit-transform[33m:[39m[31m[91m[36mrotate[39m[31m[91m[36m(360deg)[39m[31m[91m[33m;[39m[31m[91mtransform[33m:[39m[31m[91m[36mrotate[39m[31m[91m[36m(360deg)[39m[31m[91m[33m}[39m[31m[91m[33m}[39m[31m[91m[33m.spinner-border[39m[31m[91m[33m{[39m[31m[91mdisplay[33m:[39m[31m[91minline-block[33m;[39m[31m[91mwidth[33m:[39m[31m[91m2rem[33m;[39m[31m[91mheight[33m:[39m[31m[91m2rem[33m;[39m[31m[91mvertical-align[33m:[39m[31m[91mtext-bottom[33m;[39m[31m[91mborder[33m:[39m[31m[91m[33m.25em[39m[31m[91m solid currentColor[33m;[39m[31m[91mborder-right-color[33m:[39m[31m[91mtransparent[33m;[39m[31m[91mborder-radius[33m:[39m[31m[91m50%[33m;[39m[31m[91m-webkit-animation[33m:[39m[31m[91mspinner-border [33m.75s[39m[31m[91m linear infinite[33m;[39m[31m[91manimation[33m:[39m[31m[91mspinner-border [33m.75s[39m[31m[91m linear infinite[33m}[39m[31m[91m[33m.spinner-border-sm[39m[31m[91m[33m{[39m[31m[91mwidth[33m:[39m[31m[91m1rem[33m;[39m[31m[91mheight[33m:[39m[31m[91m1rem[33m;[39m[31m[91mborder-width[33m:[39m[31m[91m[33m.2em[39m[31m[91m[33m}[39m[31m[91m[36m@-webkit-keyframes[39m[31m[91m spinner-grow[33m{[39m[31m[91m0%[33m{[39m[31m[91m-webkit-transform[33m:[39m[31m[91m[36mscale[39m[31m[91m[36m(0)[39m[31m[91m[33m;[39m[31m[91mtransform[33m:[39m[31m[91m[36mscale[39m[31m[91m[36m(0)[39m[31m[91m[33m}[39m[31m[91m50%[33m{[39m[31m[91mopacity[33m:[39m[31m[91m1[33m}[39m[31m[91m[33m}[39m[31m[91m[36m@keyframes[39m[31m[91m spinner-grow[33m{[39m[31m[91m0%[33m[39m[22m[1m[31m{[39m[31m[91m-webkit-transform[33m:[39m[31m[91m[36mscale[39m[31m[91m[36m(0)[39m[31m[91m[33m;[39m[31m[91mtransform[33m:[39m[31m[91m[36mscale[39m[31m[91m[36m(0)[39m[31m[91m[33m}[39m[31m[91m50%[33m{[39m[31m[91mopacity[33m:[39m[31m[91m1[33m}[39m[31m[91m[33m}[39m[31m[91m[33m.spinner-grow[39m[31m[91m[33m{[39m[31m[91mdisplay[33m:[39m[31m[91minline-block[33m;[39m[31m[91mwidth[33m:[39m[31m[91m2rem[33m;[39m[31m[91mheight[33m:[39m[31m[91m2rem[33m;[39m[31m[91mvertical-align[33m:[39m[31m[91mtext-bottom[33m;[39m[31m[91mbackground-color[33m:[39m[31m[91mcurrentColor[33m;[39m[31m[91mborder-radius[33m:[39m[31m[91m50%[33m;[39m[31m[91mopacity[33m:[39m[31m[91m0[33m;[39m[31m[91m-webkit-animation[33m:[39m[31m[91mspinner-grow [33m.75s[39m[31m[91m linear infinite[33m;[39m[31m[91manimation[33m:[39m[31m[91mspinner-grow [33m.75s[39m[31m[91m linear infinite[33m}[39m[31m[91m[33m.spinner-grow-sm[39m[31m[91m[33m{[39m[31m[91mwidth[33m:[39m[31m[91m1rem[33m;[39m[31m[91mheight[33m:[39m[31m[91m1rem[33m}[39m[31m[91m[33m.bootstra-cursor[39m[31m[91m[33m{[39m[31m[91mmix-blend-mode[33m:[39m[31m[91mdifference[33m;[39m[31m[91mposition[33m:[39m[31m[91mabsolute[33m;[39m[31m[91mbackground-color[33m:[39m[31m[91m[35m#cbd448[39m[31m[91m[33m;[39m[31m[91mpointer-events[33m:[39m[31m[91mnone[33m;[39m[31m[91mwidth[33m:[39m[31m[91m8px[33m;[39m[31m[91mheight[33m:[39m[31m[91m14px[33m;[39m[31m[91mz-index[33m:[39m[31m[91m20000[33m}[39m[31m[91m[33m.bootstra-enable-cursor[39m[31m[91m *,body.bootstra-enable-cursor[33m{[39m[31m[91mcursor[33m:[39m[31m[91mnone!important[33m}[39m[31m[91m[33m:[39m[31m[91m[33m:[39m[31m[91m-webkit-scrollbar[33m{[39m[31m[91mwidth[33m:[39m[31m[91m8px[33m;[39m[31m[91mbackground[33m:[39m[31m[91m[35m#000[39m[31m[91m[33m}[39m[31m[91m[33m:[39m[31m[91m[33m:[39m[31m[91m-webkit-scrollbar-thumb[33m{[39m[31m[91mbackground[33m:[39m[31m[91m[35m#000[39m[31m[91m[33m}[39m[31m[91m[33m:[39m[31m[91m[33m:[39m[31m[91m-webkit-scrollbar-track[33m{[39m[31m[91mbackground[33m:[39m[31m[91m[36murl[39m[31m[91m[36m(../fonts/shade-50-grayLight.svg)[39m[31m[91m repeat[33m}[39m[31m[91m[33m:[39m[31m[91m[33m:[39m[31m[91m[39m[22m[1m[31m-webkit-scrollbar-button[33m:[39m[31m[91mvertical[33m:[39m[31m[91mdecrement[33m{[39m[31m[91mbackground[33m:[39m[31m[91m[36murl[39m[31m[91m[36m(../fonts/arrow-up-black.svg)[39m[31m[91m no-repeat[33m;[39m[31m[91mbackground-color[33m:[39m[31m[91m[35m#bbb[39m[31m[91m[33m}[39m[31m[91m[33m:[39m[31m[91m[33m:[39m[31m[91m-webkit-scrollbar-button[33m:[39m[31m[91mvertical[33m:[39m[31m[91mincrement[33m{[39m[31m[91mbackground[33m:[39m[31m[91m[36murl[39m[31m[91m[36m(../fonts/arrow-down-black.svg)[39m[31m[91m no-repeat[33m;[39m[31m[91mbackground-color[33m:[39m[31m[91m[35m#bbb[39m[31m[91m[33m}[39m[31m[91m[33m.align-baseline[39m[31m[91m[33m{[39m[31m[91mvertical-align[33m:[39m[31m[91mbaseline!important[33m}[39m[31m[91m[33m.align-top[39m[31m[91m[33m{[39m[31m[91mvertical-align[33m:[39m[31m[91mtop!important[33m}[39m[31m[91m[33m.align-middle[39m[31m[91m[33m{[39m[31m[91mvertical-align[33m:[39m[31m[91mmiddle!important[33m}[39m[31m[91m[33m.align-bottom[39m[31m[91m[33m{[39m[31m[91mvertical-align[33m:[39m[31m[91mbottom!important[33m}[39m[31m[91m[33m.align-text-bottom[39m[31m[91m[33m{[39m[31m[91mvertical-align[33m:[39m[31m[91mtext-bottom!important[33m}[39m[31m[91m[33m.align-text-top[39m[31m[91m[33m{[39m[31m[91mvertical-align[33m:[39m[31m[91mtext-top!important[33m}[39m[31m[91m[33m.bg-primary[39m[31m[91m[33m{[39m[31m[91mbackground-color[33m:[39m[31m[91m[35m#bbb[39m[31m[91m!important[33m}[39m[31m[91ma.bg-primary[33m:[39m[31m[91mfocus,a.bg-primary[33m:[39m[31m[91mhover,button.bg-primary[33m:[39m[31m[91mfocus,button.bg-primary[33m:[39m[31m[91mhover[33m{[39m[31m[91mbackground-color[33m:[39m[31m[91m[35m#bbb[39m[31m[91m!important[33m}[39m[31m[91m[33m.bg-secondary[39m[31m[91m[33m{[39m[31m[91mbackground-color[33m:[39m[31m[91m[35m#bbb[39m[31m[91m!important[33m}[39m[31m[91ma.bg-secondary[33m:[39m[31m[91mfocus,a.bg-secondary[33m:[39m[31m[91mhover,button.bg-secondary[33m:[39m[31m[91mfocus,button.bg-secondary[33m:[39m[31m[91mhover[33m{[39m[31m[91mbackground-color[33m:[39m[31m[91m[35m#bbb[39m[31m[91m!important[33m}[39m[31m[91m[33m.bg-success[39m[31m[91m[33m{[39m[31m[91mbackground-c[39m[22m[1m[31molor[33m:[39m[31m[91m[35m#0a0[39m[31m[91m!important[33m}[39m[31m[91ma.bg-success[33m:[39m[31m[91mfocus,a.bg-success[33m:[39m[31m[91mhover,button.bg-success[33m:[39m[31m[91mfocus,button.bg-success[33m:[39m[31m[91mhover[33m{[39m[31m[91mbackground-color[33m:[39m[31m[91m[35m#0a0[39m[31m[91m!important[33m}[39m[31m[91m[33m.bg-info[39m[31m[91m[33m{[39m[31m[91mbackground-color[33m:[39m[31m[91m[35m#0aa[39m[31m[91m!important[33m}[39m[31m[91ma.bg-info[33m:[39m[31m[91mfocus,a.bg-info[33m:[39m[31m[91mhover,button.bg-info[33m:[39m[31m[91mfocus,button.bg-info[33m:[39m[31m[91mhover[33m{[39m[31m[91mbackground-color[33m:[39m[31m[91m[35m#0aa[39m[31m[91m!important[33m}[39m[31m[91m[33m.bg-warning[39m[31m[91m[33m{[39m[31m[91mbackground-color[33m:[39m[31m[91m[35m#a50[39m[31m[91m!important[33m}[39m[31m[91ma.bg-warning[33m:[39m[31m[91mfocus,a.bg-warning[33m:[39m[31m[91mhover,button.bg-warning[33m:[39m[31m[91mfocus,button.bg-warning[33m:[39m[31m[91mhover[33m{[39m[31m[91mbackground-color[33m:[39m[31m[91m[35m#a50[39m[31m[91m!important[33m}[39m[31m[91m[33m.bg-danger[39m[31m[91m[33m{[39m[31m[91mbackground-color[33m:[39m[31m[91m[35m#a00[39m[31m[91m!important[33m}[39m[31m[91ma.bg-danger[33m:[39m[31m[91mfocus,a.bg-danger[33m:[39m[31m[91mhover,button.bg-danger[33m:[39m[31m[91mfocus,button.bg-danger[33m:[39m[31m[91mhover[33m{[39m[31m[91mbackground-color[33m:[39m[31m[91m[35m#a00[39m[31m[91m!important[33m}[39m[31m[91m[33m.bg-light[39m[31m[91m[33m{[39m[31m[91mbackground-color[33m:[39m[31m[91m[35m#fff[39m[31m[91m!important[33m}[39m[31m[91ma.bg-light[33m:[39m[31m[91mfocus,a.bg-light[33m:[39m[31m[91mhover,button.bg-light[33m:[39m[31m[91mfocus,button.bg-light[33m:[39m[31m[91mhover[33m{[39m[31m[91mbackground-color[33m:[39m[31m[91m[35m#fff[39m[31m[91m!important[33m}[39m[31m[91m[33m.bg-dark[39m[31m[91m[33m{[39m[31m[91mbackground-color[33m:[39m[31m[91m[35m#000[39m[31m[91m!important[33m}[39m[31m[91ma.bg-dark[33m:[39m[31m[91mfocus,a.bg-dark[33m:[39m[31m[91mhover,button.bg-dark[33m:[39m[31m[91mfocus,button.bg-dark[33m:[39m[31m[91mhover[33m{[39m[31m[91mbackground-color[33m:[39m[31m[91m[[39m[22m[1m[31m35m#000[39m[31m[91m!important[33m}[39m[31m[91m[33m.bg-white[39m[31m[91m[33m{[39m[31m[91mbackground-color[33m:[39m[31m[91m[35m#bbb[39m[31m[91m!important[33m}[39m[31m[91m[33m.bg-transparent[39m[31m[91m[33m{[39m[31m[91mbackground-color[33m:[39m[31m[91mtransparent!important[33m}[39m[31m[91m[33m.border,.border-0[39m[31m[91m[33m{[39m[31m[91mborder[33m:[39m[31m[91m0!important[33m}[39m[31m[91m[33m.border-top,.border-top-0[39m[31m[91m[33m{[39m[31m[91mborder-top[33m:[39m[31m[91m0!important[33m}[39m[31m[91m[33m.border-right,.border-right-0[39m[31m[91m[33m{[39m[31m[91mborder-right[33m:[39m[31m[91m0!important[33m}[39m[31m[91m[33m.border-bottom,.border-bottom-0[39m[31m[91m[33m{[39m[31m[91mborder-bottom[33m:[39m[31m[91m0!important[33m}[39m[31m[91m[33m.border-left,.border-left-0[39m[31m[91m[33m{[39m[31m[91mborder-left[33m:[39m[31m[91m0!important[33m}[39m[31m[91m[33m.border-primary[39m[31m[91m[33m{[39m[31m[91mborder-color[33m:[39m[31m[91m[35m#bbb[39m[31m[91m!important[33m}[39m[31m[91m[33m.border-secondary[39m[31m[91m[33m{[39m[31m[91mborder-color[33m:[39m[31m[91m[35m#bbb[39m[31m[91m!important[33m}[39m[31m[91m[33m.border-success[39m[31m[91m[33m{[39m[31m[91mborder-color[33m:[39m[31m[91m[35m#0a0[39m[31m[91m!important[33m}[39m[31m[91m[33m.border-info[39m[31m[91m[33m{[39m[31m[91mborder-color[33m:[39m[31m[91m[35m#0aa[39m[31m[91m!important[33m}[39m[31m[91m[33m.border-warning[39m[31m[91m[33m{[39m[31m[91mborder-color[33m:[39m[31m[91m[35m#a50[39m[31m[91m!important[33m}[39m[31m[91m[33m.border-danger[39m[31m[91m[33m{[39m[31m[91mborder-color[33m:[39m[31m[91m[35m#a00[39m[31m[91m!important[33m}[39m[31m[91m[33m.border-light[39m[31m[91m[33m{[39m[31m[91mborder-color[33m:[39m[31m[91m[35m#fff[39m[31m[91m!important[33m}[39m[31m[91m[33m.border-dark[39m[31m[91m[33m{[39m[31m[91mborder-color[33m:[39m[31m[91m[35m#000[39m[31m[91m!important[33m}[39m[31m[91m[33m.rounded[39m[31m[91m[33m{[39m[31m[91mborder-radius[33m:[39m[31m[91m0!important[33m}[39m[31m[91m[33m.clearfix[39m[31m[91m[33m:[39m[31m[91m[33m:[39m[31m[91mafter[33m{[39m[31m[91mdisplay[33m:[39m[31m[91mblock[33m;[39m[31m[91mclear[33m:[[39m[22m[1m[31m39m[91mboth[33m;[39m[31m[91mcontent[33m:[39m[31m[91m[32m""[39m[31m[91m[33m}[39m[31m[91m[33m.d-none[39m[31m[91m[33m{[39m[31m[91mdisplay[33m:[39m[31m[91mnone!important[33m}[39m[31m[91m[33m.d-inline[39m[31m[91m[33m{[39m[31m[91mdisplay[33m:[39m[31m[91minline!important[33m}[39m[31m[91m[33m.d-inline-block[39m[31m[91m[33m{[39m[31m[91mdisplay[33m:[39m[31m[91minline-block!important[33m}[39m[31m[91m[33m.d-block[39m[31m[91m[33m{[39m[31m[91mdisplay[33m:[39m[31m[91mblock!important[33m}[39m[31m[91m[33m.d-table[39m[31m[91m[33m{[39m[31m[91mdisplay[33m:[39m[31m[91mtable!important[33m}[39m[31m[91m[33m.d-table-row[39m[31m[91m[33m{[39m[31m[91mdisplay[33m:[39m[31m[91mtable-row!important[33m}[39m[31m[91m[33m.d-table-cell[39m[31m[91m[33m{[39m[31m[91mdisplay[33m:[39m[31m[91mtable-cell!important[33m}[39m[31m[91m[33m.d-flex[39m[31m[91m[33m{[39m[31m[91mdisplay[33m:[39m[31m[91m-ms-flexbox!important[33m;[39m[31m[91mdisplay[33m:[39m[31m[91mflex!important[33m}[39m[31m[91m[33m.d-inline-flex[39m[31m[91m[33m{[39m[31m[91mdisplay[33m:[39m[31m[91m-ms-inline-flexbox!important[33m;[39m[31m[91mdisplay[33m:[39m[31m[91minline-flex!important[33m}[39m[31m[91m[36m@media[39m[31m[91m[36m [39m[31m[91m[36m(min-width:576px)[39m[31m[91m[33m{[39m[31m[91m[33m.d-sm-none[39m[31m[91m[33m{[39m[31m[91mdisplay[33m:[39m[31m[91mnone!important[33m}[39m[31m[91m[33m.d-sm-inline[39m[31m[91m[33m{[39m[31m[91mdisplay[33m:[39m[31m[91minline!important[33m}[39m[31m[91m[33m.d-sm-inline-block[39m[31m[91m[33m{[39m[31m[91mdisplay[33m:[39m[31m[91minline-block!important[33m}[39m[31m[91m[33m.d-sm-block[39m[31m[91m[33m{[39m[31m[91mdisplay[33m:[39m[31m[91mblock!important[33m}[39m[31m[91m[33m.d-sm-table[39m[31m[91m[33m{[39m[31m[91mdisplay[33m:[39m[31m[91mtable!important[33m}[39m[31m[91m[33m.d-sm-table-row[39m[31m[91m[33m{[39m[31m[91mdisplay[33m:[39m[31m[91mtable-row!important[33m}[39m[31m[91m[33m.d-sm-table-cell[39m[31m[91m[33m{[39m[31m[91mdisplay[33m:[39m[31m[91mtable-cell!important[33m}[39m[31m[91m[33m.d-sm-flex[39m[31m[91m[33m{[39m[31m[91mdisplay[33m:[39m[31m[91m-ms-flexbox!important[33m;[39m[31m[91mdisplay[33m:[39m[31m[[39m[22m[1m[31m91mflex!important[33m}[39m[31m[91m[33m.d-sm-inline-flex[39m[31m[91m[33m{[39m[31m[91mdisplay[33m:[39m[31m[91m-ms-inline-flexbox!important[33m;[39m[31m[91mdisplay[33m:[39m[31m[91minline-flex!important[33m}[39m[31m[91m[33m}[39m[31m[91m[36m@media[39m[31m[91m[36m [39m[31m[91m[36m(min-width:768px)[39m[31m[91m[33m{[39m[31m[91m[33m.d-md-none[39m[31m[91m[33m{[39m[31m[91mdisplay[33m:[39m[31m[91mnone!important[33m}[39m[31m[91m[33m.d-md-inline[39m[31m[91m[33m{[39m[31m[91mdisplay[33m:[39m[31m[91minline!important[33m}[39m[31m[91m[33m.d-md-inline-block[39m[31m[91m[33m{[39m[31m[91mdisplay[33m:[39m[31m[91minline-block!important[33m}[39m[31m[91m[33m.d-md-block[39m[31m[91m[33m{[39m[31m[91mdisplay[33m:[39m[31m[91mblock!important[33m}[39m[31m[91m[33m.d-md-table[39m[31m[91m[33m{[39m[31m[91mdisplay[33m:[39m[31m[91mtable!important[33m}[39m[31m[91m[33m.d-md-table-row[39m[31m[91m[33m{[39m[31m[91mdisplay[33m:[39m[31m[91mtable-row!important[33m}[39m[31m[91m[33m.d-md-table-cell[39m[31m[91m[33m{[39m[31m[91mdisplay[33m:[39m[31m[91mtable-cell!important[33m}[39m[31m[91m[33m.d-md-flex[39m[31m[91m[33m{[39m[31m[91mdisplay[33m:[39m[31m[91m-ms-flexbox!important[33m;[39m[31m[91mdisplay[33m:[39m[31m[91mflex!important[33m}[39m[31m[91m[33m.d-md-inline-flex[39m[31m[91m[33m{[39m[31m[91mdisplay[33m:[39m[31m[91m-ms-inline-flexbox!important[33m;[39m[31m[91mdisplay[33m:[39m[31m[91minline-flex!important[33m}[39m[31m[91m[33m}[39m[31m[91m[36m@media[39m[31m[91m[36m [39m[31m[91m[36m(min-width:960px)[39m[31m[91m[33m{[39m[31m[91m[33m.d-lg-none[39m[31m[91m[33m{[39m[31m[91mdisplay[33m:[39m[31m[91mnone!important[33m}[39m[31m[91m[33m.d-lg-inline[39m[31m[91m[33m{[39m[31m[91mdisplay[33m:[39m[31m[91minline!important[33m}[39m[31m[91m[33m.d-lg-inline-block[39m[31m[91m[33m{[39m[31m[91mdisplay[33m:[39m[31m[91minline-block!important[33m}[39m[31m[91m[33m.d-lg-block[39m[31m[91m[33m{[39m[31m[91mdisplay[33m:[39m[31m[91mblock!important[33m}[39m[31m[91m[33m.d-lg-table[39m[31m[91m[33m{[39m[31m[91mdisplay[33m:[39m[31m[91mtable!important[33m}[39m[31m[91m[33m.d-lg-table-row[39m[31m[91m[33m{[39m[31m[91mdisplay[33m:[39[39m[22m[1m[31mm[91mtable-row!important[33m}[39m[31m[91m[33m.d-lg-table-cell[39m[31m[91m[33m{[39m[31m[91mdisplay[33m:[39m[31m[91mtable-cell!important[33m}[39m[31m[91m[33m.d-lg-flex[39m[31m[91m[33m{[39m[31m[91mdisplay[33m:[39m[31m[91m-ms-flexbox!important[33m;[39m[31m[91mdisplay[33m:[39m[31m[91mflex!important[33m}[39m[31m[91m[33m.d-lg-inline-flex[39m[31m[91m[33m{[39m[31m[91mdisplay[33m:[39m[31m[91m-ms-inline-flexbox!important[33m;[39m[31m[91mdisplay[33m:[39m[31m[91minline-flex!important[33m}[39m[31m[91m[33m}[39m[31m[91m[36m@media[39m[31m[91m[36m [39m[31m[91m[36m(min-width:1152px)[39m[31m[91m[33m{[39m[31m[91m[33m.d-xl-none[39m[31m[91m[33m{[39m[31m[91mdisplay[33m:[39m[31m[91mnone!important[33m}[39m[31m[91m[33m.d-xl-inline[39m[31m[91m[33m{[39m[31m[91mdisplay[33m:[39m[31m[91minline!important[33m}[39m[31m[91m[33m.d-xl-inline-block[39m[31m[91m[33m{[39m[31m[91mdisplay[33m:[39m[31m[91minline-block!important[33m}[39m[31m[91m[33m.d-xl-block[39m[31m[91m[33m{[39m[31m[91mdisplay[33m:[39m[31m[91mblock!important[33m}[39m[31m[91m[33m.d-xl-table[39m[31m[91m[33m{[39m[31m[91mdisplay[33m:[39m[31m[91mtable!important[33m}[39m[31m[91m[33m.d-xl-table-row[39m[31m[91m[33m{[39m[31m[91mdisplay[33m:[39m[31m[91mtable-row!important[33m}[39m[31m[91m[33m.d-xl-table-cell[39m[31m[91m[33m{[39m[31m[91mdisplay[33m:[39m[31m[91mtable-cell!important[33m}[39m[31m[91m[33m.d-xl-flex[39m[31m[91m[33m{[39m[31m[91mdisplay[33m:[39m[31m[91m-ms-flexbox!important[33m;[39m[31m[91mdisplay[33m:[39m[31m[91mflex!important[33m}[39m[31m[91m[33m.d-xl-inline-flex[39m[31m[91m[33m{[39m[31m[91mdisplay[33m:[39m[31m[91m-ms-inline-flexbox!important[33m;[39m[31m[91mdisplay[33m:[39m[31m[91minline-flex!important[33m}[39m[31m[91m[33m}[39m[31m[91m[36m@media[39m[31m[91m print[33m{[39m[31m[91m[33m.d-print-none[39m[31m[91m[33m{[39m[31m[91mdisplay[33m:[39m[31m[91mnone!important[33m}[39m[31m[91m[33m.d-print-inline[39m[31m[91m[33m{[39m[31m[91mdisplay[33m:[39m[31m[91minline!important[33m}[39m[31m[91m[33m.d-print-inline-block[39m[31m[91m[33m{[39m[31m[91mdisplay[33m:[39m[31m[91minline-block!important[33m}[39m[31m[91m[33m.d-print-block[39m[22m[1m[31m[39m[31m[91m[33m{[39m[31m[91mdisplay[33m:[39m[31m[91mblock!important[33m}[39m[31m[91m[33m.d-print-table[39m[31m[91m[33m{[39m[31m[91mdisplay[33m:[39m[31m[91mtable!important[33m}[39m[31m[91m[33m.d-print-table-row[39m[31m[91m[33m{[39m[31m[91mdisplay[33m:[39m[31m[91mtable-row!important[33m}[39m[31m[91m[33m.d-print-table-cell[39m[31m[91m[33m{[39m[31m[91mdisplay[33m:[39m[31m[91mtable-cell!important[33m}[39m[31m[91m[33m.d-print-flex[39m[31m[91m[33m{[39m[31m[91mdisplay[33m:[39m[31m[91m-ms-flexbox!important[33m;[39m[31m[91mdisplay[33m:[39m[31m[91mflex!important[33m}[39m[31m[91m[33m.d-print-inline-flex[39m[31m[91m[33m{[39m[31m[91mdisplay[33m:[39m[31m[91m-ms-inline-flexbox!important[33m;[39m[31m[91mdisplay[33m:[39m[31m[91minline-flex!important[33m}[39m[31m[91m[33m}[39m[31m[91m[33m.embed-responsive[39m[31m[91m[33m{[39m[31m[91mposition[33m:[39m[31m[91mrelative[33m;[39m[31m[91mdisplay[33m:[39m[31m[91mblock[33m;[39m[31m[91mwidth[33m:[39m[31m[91m100%[33m;[39m[31m[91mpadding[33m:[39m[31m[91m0[33m;[39m[31m[91moverflow[33m:[39m[31m[91mhidden[33m}[39m[31m[91m[33m.embed-responsive[39m[31m[91m[33m:[39m[31m[91m[33m:[39m[31m[91mbefore[33m{[39m[31m[91mdisplay[33m:[39m[31m[91mblock[33m;[39m[31m[91mcontent[33m:[39m[31m[91m[32m""[39m[31m[91m[33m}[39m[31m[91m[33m.embed-responsive[39m[31m[91m [33m.embed-responsive-item,.embed-responsive[39m[31m[91m embed,.embed-responsive iframe,.embed-responsive object,.embed-responsive video[33m{[39m[31m[91mposition[33m:[39m[31m[91mabsolute[33m;[39m[31m[91mtop[33m:[39m[31m[91m0[33m;[39m[31m[91mbottom[33m:[39m[31m[91m0[33m;[39m[31m[91mleft[33m:[39m[31m[91m0[33m;[39m[31m[91mwidth[33m:[39m[31m[91m100%[33m;[39m[31m[91mheight[33m:[39m[31m[91m100%[33m;[39m[31m[91mborder[33m:[39m[31m[91m0[33m}[39m[31m[91m[33m.embed-responsive-21by9[39m[31m[91m[33m:[39m[31m[91m[33m:[39m[31m[91mbefore[33m{[39m[31m[91mpadding-top[33m:[39m[31m[91m42.857143%[33m}[39m[31m[91m[33m.embed-responsive-16by9[39m[31m[91m[33m:[39m[31m[91m[33m:[39m[31m[91mbefore[33m{[39m[31m[91mpadding-top[33m:[39m[31m[91m56.25%[33m}[39m[31m[91m[33m.embed-responsive-4by3[39m[31m[91m[33m:[39m[31m[39m[22m[1m[31m[91m[33m:[39m[31m[91mbefore[33m{[39m[31m[91mpadding-top[33m:[39m[31m[91m75%[33m}[39m[31m[91m[33m.embed-responsive-1by1[39m[31m[91m[33m:[39m[31m[91m[33m:[39m[31m[91mbefore[33m{[39m[31m[91mpadding-top[33m:[39m[31m[91m100%[33m}[39m[31m[91m[33m.flex-row[39m[31m[91m[33m{[39m[31m[91m-ms-flex-direction[33m:[39m[31m[91mrow!important[33m;[39m[31m[91mflex-direction[33m:[39m[31m[91mrow!important[33m}[39m[31m[91m[33m.flex-column[39m[31m[91m[33m{[39m[31m[91m-ms-flex-direction[33m:[39m[31m[91mcolumn!important[33m;[39m[31m[91mflex-direction[33m:[39m[31m[91mcolumn!important[33m}[39m[31m[91m[33m.flex-row-reverse[39m[31m[91m[33m{[39m[31m[91m-ms-flex-direction[33m:[39m[31m[91mrow-reverse!important[33m;[39m[31m[91mflex-direction[33m:[39m[31m[91mrow-reverse!important[33m}[39m[31m[91m[33m.flex-column-reverse[39m[31m[91m[33m{[39m[31m[91m-ms-flex-direction[33m:[39m[31m[91mcolumn-reverse!important[33m;[39m[31m[91mflex-direction[33m:[39m[31m[91mcolumn-reverse!important[33m}[39m[31m[91m[33m.flex-wrap[39m[31m[91m[33m{[39m[31m[91m-ms-flex-wrap[33m:[39m[31m[91mwrap!important[33m;[39m[31m[91mflex-wrap[33m:[39m[31m[91mwrap!important[33m}[39m[31m[91m[33m.flex-nowrap[39m[31m[91m[33m{[39m[31m[91m-ms-flex-wrap[33m:[39m[31m[91mnowrap!important[33m;[39m[31m[91mflex-wrap[33m:[39m[31m[91mnowrap!important[33m}[39m[31m[91m[33m.flex-wrap-reverse[39m[31m[91m[33m{[39m[31m[91m-ms-flex-wrap[33m:[39m[31m[91mwrap-reverse!important[33m;[39m[31m[91mflex-wrap[33m:[39m[31m[91mwrap-reverse!important[33m}[39m[31m[91m[33m.flex-fill[39m[31m[91m[33m{[39m[31m[91m-ms-flex[33m:[39m[31m[91m1 1 auto!important[33m;[39m[31m[91mflex[33m:[39m[31m[91m1 1 auto!important[33m}[39m[31m[91m[33m.flex-grow-0[39m[31m[91m[33m{[39m[31m[91m-ms-flex-positive[33m:[39m[31m[91m0!important[33m;[39m[31m[91mflex-grow[33m:[39m[31m[91m0!important[33m}[39m[31m[91m[33m.flex-grow-1[39m[31m[91m[33m{[39m[31m[91m-ms-flex-positive[33m:[39m[31m[91m1!important[33m;[39m[31m[91mflex-grow[33m:[39m[31m[91m1!important[33m}[39m[31m[91m[33m.flex-shrink-0[39m[31m[91m[33m{[39m[31m[91m-ms-flex-negative[33m:[39m[31m[91m0!important[33m;[39m[31m[[39m[22m[1m[31m91mflex-shrink[33m:[39m[31m[91m0!important[33m}[39m[31m[91m[33m.flex-shrink-1[39m[31m[91m[33m{[39m[31m[91m-ms-flex-negative[33m:[39m[31m[91m1!important[33m;[39m[31m[91mflex-shrink[33m:[39m[31m[91m1!important[33m}[39m[31m[91m[33m.justify-content-start[39m[31m[91m[33m{[39m[31m[91m-ms-flex-pack[33m:[39m[31m[91mstart!important[33m;[39m[31m[91mjustify-content[33m:[39m[31m[91mflex-start!important[33m}[39m[31m[91m[33m.justify-content-end[39m[31m[91m[33m{[39m[31m[91m-ms-flex-pack[33m:[39m[31m[91mend!important[33m;[39m[31m[91mjustify-content[33m:[39m[31m[91mflex-end!important[33m}[39m[31m[91m[33m.justify-content-center[39m[31m[91m[33m{[39m[31m[91m-ms-flex-pack[33m:[39m[31m[91mcenter!important[33m;[39m[31m[91mjustify-content[33m:[39m[31m[91mcenter!important[33m}[39m[31m[91m[33m.justify-content-between[39m[31m[91m[33m{[39m[31m[91m-ms-flex-pack[33m:[39m[31m[91mjustify!important[33m;[39m[31m[91mjustify-content[33m:[39m[31m[91mspace-between!important[33m}[39m[31m[91m[33m.justify-content-around[39m[31m[91m[33m{[39m[31m[91m-ms-flex-pack[33m:[39m[31m[91mdistribute!important[33m;[39m[31m[91mjustify-content[33m:[39m[31m[91mspace-around!important[33m}[39m[31m[91m[33m.align-items-start[39m[31m[91m[33m{[39m[31m[91m-ms-flex-align[33m:[39m[31m[91mstart!important[33m;[39m[31m[91malign-items[33m:[39m[31m[91mflex-start!important[33m}[39m[31m[91m[33m.align-items-end[39m[31m[91m[33m{[39m[31m[91m-ms-flex-align[33m:[39m[31m[91mend!important[33m;[39m[31m[91malign-items[33m:[39m[31m[91mflex-end!important[33m}[39m[31m[91m[33m.align-items-center[39m[31m[91m[33m{[39m[31m[91m-ms-flex-align[33m:[39m[31m[91mcenter!important[33m;[39m[31m[91malign-items[33m:[39m[31m[91mcenter!important[33m}[39m[31m[91m[33m.align-items-baseline[39m[31m[91m[33m{[39m[31m[91m-ms-flex-align[33m:[39m[31m[91mbaseline!important[33m;[39m[31m[91malign-items[33m:[39m[31m[91mbaseline!important[33m}[39m[31m[91m[33m.align-items-stretch[39m[31m[91m[33m{[39m[31m[91m-ms-flex-align[33m:[39m[31m[91mstretch!important[33m;[39m[31m[91malign-items[33m:[39m[31m[91mstretch!important[33m}[39m[31m[91m[33m.align-con[39m[22m[1m[31mtent-start[39m[31m[91m[33m{[39m[31m[91m-ms-flex-line-pack[33m:[39m[31m[91mstart!important[33m;[39m[31m[91malign-content[33m:[39m[31m[91mflex-start!important[33m}[39m[31m[91m[33m.align-content-end[39m[31m[91m[33m{[39m[31m[91m-ms-flex-line-pack[33m:[39m[31m[91mend!important[33m;[39m[31m[91malign-content[33m:[39m[31m[91mflex-end!important[33m}[39m[31m[91m[33m.align-content-center[39m[31m[91m[33m{[39m[31m[91m-ms-flex-line-pack[33m:[39m[31m[91mcenter!important[33m;[39m[31m[91malign-content[33m:[39m[31m[91mcenter!important[33m}[39m[31m[91m[33m.align-content-between[39m[31m[91m[33m{[39m[31m[91m-ms-flex-line-pack[33m:[39m[31m[91mjustify!important[33m;[39m[31m[91malign-content[33m:[39m[31m[91mspace-between!important[33m}[39m[31m[91m[33m.align-content-around[39m[31m[91m[33m{[39m[31m[91m-ms-flex-line-pack[33m:[39m[31m[91mdistribute!important[33m;[39m[31m[91malign-content[33m:[39m[31m[91mspace-around!important[33m}[39m[31m[91m[33m.align-content-stretch[39m[31m[91m[33m{[39m[31m[91m-ms-flex-line-pack[33m:[39m[31m[91mstretch!important[33m;[39m[31m[91malign-content[33m:[39m[31m[91mstretch!important[33m}[39m[31m[91m[33m.align-self-auto[39m[31m[91m[33m{[39m[31m[91m-ms-flex-item-align[33m:[39m[31m[91mauto!important[33m;[39m[31m[91malign-self[33m:[39m[31m[91mauto!important[33m}[39m[31m[91m[33m.align-self-start[39m[31m[91m[33m{[39m[31m[91m-ms-flex-item-align[33m:[39m[31m[91mstart!important[33m;[39m[31m[91malign-self[33m:[39m[31m[91mflex-start!important[33m}[39m[31m[91m[33m.align-self-end[39m[31m[91m[33m{[39m[31m[91m-ms-flex-item-align[33m:[39m[31m[91mend!important[33m;[39m[31m[91malign-self[33m:[39m[31m[91mflex-end!important[33m}[39m[31m[91m[33m.align-self-center[39m[31m[91m[33m{[39m[31m[91m-ms-flex-item-align[33m:[39m[31m[91mcenter!important[33m;[39m[31m[91malign-self[33m:[39m[31m[91mcenter!important[33m}[39m[31m[91m[33m.align-self-baseline[39m[31m[91m[33m{[39m[31m[91m-ms-flex-item-align[33m:[39m[31m[91mbaseline!important[33m;[39m[31m[91malign-self[33m:[39m[31m[91mbaseline!important[33m}[39m[31m[91m[33m.align-self-stretch[39m[31m[91m[33m{[39m[31m[91m-ms[39m[22m[1m[31m-flex-item-align[33m:[39m[31m[91mstretch!important[33m;[39m[31m[91malign-self[33m:[39m[31m[91mstretch!important[33m}[39m[31m[91m[36m@media[39m[31m[91m[36m [39m[31m[91m[36m(min-width:576px)[39m[31m[91m[33m{[39m[31m[91m[33m.flex-sm-row[39m[31m[91m[33m{[39m[31m[91m-ms-flex-direction[33m:[39m[31m[91mrow!important[33m;[39m[31m[91mflex-direction[33m:[39m[31m[91mrow!important[33m}[39m[31m[91m[33m.flex-sm-column[39m[31m[91m[33m{[39m[31m[91m-ms-flex-direction[33m:[39m[31m[91mcolumn!important[33m;[39m[31m[91mflex-direction[33m:[39m[31m[91mcolumn!important[33m}[39m[31m[91m[33m.flex-sm-row-reverse[39m[31m[91m[33m{[39m[31m[91m-ms-flex-direction[33m:[39m[31m[91mrow-reverse!important[33m;[39m[31m[91mflex-direction[33m:[39m[31m[91mrow-reverse!important[33m}[39m[31m[91m[33m.flex-sm-column-reverse[39m[31m[91m[33m{[39m[31m[91m-ms-flex-direction[33m:[39m[31m[91mcolumn-reverse!important[33m;[39m[31m[91mflex-direction[33m:[39m[31m[91mcolumn-reverse!important[33m}[39m[31m[91m[33m.flex-sm-wrap[39m[31m[91m[33m{[39m[31m[91m-ms-flex-wrap[33m:[39m[31m[91mwrap!important[33m;[39m[31m[91mflex-wrap[33m:[39m[31m[91mwrap!important[33m}[39m[31m[91m[33m.flex-sm-nowrap[39m[31m[91m[33m{[39m[31m[91m-ms-flex-wrap[33m:[39m[31m[91mnowrap!important[33m;[39m[31m[91mflex-wrap[33m:[39m[31m[91mnowrap!important[33m}[39m[31m[91m[33m.flex-sm-wrap-reverse[39m[31m[91m[33m{[39m[31m[91m-ms-flex-wrap[33m:[39m[31m[91mwrap-reverse!important[33m;[39m[31m[91mflex-wrap[33m:[39m[31m[91mwrap-reverse!important[33m}[39m[31m[91m[33m.flex-sm-fill[39m[31m[91m[33m{[39m[31m[91m-ms-flex[33m:[39m[31m[91m1 1 auto!important[33m;[39m[31m[91mflex[33m:[39m[31m[91m1 1 auto!important[33m}[39m[31m[91m[33m.flex-sm-grow-0[39m[31m[91m[33m{[39m[31m[91m-ms-flex-positive[33m:[39m[31m[91m0!important[33m;[39m[31m[91mflex-grow[33m:[39m[31m[91m0!important[33m}[39m[31m[91m[33m.flex-sm-grow-1[39m[31m[91m[33m{[39m[31m[91m-ms-flex-positive[33m:[39m[31m[91m1!important[33m;[39m[31m[91mflex-grow[33m:[39m[31m[91m1!important[33m}[39m[31m[91m[33m.flex-sm-shrink-0[39m[31m[91m[33m{[39m[31m[91m-ms-flex-negative[33m:[39m[31m[91m0!import[39m[22m[1m[31mant[33m;[39m[31m[91mflex-shrink[33m:[39m[31m[91m0!important[33m}[39m[31m[91m[33m.flex-sm-shrink-1[39m[31m[91m[33m{[39m[31m[91m-ms-flex-negative[33m:[39m[31m[91m1!important[33m;[39m[31m[91mflex-shrink[33m:[39m[31m[91m1!important[33m}[39m[31m[91m[33m.justify-content-sm-start[39m[31m[91m[33m{[39m[31m[91m-ms-flex-pack[33m:[39m[31m[91mstart!important[33m;[39m[31m[91mjustify-content[33m:[39m[31m[91mflex-start!important[33m}[39m[31m[91m[33m.justify-content-sm-end[39m[31m[91m[33m{[39m[31m[91m-ms-flex-pack[33m:[39m[31m[91mend!important[33m;[39m[31m[91mjustify-content[33m:[39m[31m[91mflex-end!important[33m}[39m[31m[91m[33m.justify-content-sm-center[39m[31m[91m[33m{[39m[31m[91m-ms-flex-pack[33m:[39m[31m[91mcenter!important[33m;[39m[31m[91mjustify-content[33m:[39m[31m[91mcenter!important[33m}[39m[31m[91m[33m.justify-content-sm-between[39m[31m[91m[33m{[39m[31m[91m-ms-flex-pack[33m:[39m[31m[91mjustify!important[33m;[39m[31m[91mjustify-content[33m:[39m[31m[91mspace-between!important[33m}[39m[31m[91m[33m.justify-content-sm-around[39m[31m[91m[33m{[39m[31m[91m-ms-flex-pack[33m:[39m[31m[91mdistribute!important[33m;[39m[31m[91mjustify-content[33m:[39m[31m[91mspace-around!important[33m}[39m[31m[91m[33m.align-items-sm-start[39m[31m[91m[33m{[39m[31m[91m-ms-flex-align[33m:[39m[31m[91mstart!important[33m;[39m[31m[91malign-items[33m:[39m[31m[91mflex-start!important[33m}[39m[31m[91m[33m.align-items-sm-end[39m[31m[91m[33m{[39m[31m[91m-ms-flex-align[33m:[39m[31m[91mend!important[33m;[39m[31m[91malign-items[33m:[39m[31m[91mflex-end!important[33m}[39m[31m[91m[33m.align-items-sm-center[39m[31m[91m[33m{[39m[31m[91m-ms-flex-align[33m:[39m[31m[91mcenter!important[33m;[39m[31m[91malign-items[33m:[39m[31m[91mcenter!important[33m}[39m[31m[91m[33m.align-items-sm-baseline[39m[31m[91m[33m{[39m[31m[91m-ms-flex-align[33m:[39m[31m[91mbaseline!important[33m;[39m[31m[91malign-items[33m:[39m[31m[91mbaseline!important[33m}[39m[31m[91m[33m.align-items-sm-stretch[39m[31m[91m[33m{[39m[31m[91m-ms-flex-align[33m:[39m[31m[91mstretch!important[33m;[39m[31m[91malign-items[33m:[39m[31m[91[39m[22m[1m[31mmstretch!important[33m}[39m[31m[91m[33m.align-content-sm-start[39m[31m[91m[33m{[39m[31m[91m-ms-flex-line-pack[33m:[39m[31m[91mstart!important[33m;[39m[31m[91malign-content[33m:[39m[31m[91mflex-start!important[33m}[39m[31m[91m[33m.align-content-sm-end[39m[31m[91m[33m{[39m[31m[91m-ms-flex-line-pack[33m:[39m[31m[91mend!important[33m;[39m[31m[91malign-content[33m:[39m[31m[91mflex-end!important[33m}[39m[31m[91m[33m.align-content-sm-center[39m[31m[91m[33m{[39m[31m[91m-ms-flex-line-pack[33m:[39m[31m[91mcenter!important[33m;[39m[31m[91malign-content[33m:[39m[31m[91mcenter!important[33m}[39m[31m[91m[33m.align-content-sm-between[39m[31m[91m[33m{[39m[31m[91m-ms-flex-line-pack[33m:[39m[31m[91mjustify!important[33m;[39m[31m[91malign-content[33m:[39m[31m[91mspace-between!important[33m}[39m[31m[91m[33m.align-content-sm-around[39m[31m[91m[33m{[39m[31m[91m-ms-flex-line-pack[33m:[39m[31m[91mdistribute!important[33m;[39m[31m[91malign-content[33m:[39m[31m[91mspace-around!important[33m}[39m[31m[91m[33m.align-content-sm-stretch[39m[31m[91m[33m{[39m[31m[91m-ms-flex-line-pack[33m:[39m[31m[91mstretch!important[33m;[39m[31m[91malign-content[33m:[39m[31m[91mstretch!important[33m}[39m[31m[91m[33m.align-self-sm-auto[39m[31m[91m[33m{[39m[31m[91m-ms-flex-item-align[33m:[39m[31m[91mauto!important[33m;[39m[31m[91malign-self[33m:[39m[31m[91mauto!important[33m}[39m[31m[91m[33m.align-self-sm-start[39m[31m[91m[33m{[39m[31m[91m-ms-flex-item-align[33m:[39m[31m[91mstart!important[33m;[39m[31m[91malign-self[33m:[39m[31m[91mflex-start!important[33m}[39m[31m[91m[33m.align-self-sm-end[39m[31m[91m[33m{[39m[31m[91m-ms-flex-item-align[33m:[39m[31m[91mend!important[33m;[39m[31m[91malign-self[33m:[39m[31m[91mflex-end!important[33m}[39m[31m[91m[33m.align-self-sm-center[39m[31m[91m[33m{[39m[31m[91m-ms-flex-item-align[33m:[39m[31m[91mcenter!important[33m;[39m[31m[91malign-self[33m:[39m[31m[91mcenter!important[33m}[39m[31m[91m[33m.align-self-sm-baseline[39m[31m[91m[33m{[39m[31m[91m-ms-flex-item-align[33m:[39m[31m[91mbaseline!important[33m;[39m[31m[91malign-self[33m:[39m[31m[91mbasel[39m[22m[1m[31mine!important[33m}[39m[31m[91m[33m.align-self-sm-stretch[39m[31m[91m[33m{[39m[31m[91m-ms-flex-item-align[33m:[39m[31m[91mstretch!important[33m;[39m[31m[91malign-self[33m:[39m[31m[91mstretch!important[33m}[39m[31m[91m[33m}[39m[31m[91m[36m@media[39m[31m[91m[36m [39m[31m[91m[36m(min-width:768px)[39m[31m[91m[33m{[39m[31m[91m[33m.flex-md-row[39m[31m[91m[33m{[39m[31m[91m-ms-flex-direction[33m:[39m[31m[91mrow!important[33m;[39m[31m[91mflex-direction[33m:[39m[31m[91mrow!important[33m}[39m[31m[91m[33m.flex-md-column[39m[31m[91m[33m{[39m[31m[91m-ms-flex-direction[33m:[39m[31m[91mcolumn!important[33m;[39m[31m[91mflex-direction[33m:[39m[31m[91mcolumn!important[33m}[39m[31m[91m[33m.flex-md-row-reverse[39m[31m[91m[33m{[39m[31m[91m-ms-flex-direction[33m:[39m[31m[91mrow-reverse!important[33m;[39m[31m[91mflex-direction[33m:[39m[31m[91mrow-reverse!important[33m}[39m[31m[91m[33m.flex-md-column-reverse[39m[31m[91m[33m{[39m[31m[91m-ms-flex-direction[33m:[39m[31m[91mcolumn-reverse!important[33m;[39m[31m[91mflex-direction[33m:[39m[31m[91mcolumn-reverse!important[33m}[39m[31m[91m[33m.flex-md-wrap[39m[31m[91m[33m{[39m[31m[91m-ms-flex-wrap[33m:[39m[31m[91mwrap!important[33m;[39m[31m[91mflex-wrap[33m:[39m[31m[91mwrap!important[33m}[39m[31m[91m[33m.flex-md-nowrap[39m[31m[91m[33m{[39m[31m[91m-ms-flex-wrap[33m:[39m[31m[91mnowrap!important[33m;[39m[31m[91mflex-wrap[33m:[39m[31m[91mnowrap!important[33m}[39m[31m[91m[33m.flex-md-wrap-reverse[39m[31m[91m[33m{[39m[31m[91m-ms-flex-wrap[33m:[39m[31m[91mwrap-reverse!important[33m;[39m[31m[91mflex-wrap[33m:[39m[31m[91mwrap-reverse!important[33m}[39m[31m[91m[33m.flex-md-fill[39m[31m[91m[33m{[39m[31m[91m-ms-flex[33m:[39m[31m[91m1 1 auto!important[33m;[39m[31m[91mflex[33m:[39m[31m[91m1 1 auto!important[33m}[39m[31m[91m[33m.flex-md-grow-0[39m[31m[91m[33m{[39m[31m[91m-ms-flex-positive[33m:[39m[31m[91m0!important[33m;[39m[31m[91mflex-grow[33m:[39m[31m[91m0!important[33m}[39m[31m[91m[33m.flex-md-grow-1[39m[31m[91m[33m{[39m[31m[91m-ms-flex-positive[33m:[39m[31m[91m1!important[33m;[39m[31m[91mflex-grow[33m:[39m[31m[91m1!important[33[39m[22m[1m[31mm}[39m[31m[91m[33m.flex-md-shrink-0[39m[31m[91m[33m{[39m[31m[91m-ms-flex-negative[33m:[39m[31m[91m0!important[33m;[39m[31m[91mflex-shrink[33m:[39m[31m[91m0!important[33m}[39m[31m[91m[33m.flex-md-shrink-1[39m[31m[91m[33m{[39m[31m[91m-ms-flex-negative[33m:[39m[31m[91m1!important[33m;[39m[31m[91mflex-shrink[33m:[39m[31m[91m1!important[33m}[39m[31m[91m[33m.justify-content-md-start[39m[31m[91m[33m{[39m[31m[91m-ms-flex-pack[33m:[39m[31m[91mstart!important[33m;[39m[31m[91mjustify-content[33m:[39m[31m[91mflex-start!important[33m}[39m[31m[91m[33m.justify-content-md-end[39m[31m[91m[33m{[39m[31m[91m-ms-flex-pack[33m:[39m[31m[91mend!important[33m;[39m[31m[91mjustify-content[33m:[39m[31m[91mflex-end!important[33m}[39m[31m[91m[33m.justify-content-md-center[39m[31m[91m[33m{[39m[31m[91m-ms-flex-pack[33m:[39m[31m[91mcenter!important[33m;[39m[31m[91mjustify-content[33m:[39m[31m[91mcenter!important[33m}[39m[31m[91m[33m.justify-content-md-between[39m[31m[91m[33m{[39m[31m[91m-ms-flex-pack[33m:[39m[31m[91mjustify!important[33m;[39m[31m[91mjustify-content[33m:[39m[31m[91mspace-between!important[33m}[39m[31m[91m[33m.justify-content-md-around[39m[31m[91m[33m{[39m[31m[91m-ms-flex-pack[33m:[39m[31m[91mdistribute!important[33m;[39m[31m[91mjustify-content[33m:[39m[31m[91mspace-around!important[33m}[39m[31m[91m[33m.align-items-md-start[39m[31m[91m[33m{[39m[31m[91m-ms-flex-align[33m:[39m[31m[91mstart!important[33m;[39m[31m[91malign-items[33m:[39m[31m[91mflex-start!important[33m}[39m[31m[91m[33m.align-items-md-end[39m[31m[91m[33m{[39m[31m[91m-ms-flex-align[33m:[39m[31m[91mend!important[33m;[39m[31m[91malign-items[33m:[39m[31m[91mflex-end!important[33m}[39m[31m[91m[33m.align-items-md-center[39m[31m[91m[33m{[39m[31m[91m-ms-flex-align[33m:[39m[31m[91mcenter!important[33m;[39m[31m[91malign-items[33m:[39m[31m[91mcenter!important[33m}[39m[31m[91m[33m.align-items-md-baseline[39m[31m[91m[33m{[39m[31m[91m-ms-flex-align[33m:[39m[31m[91mbaseline!important[33m;[39m[31m[91malign-items[33m:[39m[31m[91mbaseline!important[33m}[39m[31m[91m[33m.align-items-md-stretch[39m[31m[91m[33[39m[22m[1m[31mm{[39m[31m[91m-ms-flex-align[33m:[39m[31m[91mstretch!important[33m;[39m[31m[91malign-items[33m:[39m[31m[91mstretch!important[33m}[39m[31m[91m[33m.align-content-md-start[39m[31m[91m[33m{[39m[31m[91m-ms-flex-line-pack[33m:[39m[31m[91mstart!important[33m;[39m[31m[91malign-content[33m:[39m[31m[91mflex-start!important[33m}[39m[31m[91m[33m.align-content-md-end[39m[31m[91m[33m{[39m[31m[91m-ms-flex-line-pack[33m:[39m[31m[91mend!important[33m;[39m[31m[91malign-content[33m:[39m[31m[91mflex-end!important[33m}[39m[31m[91m[33m.align-content-md-center[39m[31m[91m[33m{[39m[31m[91m-ms-flex-line-pack[33m:[39m[31m[91mcenter!important[33m;[39m[31m[91malign-content[33m:[39m[31m[91mcenter!important[33m}[39m[31m[91m[33m.align-content-md-between[39m[31m[91m[33m{[39m[31m[91m-ms-flex-line-pack[33m:[39m[31m[91mjustify!important[33m;[39m[31m[91malign-content[33m:[39m[31m[91mspace-between!important[33m}[39m[31m[91m[33m.align-content-md-around[39m[31m[91m[33m{[39m[31m[91m-ms-flex-line-pack[33m:[39m[31m[91mdistribute!important[33m;[39m[31m[91malign-content[33m:[39m[31m[91mspace-around!important[33m}[39m[31m[91m[33m.align-content-md-stretch[39m[31m[91m[33m{[39m[31m[91m-ms-flex-line-pack[33m:[39m[31m[91mstretch!important[33m;[39m[31m[91malign-content[33m:[39m[31m[91mstretch!important[33m}[39m[31m[91m[33m.align-self-md-auto[39m[31m[91m[33m{[39m[31m[91m-ms-flex-item-align[33m:[39m[31m[91mauto!important[33m;[39m[31m[91malign-self[33m:[39m[31m[91mauto!important[33m}[39m[31m[91m[33m.align-self-md-start[39m[31m[91m[33m{[39m[31m[91m-ms-flex-item-align[33m:[39m[31m[91mstart!important[33m;[39m[31m[91malign-self[33m:[39m[31m[91mflex-start!important[33m}[39m[31m[91m[33m.align-self-md-end[39m[31m[91m[33m{[39m[31m[91m-ms-flex-item-align[33m:[39m[31m[91mend!important[33m;[39m[31m[91malign-self[33m:[39m[31m[91mflex-end!important[33m}[39m[31m[91m[33m.align-self-md-center[39m[31m[91m[33m{[39m[31m[91m-ms-flex-item-align[33m:[39m[31m[91mcenter!important[33m;[39m[31m[91malign-self[33m:[39m[31m[91mcenter!important[33m}[39m[31m[91m[33m.align-self-md-baseline[39m[31m[91m[33m{[39m[31m[91[39m[22m[1m[31mm-ms-flex-item-align[33m:[39m[31m[91mbaseline!important[33m;[39m[31m[91malign-self[33m:[39m[31m[91mbaseline!important[33m}[39m[31m[91m[33m.align-self-md-stretch[39m[31m[91m[33m{[39m[31m[91m-ms-flex-item-align[33m:[39m[31m[91mstretch!important[33m;[39m[31m[91malign-self[33m:[39m[31m[91mstretch!important[33m}[39m[31m[91m[33m}[39m[31m[91m[36m@media[39m[31m[91m[36m [39m[31m[91m[36m(min-width:960px)[39m[31m[91m[33m{[39m[31m[91m[33m.flex-lg-row[39m[31m[91m[33m{[39m[31m[91m-ms-flex-direction[33m:[39m[31m[91mrow!important[33m;[39m[31m[91mflex-direction[33m:[39m[31m[91mrow!important[33m}[39m[31m[91m[33m.flex-lg-column[39m[31m[91m[33m{[39m[31m[91m-ms-flex-direction[33m:[39m[31m[91mcolumn!important[33m;[39m[31m[91mflex-direction[33m:[39m[31m[91mcolumn!important[33m}[39m[31m[91m[33m.flex-lg-row-reverse[39m[31m[91m[33m{[39m[31m[91m-ms-flex-direction[33m:[39m[31m[91mrow-reverse!important[33m;[39m[31m[91mflex-direction[33m:[39m[31m[91mrow-reverse!important[33m}[39m[31m[91m[33m.flex-lg-column-reverse[39m[31m[91m[33m{[39m[31m[91m-ms-flex-direction[33m:[39m[31m[91mcolumn-reverse!important[33m;[39m[31m[91mflex-direction[33m:[39m[31m[91mcolumn-reverse!important[33m}[39m[31m[91m[33m.flex-lg-wrap[39m[31m[91m[33m{[39m[31m[91m-ms-flex-wrap[33m:[39m[31m[91mwrap!important[33m;[39m[31m[91mflex-wrap[33m:[39m[31m[91mwrap!important[33m}[39m[31m[91m[33m.flex-lg-nowrap[39m[31m[91m[33m{[39m[31m[91m-ms-flex-wrap[33m:[39m[31m[91mnowrap!important[33m;[39m[31m[91mflex-wrap[33m:[39m[31m[91mnowrap!important[33m}[39m[31m[91m[33m.flex-lg-wrap-reverse[39m[31m[91m[33m{[39m[31m[91m-ms-flex-wrap[33m:[39m[31m[91mwrap-reverse!important[33m;[39m[31m[91mflex-wrap[33m:[39m[31m[91mwrap-reverse!important[33m}[39m[31m[91m[33m.flex-lg-fill[39m[31m[91m[33m{[39m[31m[91m-ms-flex[33m:[39m[31m[91m1 1 auto!important[33m;[39m[31m[91mflex[33m:[39m[31m[91m1 1 auto!important[33m}[39m[31m[91m[33m.flex-lg-grow-0[39m[31m[91m[33m{[39m[31m[91m-ms-flex-positive[33m:[39m[31m[91m0!important[33m;[39m[31m[91mflex-grow[33m:[39m[31m[91m0!important[33m}[39m[31m[91m[33m.flex-lg-grow-1[39m[31m[91m[33m{[39m[31m[91[39m[22m[1m[31mm-ms-flex-positive[33m:[39m[31m[91m1!important[33m;[39m[31m[91mflex-grow[33m:[39m[31m[91m1!important[33m}[39m[31m[91m[33m.flex-lg-shrink-0[39m[31m[91m[33m{[39m[31m[91m-ms-flex-negative[33m:[39m[31m[91m0!important[33m;[39m[31m[91mflex-shrink[33m:[39m[31m[91m0!important[33m}[39m[31m[91m[33m.flex-lg-shrink-1[39m[31m[91m[33m{[39m[31m[91m-ms-flex-negative[33m:[39m[31m[91m1!important[33m;[39m[31m[91mflex-shrink[33m:[39m[31m[91m1!important[33m}[39m[31m[91m[33m.justify-content-lg-start[39m[31m[91m[33m{[39m[31m[91m-ms-flex-pack[33m:[39m[31m[91mstart!important[33m;[39m[31m[91mjustify-content[33m:[39m[31m[91mflex-start!important[33m}[39m[31m[91m[33m.justify-content-lg-end[39m[31m[91m[33m{[39m[31m[91m-ms-flex-pack[33m:[39m[31m[91mend!important[33m;[39m[31m[91mjustify-content[33m:[39m[31m[91mflex-end!important[33m}[39m[31m[91m[33m.justify-content-lg-center[39m[31m[91m[33m{[39m[31m[91m-ms-flex-pack[33m:[39m[31m[91mcenter!important[33m;[39m[31m[91mjustify-content[33m:[39m[31m[91mcenter!important[33m}[39m[31m[91m[33m.justify-content-lg-between[39m[31m[91m[33m{[39m[31m[91m-ms-flex-pack[33m:[39m[31m[91mjustify!important[33m;[39m[31m[91mjustify-content[33m:[39m[31m[91mspace-between!important[33m}[39m[31m[91m[33m.justify-content-lg-around[39m[31m[91m[33m{[39m[31m[91m-ms-flex-pack[33m:[39m[31m[91mdistribute!important[33m;[39m[31m[91mjustify-content[33m:[39m[31m[91mspace-around!important[33m}[39m[31m[91m[33m.align-items-lg-start[39m[31m[91m[33m{[39m[31m[91m-ms-flex-align[33m:[39m[31m[91mstart!important[33m;[39m[31m[91malign-items[33m:[39m[31m[91mflex-start!important[33m}[39m[31m[91m[33m.align-items-lg-end[39m[31m[91m[33m{[39m[31m[91m-ms-flex-align[33m:[39m[31m[91mend!important[33m;[39m[31m[91malign-items[33m:[39m[31m[91mflex-end!important[33m}[39m[31m[91m[33m.align-items-lg-center[39m[31m[91m[33m{[39m[31m[91m-ms-flex-align[33m:[39m[31m[91mcenter!important[33m;[39m[31m[91malign-items[33m:[39m[31m[91mcenter!important[33m}[39m[31m[91m[33m.align-items-lg-baseline[39m[31m[91m[33m{[39m[31m[91m-ms-flex-align[33m:[39m[31m[91mbaseline!important[33m;[39m[31m[91mal[39m[22m[1m[31mign-items[33m:[39m[31m[91mbaseline!important[33m}[39m[31m[91m[33m.align-items-lg-stretch[39m[31m[91m[33m{[39m[31m[91m-ms-flex-align[33m:[39m[31m[91mstretch!important[33m;[39m[31m[91malign-items[33m:[39m[31m[91mstretch!important[33m}[39m[31m[91m[33m.align-content-lg-start[39m[31m[91m[33m{[39m[31m[91m-ms-flex-line-pack[33m:[39m[31m[91mstart!important[33m;[39m[31m[91malign-content[33m:[39m[31m[91mflex-start!important[33m}[39m[31m[91m[33m.align-content-lg-end[39m[31m[91m[33m{[39m[31m[91m-ms-flex-line-pack[33m:[39m[31m[91mend!important[33m;[39m[31m[91malign-content[33m:[39m[31m[91mflex-end!important[33m}[39m[31m[91m[33m.align-content-lg-center[39m[31m[91m[33m{[39m[31m[91m-ms-flex-line-pack[33m:[39m[31m[91mcenter!important[33m;[39m[31m[91malign-content[33m:[39m[31m[91mcenter!important[33m}[39m[31m[91m[33m.align-content-lg-between[39m[31m[91m[33m{[39m[31m[91m-ms-flex-line-pack[33m:[39m[31m[91mjustify!important[33m;[39m[31m[91malign-content[33m:[39m[31m[91mspace-between!important[33m}[39m[31m[91m[33m.align-content-lg-around[39m[31m[91m[33m{[39m[31m[91m-ms-flex-line-pack[33m:[39m[31m[91mdistribute!important[33m;[39m[31m[91malign-content[33m:[39m[31m[91mspace-around!important[33m}[39m[31m[91m[33m.align-content-lg-stretch[39m[31m[91m[33m{[39m[31m[91m-ms-flex-line-pack[33m:[39m[31m[91mstretch!important[33m;[39m[31m[91malign-content[33m:[39m[31m[91mstretch!important[33m}[39m[31m[91m[33m.align-self-lg-auto[39m[31m[91m[33m{[39m[31m[91m-ms-flex-item-align[33m:[39m[31m[91mauto!important[33m;[39m[31m[91malign-self[33m:[39m[31m[91mauto!important[33m}[39m[31m[91m[33m.align-self-lg-start[39m[31m[91m[33m{[39m[31m[91m-ms-flex-item-align[33m:[39m[31m[91mstart!important[33m;[39m[31m[91malign-self[33m:[39m[31m[91mflex-start!important[33m}[39m[31m[91m[33m.align-self-lg-end[39m[31m[91m[33m{[39m[31m[91m-ms-flex-item-align[33m:[39m[31m[91mend!important[33m;[39m[31m[91malign-self[33m:[39m[31m[91mflex-end!important[33m}[39m[31m[91m[33m.align-self-lg-center[39m[31m[91m[33m{[39m[31m[91m-ms-flex-item-align[33m:[39m[31m[91mcenter!important[33m;[39m[31m[91malign-self[39m[22m[1m[31m[33m:[39m[31m[91mcenter!important[33m}[39m[31m[91m[33m.align-self-lg-baseline[39m[31m[91m[33m{[39m[31m[91m-ms-flex-item-align[33m:[39m[31m[91mbaseline!important[33m;[39m[31m[91malign-self[33m:[39m[31m[91mbaseline!important[33m}[39m[31m[91m[33m.align-self-lg-stretch[39m[31m[91m[33m{[39m[31m[91m-ms-flex-item-align[33m:[39m[31m[91mstretch!important[33m;[39m[31m[91malign-self[33m:[39m[31m[91mstretch!important[33m}[39m[31m[91m[33m}[39m[31m[91m[36m@media[39m[31m[91m[36m [39m[31m[91m[36m(min-width:1152px)[39m[31m[91m[33m{[39m[31m[91m[33m.flex-xl-row[39m[31m[91m[33m{[39m[31m[91m-ms-flex-direction[33m:[39m[31m[91mrow!important[33m;[39m[31m[91mflex-direction[33m:[39m[31m[91mrow!important[33m}[39m[31m[91m[33m.flex-xl-column[39m[31m[91m[33m{[39m[31m[91m-ms-flex-direction[33m:[39m[31m[91mcolumn!important[33m;[39m[31m[91mflex-direction[33m:[39m[31m[91mcolumn!important[33m}[39m[31m[91m[33m.flex-xl-row-reverse[39m[31m[91m[33m{[39m[31m[91m-ms-flex-direction[33m:[39m[31m[91mrow-reverse!important[33m;[39m[31m[91mflex-direction[33m:[39m[31m[91mrow-reverse!important[33m}[39m[31m[91m[33m.flex-xl-column-reverse[39m[31m[91m[33m{[39m[31m[91m-ms-flex-direction[33m:[39m[31m[91mcolumn-reverse!important[33m;[39m[31m[91mflex-direction[33m:[39m[31m[91mcolumn-reverse!important[33m}[39m[31m[91m[33m.flex-xl-wrap[39m[31m[91m[33m{[39m[31m[91m-ms-flex-wrap[33m:[39m[31m[91mwrap!important[33m;[39m[31m[91mflex-wrap[33m:[39m[31m[91mwrap!important[33m}[39m[31m[91m[33m.flex-xl-nowrap[39m[31m[91m[33m{[39m[31m[91m-ms-flex-wrap[33m:[39m[31m[91mnowrap!important[33m;[39m[31m[91mflex-wrap[33m:[39m[31m[91mnowrap!important[33m}[39m[31m[91m[33m.flex-xl-wrap-reverse[39m[31m[91m[33m{[39m[31m[91m-ms-flex-wrap[33m:[39m[31m[91mwrap-reverse!important[33m;[39m[31m[91mflex-wrap[33m:[39m[31m[91mwrap-reverse!important[33m}[39m[31m[91m[33m.flex-xl-fill[39m[31m[91m[33m{[39m[31m[91m-ms-flex[33m:[39m[31m[91m1 1 auto!important[33m;[39m[31m[91mflex[33m:[39m[31m[91m1 1 auto!important[33m}[39m[31m[91m[33m.flex-xl-grow-0[39m[31m[91m[33m{[39m[31m[91m-ms-flex-positive[33m:[39m[31m[91m0!important[33m;[39m[31m[39m[22m[1m[31m[91mflex-grow[33m:[39m[31m[91m0!important[33m}[39m[31m[91m[33m.flex-xl-grow-1[39m[31m[91m[33m{[39m[31m[91m-ms-flex-positive[33m:[39m[31m[91m1!important[33m;[39m[31m[91mflex-grow[33m:[39m[31m[91m1!important[33m}[39m[31m[91m[33m.flex-xl-shrink-0[39m[31m[91m[33m{[39m[31m[91m-ms-flex-negative[33m:[39m[31m[91m0!important[33m;[39m[31m[91mflex-shrink[33m:[39m[31m[91m0!important[33m}[39m[31m[91m[33m.flex-xl-shrink-1[39m[31m[91m[33m{[39m[31m[91m-ms-flex-negative[33m:[39m[31m[91m1!important[33m;[39m[31m[91mflex-shrink[33m:[39m[31m[91m1!important[33m}[39m[31m[91m[33m.justify-content-xl-start[39m[31m[91m[33m{[39m[31m[91m-ms-flex-pack[33m:[39m[31m[91mstart!important[33m;[39m[31m[91mjustify-content[33m:[39m[31m[91mflex-start!important[33m}[39m[31m[91m[33m.justify-content-xl-end[39m[31m[91m[33m{[39m[31m[91m-ms-flex-pack[33m:[39m[31m[91mend!important[33m;[39m[31m[91mjustify-content[33m:[39m[31m[91mflex-end!important[33m}[39m[31m[91m[33m.justify-content-xl-center[39m[31m[91m[33m{[39m[31m[91m-ms-flex-pack[33m:[39m[31m[91mcenter!important[33m;[39m[31m[91mjustify-content[33m:[39m[31m[91mcenter!important[33m}[39m[31m[91m[33m.justify-content-xl-between[39m[31m[91m[33m{[39m[31m[91m-ms-flex-pack[33m:[39m[31m[91mjustify!important[33m;[39m[31m[91mjustify-content[33m:[39m[31m[91mspace-between!important[33m}[39m[31m[91m[33m.justify-content-xl-around[39m[31m[91m[33m{[39m[31m[91m-ms-flex-pack[33m:[39m[31m[91mdistribute!important[33m;[39m[31m[91mjustify-content[33m:[39m[31m[91mspace-around!important[33m}[39m[31m[91m[33m.align-items-xl-start[39m[31m[91m[33m{[39m[31m[91m-ms-flex-align[33m:[39m[31m[91mstart!important[33m;[39m[31m[91malign-items[33m:[39m[31m[91mflex-start!important[33m}[39m[31m[91m[33m.align-items-xl-end[39m[31m[91m[33m{[39m[31m[91m-ms-flex-align[33m:[39m[31m[91mend!important[33m;[39m[31m[91malign-items[33m:[39m[31m[91mflex-end!important[33m}[39m[31m[91m[33m.align-items-xl-center[39m[31m[91m[33m{[39m[31m[91m-ms-flex-align[33m:[39m[31m[91mcenter!important[33m;[39m[31m[91malign-items[33m:[39m[31m[91mcenter!important[33m}[39m[31m[91m[33m.align-items-x[39m[22m[1m[31ml-baseline[39m[31m[91m[33m{[39m[31m[91m-ms-flex-align[33m:[39m[31m[91mbaseline!important[33m;[39m[31m[91malign-items[33m:[39m[31m[91mbaseline!important[33m}[39m[31m[91m[33m.align-items-xl-stretch[39m[31m[91m[33m{[39m[31m[91m-ms-flex-align[33m:[39m[31m[91mstretch!important[33m;[39m[31m[91malign-items[33m:[39m[31m[91mstretch!important[33m}[39m[31m[91m[33m.align-content-xl-start[39m[31m[91m[33m{[39m[31m[91m-ms-flex-line-pack[33m:[39m[31m[91mstart!important[33m;[39m[31m[91malign-content[33m:[39m[31m[91mflex-start!important[33m}[39m[31m[91m[33m.align-content-xl-end[39m[31m[91m[33m{[39m[31m[91m-ms-flex-line-pack[33m:[39m[31m[91mend!important[33m;[39m[31m[91malign-content[33m:[39m[31m[91mflex-end!important[33m}[39m[31m[91m[33m.align-content-xl-center[39m[31m[91m[33m{[39m[31m[91m-ms-flex-line-pack[33m:[39m[31m[91mcenter!important[33m;[39m[31m[91malign-content[33m:[39m[31m[91mcenter!important[33m}[39m[31m[91m[33m.align-content-xl-between[39m[31m[91m[33m{[39m[31m[91m-ms-flex-line-pack[33m:[39m[31m[91mjustify!important[33m;[39m[31m[91malign-content[33m:[39m[31m[91mspace-between!important[33m}[39m[31m[91m[33m.align-content-xl-around[39m[31m[91m[33m{[39m[31m[91m-ms-flex-line-pack[33m:[39m[31m[91mdistribute!important[33m;[39m[31m[91malign-content[33m:[39m[31m[91mspace-around!important[33m}[39m[31m[91m[33m.align-content-xl-stretch[39m[31m[91m[33m{[39m[31m[91m-ms-flex-line-pack[33m:[39m[31m[91mstretch!important[33m;[39m[31m[91malign-content[33m:[39m[31m[91mstretch!important[33m}[39m[31m[91m[33m.align-self-xl-auto[39m[31m[91m[33m{[39m[31m[91m-ms-flex-item-align[33m:[39m[31m[91mauto!important[33m;[39m[31m[91malign-self[33m:[39m[31m[91mauto!important[33m}[39m[31m[91m[33m.align-self-xl-start[39m[31m[91m[33m{[39m[31m[91m-ms-flex-item-align[33m:[39m[31m[91mstart!important[33m;[39m[31m[91malign-self[33m:[39m[31m[91mflex-start!important[33m}[39m[31m[91m[33m.align-self-xl-end[39m[31m[91m[33m{[39m[31m[91m-ms-flex-item-align[33m:[39m[31m[91mend!important[33m;[39m[31m[91malign-self[33m:[39m[31m[91mflex-end!important[33m}[39m[31m[91m[33m.align-self-xl-center[39m[22m[1m[31m[39m[91m[33m{[39m[31m[91m-ms-flex-item-align[33m:[39m[31m[91mcenter!important[33m;[39m[31m[91malign-self[33m:[39m[31m[91mcenter!important[33m}[39m[31m[91m[33m.align-self-xl-baseline[39m[31m[91m[33m{[39m[31m[91m-ms-flex-item-align[33m:[39m[31m[91mbaseline!important[33m;[39m[31m[91malign-self[33m:[39m[31m[91mbaseline!important[33m}[39m[31m[91m[33m.align-self-xl-stretch[39m[31m[91m[33m{[39m[31m[91m-ms-flex-item-align[33m:[39m[31m[91mstretch!important[33m;[39m[31m[91malign-self[33m:[39m[31m[91mstretch!important[33m}[39m[31m[91m[33m}[39m[31m[91m[33m.float-left[39m[31m[91m[33m{[39m[31m[91mfloat[33m:[39m[31m[91mleft!important[33m}[39m[31m[91m[33m.float-right[39m[31m[91m[33m{[39m[31m[91mfloat[33m:[39m[31m[91mright!important[33m}[39m[31m[91m[33m.float-none[39m[31m[91m[33m{[39m[31m[91mfloat[33m:[39m[31m[91mnone!important[33m}[39m[31m[91m[36m@media[39m[31m[91m[36m [39m[31m[91m[36m(min-width:576px)[39m[31m[91m[33m{[39m[31m[91m[33m.float-sm-left[39m[31m[91m[33m{[39m[31m[91mfloat[33m:[39m[31m[91mleft!important[33m}[39m[31m[91m[33m.float-sm-right[39m[31m[91m[33m{[39m[31m[91mfloat[33m:[39m[31m[91mright!important[33m}[39m[31m[91m[33m.float-sm-none[39m[31m[91m[33m{[39m[31m[91mfloat[33m:[39m[31m[91mnone!important[33m}[39m[31m[91m[33m}[39m[31m[91m[36m@media[39m[31m[91m[36m [39m[31m[91m[36m(min-width:768px)[39m[31m[91m[33m{[39m[31m[91m[33m.float-md-left[39m[31m[91m[33m{[39m[31m[91mfloat[33m:[39m[31m[91mleft!important[33m}[39m[31m[91m[33m.float-md-right[39m[31m[91m[33m{[39m[31m[91mfloat[33m:[39m[31m[91mright!important[33m}[39m[31m[91m[33m.float-md-none[39m[31m[91m[33m{[39m[31m[91mfloat[33m:[39m[31m[91mnone!important[33m}[39m[31m[91m[33m}[39m[31m[91m[36m@media[39m[31m[91m[36m [39m[31m[91m[36m(min-width:960px)[39m[31m[91m[33m{[39m[31m[91m[33m.float-lg-left[39m[31m[91m[33m{[39m[31m[91mfloat[33m:[39m[31m[91mleft!important[33m}[39m[31m[91m[33m.float-lg-right[39m[31m[91m[33m{[39m[31m[91mfloat[33m:[39m[31m[91mright!important[33m}[39m[31m[91m[33m.float-lg-none[39m[31m[91m[33m{[39m[31m[91mfloat[33m:[39m[31m[91mnone!important[33m}[39m[31m[91m[33m}[39m[31m[91m[36m@media[39m[31m[39m[22m[1m[31m[91m[36m [39m[31m[91m[36m(min-width:1152px)[39m[31m[91m[33m{[39m[31m[91m[33m.float-xl-left[39m[31m[91m[33m{[39m[31m[91mfloat[33m:[39m[31m[91mleft!important[33m}[39m[31m[91m[33m.float-xl-right[39m[31m[91m[33m{[39m[31m[91mfloat[33m:[39m[31m[91mright!important[33m}[39m[31m[91m[33m.float-xl-none[39m[31m[91m[33m{[39m[31m[91mfloat[33m:[39m[31m[91mnone!important[33m}[39m[31m[91m[33m}[39m[31m[91m[33m.overflow-auto[39m[31m[91m[33m{[39m[31m[91moverflow[33m:[39m[31m[91mauto!important[33m}[39m[31m[91m[33m.overflow-hidden[39m[31m[91m[33m{[39m[31m[91moverflow[33m:[39m[31m[91mhidden!important[33m}[39m[31m[91m[33m.position-static[39m[31m[91m[33m{[39m[31m[91mposition[33m:[39m[31m[91mstatic!important[33m}[39m[31m[91m[33m.position-relative[39m[31m[91m[33m{[39m[31m[91mposition[33m:[39m[31m[91mrelative!important[33m}[39m[31m[91m[33m.position-absolute[39m[31m[91m[33m{[39m[31m[91mposition[33m:[39m[31m[91mabsolute!important[33m}[39m[31m[91m[33m.position-fixed[39m[31m[91m[33m{[39m[31m[91mposition[33m:[39m[31m[91mfixed!important[33m}[39m[31m[91m[33m.position-sticky[39m[31m[91m[33m{[39m[31m[91mposition[33m:[39m[31m[91m-webkit-sticky!important[33m;[39m[31m[91mposition[33m:[39m[31m[91msticky!important[33m}[39m[31m[91m[33m.fixed-top[39m[31m[91m[33m{[39m[31m[91mposition[33m:[39m[31m[91mfixed[33m;[39m[31m[91mtop[33m:[39m[31m[91m0[33m;[39m[31m[91mright[33m:[39m[31m[91m0[33m;[39m[31m[91mleft[33m:[39m[31m[91m0[33m;[39m[31m[91mz-index[33m:[39m[31m[91m1030[33m}[39m[31m[91m[33m.fixed-bottom[39m[31m[91m[33m{[39m[31m[91mposition[33m:[39m[31m[91mfixed[33m;[39m[31m[91mright[33m:[39m[31m[91m0[33m;[39m[31m[91mbottom[33m:[39m[31m[91m0[33m;[39m[31m[91mleft[33m:[39m[31m[91m0[33m;[39m[31m[91mz-index[33m:[39m[31m[91m1030[33m}[39m[31m[91m[36m@supports[39m[31m[91m[36m [39m[31m[91m[36m([39m[31m[91m[36m(position:-webkit-sticky)[39m[31m[91m or[36m [39m[31m[91m[36m(position:sticky)[39m[31m[91m[36m)[39m[31m[91m[33m{[39m[31m[91m[33m.sticky-top[39m[31m[91m[33m{[39m[31m[91mposition[33m:[39m[31m[91m-webkit-sticky[33m;[39m[31m[91mposition[33m:[39m[31m[91msticky[33m;[39m[31m[91mtop[33m:[39m[31m[91m0[33m;[39m[31m[39m[22m[1m[31m[91mz-index[33m:[39m[31m[91m1020[33m}[39m[31m[91m[33m}[39m[31m[91m[33m.sr-only[39m[31m[91m[33m{[39m[31m[91mposition[33m:[39m[31m[91mabsolute[33m;[39m[31m[91mwidth[33m:[39m[31m[91m1px[33m;[39m[31m[91mheight[33m:[39m[31m[91m1px[33m;[39m[31m[91mpadding[33m:[39m[31m[91m0[33m;[39m[31m[91mmargin[33m:[39m[31m[91m-1px[33m;[39m[31m[91moverflow[33m:[39m[31m[91mhidden[33m;[39m[31m[91mclip[33m:[39m[31m[91m[36mrect[39m[31m[91m[36m(0,0,0,0)[39m[31m[91m[33m;[39m[31m[91mwhite-space[33m:[39m[31m[91mnowrap[33m;[39m[31m[91mborder[33m:[39m[31m[91m0[33m}[39m[31m[91m[33m.sr-only-focusable[39m[31m[91m[33m:[39m[31m[91mactive,.sr-only-focusable[33m:[39m[31m[91mfocus[33m{[39m[31m[91mposition[33m:[39m[31m[91mstatic[33m;[39m[31m[91mwidth[33m:[39m[31m[91mauto[33m;[39m[31m[91mheight[33m:[39m[31m[91mauto[33m;[39m[31m[91moverflow[33m:[39m[31m[91mvisible[33m;[39m[31m[91mclip[33m:[39m[31m[91mauto[33m;[39m[31m[91mwhite-space[33m:[39m[31m[91mnormal[33m}[39m[31m[91m[33m.shadow-none[39m[31m[91m[33m{[39m[31m[91mbox-shadow[33m:[39m[31m[91mnone!important[33m}[39m[31m[91m[33m.w-25[39m[31m[91m[33m{[39m[31m[91mwidth[33m:[39m[31m[91m100%!important[33m}[39m[31m[91m[33m.w-50[39m[31m[91m[33m{[39m[31m[91mwidth[33m:[39m[31m[91m100%!important[33m}[39m[31m[91m[33m.w-75[39m[31m[91m[33m{[39m[31m[91mwidth[33m:[39m[31m[91m100%!important[33m}[39m[31m[91m[33m.w-100[39m[31m[91m[33m{[39m[31m[91mwidth[33m:[39m[31m[91m100%!important[33m}[39m[31m[91m[33m.w-auto[39m[31m[91m[33m{[39m[31m[91mwidth[33m:[39m[31m[91mauto!important[33m}[39m[31m[91m[33m.h-25[39m[31m[91m[33m{[39m[31m[91mheight[33m:[39m[31m[91m100%!important[33m}[39m[31m[91m[33m.h-50[39m[31m[91m[33m{[39m[31m[91mheight[33m:[39m[31m[91m100%!important[33m}[39m[31m[91m[33m.h-75[39m[31m[91m[33m{[39m[31m[91mheight[33m:[39m[31m[91m100%!important[33m}[39m[31m[91m[33m.h-100[39m[31m[91m[33m{[39m[31m[91mheight[33m:[39m[31m[91m100%!important[33m}[39m[31m[91m[33m.h-auto[39m[31m[91m[33m{[39m[31m[91mheight[33m:[39m[31m[91mauto!important[33m}[39m[31m[91m[33m.mw-100[39m[31m[91m[33m{[39m[31m[91mmax-width[33m:[39m[31m[91m100%!important[33m}[39m[31m[91m[33m.mh-100[39m[31m[91m[[39m[22m[1m[31m33m{[39m[31m[91mmax-height[33m:[39m[31m[91m100%!important[33m}[39m[31m[91m[33m.min-vw-100[39m[31m[91m[33m{[39m[31m[91mmin-width[33m:[39m[31m[91m100vw!important[33m}[39m[31m[91m[33m.min-vh-100[39m[31m[91m[33m{[39m[31m[91mmin-height[33m:[39m[31m[91m100vh!important[33m}[39m[31m[91m[33m.vw-100[39m[31m[91m[33m{[39m[31m[91mwidth[33m:[39m[31m[91m100vw!important[33m}[39m[31m[91m[33m.vh-100[39m[31m[91m[33m{[39m[31m[91mheight[33m:[39m[31m[91m100vh!important[33m}[39m[31m[91m[33m.stretched-link[39m[31m[91m[33m:[39m[31m[91m[33m:[39m[31m[91mafter[33m{[39m[31m[91mposition[33m:[39m[31m[91mabsolute[33m;[39m[31m[91mtop[33m:[39m[31m[91m0[33m;[39m[31m[91mright[33m:[39m[31m[91m0[33m;[39m[31m[91mbottom[33m:[39m[31m[91m0[33m;[39m[31m[91mleft[33m:[39m[31m[91m0[33m;[39m[31m[91mz-index[33m:[39m[31m[91m1[33m;[39m[31m[91mpointer-events[33m:[39m[31m[91mauto[33m;[39m[31m[91mcontent[33m:[39m[31m[91m[32m""[39m[31m[91m[33m;[39m[31m[91mbackground-color[33m:[39m[31m[91m[36mrgba[39m[31m[91m[36m(0,0,0,0)[39m[31m[91m[33m}[39m[31m[91m[33m.m-0[39m[31m[91m[33m{[39m[31m[91mmargin[33m:[39m[31m[91m0 0!important[33m}[39m[31m[91m[33m.mt-0,.my-0[39m[31m[91m[33m{[39m[31m[91mmargin-top[33m:[39m[31m[91m0!important[33m}[39m[31m[91m[33m.mr-0,.mx-0[39m[31m[91m[33m{[39m[31m[91mmargin-right[33m:[39m[31m[91m0!important[33m}[39m[31m[91m[33m.mb-0,.my-0[39m[31m[91m[33m{[39m[31m[91mmargin-bottom[33m:[39m[31m[91m0!important[33m}[39m[31m[91m[33m.ml-0,.mx-0[39m[31m[91m[33m{[39m[31m[91mmargin-left[33m:[39m[31m[91m0!important[33m}[39m[31m[91m[33m.m-1[39m[31m[91m[33m{[39m[31m[91mmargin[33m:[39m[31m[91m0 0!important[33m}[39m[31m[91m[33m.mt-1,.my-1[39m[31m[91m[33m{[39m[31m[91mmargin-top[33m:[39m[31m[91m0!important[33m}[39m[31m[91m[33m.mr-1,.mx-1[39m[31m[91m[33m{[39m[31m[91mmargin-right[33m:[39m[31m[91m0!important[33m}[39m[31m[91m[33m.mb-1,.my-1[39m[31m[91m[33m{[39m[31m[91mmargin-bottom[33m:[39m[31m[91m0!important[33m}[39m[31m[91m[33m.ml-1,.mx-1[39m[31m[91m[33m{[39m[31m[91mmargin-left[33m:[39m[31m[91m0!important[33m}[39m[31m[91m[33m.m-2[39m[31m[91m[33m{[39m[31m[91mmargin[33m:[39m[31m[91m14px 8px!important[33m}[39m[31m[91[39m[22m[1m[31mm[33m.mt-2,.my-2[39m[31m[91m[33m{[39m[31m[91mmargin-top[33m:[39m[31m[91m14px!important[33m}[39m[31m[91m[33m.mr-2,.mx-2[39m[31m[91m[33m{[39m[31m[91mmargin-right[33m:[39m[31m[91m8px!important[33m}[39m[31m[91m[33m.mb-2,.my-2[39m[31m[91m[33m{[39m[31m[91mmargin-bottom[33m:[39m[31m[91m14px!important[33m}[39m[31m[91m[33m.ml-2,.mx-2[39m[31m[91m[33m{[39m[31m[91mmargin-left[33m:[39m[31m[91m8px!important[33m}[39m[31m[91m[33m.m-3[39m[31m[91m[33m{[39m[31m[91mmargin[33m:[39m[31m[91m14px 8px!important[33m}[39m[31m[91m[33m.mt-3,.my-3[39m[31m[91m[33m{[39m[31m[91mmargin-top[33m:[39m[31m[91m14px!important[33m}[39m[31m[91m[33m.mr-3,.mx-3[39m[31m[91m[33m{[39m[31m[91mmargin-right[33m:[39m[31m[91m8px!important[33m}[39m[31m[91m[33m.mb-3,.my-3[39m[31m[91m[33m{[39m[31m[91mmargin-bottom[33m:[39m[31m[91m14px!important[33m}[39m[31m[91m[33m.ml-3,.mx-3[39m[31m[91m[33m{[39m[31m[91mmargin-left[33m:[39m[31m[91m8px!important[33m}[39m[31m[91m[33m.m-4[39m[31m[91m[33m{[39m[31m[91mmargin[33m:[39m[31m[91m28px 16px!important[33m}[39m[31m[91m[33m.mt-4,.my-4[39m[31m[91m[33m{[39m[31m[91mmargin-top[33m:[39m[31m[91m28px!important[33m}[39m[31m[91m[33m.mr-4,.mx-4[39m[31m[91m[33m{[39m[31m[91mmargin-right[33m:[39m[31m[91m16px!important[33m}[39m[31m[91m[33m.mb-4,.my-4[39m[31m[91m[33m{[39m[31m[91mmargin-bottom[33m:[39m[31m[91m28px!important[33m}[39m[31m[91m[33m.ml-4,.mx-4[39m[31m[91m[33m{[39m[31m[91mmargin-left[33m:[39m[31m[91m16px!important[33m}[39m[31m[91m[33m.m-5[39m[31m[91m[33m{[39m[31m[91mmargin[33m:[39m[31m[91m28px 16px!important[33m}[39m[31m[91m[33m.mt-5,.my-5[39m[31m[91m[33m{[39m[31m[91mmargin-top[33m:[39m[31m[91m28px!important[33m}[39m[31m[91m[33m.mr-5,.mx-5[39m[31m[91m[33m{[39m[31m[91mmargin-right[33m:[39m[31m[91m16px!important[33m}[39m[31m[91m[33m.mb-5,.my-5[39m[31m[91m[33m{[39m[31m[91mmargin-bottom[33m:[39m[31m[91m28px!important[33m}[39m[31m[91m[33m.ml-5,.mx-5[39m[31m[91m[33m{[39m[31m[91mmargin-left[33m:[39m[31m[91m16px!important[33m}[39m[31m[91m[33m.m-6[39m[31m[91m[33m{[39m[31m[91mmargin[33m:[39m[31m[91m42px 24px!important[33m}[39m[31m[91m[33m.mt-6,.my-6[39m[31m[91m[33m{[39m[31m[91mma[39m[22m[1m[31mrgin-top[33m:[39m[31m[91m42px!important[33m}[39m[31m[91m[33m.mr-6,.mx-6[39m[31m[91m[33m{[39m[31m[91mmargin-right[33m:[39m[31m[91m24px!important[33m}[39m[31m[91m[33m.mb-6,.my-6[39m[31m[91m[33m{[39m[31m[91mmargin-bottom[33m:[39m[31m[91m42px!important[33m}[39m[31m[91m[33m.ml-6,.mx-6[39m[31m[91m[33m{[39m[31m[91mmargin-left[33m:[39m[31m[91m24px!important[33m}[39m[31m[91m[33m.p-0[39m[31m[91m[33m{[39m[31m[91mpadding[33m:[39m[31m[91m0 0!important[33m}[39m[31m[91m[33m.pt-0,.py-0[39m[31m[91m[33m{[39m[31m[91mpadding-top[33m:[39m[31m[91m0!important[33m}[39m[31m[91m[33m.pr-0,.px-0[39m[31m[91m[33m{[39m[31m[91mpadding-right[33m:[39m[31m[91m0!important[33m}[39m[31m[91m[33m.pb-0,.py-0[39m[31m[91m[33m{[39m[31m[91mpadding-bottom[33m:[39m[31m[91m0!important[33m}[39m[31m[91m[33m.pl-0,.px-0[39m[31m[91m[33m{[39m[31m[91mpadding-left[33m:[39m[31m[91m0!important[33m}[39m[31m[91m[33m.p-1[39m[31m[91m[33m{[39m[31m[91mpadding[33m:[39m[31m[91m0 0!important[33m}[39m[31m[91m[33m.pt-1,.py-1[39m[31m[91m[33m{[39m[31m[91mpadding-top[33m:[39m[31m[91m0!important[33m}[39m[31m[91m[33m.pr-1,.px-1[39m[31m[91m[33m{[39m[31m[91mpadding-right[33m:[39m[31m[91m0!important[33m}[39m[31m[91m[33m.pb-1,.py-1[39m[31m[91m[33m{[39m[31m[91mpadding-bottom[33m:[39m[31m[91m0!important[33m}[39m[31m[91m[33m.pl-1,.px-1[39m[31m[91m[33m{[39m[31m[91mpadding-left[33m:[39m[31m[91m0!important[33m}[39m[31m[91m[33m.p-2[39m[31m[91m[33m{[39m[31m[91mpadding[33m:[39m[31m[91m14px 8px!important[33m}[39m[31m[91m[33m.pt-2,.py-2[39m[31m[91m[33m{[39m[31m[91mpadding-top[33m:[39m[31m[91m14px!important[33m}[39m[31m[91m[33m.pr-2,.px-2[39m[31m[91m[33m{[39m[31m[91mpadding-right[33m:[39m[31m[91m8px!important[33m}[39m[31m[91m[33m.pb-2,.py-2[39m[31m[91m[33m{[39m[31m[91mpadding-bottom[33m:[39m[31m[91m14px!important[33m}[39m[31m[91m[33m.pl-2,.px-2[39m[31m[91m[33m{[39m[31m[91mpadding-left[33m:[39m[31m[91m8px!important[33m}[39m[31m[91m[33m.p-3[39m[31m[91m[33m{[39m[31m[91mpadding[33m:[39m[31m[91m14px 8px!important[33m}[39m[31m[91m[33m.pt-3,.py-3[39m[31m[91m[33m{[39m[31m[91mpadding-top[33m:[39m[31m[91m14px!important[33m}[39m[31m[91m[33m.pr-[39m[22m[1m[31m3,.px-3[39m[31m[91m[33m{[39m[31m[91mpadding-right[33m:[39m[31m[91m8px!important[33m}[39m[31m[91m[33m.pb-3,.py-3[39m[31m[91m[33m{[39m[31m[91mpadding-bottom[33m:[39m[31m[91m14px!important[33m}[39m[31m[91m[33m.pl-3,.px-3[39m[31m[91m[33m{[39m[31m[91mpadding-left[33m:[39m[31m[91m8px!important[33m}[39m[31m[91m[33m.p-4[39m[31m[91m[33m{[39m[31m[91mpadding[33m:[39m[31m[91m28px 16px!important[33m}[39m[31m[91m[33m.pt-4,.py-4[39m[31m[91m[33m{[39m[31m[91mpadding-top[33m:[39m[31m[91m28px!important[33m}[39m[31m[91m[33m.pr-4,.px-4[39m[31m[91m[33m{[39m[31m[91mpadding-right[33m:[39m[31m[91m16px!important[33m}[39m[31m[91m[33m.pb-4,.py-4[39m[31m[91m[33m{[39m[31m[91mpadding-bottom[33m:[39m[31m[91m28px!important[33m}[39m[31m[91m[33m.pl-4,.px-4[39m[31m[91m[33m{[39m[31m[91mpadding-left[33m:[39m[31m[91m16px!important[33m}[39m[31m[91m[33m.p-5[39m[31m[91m[33m{[39m[31m[91mpadding[33m:[39m[31m[91m28px 16px!important[33m}[39m[31m[91m[33m.pt-5,.py-5[39m[31m[91m[33m{[39m[31m[91mpadding-top[33m:[39m[31m[91m28px!important[33m}[39m[31m[91m[33m.pr-5,.px-5[39m[31m[91m[33m{[39m[31m[91mpadding-right[33m:[39m[31m[91m16px!important[33m}[39m[31m[91m[33m.pb-5,.py-5[39m[31m[91m[33m{[39m[31m[91mpadding-bottom[33m:[39m[31m[91m28px!important[33m}[39m[31m[91m[33m.pl-5,.px-5[39m[31m[91m[33m{[39m[31m[91mpadding-left[33m:[39m[31m[91m16px!important[33m}[39m[31m[91m[33m.p-6[39m[31m[91m[33m{[39m[31m[91mpadding[33m:[39m[31m[91m42px 24px!important[33m}[39m[31m[91m[33m.pt-6,.py-6[39m[31m[91m[33m{[39m[31m[91mpadding-top[33m:[39m[31m[91m42px!important[33m}[39m[31m[91m[33m.pr-6,.px-6[39m[31m[91m[33m{[39m[31m[91mpadding-right[33m:[39m[31m[91m24px!important[33m}[39m[31m[91m[33m.pb-6,.py-6[39m[31m[91m[33m{[39m[31m[91mpadding-bottom[33m:[39m[31m[91m42px!important[33m}[39m[31m[91m[33m.pl-6,.px-6[39m[31m[91m[33m{[39m[31m[91mpadding-left[33m:[39m[31m[91m24px!important[33m}[39m[31m[91m[33m.m-n1[39m[31m[91m[33m{[39m[31m[91mmargin[33m:[39m[31m[91m0!important[33m}[39m[31m[91m[33m.mt-n1,.my-n1[39m[31m[91m[33m{[39m[31m[91mmargin-top[33m:[39m[31m[91m0!important[33m}[39m[31m[91m[33m.mr-n1,.mx-n1[39m[31m[91m[33m{[39m[31m[[39m[22m[1m[31m91mmargin-right[33m:[39m[31m[91m0!important[33m}[39m[31m[91m[33m.mb-n1,.my-n1[39m[31m[91m[33m{[39m[31m[91mmargin-bottom[33m:[39m[31m[91m0!important[33m}[39m[31m[91m[33m.ml-n1,.mx-n1[39m[31m[91m[33m{[39m[31m[91mmargin-left[33m:[39m[31m[91m0!important[33m}[39m[31m[91m[33m.m-n2[39m[31m[91m[33m{[39m[31m[91mmargin[33m:[39m[31m[91m-22px!important[33m}[39m[31m[91m[33m.mt-n2,.my-n2[39m[31m[91m[33m{[39m[31m[91mmargin-top[33m:[39m[31m[91m-14px!important[33m}[39m[31m[91m[33m.mr-n2,.mx-n2[39m[31m[91m[33m{[39m[31m[91mmargin-right[33m:[39m[31m[91m-8px!important[33m}[39m[31m[91m[33m.mb-n2,.my-n2[39m[31m[91m[33m{[39m[31m[91mmargin-bottom[33m:[39m[31m[91m-14px!important[33m}[39m[31m[91m[33m.ml-n2,.mx-n2[39m[31m[91m[33m{[39m[31m[91mmargin-left[33m:[39m[31m[91m-8px!important[33m}[39m[31m[91m[33m.m-n3[39m[31m[91m[33m{[39m[31m[91mmargin[33m:[39m[31m[91m-22px!important[33m}[39m[31m[91m[33m.mt-n3,.my-n3[39m[31m[91m[33m{[39m[31m[91mmargin-top[33m:[39m[31m[91m-14px!important[33m}[39m[31m[91m[33m.mr-n3,.mx-n3[39m[31m[91m[33m{[39m[31m[91mmargin-right[33m:[39m[31m[91m-8px!important[33m}[39m[31m[91m[33m.mb-n3,.my-n3[39m[31m[91m[33m{[39m[31m[91mmargin-bottom[33m:[39m[31m[91m-14px!important[33m}[39m[31m[91m[33m.ml-n3,.mx-n3[39m[31m[91m[33m{[39m[31m[91mmargin-left[33m:[39m[31m[91m-8px!important[33m}[39m[31m[91m[33m.m-n4[39m[31m[91m[33m{[39m[31m[91mmargin[33m:[39m[31m[91m-44px!important[33m}[39m[31m[91m[33m.mt-n4,.my-n4[39m[31m[91m[33m{[39m[31m[91mmargin-top[33m:[39m[31m[91m-28px!important[33m}[39m[31m[91m[33m.mr-n4,.mx-n4[39m[31m[91m[33m{[39m[31m[91mmargin-right[33m:[39m[31m[91m-16px!important[33m}[39m[31m[91m[33m.mb-n4,.my-n4[39m[31m[91m[33m{[39m[31m[91mmargin-bottom[33m:[39m[31m[91m-28px!important[33m}[39m[31m[91m[33m.ml-n4,.mx-n4[39m[31m[91m[33m{[39m[31m[91mmargin-left[33m:[39m[31m[91m-16px!important[33m}[39m[31m[91m[33m.m-n5[39m[31m[91m[33m{[39m[31m[91mmargin[33m:[39m[31m[91m-44px!important[33m}[39m[31m[91m[33m.mt-n5,.my-n5[39m[31m[91m[33m{[39m[31m[91mmargin-top[33m:[39m[31m[91m-28px!important[33m}[39m[31m[91m[33m.mr-n5,.mx-n5[39m[31m[91m[33m{[39m[31m[91mmargin-right[33m[39m[22m[1m[31m:[39m[31m[91m-16px!important[33m}[39m[31m[91m[33m.mb-n5,.my-n5[39m[31m[91m[33m{[39m[31m[91mmargin-bottom[33m:[39m[31m[91m-28px!important[33m}[39m[31m[91m[33m.ml-n5,.mx-n5[39m[31m[91m[33m{[39m[31m[91mmargin-left[33m:[39m[31m[91m-16px!important[33m}[39m[31m[91m[33m.m-n6[39m[31m[91m[33m{[39m[31m[91mmargin[33m:[39m[31m[91m-66px!important[33m}[39m[31m[91m[33m.mt-n6,.my-n6[39m[31m[91m[33m{[39m[31m[91mmargin-top[33m:[39m[31m[91m-42px!important[33m}[39m[31m[91m[33m.mr-n6,.mx-n6[39m[31m[91m[33m{[39m[31m[91mmargin-right[33m:[39m[31m[91m-24px!important[33m}[39m[31m[91m[33m.mb-n6,.my-n6[39m[31m[91m[33m{[39m[31m[91mmargin-bottom[33m:[39m[31m[91m-42px!important[33m}[39m[31m[91m[33m.ml-n6,.mx-n6[39m[31m[91m[33m{[39m[31m[91mmargin-left[33m:[39m[31m[91m-24px!important[33m}[39m[31m[91m[33m.m-auto[39m[31m[91m[33m{[39m[31m[91mmargin[33m:[39m[31m[91mauto!important[33m}[39m[31m[91m[33m.mt-auto,.my-auto[39m[31m[91m[33m{[39m[31m[91mmargin-top[33m:[39m[31m[91mauto!important[33m}[39m[31m[91m[33m.mr-auto,.mx-auto[39m[31m[91m[33m{[39m[31m[91mmargin-right[33m:[39m[31m[91mauto!important[33m}[39m[31m[91m[33m.mb-auto,.my-auto[39m[31m[91m[33m{[39m[31m[91mmargin-bottom[33m:[39m[31m[91mauto!important[33m}[39m[31m[91m[33m.ml-auto,.mx-auto[39m[31m[91m[33m{[39m[31m[91mmargin-left[33m:[39m[31m[91mauto!important[33m}[39m[31m[91m[36m@media[39m[31m[91m[36m [39m[31m[91m[36m(min-width:576px)[39m[31m[91m[33m{[39m[31m[91m[33m.m-sm-0[39m[31m[91m[33m{[39m[31m[91mmargin[33m:[39m[31m[91m0 0!important[33m}[39m[31m[91m[33m.mt-sm-0,.my-sm-0[39m[31m[91m[33m{[39m[31m[91mmargin-top[33m:[39m[31m[91m0!important[33m}[39m[31m[91m[33m.mr-sm-0,.mx-sm-0[39m[31m[91m[33m{[39m[31m[91mmargin-right[33m:[39m[31m[91m0!important[33m}[39m[31m[91m[33m.mb-sm-0,.my-sm-0[39m[31m[91m[33m{[39m[31m[91mmargin-bottom[33m:[39m[31m[91m0!important[33m}[39m[31m[91m[33m.ml-sm-0,.mx-sm-0[39m[31m[91m[33m{[39m[31m[91mmargin-left[33m:[39m[31m[91m0!important[33m}[39m[31m[91m[33m.m-sm-1[39m[31m[91m[33m{[39m[31m[91mmargin[33m:[39m[31m[91m0 0!important[33m}[39m[31m[91m[33m.mt-sm-1,.my-sm-1[39m[31m[91m[33m{[39m[31m[91mmargin-top[33m:[39[39m[22m[1m[31mm[91m0!important[33m}[39m[31m[91m[33m.mr-sm-1,.mx-sm-1[39m[31m[91m[33m{[39m[31m[91mmargin-right[33m:[39m[31m[91m0!important[33m}[39m[31m[91m[33m.mb-sm-1,.my-sm-1[39m[31m[91m[33m{[39m[31m[91mmargin-bottom[33m:[39m[31m[91m0!important[33m}[39m[31m[91m[33m.ml-sm-1,.mx-sm-1[39m[31m[91m[33m{[39m[31m[91mmargin-left[33m:[39m[31m[91m0!important[33m}[39m[31m[91m[33m.m-sm-2[39m[31m[91m[33m{[39m[31m[91mmargin[33m:[39m[31m[91m14px 8px!important[33m}[39m[31m[91m[33m.mt-sm-2,.my-sm-2[39m[31m[91m[33m{[39m[31m[91mmargin-top[33m:[39m[31m[91m14px!important[33m}[39m[31m[91m[33m.mr-sm-2,.mx-sm-2[39m[31m[91m[33m{[39m[31m[91mmargin-right[33m:[39m[31m[91m8px!important[33m}[39m[31m[91m[33m.mb-sm-2,.my-sm-2[39m[31m[91m[33m{[39m[31m[91mmargin-bottom[33m:[39m[31m[91m14px!important[33m}[39m[31m[91m[33m.ml-sm-2,.mx-sm-2[39m[31m[91m[33m{[39m[31m[91mmargin-left[33m:[39m[31m[91m8px!important[33m}[39m[31m[91m[33m.m-sm-3[39m[31m[91m[33m{[39m[31m[91mmargin[33m:[39m[31m[91m14px 8px!important[33m}[39m[31m[91m[33m.mt-sm-3,.my-sm-3[39m[31m[91m[33m{[39m[31m[91mmargin-top[33m:[39m[31m[91m14px!important[33m}[39m[31m[91m[33m.mr-sm-3,.mx-sm-3[39m[31m[91m[33m{[39m[31m[91mmargin-right[33m:[39m[31m[91m8px!important[33m}[39m[31m[91m[33m.mb-sm-3,.my-sm-3[39m[31m[91m[33m{[39m[31m[91mmargin-bottom[33m:[39m[31m[91m14px!important[33m}[39m[31m[91m[33m.ml-sm-3,.mx-sm-3[39m[31m[91m[33m{[39m[31m[91mmargin-left[33m:[39m[31m[91m8px!important[33m}[39m[31m[91m[33m.m-sm-4[39m[31m[91m[33m{[39m[31m[91mmargin[33m:[39m[31m[91m28px 16px!important[33m}[39m[31m[91m[33m.mt-sm-4,.my-sm-4[39m[31m[91m[33m{[39m[31m[91mmargin-top[33m:[39m[31m[91m28px!important[33m}[39m[31m[91m[33m.mr-sm-4,.mx-sm-4[39m[31m[91m[33m{[39m[31m[91mmargin-right[33m:[39m[31m[91m16px!important[33m}[39m[31m[91m[33m.mb-sm-4,.my-sm-4[39m[31m[91m[33m{[39m[31m[91mmargin-bottom[33m:[39m[31m[91m28px!important[33m}[39m[31m[91m[33m.ml-sm-4,.mx-sm-4[39m[31m[91m[33m{[39m[31m[91mmargin-left[33m:[39m[31m[91m16px!important[33m}[39m[31m[91m[33m.m-sm-5[39m[31m[91m[33m{[39m[31m[91mmargin[33m:[39m[31m[91m28px 16px!important[33m}[39m[31m[91m[33m.mt-sm-5,.my-[39m[22m[1m[31msm-5[39m[31m[91m[33m{[39m[31m[91mmargin-top[33m:[39m[31m[91m28px!important[33m}[39m[31m[91m[33m.mr-sm-5,.mx-sm-5[39m[31m[91m[33m{[39m[31m[91mmargin-right[33m:[39m[31m[91m16px!important[33m}[39m[31m[91m[33m.mb-sm-5,.my-sm-5[39m[31m[91m[33m{[39m[31m[91mmargin-bottom[33m:[39m[31m[91m28px!important[33m}[39m[31m[91m[33m.ml-sm-5,.mx-sm-5[39m[31m[91m[33m{[39m[31m[91mmargin-left[33m:[39m[31m[91m16px!important[33m}[39m[31m[91m[33m.m-sm-6[39m[31m[91m[33m{[39m[31m[91mmargin[33m:[39m[31m[91m42px 24px!important[33m}[39m[31m[91m[33m.mt-sm-6,.my-sm-6[39m[31m[91m[33m{[39m[31m[91mmargin-top[33m:[39m[31m[91m42px!important[33m}[39m[31m[91m[33m.mr-sm-6,.mx-sm-6[39m[31m[91m[33m{[39m[31m[91mmargin-right[33m:[39m[31m[91m24px!important[33m}[39m[31m[91m[33m.mb-sm-6,.my-sm-6[39m[31m[91m[33m{[39m[31m[91mmargin-bottom[33m:[39m[31m[91m42px!important[33m}[39m[31m[91m[33m.ml-sm-6,.mx-sm-6[39m[31m[91m[33m{[39m[31m[91mmargin-left[33m:[39m[31m[91m24px!important[33m}[39m[31m[91m[33m.p-sm-0[39m[31m[91m[33m{[39m[31m[91mpadding[33m:[39m[31m[91m0 0!important[33m}[39m[31m[91m[33m.pt-sm-0,.py-sm-0[39m[31m[91m[33m{[39m[31m[91mpadding-top[33m:[39m[31m[91m0!important[33m}[39m[31m[91m[33m.pr-sm-0,.px-sm-0[39m[31m[91m[33m{[39m[31m[91mpadding-right[33m:[39m[31m[91m0!important[33m}[39m[31m[91m[33m.pb-sm-0,.py-sm-0[39m[31m[91m[33m{[39m[31m[91mpadding-bottom[33m:[39m[31m[91m0!important[33m}[39m[31m[91m[33m.pl-sm-0,.px-sm-0[39m[31m[91m[33m{[39m[31m[91mpadding-left[33m:[39m[31m[91m0!important[33m}[39m[31m[91m[33m.p-sm-1[39m[31m[91m[33m{[39m[31m[91mpadding[33m:[39m[31m[91m0 0!important[33m}[39m[31m[91m[33m.pt-sm-1,.py-sm-1[39m[31m[91m[33m{[39m[31m[91mpadding-top[33m:[39m[31m[91m0!important[33m}[39m[31m[91m[33m.pr-sm-1,.px-sm-1[39m[31m[91m[33m{[39m[31m[91mpadding-right[33m:[39m[31m[91m0!important[33m}[39m[31m[91m[33m.pb-sm-1,.py-sm-1[39m[31m[91m[33m{[39m[31m[91mpadding-bottom[33m:[39m[31m[91m0!important[33m}[39m[31m[91m[33m.pl-sm-1,.px-sm-1[39m[31m[91m[33m{[39m[31m[91mpadding-left[33m:[39m[31m[91m0!important[33m}[39m[31m[91m[33m.p-sm-2[39m[31m[91m[33m{[39m[31m[91mpadding[33m:[39m[31m[91m14px 8px!i[39m[22m[1m[31mmportant[33m}[39m[31m[91m[33m.pt-sm-2,.py-sm-2[39m[31m[91m[33m{[39m[31m[91mpadding-top[33m:[39m[31m[91m14px!important[33m}[39m[31m[91m[33m.pr-sm-2,.px-sm-2[39m[31m[91m[33m{[39m[31m[91mpadding-right[33m:[39m[31m[91m8px!important[33m}[39m[31m[91m[33m.pb-sm-2,.py-sm-2[39m[31m[91m[33m{[39m[31m[91mpadding-bottom[33m:[39m[31m[91m14px!important[33m}[39m[31m[91m[33m.pl-sm-2,.px-sm-2[39m[31m[91m[33m{[39m[31m[91mpadding-left[33m:[39m[31m[91m8px!important[33m}[39m[31m[91m[33m.p-sm-3[39m[31m[91m[33m{[39m[31m[91mpadding[33m:[39m[31m[91m14px 8px!important[33m}[39m[31m[91m[33m.pt-sm-3,.py-sm-3[39m[31m[91m[33m{[39m[31m[91mpadding-top[33m:[39m[31m[91m14px!important[33m}[39m[31m[91m[33m.pr-sm-3,.px-sm-3[39m[31m[91m[33m{[39m[31m[91mpadding-right[33m:[39m[31m[91m8px!important[33m}[39m[31m[91m[33m.pb-sm-3,.py-sm-3[39m[31m[91m[33m{[39m[31m[91mpadding-bottom[33m:[39m[31m[91m14px!important[33m}[39m[31m[91m[33m.pl-sm-3,.px-sm-3[39m[31m[91m[33m{[39m[31m[91mpadding-left[33m:[39m[31m[91m8px!important[33m}[39m[31m[91m[33m.p-sm-4[39m[31m[91m[33m{[39m[31m[91mpadding[33m:[39m[31m[91m28px 16px!important[33m}[39m[31m[91m[33m.pt-sm-4,.py-sm-4[39m[31m[91m[33m{[39m[31m[91mpadding-top[33m:[39m[31m[91m28px!important[33m}[39m[31m[91m[33m.pr-sm-4,.px-sm-4[39m[31m[91m[33m{[39m[31m[91mpadding-right[33m:[39m[31m[91m16px!important[33m}[39m[31m[91m[33m.pb-sm-4,.py-sm-4[39m[31m[91m[33m{[39m[31m[91mpadding-bottom[33m:[39m[31m[91m28px!important[33m}[39m[31m[91m[33m.pl-sm-4,.px-sm-4[39m[31m[91m[33m{[39m[31m[91mpadding-left[33m:[39m[31m[91m16px!important[33m}[39m[31m[91m[33m.p-sm-5[39m[31m[91m[33m{[39m[31m[91mpadding[33m:[39m[31m[91m28px 16px!important[33m}[39m[31m[91m[33m.pt-sm-5,.py-sm-5[39m[31m[91m[33m{[39m[31m[91mpadding-top[33m:[39m[31m[91m28px!important[33m}[39m[31m[91m[33m.pr-sm-5,.px-sm-5[39m[31m[91m[33m{[39m[31m[91mpadding-right[33m:[39m[31m[91m16px!important[33m}[39m[31m[91m[33m.pb-sm-5,.py-sm-5[39m[31m[91m[33m{[39m[31m[91mpadding-bottom[33m:[39m[31m[91m28px!important[33m}[39m[31m[91m[33m.pl-sm-5,.px-sm-5[39m[31m[91m[33m{[39m[31m[91mpadding-left[33m:[39m[31m[91m16px!important[33m[39m[22m[1m[31m}[39m[31m[91m[33m.p-sm-6[39m[31m[91m[33m{[39m[31m[91mpadding[33m:[39m[31m[91m42px 24px!important[33m}[39m[31m[91m[33m.pt-sm-6,.py-sm-6[39m[31m[91m[33m{[39m[31m[91mpadding-top[33m:[39m[31m[91m42px!important[33m}[39m[31m[91m[33m.pr-sm-6,.px-sm-6[39m[31m[91m[33m{[39m[31m[91mpadding-right[33m:[39m[31m[91m24px!important[33m}[39m[31m[91m[33m.pb-sm-6,.py-sm-6[39m[31m[91m[33m{[39m[31m[91mpadding-bottom[33m:[39m[31m[91m42px!important[33m}[39m[31m[91m[33m.pl-sm-6,.px-sm-6[39m[31m[91m[33m{[39m[31m[91mpadding-left[33m:[39m[31m[91m24px!important[33m}[39m[31m[91m[33m.m-sm-n1[39m[31m[91m[33m{[39m[31m[91mmargin[33m:[39m[31m[91m0!important[33m}[39m[31m[91m[33m.mt-sm-n1,.my-sm-n1[39m[31m[91m[33m{[39m[31m[91mmargin-top[33m:[39m[31m[91m0!important[33m}[39m[31m[91m[33m.mr-sm-n1,.mx-sm-n1[39m[31m[91m[33m{[39m[31m[91mmargin-right[33m:[39m[31m[91m0!important[33m}[39m[31m[91m[33m.mb-sm-n1,.my-sm-n1[39m[31m[91m[33m{[39m[31m[91mmargin-bottom[33m:[39m[31m[91m0!important[33m}[39m[31m[91m[33m.ml-sm-n1,.mx-sm-n1[39m[31m[91m[33m{[39m[31m[91mmargin-left[33m:[39m[31m[91m0!important[33m}[39m[31m[91m[33m.m-sm-n2[39m[31m[91m[33m{[39m[31m[91mmargin[33m:[39m[31m[91m-22px!important[33m}[39m[31m[91m[33m.mt-sm-n2,.my-sm-n2[39m[31m[91m[33m{[39m[31m[91mmargin-top[33m:[39m[31m[91m-14px!important[33m}[39m[31m[91m[33m.mr-sm-n2,.mx-sm-n2[39m[31m[91m[33m{[39m[31m[91mmargin-right[33m:[39m[31m[91m-8px!important[33m}[39m[31m[91m[33m.mb-sm-n2,.my-sm-n2[39m[31m[91m[33m{[39m[31m[91mmargin-bottom[33m:[39m[31m[91m-14px!important[33m}[39m[31m[91m[33m.ml-sm-n2,.mx-sm-n2[39m[31m[91m[33m{[39m[31m[91mmargin-left[33m:[39m[31m[91m-8px!important[33m}[39m[31m[91m[33m.m-sm-n3[39m[31m[91m[33m{[39m[31m[91mmargin[33m:[39m[31m[91m-22px!important[33m}[39m[31m[91m[33m.mt-sm-n3,.my-sm-n3[39m[31m[91m[33m{[39m[31m[91mmargin-top[33m:[39m[31m[91m-14px!important[33m}[39m[31m[91m[33m.mr-sm-n3,.mx-sm-n3[39m[31m[91m[33m{[39m[31m[91mmargin-right[33m:[39m[31m[91m-8px!important[33m}[39m[31m[91m[33m.mb-sm-n3,.my-sm-n3[39m[31m[91m[33m{[39m[31m[91mmargin-bottom[33m:[39m[31m[91m-14px!important[33m}[39m[31m[91m[33m.ml-sm-n3,.mx-s[39m[22m[1m[31mm-n3[39m[31m[91m[33m{[39m[31m[91mmargin-left[33m:[39m[31m[91m-8px!important[33m}[39m[31m[91m[33m.m-sm-n4[39m[31m[91m[33m{[39m[31m[91mmargin[33m:[39m[31m[91m-44px!important[33m}[39m[31m[91m[33m.mt-sm-n4,.my-sm-n4[39m[31m[91m[33m{[39m[31m[91mmargin-top[33m:[39m[31m[91m-28px!important[33m}[39m[31m[91m[33m.mr-sm-n4,.mx-sm-n4[39m[31m[91m[33m{[39m[31m[91mmargin-right[33m:[39m[31m[91m-16px!important[33m}[39m[31m[91m[33m.mb-sm-n4,.my-sm-n4[39m[31m[91m[33m{[39m[31m[91mmargin-bottom[33m:[39m[31m[91m-28px!important[33m}[39m[31m[91m[33m.ml-sm-n4,.mx-sm-n4[39m[31m[91m[33m{[39m[31m[91mmargin-left[33m:[39m[31m[91m-16px!important[33m}[39m[31m[91m[33m.m-sm-n5[39m[31m[91m[33m{[39m[31m[91mmargin[33m:[39m[31m[91m-44px!important[33m}[39m[31m[91m[33m.mt-sm-n5,.my-sm-n5[39m[31m[91m[33m{[39m[31m[91mmargin-top[33m:[39m[31m[91m-28px!important[33m}[39m[31m[91m[33m.mr-sm-n5,.mx-sm-n5[39m[31m[91m[33m{[39m[31m[91mmargin-right[33m:[39m[31m[91m-16px!important[33m}[39m[31m[91m[33m.mb-sm-n5,.my-sm-n5[39m[31m[91m[33m{[39m[31m[91mmargin-bottom[33m:[39m[31m[91m-28px!important[33m}[39m[31m[91m[33m.ml-sm-n5,.mx-sm-n5[39m[31m[91m[33m{[39m[31m[91mmargin-left[33m:[39m[31m[91m-16px!important[33m}[39m[31m[91m[33m.m-sm-n6[39m[31m[91m[33m{[39m[31m[91mmargin[33m:[39m[31m[91m-66px!important[33m}[39m[31m[91m[33m.mt-sm-n6,.my-sm-n6[39m[31m[91m[33m{[39m[31m[91mmargin-top[33m:[39m[31m[91m-42px!important[33m}[39m[31m[91m[33m.mr-sm-n6,.mx-sm-n6[39m[31m[91m[33m{[39m[31m[91mmargin-right[33m:[39m[31m[91m-24px!important[33m}[39m[31m[91m[33m.mb-sm-n6,.my-sm-n6[39m[31m[91m[33m{[39m[31m[91mmargin-bottom[33m:[39m[31m[91m-42px!important[33m}[39m[31m[91m[33m.ml-sm-n6,.mx-sm-n6[39m[31m[91m[33m{[39m[31m[91mmargin-left[33m:[39m[31m[91m-24px!important[33m}[39m[31m[91m[33m.m-sm-auto[39m[31m[91m[33m{[39m[31m[91mmargin[33m:[39m[31m[91mauto!important[33m}[39m[31m[91m[33m.mt-sm-auto,.my-sm-auto[39m[31m[91m[33m{[39m[31m[91mmargin-top[33m:[39m[31m[91mauto!important[33m}[39m[31m[91m[33m.mr-sm-auto,.mx-sm-auto[39m[31m[91m[33m{[39m[31m[91mmargin-right[33m:[39m[31m[91mauto!important[33m}[39m[31m[91m[33m.mb-sm-auto,.my[39m[22m[1m[31m-sm-auto[39m[31m[91m[33m{[39m[31m[91mmargin-bottom[33m:[39m[31m[91mauto!important[33m}[39m[31m[91m[33m.ml-sm-auto,.mx-sm-auto[39m[31m[91m[33m{[39m[31m[91mmargin-left[33m:[39m[31m[91mauto!important[33m}[39m[31m[91m[33m}[39m[31m[91m[36m@media[39m[31m[91m[36m [39m[31m[91m[36m(min-width:768px)[39m[31m[91m[33m{[39m[31m[91m[33m.m-md-0[39m[31m[91m[33m{[39m[31m[91mmargin[33m:[39m[31m[91m0 0!important[33m}[39m[31m[91m[33m.mt-md-0,.my-md-0[39m[31m[91m[33m{[39m[31m[91mmargin-top[33m:[39m[31m[91m0!important[33m}[39m[31m[91m[33m.mr-md-0,.mx-md-0[39m[31m[91m[33m{[39m[31m[91mmargin-right[33m:[39m[31m[91m0!important[33m}[39m[31m[91m[33m.mb-md-0,.my-md-0[39m[31m[91m[33m{[39m[31m[91mmargin-bottom[33m:[39m[31m[91m0!important[33m}[39m[31m[91m[33m.ml-md-0,.mx-md-0[39m[31m[91m[33m{[39m[31m[91mmargin-left[33m:[39m[31m[91m0!important[33m}[39m[31m[91m[33m.m-md-1[39m[31m[91m[33m{[39m[31m[91mmargin[33m:[39m[31m[91m0 0!important[33m}[39m[31m[91m[33m.mt-md-1,.my-md-1[39m[31m[91m[33m{[39m[31m[91mmargin-top[33m:[39m[31m[91m0!important[33m}[39m[31m[91m[33m.mr-md-1,.mx-md-1[39m[31m[91m[33m{[39m[31m[91mmargin-right[33m:[39m[31m[91m0!important[33m}[39m[31m[91m[33m.mb-md-1,.my-md-1[39m[31m[91m[33m{[39m[31m[91mmargin-bottom[33m:[39m[31m[91m0!important[33m}[39m[31m[91m[33m.ml-md-1,.mx-md-1[39m[31m[91m[33m{[39m[31m[91mmargin-left[33m:[39m[31m[91m0!important[33m}[39m[31m[91m[33m.m-md-2[39m[31m[91m[33m{[39m[31m[91mmargin[33m:[39m[31m[91m14px 8px!important[33m}[39m[31m[91m[33m.mt-md-2,.my-md-2[39m[31m[91m[33m{[39m[31m[91mmargin-top[33m:[39m[31m[91m14px!important[33m}[39m[31m[91m[33m.mr-md-2,.mx-md-2[39m[31m[91m[33m{[39m[31m[91mmargin-right[33m:[39m[31m[91m8px!important[33m}[39m[31m[91m[33m.mb-md-2,.my-md-2[39m[31m[91m[33m{[39m[31m[91mmargin-bottom[33m:[39m[31m[91m14px!important[33m}[39m[31m[91m[33m.ml-md-2,.mx-md-2[39m[31m[91m[33m{[39m[31m[91mmargin-left[33m:[39m[31m[91m8px!important[33m}[39m[31m[91m[33m.m-md-3[39m[31m[91m[33m{[39m[31m[91mmargin[33m:[39m[31m[91m14px 8px!important[33m}[39m[31m[91m[33m.mt-md-3,.my-md-3[39m[31m[91m[33m{[39m[31m[91mmargin-top[33m:[39m[31m[91m14px!important[39m[22m[1m[31m[33m}[39m[31m[91m[33m.mr-md-3,.mx-md-3[39m[31m[91m[33m{[39m[31m[91mmargin-right[33m:[39m[31m[91m8px!important[33m}[39m[31m[91m[33m.mb-md-3,.my-md-3[39m[31m[91m[33m{[39m[31m[91mmargin-bottom[33m:[39m[31m[91m14px!important[33m}[39m[31m[91m[33m.ml-md-3,.mx-md-3[39m[31m[91m[33m{[39m[31m[91mmargin-left[33m:[39m[31m[91m8px!important[33m}[39m[31m[91m[33m.m-md-4[39m[31m[91m[33m{[39m[31m[91mmargin[33m:[39m[31m[91m28px 16px!important[33m}[39m[31m[91m[33m.mt-md-4,.my-md-4[39m[31m[91m[33m{[39m[31m[91mmargin-top[33m:[39m[31m[91m28px!important[33m}[39m[31m[91m[33m.mr-md-4,.mx-md-4[39m[31m[91m[33m{[39m[31m[91mmargin-right[33m:[39m[31m[91m16px!important[33m}[39m[31m[91m[33m.mb-md-4,.my-md-4[39m[31m[91m[33m{[39m[31m[91mmargin-bottom[33m:[39m[31m[91m28px!important[33m}[39m[31m[91m[33m.ml-md-4,.mx-md-4[39m[31m[91m[33m{[39m[31m[91mmargin-left[33m:[39m[31m[91m16px!important[33m}[39m[31m[91m[33m.m-md-5[39m[31m[91m[33m{[39m[31m[91mmargin[33m:[39m[31m[91m28px 16px!important[33m}[39m[31m[91m[33m.mt-md-5,.my-md-5[39m[31m[91m[33m{[39m[31m[91mmargin-top[33m:[39m[31m[91m28px!important[33m}[39m[31m[91m[33m.mr-md-5,.mx-md-5[39m[31m[91m[33m{[39m[31m[91mmargin-right[33m:[39m[31m[91m16px!important[33m}[39m[31m[91m[33m.mb-md-5,.my-md-5[39m[31m[91m[33m{[39m[31m[91mmargin-bottom[33m:[39m[31m[91m28px!important[33m}[39m[31m[91m[33m.ml-md-5,.mx-md-5[39m[31m[91m[33m{[39m[31m[91mmargin-left[33m:[39m[31m[91m16px!important[33m}[39m[31m[91m[33m.m-md-6[39m[31m[91m[33m{[39m[31m[91mmargin[33m:[39m[31m[91m42px 24px!important[33m}[39m[31m[91m[33m.mt-md-6,.my-md-6[39m[31m[91m[33m{[39m[31m[91mmargin-top[33m:[39m[31m[91m42px!important[33m}[39m[31m[91m[33m.mr-md-6,.mx-md-6[39m[31m[91m[33m{[39m[31m[91mmargin-right[33m:[39m[31m[91m24px!important[33m}[39m[31m[91m[33m.mb-md-6,.my-md-6[39m[31m[91m[33m{[39m[31m[91mmargin-bottom[33m:[39m[31m[91m42px!important[33m}[39m[31m[91m[33m.ml-md-6,.mx-md-6[39m[31m[91m[33m{[39m[31m[91mmargin-left[33m:[39m[31m[91m24px!important[33m}[39m[31m[91m[33m.p-md-0[39m[31m[91m[33m{[39m[31m[91mpadding[33m:[39m[31m[91m0 0!important[33m}[39m[31m[91m[33m.pt-md-0,.py-md-0[39m[31m[39m[22m[1m[31m[91m[33m{[39m[31m[91mpadding-top[33m:[39m[31m[91m0!important[33m}[39m[31m[91m[33m.pr-md-0,.px-md-0[39m[31m[91m[33m{[39m[31m[91mpadding-right[33m:[39m[31m[91m0!important[33m}[39m[31m[91m[33m.pb-md-0,.py-md-0[39m[31m[91m[33m{[39m[31m[91mpadding-bottom[33m:[39m[31m[91m0!important[33m}[39m[31m[91m[33m.pl-md-0,.px-md-0[39m[31m[91m[33m{[39m[31m[91mpadding-left[33m:[39m[31m[91m0!important[33m}[39m[31m[91m[33m.p-md-1[39m[31m[91m[33m{[39m[31m[91mpadding[33m:[39m[31m[91m0 0!important[33m}[39m[31m[91m[33m.pt-md-1,.py-md-1[39m[31m[91m[33m{[39m[31m[91mpadding-top[33m:[39m[31m[91m0!important[33m}[39m[31m[91m[33m.pr-md-1,.px-md-1[39m[31m[91m[33m{[39m[31m[91mpadding-right[33m:[39m[31m[91m0!important[33m}[39m[31m[91m[33m.pb-md-1,.py-md-1[39m[31m[91m[33m{[39m[31m[91mpadding-bottom[33m:[39m[31m[91m0!important[33m}[39m[31m[91m[33m.pl-md-1,.px-md-1[39m[31m[91m[33m{[39m[31m[91mpadding-left[33m:[39m[31m[91m0!important[33m}[39m[31m[91m[33m.p-md-2[39m[31m[91m[33m{[39m[31m[91mpadding[33m:[39m[31m[91m14px 8px!important[33m}[39m[31m[91m[33m.pt-md-2,.py-md-2[39m[31m[91m[33m{[39m[31m[91mpadding-top[33m:[39m[31m[91m14px!important[33m}[39m[31m[91m[33m.pr-md-2,.px-md-2[39m[31m[91m[33m{[39m[31m[91mpadding-right[33m:[39m[31m[91m8px!important[33m}[39m[31m[91m[33m.pb-md-2,.py-md-2[39m[31m[91m[33m{[39m[31m[91mpadding-bottom[33m:[39m[31m[91m14px!important[33m}[39m[31m[91m[33m.pl-md-2,.px-md-2[39m[31m[91m[33m{[39m[31m[91mpadding-left[33m:[39m[31m[91m8px!important[33m}[39m[31m[91m[33m.p-md-3[39m[31m[91m[33m{[39m[31m[91mpadding[33m:[39m[31m[91m14px 8px!important[33m}[39m[31m[91m[33m.pt-md-3,.py-md-3[39m[31m[91m[33m{[39m[31m[91mpadding-top[33m:[39m[31m[91m14px!important[33m}[39m[31m[91m[33m.pr-md-3,.px-md-3[39m[31m[91m[33m{[39m[31m[91mpadding-right[33m:[39m[31m[91m8px!important[33m}[39m[31m[91m[33m.pb-md-3,.py-md-3[39m[31m[91m[33m{[39m[31m[91mpadding-bottom[33m:[39m[31m[91m14px!important[33m}[39m[31m[91m[33m.pl-md-3,.px-md-3[39m[31m[91m[33m{[39m[31m[91mpadding-left[33m:[39m[31m[91m8px!important[33m}[39m[31m[91m[33m.p-md-4[39m[31m[91m[33m{[39m[31m[91mpadding[33m:[39m[31m[91m28px 16px!i[39m[22m[1m[31mmportant[33m}[39m[31m[91m[33m.pt-md-4,.py-md-4[39m[31m[91m[33m{[39m[31m[91mpadding-top[33m:[39m[31m[91m28px!important[33m}[39m[31m[91m[33m.pr-md-4,.px-md-4[39m[31m[91m[33m{[39m[31m[91mpadding-right[33m:[39m[31m[91m16px!important[33m}[39m[31m[91m[33m.pb-md-4,.py-md-4[39m[31m[91m[33m{[39m[31m[91mpadding-bottom[33m:[39m[31m[91m28px!important[33m}[39m[31m[91m[33m.pl-md-4,.px-md-4[39m[31m[91m[33m{[39m[31m[91mpadding-left[33m:[39m[31m[91m16px!important[33m}[39m[31m[91m[33m.p-md-5[39m[31m[91m[33m{[39m[31m[91mpadding[33m:[39m[31m[91m28px 16px!important[33m}[39m[31m[91m[33m.pt-md-5,.py-md-5[39m[31m[91m[33m{[39m[31m[91mpadding-top[33m:[39m[31m[91m28px!important[33m}[39m[31m[91m[33m.pr-md-5,.px-md-5[39m[31m[91m[33m{[39m[31m[91mpadding-right[33m:[39m[31m[91m16px!important[33m}[39m[31m[91m[33m.pb-md-5,.py-md-5[39m[31m[91m[33m{[39m[31m[91mpadding-bottom[33m:[39m[31m[91m28px!important[33m}[39m[31m[91m[33m.pl-md-5,.px-md-5[39m[31m[91m[33m{[39m[31m[91mpadding-left[33m:[39m[31m[91m16px!important[33m}[39m[31m[91m[33m.p-md-6[39m[31m[91m[33m{[39m[31m[91mpadding[33m:[39m[31m[91m42px 24px!important[33m}[39m[31m[91m[33m.pt-md-6,.py-md-6[39m[31m[91m[33m{[39m[31m[91mpadding-top[33m:[39m[31m[91m42px!important[33m}[39m[31m[91m[33m.pr-md-6,.px-md-6[39m[31m[91m[33m{[39m[31m[91mpadding-right[33m:[39m[31m[91m24px!important[33m}[39m[31m[91m[33m.pb-md-6,.py-md-6[39m[31m[91m[33m{[39m[31m[91mpadding-bottom[33m:[39m[31m[91m42px!important[33m}[39m[31m[91m[33m.pl-md-6,.px-md-6[39m[31m[91m[33m{[39m[31m[91mpadding-left[33m:[39m[31m[91m24px!important[33m}[39m[31m[91m[33m.m-md-n1[39m[31m[91m[33m{[39m[31m[91mmargin[33m:[39m[31m[91m0!important[33m}[39m[31m[91m[33m.mt-md-n1,.my-md-n1[39m[31m[91m[33m{[39m[31m[91mmargin-top[33m:[39m[31m[91m0!important[33m}[39m[31m[91m[33m.mr-md-n1,.mx-md-n1[39m[31m[91m[33m{[39m[31m[91mmargin-right[33m:[39m[31m[91m0!important[33m}[39m[31m[91m[33m.mb-md-n1,.my-md-n1[39m[31m[91m[33m{[39m[31m[91mmargin-bottom[33m:[39m[31m[91m0!important[33m}[39m[31m[91m[33m.ml-md-n1,.mx-md-n1[39m[31m[91m[33m{[39m[31m[91mmargin-left[33m:[39m[31m[91m0!important[33m}[39m[31m[91m[39m[22m[1m[31m[33m.m-md-n2[39m[31m[91m[33m{[39m[31m[91mmargin[33m:[39m[31m[91m-22px!important[33m}[39m[31m[91m[33m.mt-md-n2,.my-md-n2[39m[31m[91m[33m{[39m[31m[91mmargin-top[33m:[39m[31m[91m-14px!important[33m}[39m[31m[91m[33m.mr-md-n2,.mx-md-n2[39m[31m[91m[33m{[39m[31m[91mmargin-right[33m:[39m[31m[91m-8px!important[33m}[39m[31m[91m[33m.mb-md-n2,.my-md-n2[39m[31m[91m[33m{[39m[31m[91mmargin-bottom[33m:[39m[31m[91m-14px!important[33m}[39m[31m[91m[33m.ml-md-n2,.mx-md-n2[39m[31m[91m[33m{[39m[31m[91mmargin-left[33m:[39m[31m[91m-8px!important[33m}[39m[31m[91m[33m.m-md-n3[39m[31m[91m[33m{[39m[31m[91mmargin[33m:[39m[31m[91m-22px!important[33m}[39m[31m[91m[33m.mt-md-n3,.my-md-n3[39m[31m[91m[33m{[39m[31m[91mmargin-top[33m:[39m[31m[91m-14px!important[33m}[39m[31m[91m[33m.mr-md-n3,.mx-md-n3[39m[31m[91m[33m{[39m[31m[91mmargin-right[33m:[39m[31m[91m-8px!important[33m}[39m[31m[91m[33m.mb-md-n3,.my-md-n3[39m[31m[91m[33m{[39m[31m[91mmargin-bottom[33m:[39m[31m[91m-14px!important[33m}[39m[31m[91m[33m.ml-md-n3,.mx-md-n3[39m[31m[91m[33m{[39m[31m[91mmargin-left[33m:[39m[31m[91m-8px!important[33m}[39m[31m[91m[33m.m-md-n4[39m[31m[91m[33m{[39m[31m[91mmargin[33m:[39m[31m[91m-44px!important[33m}[39m[31m[91m[33m.mt-md-n4,.my-md-n4[39m[31m[91m[33m{[39m[31m[91mmargin-top[33m:[39m[31m[91m-28px!important[33m}[39m[31m[91m[33m.mr-md-n4,.mx-md-n4[39m[31m[91m[33m{[39m[31m[91mmargin-right[33m:[39m[31m[91m-16px!important[33m}[39m[31m[91m[33m.mb-md-n4,.my-md-n4[39m[31m[91m[33m{[39m[31m[91mmargin-bottom[33m:[39m[31m[91m-28px!important[33m}[39m[31m[91m[33m.ml-md-n4,.mx-md-n4[39m[31m[91m[33m{[39m[31m[91mmargin-left[33m:[39m[31m[91m-16px!important[33m}[39m[31m[91m[33m.m-md-n5[39m[31m[91m[33m{[39m[31m[91mmargin[33m:[39m[31m[91m-44px!important[33m}[39m[31m[91m[33m.mt-md-n5,.my-md-n5[39m[31m[91m[33m{[39m[31m[91mmargin-top[33m:[39m[31m[91m-28px!important[33m}[39m[31m[91m[33m.mr-md-n5,.mx-md-n5[39m[31m[91m[33m{[39m[31m[91mmargin-right[33m:[39m[31m[91m-16px!important[33m}[39m[31m[91m[33m.mb-md-n5,.my-md-n5[39m[31m[91m[33m{[39m[31m[91mmargin-bottom[33m:[39m[31m[91m-28px!important[33m}[39m[31m[91m[33m.ml[39m[22m[1m[31m-md-n5,.mx-md-n5[39m[31m[91m[33m{[39m[31m[91mmargin-left[33m:[39m[31m[91m-16px!important[33m}[39m[31m[91m[33m.m-md-n6[39m[31m[91m[33m{[39m[31m[91mmargin[33m:[39m[31m[91m-66px!important[33m}[39m[31m[91m[33m.mt-md-n6,.my-md-n6[39m[31m[91m[33m{[39m[31m[91mmargin-top[33m:[39m[31m[91m-42px!important[33m}[39m[31m[91m[33m.mr-md-n6,.mx-md-n6[39m[31m[91m[33m{[39m[31m[91mmargin-right[33m:[39m[31m[91m-24px!important[33m}[39m[31m[91m[33m.mb-md-n6,.my-md-n6[39m[31m[91m[33m{[39m[31m[91mmargin-bottom[33m:[39m[31m[91m-42px!important[33m}[39m[31m[91m[33m.ml-md-n6,.mx-md-n6[39m[31m[91m[33m{[39m[31m[91mmargin-left[33m:[39m[31m[91m-24px!important[33m}[39m[31m[91m[33m.m-md-auto[39m[31m[91m[33m{[39m[31m[91mmargin[33m:[39m[31m[91mauto!important[33m}[39m[31m[91m[33m.mt-md-auto,.my-md-auto[39m[31m[91m[33m{[39m[31m[91mmargin-top[33m:[39m[31m[91mauto!important[33m}[39m[31m[91m[33m.mr-md-auto,.mx-md-auto[39m[31m[91m[33m{[39m[31m[91mmargin-right[33m:[39m[31m[91mauto!important[33m}[39m[31m[91m[33m.mb-md-auto,.my-md-auto[39m[31m[91m[33m{[39m[31m[91mmargin-bottom[33m:[39m[31m[91mauto!important[33m}[39m[31m[91m[33m.ml-md-auto,.mx-md-auto[39m[31m[91m[33m{[39m[31m[91mmargin-left[33m:[39m[31m[91mauto!important[33m}[39m[31m[91m[33m}[39m[31m[91m[36m@media[39m[31m[91m[36m [39m[31m[91m[36m(min-width:960px)[39m[31m[91m[33m{[39m[31m[91m[33m.m-lg-0[39m[31m[91m[33m{[39m[31m[91mmargin[33m:[39m[31m[91m0 0!important[33m}[39m[31m[91m[33m.mt-lg-0,.my-lg-0[39m[31m[91m[33m{[39m[31m[91mmargin-top[33m:[39m[31m[91m0!important[33m}[39m[31m[91m[33m.mr-lg-0,.mx-lg-0[39m[31m[91m[33m{[39m[31m[91mmargin-right[33m:[39m[31m[91m0!important[33m}[39m[31m[91m[33m.mb-lg-0,.my-lg-0[39m[31m[91m[33m{[39m[31m[91mmargin-bottom[33m:[39m[31m[91m0!important[33m}[39m[31m[91m[33m.ml-lg-0,.mx-lg-0[39m[31m[91m[33m{[39m[31m[91mmargin-left[33m:[39m[31m[91m0!important[33m}[39m[31m[91m[33m.m-lg-1[39m[31m[91m[33m{[39m[31m[91mmargin[33m:[39m[31m[91m0 0!important[33m}[39m[31m[91m[33m.mt-lg-1,.my-lg-1[39m[31m[91m[33m{[39m[31m[91mmargin-top[33m:[39m[31m[91m0!important[33m}[39m[31m[91m[33m.mr-lg-1,.mx-lg-1[39m[31m[91m[33m{[39m[31m[[39m[22m[1m[31m91mmargin-right[33m:[39m[31m[91m0!important[33m}[39m[31m[91m[33m.mb-lg-1,.my-lg-1[39m[31m[91m[33m{[39m[31m[91mmargin-bottom[33m:[39m[31m[91m0!important[33m}[39m[31m[91m[33m.ml-lg-1,.mx-lg-1[39m[31m[91m[33m{[39m[31m[91mmargin-left[33m:[39m[31m[91m0!important[33m}[39m[31m[91m[33m.m-lg-2[39m[31m[91m[33m{[39m[31m[91mmargin[33m:[39m[31m[91m14px 8px!important[33m}[39m[31m[91m[33m.mt-lg-2,.my-lg-2[39m[31m[91m[33m{[39m[31m[91mmargin-top[33m:[39m[31m[91m14px!important[33m}[39m[31m[91m[33m.mr-lg-2,.mx-lg-2[39m[31m[91m[33m{[39m[31m[91mmargin-right[33m:[39m[31m[91m8px!important[33m}[39m[31m[91m[33m.mb-lg-2,.my-lg-2[39m[31m[91m[33m{[39m[31m[91mmargin-bottom[33m:[39m[31m[91m14px!important[33m}[39m[31m[91m[33m.ml-lg-2,.mx-lg-2[39m[31m[91m[33m{[39m[31m[91mmargin-left[33m:[39m[31m[91m8px!important[33m}[39m[31m[91m[33m.m-lg-3[39m[31m[91m[33m{[39m[31m[91mmargin[33m:[39m[31m[91m14px 8px!important[33m}[39m[31m[91m[33m.mt-lg-3,.my-lg-3[39m[31m[91m[33m{[39m[31m[91mmargin-top[33m:[39m[31m[91m14px!important[33m}[39m[31m[91m[33m.mr-lg-3,.mx-lg-3[39m[31m[91m[33m{[39m[31m[91mmargin-right[33m:[39m[31m[91m8px!important[33m}[39m[31m[91m[33m.mb-lg-3,.my-lg-3[39m[31m[91m[33m{[39m[31m[91mmargin-bottom[33m:[39m[31m[91m14px!important[33m}[39m[31m[91m[33m.ml-lg-3,.mx-lg-3[39m[31m[91m[33m{[39m[31m[91mmargin-left[33m:[39m[31m[91m8px!important[33m}[39m[31m[91m[33m.m-lg-4[39m[31m[91m[33m{[39m[31m[91mmargin[33m:[39m[31m[91m28px 16px!important[33m}[39m[31m[91m[33m.mt-lg-4,.my-lg-4[39m[31m[91m[33m{[39m[31m[91mmargin-top[33m:[39m[31m[91m28px!important[33m}[39m[31m[91m[33m.mr-lg-4,.mx-lg-4[39m[31m[91m[33m{[39m[31m[91mmargin-right[33m:[39m[31m[91m16px!important[33m}[39m[31m[91m[33m.mb-lg-4,.my-lg-4[39m[31m[91m[33m{[39m[31m[91mmargin-bottom[33m:[39m[31m[91m28px!important[33m}[39m[31m[91m[33m.ml-lg-4,.mx-lg-4[39m[31m[91m[33m{[39m[31m[91mmargin-left[33m:[39m[31m[91m16px!important[33m}[39m[31m[91m[33m.m-lg-5[39m[31m[91m[33m{[39m[31m[91mmargin[33m:[39m[31m[91m28px 16px!important[33m}[39m[31m[91m[33m.mt-lg-5,.my-lg-5[39m[31m[91m[33m{[39m[31m[91mmargin-top[33m:[39m[31m[91m28px!important[33m}[[39m[22m[1m[31m39m[91m[33m.mr-lg-5,.mx-lg-5[39m[31m[91m[33m{[39m[31m[91mmargin-right[33m:[39m[31m[91m16px!important[33m}[39m[31m[91m[33m.mb-lg-5,.my-lg-5[39m[31m[91m[33m{[39m[31m[91mmargin-bottom[33m:[39m[31m[91m28px!important[33m}[39m[31m[91m[33m.ml-lg-5,.mx-lg-5[39m[31m[91m[33m{[39m[31m[91mmargin-left[33m:[39m[31m[91m16px!important[33m}[39m[31m[91m[33m.m-lg-6[39m[31m[91m[33m{[39m[31m[91mmargin[33m:[39m[31m[91m42px 24px!important[33m}[39m[31m[91m[33m.mt-lg-6,.my-lg-6[39m[31m[91m[33m{[39m[31m[91mmargin-top[33m:[39m[31m[91m42px!important[33m}[39m[31m[91m[33m.mr-lg-6,.mx-lg-6[39m[31m[91m[33m{[39m[31m[91mmargin-right[33m:[39m[31m[91m24px!important[33m}[39m[31m[91m[33m.mb-lg-6,.my-lg-6[39m[31m[91m[33m{[39m[31m[91mmargin-bottom[33m:[39m[31m[91m42px!important[33m}[39m[31m[91m[33m.ml-lg-6,.mx-lg-6[39m[31m[91m[33m{[39m[31m[91mmargin-left[33m:[39m[31m[91m24px!important[33m}[39m[31m[91m[33m.p-lg-0[39m[31m[91m[33m{[39m[31m[91mpadding[33m:[39m[31m[91m0 0!important[33m}[39m[31m[91m[33m.pt-lg-0,.py-lg-0[39m[31m[91m[33m{[39m[31m[91mpadding-top[33m:[39m[31m[91m0!important[33m}[39m[31m[91m[33m.pr-lg-0,.px-lg-0[39m[31m[91m[33m{[39m[31m[91mpadding-right[33m:[39m[31m[91m0!important[33m}[39m[31m[91m[33m.pb-lg-0,.py-lg-0[39m[31m[91m[33m{[39m[31m[91mpadding-bottom[33m:[39m[31m[91m0!important[33m}[39m[31m[91m[33m.pl-lg-0,.px-lg-0[39m[31m[91m[33m{[39m[31m[91mpadding-left[33m:[39m[31m[91m0!important[33m}[39m[31m[91m[33m.p-lg-1[39m[31m[91m[33m{[39m[31m[91mpadding[33m:[39m[31m[91m0 0!important[33m}[39m[31m[91m[33m.pt-lg-1,.py-lg-1[39m[31m[91m[33m{[39m[31m[91mpadding-top[33m:[39m[31m[91m0!important[33m}[39m[31m[91m[33m.pr-lg-1,.px-lg-1[39m[31m[91m[33m{[39m[31m[91mpadding-right[33m:[39m[31m[91m0!important[33m}[39m[31m[91m[33m.pb-lg-1,.py-lg-1[39m[31m[91m[33m{[39m[31m[91mpadding-bottom[33m:[39m[31m[91m0!important[33m}[39m[31m[91m[33m.pl-lg-1,.px-lg-1[39m[31m[91m[33m{[39m[31m[91mpadding-left[33m:[39m[31m[91m0!important[33m}[39m[31m[91m[33m.p-lg-2[39m[31m[91m[33m{[39m[31m[91mpadding[33m:[39m[31m[91m14px 8px!important[33m}[39m[31m[91m[33m.pt-lg-2,.py-lg-2[39m[31m[91m[33m{[39m[31m[91mpaddin[39m[22m[1m[31mg-top[33m:[39m[31m[91m14px!important[33m}[39m[31m[91m[33m.pr-lg-2,.px-lg-2[39m[31m[91m[33m{[39m[31m[91mpadding-right[33m:[39m[31m[91m8px!important[33m}[39m[31m[91m[33m.pb-lg-2,.py-lg-2[39m[31m[91m[33m{[39m[31m[91mpadding-bottom[33m:[39m[31m[91m14px!important[33m}[39m[31m[91m[33m.pl-lg-2,.px-lg-2[39m[31m[91m[33m{[39m[31m[91mpadding-left[33m:[39m[31m[91m8px!important[33m}[39m[31m[91m[33m.p-lg-3[39m[31m[91m[33m{[39m[31m[91mpadding[33m:[39m[31m[91m14px 8px!important[33m}[39m[31m[91m[33m.pt-lg-3,.py-lg-3[39m[31m[91m[33m{[39m[31m[91mpadding-top[33m:[39m[31m[91m14px!important[33m}[39m[31m[91m[33m.pr-lg-3,.px-lg-3[39m[31m[91m[33m{[39m[31m[91mpadding-right[33m:[39m[31m[91m8px!important[33m}[39m[31m[91m[33m.pb-lg-3,.py-lg-3[39m[31m[91m[33m{[39m[31m[91mpadding-bottom[33m:[39m[31m[91m14px!important[33m}[39m[31m[91m[33m.pl-lg-3,.px-lg-3[39m[31m[91m[33m{[39m[31m[91mpadding-left[33m:[39m[31m[91m8px!important[33m}[39m[31m[91m[33m.p-lg-4[39m[31m[91m[33m{[39m[31m[91mpadding[33m:[39m[31m[91m28px 16px!important[33m}[39m[31m[91m[33m.pt-lg-4,.py-lg-4[39m[31m[91m[33m{[39m[31m[91mpadding-top[33m:[39m[31m[91m28px!important[33m}[39m[31m[91m[33m.pr-lg-4,.px-lg-4[39m[31m[91m[33m{[39m[31m[91mpadding-right[33m:[39m[31m[91m16px!important[33m}[39m[31m[91m[33m.pb-lg-4,.py-lg-4[39m[31m[91m[33m{[39m[31m[91mpadding-bottom[33m:[39m[31m[91m28px!important[33m}[39m[31m[91m[33m.pl-lg-4,.px-lg-4[39m[31m[91m[33m{[39m[31m[91mpadding-left[33m:[39m[31m[91m16px!important[33m}[39m[31m[91m[33m.p-lg-5[39m[31m[91m[33m{[39m[31m[91mpadding[33m:[39m[31m[91m28px 16px!important[33m}[39m[31m[91m[33m.pt-lg-5,.py-lg-5[39m[31m[91m[33m{[39m[31m[91mpadding-top[33m:[39m[31m[91m28px!important[33m}[39m[31m[91m[33m.pr-lg-5,.px-lg-5[39m[31m[91m[33m{[39m[31m[91mpadding-right[33m:[39m[31m[91m16px!important[33m}[39m[31m[91m[33m.pb-lg-5,.py-lg-5[39m[31m[91m[33m{[39m[31m[91mpadding-bottom[33m:[39m[31m[91m28px!important[33m}[39m[31m[91m[33m.pl-lg-5,.px-lg-5[39m[31m[91m[33m{[39m[31m[91mpadding-left[33m:[39m[31m[91m16px!important[33m}[39m[31m[91m[33m.p-lg-6[39m[31m[91m[33m{[39m[31m[91mpadding[33m:[39m[31m[91m42px 2[39m[22m[1m[31m4px!important[33m}[39m[31m[91m[33m.pt-lg-6,.py-lg-6[39m[31m[91m[33m{[39m[31m[91mpadding-top[33m:[39m[31m[91m42px!important[33m}[39m[31m[91m[33m.pr-lg-6,.px-lg-6[39m[31m[91m[33m{[39m[31m[91mpadding-right[33m:[39m[31m[91m24px!important[33m}[39m[31m[91m[33m.pb-lg-6,.py-lg-6[39m[31m[91m[33m{[39m[31m[91mpadding-bottom[33m:[39m[31m[91m42px!important[33m}[39m[31m[91m[33m.pl-lg-6,.px-lg-6[39m[31m[91m[33m{[39m[31m[91mpadding-left[33m:[39m[31m[91m24px!important[33m}[39m[31m[91m[33m.m-lg-n1[39m[31m[91m[33m{[39m[31m[91mmargin[33m:[39m[31m[91m0!important[33m}[39m[31m[91m[33m.mt-lg-n1,.my-lg-n1[39m[31m[91m[33m{[39m[31m[91mmargin-top[33m:[39m[31m[91m0!important[33m}[39m[31m[91m[33m.mr-lg-n1,.mx-lg-n1[39m[31m[91m[33m{[39m[31m[91mmargin-right[33m:[39m[31m[91m0!important[33m}[39m[31m[91m[33m.mb-lg-n1,.my-lg-n1[39m[31m[91m[33m{[39m[31m[91mmargin-bottom[33m:[39m[31m[91m0!important[33m}[39m[31m[91m[33m.ml-lg-n1,.mx-lg-n1[39m[31m[91m[33m{[39m[31m[91mmargin-left[33m:[39m[31m[91m0!important[33m}[39m[31m[91m[33m.m-lg-n2[39m[31m[91m[33m{[39m[31m[91mmargin[33m:[39m[31m[91m-22px!important[33m}[39m[31m[91m[33m.mt-lg-n2,.my-lg-n2[39m[31m[91m[33m{[39m[31m[91mmargin-top[33m:[39m[31m[91m-14px!important[33m}[39m[31m[91m[33m.mr-lg-n2,.mx-lg-n2[39m[31m[91m[33m{[39m[31m[91mmargin-right[33m:[39m[31m[91m-8px!important[33m}[39m[31m[91m[33m.mb-lg-n2,.my-lg-n2[39m[31m[91m[33m{[39m[31m[91mmargin-bottom[33m:[39m[31m[91m-14px!important[33m}[39m[31m[91m[33m.ml-lg-n2,.mx-lg-n2[39m[31m[91m[33m{[39m[31m[91mmargin-left[33m:[39m[31m[91m-8px!important[33m}[39m[31m[91m[33m.m-lg-n3[39m[31m[91m[33m{[39m[31m[91mmargin[33m:[39m[31m[91m-22px!important[33m}[39m[31m[91m[33m.mt-lg-n3,.my-lg-n3[39m[31m[91m[33m{[39m[31m[91mmargin-top[33m:[39m[31m[91m-14px!important[33m}[39m[31m[91m[33m.mr-lg-n3,.mx-lg-n3[39m[31m[91m[33m{[39m[31m[91mmargin-right[33m:[39m[31m[91m-8px!important[33m}[39m[31m[91m[33m.mb-lg-n3,.my-lg-n3[39m[31m[91m[33m{[39m[31m[91mmargin-bottom[33m:[39m[31m[91m-14px!important[33m}[39m[31m[91m[33m.ml-lg-n3,.mx-lg-n3[39m[31m[91m[33m{[39m[31m[91mmargin-left[33m:[39m[31m[91m-8px!important[33m}[39m[22m[1m[31m[39m[91m[33m.m-lg-n4[39m[31m[91m[33m{[39m[31m[91mmargin[33m:[39m[31m[91m-44px!important[33m}[39m[31m[91m[33m.mt-lg-n4,.my-lg-n4[39m[31m[91m[33m{[39m[31m[91mmargin-top[33m:[39m[31m[91m-28px!important[33m}[39m[31m[91m[33m.mr-lg-n4,.mx-lg-n4[39m[31m[91m[33m{[39m[31m[91mmargin-right[33m:[39m[31m[91m-16px!important[33m}[39m[31m[91m[33m.mb-lg-n4,.my-lg-n4[39m[31m[91m[33m{[39m[31m[91mmargin-bottom[33m:[39m[31m[91m-28px!important[33m}[39m[31m[91m[33m.ml-lg-n4,.mx-lg-n4[39m[31m[91m[33m{[39m[31m[91mmargin-left[33m:[39m[31m[91m-16px!important[33m}[39m[31m[91m[33m.m-lg-n5[39m[31m[91m[33m{[39m[31m[91mmargin[33m:[39m[31m[91m-44px!important[33m}[39m[31m[91m[33m.mt-lg-n5,.my-lg-n5[39m[31m[91m[33m{[39m[31m[91mmargin-top[33m:[39m[31m[91m-28px!important[33m}[39m[31m[91m[33m.mr-lg-n5,.mx-lg-n5[39m[31m[91m[33m{[39m[31m[91mmargin-right[33m:[39m[31m[91m-16px!important[33m}[39m[31m[91m[33m.mb-lg-n5,.my-lg-n5[39m[31m[91m[33m{[39m[31m[91mmargin-bottom[33m:[39m[31m[91m-28px!important[33m}[39m[31m[91m[33m.ml-lg-n5,.mx-lg-n5[39m[31m[91m[33m{[39m[31m[91mmargin-left[33m:[39m[31m[91m-16px!important[33m}[39m[31m[91m[33m.m-lg-n6[39m[31m[91m[33m{[39m[31m[91mmargin[33m:[39m[31m[91m-66px!important[33m}[39m[31m[91m[33m.mt-lg-n6,.my-lg-n6[39m[31m[91m[33m{[39m[31m[91mmargin-top[33m:[39m[31m[91m-42px!important[33m}[39m[31m[91m[33m.mr-lg-n6,.mx-lg-n6[39m[31m[91m[33m{[39m[31m[91mmargin-right[33m:[39m[31m[91m-24px!important[33m}[39m[31m[91m[33m.mb-lg-n6,.my-lg-n6[39m[31m[91m[33m{[39m[31m[91mmargin-bottom[33m:[39m[31m[91m-42px!important[33m}[39m[31m[91m[33m.ml-lg-n6,.mx-lg-n6[39m[31m[91m[33m{[39m[31m[91mmargin-left[33m:[39m[31m[91m-24px!important[33m}[39m[31m[91m[33m.m-lg-auto[39m[31m[91m[33m{[39m[31m[91mmargin[33m:[39m[31m[91mauto!important[33m}[39m[31m[91m[33m.mt-lg-auto,.my-lg-auto[39m[31m[91m[33m{[39m[31m[91mmargin-top[33m:[39m[31m[91mauto!important[33m}[39m[31m[91m[33m.mr-lg-auto,.mx-lg-auto[39m[31m[91m[33m{[39m[31m[91mmargin-right[33m:[39m[31m[91mauto!important[33m}[39m[31m[91m[33m.mb-lg-auto,.my-lg-auto[39m[31m[91m[33m{[39m[31m[91mmargin-bottom[33m:[39m[31m[91mauto!important[39m[22m[1m[31m[33m}[39m[31m[91m[33m.ml-lg-auto,.mx-lg-auto[39m[31m[91m[33m{[39m[31m[91mmargin-left[33m:[39m[31m[91mauto!important[33m}[39m[31m[91m[33m}[39m[31m[91m[36m@media[39m[31m[91m[36m [39m[31m[91m[36m(min-width:1152px)[39m[31m[91m[33m{[39m[31m[91m[33m.m-xl-0[39m[31m[91m[33m{[39m[31m[91mmargin[33m:[39m[31m[91m0 0!important[33m}[39m[31m[91m[33m.mt-xl-0,.my-xl-0[39m[31m[91m[33m{[39m[31m[91mmargin-top[33m:[39m[31m[91m0!important[33m}[39m[31m[91m[33m.mr-xl-0,.mx-xl-0[39m[31m[91m[33m{[39m[31m[91mmargin-right[33m:[39m[31m[91m0!important[33m}[39m[31m[91m[33m.mb-xl-0,.my-xl-0[39m[31m[91m[33m{[39m[31m[91mmargin-bottom[33m:[39m[31m[91m0!important[33m}[39m[31m[91m[33m.ml-xl-0,.mx-xl-0[39m[31m[91m[33m{[39m[31m[91mmargin-left[33m:[39m[31m[91m0!important[33m}[39m[31m[91m[33m.m-xl-1[39m[31m[91m[33m{[39m[31m[91mmargin[33m:[39m[31m[91m0 0!important[33m}[39m[31m[91m[33m.mt-xl-1,.my-xl-1[39m[31m[91m[33m{[39m[31m[91mmargin-top[33m:[39m[31m[91m0!important[33m}[39m[31m[91m[33m.mr-xl-1,.mx-xl-1[39m[31m[91m[33m{[39m[31m[91mmargin-right[33m:[39m[31m[91m0!important[33m}[39m[31m[91m[33m.mb-xl-1,.my-xl-1[39m[31m[91m[33m{[39m[31m[91mmargin-bottom[33m:[39m[31m[91m0!important[33m}[39m[31m[91m[33m.ml-xl-1,.mx-xl-1[39m[31m[91m[33m{[39m[31m[91mmargin-left[33m:[39m[31m[91m0!important[33m}[39m[31m[91m[33m.m-xl-2[39m[31m[91m[33m{[39m[31m[91mmargin[33m:[39m[31m[91m14px 8px!important[33m}[39m[31m[91m[33m.mt-xl-2,.my-xl-2[39m[31m[91m[33m{[39m[31m[91mmargin-top[33m:[39m[31m[91m14px!important[33m}[39m[31m[91m[33m.mr-xl-2,.mx-xl-2[39m[31m[91m[33m{[39m[31m[91mmargin-right[33m:[39m[31m[91m8px!important[33m}[39m[31m[91m[33m.mb-xl-2,.my-xl-2[39m[31m[91m[33m{[39m[31m[91mmargin-bottom[33m:[39m[31m[91m14px!important[33m}[39m[31m[91m[33m.ml-xl-2,.mx-xl-2[39m[31m[91m[33m{[39m[31m[91mmargin-left[33m:[39m[31m[91m8px!important[33m}[39m[31m[91m[33m.m-xl-3[39m[31m[91m[33m{[39m[31m[91mmargin[33m:[39m[31m[91m14px 8px!important[33m}[39m[31m[91m[33m.mt-xl-3,.my-xl-3[39m[31m[91m[33m{[39m[31m[91mmargin-top[33m:[39m[31m[91m14px!important[33m}[39m[31m[91m[33m.mr-xl-3,.mx-xl-3[39m[31m[91m[33m{[39m[31m[91mmargin-right[[39m[22m[1m[31m33m:[39m[31m[91m8px!important[33m}[39m[31m[91m[33m.mb-xl-3,.my-xl-3[39m[31m[91m[33m{[39m[31m[91mmargin-bottom[33m:[39m[31m[91m14px!important[33m}[39m[31m[91m[33m.ml-xl-3,.mx-xl-3[39m[31m[91m[33m{[39m[31m[91mmargin-left[33m:[39m[31m[91m8px!important[33m}[39m[31m[91m[33m.m-xl-4[39m[31m[91m[33m{[39m[31m[91mmargin[33m:[39m[31m[91m28px 16px!important[33m}[39m[31m[91m[33m.mt-xl-4,.my-xl-4[39m[31m[91m[33m{[39m[31m[91mmargin-top[33m:[39m[31m[91m28px!important[33m}[39m[31m[91m[33m.mr-xl-4,.mx-xl-4[39m[31m[91m[33m{[39m[31m[91mmargin-right[33m:[39m[31m[91m16px!important[33m}[39m[31m[91m[33m.mb-xl-4,.my-xl-4[39m[31m[91m[33m{[39m[31m[91mmargin-bottom[33m:[39m[31m[91m28px!important[33m}[39m[31m[91m[33m.ml-xl-4,.mx-xl-4[39m[31m[91m[33m{[39m[31m[91mmargin-left[33m:[39m[31m[91m16px!important[33m}[39m[31m[91m[33m.m-xl-5[39m[31m[91m[33m{[39m[31m[91mmargin[33m:[39m[31m[91m28px 16px!important[33m}[39m[31m[91m[33m.mt-xl-5,.my-xl-5[39m[31m[91m[33m{[39m[31m[91mmargin-top[33m:[39m[31m[91m28px!important[33m}[39m[31m[91m[33m.mr-xl-5,.mx-xl-5[39m[31m[91m[33m{[39m[31m[91mmargin-right[33m:[39m[31m[91m16px!important[33m}[39m[31m[91m[33m.mb-xl-5,.my-xl-5[39m[31m[91m[33m{[39m[31m[91mmargin-bottom[33m:[39m[31m[91m28px!important[33m}[39m[31m[91m[33m.ml-xl-5,.mx-xl-5[39m[31m[91m[33m{[39m[31m[91mmargin-left[33m:[39m[31m[91m16px!important[33m}[39m[31m[91m[33m.m-xl-6[39m[31m[91m[33m{[39m[31m[91mmargin[33m:[39m[31m[91m42px 24px!important[33m}[39m[31m[91m[33m.mt-xl-6,.my-xl-6[39m[31m[91m[33m{[39m[31m[91mmargin-top[33m:[39m[31m[91m42px!important[33m}[39m[31m[91m[33m.mr-xl-6,.mx-xl-6[39m[31m[91m[33m{[39m[31m[91mmargin-right[33m:[39m[31m[91m24px!important[33m}[39m[31m[91m[33m.mb-xl-6,.my-xl-6[39m[31m[91m[33m{[39m[31m[91mmargin-bottom[33m:[39m[31m[91m42px!important[33m}[39m[31m[91m[33m.ml-xl-6,.mx-xl-6[39m[31m[91m[33m{[39m[31m[91mmargin-left[33m:[39m[31m[91m24px!important[33m}[39m[31m[91m[33m.p-xl-0[39m[31m[91m[33m{[39m[31m[91mpadding[33m:[39m[31m[91m0 0!important[33m}[39m[31m[91m[33m.pt-xl-0,.py-xl-0[39m[31m[91m[33m{[39m[31m[91mpadding-top[33m:[39m[31m[91m0!important[33m}[39m[31m[91m[3[39m[22m[1m[31m3m.pr-xl-0,.px-xl-0[39m[31m[91m[33m{[39m[31m[91mpadding-right[33m:[39m[31m[91m0!important[33m}[39m[31m[91m[33m.pb-xl-0,.py-xl-0[39m[31m[91m[33m{[39m[31m[91mpadding-bottom[33m:[39m[31m[91m0!important[33m}[39m[31m[91m[33m.pl-xl-0,.px-xl-0[39m[31m[91m[33m{[39m[31m[91mpadding-left[33m:[39m[31m[91m0!important[33m}[39m[31m[91m[33m.p-xl-1[39m[31m[91m[33m{[39m[31m[91mpadding[33m:[39m[31m[91m0 0!important[33m}[39m[31m[91m[33m.pt-xl-1,.py-xl-1[39m[31m[91m[33m{[39m[31m[91mpadding-top[33m:[39m[31m[91m0!important[33m}[39m[31m[91m[33m.pr-xl-1,.px-xl-1[39m[31m[91m[33m{[39m[31m[91mpadding-right[33m:[39m[31m[91m0!important[33m}[39m[31m[91m[33m.pb-xl-1,.py-xl-1[39m[31m[91m[33m{[39m[31m[91mpadding-bottom[33m:[39m[31m[91m0!important[33m}[39m[31m[91m[33m.pl-xl-1,.px-xl-1[39m[31m[91m[33m{[39m[31m[91mpadding-left[33m:[39m[31m[91m0!important[33m}[39m[31m[91m[33m.p-xl-2[39m[31m[91m[33m{[39m[31m[91mpadding[33m:[39m[31m[91m14px 8px!important[33m}[39m[31m[91m[33m.pt-xl-2,.py-xl-2[39m[31m[91m[33m{[39m[31m[91mpadding-top[33m:[39m[31m[91m14px!important[33m}[39m[31m[91m[33m.pr-xl-2,.px-xl-2[39m[31m[91m[33m{[39m[31m[91mpadding-right[33m:[39m[31m[91m8px!important[33m}[39m[31m[91m[33m.pb-xl-2,.py-xl-2[39m[31m[91m[33m{[39m[31m[91mpadding-bottom[33m:[39m[31m[91m14px!important[33m}[39m[31m[91m[33m.pl-xl-2,.px-xl-2[39m[31m[91m[33m{[39m[31m[91mpadding-left[33m:[39m[31m[91m8px!important[33m}[39m[31m[91m[33m.p-xl-3[39m[31m[91m[33m{[39m[31m[91mpadding[33m:[39m[31m[91m14px 8px!important[33m}[39m[31m[91m[33m.pt-xl-3,.py-xl-3[39m[31m[91m[33m{[39m[31m[91mpadding-top[33m:[39m[31m[91m14px!important[33m}[39m[31m[91m[33m.pr-xl-3,.px-xl-3[39m[31m[91m[33m{[39m[31m[91mpadding-right[33m:[39m[31m[91m8px!important[33m}[39m[31m[91m[33m.pb-xl-3,.py-xl-3[39m[31m[91m[33m{[39m[31m[91mpadding-bottom[33m:[39m[31m[91m14px!important[33m}[39m[31m[91m[33m.pl-xl-3,.px-xl-3[39m[31m[91m[33m{[39m[31m[91mpadding-left[33m:[39m[31m[91m8px!important[33m}[39m[31m[91m[33m.p-xl-4[39m[31m[91m[33m{[39m[31m[91mpadding[33m:[39m[31m[91m28px 16px!important[33m}[39m[31m[91m[33m.pt-xl-4,.py-xl-4[39m[31m[91m[33m{[39m[31m[91mpaddi[39m[22m[1m[31mng-top[33m:[39m[31m[91m28px!important[33m}[39m[31m[91m[33m.pr-xl-4,.px-xl-4[39m[31m[91m[33m{[39m[31m[91mpadding-right[33m:[39m[31m[91m16px!important[33m}[39m[31m[91m[33m.pb-xl-4,.py-xl-4[39m[31m[91m[33m{[39m[31m[91mpadding-bottom[33m:[39m[31m[91m28px!important[33m}[39m[31m[91m[33m.pl-xl-4,.px-xl-4[39m[31m[91m[33m{[39m[31m[91mpadding-left[33m:[39m[31m[91m16px!important[33m}[39m[31m[91m[33m.p-xl-5[39m[31m[91m[33m{[39m[31m[91mpadding[33m:[39m[31m[91m28px 16px!important[33m}[39m[31m[91m[33m.pt-xl-5,.py-xl-5[39m[31m[91m[33m{[39m[31m[91mpadding-top[33m:[39m[31m[91m28px!important[33m}[39m[31m[91m[33m.pr-xl-5,.px-xl-5[39m[31m[91m[33m{[39m[31m[91mpadding-right[33m:[39m[31m[91m16px!important[33m}[39m[31m[91m[33m.pb-xl-5,.py-xl-5[39m[31m[91m[33m{[39m[31m[91mpadding-bottom[33m:[39m[31m[91m28px!important[33m}[39m[31m[91m[33m.pl-xl-5,.px-xl-5[39m[31m[91m[33m{[39m[31m[91mpadding-left[33m:[39m[31m[91m16px!important[33m}[39m[31m[91m[33m.p-xl-6[39m[31m[91m[33m{[39m[31m[91mpadding[33m:[39m[31m[91m42px 24px!important[33m}[39m[31m[91m[33m.pt-xl-6,.py-xl-6[39m[31m[91m[33m{[39m[31m[91mpadding-top[33m:[39m[31m[91m42px!important[33m}[39m[31m[91m[33m.pr-xl-6,.px-xl-6[39m[31m[91m[33m{[39m[31m[91mpadding-right[33m:[39m[31m[91m24px!important[33m}[39m[31m[91m[33m.pb-xl-6,.py-xl-6[39m[31m[91m[33m{[39m[31m[91mpadding-bottom[33m:[39m[31m[91m42px!important[33m}[39m[31m[91m[33m.pl-xl-6,.px-xl-6[39m[31m[91m[33m{[39m[31m[91mpadding-left[33m:[39m[31m[91m24px!important[33m}[39m[31m[91m[33m.m-xl-n1[39m[31m[91m[33m{[39m[31m[91mmargin[33m:[39m[31m[91m0!important[33m}[39m[31m[91m[33m.mt-xl-n1,.my-xl-n1[39m[31m[91m[33m{[39m[31m[91mmargin-top[33m:[39m[31m[91m0!important[33m}[39m[31m[91m[33m.mr-xl-n1,.mx-xl-n1[39m[31m[91m[33m{[39m[31m[91mmargin-right[33m:[39m[31m[91m0!important[33m}[39m[31m[91m[33m.mb-xl-n1,.my-xl-n1[39m[31m[91m[33m{[39m[31m[91mmargin-bottom[33m:[39m[31m[91m0!important[33m}[39m[31m[91m[33m.ml-xl-n1,.mx-xl-n1[39m[31m[91m[33m{[39m[31m[91mmargin-left[33m:[39m[31m[91m0!important[33m}[39m[31m[91m[33m.m-xl-n2[39m[31m[91m[33m{[39m[31m[91mmargin[33m:[39m[31m[91m-22px!important[39m[22m[1m[31m[33m}[39m[31m[91m[33m.mt-xl-n2,.my-xl-n2[39m[31m[91m[33m{[39m[31m[91mmargin-top[33m:[39m[31m[91m-14px!important[33m}[39m[31m[91m[33m.mr-xl-n2,.mx-xl-n2[39m[31m[91m[33m{[39m[31m[91mmargin-right[33m:[39m[31m[91m-8px!important[33m}[39m[31m[91m[33m.mb-xl-n2,.my-xl-n2[39m[31m[91m[33m{[39m[31m[91mmargin-bottom[33m:[39m[31m[91m-14px!important[33m}[39m[31m[91m[33m.ml-xl-n2,.mx-xl-n2[39m[31m[91m[33m{[39m[31m[91mmargin-left[33m:[39m[31m[91m-8px!important[33m}[39m[31m[91m[33m.m-xl-n3[39m[31m[91m[33m{[39m[31m[91mmargin[33m:[39m[31m[91m-22px!important[33m}[39m[31m[91m[33m.mt-xl-n3,.my-xl-n3[39m[31m[91m[33m{[39m[31m[91mmargin-top[33m:[39m[31m[91m-14px!important[33m}[39m[31m[91m[33m.mr-xl-n3,.mx-xl-n3[39m[31m[91m[33m{[39m[31m[91mmargin-right[33m:[39m[31m[91m-8px!important[33m}[39m[31m[91m[33m.mb-xl-n3,.my-xl-n3[39m[31m[91m[33m{[39m[31m[91mmargin-bottom[33m:[39m[31m[91m-14px!important[33m}[39m[31m[91m[33m.ml-xl-n3,.mx-xl-n3[39m[31m[91m[33m{[39m[31m[91mmargin-left[33m:[39m[31m[91m-8px!important[33m}[39m[31m[91m[33m.m-xl-n4[39m[31m[91m[33m{[39m[31m[91mmargin[33m:[39m[31m[91m-44px!important[33m}[39m[31m[91m[33m.mt-xl-n4,.my-xl-n4[39m[31m[91m[33m{[39m[31m[91mmargin-top[33m:[39m[31m[91m-28px!important[33m}[39m[31m[91m[33m.mr-xl-n4,.mx-xl-n4[39m[31m[91m[33m{[39m[31m[91mmargin-right[33m:[39m[31m[91m-16px!important[33m}[39m[31m[91m[33m.mb-xl-n4,.my-xl-n4[39m[31m[91m[33m{[39m[31m[91mmargin-bottom[33m:[39m[31m[91m-28px!important[33m}[39m[31m[91m[33m.ml-xl-n4,.mx-xl-n4[39m[31m[91m[33m{[39m[31m[91mmargin-left[33m:[39m[31m[91m-16px!important[33m}[39m[31m[91m[33m.m-xl-n5[39m[31m[91m[33m{[39m[31m[91mmargin[33m:[39m[31m[91m-44px!important[33m}[39m[31m[91m[33m.mt-xl-n5,.my-xl-n5[39m[31m[91m[33m{[39m[31m[91mmargin-top[33m:[39m[31m[91m-28px!important[33m}[39m[31m[91m[33m.mr-xl-n5,.mx-xl-n5[39m[31m[91m[33m{[39m[31m[91mmargin-right[33m:[39m[31m[91m-16px!important[33m}[39m[31m[91m[33m.mb-xl-n5,.my-xl-n5[39m[31m[91m[33m{[39m[31m[91mmargin-bottom[33m:[39m[31m[91m-28px!important[33m}[39m[31m[91m[33m.ml-xl-n5,.mx-xl-n5[39m[31m[91m[33m{[39m[31m[91mmargin-left[33m:[39m[31m[91m-16px!im[39m[22m[1m[31mportant[33m}[39m[31m[91m[33m.m-xl-n6[39m[31m[91m[33m{[39m[31m[91mmargin[33m:[39m[31m[91m-66px!important[33m}[39m[31m[91m[33m.mt-xl-n6,.my-xl-n6[39m[31m[91m[33m{[39m[31m[91mmargin-top[33m:[39m[31m[91m-42px!important[33m}[39m[31m[91m[33m.mr-xl-n6,.mx-xl-n6[39m[31m[91m[33m{[39m[31m[91mmargin-right[33m:[39m[31m[91m-24px!important[33m}[39m[31m[91m[33m.mb-xl-n6,.my-xl-n6[39m[31m[91m[33m{[39m[31m[91mmargin-bottom[33m:[39m[31m[91m-42px!important[33m}[39m[31m[91m[33m.ml-xl-n6,.mx-xl-n6[39m[31m[91m[33m{[39m[31m[91mmargin-left[33m:[39m[31m[91m-24px!important[33m}[39m[31m[91m[33m.m-xl-auto[39m[31m[91m[33m{[39m[31m[91mmargin[33m:[39m[31m[91mauto!important[33m}[39m[31m[91m[33m.mt-xl-auto,.my-xl-auto[39m[31m[91m[33m{[39m[31m[91mmargin-top[33m:[39m[31m[91mauto!important[33m}[39m[31m[91m[33m.mr-xl-auto,.mx-xl-auto[39m[31m[91m[33m{[39m[31m[91mmargin-right[33m:[39m[31m[91mauto!important[33m}[39m[31m[91m[33m.mb-xl-auto,.my-xl-auto[39m[31m[91m[33m{[39m[31m[91mmargin-bottom[33m:[39m[31m[91mauto!important[33m}[39m[31m[91m[33m.ml-xl-auto,.mx-xl-auto[39m[31m[91m[33m{[39m[31m[91mmargin-left[33m:[39m[31m[91mauto!important[33m}[39m[31m[91m[33m}[39m[31m[91m[33m.text-monospace[39m[31m[91m[33m{[39m[31m[91mfont-family[33m:[39m[31m[91mDOS,Monaco,Menlo,Consolas,[32m"Courier New"[39m[31m[91m,monospace!important[33m}[39m[31m[91m[33m.text-justify[39m[31m[91m[33m{[39m[31m[91mtext-align[33m:[39m[31m[91mjustify!important[33m}[39m[31m[91m[33m.text-wrap[39m[31m[91m[33m{[39m[31m[91mwhite-space[33m:[39m[31m[91mnormal!important[33m}[39m[31m[91m[33m.text-nowrap[39m[31m[91m[33m{[39m[31m[91mwhite-space[33m:[39m[31m[91mnowrap!important[33m}[39m[31m[91m[33m.text-truncate[39m[31m[91m[33m{[39m[31m[91moverflow[33m:[39m[31m[91mhidden[33m;[39m[31m[91mtext-overflow[33m:[39m[31m[91mellipsis[33m;[39m[31m[91mwhite-space[33m:[39m[31m[91mnowrap[33m}[39m[31m[91m[33m.text-left[39m[31m[91m[33m{[39m[31m[91mtext-align[33m:[39m[31m[91mleft!important[33m}[39m[31m[91m[33m.text-right[39m[31m[91m[33m{[39m[31m[91mtext-align[33m:[39m[31m[91mright!important[33m}[39m[31m[91m[33m.text-center[39m[31m[91m[33m{[39m[31m[39m[22m[1m[31m[91mtext-align[33m:[39m[31m[91mcenter!important[33m}[39m[31m[91m[36m@media[39m[31m[91m[36m [39m[31m[91m[36m(min-width:576px)[39m[31m[91m[33m{[39m[31m[91m[33m.text-sm-left[39m[31m[91m[33m{[39m[31m[91mtext-align[33m:[39m[31m[91mleft!important[33m}[39m[31m[91m[33m.text-sm-right[39m[31m[91m[33m{[39m[31m[91mtext-align[33m:[39m[31m[91mright!important[33m}[39m[31m[91m[33m.text-sm-center[39m[31m[91m[33m{[39m[31m[91mtext-align[33m:[39m[31m[91mcenter!important[33m}[39m[31m[91m[33m}[39m[31m[91m[36m@media[39m[31m[91m[36m [39m[31m[91m[36m(min-width:768px)[39m[31m[91m[33m{[39m[31m[91m[33m.text-md-left[39m[31m[91m[33m{[39m[31m[91mtext-align[33m:[39m[31m[91mleft!important[33m}[39m[31m[91m[33m.text-md-right[39m[31m[91m[33m{[39m[31m[91mtext-align[33m:[39m[31m[91mright!important[33m}[39m[31m[91m[33m.text-md-center[39m[31m[91m[33m{[39m[31m[91mtext-align[33m:[39m[31m[91mcenter!important[33m}[39m[31m[91m[33m}[39m[31m[91m[36m@media[39m[31m[91m[36m [39m[31m[91m[36m(min-width:960px)[39m[31m[91m[33m{[39m[31m[91m[33m.text-lg-left[39m[31m[91m[33m{[39m[31m[91mtext-align[33m:[39m[31m[91mleft!important[33m}[39m[31m[91m[33m.text-lg-right[39m[31m[91m[33m{[39m[31m[91mtext-align[33m:[39m[31m[91mright!important[33m}[39m[31m[91m[33m.text-lg-center[39m[31m[91m[33m{[39m[31m[91mtext-align[33m:[39m[31m[91mcenter!important[33m}[39m[31m[91m[33m}[39m[31m[91m[36m@media[39m[31m[91m[36m [39m[31m[91m[36m(min-width:1152px)[39m[31m[91m[33m{[39m[31m[91m[33m.text-xl-left[39m[31m[91m[33m{[39m[31m[91mtext-align[33m:[39m[31m[91mleft!important[33m}[39m[31m[91m[33m.text-xl-right[39m[31m[91m[33m{[39m[31m[91mtext-align[33m:[39m[31m[91mright!important[33m}[39m[31m[91m[33m.text-xl-center[39m[31m[91m[33m{[39m[31m[91mtext-align[33m:[39m[31m[91mcenter!important[33m}[39m[31m[91m[33m}[39m[31m[91m[33m.text-lowercase[39m[31m[91m[33m{[39m[31m[91mtext-transform[33m:[39m[31m[91mlowercase!important[33m}[39m[31m[91m[33m.text-uppercase[39m[31m[91m[33m{[39m[31m[91mtext-transform[33m:[39m[31m[91muppercase!important[33m}[39m[31m[91m[33m.text-capitalize[39m[31m[91m[33m{[39m[31m[91mtext-transform[33m:[39m[31m[91mcapitalize[39m[22m[1m[31m!important[33m}[39m[31m[91m[33m.font-italic[39m[31m[91m[33m{[39m[31m[91mfont-style[33m:[39m[31m[91mnormal!important[33m}[39m[31m[91m[33m.text-white[39m[31m[91m[33m{[39m[31m[91mcolor[33m:[39m[31m[91m[35m#fff[39m[31m[91m!important[33m}[39m[31m[91m[33m.text-primary[39m[31m[91m[33m{[39m[31m[91mcolor[33m:[39m[31m[91m[35m#fff[39m[31m[91m!important[33m}[39m[31m[91m[33m.text-secondary[39m[31m[91m[33m{[39m[31m[91mcolor[33m:[39m[31m[91m[35m#fff[39m[31m[91m!important[33m}[39m[31m[91m[33m.text-success[39m[31m[91m[33m{[39m[31m[91mcolor[33m:[39m[31m[91m[35m#5f5[39m[31m[91m!important[33m}[39m[31m[91m[33m.text-info[39m[31m[91m[33m{[39m[31m[91mcolor[33m:[39m[31m[91m[35m#5ff[39m[31m[91m!important[33m}[39m[31m[91m[33m.text-warning[39m[31m[91m[33m{[39m[31m[91mcolor[33m:[39m[31m[91m[35m#ff5[39m[31m[91m!important[33m}[39m[31m[91m[33m.text-danger[39m[31m[91m[33m{[39m[31m[91mcolor[33m:[39m[31m[91m[35m#f55[39m[31m[91m!important[33m}[39m[31m[91m[33m.text-dark[39m[31m[91m[33m{[39m[31m[91mcolor[33m:[39m[31m[91m[35m#555[39m[31m[91m!important[33m}[39m[31m[91m[33m.text-body[39m[31m[91m[33m{[39m[31m[91mcolor[33m:[39m[31m[91m[35m#bbb[39m[31m[91m!important[33m}[39m[31m[91m[33m.text-muted[39m[31m[91m[33m{[39m[31m[91mcolor[33m:[39m[31m[91m[35m#555[39m[31m[91m[33m}[39m[31m[91m[33m.text-hide[39m[31m[91m[33m{[39m[31m[91mfont[33m:[39m[31m[91m0/0 a[33m;[39m[31m[91mcolor[33m:[39m[31m[91mtransparent[33m;[39m[31m[91mtext-shadow[33m:[39m[31m[91mnone[33m;[39m[31m[91mbackground-color[33m:[39m[31m[91mtransparent[33m;[39m[31m[91mborder[33m:[39m[31m[91m0[33m}[39m[31m[91m[33m.text-decoration-none[39m[31m[91m[33m{[39m[31m[91mtext-decoration[33m:[39m[31m[91mnone!important[33m}[39m[31m[91m[33m.text-break[39m[31m[91m[33m{[39m[31m[91mword-break[33m:[39m[31m[91mbreak-word!important[33m;[39m[31m[91moverflow-wrap[33m:[39m[31m[91mbreak-word!important[33m}[39m[31m[91m[33m.text-reset[39m[31m[91m[33m{[39m[31m[91mcolor[33m:[39m[31m[91minherit!important[33m}[39m[31m[91m[33m.visible[39m[31m[91m[33m{[39m[31m[91mvisibility[33m:[39m[31m[91mvisible!important[33m}[39m[31m[91m[33m.invisible[39m[31m[91m[33m{[39m[31m[91mvis[39m[22m[1m[31mibility[33m:[39m[31m[91mhidden!important[33m}[39m[31m[91m[36m@media[39m[31m[91m print[33m{[39m[31m[91m*,[33m:[39m[31m[91m[33m:[39m[31m[91mafter,[33m:[39m[31m[91m[33m:[39m[31m[91mbefore[33m{[39m[31m[91mtext-shadow[33m:[39m[31m[91mnone!important[33m;[39m[31m[91mbox-shadow[33m:[39m[31m[91mnone!important[33m}[39m[31m[91ma[33m:[39m[31m[91m[36mnot[39m[31m[91m[36m(.btn)[39m[31m[91m[33m{[39m[31m[91mtext-decoration[33m:[39m[31m[91munderline[33m}[39m[31m[91mabbr[33m[[39m[31m[91mtitle[33m][39m[31m[91m[33m:[39m[31m[91m[33m:[39m[31m[91mafter[33m{[39m[31m[91mcontent[33m:[39m[31m[91m[32m" ("[39m[31m[91m [36mattr[39m[31m[91m[36m(title)[39m[31m[91m [32m")"[39m[31m[91m[33m}[39m[31m[91mpre[33m{[39m[31m[91mwhite-space[33m:[39m[31m[91mpre-wrap!important[33m}[39m[31m[91mblockquote,pre[33m{[39m[31m[91mborder[33m:[39m[31m[91m0 solid [35m#555[39m[31m[91m[33m;[39m[31m[91mpage-break-inside[33m:[39m[31m[91mavoid[33m}[39m[31m[91mthead[33m{[39m[31m[91mdisplay[33m:[39m[31m[91mtable-header-group[33m}[39m[31m[91mimg,tr[33m{[39m[31m[91mpage-break-inside[33m:[39m[31m[91mavoid[33m}[39m[31m[91mh2,h3,p[33m{[39m[31m[91morphans[33m:[39m[31m[91m3[33m;[39m[31m[91mwidows[33m:[39m[31m[91m3[33m}[39m[31m[91mh2,h3[33m{[39m[31m[91mpage-break-after[33m:[39m[31m[91mavoid[33m}[39m[31m[91m[36m@page[39m[31m[91m[33m{[39m[31m[91msize[33m:[39m[31m[91ma3[33m}[39m[31m[91mbody[33m{[39m[31m[91mmin-width[33m:[39m[31m[91m960px!important[33m}[39m[31m[91m[33m.container[39m[31m[91m[33m{[39m[31m[91mmin-width[33m:[39m[31m[91m960px!important[33m}[39m[31m[91m[33m.navbar[39m[31m[91m[33m{[39m[31m[91mdisplay[33m:[39m[31m[91mnone[33m}[39m[31m[91m[33m.badge[39m[31m[91m[33m{[39m[31m[91mborder[33m:[39m[31m[91m0 solid [35m#000[39m[31m[91m[33m}[39m[31m[91m[33m.table[39m[31m[91m[33m{[39m[31m[91mborder-collapse[33m:[39m[31m[91mcollapse!important[33m}[39m[31m[91m[33m.table[39m[31m[91m td,.table th[33m{[39m[31m[91mbackground-color[33m:[39m[31m[91m[35m#fff[39m[31m[91m!important[33m}[39m[31m[91m[33m.table-bordered[39m[31m[91m td,.table-bordered th[33m{[39m[31m[91mborder[33m:[39m[31m[91m1px solid [35m#555[39m[31m[91m!important[33m}[39m[22m[1m[31m[39m[91m[33m.table-dark[39m[31m[91m[33m{[39m[31m[91mcolor[33m:[39m[31m[91minherit[33m}[39m[31m[91m[33m.table-dark[39m[31m[91m tbody+tbody,.table-dark td,.table-dark th,.table-dark thead th[33m{[39m[31m[91mborder-color[33m:[39m[31m[91m[35m#555[39m[31m[91m[33m}[39m[31m[91m[33m.table[39m[31m[91m [33m.thead-dark[39m[31m[91m th[33m{[39m[31m[91mcolor[33m:[39m[31m[91minherit[33m;[39m[31m[91mborder-color[33m:[39m[31m[91m[35m#555[39m[31m[91m[33m}[39m[31m[91m[33m}[39m[31m[91m[39m[31m[0m[39m[22m
[1m[31m[0m[91m [90m   | [39m[31m[91m                                                                                                                                                                                                                                                                                                                                                                                                                                                                                                                                                                                                                                                                                                                                                                                                                                                                                                                                                                                                                                                                                                                                                                                                                                                                                                                                                                                                                                                                                                                                                                   [39m[22m[1m[31m                                                                                                                                                                                                                                                                                                                                                                                                                                                                                                                                                                                                                                                                                                                                                                                                                                                                                                                                                                                                                                                                                                                                                                                                                                                                                                                                                                                                                                                                                                                                                                                                                                                                                                                                                                                                                                                                                                                                                                                                                                                                                [39m[22m[1m[31m                                                                                                                                                                                                                                                                                                                                                                                                                                                                                                                                                                                                                                                                                                                                                                                                                                                                                                                                                                                                                                                                                                                                                                                                                                                                                                                                                                                                                                                                                                                                                                                                                                                                                                                                                                                                                                                                                                                                                                                                                                                                                [39m[22m[1m[31m                                                                                                                                                                                                                                                                                                                                                                                                                                                                                                                                                                                                                                                                                                                                                                                                                                                                                                                                                                                                                                                                                                                                                                                                                                                                                                                                                                                                                                                                                                                                                                                                                                                                                                                                                                                                                                                                                                                                                                                                                                                                                [39m[22m[1m[31m                                                                                                                                                                                                                                                                                                                                                                                                                                                                                                                                                                                                                                                                                                                                                                                                                                                                                                                                                                                                                                                                                                                                                                                                                                                                                                                                                                                                                                                                                                                                                                                                                                                                                                                                                                                                                                                                                                                                                                                                                                                                                [39m[22m[1m[31m                                                                                                                                                                                                                                                                                                                                                                                                                                                                                                                                                                                                                                                                                                                                                                                                                                                                                                                                                                                                                                                                                                                                                                                                                                                                                                                                                                                                                                                                                                                                                                                                                                                                                                                                                                                                                                                                                                                                                                                                                                                                                [39m[22m[1m[31m                                                                                                                                                                                                                                                                                                                                                                                                                                                                                                                                                                                                                                                                                                                                                                                                                                                                                                                                                                                                                                                                                                                                                                                                                                                                                                                                                                                                                                                                                                                                                                                                                                                                                                                                                                                                                                                                                                                                                                                                                                                                                [39m[22m[1m[31m                                                                                                                                                                                                                                                                                                                                                                                                                                                                                                                                                                                                                                                                                                                                                                                                                                                                                                                                                                                                                                                                                                                                                                                                                                                                                                                                                                                                                                                                                                                                                                                                                                                                                                                                                                                                                                                                                                                                                                                                                                                                                [39m[22m[1m[31m                                                                                                                                                                                                                                                                                                                                                                                                                                                                                                                                                                                                                                                                                                                                                                                                                                                                                                                                                                                                                                                                                                                                                                                                                                                                                                                                                                                                                                                                                                                                                                                                                                                                                                                                                                                                                                                                                                                                                                                                                                                                                [39m[22m[1m[31m                                                                                                                                                                                                                                                                                                                                                                                                                                                                                                                                                                                                                                                                                                                                                                                                                                                                                                                                                                                                                                                                                                                                                                                                                                                                                                                                                                                                                                                                                                                                                                                                                                                                                                                                                                                                                                                                                                                                                                                                                                                                                [39m[22m[1m[31m                                                                                                                                                                                                                                                                                                                                                                                                                                                                                                                                                                                                                                                                                                                                                                                                                                                                                                                                                                                                                                                                                                                                                                                                                                                                                                                                                                                                                                                                                                                                                                                                                                                                                                                                                                                                                                                                                                                                                                                                                                                                                [39m[22m[1m[31m                                                                                                                                                                                                                                                                                                                                                                                                                                                                                                                                                                                                                                                                                                                                                                                                                                                                                                                                                                                                                                                                                                                                                                                                                                                                                                                                                                                                                                                                                                                                                                                                                                                                                                                                                                                                                                                                                                                                                                                                                                                                                [39m[22m[1m[31m                                                                                                                                                                                                                                                                                                                                                                                                                                                                                                                                                                                                                                                                                                                                                                                                                                                                                                                                                                                                                                                                                                                                                                                                                                                                                                                                                                                                                                                                                                                                                                                                                                                                                                                                                                                                                                                                                                                                                                                                                                                                                [39m[22m[1m[31m                                                                                                                                                                                                                                                                                                                                                                                                                                                                                                                                                                                                                                                                                                                                                                                                                                                                                                                                                                                                                                                                                                                                                                                                                                                                                                                                                                                                                                                                                                                                                                                                                                                                                                                                                                                                                                                                                                                                                                                                                                                                                [39m[22m[1m[31m                                                                                                                                                                                                                                                                                                                                                                                                                                                                                                                                                                                                                                                                                                                                                                                                                                                                                                                                                                                                                                                                                                                                                                                                                                                                                                                                                                                                                                                                                                                                                                                                                                                                                                                                                                                                                                                                                                                                                                                                                                                                                [39m[22m[1m[31m                                                                                                                                                                                                                                                                                                                                                                                                                                                                                                                                                                                                                                                                                                                                                                                                                                                                                                                                                                                                                                                                                                                                                                                                                                                                                                                                                                                                                                                                                                                                                                                                                                                                                                                                                                                                                                                                                                                                                                                                                                                                                [39m[22m[1m[31m                                                                                                                                                                                                                                                                                                                                                                                                                                                                                                                                                                                                                                                                                                                                                                                                                                                                                                                                                                                                                                                                                                                                                                                                                                                                                                                                                                                                                                                                                                                                                                                                                                                                                                                                                                                                                                                                                                                                                                                                                                                                                [39m[22m[1m[31m                                                                                                                                                                                                                                                                                                                                                                                                                                                                                                                                                                                                                                                                                                                                                                                                                                                                                                                                                                                                                                                                                                                                                                                                                                                                                                                                                                                                                                                                                                                                                                                                                                                                                                                                                                                                                                                                                                                                                                                                                                                                                [39m[22m[1m[31m                                                                                                                                                                                                                                                                                                                                                                                                                                                                                                                                                                                                                                                                                                                                                                                                                                                                                                                                                                                                                                                                                                                                                                                                                                                                                                                                                                                                                                                                                                                                                                                                                                                                                                                                                                                                                                                                                                                                                                                                                                                                                [39m[22m[1m[31m                                                                                                                                                                                                                                                                                                                                                                                                                                                                                                                                                                                                                                                                                                                                                                                                                                                                                                                                                                                                                                                                                                                                                                                                                                                                                                                                                                                                                                                                                                                                                                                                                                                                                                                                                                                                                                                                                                                                                                                                                                                                                [39m[22m[1m[31m                                                                                                                                                                                                                                                                                                                                                                                                                                                                                                                                                                                                                                                                                                                                                                                                                                                                                                                                                                                                                                                                                                                                                                                                                                                                                                                                                                                                                                                                                                                                                                                                                                                                                                                                                                                                                                                                                                                                                                                                                                                                                [39m[22m[1m[31m                                                                                                                                                                                                                                                                                                                                                                                                                                                                                                                                                                                                                                                                                                                                                                                                                                                                                                                                                                                                                                                                                                                                                                                                                                                                                                                                                                                                                                                                                                                                                                                                                                                                                                                                                                                                                                                                                                                                                                                                                                                                                [39m[22m[1m[31m                                                                                                                                                                                                                                                                                                                                                                                                                                                                                                                                                                                                                                                                                                                                                                                                                                                                                                                                                                                                                                                                                                                                                                                                                                                                                                                                                                                                                                                                                                                                                                                                                                                                                                                                                                                                                                                                                                                                                                                                                                                                                [39m[22m[1m[31m                                                                                                                                                                                                                                                                                                                                                                                                                                                                                                                                                                                                                                                                                                                                                                                                                                                                                                                                                                                                                                                                                                                                                                                                                                                                                                                                                                                                                                                                                                                                                                                                                                                                                                                                                                                                                                                                                                                                                                                                                                                                                [39m[22m[1m[31m                                                                                                                                                                                                                                                                                                                                                                                                                                                                                                                                                                                                                                                                                                                                                                                                                                                                                                                                                                                                                                                                                                                                                                                                                                                                                                                                                                                                                                                                                                                                                                                                                                                                                                                                                                                                                                                                                                                                                                                                                                                                                [39m[22m[1m[31m                                                                                                                                                                                                                                                                                                                                                                                                                                                                                                                                                                                                                                                                                                                                                                                                                                                                                                                                                                                                                                                                                                                                                                                                                                                                                                                                                                                                                                                                                                                                                                                                                                                                                                                                                                                                                                                                                                                                                                                                                                                                                [39m[22m[1m[31m                                                                                                                                                                                                                                                                                                                                                                                                                                                                                                                                                                                                                                                                                                                                                                                                                                                                                                                                                                                                                                                                                                                                                                                                                                                                                                                                                                                                                                                                                                                                                                                                                                                                                                                                                                                                                                                                                                                                                                                                                                                                                [39m[22m[1m[31m                                                                                                                                                                                                                                                                                                                                                                                                                                                                                                                                                                                                                                                                                                                                                                                                                                                                                                                                                                                                                                                                                                                                                                                                                                                                                                                                                                                                                                                                                                                                                                                                                                                                                                                                                                                                                                                                                                                                                                                                                                                                                [39m[22m[1m[31m                                                                                                                                                                                                                                                                                                                                                                                                                                                                                                                                                                                                                                                                                                                                                                                                                                                                                                                                                                                                                                                                                                                                                                                                                                                                                                                                                                                                                                                                                                                                                                                                                                                                                                                                                                                                                                                                                                                                                                                                                                                                                [39m[22m[1m[31m                                                                                                                                                                                                                                                                                                                                                                                                                                                                                                                                                                                                                                      [1m[31m^[39m[31m[91m[22m[1m[39m[31m[0m[39m[22m
[1m[31m[0m[91m [90m 7 | [39m[31m[91m[90m/*# sourceMappingURL=bootstrap.min.css.map */[39m[31m[91m[39m[31m[0m[39m[22m
[1m[31m[0m[91m[39m[31m[0m[39m[22m
[1m[31m[0m[91m    at Object.emitError (/Users/zefram/Documents/GitHub/astrodrop-frontend/node_modules/@angular-builders/custom-webpack/node_modules/webpack/lib/NormalModule.js:173:6)[39m[31m[0m[39m[22m
[1m[31m[0m[91m    at Declaration (/Users/zefram/Documents/GitHub/astrodrop-frontend/node_modules/@angular-builders/custom-webpack/node_modules/@angular-devkit/build-angular/src/webpack/plugins/postcss-cli-resources.js:123:28)[39m[31m[0m[39m[22m
[1m[31m[0m[91m    at runMicrotasks (<anonymous>)[39m[31m[0m[39m[22m
[1m[31m[0m[91m    at processTicksAndRejections (node:internal/process/task_queues:96:5)[39m[31m[0m[39m[22m
[1m[31m[0m[91m    at async LazyResult.runAsync (/Users/zefram/Documents/GitHub/astrodrop-frontend/node_modules/@angular-builders/custom-webpack/node_modules/postcss/lib/lazy-result.js:375:15)[39m[31m[0m[39m[22m
[1m[31m[0m[91m    at async Object.loader (/Users/zefram/Documents/GitHub/astrodrop-frontend/node_modules/@angular-builders/custom-webpack/node_modules/postcss-loader/dist/index.js:95:14)[39m[31m[0m[39m[22m
[1m[31m[0m[91m[39m[31m[0m[39m[22m
[1m[31m[0m[91m[39m[31m[0m[39m[22m
- Generating browser application bundles...
[32m✔[39m Browser application bundle generation complete.
[1m[33m[39m[22m
[1m[33m[0m[93mWarning: Emitted no files.[39m[33m[0m[39m[22m
[1m[33m[0m[93m[39m[33m[0m[39m[22m
[1m[33m[0m[93m[39m[33m[0m[39m[22m
[1m[33m[0m[93m[39m[33m[0m[39m[22m
[1m[31m[39m[22m
[1m[31m[0m[91mError: ./src/assets/css/bootstrap.min.css[39m[31m[0m[39m[22m
[1m[31m[0m[91mModule build failed (from ./node_modules/@angular-builders/custom-webpack/node_modules/mini-css-extract-plugin/dist/loader.js):[39m[31m[0m[39m[22m
[1m[31m[0m[91mModuleError: Module Error (from ./node_modules/@angular-builders/custom-webpack/node_modules/postcss-loader/dist/cjs.js):[39m[31m[0m[39m[22m
[1m[31m[0m[91m(Emitted value instead of an instance of Error) CssSyntaxError: /Users/zefram/Documents/GitHub/astrodrop-frontend/src/assets/css/bootstrap.min.css:6:58122: Can't resolve '../fonts/arrow-down.svg' in '/Users/zefram/Documents/GitHub/astrodrop-frontend/src/assets/css'[39m[31m[0m[39m[22m
[1m[31m[0m[91m[39m[31m[0m[39m[22m
[1m[31m[0m[91m [90m 4 | [39m[31m[91m[90m * Copyright 2011-2019 Twitter, Inc.[39m[31m[91m[39m[31m[0m[39m[22m
[1m[31m[0m[91m [90m 5 | [39m[31m[91m[90m * Licensed under MIT (https://github.com/twbs/bootstrap/blob/master/LICENSE)[39m[31m[91m[39m[31m[0m[39m[22m
[1m[31m[0m[91m[1m[31m>[39m[31m[91m[22m[1m[90m 6 | [39m[31m[91m[90m */[39m[31m[91m[33m:[39m[31m[91mroot[33m{[39m[31m[91m--blue[33m:[39m[31m[91m[35m#000084[39m[31m[91m[33m;[39m[31m[91m--indigo[33m:[39m[31m[91m[35m#55f[39m[31m[91m[33m;[39m[31m[91m--purple[33m:[39m[31m[91m[35m#aa00aa[39m[31m[91m[33m;[39m[31m[91m--pink[33m:[39m[31m[91m[35m#f5f[39m[31m[91m[33m;[39m[31m[91m--red[33m:[39m[31m[91m[35m#aa0000[39m[31m[91m[33m;[39m[31m[91m--orange[33m:[39m[31m[91m[35m#f55[39m[31m[91m[33m;[39m[31m[91m--yellow[33m:[39m[31m[91m[35m#ff5[39m[31m[91m[33m;[39m[31m[91m--green[33m:[39m[31m[91m[35m#00aa00[39m[31m[91m[33m;[39m[31m[91m--teal[33m:[39m[31m[91m[35m#00aaaa[39m[31m[91m[33m;[39m[31m[91m--cyan[33m:[39m[31m[91m[35m#00aaaa[39m[31m[91m[33m;[39m[31m[91m--white[33m:[39m[31m[91m[35m#fff[39m[31m[91m[33m;[39m[31m[91m--gray[33m:[39m[31m[91m[35m#bbbbbb[39m[31m[91m[33m;[39m[31m[91m--gray-dark[33m:[39m[31m[91m[35m#bbbbbb[39m[31m[91m[33m;[39m[31m[91m--primary[33m:[39m[31m[91m[35m#bbbbbb[39m[31m[91m[33m;[39m[31m[91m--secondary[33m:[39m[31m[91m[35m#bbbbbb[39m[31m[91m[33m;[39m[31m[91m--success[33m:[39m[31m[91m[35m#00aa00[39m[31m[91m[33m;[39m[31m[91m--info[33m:[39m[31m[91m[35m#00aaaa[39m[31m[91m[33m[39m[22m[1m[31m;[39m[31m[91m--warning[33m:[39m[31m[91m[35m#aa5500[39m[31m[91m[33m;[39m[31m[91m--danger[33m:[39m[31m[91m[35m#aa0000[39m[31m[91m[33m;[39m[31m[91m--light[33m:[39m[31m[91m[35m#fff[39m[31m[91m[33m;[39m[31m[91m--dark[33m:[39m[31m[91m[35m#000000[39m[31m[91m[33m;[39m[31m[91m--breakpoint-xs[33m:[39m[31m[91m0[33m;[39m[31m[91m--breakpoint-sm[33m:[39m[31m[91m576px[33m;[39m[31m[91m--breakpoint-md[33m:[39m[31m[91m768px[33m;[39m[31m[91m--breakpoint-lg[33m:[39m[31m[91m960px[33m;[39m[31m[91m--breakpoint-xl[33m:[39m[31m[91m1152px[33m;[39m[31m[91m--font-family-sans-serif[33m:[39m[31m[91mDOS,Monaco,Menlo,Consolas,[32m"Courier New"[39m[31m[91m,monospace[33m;[39m[31m[91m--font-family-monospace[33m:[39m[31m[91mDOS,Monaco,Menlo,Consolas,[32m"Courier New"[39m[31m[91m,monospace[33m}[39m[31m[91m[36m@font-face[39m[31m[91m[33m{[39m[31m[91mfont-family[33m:[39m[31m[91mDOS[33m;[39m[31m[91msrc[33m:[39m[31m[91m[36murl[39m[31m[91m[36m(../fonts/Px437_IBM_EGA8.otf)[39m[31m[91m [36mformat[39m[31m[91m[36m([39m[31m[91m[32m"opentype"[39m[31m[91m[36m)[39m[31m[91m[33m;[39m[31m[91mfont-weight[33m:[39m[31m[91m400[33m;[39m[31m[91mfont-style[33m:[39m[31m[91mnormal[33m;[39m[31m[91m-webkit-font-kerning[33m:[39m[31m[91mnone[33m;[39m[31m[91mfont-kerning[33m:[39m[31m[91mnone[33m;[39m[31m[91mfont-synthesis[33m:[39m[31m[91mnone[33m;[39m[31m[91m-webkit-font-variant-ligatures[33m:[39m[31m[91mnone[33m;[39m[31m[91mfont-variant-ligatures[33m:[39m[31m[91mnone[33m;[39m[31m[91mfont-variant-numeric[33m:[39m[31m[91mtabular-nums[33m}[39m[31m[91m*,[33m:[39m[31m[91m[33m:[39m[31m[91mafter,[33m:[39m[31m[91m[33m:[39m[31m[91mbefore[33m{[39m[31m[91mbox-sizing[33m:[39m[31m[91mborder-box[33m}[39m[31m[91mhtml[33m{[39m[31m[91mfont-family[33m:[39m[31m[91mDOS,monospace[33m;[39m[31m[91mline-height[33m:[39m[31m[91m14px[33m;[39m[31m[91m-webkit-text-size-adjust[33m:[39m[31m[91m100%[33m;[39m[31m[91m-webkit-tap-highlight-color[33m:[39m[31m[91mtransparent[33m;[39m[31m[91mline-height-step[33m:[39m[31m[91m14px[33m}[39m[31m[91marticle,aside,figcaption,figure,footer,header,hgroup,main,nav,section[33m{[39m[31m[91mdisplay[33m:[[39m[22m[1m[31m39m[91mblock[33m}[39m[31m[91mbody[33m{[39m[31m[91mmargin[33m:[39m[31m[91m0[33m;[39m[31m[91mfont-family[33m:[39m[31m[91mDOS,Monaco,Menlo,Consolas,[32m"Courier New"[39m[31m[91m,monospace[33m;[39m[31m[91mfont-weight[33m:[39m[31m[91m400[33m;[39m[31m[91mline-height[33m:[39m[31m[91m14px[33m;[39m[31m[91mfont-size[33m:[39m[31m[91m16px[33m;[39m[31m[91mcolor[33m:[39m[31m[91m[35m#bbb[39m[31m[91m[33m;[39m[31m[91mtext-align[33m:[39m[31m[91mleft[33m;[39m[31m[91mbackground-color[33m:[39m[31m[91m[35m#000084[39m[31m[91m[33m;[39m[31m[91m-webkit-font-kerning[33m:[39m[31m[91mnone[33m;[39m[31m[91mfont-kerning[33m:[39m[31m[91mnone[33m;[39m[31m[91mtext-rendering[33m:[39m[31m[91mgeometricPrecision[33m}[39m[31m[91m[33m[[39m[31m[91mtabindex=[32m"-1"[39m[31m[91m[33m][39m[31m[91m[33m:[39m[31m[91mfocus[33m:[39m[31m[91m[36mnot[39m[31m[91m[36m(:focus-visible)[39m[31m[91m[33m{[39m[31m[91moutline[33m:[39m[31m[91m0!important[33m}[39m[31m[91mhr[33m{[39m[31m[91mbox-sizing[33m:[39m[31m[91mcontent-box[33m;[39m[31m[91mheight[33m:[39m[31m[91m0[33m;[39m[31m[91moverflow[33m:[39m[31m[91mvisible[33m}[39m[31m[91mh1,h2,h3,h4,h5,h6[33m{[39m[31m[91mmargin-top[33m:[39m[31m[91m0[33m;[39m[31m[91mmargin-bottom[33m:[39m[31m[91m14px[33m;[39m[31m[91mfont-weight[33m:[39m[31m[91m400[33m}[39m[31m[91mp[33m{[39m[31m[91mmargin-top[33m:[39m[31m[91m0[33m;[39m[31m[91mmargin-bottom[33m:[39m[31m[91m14px[33m}[39m[31m[91mabbr[33m[[39m[31m[91mdata-original-title[33m][39m[31m[91m,abbr[33m[[39m[31m[91mtitle[33m][39m[31m[91m[33m{[39m[31m[91mtext-decoration[33m:[39m[31m[91mnone[33m;[39m[31m[91mcursor[33m:[39m[31m[91mhelp[33m;[39m[31m[91mborder-bottom[33m:[39m[31m[91m0[33m;[39m[31m[91m-webkit-text-decoration-skip-ink[33m:[39m[31m[91mnone[33m;[39m[31m[91mtext-decoration-skip-ink[33m:[39m[31m[91mnone[33m}[39m[31m[91maddress[33m{[39m[31m[91mmargin-bottom[33m:[39m[31m[91m14px[33m;[39m[31m[91mfont-style[33m:[39m[31m[91mnormal[33m;[39m[31m[91mline-height[33m:[39m[31m[91minherit[33m}[39m[31m[91mdl,ol,ul[33m{[39m[31m[91mmargin-top[33m:[39m[31m[91m0[33m;[39m[31m[91mmargin-left[33m:[39m[31m[91m8px[33m;[39m[31m[91mpadding-left[3[39m[22m[1m[31m3m:[39m[31m[91m0[33m;[39m[31m[91mmargin-bottom[33m:[39m[31m[91m14px[33m}[39m[31m[91mli[33m{[39m[31m[91mpadding-left[33m:[39m[31m[91m8px[33m}[39m[31m[91mol ol,ol ul,ul ol,ul ul[33m{[39m[31m[91mmargin-bottom[33m:[39m[31m[91m0[33m}[39m[31m[91mdt[33m{[39m[31m[91mfont-weight[33m:[39m[31m[91m400[33m}[39m[31m[91mdd[33m{[39m[31m[91mmargin-bottom[33m:[39m[31m[91m14px[33m;[39m[31m[91mmargin-left[33m:[39m[31m[91m0[33m}[39m[31m[91mblockquote[33m{[39m[31m[91mmargin[33m:[39m[31m[91m0 0 14px[33m}[39m[31m[91mb,strong[33m{[39m[31m[91mfont-weight[33m:[39m[31m[91m400[33m}[39m[31m[91mb[33m:[39m[31m[91m[33m:[39m[31m[91mafter,b[33m:[39m[31m[91m[33m:[39m[31m[91mbefore,strong[33m:[39m[31m[91m[33m:[39m[31m[91mafter,strong[33m:[39m[31m[91m[33m:[39m[31m[91mbefore[33m{[39m[31m[91mcontent[33m:[39m[31m[91m[32m'*'[39m[31m[91m[33m}[39m[31m[91msmall[33m{[39m[31m[91mfont-size[33m:[39m[31m[91m16px[33m}[39m[31m[91msub,sup[33m{[39m[31m[91mposition[33m:[39m[31m[91mrelative[33m;[39m[31m[91mline-height[33m:[39m[31m[91m0[33m;[39m[31m[91mvertical-align[33m:[39m[31m[91mbaseline[33m}[39m[31m[91msub[33m{[39m[31m[91mbottom[33m:[39m[31m[91m0[33m}[39m[31m[91msup[33m{[39m[31m[91mtop[33m:[39m[31m[91m0[33m}[39m[31m[91ma[33m{[39m[31m[91mcolor[33m:[39m[31m[91m[35m#ff5[39m[31m[91m[33m;[39m[31m[91mtext-decoration[33m:[39m[31m[91mnone[33m;[39m[31m[91mbackground-color[33m:[39m[31m[91mtransparent[33m}[39m[31m[91ma[33m:[39m[31m[91mhover[33m{[39m[31m[91mcolor[33m:[39m[31m[91m[35m#bbb[39m[31m[91m[33m;[39m[31m[91mbackground-color[33m:[39m[31m[91m[35m#000[39m[31m[91m[33m}[39m[31m[91mem[33m{[39m[31m[91mfont-style[33m:[39m[31m[91mnormal[33m}[39m[31m[91mem[33m:[39m[31m[91m[33m:[39m[31m[91mafter,em[33m:[39m[31m[91m[33m:[39m[31m[91mbefore[33m{[39m[31m[91mcontent[33m:[39m[31m[91m[32m"/"[39m[31m[91m[33m}[39m[31m[91ma[33m:[39m[31m[91m[36mnot[39m[31m[91m[36m([href])[39m[31m[91m[33m{[39m[31m[91mcolor[33m:[39m[31m[91minherit[33m;[39m[31m[91mtext-decoration[33m:[39m[31m[91mnone[33m}[39m[31m[91ma[33m:[39m[31m[91m[36mnot[39m[31m[91m[36m([href])[39m[31m[91m[33m:[39m[31m[91mhover[33m{[39m[31m[91mcolor[33m:[39m[31m[91minherit[33m;[39m[31m[39m[22m[1m[31m[91mtext-decoration[33m:[39m[31m[91mnone[33m}[39m[31m[91mcode,kbd,pre,samp[33m{[39m[31m[91mfont-family[33m:[39m[31m[91mDOS,Monaco,Menlo,Consolas,[32m"Courier New"[39m[31m[91m,monospace[33m;[39m[31m[91mfont-size[33m:[39m[31m[91m16px[33m}[39m[31m[91mpre[33m{[39m[31m[91mmargin-top[33m:[39m[31m[91m0[33m;[39m[31m[91mmargin-bottom[33m:[39m[31m[91m14px[33m;[39m[31m[91moverflow[33m:[39m[31m[91mauto[33m}[39m[31m[91mfigure[33m{[39m[31m[91mmargin[33m:[39m[31m[91m0 0 14px[33m}[39m[31m[91mimg[33m{[39m[31m[91mvertical-align[33m:[39m[31m[91mmiddle[33m;[39m[31m[91mborder-style[33m:[39m[31m[91mnone[33m}[39m[31m[91msvg[33m{[39m[31m[91moverflow[33m:[39m[31m[91mhidden[33m;[39m[31m[91mvertical-align[33m:[39m[31m[91mmiddle[33m}[39m[31m[91mtable[33m{[39m[31m[91mborder-collapse[33m:[39m[31m[91mcollapse[33m;[39m[31m[91mborder-spacing[33m:[39m[31m[91m0[33m}[39m[31m[91mcaption[33m{[39m[31m[91mpadding-top[33m:[39m[31m[91m0[33m;[39m[31m[91mpadding-bottom[33m:[39m[31m[91m0[33m;[39m[31m[91mcolor[33m:[39m[31m[91m[35m#555[39m[31m[91m[33m;[39m[31m[91mtext-align[33m:[39m[31m[91mleft[33m;[39m[31m[91mcaption-side[33m:[39m[31m[91mbottom[33m}[39m[31m[91mth[33m{[39m[31m[91mtext-align[33m:[39m[31m[91minherit[33m;[39m[31m[91mfont-weight[33m:[39m[31m[91m400[33m;[39m[31m[91mcolor[33m:[39m[31m[91m[35m#fff[39m[31m[91m[33m}[39m[31m[91mlabel[33m{[39m[31m[91mdisplay[33m:[39m[31m[91minline-block[33m;[39m[31m[91mmargin-bottom[33m:[39m[31m[91m0[33m}[39m[31m[91mbutton[33m{[39m[31m[91mborder-radius[33m:[39m[31m[91m0[33m;[39m[31m[91mpadding[33m:[39m[31m[91m0[33m}[39m[31m[91mbutton[33m:[39m[31m[91mfocus[33m{[39m[31m[91moutline[33m:[39m[31m[91m0 dotted[33m;[39m[31m[91moutline[33m:[39m[31m[91m5px auto -webkit-focus-ring-color[33m}[39m[31m[91mbutton,input,optgroup,select,textarea[33m{[39m[31m[91mmargin[33m:[39m[31m[91m0[33m;[39m[31m[91mfont[33m:[39m[31m[91m400 16px DOS!important[33m;[39m[31m[91mline-height[33m:[39m[31m[91m14px[33m}[39m[31m[91moption[33m{[39m[31m[91mpadding[33m:[39m[31m[91m0[33m;[39m[31m[91mmin-height[33m:[39m[31m[91m0[33m;[39m[31m[91mline-height[33m:[39m[31m[91m14px[33m}[39m[31m[91mbutto[39m[22m[1m[31mn,input[33m{[39m[31m[91moverflow[33m:[39m[31m[91mvisible[33m}[39m[31m[91minput[33m:[39m[31m[91m[33m:[39m[31m[91mfocus[33m{[39m[31m[91mcolor[33m:[39m[31m[91m[35m#00f[39m[31m[91m[33m;[39m[31m[91moutline[33m:[39m[31m[91m0[33m}[39m[31m[91m[33m:[39m[31m[91mfocus[33m{[39m[31m[91moutline[33m:[39m[31m[91m0[33m}[39m[31m[91mbutton,select[33m{[39m[31m[91mtext-transform[33m:[39m[31m[91mnone[33m}[39m[31m[91mselect[33m{[39m[31m[91mword-wrap[33m:[39m[31m[91mnormal[33m}[39m[31m[91m[33m[[39m[31m[91mtype=button[33m][39m[31m[91m,[33m[[39m[31m[91mtype=reset[33m][39m[31m[91m,[33m[[39m[31m[91mtype=submit[33m][39m[31m[91m,button[33m{[39m[31m[91m-webkit-appearance[33m:[39m[31m[91mbutton[33m}[39m[31m[91m[33m[[39m[31m[91mtype=button[33m][39m[31m[91m[33m:[39m[31m[91m[36mnot[39m[31m[91m[36m(:disabled)[39m[31m[91m,[33m[[39m[31m[91mtype=reset[33m][39m[31m[91m[33m:[39m[31m[91m[36mnot[39m[31m[91m[36m(:disabled)[39m[31m[91m,[33m[[39m[31m[91mtype=submit[33m][39m[31m[91m[33m:[39m[31m[91m[36mnot[39m[31m[91m[36m(:disabled)[39m[31m[91m,button[33m:[39m[31m[91m[36mnot[39m[31m[91m[36m(:disabled)[39m[31m[91m[33m{[39m[31m[91mcursor[33m:[39m[31m[91mpointer[33m}[39m[31m[91m[33m[[39m[31m[91mtype=button[33m][39m[31m[91m[33m:[39m[31m[91m[33m:[39m[31m[91m-moz-focus-inner,[33m[[39m[31m[91mtype=reset[33m][39m[31m[91m[33m:[39m[31m[91m[33m:[39m[31m[91m-moz-focus-inner,[33m[[39m[31m[91mtype=submit[33m][39m[31m[91m[33m:[39m[31m[91m[33m:[39m[31m[91m-moz-focus-inner,button[33m:[39m[31m[91m[33m:[39m[31m[91m-moz-focus-inner[33m{[39m[31m[91mpadding[33m:[39m[31m[91m0[33m;[39m[31m[91mborder-style[33m:[39m[31m[91mnone[33m}[39m[31m[91minput[33m[[39m[31m[91mtype=checkbox[33m][39m[31m[91m,input[33m[[39m[31m[91mtype=radio[33m][39m[31m[91m[33m{[39m[31m[91mbox-sizing[33m:[39m[31m[91mborder-box[33m;[39m[31m[91mpadding[33m:[39m[31m[91m0[33m}[39m[31m[91minput[33m[[39m[31m[91mtype=date[33m][39m[31m[91m,input[33m[[39m[31m[91mtype=datetime-local[33m][39m[31m[91m,input[33m[[39m[31m[91mtype=month[33m][39m[31m[91m,input[33m[[39m[31m[91mtype=time[33m][39m[31m[91m[33m{[39m[31m[91m-webkit-appearance[33m:[39m[31m[91mlistbox[33m}[39[39m[22m[1m[31mm[91mtextarea[33m{[39m[31m[91moverflow[33m:[39m[31m[91mauto[33m;[39m[31m[91mresize[33m:[39m[31m[91mvertical[33m}[39m[31m[91mfieldset[33m{[39m[31m[91mmin-width[33m:[39m[31m[91m0[33m;[39m[31m[91mpadding[33m:[39m[31m[91m0[33m;[39m[31m[91mmargin[33m:[39m[31m[91m0[33m;[39m[31m[91mborder[33m:[39m[31m[91m0[33m}[39m[31m[91mlegend[33m{[39m[31m[91mdisplay[33m:[39m[31m[91mblock[33m;[39m[31m[91mwidth[33m:[39m[31m[91m100%[33m;[39m[31m[91mmax-width[33m:[39m[31m[91m100%[33m;[39m[31m[91mpadding[33m:[39m[31m[91m0[33m;[39m[31m[91mmargin-bottom[33m:[39m[31m[91m14px[33m;[39m[31m[91mfont-size[33m:[39m[31m[91m16px[33m;[39m[31m[91mline-height[33m:[39m[31m[91minherit[33m;[39m[31m[91mcolor[33m:[39m[31m[91minherit[33m;[39m[31m[91mwhite-space[33m:[39m[31m[91mnormal[33m}[39m[31m[91mprogress[33m{[39m[31m[91mvertical-align[33m:[39m[31m[91mbaseline[33m}[39m[31m[91m[33m[[39m[31m[91mtype=number[33m][39m[31m[91m[33m:[39m[31m[91m[33m:[39m[31m[91m-webkit-inner-spin-button,[33m[[39m[31m[91mtype=number[33m][39m[31m[91m[33m:[39m[31m[91m[33m:[39m[31m[91m-webkit-outer-spin-button[33m{[39m[31m[91mheight[33m:[39m[31m[91mauto[33m}[39m[31m[91m[33m[[39m[31m[91mtype=search[33m][39m[31m[91m[33m{[39m[31m[91moutline-offset[33m:[39m[31m[91m-2px[33m;[39m[31m[91m-webkit-appearance[33m:[39m[31m[91mnone[33m}[39m[31m[91m[33m[[39m[31m[91mtype=search[33m][39m[31m[91m[33m:[39m[31m[91m[33m:[39m[31m[91m-webkit-search-decoration[33m{[39m[31m[91m-webkit-appearance[33m:[39m[31m[91mnone[33m}[39m[31m[91m[33m:[39m[31m[91m[33m:[39m[31m[91m-webkit-file-upload-button[33m{[39m[31m[91mfont[33m:[39m[31m[91minherit[33m;[39m[31m[91m-webkit-appearance[33m:[39m[31m[91mbutton[33m}[39m[31m[91moutput[33m{[39m[31m[91mdisplay[33m:[39m[31m[91minline-block[33m}[39m[31m[91msummary[33m{[39m[31m[91mdisplay[33m:[39m[31m[91mlist-item[33m;[39m[31m[91mcursor[33m:[39m[31m[91mpointer[33m}[39m[31m[91mtemplate[33m{[39m[31m[91mdisplay[33m:[39m[31m[91mnone[33m}[39m[31m[91m[33m[[39m[31m[91mhidden[33m][39m[31m[91m[33m{[39m[31m[91mdisplay[33m:[39m[31m[91mnone!important[33m}[39m[31m[91m[33m.h1,.h2,h1,h2[39m[31m[91m[33m{[39m[31m[91mmargin-bottom[33[39m[22m[1m[31mm:[39m[31m[91m0[33m;[39m[31m[91mmargin-top[33m:[39m[31m[91m14px[33m;[39m[31m[91mfont-weight[33m:[39m[31m[91m400[33m;[39m[31m[91mline-height[33m:[39m[31m[91m14px[33m;[39m[31m[91mtext-indent[33m:[39m[31m[91m8px[33m;[39m[31m[91mbackground[33m:[39m[31m[91m[35m#0aa[39m[31m[91m[33m;[39m[31m[91mpadding[33m:[39m[31m[91m14px 8px[33m;[39m[31m[91mcolor[33m:[39m[31m[91m[35m#000[39m[31m[91m[33m}[39m[31m[91m[33m.h1[39m[31m[91m [33m.text-muted,.h2[39m[31m[91m [33m.text-muted,h1[39m[31m[91m [33m.text-muted,h2[39m[31m[91m [33m.text-muted[39m[31m[91m[33m{[39m[31m[91mcolor[33m:[39m[31m[91m[35m#bbb[39m[31m[91m[33m}[39m[31m[91m[33m.h2,h2[39m[31m[91m[33m{[39m[31m[91mpadding[33m:[39m[31m[91m0 8px[33m}[39m[31m[91m[33m.h3,h3[39m[31m[91m[33m{[39m[31m[91mcolor[33m:[39m[31m[91m[35m#fff[39m[31m[91m[33m;[39m[31m[91mborder[33m:[39m[31m[91m[33m.875px[39m[31m[91m solid [35m#fff[39m[31m[91m[33m;[39m[31m[91mmargin-top[33m:[39m[31m[91m7px[33m;[39m[31m[91mpadding-top[33m:[39m[31m[91m6.125px[33m;[39m[31m[91mpadding-bottom[33m:[39m[31m[91m7px[33m;[39m[31m[91mmargin-bottom[33m:[39m[31m[91m6.125px[33m;[39m[31m[91mborder-left-width[33m:[39m[31m[91m2px[33m;[39m[31m[91mborder-right-width[33m:[39m[31m[91m2px[33m;[39m[31m[91mmargin-left[33m:[39m[31m[91m3.5px[33m;[39m[31m[91mpadding-left[33m:[39m[31m[91m10.5px[33m;[39m[31m[91mpadding-right[33m:[39m[31m[91m11.5px[33m;[39m[31m[91mmargin-right[33m:[39m[31m[91m2.5px[33m;[39m[31m[91mdisplay[33m:[39m[31m[91minline-block[33m;[39m[31m[91mwidth[33m:[39m[31m[91m[36mcalc[39m[31m[91m[36m(100% - 6px)[39m[31m[91m[33m}[39m[31m[91m[33m.h4,h4[39m[31m[91m[33m{[39m[31m[91mcolor[33m:[39m[31m[91m[35m#fff[39m[31m[91m[33m}[39m[31m[91m[33m.h4[39m[31m[91m[33m:[39m[31m[91m[33m:[39m[31m[91mbefore,h4[33m:[39m[31m[91m[33m:[39m[31m[91mbefore[33m{[39m[31m[91mmargin-right[33m:[39m[31m[91m8px[33m;[39m[31m[91mcontent[33m:[39m[31m[91m[32m">>"[39m[31m[91m[33m}[39m[31m[91m[33m.h4[39m[31m[91m[33m:[39m[31m[91m[33m:[39m[31m[91mafter,h4[33m:[39m[31m[91m[33m:[39m[31m[91mafter[33m{[39m[31m[91mmargin-left[33m:[39m[31m[91m8px[33m;[39m[31m[91mcontent[33m:[39m[31m[91m[32m"<<"[39m[31m[91m[33m}[39m[31m[39m[22m[1m[31m[91m[33m.h4,.h5,.h6,h4,h5,h6[39m[31m[91m[33m{[39m[31m[91mmargin[33m:[39m[31m[91m0[33m;[39m[31m[91mpadding[33m:[39m[31m[91m0[33m;[39m[31m[91mcolor[33m:[39m[31m[91m[35m#fff[39m[31m[91m[33m}[39m[31m[91m[33m.h5,h5[39m[31m[91m[33m{[39m[31m[91m-webkit-animation[33m:[39m[31m[91mblinkingText 1.2s infinite[33m;[39m[31m[91manimation[33m:[39m[31m[91mblinkingText 1.2s infinite[33m}[39m[31m[91m[36m@-webkit-keyframes[39m[31m[91m blinkingText[33m{[39m[31m[91m1%[33m{[39m[31m[91mvisibility[33m:[39m[31m[91mhidden[33m}[39m[31m[91m49%[33m{[39m[31m[91mvisibility[33m:[39m[31m[91mhidden[33m}[39m[31m[91m60%[33m{[39m[31m[91mvisibility[33m:[39m[31m[91mvisible[33m}[39m[31m[91m99%[33m{[39m[31m[91mvisibility[33m:[39m[31m[91mvisible[33m}[39m[31m[91m100%[33m{[39m[31m[91mvisibility[33m:[39m[31m[91mhidden[33m}[39m[31m[91m[33m}[39m[31m[91m[36m@keyframes[39m[31m[91m blinkingText[33m{[39m[31m[91m1%[33m{[39m[31m[91mvisibility[33m:[39m[31m[91mhidden[33m}[39m[31m[91m49%[33m{[39m[31m[91mvisibility[33m:[39m[31m[91mhidden[33m}[39m[31m[91m60%[33m{[39m[31m[91mvisibility[33m:[39m[31m[91mvisible[33m}[39m[31m[91m99%[33m{[39m[31m[91mvisibility[33m:[39m[31m[91mvisible[33m}[39m[31m[91m100%[33m{[39m[31m[91mvisibility[33m:[39m[31m[91mhidden[33m}[39m[31m[91m[33m}[39m[31m[91m[33m.h6,h6[39m[31m[91m[33m{[39m[31m[91m-webkit-animation[33m:[39m[31m[91mjaggedScroll 3s infinite[33m;[39m[31m[91manimation[33m:[39m[31m[91mjaggedScroll 3s infinite[33m;[39m[31m[91m-webkit-animation-direction[33m:[39m[31m[91malternate[33m;[39m[31m[91manimation-direction[33m:[39m[31m[91malternate[33m;[39m[31m[91m-webkit-animation-timing-function[33m:[39m[31m[91m[36msteps[39m[31m[91m[36m(10,jump-both)[39m[31m[91m[33m;[39m[31m[91manimation-timing-function[33m:[39m[31m[91m[36msteps[39m[31m[91m[36m(10,jump-both)[39m[31m[91m[33m;[39m[31m[91mwhite-space[33m:[39m[31m[91mnowrap[33m}[39m[31m[91m[36m@-webkit-keyframes[39m[31m[91m jaggedScroll[33m{[39m[31m[91mfrom[33m{[39m[31m[91mmargin-left[33m:[39m[31m[91m-8px[33m}[39m[31m[91mto[33m{[39m[31m[91mmargin-left[33m:[39m[31m[91m80px[33m}[39m[31m[91m[33m}[39m[31m[91m[36m@keyframes[39m[31m[91m j[39m[22m[1m[31maggedScroll[33m{[39m[31m[91mfrom[33m{[39m[31m[91mmargin-left[33m:[39m[31m[91m-8px[33m}[39m[31m[91mto[33m{[39m[31m[91mmargin-left[33m:[39m[31m[91m80px[33m}[39m[31m[91m[33m}[39m[31m[91m[33m.h1,h1[39m[31m[91m[33m{[39m[31m[91mfont-size[33m:[39m[31m[91m16px[33m}[39m[31m[91m[33m.h2,h2[39m[31m[91m[33m{[39m[31m[91mfont-size[33m:[39m[31m[91m16px[33m}[39m[31m[91m[33m.h3,h3[39m[31m[91m[33m{[39m[31m[91mfont-size[33m:[39m[31m[91m16px[33m}[39m[31m[91m[33m.h4,h4[39m[31m[91m[33m{[39m[31m[91mfont-size[33m:[39m[31m[91m16px[33m}[39m[31m[91m[33m.h5,h5[39m[31m[91m[33m{[39m[31m[91mfont-size[33m:[39m[31m[91m16px[33m}[39m[31m[91m[33m.h6,h6[39m[31m[91m[33m{[39m[31m[91mfont-size[33m:[39m[31m[91m16px[33m}[39m[31m[91m[33m.lead[39m[31m[91m[33m{[39m[31m[91mfont-size[33m:[39m[31m[91m16px[33m;[39m[31m[91mfont-weight[33m:[39m[31m[91m400[33m}[39m[31m[91m[33m.display-1[39m[31m[91m[33m{[39m[31m[91mfont-size[33m:[39m[31m[91m16px[33m;[39m[31m[91mfont-weight[33m:[39m[31m[91m400[33m;[39m[31m[91mline-height[33m:[39m[31m[91m14px[33m}[39m[31m[91m[33m.display-2[39m[31m[91m[33m{[39m[31m[91mfont-size[33m:[39m[31m[91m16px[33m;[39m[31m[91mfont-weight[33m:[39m[31m[91m400[33m;[39m[31m[91mline-height[33m:[39m[31m[91m14px[33m}[39m[31m[91m[33m.display-3[39m[31m[91m[33m{[39m[31m[91mfont-size[33m:[39m[31m[91m16px[33m;[39m[31m[91mfont-weight[33m:[39m[31m[91m400[33m;[39m[31m[91mline-height[33m:[39m[31m[91m14px[33m}[39m[31m[91m[33m.display-4[39m[31m[91m[33m{[39m[31m[91mfont-size[33m:[39m[31m[91m16px[33m;[39m[31m[91mfont-weight[33m:[39m[31m[91m400[33m;[39m[31m[91mline-height[33m:[39m[31m[91m14px[33m}[39m[31m[91mhr[33m{[39m[31m[91mmargin-top[33m:[39m[31m[91m14px[33m;[39m[31m[91mmargin-bottom[33m:[39m[31m[91m14px[33m;[39m[31m[91mborder[33m:[39m[31m[91m0[33m;[39m[31m[91mborder-top[33m:[39m[31m[91m0 solid [36mrgba[39m[31m[91m[36m(0,0,0,.1)[39m[31m[91m[33m}[39m[31m[91m[33m.small,small[39m[31m[91m[33m{[39m[31m[91mfont-size[33m:[39m[31m[91m16px[33m;[39m[31m[91mfont-weight[33m:[39m[31m[91m400[33m}[39m[31m[91m[33m.mark,mark[39m[31m[91m[33m{[39m[31m[91mpadding[33m:[39m[31m[91m0[33m;[39m[31m[91mbackground-color[33m:[39m[31m[[39m[22m[1m[31m91m[35m#bbb[39m[31m[91m[33m}[39m[31m[91m[33m.list-unstyled[39m[31m[91m[33m{[39m[31m[91mpadding-left[33m:[39m[31m[91m0[33m;[39m[31m[91mmargin-bottom[33m:[39m[31m[91m0[33m;[39m[31m[91mmargin-left[33m:[39m[31m[91m0[33m;[39m[31m[91mlist-style[33m:[39m[31m[91mnone[33m}[39m[31m[91m[33m.list-inline[39m[31m[91m[33m{[39m[31m[91mpadding-left[33m:[39m[31m[91m0[33m;[39m[31m[91mmargin-bottom[33m:[39m[31m[91m0[33m;[39m[31m[91mmargin-left[33m:[39m[31m[91m0[33m;[39m[31m[91mlist-style[33m:[39m[31m[91mnone[33m}[39m[31m[91m[33m.list-inline-item[39m[31m[91m[33m{[39m[31m[91mdisplay[33m:[39m[31m[91minline-block[33m}[39m[31m[91m[33m.list-inline-item[39m[31m[91m[33m:[39m[31m[91m[36mnot[39m[31m[91m[36m(:last-child)[39m[31m[91m[33m{[39m[31m[91mmargin-right[33m:[39m[31m[91m0[33m}[39m[31m[91m[33m.initialism[39m[31m[91m[33m{[39m[31m[91mfont-size[33m:[39m[31m[91m16px[33m;[39m[31m[91mtext-transform[33m:[39m[31m[91muppercase[33m}[39m[31m[91m[33m.blockquote[39m[31m[91m[33m{[39m[31m[91mmargin-bottom[33m:[39m[31m[91m14px 8px[33m;[39m[31m[91mfont-size[33m:[39m[31m[91m16px[33m}[39m[31m[91m[33m.blockquote-footer[39m[31m[91m[33m{[39m[31m[91mdisplay[33m:[39m[31m[91mblock[33m;[39m[31m[91mfont-size[33m:[39m[31m[91m16px[33m;[39m[31m[91mcolor[33m:[39m[31m[91m[35m#bbb[39m[31m[91m[33m}[39m[31m[91m[33m.blockquote-footer[39m[31m[91m[33m:[39m[31m[91m[33m:[39m[31m[91mbefore[33m{[39m[31m[91mcontent[33m:[39m[31m[91m[32m"\2014\00A0"[39m[31m[91m[33m}[39m[31m[91m[33m.img-fluid[39m[31m[91m[33m{[39m[31m[91mmax-width[33m:[39m[31m[91m100%[33m;[39m[31m[91mheight[33m:[39m[31m[91mauto[33m}[39m[31m[91m[33m.img-thumbnail[39m[31m[91m[33m{[39m[31m[91mpadding[33m:[39m[31m[91m0[33m;[39m[31m[91mmax-width[33m:[39m[31m[91m100%[33m;[39m[31m[91mheight[33m:[39m[31m[91mauto[33m}[39m[31m[91m[33m.figure[39m[31m[91m[33m{[39m[31m[91mdisplay[33m:[39m[31m[91minline-block[33m}[39m[31m[91m[33m.figure-img[39m[31m[91m[33m{[39m[31m[91mmargin-bottom[33m:[39m[31m[91m14px 8px/2[33m;[39m[31m[91mline-height[33m:[39m[31m[91m1[33m}[39m[31m[91m[33m.figure-caption[39m[31m[91m[33m{[39m[31m[91mcolor[33m:[39m[31m[91m[35m#bbb[39m[31m[91m[33m}[39m[31m[[39m[22m[1m[31m91m[33m.card[39m[31m[91m img,.dropdown-list img,.nav-link img[33m{[39m[31m[91mdisplay[33m:[39m[31m[91mnone[33m}[39m[31m[91mcode[33m{[39m[31m[91mcolor[33m:[39m[31m[91m[35m#f5f[39m[31m[91m[33m;[39m[31m[91mword-wrap[33m:[39m[31m[91mbreak-word[33m}[39m[31m[91ma>code[33m{[39m[31m[91mcolor[33m:[39m[31m[91minherit[33m}[39m[31m[91mkbd[33m{[39m[31m[91mpadding[33m:[39m[31m[91m14px 8px[33m;[39m[31m[91mcolor[33m:[39m[31m[91m[35m#fff[39m[31m[91m[33m;[39m[31m[91mbackground-color[33m:[39m[31m[91m[35m#bbb[39m[31m[91m[33m}[39m[31m[91mkbd kbd[33m{[39m[31m[91mpadding[33m:[39m[31m[91m0[33m;[39m[31m[91mfont-weight[33m:[39m[31m[91m400[33m}[39m[31m[91mpre[33m{[39m[31m[91mdisplay[33m:[39m[31m[91mblock[33m;[39m[31m[91mcolor[33m:[39m[31m[91m[35m#000[39m[31m[91m[33m}[39m[31m[91mpre code[33m{[39m[31m[91mfont-size[33m:[39m[31m[91m16px[33m;[39m[31m[91mcolor[33m:[39m[31m[91minherit[33m;[39m[31m[91mword-break[33m:[39m[31m[91mnormal[33m}[39m[31m[91m[33m.pre-scrollable[39m[31m[91m[33m{[39m[31m[91mmax-height[33m:[39m[31m[91m350px[33m;[39m[31m[91moverflow-y[33m:[39m[31m[91mscroll[33m}[39m[31m[91m[33m.container[39m[31m[91m[33m{[39m[31m[91mwidth[33m:[39m[31m[91m100%[33m;[39m[31m[91mpadding-right[33m:[39m[31m[91m8px[33m;[39m[31m[91mpadding-left[33m:[39m[31m[91m8px[33m;[39m[31m[91mmargin-right[33m:[39m[31m[91mauto[33m;[39m[31m[91mmargin-left[33m:[39m[31m[91mauto[33m}[39m[31m[91m[36m@media[39m[31m[91m[36m [39m[31m[91m[36m(min-width:576px)[39m[31m[91m[33m{[39m[31m[91m[33m.container[39m[31m[91m[33m{[39m[31m[91mmax-width[33m:[39m[31m[91m480px[33m}[39m[31m[91m[33m}[39m[31m[91m[36m@media[39m[31m[91m[36m [39m[31m[91m[36m(min-width:768px)[39m[31m[91m[33m{[39m[31m[91m[33m.container[39m[31m[91m[33m{[39m[31m[91mmax-width[33m:[39m[31m[91m672px[33m}[39m[31m[91m[33m}[39m[31m[91m[36m@media[39m[31m[91m[36m [39m[31m[91m[36m(min-width:960px)[39m[31m[91m[33m{[39m[31m[91m[33m.container[39m[31m[91m[33m{[39m[31m[91mmax-width[33m:[39m[31m[91m960px[33m}[39m[31m[91m[33m}[39m[31m[91m[36m@media[39m[31m[91m[36m [39m[31m[91m[36m(min-width:1152px)[39m[31m[91m[33m{[39m[31m[91m[33m.container[39m[31m[91m[33m{[39m[31m[91mmax-wi[39m[22m[1m[31mdth[33m:[39m[31m[91m1152px[33m}[39m[31m[91m[33m}[39m[31m[91m[33m.container-fluid,.container-lg,.container-md,.container-sm,.container-xl[39m[31m[91m[33m{[39m[31m[91mwidth[33m:[39m[31m[91m100%[33m;[39m[31m[91mpadding-right[33m:[39m[31m[91m8px[33m;[39m[31m[91mpadding-left[33m:[39m[31m[91m8px[33m;[39m[31m[91mmargin-right[33m:[39m[31m[91mauto[33m;[39m[31m[91mmargin-left[33m:[39m[31m[91mauto[33m}[39m[31m[91m[36m@media[39m[31m[91m[36m [39m[31m[91m[36m(min-width:576px)[39m[31m[91m[33m{[39m[31m[91m[33m.container,.container-sm[39m[31m[91m[33m{[39m[31m[91mmax-width[33m:[39m[31m[91m480px[33m}[39m[31m[91m[33m}[39m[31m[91m[36m@media[39m[31m[91m[36m [39m[31m[91m[36m(min-width:768px)[39m[31m[91m[33m{[39m[31m[91m[33m.container,.container-md,.container-sm[39m[31m[91m[33m{[39m[31m[91mmax-width[33m:[39m[31m[91m672px[33m}[39m[31m[91m[33m}[39m[31m[91m[36m@media[39m[31m[91m[36m [39m[31m[91m[36m(min-width:960px)[39m[31m[91m[33m{[39m[31m[91m[33m.container,.container-lg,.container-md,.container-sm[39m[31m[91m[33m{[39m[31m[91mmax-width[33m:[39m[31m[91m960px[33m}[39m[31m[91m[33m}[39m[31m[91m[36m@media[39m[31m[91m[36m [39m[31m[91m[36m(min-width:1152px)[39m[31m[91m[33m{[39m[31m[91m[33m.container,.container-lg,.container-md,.container-sm,.container-xl[39m[31m[91m[33m{[39m[31m[91mmax-width[33m:[39m[31m[91m1152px[33m}[39m[31m[91m[33m}[39m[31m[91m[33m.row[39m[31m[91m[33m{[39m[31m[91mdisplay[33m:[39m[31m[91m-ms-flexbox[33m;[39m[31m[91mdisplay[33m:[39m[31m[91mflex[33m;[39m[31m[91m-ms-flex-wrap[33m:[39m[31m[91mwrap[33m;[39m[31m[91mflex-wrap[33m:[39m[31m[91mwrap[33m;[39m[31m[91mmargin-right[33m:[39m[31m[91m-8px[33m;[39m[31m[91mmargin-left[33m:[39m[31m[91m-8px[33m}[39m[31m[91m[33m.no-gutters[39m[31m[91m[33m{[39m[31m[91mmargin-right[33m:[39m[31m[91m0[33m;[39m[31m[91mmargin-left[33m:[39m[31m[91m0[33m}[39m[31m[91m[33m.no-gutters>.col,.no-gutters>[39m[31m[91m[33m[[39m[31m[91mclass*=col-[33m][39m[31m[91m[33m{[39m[31m[91mpadding-right[33m:[39m[31m[91m0[33m;[39m[31m[91mpadding-left[33m:[39m[31m[91m0[33m}[39m[31m[91m[33m.col,.col-1,.col-10,.col-11,.col-12,.col-2,.col-3,.col-4,.col-5,.col[39m[22m[1m[31m-6,.col-7,.col-8,.col-9,.col-auto,.col-lg,.col-lg-1,.col-lg-10,.col-lg-11,.col-lg-12,.col-lg-2,.col-lg-3,.col-lg-4,.col-lg-5,.col-lg-6,.col-lg-7,.col-lg-8,.col-lg-9,.col-lg-auto,.col-md,.col-md-1,.col-md-10,.col-md-11,.col-md-12,.col-md-2,.col-md-3,.col-md-4,.col-md-5,.col-md-6,.col-md-7,.col-md-8,.col-md-9,.col-md-auto,.col-sm,.col-sm-1,.col-sm-10,.col-sm-11,.col-sm-12,.col-sm-2,.col-sm-3,.col-sm-4,.col-sm-5,.col-sm-6,.col-sm-7,.col-sm-8,.col-sm-9,.col-sm-auto,.col-xl,.col-xl-1,.col-xl-10,.col-xl-11,.col-xl-12,.col-xl-2,.col-xl-3,.col-xl-4,.col-xl-5,.col-xl-6,.col-xl-7,.col-xl-8,.col-xl-9,.col-xl-auto[39m[31m[91m[33m{[39m[31m[91mposition[33m:[39m[31m[91mrelative[33m;[39m[31m[91mwidth[33m:[39m[31m[91m100%[33m;[39m[31m[91mpadding-right[33m:[39m[31m[91m8px[33m;[39m[31m[91mpadding-left[33m:[39m[31m[91m8px[33m}[39m[31m[91m[33m.col[39m[31m[91m[33m{[39m[31m[91m-ms-flex-preferred-size[33m:[39m[31m[91m0[33m;[39m[31m[91mflex-basis[33m:[39m[31m[91m0[33m;[39m[31m[91m-ms-flex-positive[33m:[39m[31m[91m1[33m;[39m[31m[91mflex-grow[33m:[39m[31m[91m1[33m;[39m[31m[91mmax-width[33m:[39m[31m[91m100%[33m}[39m[31m[91m[33m.row-cols-1>*[39m[31m[91m[33m{[39m[31m[91m-ms-flex[33m:[39m[31m[91m0 0 100%[33m;[39m[31m[91mflex[33m:[39m[31m[91m0 0 100%[33m;[39m[31m[91mmax-width[33m:[39m[31m[91m100%[33m}[39m[31m[91m[33m.row-cols-2>*[39m[31m[91m[33m{[39m[31m[91m-ms-flex[33m:[39m[31m[91m0 0 50%[33m;[39m[31m[91mflex[33m:[39m[31m[91m0 0 50%[33m;[39m[31m[91mmax-width[33m:[39m[31m[91m50%[33m}[39m[31m[91m[33m.row-cols-3>*[39m[31m[91m[33m{[39m[31m[91m-ms-flex[33m:[39m[31m[91m0 0 33.333333%[33m;[39m[31m[91mflex[33m:[39m[31m[91m0 0 33.333333%[33m;[39m[31m[91mmax-width[33m:[39m[31m[91m33.333333%[33m}[39m[31m[91m[33m.row-cols-4>*[39m[31m[91m[33m{[39m[31m[91m-ms-flex[33m:[39m[31m[91m0 0 25%[33m;[39m[31m[91mflex[33m:[39m[31m[91m0 0 25%[33m;[39m[31m[91mmax-width[33m:[39m[31m[91m25%[33m}[39m[31m[91m[33m.row-cols-5>*[39m[31m[91m[33m{[39m[31m[91m-ms-flex[33m:[39m[31m[91m0 0 20%[33m;[39m[31m[91mflex[33m:[39m[31m[91m0 0 20%[33m;[39m[31m[91mmax-width[33m:[39m[31m[91m20%[33m}[39m[31m[39m[22m[1m[31m[91m[33m.row-cols-6>*[39m[31m[91m[33m{[39m[31m[91m-ms-flex[33m:[39m[31m[91m0 0 16.666667%[33m;[39m[31m[91mflex[33m:[39m[31m[91m0 0 16.666667%[33m;[39m[31m[91mmax-width[33m:[39m[31m[91m16.666667%[33m}[39m[31m[91m[33m.col-auto[39m[31m[91m[33m{[39m[31m[91m-ms-flex[33m:[39m[31m[91m0 0 auto[33m;[39m[31m[91mflex[33m:[39m[31m[91m0 0 auto[33m;[39m[31m[91mwidth[33m:[39m[31m[91mauto[33m;[39m[31m[91mmax-width[33m:[39m[31m[91m100%[33m}[39m[31m[91m[33m.col-1[39m[31m[91m[33m{[39m[31m[91m-ms-flex[33m:[39m[31m[91m0 0 8.333333%[33m;[39m[31m[91mflex[33m:[39m[31m[91m0 0 8.333333%[33m;[39m[31m[91mmax-width[33m:[39m[31m[91m8.333333%[33m}[39m[31m[91m[33m.col-2[39m[31m[91m[33m{[39m[31m[91m-ms-flex[33m:[39m[31m[91m0 0 16.666667%[33m;[39m[31m[91mflex[33m:[39m[31m[91m0 0 16.666667%[33m;[39m[31m[91mmax-width[33m:[39m[31m[91m16.666667%[33m}[39m[31m[91m[33m.col-3[39m[31m[91m[33m{[39m[31m[91m-ms-flex[33m:[39m[31m[91m0 0 25%[33m;[39m[31m[91mflex[33m:[39m[31m[91m0 0 25%[33m;[39m[31m[91mmax-width[33m:[39m[31m[91m25%[33m}[39m[31m[91m[33m.col-4[39m[31m[91m[33m{[39m[31m[91m-ms-flex[33m:[39m[31m[91m0 0 33.333333%[33m;[39m[31m[91mflex[33m:[39m[31m[91m0 0 33.333333%[33m;[39m[31m[91mmax-width[33m:[39m[31m[91m33.333333%[33m}[39m[31m[91m[33m.col-5[39m[31m[91m[33m{[39m[31m[91m-ms-flex[33m:[39m[31m[91m0 0 41.666667%[33m;[39m[31m[91mflex[33m:[39m[31m[91m0 0 41.666667%[33m;[39m[31m[91mmax-width[33m:[39m[31m[91m41.666667%[33m}[39m[31m[91m[33m.col-6[39m[31m[91m[33m{[39m[31m[91m-ms-flex[33m:[39m[31m[91m0 0 50%[33m;[39m[31m[91mflex[33m:[39m[31m[91m0 0 50%[33m;[39m[31m[91mmax-width[33m:[39m[31m[91m50%[33m}[39m[31m[91m[33m.col-7[39m[31m[91m[33m{[39m[31m[91m-ms-flex[33m:[39m[31m[91m0 0 58.333333%[33m;[39m[31m[91mflex[33m:[39m[31m[91m0 0 58.333333%[33m;[39m[31m[91mmax-width[33m:[39m[31m[91m58.333333%[33m}[39m[31m[91m[33m.col-8[39m[31m[91m[33m{[39m[31m[91m-ms-flex[33m:[39m[31m[91m0 0 66.666667%[33m;[39m[31m[91mflex[33m:[39m[31m[91m0 0 66.666667%[33m;[39m[31m[91mmax-width[33m:[39m[31m[91m66.666667%[33m}[39m[31m[91m[33m.col-9[39m[31m[91m[33m{[39m[31m[91m-ms-flex[33m:[39m[31m[91m0 0 75%[33m;[39m[31m[91mflex[39m[22m[1m[31m[33m:[39m[31m[91m0 0 75%[33m;[39m[31m[91mmax-width[33m:[39m[31m[91m75%[33m}[39m[31m[91m[33m.col-10[39m[31m[91m[33m{[39m[31m[91m-ms-flex[33m:[39m[31m[91m0 0 83.333333%[33m;[39m[31m[91mflex[33m:[39m[31m[91m0 0 83.333333%[33m;[39m[31m[91mmax-width[33m:[39m[31m[91m83.333333%[33m}[39m[31m[91m[33m.col-11[39m[31m[91m[33m{[39m[31m[91m-ms-flex[33m:[39m[31m[91m0 0 91.666667%[33m;[39m[31m[91mflex[33m:[39m[31m[91m0 0 91.666667%[33m;[39m[31m[91mmax-width[33m:[39m[31m[91m91.666667%[33m}[39m[31m[91m[33m.col-12[39m[31m[91m[33m{[39m[31m[91m-ms-flex[33m:[39m[31m[91m0 0 100%[33m;[39m[31m[91mflex[33m:[39m[31m[91m0 0 100%[33m;[39m[31m[91mmax-width[33m:[39m[31m[91m100%[33m}[39m[31m[91m[33m.order-first[39m[31m[91m[33m{[39m[31m[91m-ms-flex-order[33m:[39m[31m[91m-1[33m;[39m[31m[91morder[33m:[39m[31m[91m-1[33m}[39m[31m[91m[33m.order-last[39m[31m[91m[33m{[39m[31m[91m-ms-flex-order[33m:[39m[31m[91m13[33m;[39m[31m[91morder[33m:[39m[31m[91m13[33m}[39m[31m[91m[33m.order-0[39m[31m[91m[33m{[39m[31m[91m-ms-flex-order[33m:[39m[31m[91m0[33m;[39m[31m[91morder[33m:[39m[31m[91m0[33m}[39m[31m[91m[33m.order-1[39m[31m[91m[33m{[39m[31m[91m-ms-flex-order[33m:[39m[31m[91m1[33m;[39m[31m[91morder[33m:[39m[31m[91m1[33m}[39m[31m[91m[33m.order-2[39m[31m[91m[33m{[39m[31m[91m-ms-flex-order[33m:[39m[31m[91m2[33m;[39m[31m[91morder[33m:[39m[31m[91m2[33m}[39m[31m[91m[33m.order-3[39m[31m[91m[33m{[39m[31m[91m-ms-flex-order[33m:[39m[31m[91m3[33m;[39m[31m[91morder[33m:[39m[31m[91m3[33m}[39m[31m[91m[33m.order-4[39m[31m[91m[33m{[39m[31m[91m-ms-flex-order[33m:[39m[31m[91m4[33m;[39m[31m[91morder[33m:[39m[31m[91m4[33m}[39m[31m[91m[33m.order-5[39m[31m[91m[33m{[39m[31m[91m-ms-flex-order[33m:[39m[31m[91m5[33m;[39m[31m[91morder[33m:[39m[31m[91m5[33m}[39m[31m[91m[33m.order-6[39m[31m[91m[33m{[39m[31m[91m-ms-flex-order[33m:[39m[31m[91m6[33m;[39m[31m[91morder[33m:[39m[31m[91m6[33m}[39m[31m[91m[33m.order-7[39m[31m[91m[33m{[39m[31m[91m-ms-flex-order[33m:[39m[31m[91m7[33m;[39m[31m[91morder[33m:[39m[31m[91m7[33m}[39m[31m[91m[33m.order-8[39m[31m[91m[33m{[39m[31m[91m-ms-flex-order[33m:[39m[31m[91m8[33m;[39m[31m[91morder[33m:[39m[31m[9[39m[22m[1m[31m1m8[33m}[39m[31m[91m[33m.order-9[39m[31m[91m[33m{[39m[31m[91m-ms-flex-order[33m:[39m[31m[91m9[33m;[39m[31m[91morder[33m:[39m[31m[91m9[33m}[39m[31m[91m[33m.order-10[39m[31m[91m[33m{[39m[31m[91m-ms-flex-order[33m:[39m[31m[91m10[33m;[39m[31m[91morder[33m:[39m[31m[91m10[33m}[39m[31m[91m[33m.order-11[39m[31m[91m[33m{[39m[31m[91m-ms-flex-order[33m:[39m[31m[91m11[33m;[39m[31m[91morder[33m:[39m[31m[91m11[33m}[39m[31m[91m[33m.order-12[39m[31m[91m[33m{[39m[31m[91m-ms-flex-order[33m:[39m[31m[91m12[33m;[39m[31m[91morder[33m:[39m[31m[91m12[33m}[39m[31m[91m[33m.offset-1[39m[31m[91m[33m{[39m[31m[91mmargin-left[33m:[39m[31m[91m8.333333%[33m}[39m[31m[91m[33m.offset-2[39m[31m[91m[33m{[39m[31m[91mmargin-left[33m:[39m[31m[91m16.666667%[33m}[39m[31m[91m[33m.offset-3[39m[31m[91m[33m{[39m[31m[91mmargin-left[33m:[39m[31m[91m25%[33m}[39m[31m[91m[33m.offset-4[39m[31m[91m[33m{[39m[31m[91mmargin-left[33m:[39m[31m[91m33.333333%[33m}[39m[31m[91m[33m.offset-5[39m[31m[91m[33m{[39m[31m[91mmargin-left[33m:[39m[31m[91m41.666667%[33m}[39m[31m[91m[33m.offset-6[39m[31m[91m[33m{[39m[31m[91mmargin-left[33m:[39m[31m[91m50%[33m}[39m[31m[91m[33m.offset-7[39m[31m[91m[33m{[39m[31m[91mmargin-left[33m:[39m[31m[91m58.333333%[33m}[39m[31m[91m[33m.offset-8[39m[31m[91m[33m{[39m[31m[91mmargin-left[33m:[39m[31m[91m66.666667%[33m}[39m[31m[91m[33m.offset-9[39m[31m[91m[33m{[39m[31m[91mmargin-left[33m:[39m[31m[91m75%[33m}[39m[31m[91m[33m.offset-10[39m[31m[91m[33m{[39m[31m[91mmargin-left[33m:[39m[31m[91m83.333333%[33m}[39m[31m[91m[33m.offset-11[39m[31m[91m[33m{[39m[31m[91mmargin-left[33m:[39m[31m[91m91.666667%[33m}[39m[31m[91m[36m@media[39m[31m[91m[36m [39m[31m[91m[36m(min-width:576px)[39m[31m[91m[33m{[39m[31m[91m[33m.col-sm[39m[31m[91m[33m{[39m[31m[91m-ms-flex-preferred-size[33m:[39m[31m[91m0[33m;[39m[31m[91mflex-basis[33m:[39m[31m[91m0[33m;[39m[31m[91m-ms-flex-positive[33m:[39m[31m[91m1[33m;[39m[31m[91mflex-grow[33m:[39m[31m[91m1[33m;[39m[31m[91mmax-width[33m:[39m[31m[91m100%[33m}[39m[31m[91m[33m.row-cols-sm-1>*[39m[31m[91m[33m{[39m[31m[91m-ms-flex[33m:[39m[31m[91m0 0 100%[33m;[39m[31m[91mflex[33m:[39m[31m[91[39m[22m[1m[31mm0 0 100%[33m;[39m[31m[91mmax-width[33m:[39m[31m[91m100%[33m}[39m[31m[91m[33m.row-cols-sm-2>*[39m[31m[91m[33m{[39m[31m[91m-ms-flex[33m:[39m[31m[91m0 0 50%[33m;[39m[31m[91mflex[33m:[39m[31m[91m0 0 50%[33m;[39m[31m[91mmax-width[33m:[39m[31m[91m50%[33m}[39m[31m[91m[33m.row-cols-sm-3>*[39m[31m[91m[33m{[39m[31m[91m-ms-flex[33m:[39m[31m[91m0 0 33.333333%[33m;[39m[31m[91mflex[33m:[39m[31m[91m0 0 33.333333%[33m;[39m[31m[91mmax-width[33m:[39m[31m[91m33.333333%[33m}[39m[31m[91m[33m.row-cols-sm-4>*[39m[31m[91m[33m{[39m[31m[91m-ms-flex[33m:[39m[31m[91m0 0 25%[33m;[39m[31m[91mflex[33m:[39m[31m[91m0 0 25%[33m;[39m[31m[91mmax-width[33m:[39m[31m[91m25%[33m}[39m[31m[91m[33m.row-cols-sm-5>*[39m[31m[91m[33m{[39m[31m[91m-ms-flex[33m:[39m[31m[91m0 0 20%[33m;[39m[31m[91mflex[33m:[39m[31m[91m0 0 20%[33m;[39m[31m[91mmax-width[33m:[39m[31m[91m20%[33m}[39m[31m[91m[33m.row-cols-sm-6>*[39m[31m[91m[33m{[39m[31m[91m-ms-flex[33m:[39m[31m[91m0 0 16.666667%[33m;[39m[31m[91mflex[33m:[39m[31m[91m0 0 16.666667%[33m;[39m[31m[91mmax-width[33m:[39m[31m[91m16.666667%[33m}[39m[31m[91m[33m.col-sm-auto[39m[31m[91m[33m{[39m[31m[91m-ms-flex[33m:[39m[31m[91m0 0 auto[33m;[39m[31m[91mflex[33m:[39m[31m[91m0 0 auto[33m;[39m[31m[91mwidth[33m:[39m[31m[91mauto[33m;[39m[31m[91mmax-width[33m:[39m[31m[91m100%[33m}[39m[31m[91m[33m.col-sm-1[39m[31m[91m[33m{[39m[31m[91m-ms-flex[33m:[39m[31m[91m0 0 8.333333%[33m;[39m[31m[91mflex[33m:[39m[31m[91m0 0 8.333333%[33m;[39m[31m[91mmax-width[33m:[39m[31m[91m8.333333%[33m}[39m[31m[91m[33m.col-sm-2[39m[31m[91m[33m{[39m[31m[91m-ms-flex[33m:[39m[31m[91m0 0 16.666667%[33m;[39m[31m[91mflex[33m:[39m[31m[91m0 0 16.666667%[33m;[39m[31m[91mmax-width[33m:[39m[31m[91m16.666667%[33m}[39m[31m[91m[33m.col-sm-3[39m[31m[91m[33m{[39m[31m[91m-ms-flex[33m:[39m[31m[91m0 0 25%[33m;[39m[31m[91mflex[33m:[39m[31m[91m0 0 25%[33m;[39m[31m[91mmax-width[33m:[39m[31m[91m25%[33m}[39m[31m[91m[33m.col-sm-4[39m[31m[91m[33m{[39m[31m[91m-ms-flex[33m:[39m[31m[91m0 0 33.333333%[33m;[39m[31m[91mflex[33m:[39m[31m[91m0 0 33.333333%[33m;[39m[31m[91mmax-width[33m:[39m[31m[91m33.333333%[33m}[39m[31m[91m[33m.[39m[22m[1m[31mcol-sm-5[39m[31m[91m[33m{[39m[31m[91m-ms-flex[33m:[39m[31m[91m0 0 41.666667%[33m;[39m[31m[91mflex[33m:[39m[31m[91m0 0 41.666667%[33m;[39m[31m[91mmax-width[33m:[39m[31m[91m41.666667%[33m}[39m[31m[91m[33m.col-sm-6[39m[31m[91m[33m{[39m[31m[91m-ms-flex[33m:[39m[31m[91m0 0 50%[33m;[39m[31m[91mflex[33m:[39m[31m[91m0 0 50%[33m;[39m[31m[91mmax-width[33m:[39m[31m[91m50%[33m}[39m[31m[91m[33m.col-sm-7[39m[31m[91m[33m{[39m[31m[91m-ms-flex[33m:[39m[31m[91m0 0 58.333333%[33m;[39m[31m[91mflex[33m:[39m[31m[91m0 0 58.333333%[33m;[39m[31m[91mmax-width[33m:[39m[31m[91m58.333333%[33m}[39m[31m[91m[33m.col-sm-8[39m[31m[91m[33m{[39m[31m[91m-ms-flex[33m:[39m[31m[91m0 0 66.666667%[33m;[39m[31m[91mflex[33m:[39m[31m[91m0 0 66.666667%[33m;[39m[31m[91mmax-width[33m:[39m[31m[91m66.666667%[33m}[39m[31m[91m[33m.col-sm-9[39m[31m[91m[33m{[39m[31m[91m-ms-flex[33m:[39m[31m[91m0 0 75%[33m;[39m[31m[91mflex[33m:[39m[31m[91m0 0 75%[33m;[39m[31m[91mmax-width[33m:[39m[31m[91m75%[33m}[39m[31m[91m[33m.col-sm-10[39m[31m[91m[33m{[39m[31m[91m-ms-flex[33m:[39m[31m[91m0 0 83.333333%[33m;[39m[31m[91mflex[33m:[39m[31m[91m0 0 83.333333%[33m;[39m[31m[91mmax-width[33m:[39m[31m[91m83.333333%[33m}[39m[31m[91m[33m.col-sm-11[39m[31m[91m[33m{[39m[31m[91m-ms-flex[33m:[39m[31m[91m0 0 91.666667%[33m;[39m[31m[91mflex[33m:[39m[31m[91m0 0 91.666667%[33m;[39m[31m[91mmax-width[33m:[39m[31m[91m91.666667%[33m}[39m[31m[91m[33m.col-sm-12[39m[31m[91m[33m{[39m[31m[91m-ms-flex[33m:[39m[31m[91m0 0 100%[33m;[39m[31m[91mflex[33m:[39m[31m[91m0 0 100%[33m;[39m[31m[91mmax-width[33m:[39m[31m[91m100%[33m}[39m[31m[91m[33m.order-sm-first[39m[31m[91m[33m{[39m[31m[91m-ms-flex-order[33m:[39m[31m[91m-1[33m;[39m[31m[91morder[33m:[39m[31m[91m-1[33m}[39m[31m[91m[33m.order-sm-last[39m[31m[91m[33m{[39m[31m[91m-ms-flex-order[33m:[39m[31m[91m13[33m;[39m[31m[91morder[33m:[39m[31m[91m13[33m}[39m[31m[91m[33m.order-sm-0[39m[31m[91m[33m{[39m[31m[91m-ms-flex-order[33m:[39m[31m[91m0[33m;[39m[31m[91morder[33m:[39m[31m[91m0[33m}[39m[31m[91m[33m.order-sm-1[39m[31m[91m[33m{[39m[31m[91m-ms-flex-order[33m:[39m[31m[91m1[33m;[39m[31m[91morder[33m:[39m[31m[91m1[39m[22m[1m[31m[33m}[39m[31m[91m[33m.order-sm-2[39m[31m[91m[33m{[39m[31m[91m-ms-flex-order[33m:[39m[31m[91m2[33m;[39m[31m[91morder[33m:[39m[31m[91m2[33m}[39m[31m[91m[33m.order-sm-3[39m[31m[91m[33m{[39m[31m[91m-ms-flex-order[33m:[39m[31m[91m3[33m;[39m[31m[91morder[33m:[39m[31m[91m3[33m}[39m[31m[91m[33m.order-sm-4[39m[31m[91m[33m{[39m[31m[91m-ms-flex-order[33m:[39m[31m[91m4[33m;[39m[31m[91morder[33m:[39m[31m[91m4[33m}[39m[31m[91m[33m.order-sm-5[39m[31m[91m[33m{[39m[31m[91m-ms-flex-order[33m:[39m[31m[91m5[33m;[39m[31m[91morder[33m:[39m[31m[91m5[33m}[39m[31m[91m[33m.order-sm-6[39m[31m[91m[33m{[39m[31m[91m-ms-flex-order[33m:[39m[31m[91m6[33m;[39m[31m[91morder[33m:[39m[31m[91m6[33m}[39m[31m[91m[33m.order-sm-7[39m[31m[91m[33m{[39m[31m[91m-ms-flex-order[33m:[39m[31m[91m7[33m;[39m[31m[91morder[33m:[39m[31m[91m7[33m}[39m[31m[91m[33m.order-sm-8[39m[31m[91m[33m{[39m[31m[91m-ms-flex-order[33m:[39m[31m[91m8[33m;[39m[31m[91morder[33m:[39m[31m[91m8[33m}[39m[31m[91m[33m.order-sm-9[39m[31m[91m[33m{[39m[31m[91m-ms-flex-order[33m:[39m[31m[91m9[33m;[39m[31m[91morder[33m:[39m[31m[91m9[33m}[39m[31m[91m[33m.order-sm-10[39m[31m[91m[33m{[39m[31m[91m-ms-flex-order[33m:[39m[31m[91m10[33m;[39m[31m[91morder[33m:[39m[31m[91m10[33m}[39m[31m[91m[33m.order-sm-11[39m[31m[91m[33m{[39m[31m[91m-ms-flex-order[33m:[39m[31m[91m11[33m;[39m[31m[91morder[33m:[39m[31m[91m11[33m}[39m[31m[91m[33m.order-sm-12[39m[31m[91m[33m{[39m[31m[91m-ms-flex-order[33m:[39m[31m[91m12[33m;[39m[31m[91morder[33m:[39m[31m[91m12[33m}[39m[31m[91m[33m.offset-sm-0[39m[31m[91m[33m{[39m[31m[91mmargin-left[33m:[39m[31m[91m0[33m}[39m[31m[91m[33m.offset-sm-1[39m[31m[91m[33m{[39m[31m[91mmargin-left[33m:[39m[31m[91m8.333333%[33m}[39m[31m[91m[33m.offset-sm-2[39m[31m[91m[33m{[39m[31m[91mmargin-left[33m:[39m[31m[91m16.666667%[33m}[39m[31m[91m[33m.offset-sm-3[39m[31m[91m[33m{[39m[31m[91mmargin-left[33m:[39m[31m[91m25%[33m}[39m[31m[91m[33m.offset-sm-4[39m[31m[91m[33m{[39m[31m[91mmargin-left[33m:[39m[31m[91m33.333333%[33m}[39m[31m[91m[33m.offset-sm-5[39m[31m[91m[33m{[39m[31m[91mmargin-left[33m:[39m[31m[91m41.666667%[33m}[39m[31m[91m[33m.offset-sm-6[[39m[22m[1m[31m39m[91m[33m{[39m[31m[91mmargin-left[33m:[39m[31m[91m50%[33m}[39m[31m[91m[33m.offset-sm-7[39m[31m[91m[33m{[39m[31m[91mmargin-left[33m:[39m[31m[91m58.333333%[33m}[39m[31m[91m[33m.offset-sm-8[39m[31m[91m[33m{[39m[31m[91mmargin-left[33m:[39m[31m[91m66.666667%[33m}[39m[31m[91m[33m.offset-sm-9[39m[31m[91m[33m{[39m[31m[91mmargin-left[33m:[39m[31m[91m75%[33m}[39m[31m[91m[33m.offset-sm-10[39m[31m[91m[33m{[39m[31m[91mmargin-left[33m:[39m[31m[91m83.333333%[33m}[39m[31m[91m[33m.offset-sm-11[39m[31m[91m[33m{[39m[31m[91mmargin-left[33m:[39m[31m[91m91.666667%[33m}[39m[31m[91m[33m}[39m[31m[91m[36m@media[39m[31m[91m[36m [39m[31m[91m[36m(min-width:768px)[39m[31m[91m[33m{[39m[31m[91m[33m.col-md[39m[31m[91m[33m{[39m[31m[91m-ms-flex-preferred-size[33m:[39m[31m[91m0[33m;[39m[31m[91mflex-basis[33m:[39m[31m[91m0[33m;[39m[31m[91m-ms-flex-positive[33m:[39m[31m[91m1[33m;[39m[31m[91mflex-grow[33m:[39m[31m[91m1[33m;[39m[31m[91mmax-width[33m:[39m[31m[91m100%[33m}[39m[31m[91m[33m.row-cols-md-1>*[39m[31m[91m[33m{[39m[31m[91m-ms-flex[33m:[39m[31m[91m0 0 100%[33m;[39m[31m[91mflex[33m:[39m[31m[91m0 0 100%[33m;[39m[31m[91mmax-width[33m:[39m[31m[91m100%[33m}[39m[31m[91m[33m.row-cols-md-2>*[39m[31m[91m[33m{[39m[31m[91m-ms-flex[33m:[39m[31m[91m0 0 50%[33m;[39m[31m[91mflex[33m:[39m[31m[91m0 0 50%[33m;[39m[31m[91mmax-width[33m:[39m[31m[91m50%[33m}[39m[31m[91m[33m.row-cols-md-3>*[39m[31m[91m[33m{[39m[31m[91m-ms-flex[33m:[39m[31m[91m0 0 33.333333%[33m;[39m[31m[91mflex[33m:[39m[31m[91m0 0 33.333333%[33m;[39m[31m[91mmax-width[33m:[39m[31m[91m33.333333%[33m}[39m[31m[91m[33m.row-cols-md-4>*[39m[31m[91m[33m{[39m[31m[91m-ms-flex[33m:[39m[31m[91m0 0 25%[33m;[39m[31m[91mflex[33m:[39m[31m[91m0 0 25%[33m;[39m[31m[91mmax-width[33m:[39m[31m[91m25%[33m}[39m[31m[91m[33m.row-cols-md-5>*[39m[31m[91m[33m{[39m[31m[91m-ms-flex[33m:[39m[31m[91m0 0 20%[33m;[39m[31m[91mflex[33m:[39m[31m[91m0 0 20%[33m;[39m[31m[91mmax-width[33m:[39m[31m[91m20%[33m}[39m[31m[91m[33m.row-cols-md-6>*[39m[31m[91m[33m{[39m[31m[91m-ms-flex[33m:[39m[31m[91m0 0 16.666667%[33m;[39m[31m[91mflex[33m:[39m[31m[91m0 0 16.666667%[33m;[39m[31m[91m[39m[22m[1m[31mmax-width[33m:[39m[31m[91m16.666667%[33m}[39m[31m[91m[33m.col-md-auto[39m[31m[91m[33m{[39m[31m[91m-ms-flex[33m:[39m[31m[91m0 0 auto[33m;[39m[31m[91mflex[33m:[39m[31m[91m0 0 auto[33m;[39m[31m[91mwidth[33m:[39m[31m[91mauto[33m;[39m[31m[91mmax-width[33m:[39m[31m[91m100%[33m}[39m[31m[91m[33m.col-md-1[39m[31m[91m[33m{[39m[31m[91m-ms-flex[33m:[39m[31m[91m0 0 8.333333%[33m;[39m[31m[91mflex[33m:[39m[31m[91m0 0 8.333333%[33m;[39m[31m[91mmax-width[33m:[39m[31m[91m8.333333%[33m}[39m[31m[91m[33m.col-md-2[39m[31m[91m[33m{[39m[31m[91m-ms-flex[33m:[39m[31m[91m0 0 16.666667%[33m;[39m[31m[91mflex[33m:[39m[31m[91m0 0 16.666667%[33m;[39m[31m[91mmax-width[33m:[39m[31m[91m16.666667%[33m}[39m[31m[91m[33m.col-md-3[39m[31m[91m[33m{[39m[31m[91m-ms-flex[33m:[39m[31m[91m0 0 25%[33m;[39m[31m[91mflex[33m:[39m[31m[91m0 0 25%[33m;[39m[31m[91mmax-width[33m:[39m[31m[91m25%[33m}[39m[31m[91m[33m.col-md-4[39m[31m[91m[33m{[39m[31m[91m-ms-flex[33m:[39m[31m[91m0 0 33.333333%[33m;[39m[31m[91mflex[33m:[39m[31m[91m0 0 33.333333%[33m;[39m[31m[91mmax-width[33m:[39m[31m[91m33.333333%[33m}[39m[31m[91m[33m.col-md-5[39m[31m[91m[33m{[39m[31m[91m-ms-flex[33m:[39m[31m[91m0 0 41.666667%[33m;[39m[31m[91mflex[33m:[39m[31m[91m0 0 41.666667%[33m;[39m[31m[91mmax-width[33m:[39m[31m[91m41.666667%[33m}[39m[31m[91m[33m.col-md-6[39m[31m[91m[33m{[39m[31m[91m-ms-flex[33m:[39m[31m[91m0 0 50%[33m;[39m[31m[91mflex[33m:[39m[31m[91m0 0 50%[33m;[39m[31m[91mmax-width[33m:[39m[31m[91m50%[33m}[39m[31m[91m[33m.col-md-7[39m[31m[91m[33m{[39m[31m[91m-ms-flex[33m:[39m[31m[91m0 0 58.333333%[33m;[39m[31m[91mflex[33m:[39m[31m[91m0 0 58.333333%[33m;[39m[31m[91mmax-width[33m:[39m[31m[91m58.333333%[33m}[39m[31m[91m[33m.col-md-8[39m[31m[91m[33m{[39m[31m[91m-ms-flex[33m:[39m[31m[91m0 0 66.666667%[33m;[39m[31m[91mflex[33m:[39m[31m[91m0 0 66.666667%[33m;[39m[31m[91mmax-width[33m:[39m[31m[91m66.666667%[33m}[39m[31m[91m[33m.col-md-9[39m[31m[91m[33m{[39m[31m[91m-ms-flex[33m:[39m[31m[91m0 0 75%[33m;[39m[31m[91mflex[33m:[39m[31m[91m0 0 75%[33m;[39m[31m[91mmax-width[33m:[39m[31m[91m75%[33m}[39m[31m[91m[33m.col-md-10[39m[31m[91m[33m{[39m[31m[9[39m[22m[1m[31m1m-ms-flex[33m:[39m[31m[91m0 0 83.333333%[33m;[39m[31m[91mflex[33m:[39m[31m[91m0 0 83.333333%[33m;[39m[31m[91mmax-width[33m:[39m[31m[91m83.333333%[33m}[39m[31m[91m[33m.col-md-11[39m[31m[91m[33m{[39m[31m[91m-ms-flex[33m:[39m[31m[91m0 0 91.666667%[33m;[39m[31m[91mflex[33m:[39m[31m[91m0 0 91.666667%[33m;[39m[31m[91mmax-width[33m:[39m[31m[91m91.666667%[33m}[39m[31m[91m[33m.col-md-12[39m[31m[91m[33m{[39m[31m[91m-ms-flex[33m:[39m[31m[91m0 0 100%[33m;[39m[31m[91mflex[33m:[39m[31m[91m0 0 100%[33m;[39m[31m[91mmax-width[33m:[39m[31m[91m100%[33m}[39m[31m[91m[33m.order-md-first[39m[31m[91m[33m{[39m[31m[91m-ms-flex-order[33m:[39m[31m[91m-1[33m;[39m[31m[91morder[33m:[39m[31m[91m-1[33m}[39m[31m[91m[33m.order-md-last[39m[31m[91m[33m{[39m[31m[91m-ms-flex-order[33m:[39m[31m[91m13[33m;[39m[31m[91morder[33m:[39m[31m[91m13[33m}[39m[31m[91m[33m.order-md-0[39m[31m[91m[33m{[39m[31m[91m-ms-flex-order[33m:[39m[31m[91m0[33m;[39m[31m[91morder[33m:[39m[31m[91m0[33m}[39m[31m[91m[33m.order-md-1[39m[31m[91m[33m{[39m[31m[91m-ms-flex-order[33m:[39m[31m[91m1[33m;[39m[31m[91morder[33m:[39m[31m[91m1[33m}[39m[31m[91m[33m.order-md-2[39m[31m[91m[33m{[39m[31m[91m-ms-flex-order[33m:[39m[31m[91m2[33m;[39m[31m[91morder[33m:[39m[31m[91m2[33m}[39m[31m[91m[33m.order-md-3[39m[31m[91m[33m{[39m[31m[91m-ms-flex-order[33m:[39m[31m[91m3[33m;[39m[31m[91morder[33m:[39m[31m[91m3[33m}[39m[31m[91m[33m.order-md-4[39m[31m[91m[33m{[39m[31m[91m-ms-flex-order[33m:[39m[31m[91m4[33m;[39m[31m[91morder[33m:[39m[31m[91m4[33m}[39m[31m[91m[33m.order-md-5[39m[31m[91m[33m{[39m[31m[91m-ms-flex-order[33m:[39m[31m[91m5[33m;[39m[31m[91morder[33m:[39m[31m[91m5[33m}[39m[31m[91m[33m.order-md-6[39m[31m[91m[33m{[39m[31m[91m-ms-flex-order[33m:[39m[31m[91m6[33m;[39m[31m[91morder[33m:[39m[31m[91m6[33m}[39m[31m[91m[33m.order-md-7[39m[31m[91m[33m{[39m[31m[91m-ms-flex-order[33m:[39m[31m[91m7[33m;[39m[31m[91morder[33m:[39m[31m[91m7[33m}[39m[31m[91m[33m.order-md-8[39m[31m[91m[33m{[39m[31m[91m-ms-flex-order[33m:[39m[31m[91m8[33m;[39m[31m[91morder[33m:[39m[31m[91m8[33m}[39m[31m[91m[33m.order-md-9[39m[31m[91m[33m{[39m[31m[91m-ms-flex-order[33m[39m[22m[1m[31m:[39m[31m[91m9[33m;[39m[31m[91morder[33m:[39m[31m[91m9[33m}[39m[31m[91m[33m.order-md-10[39m[31m[91m[33m{[39m[31m[91m-ms-flex-order[33m:[39m[31m[91m10[33m;[39m[31m[91morder[33m:[39m[31m[91m10[33m}[39m[31m[91m[33m.order-md-11[39m[31m[91m[33m{[39m[31m[91m-ms-flex-order[33m:[39m[31m[91m11[33m;[39m[31m[91morder[33m:[39m[31m[91m11[33m}[39m[31m[91m[33m.order-md-12[39m[31m[91m[33m{[39m[31m[91m-ms-flex-order[33m:[39m[31m[91m12[33m;[39m[31m[91morder[33m:[39m[31m[91m12[33m}[39m[31m[91m[33m.offset-md-0[39m[31m[91m[33m{[39m[31m[91mmargin-left[33m:[39m[31m[91m0[33m}[39m[31m[91m[33m.offset-md-1[39m[31m[91m[33m{[39m[31m[91mmargin-left[33m:[39m[31m[91m8.333333%[33m}[39m[31m[91m[33m.offset-md-2[39m[31m[91m[33m{[39m[31m[91mmargin-left[33m:[39m[31m[91m16.666667%[33m}[39m[31m[91m[33m.offset-md-3[39m[31m[91m[33m{[39m[31m[91mmargin-left[33m:[39m[31m[91m25%[33m}[39m[31m[91m[33m.offset-md-4[39m[31m[91m[33m{[39m[31m[91mmargin-left[33m:[39m[31m[91m33.333333%[33m}[39m[31m[91m[33m.offset-md-5[39m[31m[91m[33m{[39m[31m[91mmargin-left[33m:[39m[31m[91m41.666667%[33m}[39m[31m[91m[33m.offset-md-6[39m[31m[91m[33m{[39m[31m[91mmargin-left[33m:[39m[31m[91m50%[33m}[39m[31m[91m[33m.offset-md-7[39m[31m[91m[33m{[39m[31m[91mmargin-left[33m:[39m[31m[91m58.333333%[33m}[39m[31m[91m[33m.offset-md-8[39m[31m[91m[33m{[39m[31m[91mmargin-left[33m:[39m[31m[91m66.666667%[33m}[39m[31m[91m[33m.offset-md-9[39m[31m[91m[33m{[39m[31m[91mmargin-left[33m:[39m[31m[91m75%[33m}[39m[31m[91m[33m.offset-md-10[39m[31m[91m[33m{[39m[31m[91mmargin-left[33m:[39m[31m[91m83.333333%[33m}[39m[31m[91m[33m.offset-md-11[39m[31m[91m[33m{[39m[31m[91mmargin-left[33m:[39m[31m[91m91.666667%[33m}[39m[31m[91m[33m}[39m[31m[91m[36m@media[39m[31m[91m[36m [39m[31m[91m[36m(min-width:960px)[39m[31m[91m[33m{[39m[31m[91m[33m.col-lg[39m[31m[91m[33m{[39m[31m[91m-ms-flex-preferred-size[33m:[39m[31m[91m0[33m;[39m[31m[91mflex-basis[33m:[39m[31m[91m0[33m;[39m[31m[91m-ms-flex-positive[33m:[39m[31m[91m1[33m;[39m[31m[91mflex-grow[33m:[39m[31m[91m1[33m;[39m[31m[91mmax-width[33m:[39m[31m[91m100%[33m}[39m[31m[91m[33m.row-cols-lg-1>*[39m[31m[91m[33m{[39m[31m[91[39m[22m[1m[31mm-ms-flex[33m:[39m[31m[91m0 0 100%[33m;[39m[31m[91mflex[33m:[39m[31m[91m0 0 100%[33m;[39m[31m[91mmax-width[33m:[39m[31m[91m100%[33m}[39m[31m[91m[33m.row-cols-lg-2>*[39m[31m[91m[33m{[39m[31m[91m-ms-flex[33m:[39m[31m[91m0 0 50%[33m;[39m[31m[91mflex[33m:[39m[31m[91m0 0 50%[33m;[39m[31m[91mmax-width[33m:[39m[31m[91m50%[33m}[39m[31m[91m[33m.row-cols-lg-3>*[39m[31m[91m[33m{[39m[31m[91m-ms-flex[33m:[39m[31m[91m0 0 33.333333%[33m;[39m[31m[91mflex[33m:[39m[31m[91m0 0 33.333333%[33m;[39m[31m[91mmax-width[33m:[39m[31m[91m33.333333%[33m}[39m[31m[91m[33m.row-cols-lg-4>*[39m[31m[91m[33m{[39m[31m[91m-ms-flex[33m:[39m[31m[91m0 0 25%[33m;[39m[31m[91mflex[33m:[39m[31m[91m0 0 25%[33m;[39m[31m[91mmax-width[33m:[39m[31m[91m25%[33m}[39m[31m[91m[33m.row-cols-lg-5>*[39m[31m[91m[33m{[39m[31m[91m-ms-flex[33m:[39m[31m[91m0 0 20%[33m;[39m[31m[91mflex[33m:[39m[31m[91m0 0 20%[33m;[39m[31m[91mmax-width[33m:[39m[31m[91m20%[33m}[39m[31m[91m[33m.row-cols-lg-6>*[39m[31m[91m[33m{[39m[31m[91m-ms-flex[33m:[39m[31m[91m0 0 16.666667%[33m;[39m[31m[91mflex[33m:[39m[31m[91m0 0 16.666667%[33m;[39m[31m[91mmax-width[33m:[39m[31m[91m16.666667%[33m}[39m[31m[91m[33m.col-lg-auto[39m[31m[91m[33m{[39m[31m[91m-ms-flex[33m:[39m[31m[91m0 0 auto[33m;[39m[31m[91mflex[33m:[39m[31m[91m0 0 auto[33m;[39m[31m[91mwidth[33m:[39m[31m[91mauto[33m;[39m[31m[91mmax-width[33m:[39m[31m[91m100%[33m}[39m[31m[91m[33m.col-lg-1[39m[31m[91m[33m{[39m[31m[91m-ms-flex[33m:[39m[31m[91m0 0 8.333333%[33m;[39m[31m[91mflex[33m:[39m[31m[91m0 0 8.333333%[33m;[39m[31m[91mmax-width[33m:[39m[31m[91m8.333333%[33m}[39m[31m[91m[33m.col-lg-2[39m[31m[91m[33m{[39m[31m[91m-ms-flex[33m:[39m[31m[91m0 0 16.666667%[33m;[39m[31m[91mflex[33m:[39m[31m[91m0 0 16.666667%[33m;[39m[31m[91mmax-width[33m:[39m[31m[91m16.666667%[33m}[39m[31m[91m[33m.col-lg-3[39m[31m[91m[33m{[39m[31m[91m-ms-flex[33m:[39m[31m[91m0 0 25%[33m;[39m[31m[91mflex[33m:[39m[31m[91m0 0 25%[33m;[39m[31m[91mmax-width[33m:[39m[31m[91m25%[33m}[39m[31m[91m[33m.col-lg-4[39m[31m[91m[33m{[39m[31m[91m-ms-flex[33m:[39m[31m[91m0 0 33.333333%[33m;[39m[31m[91mflex[33m:[39m[31m[91m0 0 33.333333%[33m[39m[22m[1m[31m;[39m[31m[91mmax-width[33m:[39m[31m[91m33.333333%[33m}[39m[31m[91m[33m.col-lg-5[39m[31m[91m[33m{[39m[31m[91m-ms-flex[33m:[39m[31m[91m0 0 41.666667%[33m;[39m[31m[91mflex[33m:[39m[31m[91m0 0 41.666667%[33m;[39m[31m[91mmax-width[33m:[39m[31m[91m41.666667%[33m}[39m[31m[91m[33m.col-lg-6[39m[31m[91m[33m{[39m[31m[91m-ms-flex[33m:[39m[31m[91m0 0 50%[33m;[39m[31m[91mflex[33m:[39m[31m[91m0 0 50%[33m;[39m[31m[91mmax-width[33m:[39m[31m[91m50%[33m}[39m[31m[91m[33m.col-lg-7[39m[31m[91m[33m{[39m[31m[91m-ms-flex[33m:[39m[31m[91m0 0 58.333333%[33m;[39m[31m[91mflex[33m:[39m[31m[91m0 0 58.333333%[33m;[39m[31m[91mmax-width[33m:[39m[31m[91m58.333333%[33m}[39m[31m[91m[33m.col-lg-8[39m[31m[91m[33m{[39m[31m[91m-ms-flex[33m:[39m[31m[91m0 0 66.666667%[33m;[39m[31m[91mflex[33m:[39m[31m[91m0 0 66.666667%[33m;[39m[31m[91mmax-width[33m:[39m[31m[91m66.666667%[33m}[39m[31m[91m[33m.col-lg-9[39m[31m[91m[33m{[39m[31m[91m-ms-flex[33m:[39m[31m[91m0 0 75%[33m;[39m[31m[91mflex[33m:[39m[31m[91m0 0 75%[33m;[39m[31m[91mmax-width[33m:[39m[31m[91m75%[33m}[39m[31m[91m[33m.col-lg-10[39m[31m[91m[33m{[39m[31m[91m-ms-flex[33m:[39m[31m[91m0 0 83.333333%[33m;[39m[31m[91mflex[33m:[39m[31m[91m0 0 83.333333%[33m;[39m[31m[91mmax-width[33m:[39m[31m[91m83.333333%[33m}[39m[31m[91m[33m.col-lg-11[39m[31m[91m[33m{[39m[31m[91m-ms-flex[33m:[39m[31m[91m0 0 91.666667%[33m;[39m[31m[91mflex[33m:[39m[31m[91m0 0 91.666667%[33m;[39m[31m[91mmax-width[33m:[39m[31m[91m91.666667%[33m}[39m[31m[91m[33m.col-lg-12[39m[31m[91m[33m{[39m[31m[91m-ms-flex[33m:[39m[31m[91m0 0 100%[33m;[39m[31m[91mflex[33m:[39m[31m[91m0 0 100%[33m;[39m[31m[91mmax-width[33m:[39m[31m[91m100%[33m}[39m[31m[91m[33m.order-lg-first[39m[31m[91m[33m{[39m[31m[91m-ms-flex-order[33m:[39m[31m[91m-1[33m;[39m[31m[91morder[33m:[39m[31m[91m-1[33m}[39m[31m[91m[33m.order-lg-last[39m[31m[91m[33m{[39m[31m[91m-ms-flex-order[33m:[39m[31m[91m13[33m;[39m[31m[91morder[33m:[39m[31m[91m13[33m}[39m[31m[91m[33m.order-lg-0[39m[31m[91m[33m{[39m[31m[91m-ms-flex-order[33m:[39m[31m[91m0[33m;[39m[31m[91morder[33m:[39m[31m[91m0[33m}[39m[31m[91m[33m.order-lg-1[39m[31m[91m[33m{[39m[31m[91m-[39m[22m[1m[31mms-flex-order[33m:[39m[31m[91m1[33m;[39m[31m[91morder[33m:[39m[31m[91m1[33m}[39m[31m[91m[33m.order-lg-2[39m[31m[91m[33m{[39m[31m[91m-ms-flex-order[33m:[39m[31m[91m2[33m;[39m[31m[91morder[33m:[39m[31m[91m2[33m}[39m[31m[91m[33m.order-lg-3[39m[31m[91m[33m{[39m[31m[91m-ms-flex-order[33m:[39m[31m[91m3[33m;[39m[31m[91morder[33m:[39m[31m[91m3[33m}[39m[31m[91m[33m.order-lg-4[39m[31m[91m[33m{[39m[31m[91m-ms-flex-order[33m:[39m[31m[91m4[33m;[39m[31m[91morder[33m:[39m[31m[91m4[33m}[39m[31m[91m[33m.order-lg-5[39m[31m[91m[33m{[39m[31m[91m-ms-flex-order[33m:[39m[31m[91m5[33m;[39m[31m[91morder[33m:[39m[31m[91m5[33m}[39m[31m[91m[33m.order-lg-6[39m[31m[91m[33m{[39m[31m[91m-ms-flex-order[33m:[39m[31m[91m6[33m;[39m[31m[91morder[33m:[39m[31m[91m6[33m}[39m[31m[91m[33m.order-lg-7[39m[31m[91m[33m{[39m[31m[91m-ms-flex-order[33m:[39m[31m[91m7[33m;[39m[31m[91morder[33m:[39m[31m[91m7[33m}[39m[31m[91m[33m.order-lg-8[39m[31m[91m[33m{[39m[31m[91m-ms-flex-order[33m:[39m[31m[91m8[33m;[39m[31m[91morder[33m:[39m[31m[91m8[33m}[39m[31m[91m[33m.order-lg-9[39m[31m[91m[33m{[39m[31m[91m-ms-flex-order[33m:[39m[31m[91m9[33m;[39m[31m[91morder[33m:[39m[31m[91m9[33m}[39m[31m[91m[33m.order-lg-10[39m[31m[91m[33m{[39m[31m[91m-ms-flex-order[33m:[39m[31m[91m10[33m;[39m[31m[91morder[33m:[39m[31m[91m10[33m}[39m[31m[91m[33m.order-lg-11[39m[31m[91m[33m{[39m[31m[91m-ms-flex-order[33m:[39m[31m[91m11[33m;[39m[31m[91morder[33m:[39m[31m[91m11[33m}[39m[31m[91m[33m.order-lg-12[39m[31m[91m[33m{[39m[31m[91m-ms-flex-order[33m:[39m[31m[91m12[33m;[39m[31m[91morder[33m:[39m[31m[91m12[33m}[39m[31m[91m[33m.offset-lg-0[39m[31m[91m[33m{[39m[31m[91mmargin-left[33m:[39m[31m[91m0[33m}[39m[31m[91m[33m.offset-lg-1[39m[31m[91m[33m{[39m[31m[91mmargin-left[33m:[39m[31m[91m8.333333%[33m}[39m[31m[91m[33m.offset-lg-2[39m[31m[91m[33m{[39m[31m[91mmargin-left[33m:[39m[31m[91m16.666667%[33m}[39m[31m[91m[33m.offset-lg-3[39m[31m[91m[33m{[39m[31m[91mmargin-left[33m:[39m[31m[91m25%[33m}[39m[31m[91m[33m.offset-lg-4[39m[31m[91m[33m{[39m[31m[91mmargin-left[33m:[39m[31m[91m33.333333%[33m}[39m[31m[91m[33m.offset-lg-5[39m[31m[91m[33m{[39m[31m[91mmarg[39m[22m[1m[31min-left[33m:[39m[31m[91m41.666667%[33m}[39m[31m[91m[33m.offset-lg-6[39m[31m[91m[33m{[39m[31m[91mmargin-left[33m:[39m[31m[91m50%[33m}[39m[31m[91m[33m.offset-lg-7[39m[31m[91m[33m{[39m[31m[91mmargin-left[33m:[39m[31m[91m58.333333%[33m}[39m[31m[91m[33m.offset-lg-8[39m[31m[91m[33m{[39m[31m[91mmargin-left[33m:[39m[31m[91m66.666667%[33m}[39m[31m[91m[33m.offset-lg-9[39m[31m[91m[33m{[39m[31m[91mmargin-left[33m:[39m[31m[91m75%[33m}[39m[31m[91m[33m.offset-lg-10[39m[31m[91m[33m{[39m[31m[91mmargin-left[33m:[39m[31m[91m83.333333%[33m}[39m[31m[91m[33m.offset-lg-11[39m[31m[91m[33m{[39m[31m[91mmargin-left[33m:[39m[31m[91m91.666667%[33m}[39m[31m[91m[33m}[39m[31m[91m[36m@media[39m[31m[91m[36m [39m[31m[91m[36m(min-width:1152px)[39m[31m[91m[33m{[39m[31m[91m[33m.col-xl[39m[31m[91m[33m{[39m[31m[91m-ms-flex-preferred-size[33m:[39m[31m[91m0[33m;[39m[31m[91mflex-basis[33m:[39m[31m[91m0[33m;[39m[31m[91m-ms-flex-positive[33m:[39m[31m[91m1[33m;[39m[31m[91mflex-grow[33m:[39m[31m[91m1[33m;[39m[31m[91mmax-width[33m:[39m[31m[91m100%[33m}[39m[31m[91m[33m.row-cols-xl-1>*[39m[31m[91m[33m{[39m[31m[91m-ms-flex[33m:[39m[31m[91m0 0 100%[33m;[39m[31m[91mflex[33m:[39m[31m[91m0 0 100%[33m;[39m[31m[91mmax-width[33m:[39m[31m[91m100%[33m}[39m[31m[91m[33m.row-cols-xl-2>*[39m[31m[91m[33m{[39m[31m[91m-ms-flex[33m:[39m[31m[91m0 0 50%[33m;[39m[31m[91mflex[33m:[39m[31m[91m0 0 50%[33m;[39m[31m[91mmax-width[33m:[39m[31m[91m50%[33m}[39m[31m[91m[33m.row-cols-xl-3>*[39m[31m[91m[33m{[39m[31m[91m-ms-flex[33m:[39m[31m[91m0 0 33.333333%[33m;[39m[31m[91mflex[33m:[39m[31m[91m0 0 33.333333%[33m;[39m[31m[91mmax-width[33m:[39m[31m[91m33.333333%[33m}[39m[31m[91m[33m.row-cols-xl-4>*[39m[31m[91m[33m{[39m[31m[91m-ms-flex[33m:[39m[31m[91m0 0 25%[33m;[39m[31m[91mflex[33m:[39m[31m[91m0 0 25%[33m;[39m[31m[91mmax-width[33m:[39m[31m[91m25%[33m}[39m[31m[91m[33m.row-cols-xl-5>*[39m[31m[91m[33m{[39m[31m[91m-ms-flex[33m:[39m[31m[91m0 0 20%[33m;[39m[31m[91mflex[33m:[39m[31m[91m0 0 20%[33m;[39m[31m[91mmax-width[33m:[39m[31m[91m20%[33m}[39m[31m[91m[33m.row-cols-xl-6>*[39m[31m[91m[33m{[39m[31m[91m-ms-flex[33m:[39m[31m[91m0 0 16.6666[39m[22m[1m[31m67%[33m;[39m[31m[91mflex[33m:[39m[31m[91m0 0 16.666667%[33m;[39m[31m[91mmax-width[33m:[39m[31m[91m16.666667%[33m}[39m[31m[91m[33m.col-xl-auto[39m[31m[91m[33m{[39m[31m[91m-ms-flex[33m:[39m[31m[91m0 0 auto[33m;[39m[31m[91mflex[33m:[39m[31m[91m0 0 auto[33m;[39m[31m[91mwidth[33m:[39m[31m[91mauto[33m;[39m[31m[91mmax-width[33m:[39m[31m[91m100%[33m}[39m[31m[91m[33m.col-xl-1[39m[31m[91m[33m{[39m[31m[91m-ms-flex[33m:[39m[31m[91m0 0 8.333333%[33m;[39m[31m[91mflex[33m:[39m[31m[91m0 0 8.333333%[33m;[39m[31m[91mmax-width[33m:[39m[31m[91m8.333333%[33m}[39m[31m[91m[33m.col-xl-2[39m[31m[91m[33m{[39m[31m[91m-ms-flex[33m:[39m[31m[91m0 0 16.666667%[33m;[39m[31m[91mflex[33m:[39m[31m[91m0 0 16.666667%[33m;[39m[31m[91mmax-width[33m:[39m[31m[91m16.666667%[33m}[39m[31m[91m[33m.col-xl-3[39m[31m[91m[33m{[39m[31m[91m-ms-flex[33m:[39m[31m[91m0 0 25%[33m;[39m[31m[91mflex[33m:[39m[31m[91m0 0 25%[33m;[39m[31m[91mmax-width[33m:[39m[31m[91m25%[33m}[39m[31m[91m[33m.col-xl-4[39m[31m[91m[33m{[39m[31m[91m-ms-flex[33m:[39m[31m[91m0 0 33.333333%[33m;[39m[31m[91mflex[33m:[39m[31m[91m0 0 33.333333%[33m;[39m[31m[91mmax-width[33m:[39m[31m[91m33.333333%[33m}[39m[31m[91m[33m.col-xl-5[39m[31m[91m[33m{[39m[31m[91m-ms-flex[33m:[39m[31m[91m0 0 41.666667%[33m;[39m[31m[91mflex[33m:[39m[31m[91m0 0 41.666667%[33m;[39m[31m[91mmax-width[33m:[39m[31m[91m41.666667%[33m}[39m[31m[91m[33m.col-xl-6[39m[31m[91m[33m{[39m[31m[91m-ms-flex[33m:[39m[31m[91m0 0 50%[33m;[39m[31m[91mflex[33m:[39m[31m[91m0 0 50%[33m;[39m[31m[91mmax-width[33m:[39m[31m[91m50%[33m}[39m[31m[91m[33m.col-xl-7[39m[31m[91m[33m{[39m[31m[91m-ms-flex[33m:[39m[31m[91m0 0 58.333333%[33m;[39m[31m[91mflex[33m:[39m[31m[91m0 0 58.333333%[33m;[39m[31m[91mmax-width[33m:[39m[31m[91m58.333333%[33m}[39m[31m[91m[33m.col-xl-8[39m[31m[91m[33m{[39m[31m[91m-ms-flex[33m:[39m[31m[91m0 0 66.666667%[33m;[39m[31m[91mflex[33m:[39m[31m[91m0 0 66.666667%[33m;[39m[31m[91mmax-width[33m:[39m[31m[91m66.666667%[33m}[39m[31m[91m[33m.col-xl-9[39m[31m[91m[33m{[39m[31m[91m-ms-flex[33m:[39m[31m[91m0 0 75%[33m;[39m[31m[91mflex[33m:[39m[31m[91m0 0 75%[33m;[39m[31m[91mmax-width[33m[39m[22m[1m[31m:[39m[31m[91m75%[33m}[39m[31m[91m[33m.col-xl-10[39m[31m[91m[33m{[39m[31m[91m-ms-flex[33m:[39m[31m[91m0 0 83.333333%[33m;[39m[31m[91mflex[33m:[39m[31m[91m0 0 83.333333%[33m;[39m[31m[91mmax-width[33m:[39m[31m[91m83.333333%[33m}[39m[31m[91m[33m.col-xl-11[39m[31m[91m[33m{[39m[31m[91m-ms-flex[33m:[39m[31m[91m0 0 91.666667%[33m;[39m[31m[91mflex[33m:[39m[31m[91m0 0 91.666667%[33m;[39m[31m[91mmax-width[33m:[39m[31m[91m91.666667%[33m}[39m[31m[91m[33m.col-xl-12[39m[31m[91m[33m{[39m[31m[91m-ms-flex[33m:[39m[31m[91m0 0 100%[33m;[39m[31m[91mflex[33m:[39m[31m[91m0 0 100%[33m;[39m[31m[91mmax-width[33m:[39m[31m[91m100%[33m}[39m[31m[91m[33m.order-xl-first[39m[31m[91m[33m{[39m[31m[91m-ms-flex-order[33m:[39m[31m[91m-1[33m;[39m[31m[91morder[33m:[39m[31m[91m-1[33m}[39m[31m[91m[33m.order-xl-last[39m[31m[91m[33m{[39m[31m[91m-ms-flex-order[33m:[39m[31m[91m13[33m;[39m[31m[91morder[33m:[39m[31m[91m13[33m}[39m[31m[91m[33m.order-xl-0[39m[31m[91m[33m{[39m[31m[91m-ms-flex-order[33m:[39m[31m[91m0[33m;[39m[31m[91morder[33m:[39m[31m[91m0[33m}[39m[31m[91m[33m.order-xl-1[39m[31m[91m[33m{[39m[31m[91m-ms-flex-order[33m:[39m[31m[91m1[33m;[39m[31m[91morder[33m:[39m[31m[91m1[33m}[39m[31m[91m[33m.order-xl-2[39m[31m[91m[33m{[39m[31m[91m-ms-flex-order[33m:[39m[31m[91m2[33m;[39m[31m[91morder[33m:[39m[31m[91m2[33m}[39m[31m[91m[33m.order-xl-3[39m[31m[91m[33m{[39m[31m[91m-ms-flex-order[33m:[39m[31m[91m3[33m;[39m[31m[91morder[33m:[39m[31m[91m3[33m}[39m[31m[91m[33m.order-xl-4[39m[31m[91m[33m{[39m[31m[91m-ms-flex-order[33m:[39m[31m[91m4[33m;[39m[31m[91morder[33m:[39m[31m[91m4[33m}[39m[31m[91m[33m.order-xl-5[39m[31m[91m[33m{[39m[31m[91m-ms-flex-order[33m:[39m[31m[91m5[33m;[39m[31m[91morder[33m:[39m[31m[91m5[33m}[39m[31m[91m[33m.order-xl-6[39m[31m[91m[33m{[39m[31m[91m-ms-flex-order[33m:[39m[31m[91m6[33m;[39m[31m[91morder[33m:[39m[31m[91m6[33m}[39m[31m[91m[33m.order-xl-7[39m[31m[91m[33m{[39m[31m[91m-ms-flex-order[33m:[39m[31m[91m7[33m;[39m[31m[91morder[33m:[39m[31m[91m7[33m}[39m[31m[91m[33m.order-xl-8[39m[31m[91m[33m{[39m[31m[91m-ms-flex-order[33m:[39m[31m[91m8[33m;[39m[31m[91morder[33m:[39m[31m[91m8[33m}[[39m[22m[1m[31m39m[91m[33m.order-xl-9[39m[31m[91m[33m{[39m[31m[91m-ms-flex-order[33m:[39m[31m[91m9[33m;[39m[31m[91morder[33m:[39m[31m[91m9[33m}[39m[31m[91m[33m.order-xl-10[39m[31m[91m[33m{[39m[31m[91m-ms-flex-order[33m:[39m[31m[91m10[33m;[39m[31m[91morder[33m:[39m[31m[91m10[33m}[39m[31m[91m[33m.order-xl-11[39m[31m[91m[33m{[39m[31m[91m-ms-flex-order[33m:[39m[31m[91m11[33m;[39m[31m[91morder[33m:[39m[31m[91m11[33m}[39m[31m[91m[33m.order-xl-12[39m[31m[91m[33m{[39m[31m[91m-ms-flex-order[33m:[39m[31m[91m12[33m;[39m[31m[91morder[33m:[39m[31m[91m12[33m}[39m[31m[91m[33m.offset-xl-0[39m[31m[91m[33m{[39m[31m[91mmargin-left[33m:[39m[31m[91m0[33m}[39m[31m[91m[33m.offset-xl-1[39m[31m[91m[33m{[39m[31m[91mmargin-left[33m:[39m[31m[91m8.333333%[33m}[39m[31m[91m[33m.offset-xl-2[39m[31m[91m[33m{[39m[31m[91mmargin-left[33m:[39m[31m[91m16.666667%[33m}[39m[31m[91m[33m.offset-xl-3[39m[31m[91m[33m{[39m[31m[91mmargin-left[33m:[39m[31m[91m25%[33m}[39m[31m[91m[33m.offset-xl-4[39m[31m[91m[33m{[39m[31m[91mmargin-left[33m:[39m[31m[91m33.333333%[33m}[39m[31m[91m[33m.offset-xl-5[39m[31m[91m[33m{[39m[31m[91mmargin-left[33m:[39m[31m[91m41.666667%[33m}[39m[31m[91m[33m.offset-xl-6[39m[31m[91m[33m{[39m[31m[91mmargin-left[33m:[39m[31m[91m50%[33m}[39m[31m[91m[33m.offset-xl-7[39m[31m[91m[33m{[39m[31m[91mmargin-left[33m:[39m[31m[91m58.333333%[33m}[39m[31m[91m[33m.offset-xl-8[39m[31m[91m[33m{[39m[31m[91mmargin-left[33m:[39m[31m[91m66.666667%[33m}[39m[31m[91m[33m.offset-xl-9[39m[31m[91m[33m{[39m[31m[91mmargin-left[33m:[39m[31m[91m75%[33m}[39m[31m[91m[33m.offset-xl-10[39m[31m[91m[33m{[39m[31m[91mmargin-left[33m:[39m[31m[91m83.333333%[33m}[39m[31m[91m[33m.offset-xl-11[39m[31m[91m[33m{[39m[31m[91mmargin-left[33m:[39m[31m[91m91.666667%[33m}[39m[31m[91m[33m}[39m[31m[91m[33m.table[39m[31m[91m[33m{[39m[31m[91mwidth[33m:[39m[31m[91m100%[33m;[39m[31m[91mmargin-bottom[33m:[39m[31m[91m14px 8px[33m;[39m[31m[91mcolor[33m:[39m[31m[91m[35m#bbb[39m[31m[91m[33m}[39m[31m[91m[33m.table[39m[31m[91m td,.table th[33m{[39m[31m[91mpadding[33m:[39m[31m[91m0[33m;[39m[31m[91mvertical-align[33m:[39m[31m[91mtop[33m}[39m[31m[91m[33m.tabl[39m[22m[1m[31me[39m[31m[91m thead th[33m{[39m[31m[91mvertical-align[33m:[39m[31m[91mbottom[33m}[39m[31m[91m[33m.table-sm[39m[31m[91m td,.table-sm th[33m{[39m[31m[91mpadding[33m:[39m[31m[91m0[33m}[39m[31m[91m[33m.table-bordered[39m[31m[91m[33m{[39m[31m[91mborder[33m:[39m[31m[91m0 solid [35m#555[39m[31m[91m[33m}[39m[31m[91m[33m.table-bordered[39m[31m[91m thead td,.table-bordered thead th[33m{[39m[31m[91mborder-bottom-width[33m:[39m[31m[91m0[33m}[39m[31m[91m[33m.table-borderless[39m[31m[91m tbody+tbody,.table-borderless td,.table-borderless th,.table-borderless thead th[33m{[39m[31m[91mborder[33m:[39m[31m[91m0[33m}[39m[31m[91m[33m.table-striped[39m[31m[91m tbody tr[33m:[39m[31m[91m[36mnth-of-type[39m[31m[91m[36m(odd)[39m[31m[91m[33m{[39m[31m[91mbackground-color[33m:[39m[31m[91m[35m#000[39m[31m[91m[33m}[39m[31m[91m[33m.table-hover[39m[31m[91m td[33m:[39m[31m[91mhover,.table-hover th[33m:[39m[31m[91mhover[33m{[39m[31m[91mcolor[33m:[39m[31m[91m[35m#000[39m[31m[91m[33m;[39m[31m[91mbackground[33m:[39m[31m[91m[35m#bbb[39m[31m[91m[33m}[39m[31m[91m[33m.table-primary,.table-primary>td,.table-primary>th[39m[31m[91m[33m{[39m[31m[91mbackground-color[33m:[39m[31m[91m[35m#555[39m[31m[91m[33m}[39m[31m[91m[33m.table-secondary,.table-secondary>td,.table-secondary>th[39m[31m[91m[33m{[39m[31m[91mbackground-color[33m:[39m[31m[91m[35m#555[39m[31m[91m[33m}[39m[31m[91m[33m.table-success,.table-success>td,.table-success>th[39m[31m[91m[33m{[39m[31m[91mbackground-color[33m:[39m[31m[91m[35m#0a0[39m[31m[91m[33m}[39m[31m[91m[33m.table-info,.table-info>td,.table-info>th[39m[31m[91m[33m{[39m[31m[91mbackground-color[33m:[39m[31m[91m[35m#0aa[39m[31m[91m[33m}[39m[31m[91m[33m.table-warning,.table-warning>td,.table-warning>th[39m[31m[91m[33m{[39m[31m[91mbackground-color[33m:[39m[31m[91m[35m#a50[39m[31m[91m[33m}[39m[31m[91m[33m.table-danger,.table-danger>td,.table-danger>th[39m[31m[91m[33m{[39m[31m[91mbackground-color[33m:[39m[31m[91m[35m#a00[39m[31m[91m[33m}[39m[31m[91m[33m.table-dark,.table-dark>td,.table-dark>th[39m[31m[91m[33m{[39m[31m[91mbackground-color[33m:[39m[31m[91m[35m#000[39m[31m[39m[22m[1m[31m[91m[33m}[39m[31m[91m[33m.table-active,.table-active>td,.table-active>th[39m[31m[91m[33m{[39m[31m[91mbackground-color[33m:[39m[31m[91m[35m#000[39m[31m[91m[33m}[39m[31m[91m[33m.table[39m[31m[91m [33m.thead-dark[39m[31m[91m th[33m{[39m[31m[91mcolor[33m:[39m[31m[91m[35m#fff[39m[31m[91m[33m;[39m[31m[91mbackground-color[33m:[39m[31m[91m[35m#bbb[39m[31m[91m[33m;[39m[31m[91mborder-color[33m:[39m[31m[91m[35m#000[39m[31m[91m[33m}[39m[31m[91m[33m.table[39m[31m[91m [33m.thead-light[39m[31m[91m th[33m{[39m[31m[91mcolor[33m:[39m[31m[91m[35m#bbb[39m[31m[91m[33m;[39m[31m[91mbackground-color[33m:[39m[31m[91m[35m#555[39m[31m[91m[33m;[39m[31m[91mborder-color[33m:[39m[31m[91m[35m#555[39m[31m[91m[33m}[39m[31m[91m[33m.table-dark[39m[31m[91m[33m{[39m[31m[91mcolor[33m:[39m[31m[91m[35m#fff[39m[31m[91m[33m;[39m[31m[91mbackground-color[33m:[39m[31m[91m[35m#bbb[39m[31m[91m[33m}[39m[31m[91m[33m.table-dark[39m[31m[91m td,.table-dark th,.table-dark thead th[33m{[39m[31m[91mborder-color[33m:[39m[31m[91m[35m#000[39m[31m[91m[33m}[39m[31m[91m[33m.table-dark.table-bordered[39m[31m[91m[33m{[39m[31m[91mborder[33m:[39m[31m[91m0[33m}[39m[31m[91m[33m.table-dark.table-striped[39m[31m[91m tbody tr[33m:[39m[31m[91m[36mnth-of-type[39m[31m[91m[36m(odd)[39m[31m[91m[33m{[39m[31m[91mbackground-color[33m:[39m[31m[91m[35m#000[39m[31m[91m[33m}[39m[31m[91m[33m.table-dark.table-hover[39m[31m[91m tbody tr[33m:[39m[31m[91mhover[33m{[39m[31m[91mcolor[33m:[39m[31m[91m[35m#fff[39m[31m[91m[33m}[39m[31m[91m[36m@media[39m[31m[91m[36m [39m[31m[91m[36m(max-width:575.98px)[39m[31m[91m[33m{[39m[31m[91m[33m.table-responsive-sm[39m[31m[91m[33m{[39m[31m[91mdisplay[33m:[39m[31m[91mblock[33m;[39m[31m[91mwidth[33m:[39m[31m[91m100%[33m;[39m[31m[91moverflow-x[33m:[39m[31m[91mauto[33m;[39m[31m[91m-webkit-overflow-scrolling[33m:[39m[31m[91mtouch[33m}[39m[31m[91m[33m.table-responsive-sm>.table-bordered[39m[31m[91m[33m{[39m[31m[91mborder[33m:[39m[31m[91m0[33m}[39m[31m[91m[33m}[39m[31m[91m[36m@media[39m[31m[91m[36m [39m[31m[91m[36m(max-width:767.98px)[39m[31m[91m[33m{[39m[31m[91m[33m.table-responsive-md[39m[31m[91m[33m{[39m[31m[39m[22m[1m[31m[91mdisplay[33m:[39m[31m[91mblock[33m;[39m[31m[91mwidth[33m:[39m[31m[91m100%[33m;[39m[31m[91moverflow-x[33m:[39m[31m[91mauto[33m;[39m[31m[91m-webkit-overflow-scrolling[33m:[39m[31m[91mtouch[33m}[39m[31m[91m[33m.table-responsive-md>.table-bordered[39m[31m[91m[33m{[39m[31m[91mborder[33m:[39m[31m[91m0[33m}[39m[31m[91m[33m}[39m[31m[91m[36m@media[39m[31m[91m[36m [39m[31m[91m[36m(max-width:959.98px)[39m[31m[91m[33m{[39m[31m[91m[33m.table-responsive-lg[39m[31m[91m[33m{[39m[31m[91mdisplay[33m:[39m[31m[91mblock[33m;[39m[31m[91mwidth[33m:[39m[31m[91m100%[33m;[39m[31m[91moverflow-x[33m:[39m[31m[91mauto[33m;[39m[31m[91m-webkit-overflow-scrolling[33m:[39m[31m[91mtouch[33m}[39m[31m[91m[33m.table-responsive-lg>.table-bordered[39m[31m[91m[33m{[39m[31m[91mborder[33m:[39m[31m[91m0[33m}[39m[31m[91m[33m}[39m[31m[91m[36m@media[39m[31m[91m[36m [39m[31m[91m[36m(max-width:1151.98px)[39m[31m[91m[33m{[39m[31m[91m[33m.table-responsive-xl[39m[31m[91m[33m{[39m[31m[91mdisplay[33m:[39m[31m[91mblock[33m;[39m[31m[91mwidth[33m:[39m[31m[91m100%[33m;[39m[31m[91moverflow-x[33m:[39m[31m[91mauto[33m;[39m[31m[91m-webkit-overflow-scrolling[33m:[39m[31m[91mtouch[33m}[39m[31m[91m[33m.table-responsive-xl>.table-bordered[39m[31m[91m[33m{[39m[31m[91mborder[33m:[39m[31m[91m0[33m}[39m[31m[91m[33m}[39m[31m[91m[33m.table-responsive[39m[31m[91m[33m{[39m[31m[91mdisplay[33m:[39m[31m[91mblock[33m;[39m[31m[91mwidth[33m:[39m[31m[91m100%[33m;[39m[31m[91moverflow-x[33m:[39m[31m[91mauto[33m;[39m[31m[91m-webkit-overflow-scrolling[33m:[39m[31m[91mtouch[33m}[39m[31m[91m[33m.table-responsive>.table-bordered[39m[31m[91m[33m{[39m[31m[91mborder[33m:[39m[31m[91m0[33m}[39m[31m[91m[33m.form-control[39m[31m[91m[33m{[39m[31m[91mdisplay[33m:[39m[31m[91mblock[33m;[39m[31m[91mwidth[33m:[39m[31m[91m100%[33m;[39m[31m[91mheight[33m:[39m[31m[91m14px[33m;[39m[31m[91mpadding[33m:[39m[31m[91m0 0[33m;[39m[31m[91mfont-size[33m:[39m[31m[91m16px[33m;[39m[31m[91mfont-weight[33m:[39m[31m[91m400[33m;[39m[31m[91mline-height[33m:[39m[31m[91m14px[33m;[39m[31m[91mcolor[33m:[39m[31m[91m[35m#fff[39m[31m[91m[33m;[39m[31m[91mbackground-color[39m[22m[1m[31m[33m:[39m[31m[91m[35m#000084[39m[31m[91m[33m;[39m[31m[91mbackground-clip[33m:[39m[31m[91mpadding-box[33m;[39m[31m[91mborder[33m:[39m[31m[91m0 solid [35m#555[39m[31m[91m[33m}[39m[31m[91m[33m.form-control[39m[31m[91m[33m:[39m[31m[91m[33m:[39m[31m[91m-ms-expand[33m{[39m[31m[91mbackground-color[33m:[39m[31m[91mtransparent[33m;[39m[31m[91mborder[33m:[39m[31m[91m0[33m}[39m[31m[91m[33m.form-control[39m[31m[91m[33m:[39m[31m[91m-moz-focusring[33m{[39m[31m[91mcolor[33m:[39m[31m[91mtransparent[33m;[39m[31m[91mtext-shadow[33m:[39m[31m[91m0 0 0 [35m#fff[39m[31m[91m[33m}[39m[31m[91m[33m.form-control[39m[31m[91m[33m:[39m[31m[91mfocus[33m{[39m[31m[91moutline[33m:[39m[31m[91m0[33m}[39m[31m[91m[33m.form-control[39m[31m[91m[33m:[39m[31m[91m[33m:[39m[31m[91m-webkit-input-placeholder[33m{[39m[31m[91mcolor[33m:[39m[31m[91m[35m#bbb[39m[31m[91m[33m;[39m[31m[91mopacity[33m:[39m[31m[91m1[33m}[39m[31m[91m[33m.form-control[39m[31m[91m[33m:[39m[31m[91m[33m:[39m[31m[91m-moz-placeholder[33m{[39m[31m[91mcolor[33m:[39m[31m[91m[35m#bbb[39m[31m[91m[33m;[39m[31m[91mopacity[33m:[39m[31m[91m1[33m}[39m[31m[91m[33m.form-control[39m[31m[91m[33m:[39m[31m[91m-ms-input-placeholder[33m{[39m[31m[91mcolor[33m:[39m[31m[91m[35m#bbb[39m[31m[91m[33m;[39m[31m[91mopacity[33m:[39m[31m[91m1[33m}[39m[31m[91m[33m.form-control[39m[31m[91m[33m:[39m[31m[91m[33m:[39m[31m[91m-ms-input-placeholder[33m{[39m[31m[91mcolor[33m:[39m[31m[91m[35m#bbb[39m[31m[91m[33m;[39m[31m[91mopacity[33m:[39m[31m[91m1[33m}[39m[31m[91m[33m.form-control[39m[31m[91m[33m:[39m[31m[91m[33m:[39m[31m[91mplaceholder[33m{[39m[31m[91mcolor[33m:[39m[31m[91m[35m#bbb[39m[31m[91m[33m;[39m[31m[91mopacity[33m:[39m[31m[91m1[33m}[39m[31m[91m[33m.form-control[39m[31m[91m[33m:[39m[31m[91mdisabled,.form-control[33m[[39m[31m[91mreadonly[33m][39m[31m[91m[33m{[39m[31m[91mopacity[33m:[39m[31m[91m1[33m;[39m[31m[91mbackground[33m:[39m[31m[91m[36murl[39m[31m[91m[36m(../fonts/left-brace-grayLight.svg)[39m[31m[91m no-repeat left [36mbottom,url[39m[31m[91m[36m([39m[31m[91m[33m../fonts/right-brace-grayLight.svg[39m[31m[91m[36m)[39m[31m[91m no-repeat right bottom,[35[39m[22m[1m[31mm#555[39m[31m[91m[33m}[39m[31m[91mselect.form-control[33m{[39m[31m[91mbackground[33m:[39m[31m[91m[35m#bbb[39m[31m[91m[33m;[39m[31m[91mborder[33m:[39m[31m[91m[33m.875px[39m[31m[91m solid [35m#000[39m[31m[91m[33m;[39m[31m[91mmargin-top[33m:[39m[31m[91m7px[33m;[39m[31m[91mpadding-top[33m:[39m[31m[91m6.125px[33m;[39m[31m[91mpadding-bottom[33m:[39m[31m[91m7px[33m;[39m[31m[91mmargin-bottom[33m:[39m[31m[91m6.125px[33m;[39m[31m[91mborder-left-width[33m:[39m[31m[91m2px[33m;[39m[31m[91mborder-right-width[33m:[39m[31m[91m2px[33m;[39m[31m[91mmargin-left[33m:[39m[31m[91m3.5px[33m;[39m[31m[91mpadding-left[33m:[39m[31m[91m2.5px[33m;[39m[31m[91mpadding-right[33m:[39m[31m[91m3.5px[33m;[39m[31m[91mmargin-right[33m:[39m[31m[91m2.5px[33m;[39m[31m[91mbox-shadow[33m:[39m[31m[91m-3.5px -7px 0 0 [35m#bbb,2.5px[39m[31m[91m 6.125px 0 0 [35m#bbb,-3.5px[39m[31m[91m 6.125px 0 0 [35m#bbb,2.5px[39m[31m[91m -7px 0 0 [35m#bbb[39m[31m[91m[33m;[39m[31m[91mwidth[33m:[39m[31m[91m[36mcalc[39m[31m[91m[36m(100% - 6px)[39m[31m[91m[33m;[39m[31m[91mcolor[33m:[39m[31m[91m[35m#000[39m[31m[91m[33m;[39m[31m[91mheight[33m:[39m[31m[91m28px[33m}[39m[31m[91mselect.form-control[33m:[39m[31m[91mfocus[33m:[39m[31m[91m[33m:[39m[31m[91m-ms-value[33m{[39m[31m[91mcolor[33m:[39m[31m[91m[35m#000[39m[31m[91m[33m;[39m[31m[91mbackground[33m:[39m[31m[91m[35m#bbb[39m[31m[91m[33m}[39m[31m[91m[33m.form-control-file,.form-control-range[39m[31m[91m[33m{[39m[31m[91mdisplay[33m:[39m[31m[91mblock[33m;[39m[31m[91mwidth[33m:[39m[31m[91m100%[33m}[39m[31m[91m[33m.col-form-label[39m[31m[91m[33m{[39m[31m[91mpadding-top[33m:[39m[31m[91m0[33m;[39m[31m[91mpadding-bottom[33m:[39m[31m[91m0[33m;[39m[31m[91mmargin-bottom[33m:[39m[31m[91m0[33m;[39m[31m[91mfont-size[33m:[39m[31m[91m16px[33m;[39m[31m[91mline-height[33m:[39m[31m[91m14px[33m}[39m[31m[91m[33m.col-form-label-lg[39m[31m[91m[33m{[39m[31m[91mpadding-top[33m:[39m[31m[91m0[33m;[39m[31m[91mpadding-bottom[33m:[39m[31m[91m0[33m;[39m[31m[91mfont-size[33m:[39m[31m[91m16px[33m;[39m[31m[91mline-height[33m:[39m[31m[91m14px[33m}[39m[31m[91m[33m.col-form-label-sm[39m[31m[91m[33m{[39m[31m[[39m[22m[1m[31m91mpadding-top[33m:[39m[31m[91m0[33m;[39m[31m[91mpadding-bottom[33m:[39m[31m[91m0[33m;[39m[31m[91mfont-size[33m:[39m[31m[91m16px[33m;[39m[31m[91mline-height[33m:[39m[31m[91m14px[33m}[39m[31m[91m[33m.form-control-plaintext[39m[31m[91m[33m{[39m[31m[91mdisplay[33m:[39m[31m[91mblock[33m;[39m[31m[91mwidth[33m:[39m[31m[91m100%[33m;[39m[31m[91mpadding[33m:[39m[31m[91m0 8px[33m;[39m[31m[91mmargin-bottom[33m:[39m[31m[91m0[33m;[39m[31m[91mline-height[33m:[39m[31m[91m14px[33m;[39m[31m[91mcolor[33m:[39m[31m[91m[35m#bbb[39m[31m[91m[33m;[39m[31m[91mbackground-color[33m:[39m[31m[91mtransparent[33m;[39m[31m[91mborder[33m:[39m[31m[91m0[33m;[39m[31m[91mbackground[33m:[39m[31m[91m[36murl[39m[31m[91m[36m(../fonts/left-brace-grayLight.svg)[39m[31m[91m no-repeat left [36mbottom,url[39m[31m[91m[36m([39m[31m[91m[33m../fonts/right-brace-grayLight.svg[39m[31m[91m[36m)[39m[31m[91m no-repeat right bottom[33m}[39m[31m[91m[33m.form-control-sm[39m[31m[91m[33m{[39m[31m[91mheight[33m:[39m[31m[91m14px[33m;[39m[31m[91mpadding[33m:[39m[31m[91m0 0[33m;[39m[31m[91mfont-size[33m:[39m[31m[91m16px[33m;[39m[31m[91mline-height[33m:[39m[31m[91m14px[33m}[39m[31m[91m[33m.form-control-lg[39m[31m[91m[33m{[39m[31m[91mheight[33m:[39m[31m[91m14px[33m;[39m[31m[91mpadding[33m:[39m[31m[91m0 0[33m;[39m[31m[91mfont-size[33m:[39m[31m[91m16px[33m;[39m[31m[91mline-height[33m:[39m[31m[91m14px[33m}[39m[31m[91mselect.form-control[33m[[39m[31m[91mmultiple[33m][39m[31m[91m,select.form-control[33m[[39m[31m[91msize[33m][39m[31m[91m[33m{[39m[31m[91mheight[33m:[39m[31m[91mauto[33m}[39m[31m[91mtextarea.form-control[33m{[39m[31m[91mheight[33m:[39m[31m[91mauto[33m;[39m[31m[91mwidth[33m:[39m[31m[91m[36mcalc[39m[31m[91m[36m(100% - 6px)[39m[31m[91m[33m;[39m[31m[91mborder[33m:[39m[31m[91m[33m.875px[39m[31m[91m solid [35m#000[39m[31m[91m[33m;[39m[31m[91mmargin-top[33m:[39m[31m[91m7px[33m;[39m[31m[91mpadding-top[33m:[39m[31m[91m6.125px[33m;[39m[31m[91mpadding-bottom[33m:[39m[31m[91m7px[33m;[39m[31m[91mmargin-bottom[33m:[39m[31m[91m6.125px[33m;[39m[31m[91mborder-left-width[33m:[39m[31m[91m2px[33m;[39m[31m[91mborder-right-wi[39m[22m[1m[31mdth[33m:[39m[31m[91m2px[33m;[39m[31m[91mmargin-left[33m:[39m[31m[91m3.5px[33m;[39m[31m[91mpadding-left[33m:[39m[31m[91m2.5px[33m;[39m[31m[91mpadding-right[33m:[39m[31m[91m3.5px[33m;[39m[31m[91mmargin-right[33m:[39m[31m[91m2.5px[33m;[39m[31m[91mbox-shadow[33m:[39m[31m[91minset 0 -3.5px 0 3px [35m#bbb,inset[39m[31m[91m 0 3.5px 0 3px [35m#bbb,-3.5px[39m[31m[91m -7px 0 0 [35m#bbb,2.5px[39m[31m[91m 6.125px 0 0 [35m#bbb,-3.5px[39m[31m[91m 6.125px 0 0 [35m#bbb,2.5px[39m[31m[91m -7px 0 0 [35m#bbb[39m[31m[91m[33m}[39m[31m[91minput.form-control[33m{[39m[31m[91mbackground[33m:[39m[31m[91m[36murl[39m[31m[91m[36m(../fonts/left-brace-black.svg)[39m[31m[91m no-repeat left [36mbottom,url[39m[31m[91m[36m([39m[31m[91m[33m../fonts/right-brace-black.svg[39m[31m[91m[36m)[39m[31m[91m no-repeat right bottom,[35m#bbb[39m[31m[91m[33m;[39m[31m[91mcolor[33m:[39m[31m[91m[35m#000[39m[31m[91m[33m;[39m[31m[91mpadding[33m:[39m[31m[91m0 8px[33m}[39m[31m[91m[33m.form-group[39m[31m[91m[33m{[39m[31m[91mmargin-bottom[33m:[39m[31m[91m0[33m}[39m[31m[91m[33m.form-text[39m[31m[91m[33m{[39m[31m[91mdisplay[33m:[39m[31m[91mblock[33m;[39m[31m[91mmargin-top[33m:[39m[31m[91m0[33m}[39m[31m[91m[33m.form-row[39m[31m[91m[33m{[39m[31m[91mdisplay[33m:[39m[31m[91m-ms-flexbox[33m;[39m[31m[91mdisplay[33m:[39m[31m[91mflex[33m;[39m[31m[91m-ms-flex-wrap[33m:[39m[31m[91mwrap[33m;[39m[31m[91mflex-wrap[33m:[39m[31m[91mwrap[33m;[39m[31m[91mmargin-right[33m:[39m[31m[91m-5px[33m;[39m[31m[91mmargin-left[33m:[39m[31m[91m-5px[33m}[39m[31m[91m[33m.form-row>.col,.form-row>[39m[31m[91m[33m[[39m[31m[91mclass*=col-[33m][39m[31m[91m[33m{[39m[31m[91mpadding-right[33m:[39m[31m[91m5px[33m;[39m[31m[91mpadding-left[33m:[39m[31m[91m5px[33m}[39m[31m[91m[33m.form-check[39m[31m[91m[33m{[39m[31m[91mposition[33m:[39m[31m[91mrelative[33m;[39m[31m[91mdisplay[33m:[39m[31m[91mblock[33m;[39m[31m[91mpadding-left[33m:[39m[31m[91m16px[33m}[39m[31m[91m[33m.form-check-input[39m[31m[91m[33m{[39m[31m[91mposition[33m:[39m[31m[91mabsolute[33m;[39m[31m[91mmargin-top[33m:[39m[31m[91m2px[33m;[39m[31m[91mmargin-left[33m:[39m[31m[91m-16px[33m}[[39m[22m[1m[31m39m[91m[33m.form-check-input[39m[31m[91m[33m:[39m[31m[91mdisabled~.form-check-label,.form-check-input[33m[[39m[31m[91mdisabled[33m][39m[31m[91m~.form-check-label[33m{[39m[31m[91mcolor[33m:[39m[31m[91m[35m#555[39m[31m[91m[33m}[39m[31m[91m[33m.form-check-label[39m[31m[91m[33m{[39m[31m[91mmargin-bottom[33m:[39m[31m[91m0[33m}[39m[31m[91m[33m.form-check-inline[39m[31m[91m[33m{[39m[31m[91mdisplay[33m:[39m[31m[91m-ms-inline-flexbox[33m;[39m[31m[91mdisplay[33m:[39m[31m[91minline-flex[33m;[39m[31m[91m-ms-flex-align[33m:[39m[31m[91mcenter[33m;[39m[31m[91malign-items[33m:[39m[31m[91mcenter[33m;[39m[31m[91mpadding-left[33m:[39m[31m[91m0[33m;[39m[31m[91mmargin-right[33m:[39m[31m[91m0[33m}[39m[31m[91m[33m.form-check-inline[39m[31m[91m [33m.form-check-input[39m[31m[91m[33m{[39m[31m[91mposition[33m:[39m[31m[91mstatic[33m;[39m[31m[91mmargin-top[33m:[39m[31m[91m0[33m;[39m[31m[91mmargin-right[33m:[39m[31m[91m0[33m;[39m[31m[91mmargin-left[33m:[39m[31m[91m0[33m}[39m[31m[91m[33m.valid-feedback[39m[31m[91m[33m{[39m[31m[91mdisplay[33m:[39m[31m[91mnone[33m;[39m[31m[91mwidth[33m:[39m[31m[91m100%[33m;[39m[31m[91mmargin-top[33m:[39m[31m[91m0[33m;[39m[31m[91mfont-size[33m:[39m[31m[91m16px[33m;[39m[31m[91mcolor[33m:[39m[31m[91m[35m#0a0[39m[31m[91m[33m}[39m[31m[91m[33m.valid-tooltip[39m[31m[91m[33m{[39m[31m[91mposition[33m:[39m[31m[91mabsolute[33m;[39m[31m[91mtop[33m:[39m[31m[91m100%[33m;[39m[31m[91mz-index[33m:[39m[31m[91m5[33m;[39m[31m[91mdisplay[33m:[39m[31m[91mnone[33m;[39m[31m[91mmax-width[33m:[39m[31m[91m100%[33m;[39m[31m[91mpadding[33m:[39m[31m[91m0 8px[33m;[39m[31m[91mfont-size[33m:[39m[31m[91m16px[33m;[39m[31m[91mline-height[33m:[39m[31m[91m14px[33m;[39m[31m[91mcolor[33m:[39m[31m[91m[35m#fff[39m[31m[91m[33m;[39m[31m[91mbackground-color[33m:[39m[31m[91m[35m#bbb[39m[31m[91m[33m}[39m[31m[91m[33m.is-valid~.valid-feedback,.is-valid~.valid-tooltip,.was-validated[39m[31m[91m [33m:[39m[31m[91mvalid~.valid-feedback,.was-validated [33m:[39m[31m[91mvalid~.valid-tooltip[33m{[39m[31m[91mdisplay[33m:[39m[31m[91mblock[33m}[39m[31m[91m[33m.form-control.is-valid,.was-validated[39[39m[22m[1m[31mm[91m [33m.form-control[39m[31m[91m[33m:[39m[31m[91mvalid[33m{[39m[31m[91mborder-color[33m:[39m[31m[91m[35m#0a0[39m[31m[91m[33m}[39m[31m[91m[33m.form-control.is-valid[39m[31m[91m[33m:[39m[31m[91mfocus,.was-validated [33m.form-control[39m[31m[91m[33m:[39m[31m[91mvalid[33m:[39m[31m[91mfocus[33m{[39m[31m[91mborder-color[33m:[39m[31m[91m[35m#0a0[39m[31m[91m[33m;[39m[31m[91mbox-shadow[33m:[39m[31m[91m0[33m}[39m[31m[91m[33m.custom-select.is-valid,.was-validated[39m[31m[91m [33m.custom-select[39m[31m[91m[33m:[39m[31m[91mvalid[33m{[39m[31m[91mborder-color[33m:[39m[31m[91m[35m#0a0[39m[31m[91m[33m}[39m[31m[91m[33m.custom-select.is-valid[39m[31m[91m[33m:[39m[31m[91mfocus,.was-validated [33m.custom-select[39m[31m[91m[33m:[39m[31m[91mvalid[33m:[39m[31m[91mfocus[33m{[39m[31m[91mborder-color[33m:[39m[31m[91m[35m#0a0[39m[31m[91m[33m;[39m[31m[91mbox-shadow[33m:[39m[31m[91m0[33m}[39m[31m[91m[33m.form-check-input.is-valid~.form-check-label,.was-validated[39m[31m[91m [33m.form-check-input[39m[31m[91m[33m:[39m[31m[91mvalid~.form-check-label[33m{[39m[31m[91mcolor[33m:[39m[31m[91m[35m#0a0[39m[31m[91m[33m}[39m[31m[91m[33m.form-check-input.is-valid~.valid-feedback,.form-check-input.is-valid~.valid-tooltip,.was-validated[39m[31m[91m [33m.form-check-input[39m[31m[91m[33m:[39m[31m[91mvalid~.valid-feedback,.was-validated [33m.form-check-input[39m[31m[91m[33m:[39m[31m[91mvalid~.valid-tooltip[33m{[39m[31m[91mdisplay[33m:[39m[31m[91mblock[33m}[39m[31m[91m[33m.custom-control-input.is-valid~.custom-control-label,.was-validated[39m[31m[91m [33m.custom-control-input[39m[31m[91m[33m:[39m[31m[91mvalid~.custom-control-label[33m{[39m[31m[91mcolor[33m:[39m[31m[91m[35m#0a0[39m[31m[91m[33m}[39m[31m[91m[33m.custom-control-input.is-valid~.custom-control-label[39m[31m[91m[33m:[39m[31m[91m[33m:[39m[31m[91mbefore,.was-validated [33m.custom-control-input[39m[31m[91m[33m:[39m[31m[91mvalid~.custom-control-label[33m:[39m[31m[91m[33m:[39m[31m[91mbefore[33m{[39m[31m[91mborder-color[33m:[39m[31m[91m[35m#0a0[39m[31m[91m[33m}[39m[31m[91m[33m.custom-control-input.is-valid[39m[31m[91m[33m:[39m[22m[1m[31m[39m[31m[91mchecked~.custom-control-label[33m:[39m[31m[91m[33m:[39m[31m[91mbefore,.was-validated [33m.custom-control-input[39m[31m[91m[33m:[39m[31m[91mvalid[33m:[39m[31m[91mchecked~.custom-control-label[33m:[39m[31m[91m[33m:[39m[31m[91mbefore[33m{[39m[31m[91mborder-color[33m:[39m[31m[91m[35m#0d0[39m[31m[91m[33m}[39m[31m[91m[33m.custom-control-input.is-valid[39m[31m[91m[33m:[39m[31m[91mfocus~.custom-control-label[33m:[39m[31m[91m[33m:[39m[31m[91mbefore,.was-validated [33m.custom-control-input[39m[31m[91m[33m:[39m[31m[91mvalid[33m:[39m[31m[91mfocus~.custom-control-label[33m:[39m[31m[91m[33m:[39m[31m[91mbefore[33m{[39m[31m[91mbox-shadow[33m:[39m[31m[91m0[33m}[39m[31m[91m[33m.custom-control-input.is-valid[39m[31m[91m[33m:[39m[31m[91mfocus[33m:[39m[31m[91m[36mnot[39m[31m[91m[36m(:checked)[39m[31m[91m~.custom-control-label[33m:[39m[31m[91m[33m:[39m[31m[91mbefore,.was-validated [33m.custom-control-input[39m[31m[91m[33m:[39m[31m[91mvalid[33m:[39m[31m[91mfocus[33m:[39m[31m[91m[36mnot[39m[31m[91m[36m(:checked)[39m[31m[91m~.custom-control-label[33m:[39m[31m[91m[33m:[39m[31m[91mbefore[33m{[39m[31m[91mborder-color[33m:[39m[31m[91m[35m#0a0[39m[31m[91m[33m}[39m[31m[91m[33m.custom-file-input.is-valid~.custom-file-label,.was-validated[39m[31m[91m [33m.custom-file-input[39m[31m[91m[33m:[39m[31m[91mvalid~.custom-file-label[33m{[39m[31m[91mborder-color[33m:[39m[31m[91m[35m#0a0[39m[31m[91m[33m}[39m[31m[91m[33m.custom-file-input.is-valid[39m[31m[91m[33m:[39m[31m[91mfocus~.custom-file-label,.was-validated [33m.custom-file-input[39m[31m[91m[33m:[39m[31m[91mvalid[33m:[39m[31m[91mfocus~.custom-file-label[33m{[39m[31m[91mborder-color[33m:[39m[31m[91m[35m#0a0[39m[31m[91m[33m;[39m[31m[91mbox-shadow[33m:[39m[31m[91m0[33m}[39m[31m[91m[33m.invalid-feedback[39m[31m[91m[33m{[39m[31m[91mdisplay[33m:[39m[31m[91mnone[33m;[39m[31m[91mwidth[33m:[39m[31m[91m100%[33m;[39m[31m[91mmargin-top[33m:[39m[31m[91m0[33m;[39m[31m[91mfont-size[33m:[39m[31m[91m16px[33m;[39m[31m[91mcolor[33m:[39m[31m[91m[35m#f55[39m[31m[91m[33m}[39m[31m[91m[33m.invalid-tooltip[39m[31m[91m[33m{[39m[31m[91mpositi[39m[22m[1m[31mon[33m:[39m[31m[91mabsolute[33m;[39m[31m[91mtop[33m:[39m[31m[91m100%[33m;[39m[31m[91mz-index[33m:[39m[31m[91m5[33m;[39m[31m[91mdisplay[33m:[39m[31m[91mnone[33m;[39m[31m[91mmax-width[33m:[39m[31m[91m100%[33m;[39m[31m[91mpadding[33m:[39m[31m[91m0 8px[33m;[39m[31m[91mfont-size[33m:[39m[31m[91m16px[33m;[39m[31m[91mline-height[33m:[39m[31m[91m14px[33m;[39m[31m[91mcolor[33m:[39m[31m[91m[35m#fff[39m[31m[91m[33m;[39m[31m[91mbackground-color[33m:[39m[31m[91m[35m#bbb[39m[31m[91m[33m}[39m[31m[91m[33m.is-invalid~.invalid-feedback,.is-invalid~.invalid-tooltip,.was-validated[39m[31m[91m [33m:[39m[31m[91minvalid~.invalid-feedback,.was-validated [33m:[39m[31m[91minvalid~.invalid-tooltip[33m{[39m[31m[91mdisplay[33m:[39m[31m[91mblock[33m}[39m[31m[91m[33m.form-control.is-invalid,.was-validated[39m[31m[91m [33m.form-control[39m[31m[91m[33m:[39m[31m[91minvalid[33m{[39m[31m[91mborder-color[33m:[39m[31m[91m[35m#f55[39m[31m[91m[33m}[39m[31m[91m[33m.form-control.is-invalid[39m[31m[91m[33m:[39m[31m[91mfocus,.was-validated [33m.form-control[39m[31m[91m[33m:[39m[31m[91minvalid[33m:[39m[31m[91mfocus[33m{[39m[31m[91mborder-color[33m:[39m[31m[91m[35m#f55[39m[31m[91m[33m;[39m[31m[91mbox-shadow[33m:[39m[31m[91m0[33m}[39m[31m[91m[33m.custom-select.is-invalid,.was-validated[39m[31m[91m [33m.custom-select[39m[31m[91m[33m:[39m[31m[91minvalid[33m{[39m[31m[91mborder-color[33m:[39m[31m[91m[35m#f55[39m[31m[91m[33m}[39m[31m[91m[33m.custom-select.is-invalid[39m[31m[91m[33m:[39m[31m[91mfocus,.was-validated [33m.custom-select[39m[31m[91m[33m:[39m[31m[91minvalid[33m:[39m[31m[91mfocus[33m{[39m[31m[91mborder-color[33m:[39m[31m[91m[35m#f55[39m[31m[91m[33m;[39m[31m[91mbox-shadow[33m:[39m[31m[91m0[33m}[39m[31m[91m[33m.form-check-input.is-invalid~.form-check-label,.was-validated[39m[31m[91m [33m.form-check-input[39m[31m[91m[33m:[39m[31m[91minvalid~.form-check-label[33m{[39m[31m[91mcolor[33m:[39m[31m[91m[35m#f55[39m[31m[91m[33m}[39m[31m[91m[33m.form-check-input.is-invalid~.invalid-feedback,.form-check-input.is-invalid~.invalid-tooltip,.was-validated[39m[31m[91m [33m.form-check-input[39m[31m[39m[22m[1m[31m[91m[33m:[39m[31m[91minvalid~.invalid-feedback,.was-validated [33m.form-check-input[39m[31m[91m[33m:[39m[31m[91minvalid~.invalid-tooltip[33m{[39m[31m[91mdisplay[33m:[39m[31m[91mblock[33m}[39m[31m[91m[33m.custom-control-input.is-invalid~.custom-control-label,.was-validated[39m[31m[91m [33m.custom-control-input[39m[31m[91m[33m:[39m[31m[91minvalid~.custom-control-label[33m{[39m[31m[91mcolor[33m:[39m[31m[91m[35m#f55[39m[31m[91m[33m}[39m[31m[91m[33m.custom-control-input.is-invalid~.custom-control-label[39m[31m[91m[33m:[39m[31m[91m[33m:[39m[31m[91mbefore,.was-validated [33m.custom-control-input[39m[31m[91m[33m:[39m[31m[91minvalid~.custom-control-label[33m:[39m[31m[91m[33m:[39m[31m[91mbefore[33m{[39m[31m[91mborder-color[33m:[39m[31m[91m[35m#f55[39m[31m[91m[33m}[39m[31m[91m[33m.custom-control-input.is-invalid[39m[31m[91m[33m:[39m[31m[91mchecked~.custom-control-label[33m:[39m[31m[91m[33m:[39m[31m[91mbefore,.was-validated [33m.custom-control-input[39m[31m[91m[33m:[39m[31m[91minvalid[33m:[39m[31m[91mchecked~.custom-control-label[33m:[39m[31m[91m[33m:[39m[31m[91mbefore[33m{[39m[31m[91mborder-color[33m:[39m[31m[91m[35m#f88[39m[31m[91m[33m}[39m[31m[91m[33m.custom-control-input.is-invalid[39m[31m[91m[33m:[39m[31m[91mfocus~.custom-control-label[33m:[39m[31m[91m[33m:[39m[31m[91mbefore,.was-validated [33m.custom-control-input[39m[31m[91m[33m:[39m[31m[91minvalid[33m:[39m[31m[91mfocus~.custom-control-label[33m:[39m[31m[91m[33m:[39m[31m[91mbefore[33m{[39m[31m[91mbox-shadow[33m:[39m[31m[91m0[33m}[39m[31m[91m[33m.custom-control-input.is-invalid[39m[31m[91m[33m:[39m[31m[91mfocus[33m:[39m[31m[91m[36mnot[39m[31m[91m[36m(:checked)[39m[31m[91m~.custom-control-label[33m:[39m[31m[91m[33m:[39m[31m[91mbefore,.was-validated [33m.custom-control-input[39m[31m[91m[33m:[39m[31m[91minvalid[33m:[39m[31m[91mfocus[33m:[39m[31m[91m[36mnot[39m[31m[91m[36m(:checked)[39m[31m[91m~.custom-control-label[33m:[39m[31m[91m[33m:[39m[31m[91mbefore[33m{[39m[31m[91mborder-color[33m:[39m[31m[91m[35m#f55[39m[31m[91m[33m}[39m[31m[91m[33m.custom-file-input.is-invalid~.custom-file-label,.w[39m[22m[1m[31mas-validated[39m[31m[91m [33m.custom-file-input[39m[31m[91m[33m:[39m[31m[91minvalid~.custom-file-label[33m{[39m[31m[91mborder-color[33m:[39m[31m[91m[35m#f55[39m[31m[91m[33m}[39m[31m[91m[33m.custom-file-input.is-invalid[39m[31m[91m[33m:[39m[31m[91mfocus~.custom-file-label,.was-validated [33m.custom-file-input[39m[31m[91m[33m:[39m[31m[91minvalid[33m:[39m[31m[91mfocus~.custom-file-label[33m{[39m[31m[91mborder-color[33m:[39m[31m[91m[35m#f55[39m[31m[91m[33m;[39m[31m[91mbox-shadow[33m:[39m[31m[91m0[33m}[39m[31m[91m[33m.form-inline[39m[31m[91m[33m{[39m[31m[91mdisplay[33m:[39m[31m[91m-ms-flexbox[33m;[39m[31m[91mdisplay[33m:[39m[31m[91mflex[33m;[39m[31m[91m-ms-flex-flow[33m:[39m[31m[91mrow wrap[33m;[39m[31m[91mflex-flow[33m:[39m[31m[91mrow wrap[33m;[39m[31m[91m-ms-flex-align[33m:[39m[31m[91mcenter[33m;[39m[31m[91malign-items[33m:[39m[31m[91mcenter[33m}[39m[31m[91m[33m.form-inline[39m[31m[91m [33m.form-check[39m[31m[91m[33m{[39m[31m[91mwidth[33m:[39m[31m[91m100%[33m}[39m[31m[91m[36m@media[39m[31m[91m[36m [39m[31m[91m[36m(min-width:576px)[39m[31m[91m[33m{[39m[31m[91m[33m.form-inline[39m[31m[91m label[33m{[39m[31m[91mdisplay[33m:[39m[31m[91m-ms-flexbox[33m;[39m[31m[91mdisplay[33m:[39m[31m[91mflex[33m;[39m[31m[91m-ms-flex-align[33m:[39m[31m[91mcenter[33m;[39m[31m[91malign-items[33m:[39m[31m[91mcenter[33m;[39m[31m[91m-ms-flex-pack[33m:[39m[31m[91mcenter[33m;[39m[31m[91mjustify-content[33m:[39m[31m[91mcenter[33m;[39m[31m[91mmargin-bottom[33m:[39m[31m[91m0[33m}[39m[31m[91m[33m.form-inline[39m[31m[91m [33m.form-group[39m[31m[91m[33m{[39m[31m[91mdisplay[33m:[39m[31m[91m-ms-flexbox[33m;[39m[31m[91mdisplay[33m:[39m[31m[91mflex[33m;[39m[31m[91m-ms-flex[33m:[39m[31m[91m0 0 auto[33m;[39m[31m[91mflex[33m:[39m[31m[91m0 0 auto[33m;[39m[31m[91m-ms-flex-flow[33m:[39m[31m[91mrow wrap[33m;[39m[31m[91mflex-flow[33m:[39m[31m[91mrow wrap[33m;[39m[31m[91m-ms-flex-align[33m:[39m[31m[91mcenter[33m;[39m[31m[91malign-items[33m:[39m[31m[91mcenter[33m;[39m[31m[91mmargin-bottom[33m:[39m[31m[91m0[33m}[39m[31m[91m[33m.form-inline[39m[31m[91m [33m.form-control[39m[31m[91m[33m{[39m[31m[91md[39m[22m[1m[31misplay[33m:[39m[31m[91minline-block[33m;[39m[31m[91mwidth[33m:[39m[31m[91mauto[33m;[39m[31m[91mvertical-align[33m:[39m[31m[91mmiddle[33m}[39m[31m[91m[33m.form-inline[39m[31m[91m [33m.form-control-plaintext[39m[31m[91m[33m{[39m[31m[91mdisplay[33m:[39m[31m[91minline-block[33m}[39m[31m[91m[33m.form-inline[39m[31m[91m [33m.custom-select,.form-inline[39m[31m[91m [33m.input-group[39m[31m[91m[33m{[39m[31m[91mwidth[33m:[39m[31m[91mauto[33m}[39m[31m[91m[33m.form-inline[39m[31m[91m [33m.form-check[39m[31m[91m[33m{[39m[31m[91mdisplay[33m:[39m[31m[91m-ms-flexbox[33m;[39m[31m[91mdisplay[33m:[39m[31m[91mflex[33m;[39m[31m[91m-ms-flex-align[33m:[39m[31m[91mcenter[33m;[39m[31m[91malign-items[33m:[39m[31m[91mcenter[33m;[39m[31m[91m-ms-flex-pack[33m:[39m[31m[91mcenter[33m;[39m[31m[91mjustify-content[33m:[39m[31m[91mcenter[33m;[39m[31m[91mwidth[33m:[39m[31m[91mauto[33m;[39m[31m[91mpadding-left[33m:[39m[31m[91m0[33m}[39m[31m[91m[33m.form-inline[39m[31m[91m [33m.form-check-input[39m[31m[91m[33m{[39m[31m[91mposition[33m:[39m[31m[91mrelative[33m;[39m[31m[91m-ms-flex-negative[33m:[39m[31m[91m0[33m;[39m[31m[91mflex-shrink[33m:[39m[31m[91m0[33m;[39m[31m[91mmargin-top[33m:[39m[31m[91m0[33m;[39m[31m[91mmargin-right[33m:[39m[31m[91m0[33m;[39m[31m[91mmargin-left[33m:[39m[31m[91m0[33m}[39m[31m[91m[33m.form-inline[39m[31m[91m [33m.custom-control[39m[31m[91m[33m{[39m[31m[91m-ms-flex-align[33m:[39m[31m[91mcenter[33m;[39m[31m[91malign-items[33m:[39m[31m[91mcenter[33m;[39m[31m[91m-ms-flex-pack[33m:[39m[31m[91mcenter[33m;[39m[31m[91mjustify-content[33m:[39m[31m[91mcenter[33m}[39m[31m[91m[33m.form-inline[39m[31m[91m [33m.custom-control-label[39m[31m[91m[33m{[39m[31m[91mmargin-bottom[33m:[39m[31m[91m0[33m}[39m[31m[91m[33m}[39m[31m[91m[33m.btn[39m[31m[91m[33m{[39m[31m[91mdisplay[33m:[39m[31m[91minline-block[33m;[39m[31m[91mcolor[33m:[39m[31m[91m[35m#000[39m[31m[91m[33m;[39m[31m[91mtext-align[33m:[39m[31m[91mleft[33m;[39m[31m[91mcursor[33m:[39m[31m[91mpointer[33m;[39m[31m[91m-webkit-user-select[33m:[39m[31m[91mnone[33m;[39m[31m[91m-moz-user-select[33m:[39m[31m[91mnone[33m;[39m[31m[91m-ms-[39m[22m[1m[31muser-select[33m:[39m[31m[91mnone[33m;[39m[31m[91muser-select[33m:[39m[31m[91mnone[33m;[39m[31m[91mbackground-color[33m:[39m[31m[91m[35m#bbb[39m[31m[91m[33m;[39m[31m[91mborder[33m:[39m[31m[91mnone[33m;[39m[31m[91mpadding[33m:[39m[31m[91m0 16px[33m}[39m[31m[91m[33m.btn.focus,.btn[39m[31m[91m[33m:[39m[31m[91mfocus[33m{[39m[31m[91moutline[33m:[39m[31m[91m0[33m}[39m[31m[91ma.btn.disabled,fieldset[33m:[39m[31m[91mdisabled a.btn[33m{[39m[31m[91mpointer-events[33m:[39m[31m[91mnone[33m}[39m[31m[91m[33m.bs-component>.btn-primary[39m[31m[91m[33m:[39m[31m[91m[36mnot[39m[31m[91m[36m(.disabled)[39m[31m[91m[33m:[39m[31m[91m[36mnot[39m[31m[91m[36m(.btn-sm)[39m[31m[91m[33m:[39m[31m[91m[36mnot[39m[31m[91m[36m(.btn-lg)[39m[31m[91m[33m:[39m[31m[91mhover[33m{[39m[31m[91mpadding-left[33m:[39m[31m[91m0[33m;[39m[31m[91mpadding-right[33m:[39m[31m[91m0[33m}[39m[31m[91m[33m.bs-component>.btn-primary[39m[31m[91m[33m:[39m[31m[91m[36mnot[39m[31m[91m[36m(.disabled)[39m[31m[91m[33m:[39m[31m[91m[36mnot[39m[31m[91m[36m(.btn-sm)[39m[31m[91m[33m:[39m[31m[91m[36mnot[39m[31m[91m[36m(.btn-lg)[39m[31m[91m[33m:[39m[31m[91mhover[33m:[39m[31m[91mbefore[33m{[39m[31m[91mcontent[33m:[39m[31m[91m[32m'\25ba\20'[39m[31m[91m[33m}[39m[31m[91m[33m.bs-component>.btn-primary[39m[31m[91m[33m:[39m[31m[91m[36mnot[39m[31m[91m[36m(.disabled)[39m[31m[91m[33m:[39m[31m[91m[36mnot[39m[31m[91m[36m(.btn-sm)[39m[31m[91m[33m:[39m[31m[91m[36mnot[39m[31m[91m[36m(.btn-lg)[39m[31m[91m[33m:[39m[31m[91mhover[33m:[39m[31m[91mafter[33m{[39m[31m[91mcontent[33m:[39m[31m[91m[32m' \25c4'[39m[31m[91m[33m}[39m[31m[91m[33m.btn-primary[39m[31m[91m[33m{[39m[31m[91mcolor[33m:[39m[31m[91m[35m#000[39m[31m[91m[33m;[39m[31m[91mborder-color[33m:[39m[31m[91m[35m#000[39m[31m[91m[33m;[39m[31m[91mbackground-color[33m:[39m[31m[91m[35m#bbb[39m[31m[91m[33m}[39m[31m[91m[33m.btn-primary[39m[31m[91m[33m:[39m[31m[91mhover[33m:[39m[31m[91mafter,.btn-primary[33m:[39m[31m[91mhover[33m:[39m[31m[91mbefore[33m{[39m[31m[91mcolor[33m:[39m[31m[91m[35m#fff[39m[31m[91m[33m}[39m[31m[91m[33m.btn-primary[39m[31m[91m[33m:[39m[31m[91mhover[33m{[39m[31m[91mcolor[33m:[3[39m[22m[1m[31m9m[91m[35m#fff[39m[31m[91m[33m;[39m[31m[91mborder-color[33m:[39m[31m[91m[35m#fff[39m[31m[91m[33m}[39m[31m[91m[33m.btn-primary.focus,.btn-primary[39m[31m[91m[33m:[39m[31m[91mfocus[33m{[39m[31m[91mborder-color[33m:[39m[31m[91m[35m#fff[39m[31m[91m[33m}[39m[31m[91m[33m.btn-primary.disabled,.btn-primary[39m[31m[91m[33m:[39m[31m[91mdisabled[33m{[39m[31m[91mcolor[33m:[39m[31m[91m[35m#555[39m[31m[91m[33m;[39m[31m[91mbackground-color[33m:[39m[31m[91m[35m#bbb[39m[31m[91m[33m;[39m[31m[91mborder-color[33m:[39m[31m[91m[35m#bbb[39m[31m[91m[33m}[39m[31m[91m[33m.btn-primary[39m[31m[91m[33m:[39m[31m[91m[36mnot[39m[31m[91m[36m(:disabled)[39m[31m[91m[33m:[39m[31m[91m[36mnot[39m[31m[91m[36m(.disabled)[39m[31m[91m[33m.active,.btn-primary[39m[31m[91m[33m:[39m[31m[91m[36mnot[39m[31m[91m[36m(:disabled)[39m[31m[91m[33m:[39m[31m[91m[36mnot[39m[31m[91m[36m(.disabled)[39m[31m[91m[33m:[39m[31m[91mactive,.show>.btn-primary.dropdown-toggle[33m{[39m[31m[91mcolor[33m:[39m[31m[91m[35m#bbb[39m[31m[91m[33m;[39m[31m[91mbackground-color[33m:[39m[31m[91m[35m#000[39m[31m[91m[33m}[39m[31m[91m[33m.btn-group-lg>.btn-primary.btn,.btn-primary.btn-lg[39m[31m[91m[33m{[39m[31m[91mbackground-color[33m:[39m[31m[91m[35m#bbb[39m[31m[91m[33m;[39m[31m[91mborder[33m:[39m[31m[91m[33m.875px[39m[31m[91m solid [35m#000[39m[31m[91m[33m;[39m[31m[91mmargin-top[33m:[39m[31m[91m7px[33m;[39m[31m[91mpadding-top[33m:[39m[31m[91m6.125px[33m;[39m[31m[91mpadding-bottom[33m:[39m[31m[91m7px[33m;[39m[31m[91mmargin-bottom[33m:[39m[31m[91m6.125px[33m;[39m[31m[91mborder-left-width[33m:[39m[31m[91m2px[33m;[39m[31m[91mborder-right-width[33m:[39m[31m[91m2px[33m;[39m[31m[91mmargin-left[33m:[39m[31m[91m3.5px[33m;[39m[31m[91mpadding-left[33m:[39m[31m[91m10.5px[33m;[39m[31m[91mpadding-right[33m:[39m[31m[91m11.5px[33m;[39m[31m[91mmargin-right[33m:[39m[31m[91m2.5px[33m;[39m[31m[91mbox-shadow[33m:[39m[31m[91m-3.5px -7px 0 0 [35m#bbb,2.5px[39m[31m[91m 6.125px 0 0 [35m#bbb,-3.5px[39m[31m[91m 6.125px 0 0 [35m#bbb,2.5px[39m[31m[91m -7px 0 0 [35m#bbb[39m[31m[91m[33m;[39m[31m[91m-webkit-filter[33m:[39m[31m[91m[36mdrop-shadow[39m[31m[91[39m[22m[1m[31mm[36m(7px 8px 0 #000)[39m[31m[91m[33m;[39m[31m[91mfilter[33m:[39m[31m[91m[36mdrop-shadow[39m[31m[91m[36m(7px 8px 0 #000)[39m[31m[91m[33m;[39m[31m[91mmargin-right[33m:[39m[31m[91m10.5px[33m;[39m[31m[91mmargin-bottom[33m:[39m[31m[91m20px[33m}[39m[31m[91m[33m.btn-group-lg>.btn-primary.btn[39m[31m[91m[33m:[39m[31m[91mhover,.btn-primary.btn-lg[33m:[39m[31m[91mhover[33m{[39m[31m[91mbox-shadow[33m:[39m[31m[91m-3.5px -7px 0 0 [35m#555,2.5px[39m[31m[91m 6.125px 0 0 [35m#555,-3.5px[39m[31m[91m 6.125px 0 0 [35m#555,2.5px[39m[31m[91m -7px 0 0 [35m#555[39m[31m[91m[33m;[39m[31m[91mcolor[33m:[39m[31m[91m[35m#fff[39m[31m[91m[33m;[39m[31m[91mborder-color[33m:[39m[31m[91m[35m#fff[39m[31m[91m[33m;[39m[31m[91mbackground-color[33m:[39m[31m[91m[35m#555[39m[31m[91m[33m}[39m[31m[91m[33m.btn-group-lg.show>.btn-primary.dropdown-toggle.btn,.btn-group-lg>.btn-primary.btn[39m[31m[91m[33m:[39m[31m[91m[36mnot[39m[31m[91m[36m(:disabled)[39m[31m[91m[33m:[39m[31m[91m[36mnot[39m[31m[91m[36m(.disabled)[39m[31m[91m[33m.active,.btn-group-lg>.btn-primary.btn[39m[31m[91m[33m:[39m[31m[91m[36mnot[39m[31m[91m[36m(:disabled)[39m[31m[91m[33m:[39m[31m[91m[36mnot[39m[31m[91m[36m(.disabled)[39m[31m[91m[33m:[39m[31m[91mactive,.btn-primary.btn-lg[33m:[39m[31m[91m[36mnot[39m[31m[91m[36m(:disabled)[39m[31m[91m[33m:[39m[31m[91m[36mnot[39m[31m[91m[36m(.disabled)[39m[31m[91m[33m.active,.btn-primary.btn-lg[39m[31m[91m[33m:[39m[31m[91m[36mnot[39m[31m[91m[36m(:disabled)[39m[31m[91m[33m:[39m[31m[91m[36mnot[39m[31m[91m[36m(.disabled)[39m[31m[91m[33m:[39m[31m[91mactive,.show>.btn-primary.btn-lg.dropdown-toggle[33m{[39m[31m[91mbox-shadow[33m:[39m[31m[91m-3.5px -7px 0 0 [35m#555,2.5px[39m[31m[91m 6.125px 0 0 [35m#555,-3.5px[39m[31m[91m 6.125px 0 0 [35m#555,2.5px[39m[31m[91m -7px 0 0 [35m#555[39m[31m[91m[33m;[39m[31m[91mcolor[33m:[39m[31m[91m[35m#fff[39m[31m[91m[33m;[39m[31m[91mborder-color[33m:[39m[31m[91m[35m#fff[39m[31m[91m[33m;[39m[31m[91mbackground-color[33m:[39m[31m[91m[35m#555[39m[31m[91m[33m;[39m[31m[91m-webkit-filter[33m:[39m[31m[91mnone[33m;[39m[31m[91mfilter[33m:[39m[31m[91mnone[33m;[39m[31m[91[39m[22m[1m[31mmfilter[33m:[39m[31m[91mnone[33m;[39m[31m[91mposition[33m:[39m[31m[91mrelative[33m;[39m[31m[91mtop[33m:[39m[31m[91m14px[33m;[39m[31m[91mleft[33m:[39m[31m[91m8px[33m}[39m[31m[91m[33m.bs-component>.btn-secondary[39m[31m[91m[33m:[39m[31m[91m[36mnot[39m[31m[91m[36m(.disabled)[39m[31m[91m[33m:[39m[31m[91m[36mnot[39m[31m[91m[36m(.btn-sm)[39m[31m[91m[33m:[39m[31m[91m[36mnot[39m[31m[91m[36m(.btn-lg)[39m[31m[91m[33m:[39m[31m[91mhover[33m{[39m[31m[91mpadding-left[33m:[39m[31m[91m0[33m;[39m[31m[91mpadding-right[33m:[39m[31m[91m0[33m}[39m[31m[91m[33m.bs-component>.btn-secondary[39m[31m[91m[33m:[39m[31m[91m[36mnot[39m[31m[91m[36m(.disabled)[39m[31m[91m[33m:[39m[31m[91m[36mnot[39m[31m[91m[36m(.btn-sm)[39m[31m[91m[33m:[39m[31m[91m[36mnot[39m[31m[91m[36m(.btn-lg)[39m[31m[91m[33m:[39m[31m[91mhover[33m:[39m[31m[91mbefore[33m{[39m[31m[91mcontent[33m:[39m[31m[91m[32m'\25ba\20'[39m[31m[91m[33m}[39m[31m[91m[33m.bs-component>.btn-secondary[39m[31m[91m[33m:[39m[31m[91m[36mnot[39m[31m[91m[36m(.disabled)[39m[31m[91m[33m:[39m[31m[91m[36mnot[39m[31m[91m[36m(.btn-sm)[39m[31m[91m[33m:[39m[31m[91m[36mnot[39m[31m[91m[36m(.btn-lg)[39m[31m[91m[33m:[39m[31m[91mhover[33m:[39m[31m[91mafter[33m{[39m[31m[91mcontent[33m:[39m[31m[91m[32m' \25c4'[39m[31m[91m[33m}[39m[31m[91m[33m.btn-secondary[39m[31m[91m[33m{[39m[31m[91mcolor[33m:[39m[31m[91m[35m#000[39m[31m[91m[33m;[39m[31m[91mborder-color[33m:[39m[31m[91m[35m#000[39m[31m[91m[33m;[39m[31m[91mbackground-color[33m:[39m[31m[91m[35m#bbb[39m[31m[91m[33m}[39m[31m[91m[33m.btn-secondary[39m[31m[91m[33m:[39m[31m[91mhover[33m:[39m[31m[91mafter,.btn-secondary[33m:[39m[31m[91mhover[33m:[39m[31m[91mbefore[33m{[39m[31m[91mcolor[33m:[39m[31m[91m[35m#fff[39m[31m[91m[33m}[39m[31m[91m[33m.btn-secondary[39m[31m[91m[33m:[39m[31m[91mhover[33m{[39m[31m[91mcolor[33m:[39m[31m[91m[35m#fff[39m[31m[91m[33m;[39m[31m[91mborder-color[33m:[39m[31m[91m[35m#fff[39m[31m[91m[33m}[39m[31m[91m[33m.btn-secondary.focus,.btn-secondary[39m[31m[91m[33m:[39m[31m[91mfocus[33m{[39m[31m[91mborder-color[33m:[39m[31m[91m[35m#fff[39m[31m[91m[33m}[39m[31m[91m[33m.btn-secondary.disabled,.btn-se[39m[22m[1m[31mcondary[39m[31m[91m[33m:[39m[31m[91mdisabled[33m{[39m[31m[91mcolor[33m:[39m[31m[91m[35m#555[39m[31m[91m[33m;[39m[31m[91mbackground-color[33m:[39m[31m[91m[35m#bbb[39m[31m[91m[33m;[39m[31m[91mborder-color[33m:[39m[31m[91m[35m#bbb[39m[31m[91m[33m}[39m[31m[91m[33m.btn-secondary[39m[31m[91m[33m:[39m[31m[91m[36mnot[39m[31m[91m[36m(:disabled)[39m[31m[91m[33m:[39m[31m[91m[36mnot[39m[31m[91m[36m(.disabled)[39m[31m[91m[33m.active,.btn-secondary[39m[31m[91m[33m:[39m[31m[91m[36mnot[39m[31m[91m[36m(:disabled)[39m[31m[91m[33m:[39m[31m[91m[36mnot[39m[31m[91m[36m(.disabled)[39m[31m[91m[33m:[39m[31m[91mactive,.show>.btn-secondary.dropdown-toggle[33m{[39m[31m[91mcolor[33m:[39m[31m[91m[35m#bbb[39m[31m[91m[33m;[39m[31m[91mbackground-color[33m:[39m[31m[91m[35m#000[39m[31m[91m[33m}[39m[31m[91m[33m.btn-group-lg>.btn-secondary.btn,.btn-secondary.btn-lg[39m[31m[91m[33m{[39m[31m[91mbackground-color[33m:[39m[31m[91m[35m#bbb[39m[31m[91m[33m;[39m[31m[91mborder[33m:[39m[31m[91m[33m.875px[39m[31m[91m solid [35m#000[39m[31m[91m[33m;[39m[31m[91mmargin-top[33m:[39m[31m[91m7px[33m;[39m[31m[91mpadding-top[33m:[39m[31m[91m6.125px[33m;[39m[31m[91mpadding-bottom[33m:[39m[31m[91m7px[33m;[39m[31m[91mmargin-bottom[33m:[39m[31m[91m6.125px[33m;[39m[31m[91mborder-left-width[33m:[39m[31m[91m2px[33m;[39m[31m[91mborder-right-width[33m:[39m[31m[91m2px[33m;[39m[31m[91mmargin-left[33m:[39m[31m[91m3.5px[33m;[39m[31m[91mpadding-left[33m:[39m[31m[91m10.5px[33m;[39m[31m[91mpadding-right[33m:[39m[31m[91m11.5px[33m;[39m[31m[91mmargin-right[33m:[39m[31m[91m2.5px[33m;[39m[31m[91mbox-shadow[33m:[39m[31m[91m-3.5px -7px 0 0 [35m#bbb,2.5px[39m[31m[91m 6.125px 0 0 [35m#bbb,-3.5px[39m[31m[91m 6.125px 0 0 [35m#bbb,2.5px[39m[31m[91m -7px 0 0 [35m#bbb[39m[31m[91m[33m;[39m[31m[91m-webkit-filter[33m:[39m[31m[91m[36mdrop-shadow[39m[31m[91m[36m(7px 8px 0 #000)[39m[31m[91m[33m;[39m[31m[91mfilter[33m:[39m[31m[91m[36mdrop-shadow[39m[31m[91m[36m(7px 8px 0 #000)[39m[31m[91m[33m;[39m[31m[91mmargin-right[33m:[39m[31m[91m10.5px[33m;[39m[31m[91mmargin-bottom[33m:[39m[31m[91m20px[33m}[39m[31m[91m[33m.btn-group-lg>.btn-seconda[39m[22m[1m[31mry.btn[39m[31m[91m[33m:[39m[31m[91mhover,.btn-secondary.btn-lg[33m:[39m[31m[91mhover[33m{[39m[31m[91mbox-shadow[33m:[39m[31m[91m-3.5px -7px 0 0 [35m#555,2.5px[39m[31m[91m 6.125px 0 0 [35m#555,-3.5px[39m[31m[91m 6.125px 0 0 [35m#555,2.5px[39m[31m[91m -7px 0 0 [35m#555[39m[31m[91m[33m;[39m[31m[91mcolor[33m:[39m[31m[91m[35m#fff[39m[31m[91m[33m;[39m[31m[91mborder-color[33m:[39m[31m[91m[35m#fff[39m[31m[91m[33m;[39m[31m[91mbackground-color[33m:[39m[31m[91m[35m#555[39m[31m[91m[33m}[39m[31m[91m[33m.btn-group-lg.show>.btn-secondary.dropdown-toggle.btn,.btn-group-lg>.btn-secondary.btn[39m[31m[91m[33m:[39m[31m[91m[36mnot[39m[31m[91m[36m(:disabled)[39m[31m[91m[33m:[39m[31m[91m[36mnot[39m[31m[91m[36m(.disabled)[39m[31m[91m[33m.active,.btn-group-lg>.btn-secondary.btn[39m[31m[91m[33m:[39m[31m[91m[36mnot[39m[31m[91m[36m(:disabled)[39m[31m[91m[33m:[39m[31m[91m[36mnot[39m[31m[91m[36m(.disabled)[39m[31m[91m[33m:[39m[31m[91mactive,.btn-secondary.btn-lg[33m:[39m[31m[91m[36mnot[39m[31m[91m[36m(:disabled)[39m[31m[91m[33m:[39m[31m[91m[36mnot[39m[31m[91m[36m(.disabled)[39m[31m[91m[33m.active,.btn-secondary.btn-lg[39m[31m[91m[33m:[39m[31m[91m[36mnot[39m[31m[91m[36m(:disabled)[39m[31m[91m[33m:[39m[31m[91m[36mnot[39m[31m[91m[36m(.disabled)[39m[31m[91m[33m:[39m[31m[91mactive,.show>.btn-secondary.btn-lg.dropdown-toggle[33m{[39m[31m[91mbox-shadow[33m:[39m[31m[91m-3.5px -7px 0 0 [35m#555,2.5px[39m[31m[91m 6.125px 0 0 [35m#555,-3.5px[39m[31m[91m 6.125px 0 0 [35m#555,2.5px[39m[31m[91m -7px 0 0 [35m#555[39m[31m[91m[33m;[39m[31m[91mcolor[33m:[39m[31m[91m[35m#fff[39m[31m[91m[33m;[39m[31m[91mborder-color[33m:[39m[31m[91m[35m#fff[39m[31m[91m[33m;[39m[31m[91mbackground-color[33m:[39m[31m[91m[35m#555[39m[31m[91m[33m;[39m[31m[91m-webkit-filter[33m:[39m[31m[91mnone[33m;[39m[31m[91mfilter[33m:[39m[31m[91mnone[33m;[39m[31m[91mfilter[33m:[39m[31m[91mnone[33m;[39m[31m[91mposition[33m:[39m[31m[91mrelative[33m;[39m[31m[91mtop[33m:[39m[31m[91m14px[33m;[39m[31m[91mleft[33m:[39m[31m[91m8px[33m}[39m[31m[91m[33m.bs-component>.btn-success[39m[31m[91m[33m:[39m[31m[91m[36mnot[39m[31m[91m[36m(.disabl[39m[22m[1m[31med)[39m[31m[91m[33m:[39m[31m[91m[36mnot[39m[31m[91m[36m(.btn-sm)[39m[31m[91m[33m:[39m[31m[91m[36mnot[39m[31m[91m[36m(.btn-lg)[39m[31m[91m[33m:[39m[31m[91mhover[33m{[39m[31m[91mpadding-left[33m:[39m[31m[91m0[33m;[39m[31m[91mpadding-right[33m:[39m[31m[91m0[33m}[39m[31m[91m[33m.bs-component>.btn-success[39m[31m[91m[33m:[39m[31m[91m[36mnot[39m[31m[91m[36m(.disabled)[39m[31m[91m[33m:[39m[31m[91m[36mnot[39m[31m[91m[36m(.btn-sm)[39m[31m[91m[33m:[39m[31m[91m[36mnot[39m[31m[91m[36m(.btn-lg)[39m[31m[91m[33m:[39m[31m[91mhover[33m:[39m[31m[91mbefore[33m{[39m[31m[91mcontent[33m:[39m[31m[91m[32m'\25ba\20'[39m[31m[91m[33m}[39m[31m[91m[33m.bs-component>.btn-success[39m[31m[91m[33m:[39m[31m[91m[36mnot[39m[31m[91m[36m(.disabled)[39m[31m[91m[33m:[39m[31m[91m[36mnot[39m[31m[91m[36m(.btn-sm)[39m[31m[91m[33m:[39m[31m[91m[36mnot[39m[31m[91m[36m(.btn-lg)[39m[31m[91m[33m:[39m[31m[91mhover[33m:[39m[31m[91mafter[33m{[39m[31m[91mcontent[33m:[39m[31m[91m[32m' \25c4'[39m[31m[91m[33m}[39m[31m[91m[33m.btn-success[39m[31m[91m[33m{[39m[31m[91mcolor[33m:[39m[31m[91m[35m#000[39m[31m[91m[33m;[39m[31m[91mborder-color[33m:[39m[31m[91m[35m#000[39m[31m[91m[33m;[39m[31m[91mbackground-color[33m:[39m[31m[91m[35m#0a0[39m[31m[91m[33m}[39m[31m[91m[33m.btn-success[39m[31m[91m[33m:[39m[31m[91mhover[33m:[39m[31m[91mafter,.btn-success[33m:[39m[31m[91mhover[33m:[39m[31m[91mbefore[33m{[39m[31m[91mcolor[33m:[39m[31m[91m[35m#5f5[39m[31m[91m[33m}[39m[31m[91m[33m.btn-success[39m[31m[91m[33m:[39m[31m[91mhover[33m{[39m[31m[91mcolor[33m:[39m[31m[91m[35m#5f5[39m[31m[91m[33m;[39m[31m[91mborder-color[33m:[39m[31m[91m[35m#fff[39m[31m[91m[33m}[39m[31m[91m[33m.btn-success.focus,.btn-success[39m[31m[91m[33m:[39m[31m[91mfocus[33m{[39m[31m[91mborder-color[33m:[39m[31m[91m[35m#fff[39m[31m[91m[33m}[39m[31m[91m[33m.btn-success.disabled,.btn-success[39m[31m[91m[33m:[39m[31m[91mdisabled[33m{[39m[31m[91mcolor[33m:[39m[31m[91m[35m#555[39m[31m[91m[33m;[39m[31m[91mbackground-color[33m:[39m[31m[91m[35m#bbb[39m[31m[91m[33m;[39m[31m[91mborder-color[33m:[39m[31m[91m[35m#0a0[39m[31m[91m[33m}[39m[31m[91m[33m.btn-success[39m[31m[91m[33m:[3[39m[22m[1m[31m9m[91m[36mnot[39m[31m[91m[36m(:disabled)[39m[31m[91m[33m:[39m[31m[91m[36mnot[39m[31m[91m[36m(.disabled)[39m[31m[91m[33m.active,.btn-success[39m[31m[91m[33m:[39m[31m[91m[36mnot[39m[31m[91m[36m(:disabled)[39m[31m[91m[33m:[39m[31m[91m[36mnot[39m[31m[91m[36m(.disabled)[39m[31m[91m[33m:[39m[31m[91mactive,.show>.btn-success.dropdown-toggle[33m{[39m[31m[91mcolor[33m:[39m[31m[91m[35m#0a0[39m[31m[91m[33m;[39m[31m[91mbackground-color[33m:[39m[31m[91m[35m#000[39m[31m[91m[33m}[39m[31m[91m[33m.btn-group-lg>.btn-success.btn,.btn-success.btn-lg[39m[31m[91m[33m{[39m[31m[91mbackground-color[33m:[39m[31m[91m[35m#0a0[39m[31m[91m[33m;[39m[31m[91mborder[33m:[39m[31m[91m[33m.875px[39m[31m[91m solid [35m#000[39m[31m[91m[33m;[39m[31m[91mmargin-top[33m:[39m[31m[91m7px[33m;[39m[31m[91mpadding-top[33m:[39m[31m[91m6.125px[33m;[39m[31m[91mpadding-bottom[33m:[39m[31m[91m7px[33m;[39m[31m[91mmargin-bottom[33m:[39m[31m[91m6.125px[33m;[39m[31m[91mborder-left-width[33m:[39m[31m[91m2px[33m;[39m[31m[91mborder-right-width[33m:[39m[31m[91m2px[33m;[39m[31m[91mmargin-left[33m:[39m[31m[91m3.5px[33m;[39m[31m[91mpadding-left[33m:[39m[31m[91m10.5px[33m;[39m[31m[91mpadding-right[33m:[39m[31m[91m11.5px[33m;[39m[31m[91mmargin-right[33m:[39m[31m[91m2.5px[33m;[39m[31m[91mbox-shadow[33m:[39m[31m[91m-3.5px -7px 0 0 [35m#0a0,2.5px[39m[31m[91m 6.125px 0 0 [35m#0a0,-3.5px[39m[31m[91m 6.125px 0 0 [35m#0a0,2.5px[39m[31m[91m -7px 0 0 [35m#0a0[39m[31m[91m[33m;[39m[31m[91m-webkit-filter[33m:[39m[31m[91m[36mdrop-shadow[39m[31m[91m[36m(7px 8px 0 #000)[39m[31m[91m[33m;[39m[31m[91mfilter[33m:[39m[31m[91m[36mdrop-shadow[39m[31m[91m[36m(7px 8px 0 #000)[39m[31m[91m[33m;[39m[31m[91mmargin-right[33m:[39m[31m[91m10.5px[33m;[39m[31m[91mmargin-bottom[33m:[39m[31m[91m20px[33m}[39m[31m[91m[33m.btn-group-lg>.btn-success.btn[39m[31m[91m[33m:[39m[31m[91mhover,.btn-success.btn-lg[33m:[39m[31m[91mhover[33m{[39m[31m[91mbox-shadow[33m:[39m[31m[91m-3.5px -7px 0 0 [35m#0a0,2.5px[39m[31m[91m 6.125px 0 0 [35m#0a0,-3.5px[39m[31m[91m 6.125px 0 0 [35m#0a0,2.5px[39m[31m[91m -7px 0 0 [35m#0a0[39m[31m[91m[33m;[39m[31m[91mcolor[3[39m[22m[1m[31m3m:[39m[31m[91m[35m#fff[39m[31m[91m[33m;[39m[31m[91mborder-color[33m:[39m[31m[91m[35m#fff[39m[31m[91m[33m;[39m[31m[91mbackground-color[33m:[39m[31m[91m[35m#0a0[39m[31m[91m[33m}[39m[31m[91m[33m.btn-group-lg.show>.btn-success.dropdown-toggle.btn,.btn-group-lg>.btn-success.btn[39m[31m[91m[33m:[39m[31m[91m[36mnot[39m[31m[91m[36m(:disabled)[39m[31m[91m[33m:[39m[31m[91m[36mnot[39m[31m[91m[36m(.disabled)[39m[31m[91m[33m.active,.btn-group-lg>.btn-success.btn[39m[31m[91m[33m:[39m[31m[91m[36mnot[39m[31m[91m[36m(:disabled)[39m[31m[91m[33m:[39m[31m[91m[36mnot[39m[31m[91m[36m(.disabled)[39m[31m[91m[33m:[39m[31m[91mactive,.btn-success.btn-lg[33m:[39m[31m[91m[36mnot[39m[31m[91m[36m(:disabled)[39m[31m[91m[33m:[39m[31m[91m[36mnot[39m[31m[91m[36m(.disabled)[39m[31m[91m[33m.active,.btn-success.btn-lg[39m[31m[91m[33m:[39m[31m[91m[36mnot[39m[31m[91m[36m(:disabled)[39m[31m[91m[33m:[39m[31m[91m[36mnot[39m[31m[91m[36m(.disabled)[39m[31m[91m[33m:[39m[31m[91mactive,.show>.btn-success.btn-lg.dropdown-toggle[33m{[39m[31m[91mbox-shadow[33m:[39m[31m[91m-3.5px -7px 0 0 [35m#0a0,2.5px[39m[31m[91m 6.125px 0 0 [35m#0a0,-3.5px[39m[31m[91m 6.125px 0 0 [35m#0a0,2.5px[39m[31m[91m -7px 0 0 [35m#0a0[39m[31m[91m[33m;[39m[31m[91mcolor[33m:[39m[31m[91m[35m#fff[39m[31m[91m[33m;[39m[31m[91mborder-color[33m:[39m[31m[91m[35m#fff[39m[31m[91m[33m;[39m[31m[91mbackground-color[33m:[39m[31m[91m[35m#0a0[39m[31m[91m[33m;[39m[31m[91m-webkit-filter[33m:[39m[31m[91mnone[33m;[39m[31m[91mfilter[33m:[39m[31m[91mnone[33m;[39m[31m[91mfilter[33m:[39m[31m[91mnone[33m;[39m[31m[91mposition[33m:[39m[31m[91mrelative[33m;[39m[31m[91mtop[33m:[39m[31m[91m14px[33m;[39m[31m[91mleft[33m:[39m[31m[91m8px[33m}[39m[31m[91m[33m.bs-component>.btn-info[39m[31m[91m[33m:[39m[31m[91m[36mnot[39m[31m[91m[36m(.disabled)[39m[31m[91m[33m:[39m[31m[91m[36mnot[39m[31m[91m[36m(.btn-sm)[39m[31m[91m[33m:[39m[31m[91m[36mnot[39m[31m[91m[36m(.btn-lg)[39m[31m[91m[33m:[39m[31m[91mhover[33m{[39m[31m[91mpadding-left[33m:[39m[31m[91m0[33m;[39m[31m[91mpadding-right[33m:[39m[31m[91m0[33m}[39m[31m[91m[33m.bs-component>.btn-info[39m[31m[91m[33m:[39m[31m[[39m[22m[1m[31m91m[36mnot[39m[31m[91m[36m(.disabled)[39m[31m[91m[33m:[39m[31m[91m[36mnot[39m[31m[91m[36m(.btn-sm)[39m[31m[91m[33m:[39m[31m[91m[36mnot[39m[31m[91m[36m(.btn-lg)[39m[31m[91m[33m:[39m[31m[91mhover[33m:[39m[31m[91mbefore[33m{[39m[31m[91mcontent[33m:[39m[31m[91m[32m'\25ba\20'[39m[31m[91m[33m}[39m[31m[91m[33m.bs-component>.btn-info[39m[31m[91m[33m:[39m[31m[91m[36mnot[39m[31m[91m[36m(.disabled)[39m[31m[91m[33m:[39m[31m[91m[36mnot[39m[31m[91m[36m(.btn-sm)[39m[31m[91m[33m:[39m[31m[91m[36mnot[39m[31m[91m[36m(.btn-lg)[39m[31m[91m[33m:[39m[31m[91mhover[33m:[39m[31m[91mafter[33m{[39m[31m[91mcontent[33m:[39m[31m[91m[32m' \25c4'[39m[31m[91m[33m}[39m[31m[91m[33m.btn-info[39m[31m[91m[33m{[39m[31m[91mcolor[33m:[39m[31m[91m[35m#000[39m[31m[91m[33m;[39m[31m[91mborder-color[33m:[39m[31m[91m[35m#000[39m[31m[91m[33m;[39m[31m[91mbackground-color[33m:[39m[31m[91m[35m#0aa[39m[31m[91m[33m}[39m[31m[91m[33m.btn-info[39m[31m[91m[33m:[39m[31m[91mhover[33m:[39m[31m[91mafter,.btn-info[33m:[39m[31m[91mhover[33m:[39m[31m[91mbefore[33m{[39m[31m[91mcolor[33m:[39m[31m[91m[35m#5ff[39m[31m[91m[33m}[39m[31m[91m[33m.btn-info[39m[31m[91m[33m:[39m[31m[91mhover[33m{[39m[31m[91mcolor[33m:[39m[31m[91m[35m#5ff[39m[31m[91m[33m;[39m[31m[91mborder-color[33m:[39m[31m[91m[35m#fff[39m[31m[91m[33m}[39m[31m[91m[33m.btn-info.focus,.btn-info[39m[31m[91m[33m:[39m[31m[91mfocus[33m{[39m[31m[91mborder-color[33m:[39m[31m[91m[35m#fff[39m[31m[91m[33m}[39m[31m[91m[33m.btn-info.disabled,.btn-info[39m[31m[91m[33m:[39m[31m[91mdisabled[33m{[39m[31m[91mcolor[33m:[39m[31m[91m[35m#555[39m[31m[91m[33m;[39m[31m[91mbackground-color[33m:[39m[31m[91m[35m#bbb[39m[31m[91m[33m;[39m[31m[91mborder-color[33m:[39m[31m[91m[35m#0aa[39m[31m[91m[33m}[39m[31m[91m[33m.btn-info[39m[31m[91m[33m:[39m[31m[91m[36mnot[39m[31m[91m[36m(:disabled)[39m[31m[91m[33m:[39m[31m[91m[36mnot[39m[31m[91m[36m(.disabled)[39m[31m[91m[33m.active,.btn-info[39m[31m[91m[33m:[39m[31m[91m[36mnot[39m[31m[91m[36m(:disabled)[39m[31m[91m[33m:[39m[31m[91m[36mnot[39m[31m[91m[36m(.disabled)[39m[31m[91m[33m:[39m[31m[91mactive,.show>.btn-info.dropdown-toggle[33m{[39m[31m[91mcolor[3[39m[22m[1m[31m3m:[39m[31m[91m[35m#0aa[39m[31m[91m[33m;[39m[31m[91mbackground-color[33m:[39m[31m[91m[35m#000[39m[31m[91m[33m}[39m[31m[91m[33m.btn-group-lg>.btn-info.btn,.btn-info.btn-lg[39m[31m[91m[33m{[39m[31m[91mbackground-color[33m:[39m[31m[91m[35m#0aa[39m[31m[91m[33m;[39m[31m[91mborder[33m:[39m[31m[91m[33m.875px[39m[31m[91m solid [35m#000[39m[31m[91m[33m;[39m[31m[91mmargin-top[33m:[39m[31m[91m7px[33m;[39m[31m[91mpadding-top[33m:[39m[31m[91m6.125px[33m;[39m[31m[91mpadding-bottom[33m:[39m[31m[91m7px[33m;[39m[31m[91mmargin-bottom[33m:[39m[31m[91m6.125px[33m;[39m[31m[91mborder-left-width[33m:[39m[31m[91m2px[33m;[39m[31m[91mborder-right-width[33m:[39m[31m[91m2px[33m;[39m[31m[91mmargin-left[33m:[39m[31m[91m3.5px[33m;[39m[31m[91mpadding-left[33m:[39m[31m[91m10.5px[33m;[39m[31m[91mpadding-right[33m:[39m[31m[91m11.5px[33m;[39m[31m[91mmargin-right[33m:[39m[31m[91m2.5px[33m;[39m[31m[91mbox-shadow[33m:[39m[31m[91m-3.5px -7px 0 0 [35m#0aa,2.5px[39m[31m[91m 6.125px 0 0 [35m#0aa,-3.5px[39m[31m[91m 6.125px 0 0 [35m#0aa,2.5px[39m[31m[91m -7px 0 0 [35m#0aa[39m[31m[91m[33m;[39m[31m[91m-webkit-filter[33m:[39m[31m[91m[36mdrop-shadow[39m[31m[91m[36m(7px 8px 0 #000)[39m[31m[91m[33m;[39m[31m[91mfilter[33m:[39m[31m[91m[36mdrop-shadow[39m[31m[91m[36m(7px 8px 0 #000)[39m[31m[91m[33m;[39m[31m[91mmargin-right[33m:[39m[31m[91m10.5px[33m;[39m[31m[91mmargin-bottom[33m:[39m[31m[91m20px[33m}[39m[31m[91m[33m.btn-group-lg>.btn-info.btn[39m[31m[91m[33m:[39m[31m[91mhover,.btn-info.btn-lg[33m:[39m[31m[91mhover[33m{[39m[31m[91mbox-shadow[33m:[39m[31m[91m-3.5px -7px 0 0 [35m#0aa,2.5px[39m[31m[91m 6.125px 0 0 [35m#0aa,-3.5px[39m[31m[91m 6.125px 0 0 [35m#0aa,2.5px[39m[31m[91m -7px 0 0 [35m#0aa[39m[31m[91m[33m;[39m[31m[91mcolor[33m:[39m[31m[91m[35m#fff[39m[31m[91m[33m;[39m[31m[91mborder-color[33m:[39m[31m[91m[35m#fff[39m[31m[91m[33m;[39m[31m[91mbackground-color[33m:[39m[31m[91m[35m#0aa[39m[31m[91m[33m}[39m[31m[91m[33m.btn-group-lg.show>.btn-info.dropdown-toggle.btn,.btn-group-lg>.btn-info.btn[39m[31m[91m[33m:[39m[31m[91m[36mnot[39m[31m[91m[36m(:disabled)[39m[31m[91m[33m:[39m[31m[91m[36mnot[39m[31m[39m[22m[1m[31m[91m[36m(.disabled)[39m[31m[91m[33m.active,.btn-group-lg>.btn-info.btn[39m[31m[91m[33m:[39m[31m[91m[36mnot[39m[31m[91m[36m(:disabled)[39m[31m[91m[33m:[39m[31m[91m[36mnot[39m[31m[91m[36m(.disabled)[39m[31m[91m[33m:[39m[31m[91mactive,.btn-info.btn-lg[33m:[39m[31m[91m[36mnot[39m[31m[91m[36m(:disabled)[39m[31m[91m[33m:[39m[31m[91m[36mnot[39m[31m[91m[36m(.disabled)[39m[31m[91m[33m.active,.btn-info.btn-lg[39m[31m[91m[33m:[39m[31m[91m[36mnot[39m[31m[91m[36m(:disabled)[39m[31m[91m[33m:[39m[31m[91m[36mnot[39m[31m[91m[36m(.disabled)[39m[31m[91m[33m:[39m[31m[91mactive,.show>.btn-info.btn-lg.dropdown-toggle[33m{[39m[31m[91mbox-shadow[33m:[39m[31m[91m-3.5px -7px 0 0 [35m#0aa,2.5px[39m[31m[91m 6.125px 0 0 [35m#0aa,-3.5px[39m[31m[91m 6.125px 0 0 [35m#0aa,2.5px[39m[31m[91m -7px 0 0 [35m#0aa[39m[31m[91m[33m;[39m[31m[91mcolor[33m:[39m[31m[91m[35m#fff[39m[31m[91m[33m;[39m[31m[91mborder-color[33m:[39m[31m[91m[35m#fff[39m[31m[91m[33m;[39m[31m[91mbackground-color[33m:[39m[31m[91m[35m#0aa[39m[31m[91m[33m;[39m[31m[91m-webkit-filter[33m:[39m[31m[91mnone[33m;[39m[31m[91mfilter[33m:[39m[31m[91mnone[33m;[39m[31m[91mfilter[33m:[39m[31m[91mnone[33m;[39m[31m[91mposition[33m:[39m[31m[91mrelative[33m;[39m[31m[91mtop[33m:[39m[31m[91m14px[33m;[39m[31m[91mleft[33m:[39m[31m[91m8px[33m}[39m[31m[91m[33m.bs-component>.btn-warning[39m[31m[91m[33m:[39m[31m[91m[36mnot[39m[31m[91m[36m(.disabled)[39m[31m[91m[33m:[39m[31m[91m[36mnot[39m[31m[91m[36m(.btn-sm)[39m[31m[91m[33m:[39m[31m[91m[36mnot[39m[31m[91m[36m(.btn-lg)[39m[31m[91m[33m:[39m[31m[91mhover[33m{[39m[31m[91mpadding-left[33m:[39m[31m[91m0[33m;[39m[31m[91mpadding-right[33m:[39m[31m[91m0[33m}[39m[31m[91m[33m.bs-component>.btn-warning[39m[31m[91m[33m:[39m[31m[91m[36mnot[39m[31m[91m[36m(.disabled)[39m[31m[91m[33m:[39m[31m[91m[36mnot[39m[31m[91m[36m(.btn-sm)[39m[31m[91m[33m:[39m[31m[91m[36mnot[39m[31m[91m[36m(.btn-lg)[39m[31m[91m[33m:[39m[31m[91mhover[33m:[39m[31m[91mbefore[33m{[39m[31m[91mcontent[33m:[39m[31m[91m[32m'\25ba\20'[39m[31m[91m[33m}[39m[31m[91m[33m.bs-component>.btn-warning[39m[31m[91m[33m:[39m[31m[91m[36mnot[39m[31m[91m[36m(.dis[39m[22m[1m[31mabled)[39m[31m[91m[33m:[39m[31m[91m[36mnot[39m[31m[91m[36m(.btn-sm)[39m[31m[91m[33m:[39m[31m[91m[36mnot[39m[31m[91m[36m(.btn-lg)[39m[31m[91m[33m:[39m[31m[91mhover[33m:[39m[31m[91mafter[33m{[39m[31m[91mcontent[33m:[39m[31m[91m[32m' \25c4'[39m[31m[91m[33m}[39m[31m[91m[33m.btn-warning[39m[31m[91m[33m{[39m[31m[91mcolor[33m:[39m[31m[91m[35m#000[39m[31m[91m[33m;[39m[31m[91mborder-color[33m:[39m[31m[91m[35m#000[39m[31m[91m[33m;[39m[31m[91mbackground-color[33m:[39m[31m[91m[35m#a50[39m[31m[91m[33m}[39m[31m[91m[33m.btn-warning[39m[31m[91m[33m:[39m[31m[91mhover[33m:[39m[31m[91mafter,.btn-warning[33m:[39m[31m[91mhover[33m:[39m[31m[91mbefore[33m{[39m[31m[91mcolor[33m:[39m[31m[91m[35m#ff5[39m[31m[91m[33m}[39m[31m[91m[33m.btn-warning[39m[31m[91m[33m:[39m[31m[91mhover[33m{[39m[31m[91mcolor[33m:[39m[31m[91m[35m#ff5[39m[31m[91m[33m;[39m[31m[91mborder-color[33m:[39m[31m[91m[35m#fff[39m[31m[91m[33m}[39m[31m[91m[33m.btn-warning.focus,.btn-warning[39m[31m[91m[33m:[39m[31m[91mfocus[33m{[39m[31m[91mborder-color[33m:[39m[31m[91m[35m#fff[39m[31m[91m[33m}[39m[31m[91m[33m.btn-warning.disabled,.btn-warning[39m[31m[91m[33m:[39m[31m[91mdisabled[33m{[39m[31m[91mcolor[33m:[39m[31m[91m[35m#555[39m[31m[91m[33m;[39m[31m[91mbackground-color[33m:[39m[31m[91m[35m#bbb[39m[31m[91m[33m;[39m[31m[91mborder-color[33m:[39m[31m[91m[35m#a50[39m[31m[91m[33m}[39m[31m[91m[33m.btn-warning[39m[31m[91m[33m:[39m[31m[91m[36mnot[39m[31m[91m[36m(:disabled)[39m[31m[91m[33m:[39m[31m[91m[36mnot[39m[31m[91m[36m(.disabled)[39m[31m[91m[33m.active,.btn-warning[39m[31m[91m[33m:[39m[31m[91m[36mnot[39m[31m[91m[36m(:disabled)[39m[31m[91m[33m:[39m[31m[91m[36mnot[39m[31m[91m[36m(.disabled)[39m[31m[91m[33m:[39m[31m[91mactive,.show>.btn-warning.dropdown-toggle[33m{[39m[31m[91mcolor[33m:[39m[31m[91m[35m#a50[39m[31m[91m[33m;[39m[31m[91mbackground-color[33m:[39m[31m[91m[35m#000[39m[31m[91m[33m}[39m[31m[91m[33m.btn-group-lg>.btn-warning.btn,.btn-warning.btn-lg[39m[31m[91m[33m{[39m[31m[91mbackground-color[33m:[39m[31m[91m[35m#a50[39m[31m[91m[33m;[39m[31m[91mborder[33m:[39m[31m[91m[33m.875px[39m[31m[91m solid [35m#000[39m[31m[91m[3[39m[22m[1m[31m3m;[39m[31m[91mmargin-top[33m:[39m[31m[91m7px[33m;[39m[31m[91mpadding-top[33m:[39m[31m[91m6.125px[33m;[39m[31m[91mpadding-bottom[33m:[39m[31m[91m7px[33m;[39m[31m[91mmargin-bottom[33m:[39m[31m[91m6.125px[33m;[39m[31m[91mborder-left-width[33m:[39m[31m[91m2px[33m;[39m[31m[91mborder-right-width[33m:[39m[31m[91m2px[33m;[39m[31m[91mmargin-left[33m:[39m[31m[91m3.5px[33m;[39m[31m[91mpadding-left[33m:[39m[31m[91m10.5px[33m;[39m[31m[91mpadding-right[33m:[39m[31m[91m11.5px[33m;[39m[31m[91mmargin-right[33m:[39m[31m[91m2.5px[33m;[39m[31m[91mbox-shadow[33m:[39m[31m[91m-3.5px -7px 0 0 [35m#a50,2.5px[39m[31m[91m 6.125px 0 0 [35m#a50,-3.5px[39m[31m[91m 6.125px 0 0 [35m#a50,2.5px[39m[31m[91m -7px 0 0 [35m#a50[39m[31m[91m[33m;[39m[31m[91m-webkit-filter[33m:[39m[31m[91m[36mdrop-shadow[39m[31m[91m[36m(7px 8px 0 #000)[39m[31m[91m[33m;[39m[31m[91mfilter[33m:[39m[31m[91m[36mdrop-shadow[39m[31m[91m[36m(7px 8px 0 #000)[39m[31m[91m[33m;[39m[31m[91mmargin-right[33m:[39m[31m[91m10.5px[33m;[39m[31m[91mmargin-bottom[33m:[39m[31m[91m20px[33m}[39m[31m[91m[33m.btn-group-lg>.btn-warning.btn[39m[31m[91m[33m:[39m[31m[91mhover,.btn-warning.btn-lg[33m:[39m[31m[91mhover[33m{[39m[31m[91mbox-shadow[33m:[39m[31m[91m-3.5px -7px 0 0 [35m#a50,2.5px[39m[31m[91m 6.125px 0 0 [35m#a50,-3.5px[39m[31m[91m 6.125px 0 0 [35m#a50,2.5px[39m[31m[91m -7px 0 0 [35m#a50[39m[31m[91m[33m;[39m[31m[91mcolor[33m:[39m[31m[91m[35m#fff[39m[31m[91m[33m;[39m[31m[91mborder-color[33m:[39m[31m[91m[35m#fff[39m[31m[91m[33m;[39m[31m[91mbackground-color[33m:[39m[31m[91m[35m#a50[39m[31m[91m[33m}[39m[31m[91m[33m.btn-group-lg.show>.btn-warning.dropdown-toggle.btn,.btn-group-lg>.btn-warning.btn[39m[31m[91m[33m:[39m[31m[91m[36mnot[39m[31m[91m[36m(:disabled)[39m[31m[91m[33m:[39m[31m[91m[36mnot[39m[31m[91m[36m(.disabled)[39m[31m[91m[33m.active,.btn-group-lg>.btn-warning.btn[39m[31m[91m[33m:[39m[31m[91m[36mnot[39m[31m[91m[36m(:disabled)[39m[31m[91m[33m:[39m[31m[91m[36mnot[39m[31m[91m[36m(.disabled)[39m[31m[91m[33m:[39m[31m[91mactive,.btn-warning.btn-lg[33m:[39m[31m[91m[36mnot[39m[31m[91m[36m(:disabled)[39m[31m[91m[33m:[39m[31m[39m[22m[1m[31m[91m[36mnot[39m[31m[91m[36m(.disabled)[39m[31m[91m[33m.active,.btn-warning.btn-lg[39m[31m[91m[33m:[39m[31m[91m[36mnot[39m[31m[91m[36m(:disabled)[39m[31m[91m[33m:[39m[31m[91m[36mnot[39m[31m[91m[36m(.disabled)[39m[31m[91m[33m:[39m[31m[91mactive,.show>.btn-warning.btn-lg.dropdown-toggle[33m{[39m[31m[91mbox-shadow[33m:[39m[31m[91m-3.5px -7px 0 0 [35m#a50,2.5px[39m[31m[91m 6.125px 0 0 [35m#a50,-3.5px[39m[31m[91m 6.125px 0 0 [35m#a50,2.5px[39m[31m[91m -7px 0 0 [35m#a50[39m[31m[91m[33m;[39m[31m[91mcolor[33m:[39m[31m[91m[35m#fff[39m[31m[91m[33m;[39m[31m[91mborder-color[33m:[39m[31m[91m[35m#fff[39m[31m[91m[33m;[39m[31m[91mbackground-color[33m:[39m[31m[91m[35m#a50[39m[31m[91m[33m;[39m[31m[91m-webkit-filter[33m:[39m[31m[91mnone[33m;[39m[31m[91mfilter[33m:[39m[31m[91mnone[33m;[39m[31m[91mfilter[33m:[39m[31m[91mnone[33m;[39m[31m[91mposition[33m:[39m[31m[91mrelative[33m;[39m[31m[91mtop[33m:[39m[31m[91m14px[33m;[39m[31m[91mleft[33m:[39m[31m[91m8px[33m}[39m[31m[91m[33m.bs-component>.btn-danger[39m[31m[91m[33m:[39m[31m[91m[36mnot[39m[31m[91m[36m(.disabled)[39m[31m[91m[33m:[39m[31m[91m[36mnot[39m[31m[91m[36m(.btn-sm)[39m[31m[91m[33m:[39m[31m[91m[36mnot[39m[31m[91m[36m(.btn-lg)[39m[31m[91m[33m:[39m[31m[91mhover[33m{[39m[31m[91mpadding-left[33m:[39m[31m[91m0[33m;[39m[31m[91mpadding-right[33m:[39m[31m[91m0[33m}[39m[31m[91m[33m.bs-component>.btn-danger[39m[31m[91m[33m:[39m[31m[91m[36mnot[39m[31m[91m[36m(.disabled)[39m[31m[91m[33m:[39m[31m[91m[36mnot[39m[31m[91m[36m(.btn-sm)[39m[31m[91m[33m:[39m[31m[91m[36mnot[39m[31m[91m[36m(.btn-lg)[39m[31m[91m[33m:[39m[31m[91mhover[33m:[39m[31m[91mbefore[33m{[39m[31m[91mcontent[33m:[39m[31m[91m[32m'\25ba\20'[39m[31m[91m[33m}[39m[31m[91m[33m.bs-component>.btn-danger[39m[31m[91m[33m:[39m[31m[91m[36mnot[39m[31m[91m[36m(.disabled)[39m[31m[91m[33m:[39m[31m[91m[36mnot[39m[31m[91m[36m(.btn-sm)[39m[31m[91m[33m:[39m[31m[91m[36mnot[39m[31m[91m[36m(.btn-lg)[39m[31m[91m[33m:[39m[31m[91mhover[33m:[39m[31m[91mafter[33m{[39m[31m[91mcontent[33m:[39m[31m[91m[32m' \25c4'[39m[31m[91m[33m}[39m[31m[91m[33m.btn-danger[39m[31m[91m[33m{[39m[31m[91mcolor[33m:[3[39m[22m[1m[31m9m[91m[35m#000[39m[31m[91m[33m;[39m[31m[91mborder-color[33m:[39m[31m[91m[35m#000[39m[31m[91m[33m;[39m[31m[91mbackground-color[33m:[39m[31m[91m[35m#a00[39m[31m[91m[33m}[39m[31m[91m[33m.btn-danger[39m[31m[91m[33m:[39m[31m[91mhover[33m:[39m[31m[91mafter,.btn-danger[33m:[39m[31m[91mhover[33m:[39m[31m[91mbefore[33m{[39m[31m[91mcolor[33m:[39m[31m[91m[35m#f55[39m[31m[91m[33m}[39m[31m[91m[33m.btn-danger[39m[31m[91m[33m:[39m[31m[91mhover[33m{[39m[31m[91mcolor[33m:[39m[31m[91m[35m#f55[39m[31m[91m[33m;[39m[31m[91mborder-color[33m:[39m[31m[91m[35m#fff[39m[31m[91m[33m}[39m[31m[91m[33m.btn-danger.focus,.btn-danger[39m[31m[91m[33m:[39m[31m[91mfocus[33m{[39m[31m[91mborder-color[33m:[39m[31m[91m[35m#fff[39m[31m[91m[33m}[39m[31m[91m[33m.btn-danger.disabled,.btn-danger[39m[31m[91m[33m:[39m[31m[91mdisabled[33m{[39m[31m[91mcolor[33m:[39m[31m[91m[35m#555[39m[31m[91m[33m;[39m[31m[91mbackground-color[33m:[39m[31m[91m[35m#bbb[39m[31m[91m[33m;[39m[31m[91mborder-color[33m:[39m[31m[91m[35m#a00[39m[31m[91m[33m}[39m[31m[91m[33m.btn-danger[39m[31m[91m[33m:[39m[31m[91m[36mnot[39m[31m[91m[36m(:disabled)[39m[31m[91m[33m:[39m[31m[91m[36mnot[39m[31m[91m[36m(.disabled)[39m[31m[91m[33m.active,.btn-danger[39m[31m[91m[33m:[39m[31m[91m[36mnot[39m[31m[91m[36m(:disabled)[39m[31m[91m[33m:[39m[31m[91m[36mnot[39m[31m[91m[36m(.disabled)[39m[31m[91m[33m:[39m[31m[91mactive,.show>.btn-danger.dropdown-toggle[33m{[39m[31m[91mcolor[33m:[39m[31m[91m[35m#a00[39m[31m[91m[33m;[39m[31m[91mbackground-color[33m:[39m[31m[91m[35m#000[39m[31m[91m[33m}[39m[31m[91m[33m.btn-danger.btn-lg,.btn-group-lg>.btn-danger.btn[39m[31m[91m[33m{[39m[31m[91mbackground-color[33m:[39m[31m[91m[35m#a00[39m[31m[91m[33m;[39m[31m[91mborder[33m:[39m[31m[91m[33m.875px[39m[31m[91m solid [35m#000[39m[31m[91m[33m;[39m[31m[91mmargin-top[33m:[39m[31m[91m7px[33m;[39m[31m[91mpadding-top[33m:[39m[31m[91m6.125px[33m;[39m[31m[91mpadding-bottom[33m:[39m[31m[91m7px[33m;[39m[31m[91mmargin-bottom[33m:[39m[31m[91m6.125px[33m;[39m[31m[91mborder-left-width[33m:[39m[31m[91m2px[33m;[39m[31m[91mborder-right-width[33m:[39m[31m[91m2px[33m;[39m[31m[91mmargin-[39m[22m[1m[31mleft[33m:[39m[31m[91m3.5px[33m;[39m[31m[91mpadding-left[33m:[39m[31m[91m10.5px[33m;[39m[31m[91mpadding-right[33m:[39m[31m[91m11.5px[33m;[39m[31m[91mmargin-right[33m:[39m[31m[91m2.5px[33m;[39m[31m[91mbox-shadow[33m:[39m[31m[91m-3.5px -7px 0 0 [35m#a00,2.5px[39m[31m[91m 6.125px 0 0 [35m#a00,-3.5px[39m[31m[91m 6.125px 0 0 [35m#a00,2.5px[39m[31m[91m -7px 0 0 [35m#a00[39m[31m[91m[33m;[39m[31m[91m-webkit-filter[33m:[39m[31m[91m[36mdrop-shadow[39m[31m[91m[36m(7px 8px 0 #000)[39m[31m[91m[33m;[39m[31m[91mfilter[33m:[39m[31m[91m[36mdrop-shadow[39m[31m[91m[36m(7px 8px 0 #000)[39m[31m[91m[33m;[39m[31m[91mmargin-right[33m:[39m[31m[91m10.5px[33m;[39m[31m[91mmargin-bottom[33m:[39m[31m[91m20px[33m}[39m[31m[91m[33m.btn-danger.btn-lg[39m[31m[91m[33m:[39m[31m[91mhover,.btn-group-lg>.btn-danger.btn[33m:[39m[31m[91mhover[33m{[39m[31m[91mbox-shadow[33m:[39m[31m[91m-3.5px -7px 0 0 [35m#a00,2.5px[39m[31m[91m 6.125px 0 0 [35m#a00,-3.5px[39m[31m[91m 6.125px 0 0 [35m#a00,2.5px[39m[31m[91m -7px 0 0 [35m#a00[39m[31m[91m[33m;[39m[31m[91mcolor[33m:[39m[31m[91m[35m#fff[39m[31m[91m[33m;[39m[31m[91mborder-color[33m:[39m[31m[91m[35m#fff[39m[31m[91m[33m;[39m[31m[91mbackground-color[33m:[39m[31m[91m[35m#a00[39m[31m[91m[33m}[39m[31m[91m[33m.btn-danger.btn-lg[39m[31m[91m[33m:[39m[31m[91m[36mnot[39m[31m[91m[36m(:disabled)[39m[31m[91m[33m:[39m[31m[91m[36mnot[39m[31m[91m[36m(.disabled)[39m[31m[91m[33m.active,.btn-danger.btn-lg[39m[31m[91m[33m:[39m[31m[91m[36mnot[39m[31m[91m[36m(:disabled)[39m[31m[91m[33m:[39m[31m[91m[36mnot[39m[31m[91m[36m(.disabled)[39m[31m[91m[33m:[39m[31m[91mactive,.btn-group-lg.show>.btn-danger.dropdown-toggle.btn,.btn-group-lg>.btn-danger.btn[33m:[39m[31m[91m[36mnot[39m[31m[91m[36m(:disabled)[39m[31m[91m[33m:[39m[31m[91m[36mnot[39m[31m[91m[36m(.disabled)[39m[31m[91m[33m.active,.btn-group-lg>.btn-danger.btn[39m[31m[91m[33m:[39m[31m[91m[36mnot[39m[31m[91m[36m(:disabled)[39m[31m[91m[33m:[39m[31m[91m[36mnot[39m[31m[91m[36m(.disabled)[39m[31m[91m[33m:[39m[31m[91mactive,.show>.btn-danger.btn-lg.dropdown-toggle[33m{[39m[31m[91mbox-shadow[33m:[39m[31m[91m-3.5px -7px 0[39m[22m[1m[31m 0 [35m#a00,2.5px[39m[31m[91m 6.125px 0 0 [35m#a00,-3.5px[39m[31m[91m 6.125px 0 0 [35m#a00,2.5px[39m[31m[91m -7px 0 0 [35m#a00[39m[31m[91m[33m;[39m[31m[91mcolor[33m:[39m[31m[91m[35m#fff[39m[31m[91m[33m;[39m[31m[91mborder-color[33m:[39m[31m[91m[35m#fff[39m[31m[91m[33m;[39m[31m[91mbackground-color[33m:[39m[31m[91m[35m#a00[39m[31m[91m[33m;[39m[31m[91m-webkit-filter[33m:[39m[31m[91mnone[33m;[39m[31m[91mfilter[33m:[39m[31m[91mnone[33m;[39m[31m[91mfilter[33m:[39m[31m[91mnone[33m;[39m[31m[91mposition[33m:[39m[31m[91mrelative[33m;[39m[31m[91mtop[33m:[39m[31m[91m14px[33m;[39m[31m[91mleft[33m:[39m[31m[91m8px[33m}[39m[31m[91m[33m.bs-component>.btn-light[39m[31m[91m[33m:[39m[31m[91m[36mnot[39m[31m[91m[36m(.disabled)[39m[31m[91m[33m:[39m[31m[91m[36mnot[39m[31m[91m[36m(.btn-sm)[39m[31m[91m[33m:[39m[31m[91m[36mnot[39m[31m[91m[36m(.btn-lg)[39m[31m[91m[33m:[39m[31m[91mhover[33m{[39m[31m[91mpadding-left[33m:[39m[31m[91m0[33m;[39m[31m[91mpadding-right[33m:[39m[31m[91m0[33m}[39m[31m[91m[33m.bs-component>.btn-light[39m[31m[91m[33m:[39m[31m[91m[36mnot[39m[31m[91m[36m(.disabled)[39m[31m[91m[33m:[39m[31m[91m[36mnot[39m[31m[91m[36m(.btn-sm)[39m[31m[91m[33m:[39m[31m[91m[36mnot[39m[31m[91m[36m(.btn-lg)[39m[31m[91m[33m:[39m[31m[91mhover[33m:[39m[31m[91mbefore[33m{[39m[31m[91mcontent[33m:[39m[31m[91m[32m'\25ba\20'[39m[31m[91m[33m}[39m[31m[91m[33m.bs-component>.btn-light[39m[31m[91m[33m:[39m[31m[91m[36mnot[39m[31m[91m[36m(.disabled)[39m[31m[91m[33m:[39m[31m[91m[36mnot[39m[31m[91m[36m(.btn-sm)[39m[31m[91m[33m:[39m[31m[91m[36mnot[39m[31m[91m[36m(.btn-lg)[39m[31m[91m[33m:[39m[31m[91mhover[33m:[39m[31m[91mafter[33m{[39m[31m[91mcontent[33m:[39m[31m[91m[32m' \25c4'[39m[31m[91m[33m}[39m[31m[91m[33m.btn-light[39m[31m[91m[33m{[39m[31m[91mcolor[33m:[39m[31m[91m[35m#000[39m[31m[91m[33m;[39m[31m[91mborder-color[33m:[39m[31m[91m[35m#000[39m[31m[91m[33m;[39m[31m[91mbackground-color[33m:[39m[31m[91m[35m#fff[39m[31m[91m[33m}[39m[31m[91m[33m.btn-light[39m[31m[91m[33m:[39m[31m[91mhover[33m{[39m[31m[91mborder-color[33m:[39m[31m[91m[35m#fff[39m[31m[91m[33m}[39m[31m[91m[33m.btn-light.focus,.btn-light[39[39m[22m[1m[31mm[91m[33m:[39m[31m[91mfocus[33m{[39m[31m[91mborder-color[33m:[39m[31m[91m[35m#fff[39m[31m[91m[33m}[39m[31m[91m[33m.btn-light.disabled,.btn-light[39m[31m[91m[33m:[39m[31m[91mdisabled[33m{[39m[31m[91mcolor[33m:[39m[31m[91m[35m#555[39m[31m[91m[33m;[39m[31m[91mbackground-color[33m:[39m[31m[91m[35m#bbb[39m[31m[91m[33m;[39m[31m[91mborder-color[33m:[39m[31m[91m[35m#fff[39m[31m[91m[33m}[39m[31m[91m[33m.btn-light[39m[31m[91m[33m:[39m[31m[91m[36mnot[39m[31m[91m[36m(:disabled)[39m[31m[91m[33m:[39m[31m[91m[36mnot[39m[31m[91m[36m(.disabled)[39m[31m[91m[33m.active,.btn-light[39m[31m[91m[33m:[39m[31m[91m[36mnot[39m[31m[91m[36m(:disabled)[39m[31m[91m[33m:[39m[31m[91m[36mnot[39m[31m[91m[36m(.disabled)[39m[31m[91m[33m:[39m[31m[91mactive,.show>.btn-light.dropdown-toggle[33m{[39m[31m[91mcolor[33m:[39m[31m[91m[35m#fff[39m[31m[91m[33m;[39m[31m[91mbackground-color[33m:[39m[31m[91m[35m#000[39m[31m[91m[33m}[39m[31m[91m[33m.btn-group-lg>.btn-light.btn,.btn-light.btn-lg[39m[31m[91m[33m{[39m[31m[91mbackground-color[33m:[39m[31m[91m[35m#fff[39m[31m[91m[33m;[39m[31m[91mborder[33m:[39m[31m[91m[33m.875px[39m[31m[91m solid [35m#000[39m[31m[91m[33m;[39m[31m[91mmargin-top[33m:[39m[31m[91m7px[33m;[39m[31m[91mpadding-top[33m:[39m[31m[91m6.125px[33m;[39m[31m[91mpadding-bottom[33m:[39m[31m[91m7px[33m;[39m[31m[91mmargin-bottom[33m:[39m[31m[91m6.125px[33m;[39m[31m[91mborder-left-width[33m:[39m[31m[91m2px[33m;[39m[31m[91mborder-right-width[33m:[39m[31m[91m2px[33m;[39m[31m[91mmargin-left[33m:[39m[31m[91m3.5px[33m;[39m[31m[91mpadding-left[33m:[39m[31m[91m10.5px[33m;[39m[31m[91mpadding-right[33m:[39m[31m[91m11.5px[33m;[39m[31m[91mmargin-right[33m:[39m[31m[91m2.5px[33m;[39m[31m[91mbox-shadow[33m:[39m[31m[91m-3.5px -7px 0 0 [35m#fff,2.5px[39m[31m[91m 6.125px 0 0 [35m#fff,-3.5px[39m[31m[91m 6.125px 0 0 [35m#fff,2.5px[39m[31m[91m -7px 0 0 [35m#fff[39m[31m[91m[33m;[39m[31m[91m-webkit-filter[33m:[39m[31m[91m[36mdrop-shadow[39m[31m[91m[36m(7px 8px 0 #000)[39m[31m[91m[33m;[39m[31m[91mfilter[33m:[39m[31m[91m[36mdrop-shadow[39m[31m[91m[36m(7px 8px 0 #000)[39m[31m[91m[33m;[39m[31m[91mmargin-right[33[39m[22m[1m[31mm:[39m[31m[91m10.5px[33m;[39m[31m[91mmargin-bottom[33m:[39m[31m[91m20px[33m}[39m[31m[91m[33m.btn-group-lg>.btn-light.btn[39m[31m[91m[33m:[39m[31m[91mhover,.btn-light.btn-lg[33m:[39m[31m[91mhover[33m{[39m[31m[91mbox-shadow[33m:[39m[31m[91m-3.5px -7px 0 0 [35m#bbb,2.5px[39m[31m[91m 6.125px 0 0 [35m#bbb,-3.5px[39m[31m[91m 6.125px 0 0 [35m#bbb,2.5px[39m[31m[91m -7px 0 0 [35m#bbb[39m[31m[91m[33m;[39m[31m[91mcolor[33m:[39m[31m[91m[35m#fff[39m[31m[91m[33m;[39m[31m[91mborder-color[33m:[39m[31m[91m[35m#fff[39m[31m[91m[33m;[39m[31m[91mbackground-color[33m:[39m[31m[91m[35m#bbb[39m[31m[91m[33m}[39m[31m[91m[33m.btn-group-lg.show>.btn-light.dropdown-toggle.btn,.btn-group-lg>.btn-light.btn[39m[31m[91m[33m:[39m[31m[91m[36mnot[39m[31m[91m[36m(:disabled)[39m[31m[91m[33m:[39m[31m[91m[36mnot[39m[31m[91m[36m(.disabled)[39m[31m[91m[33m.active,.btn-group-lg>.btn-light.btn[39m[31m[91m[33m:[39m[31m[91m[36mnot[39m[31m[91m[36m(:disabled)[39m[31m[91m[33m:[39m[31m[91m[36mnot[39m[31m[91m[36m(.disabled)[39m[31m[91m[33m:[39m[31m[91mactive,.btn-light.btn-lg[33m:[39m[31m[91m[36mnot[39m[31m[91m[36m(:disabled)[39m[31m[91m[33m:[39m[31m[91m[36mnot[39m[31m[91m[36m(.disabled)[39m[31m[91m[33m.active,.btn-light.btn-lg[39m[31m[91m[33m:[39m[31m[91m[36mnot[39m[31m[91m[36m(:disabled)[39m[31m[91m[33m:[39m[31m[91m[36mnot[39m[31m[91m[36m(.disabled)[39m[31m[91m[33m:[39m[31m[91mactive,.show>.btn-light.btn-lg.dropdown-toggle[33m{[39m[31m[91mbox-shadow[33m:[39m[31m[91m-3.5px -7px 0 0 [35m#bbb,2.5px[39m[31m[91m 6.125px 0 0 [35m#bbb,-3.5px[39m[31m[91m 6.125px 0 0 [35m#bbb,2.5px[39m[31m[91m -7px 0 0 [35m#bbb[39m[31m[91m[33m;[39m[31m[91mcolor[33m:[39m[31m[91m[35m#fff[39m[31m[91m[33m;[39m[31m[91mborder-color[33m:[39m[31m[91m[35m#fff[39m[31m[91m[33m;[39m[31m[91mbackground-color[33m:[39m[31m[91m[35m#bbb[39m[31m[91m[33m;[39m[31m[91m-webkit-filter[33m:[39m[31m[91mnone[33m;[39m[31m[91mfilter[33m:[39m[31m[91mnone[33m;[39m[31m[91mfilter[33m:[39m[31m[91mnone[33m;[39m[31m[91mposition[33m:[39m[31m[91mrelative[33m;[39m[31m[91mtop[33m:[39m[31m[91m14px[33m;[39m[31m[91mleft[33m:[39m[31m[91m8px[33m}[39m[31m[91m[33m.[39m[22m[1m[31mbs-component>.btn-dark[39m[31m[91m[33m:[39m[31m[91m[36mnot[39m[31m[91m[36m(.disabled)[39m[31m[91m[33m:[39m[31m[91m[36mnot[39m[31m[91m[36m(.btn-sm)[39m[31m[91m[33m:[39m[31m[91m[36mnot[39m[31m[91m[36m(.btn-lg)[39m[31m[91m[33m:[39m[31m[91mhover[33m{[39m[31m[91mpadding-left[33m:[39m[31m[91m0[33m;[39m[31m[91mpadding-right[33m:[39m[31m[91m0[33m}[39m[31m[91m[33m.bs-component>.btn-dark[39m[31m[91m[33m:[39m[31m[91m[36mnot[39m[31m[91m[36m(.disabled)[39m[31m[91m[33m:[39m[31m[91m[36mnot[39m[31m[91m[36m(.btn-sm)[39m[31m[91m[33m:[39m[31m[91m[36mnot[39m[31m[91m[36m(.btn-lg)[39m[31m[91m[33m:[39m[31m[91mhover[33m:[39m[31m[91mbefore[33m{[39m[31m[91mcontent[33m:[39m[31m[91m[32m'\25ba\20'[39m[31m[91m[33m}[39m[31m[91m[33m.bs-component>.btn-dark[39m[31m[91m[33m:[39m[31m[91m[36mnot[39m[31m[91m[36m(.disabled)[39m[31m[91m[33m:[39m[31m[91m[36mnot[39m[31m[91m[36m(.btn-sm)[39m[31m[91m[33m:[39m[31m[91m[36mnot[39m[31m[91m[36m(.btn-lg)[39m[31m[91m[33m:[39m[31m[91mhover[33m:[39m[31m[91mafter[33m{[39m[31m[91mcontent[33m:[39m[31m[91m[32m' \25c4'[39m[31m[91m[33m}[39m[31m[91m[33m.btn-dark[39m[31m[91m[33m{[39m[31m[91mcolor[33m:[39m[31m[91m[35m#000[39m[31m[91m[33m;[39m[31m[91mborder-color[33m:[39m[31m[91m[35m#000[39m[31m[91m[33m;[39m[31m[91mbackground-color[33m:[39m[31m[91m[35m#000[39m[31m[91m[33m}[39m[31m[91m[33m.btn-dark[39m[31m[91m[33m:[39m[31m[91mhover[33m:[39m[31m[91mafter,.btn-dark[33m:[39m[31m[91mhover[33m:[39m[31m[91mbefore[33m{[39m[31m[91mcolor[33m:[39m[31m[91m[35m#555[39m[31m[91m[33m}[39m[31m[91m[33m.btn-dark[39m[31m[91m[33m:[39m[31m[91mhover[33m{[39m[31m[91mcolor[33m:[39m[31m[91m[35m#555[39m[31m[91m[33m;[39m[31m[91mborder-color[33m:[39m[31m[91m[35m#fff[39m[31m[91m[33m}[39m[31m[91m[33m.btn-dark.focus,.btn-dark[39m[31m[91m[33m:[39m[31m[91mfocus[33m{[39m[31m[91mborder-color[33m:[39m[31m[91m[35m#fff[39m[31m[91m[33m}[39m[31m[91m[33m.btn-dark.disabled,.btn-dark[39m[31m[91m[33m:[39m[31m[91mdisabled[33m{[39m[31m[91mcolor[33m:[39m[31m[91m[35m#555[39m[31m[91m[33m;[39m[31m[91mbackground-color[33m:[39m[31m[91m[35m#bbb[39m[31m[91m[33m;[39m[31m[91mborder-color[33m:[39m[31m[91m[35m#000[39m[31m[91m[3[39m[22m[1m[31m3m}[39m[31m[91m[33m.btn-dark[39m[31m[91m[33m:[39m[31m[91m[36mnot[39m[31m[91m[36m(:disabled)[39m[31m[91m[33m:[39m[31m[91m[36mnot[39m[31m[91m[36m(.disabled)[39m[31m[91m[33m.active,.btn-dark[39m[31m[91m[33m:[39m[31m[91m[36mnot[39m[31m[91m[36m(:disabled)[39m[31m[91m[33m:[39m[31m[91m[36mnot[39m[31m[91m[36m(.disabled)[39m[31m[91m[33m:[39m[31m[91mactive,.show>.btn-dark.dropdown-toggle[33m{[39m[31m[91mcolor[33m:[39m[31m[91m[35m#000[39m[31m[91m[33m;[39m[31m[91mbackground-color[33m:[39m[31m[91m[35m#000[39m[31m[91m[33m}[39m[31m[91m[33m.btn-dark.btn-lg,.btn-group-lg>.btn-dark.btn[39m[31m[91m[33m{[39m[31m[91mbackground-color[33m:[39m[31m[91m[35m#000[39m[31m[91m[33m;[39m[31m[91mborder[33m:[39m[31m[91m[33m.875px[39m[31m[91m solid [35m#000[39m[31m[91m[33m;[39m[31m[91mmargin-top[33m:[39m[31m[91m7px[33m;[39m[31m[91mpadding-top[33m:[39m[31m[91m6.125px[33m;[39m[31m[91mpadding-bottom[33m:[39m[31m[91m7px[33m;[39m[31m[91mmargin-bottom[33m:[39m[31m[91m6.125px[33m;[39m[31m[91mborder-left-width[33m:[39m[31m[91m2px[33m;[39m[31m[91mborder-right-width[33m:[39m[31m[91m2px[33m;[39m[31m[91mmargin-left[33m:[39m[31m[91m3.5px[33m;[39m[31m[91mpadding-left[33m:[39m[31m[91m10.5px[33m;[39m[31m[91mpadding-right[33m:[39m[31m[91m11.5px[33m;[39m[31m[91mmargin-right[33m:[39m[31m[91m2.5px[33m;[39m[31m[91mbox-shadow[33m:[39m[31m[91m-3.5px -7px 0 0 [35m#000,2.5px[39m[31m[91m 6.125px 0 0 [35m#000,-3.5px[39m[31m[91m 6.125px 0 0 [35m#000,2.5px[39m[31m[91m -7px 0 0 [35m#000[39m[31m[91m[33m;[39m[31m[91m-webkit-filter[33m:[39m[31m[91m[36mdrop-shadow[39m[31m[91m[36m(7px 8px 0 #000)[39m[31m[91m[33m;[39m[31m[91mfilter[33m:[39m[31m[91m[36mdrop-shadow[39m[31m[91m[36m(7px 8px 0 #000)[39m[31m[91m[33m;[39m[31m[91mmargin-right[33m:[39m[31m[91m10.5px[33m;[39m[31m[91mmargin-bottom[33m:[39m[31m[91m20px[33m}[39m[31m[91m[33m.btn-dark.btn-lg[39m[31m[91m[33m:[39m[31m[91mhover,.btn-group-lg>.btn-dark.btn[33m:[39m[31m[91mhover[33m{[39m[31m[91mbox-shadow[33m:[39m[31m[91m-3.5px -7px 0 0 [35m#000,2.5px[39m[31m[91m 6.125px 0 0 [35m#000,-3.5px[39m[31m[91m 6.125px 0 0 [35m#000,2.5px[39m[31m[91m -7px 0 0 [35m#000[39m[31m[39m[22m[1m[31m[91m[33m;[39m[31m[91mcolor[33m:[39m[31m[91m[35m#fff[39m[31m[91m[33m;[39m[31m[91mborder-color[33m:[39m[31m[91m[35m#fff[39m[31m[91m[33m;[39m[31m[91mbackground-color[33m:[39m[31m[91m[35m#000[39m[31m[91m[33m}[39m[31m[91m[33m.btn-dark.btn-lg[39m[31m[91m[33m:[39m[31m[91m[36mnot[39m[31m[91m[36m(:disabled)[39m[31m[91m[33m:[39m[31m[91m[36mnot[39m[31m[91m[36m(.disabled)[39m[31m[91m[33m.active,.btn-dark.btn-lg[39m[31m[91m[33m:[39m[31m[91m[36mnot[39m[31m[91m[36m(:disabled)[39m[31m[91m[33m:[39m[31m[91m[36mnot[39m[31m[91m[36m(.disabled)[39m[31m[91m[33m:[39m[31m[91mactive,.btn-group-lg.show>.btn-dark.dropdown-toggle.btn,.btn-group-lg>.btn-dark.btn[33m:[39m[31m[91m[36mnot[39m[31m[91m[36m(:disabled)[39m[31m[91m[33m:[39m[31m[91m[36mnot[39m[31m[91m[36m(.disabled)[39m[31m[91m[33m.active,.btn-group-lg>.btn-dark.btn[39m[31m[91m[33m:[39m[31m[91m[36mnot[39m[31m[91m[36m(:disabled)[39m[31m[91m[33m:[39m[31m[91m[36mnot[39m[31m[91m[36m(.disabled)[39m[31m[91m[33m:[39m[31m[91mactive,.show>.btn-dark.btn-lg.dropdown-toggle[33m{[39m[31m[91mbox-shadow[33m:[39m[31m[91m-3.5px -7px 0 0 [35m#000,2.5px[39m[31m[91m 6.125px 0 0 [35m#000,-3.5px[39m[31m[91m 6.125px 0 0 [35m#000,2.5px[39m[31m[91m -7px 0 0 [35m#000[39m[31m[91m[33m;[39m[31m[91mcolor[33m:[39m[31m[91m[35m#fff[39m[31m[91m[33m;[39m[31m[91mborder-color[33m:[39m[31m[91m[35m#fff[39m[31m[91m[33m;[39m[31m[91mbackground-color[33m:[39m[31m[91m[35m#000[39m[31m[91m[33m;[39m[31m[91m-webkit-filter[33m:[39m[31m[91mnone[33m;[39m[31m[91mfilter[33m:[39m[31m[91mnone[33m;[39m[31m[91mfilter[33m:[39m[31m[91mnone[33m;[39m[31m[91mposition[33m:[39m[31m[91mrelative[33m;[39m[31m[91mtop[33m:[39m[31m[91m14px[33m;[39m[31m[91mleft[33m:[39m[31m[91m8px[33m}[39m[31m[91m[33m.btn-outline-primary[39m[31m[91m[33m{[39m[31m[91mcolor[33m:[39m[31m[91m[35m#fff[39m[31m[91m[33m;[39m[31m[91mborder-color[33m:[39m[31m[91m[35m#fff[39m[31m[91m[33m;[39m[31m[91mbackground[33m:[39m[31m[91m0 0[33m;[39m[31m[91mborder[33m:[39m[31m[91m[33m.875px[39m[31m[91m solid [35m#fff[39m[31m[91m[33m;[39m[31m[91mmargin-top[33m:[39m[31m[91m7px[33m;[39m[31m[91mpadding-top[33m:[39m[31m[91m6.125px[33[39m[22m[1m[31mm;[39m[31m[91mpadding-bottom[33m:[39m[31m[91m7px[33m;[39m[31m[91mmargin-bottom[33m:[39m[31m[91m6.125px[33m;[39m[31m[91mborder-left-width[33m:[39m[31m[91m2px[33m;[39m[31m[91mborder-right-width[33m:[39m[31m[91m2px[33m;[39m[31m[91mmargin-left[33m:[39m[31m[91m3.5px[33m;[39m[31m[91mpadding-left[33m:[39m[31m[91m10.5px[33m;[39m[31m[91mpadding-right[33m:[39m[31m[91m11.5px[33m;[39m[31m[91mmargin-right[33m:[39m[31m[91m2.5px[33m}[39m[31m[91m[33m.btn-outline-primary[39m[31m[91m[33m:[39m[31m[91mhover[33m{[39m[31m[91mborder[33m:[39m[31m[91m[33m.875px[39m[31m[91m solid [35m#555[39m[31m[91m[33m;[39m[31m[91mmargin-top[33m:[39m[31m[91m7px[33m;[39m[31m[91mpadding-top[33m:[39m[31m[91m6.125px[33m;[39m[31m[91mpadding-bottom[33m:[39m[31m[91m7px[33m;[39m[31m[91mmargin-bottom[33m:[39m[31m[91m6.125px[33m;[39m[31m[91mborder-left-width[33m:[39m[31m[91m2px[33m;[39m[31m[91mborder-right-width[33m:[39m[31m[91m2px[33m;[39m[31m[91mmargin-left[33m:[39m[31m[91m3.5px[33m;[39m[31m[91mpadding-left[33m:[39m[31m[91m10.5px[33m;[39m[31m[91mpadding-right[33m:[39m[31m[91m11.5px[33m;[39m[31m[91mmargin-right[33m:[39m[31m[91m2.5px[33m;[39m[31m[91mcolor[33m:[39m[31m[91m[35m#fff[39m[31m[91m[33m}[39m[31m[91m[33m.btn-outline-primary.disabled,.btn-outline-primary[39m[31m[91m[33m:[39m[31m[91mdisabled[33m{[39m[31m[91mcolor[33m:[39m[31m[91m[35m#bbb[39m[31m[91m[33m}[39m[31m[91m[33m.btn-outline-primary[39m[31m[91m[33m:[39m[31m[91m[36mnot[39m[31m[91m[36m(:disabled)[39m[31m[91m[33m:[39m[31m[91m[36mnot[39m[31m[91m[36m(.disabled)[39m[31m[91m[33m.active,.btn-outline-primary[39m[31m[91m[33m:[39m[31m[91m[36mnot[39m[31m[91m[36m(:disabled)[39m[31m[91m[33m:[39m[31m[91m[36mnot[39m[31m[91m[36m(.disabled)[39m[31m[91m[33m:[39m[31m[91mactive,.show>.btn-outline-primary.dropdown-toggle[33m{[39m[31m[91mcolor[33m:[39m[31m[91m[35m#fff[39m[31m[91m[33m;[39m[31m[91mborder-color[33m:[39m[31m[91m[35m#bbb[39m[31m[91m[33m}[39m[31m[91m[33m.btn-outline-secondary[39m[31m[91m[33m{[39m[31m[91mcolor[33m:[39m[31m[91m[35m#fff[39m[31m[91m[33m;[39m[31m[91mborder-color[33m:[39m[31m[91m[35m#fff[39m[31m[91m[33m;[39m[31m[91mbackground[33m:[39m[31m[39m[22m[1m[31m[91m0 0[33m;[39m[31m[91mborder[33m:[39m[31m[91m[33m.875px[39m[31m[91m solid [35m#fff[39m[31m[91m[33m;[39m[31m[91mmargin-top[33m:[39m[31m[91m7px[33m;[39m[31m[91mpadding-top[33m:[39m[31m[91m6.125px[33m;[39m[31m[91mpadding-bottom[33m:[39m[31m[91m7px[33m;[39m[31m[91mmargin-bottom[33m:[39m[31m[91m6.125px[33m;[39m[31m[91mborder-left-width[33m:[39m[31m[91m2px[33m;[39m[31m[91mborder-right-width[33m:[39m[31m[91m2px[33m;[39m[31m[91mmargin-left[33m:[39m[31m[91m3.5px[33m;[39m[31m[91mpadding-left[33m:[39m[31m[91m10.5px[33m;[39m[31m[91mpadding-right[33m:[39m[31m[91m11.5px[33m;[39m[31m[91mmargin-right[33m:[39m[31m[91m2.5px[33m}[39m[31m[91m[33m.btn-outline-secondary[39m[31m[91m[33m:[39m[31m[91mhover[33m{[39m[31m[91mborder[33m:[39m[31m[91m[33m.875px[39m[31m[91m solid [35m#555[39m[31m[91m[33m;[39m[31m[91mmargin-top[33m:[39m[31m[91m7px[33m;[39m[31m[91mpadding-top[33m:[39m[31m[91m6.125px[33m;[39m[31m[91mpadding-bottom[33m:[39m[31m[91m7px[33m;[39m[31m[91mmargin-bottom[33m:[39m[31m[91m6.125px[33m;[39m[31m[91mborder-left-width[33m:[39m[31m[91m2px[33m;[39m[31m[91mborder-right-width[33m:[39m[31m[91m2px[33m;[39m[31m[91mmargin-left[33m:[39m[31m[91m3.5px[33m;[39m[31m[91mpadding-left[33m:[39m[31m[91m10.5px[33m;[39m[31m[91mpadding-right[33m:[39m[31m[91m11.5px[33m;[39m[31m[91mmargin-right[33m:[39m[31m[91m2.5px[33m;[39m[31m[91mcolor[33m:[39m[31m[91m[35m#fff[39m[31m[91m[33m}[39m[31m[91m[33m.btn-outline-secondary.disabled,.btn-outline-secondary[39m[31m[91m[33m:[39m[31m[91mdisabled[33m{[39m[31m[91mcolor[33m:[39m[31m[91m[35m#bbb[39m[31m[91m[33m}[39m[31m[91m[33m.btn-outline-secondary[39m[31m[91m[33m:[39m[31m[91m[36mnot[39m[31m[91m[36m(:disabled)[39m[31m[91m[33m:[39m[31m[91m[36mnot[39m[31m[91m[36m(.disabled)[39m[31m[91m[33m.active,.btn-outline-secondary[39m[31m[91m[33m:[39m[31m[91m[36mnot[39m[31m[91m[36m(:disabled)[39m[31m[91m[33m:[39m[31m[91m[36mnot[39m[31m[91m[36m(.disabled)[39m[31m[91m[33m:[39m[31m[91mactive,.show>.btn-outline-secondary.dropdown-toggle[33m{[39m[31m[91mcolor[33m:[39m[31m[91m[35m#fff[39m[31m[91m[33m;[39m[31m[91mborder-color[33m:[39m[31m[91m[35m#bbb[39m[31m[91m[33m[39m[22m[1m[31m}[39m[31m[91m[33m.btn-outline-success[39m[31m[91m[33m{[39m[31m[91mcolor[33m:[39m[31m[91m[35m#5f5[39m[31m[91m[33m;[39m[31m[91mborder-color[33m:[39m[31m[91m[35m#5f5[39m[31m[91m[33m;[39m[31m[91mbackground[33m:[39m[31m[91m0 0[33m;[39m[31m[91mborder[33m:[39m[31m[91m[33m.875px[39m[31m[91m solid [35m#5f5[39m[31m[91m[33m;[39m[31m[91mmargin-top[33m:[39m[31m[91m7px[33m;[39m[31m[91mpadding-top[33m:[39m[31m[91m6.125px[33m;[39m[31m[91mpadding-bottom[33m:[39m[31m[91m7px[33m;[39m[31m[91mmargin-bottom[33m:[39m[31m[91m6.125px[33m;[39m[31m[91mborder-left-width[33m:[39m[31m[91m2px[33m;[39m[31m[91mborder-right-width[33m:[39m[31m[91m2px[33m;[39m[31m[91mmargin-left[33m:[39m[31m[91m3.5px[33m;[39m[31m[91mpadding-left[33m:[39m[31m[91m10.5px[33m;[39m[31m[91mpadding-right[33m:[39m[31m[91m11.5px[33m;[39m[31m[91mmargin-right[33m:[39m[31m[91m2.5px[33m}[39m[31m[91m[33m.btn-outline-success[39m[31m[91m[33m:[39m[31m[91mhover[33m{[39m[31m[91mborder[33m:[39m[31m[91m[33m.875px[39m[31m[91m solid [35m#0a0[39m[31m[91m[33m;[39m[31m[91mmargin-top[33m:[39m[31m[91m7px[33m;[39m[31m[91mpadding-top[33m:[39m[31m[91m6.125px[33m;[39m[31m[91mpadding-bottom[33m:[39m[31m[91m7px[33m;[39m[31m[91mmargin-bottom[33m:[39m[31m[91m6.125px[33m;[39m[31m[91mborder-left-width[33m:[39m[31m[91m2px[33m;[39m[31m[91mborder-right-width[33m:[39m[31m[91m2px[33m;[39m[31m[91mmargin-left[33m:[39m[31m[91m3.5px[33m;[39m[31m[91mpadding-left[33m:[39m[31m[91m10.5px[33m;[39m[31m[91mpadding-right[33m:[39m[31m[91m11.5px[33m;[39m[31m[91mmargin-right[33m:[39m[31m[91m2.5px[33m;[39m[31m[91mcolor[33m:[39m[31m[91m[35m#fff[39m[31m[91m[33m}[39m[31m[91m[33m.btn-outline-success.disabled,.btn-outline-success[39m[31m[91m[33m:[39m[31m[91mdisabled[33m{[39m[31m[91mcolor[33m:[39m[31m[91m[35m#0a0[39m[31m[91m[33m}[39m[31m[91m[33m.btn-outline-success[39m[31m[91m[33m:[39m[31m[91m[36mnot[39m[31m[91m[36m(:disabled)[39m[31m[91m[33m:[39m[31m[91m[36mnot[39m[31m[91m[36m(.disabled)[39m[31m[91m[33m.active,.btn-outline-success[39m[31m[91m[33m:[39m[31m[91m[36mnot[39m[31m[91m[36m(:disabled)[39m[31m[91m[33m:[39m[31m[91m[36mnot[39m[31m[91m[36m(.disabled)[39m[31m[91[39m[22m[1m[31mm[33m:[39m[31m[91mactive,.show>.btn-outline-success.dropdown-toggle[33m{[39m[31m[91mcolor[33m:[39m[31m[91m[35m#5f5[39m[31m[91m[33m;[39m[31m[91mborder-color[33m:[39m[31m[91m[35m#0a0[39m[31m[91m[33m}[39m[31m[91m[33m.btn-outline-info[39m[31m[91m[33m{[39m[31m[91mcolor[33m:[39m[31m[91m[35m#5ff[39m[31m[91m[33m;[39m[31m[91mborder-color[33m:[39m[31m[91m[35m#5ff[39m[31m[91m[33m;[39m[31m[91mbackground[33m:[39m[31m[91m0 0[33m;[39m[31m[91mborder[33m:[39m[31m[91m[33m.875px[39m[31m[91m solid [35m#5ff[39m[31m[91m[33m;[39m[31m[91mmargin-top[33m:[39m[31m[91m7px[33m;[39m[31m[91mpadding-top[33m:[39m[31m[91m6.125px[33m;[39m[31m[91mpadding-bottom[33m:[39m[31m[91m7px[33m;[39m[31m[91mmargin-bottom[33m:[39m[31m[91m6.125px[33m;[39m[31m[91mborder-left-width[33m:[39m[31m[91m2px[33m;[39m[31m[91mborder-right-width[33m:[39m[31m[91m2px[33m;[39m[31m[91mmargin-left[33m:[39m[31m[91m3.5px[33m;[39m[31m[91mpadding-left[33m:[39m[31m[91m10.5px[33m;[39m[31m[91mpadding-right[33m:[39m[31m[91m11.5px[33m;[39m[31m[91mmargin-right[33m:[39m[31m[91m2.5px[33m}[39m[31m[91m[33m.btn-outline-info[39m[31m[91m[33m:[39m[31m[91mhover[33m{[39m[31m[91mborder[33m:[39m[31m[91m[33m.875px[39m[31m[91m solid [35m#0aa[39m[31m[91m[33m;[39m[31m[91mmargin-top[33m:[39m[31m[91m7px[33m;[39m[31m[91mpadding-top[33m:[39m[31m[91m6.125px[33m;[39m[31m[91mpadding-bottom[33m:[39m[31m[91m7px[33m;[39m[31m[91mmargin-bottom[33m:[39m[31m[91m6.125px[33m;[39m[31m[91mborder-left-width[33m:[39m[31m[91m2px[33m;[39m[31m[91mborder-right-width[33m:[39m[31m[91m2px[33m;[39m[31m[91mmargin-left[33m:[39m[31m[91m3.5px[33m;[39m[31m[91mpadding-left[33m:[39m[31m[91m10.5px[33m;[39m[31m[91mpadding-right[33m:[39m[31m[91m11.5px[33m;[39m[31m[91mmargin-right[33m:[39m[31m[91m2.5px[33m;[39m[31m[91mcolor[33m:[39m[31m[91m[35m#fff[39m[31m[91m[33m}[39m[31m[91m[33m.btn-outline-info.disabled,.btn-outline-info[39m[31m[91m[33m:[39m[31m[91mdisabled[33m{[39m[31m[91mcolor[33m:[39m[31m[91m[35m#0aa[39m[31m[91m[33m}[39m[31m[91m[33m.btn-outline-info[39m[31m[91m[33m:[39m[31m[91m[36mnot[39m[31m[91m[36m(:disabled)[39m[31m[91m[33m:[39m[31m[91m[36mnot[39m[31m[91m[36m(.disabl[39m[22m[1m[31med)[39m[31m[91m[33m.active,.btn-outline-info[39m[31m[91m[33m:[39m[31m[91m[36mnot[39m[31m[91m[36m(:disabled)[39m[31m[91m[33m:[39m[31m[91m[36mnot[39m[31m[91m[36m(.disabled)[39m[31m[91m[33m:[39m[31m[91mactive,.show>.btn-outline-info.dropdown-toggle[33m{[39m[31m[91mcolor[33m:[39m[31m[91m[35m#5ff[39m[31m[91m[33m;[39m[31m[91mborder-color[33m:[39m[31m[91m[35m#0aa[39m[31m[91m[33m}[39m[31m[91m[33m.btn-outline-warning[39m[31m[91m[33m{[39m[31m[91mcolor[33m:[39m[31m[91m[35m#ff5[39m[31m[91m[33m;[39m[31m[91mborder-color[33m:[39m[31m[91m[35m#ff5[39m[31m[91m[33m;[39m[31m[91mbackground[33m:[39m[31m[91m0 0[33m;[39m[31m[91mborder[33m:[39m[31m[91m[33m.875px[39m[31m[91m solid [35m#ff5[39m[31m[91m[33m;[39m[31m[91mmargin-top[33m:[39m[31m[91m7px[33m;[39m[31m[91mpadding-top[33m:[39m[31m[91m6.125px[33m;[39m[31m[91mpadding-bottom[33m:[39m[31m[91m7px[33m;[39m[31m[91mmargin-bottom[33m:[39m[31m[91m6.125px[33m;[39m[31m[91mborder-left-width[33m:[39m[31m[91m2px[33m;[39m[31m[91mborder-right-width[33m:[39m[31m[91m2px[33m;[39m[31m[91mmargin-left[33m:[39m[31m[91m3.5px[33m;[39m[31m[91mpadding-left[33m:[39m[31m[91m10.5px[33m;[39m[31m[91mpadding-right[33m:[39m[31m[91m11.5px[33m;[39m[31m[91mmargin-right[33m:[39m[31m[91m2.5px[33m}[39m[31m[91m[33m.btn-outline-warning[39m[31m[91m[33m:[39m[31m[91mhover[33m{[39m[31m[91mborder[33m:[39m[31m[91m[33m.875px[39m[31m[91m solid [35m#a50[39m[31m[91m[33m;[39m[31m[91mmargin-top[33m:[39m[31m[91m7px[33m;[39m[31m[91mpadding-top[33m:[39m[31m[91m6.125px[33m;[39m[31m[91mpadding-bottom[33m:[39m[31m[91m7px[33m;[39m[31m[91mmargin-bottom[33m:[39m[31m[91m6.125px[33m;[39m[31m[91mborder-left-width[33m:[39m[31m[91m2px[33m;[39m[31m[91mborder-right-width[33m:[39m[31m[91m2px[33m;[39m[31m[91mmargin-left[33m:[39m[31m[91m3.5px[33m;[39m[31m[91mpadding-left[33m:[39m[31m[91m10.5px[33m;[39m[31m[91mpadding-right[33m:[39m[31m[91m11.5px[33m;[39m[31m[91mmargin-right[33m:[39m[31m[91m2.5px[33m;[39m[31m[91mcolor[33m:[39m[31m[91m[35m#fff[39m[31m[91m[33m}[39m[31m[91m[33m.btn-outline-warning.disabled,.btn-outline-warning[39m[31m[91m[33m:[39m[31m[91mdisabled[33m{[39m[31m[91mcolor[33m:[3[39m[22m[1m[31m9m[91m[35m#a50[39m[31m[91m[33m}[39m[31m[91m[33m.btn-outline-warning[39m[31m[91m[33m:[39m[31m[91m[36mnot[39m[31m[91m[36m(:disabled)[39m[31m[91m[33m:[39m[31m[91m[36mnot[39m[31m[91m[36m(.disabled)[39m[31m[91m[33m.active,.btn-outline-warning[39m[31m[91m[33m:[39m[31m[91m[36mnot[39m[31m[91m[36m(:disabled)[39m[31m[91m[33m:[39m[31m[91m[36mnot[39m[31m[91m[36m(.disabled)[39m[31m[91m[33m:[39m[31m[91mactive,.show>.btn-outline-warning.dropdown-toggle[33m{[39m[31m[91mcolor[33m:[39m[31m[91m[35m#ff5[39m[31m[91m[33m;[39m[31m[91mborder-color[33m:[39m[31m[91m[35m#a50[39m[31m[91m[33m}[39m[31m[91m[33m.btn-outline-danger[39m[31m[91m[33m{[39m[31m[91mcolor[33m:[39m[31m[91m[35m#f55[39m[31m[91m[33m;[39m[31m[91mborder-color[33m:[39m[31m[91m[35m#f55[39m[31m[91m[33m;[39m[31m[91mbackground[33m:[39m[31m[91m0 0[33m;[39m[31m[91mborder[33m:[39m[31m[91m[33m.875px[39m[31m[91m solid [35m#f55[39m[31m[91m[33m;[39m[31m[91mmargin-top[33m:[39m[31m[91m7px[33m;[39m[31m[91mpadding-top[33m:[39m[31m[91m6.125px[33m;[39m[31m[91mpadding-bottom[33m:[39m[31m[91m7px[33m;[39m[31m[91mmargin-bottom[33m:[39m[31m[91m6.125px[33m;[39m[31m[91mborder-left-width[33m:[39m[31m[91m2px[33m;[39m[31m[91mborder-right-width[33m:[39m[31m[91m2px[33m;[39m[31m[91mmargin-left[33m:[39m[31m[91m3.5px[33m;[39m[31m[91mpadding-left[33m:[39m[31m[91m10.5px[33m;[39m[31m[91mpadding-right[33m:[39m[31m[91m11.5px[33m;[39m[31m[91mmargin-right[33m:[39m[31m[91m2.5px[33m}[39m[31m[91m[33m.btn-outline-danger[39m[31m[91m[33m:[39m[31m[91mhover[33m{[39m[31m[91mborder[33m:[39m[31m[91m[33m.875px[39m[31m[91m solid [35m#a00[39m[31m[91m[33m;[39m[31m[91mmargin-top[33m:[39m[31m[91m7px[33m;[39m[31m[91mpadding-top[33m:[39m[31m[91m6.125px[33m;[39m[31m[91mpadding-bottom[33m:[39m[31m[91m7px[33m;[39m[31m[91mmargin-bottom[33m:[39m[31m[91m6.125px[33m;[39m[31m[91mborder-left-width[33m:[39m[31m[91m2px[33m;[39m[31m[91mborder-right-width[33m:[39m[31m[91m2px[33m;[39m[31m[91mmargin-left[33m:[39m[31m[91m3.5px[33m;[39m[31m[91mpadding-left[33m:[39m[31m[91m10.5px[33m;[39m[31m[91mpadding-right[33m:[39m[31m[91m11.5px[33m;[39m[31m[91mmargin-right[33m:[39m[31m[91m2.5px[3[39m[22m[1m[31m3m;[39m[31m[91mcolor[33m:[39m[31m[91m[35m#fff[39m[31m[91m[33m}[39m[31m[91m[33m.btn-outline-danger.disabled,.btn-outline-danger[39m[31m[91m[33m:[39m[31m[91mdisabled[33m{[39m[31m[91mcolor[33m:[39m[31m[91m[35m#a00[39m[31m[91m[33m}[39m[31m[91m[33m.btn-outline-danger[39m[31m[91m[33m:[39m[31m[91m[36mnot[39m[31m[91m[36m(:disabled)[39m[31m[91m[33m:[39m[31m[91m[36mnot[39m[31m[91m[36m(.disabled)[39m[31m[91m[33m.active,.btn-outline-danger[39m[31m[91m[33m:[39m[31m[91m[36mnot[39m[31m[91m[36m(:disabled)[39m[31m[91m[33m:[39m[31m[91m[36mnot[39m[31m[91m[36m(.disabled)[39m[31m[91m[33m:[39m[31m[91mactive,.show>.btn-outline-danger.dropdown-toggle[33m{[39m[31m[91mcolor[33m:[39m[31m[91m[35m#f55[39m[31m[91m[33m;[39m[31m[91mborder-color[33m:[39m[31m[91m[35m#a00[39m[31m[91m[33m}[39m[31m[91m[33m.btn-outline-light[39m[31m[91m[33m{[39m[31m[91mbackground[33m:[39m[31m[91m0 0[33m;[39m[31m[91mborder[33m:[39m[31m[91m[33m.875px[39m[31m[91m solid[33m;[39m[31m[91mmargin-top[33m:[39m[31m[91m7px[33m;[39m[31m[91mpadding-top[33m:[39m[31m[91m6.125px[33m;[39m[31m[91mpadding-bottom[33m:[39m[31m[91m7px[33m;[39m[31m[91mmargin-bottom[33m:[39m[31m[91m6.125px[33m;[39m[31m[91mborder-left-width[33m:[39m[31m[91m2px[33m;[39m[31m[91mborder-right-width[33m:[39m[31m[91m2px[33m;[39m[31m[91mmargin-left[33m:[39m[31m[91m3.5px[33m;[39m[31m[91mpadding-left[33m:[39m[31m[91m10.5px[33m;[39m[31m[91mpadding-right[33m:[39m[31m[91m11.5px[33m;[39m[31m[91mmargin-right[33m:[39m[31m[91m2.5px[33m}[39m[31m[91m[33m.btn-outline-light[39m[31m[91m[33m:[39m[31m[91mhover[33m{[39m[31m[91mborder[33m:[39m[31m[91m[33m.875px[39m[31m[91m solid [35m#bbb[39m[31m[91m[33m;[39m[31m[91mmargin-top[33m:[39m[31m[91m7px[33m;[39m[31m[91mpadding-top[33m:[39m[31m[91m6.125px[33m;[39m[31m[91mpadding-bottom[33m:[39m[31m[91m7px[33m;[39m[31m[91mmargin-bottom[33m:[39m[31m[91m6.125px[33m;[39m[31m[91mborder-left-width[33m:[39m[31m[91m2px[33m;[39m[31m[91mborder-right-width[33m:[39m[31m[91m2px[33m;[39m[31m[91mmargin-left[33m:[39m[31m[91m3.5px[33m;[39m[31m[91mpadding-left[33m:[39m[31m[91m10.5px[33m;[39m[31m[91mpadding-right[33m:[39m[31m[91m11.5px[33m;[39[39m[22m[1m[31mm[91mmargin-right[33m:[39m[31m[91m2.5px[33m;[39m[31m[91mcolor[33m:[39m[31m[91m[35m#fff[39m[31m[91m[33m}[39m[31m[91m[33m.btn-outline-light.disabled,.btn-outline-light[39m[31m[91m[33m:[39m[31m[91mdisabled[33m{[39m[31m[91mcolor[33m:[39m[31m[91m[35m#fff[39m[31m[91m[33m}[39m[31m[91m[33m.btn-outline-light[39m[31m[91m[33m:[39m[31m[91m[36mnot[39m[31m[91m[36m(:disabled)[39m[31m[91m[33m:[39m[31m[91m[36mnot[39m[31m[91m[36m(.disabled)[39m[31m[91m[33m.active,.btn-outline-light[39m[31m[91m[33m:[39m[31m[91m[36mnot[39m[31m[91m[36m(:disabled)[39m[31m[91m[33m:[39m[31m[91m[36mnot[39m[31m[91m[36m(.disabled)[39m[31m[91m[33m:[39m[31m[91mactive,.show>.btn-outline-light.dropdown-toggle[33m{[39m[31m[91mborder-color[33m:[39m[31m[91m[35m#fff[39m[31m[91m[33m}[39m[31m[91m[33m.btn-outline-dark[39m[31m[91m[33m{[39m[31m[91mcolor[33m:[39m[31m[91m[35m#555[39m[31m[91m[33m;[39m[31m[91mborder-color[33m:[39m[31m[91m[35m#555[39m[31m[91m[33m;[39m[31m[91mbackground[33m:[39m[31m[91m0 0[33m;[39m[31m[91mborder[33m:[39m[31m[91m[33m.875px[39m[31m[91m solid [35m#555[39m[31m[91m[33m;[39m[31m[91mmargin-top[33m:[39m[31m[91m7px[33m;[39m[31m[91mpadding-top[33m:[39m[31m[91m6.125px[33m;[39m[31m[91mpadding-bottom[33m:[39m[31m[91m7px[33m;[39m[31m[91mmargin-bottom[33m:[39m[31m[91m6.125px[33m;[39m[31m[91mborder-left-width[33m:[39m[31m[91m2px[33m;[39m[31m[91mborder-right-width[33m:[39m[31m[91m2px[33m;[39m[31m[91mmargin-left[33m:[39m[31m[91m3.5px[33m;[39m[31m[91mpadding-left[33m:[39m[31m[91m10.5px[33m;[39m[31m[91mpadding-right[33m:[39m[31m[91m11.5px[33m;[39m[31m[91mmargin-right[33m:[39m[31m[91m2.5px[33m}[39m[31m[91m[33m.btn-outline-dark[39m[31m[91m[33m:[39m[31m[91mhover[33m{[39m[31m[91mborder[33m:[39m[31m[91m[33m.875px[39m[31m[91m solid [35m#000[39m[31m[91m[33m;[39m[31m[91mmargin-top[33m:[39m[31m[91m7px[33m;[39m[31m[91mpadding-top[33m:[39m[31m[91m6.125px[33m;[39m[31m[91mpadding-bottom[33m:[39m[31m[91m7px[33m;[39m[31m[91mmargin-bottom[33m:[39m[31m[91m6.125px[33m;[39m[31m[91mborder-left-width[33m:[39m[31m[91m2px[33m;[39m[31m[91mborder-right-width[33m:[39m[31m[91m2px[33m;[39m[31m[91mmargin-left[33m:[39m[31m[9[39m[22m[1m[31m1m3.5px[33m;[39m[31m[91mpadding-left[33m:[39m[31m[91m10.5px[33m;[39m[31m[91mpadding-right[33m:[39m[31m[91m11.5px[33m;[39m[31m[91mmargin-right[33m:[39m[31m[91m2.5px[33m;[39m[31m[91mcolor[33m:[39m[31m[91m[35m#fff[39m[31m[91m[33m}[39m[31m[91m[33m.btn-outline-dark.disabled,.btn-outline-dark[39m[31m[91m[33m:[39m[31m[91mdisabled[33m{[39m[31m[91mcolor[33m:[39m[31m[91m[35m#000[39m[31m[91m[33m}[39m[31m[91m[33m.btn-outline-dark[39m[31m[91m[33m:[39m[31m[91m[36mnot[39m[31m[91m[36m(:disabled)[39m[31m[91m[33m:[39m[31m[91m[36mnot[39m[31m[91m[36m(.disabled)[39m[31m[91m[33m.active,.btn-outline-dark[39m[31m[91m[33m:[39m[31m[91m[36mnot[39m[31m[91m[36m(:disabled)[39m[31m[91m[33m:[39m[31m[91m[36mnot[39m[31m[91m[36m(.disabled)[39m[31m[91m[33m:[39m[31m[91mactive,.show>.btn-outline-dark.dropdown-toggle[33m{[39m[31m[91mcolor[33m:[39m[31m[91m[35m#555[39m[31m[91m[33m;[39m[31m[91mborder-color[33m:[39m[31m[91m[35m#000[39m[31m[91m[33m}[39m[31m[91m[33m.btn-link[39m[31m[91m[33m{[39m[31m[91mfont-weight[33m:[39m[31m[91m400[33m;[39m[31m[91mcolor[33m:[39m[31m[91m[35m#ff5[39m[31m[91m[33m;[39m[31m[91mbackground[33m:[39m[31m[91m0 0[33m}[39m[31m[91m[33m.btn-link[39m[31m[91m[33m:[39m[31m[91mhover[33m{[39m[31m[91mcolor[33m:[39m[31m[91m[35m#bbb[39m[31m[91m[33m;[39m[31m[91mbackground-color[33m:[39m[31m[91m[35m#000[39m[31m[91m[33m}[39m[31m[91m[33m.btn-link[39m[31m[91m[33m:[39m[31m[91mafter,.btn-link[33m:[39m[31m[91mbefore[33m{[39m[31m[91mcontent[33m:[39m[31m[91m[32m'_'[39m[31m[91m[33m}[39m[31m[91m[33m.btn-link.disabled,.btn-link[39m[31m[91m[33m:[39m[31m[91mdisabled[33m{[39m[31m[91mcolor[33m:[39m[31m[91m[35m#555[39m[31m[91m[33m;[39m[31m[91mpointer-events[33m:[39m[31m[91mnone[33m}[39m[31m[91m[33m.btn-group-sm>.btn,.btn-sm[39m[31m[91m[33m{[39m[31m[91mborder[33m:[39m[31m[91m0[33m;[39m[31m[91mpadding[33m:[39m[31m[91m0[33m;[39m[31m[91mbox-shadow[33m:[39m[31m[91mnone[33m;[39m[31m[91mmargin-left[33m:[39m[31m[91m0[33m}[39m[31m[91m[33m.btn-group-sm>.btn[39m[31m[91m[33m:[39m[31m[91mbefore,.btn-sm[33m:[39m[31m[91mbefore[33m{[39m[31m[91mcontent[33m:[39m[31m[91m[32m'<'[39m[31m[91m[33m}[39m[31m[91m[33m.btn-gro[39m[22m[1m[31mup-sm>.btn[39m[31m[91m[33m:[39m[31m[91mafter,.btn-sm[33m:[39m[31m[91mafter[33m{[39m[31m[91mcontent[33m:[39m[31m[91m[32m'>'[39m[31m[91m[33m}[39m[31m[91m[33m.btn-block[39m[31m[91m[33m{[39m[31m[91mdisplay[33m:[39m[31m[91mblock[33m;[39m[31m[91mwidth[33m:[39m[31m[91m[36mcalc[39m[31m[91m[36m(100% - 6px)[39m[31m[91m[33m}[39m[31m[91m[33m.btn-block+.btn-block[39m[31m[91m[33m{[39m[31m[91mmargin-top[33m:[39m[31m[91m0[33m}[39m[31m[91minput[33m[[39m[31m[91mtype=button[33m][39m[31m[91m[33m.btn-block,input[39m[31m[91m[33m[[39m[31m[91mtype=reset[33m][39m[31m[91m[33m.btn-block,input[39m[31m[91m[33m[[39m[31m[91mtype=submit[33m][39m[31m[91m[33m.btn-block[39m[31m[91m[33m{[39m[31m[91mwidth[33m:[39m[31m[91m[36mcalc[39m[31m[91m[36m(100% - 6px)[39m[31m[91m[33m}[39m[31m[91m[33m.dropdown,.dropleft,.dropright,.dropup[39m[31m[91m[33m{[39m[31m[91mposition[33m:[39m[31m[91mrelative[33m}[39m[31m[91m[33m.dropdown-toggle[39m[31m[91m[33m{[39m[31m[91mwhite-space[33m:[39m[31m[91mnowrap[33m;[39m[31m[91mpadding[33m:[39m[31m[91m0 8px[33m}[39m[31m[91m[33m.dropdown-toggle[39m[31m[91m[33m:[39m[31m[91m[33m:[39m[31m[91mafter[33m{[39m[31m[91mdisplay[33m:[39m[31m[91minline-block[33m;[39m[31m[91mcontent[33m:[39m[31m[91m[32m"\25bc"[39m[31m[91m[33m}[39m[31m[91m[33m.dropdown-toggle[39m[31m[91m[33m:[39m[31m[91mempty[33m:[39m[31m[91m[33m:[39m[31m[91mafter[33m{[39m[31m[91mmargin-left[33m:[39m[31m[91m0[33m}[39m[31m[91m[33m.dropdown-menu[39m[31m[91m[33m{[39m[31m[91mposition[33m:[39m[31m[91mabsolute[33m;[39m[31m[91mtop[33m:[39m[31m[91m100%[33m;[39m[31m[91mleft[33m:[39m[31m[91m0[33m;[39m[31m[91mz-index[33m:[39m[31m[91m1000[33m;[39m[31m[91mdisplay[33m:[39m[31m[91mnone[33m;[39m[31m[91mfloat[33m:[39m[31m[91mleft[33m;[39m[31m[91mmin-width[33m:[39m[31m[91m0[33m;[39m[31m[91mpadding[33m:[39m[31m[91m0 0[33m;[39m[31m[91mmargin[33m:[39m[31m[91m0 0 0[33m;[39m[31m[91mcolor[33m:[39m[31m[91m[35m#000[39m[31m[91m[33m;[39m[31m[91mtext-align[33m:[39m[31m[91mleft[33m;[39m[31m[91mlist-style[33m:[39m[31m[91mnone[33m;[39m[31m[91mbackground-color[33m:[39m[31m[91m[35m#bbb[39m[31m[91m[33m;[39m[31m[91mbackground-clip[33m:[39m[31m[91mpadd[39m[22m[1m[31ming-box[33m;[39m[31m[91mborder[33m:[39m[31m[91m[33m.875px[39m[31m[91m solid [35m#000[39m[31m[91m[33m;[39m[31m[91mmargin-top[33m:[39m[31m[91m7px[33m;[39m[31m[91mpadding-top[33m:[39m[31m[91m6.125px[33m;[39m[31m[91mpadding-bottom[33m:[39m[31m[91m7px[33m;[39m[31m[91mmargin-bottom[33m:[39m[31m[91m6.125px[33m;[39m[31m[91mborder-left-width[33m:[39m[31m[91m2px[33m;[39m[31m[91mborder-right-width[33m:[39m[31m[91m2px[33m;[39m[31m[91mmargin-left[33m:[39m[31m[91m3.5px[33m;[39m[31m[91mpadding-left[33m:[39m[31m[91m2.5px[33m;[39m[31m[91mpadding-right[33m:[39m[31m[91m3.5px[33m;[39m[31m[91mmargin-right[33m:[39m[31m[91m2.5px[33m;[39m[31m[91mbox-shadow[33m:[39m[31m[91m-3.5px -7px 0 0 [35m#bbb,2.5px[39m[31m[91m 6.125px 0 0 [35m#bbb,-3.5px[39m[31m[91m 6.125px 0 0 [35m#bbb,2.5px[39m[31m[91m -7px 0 0 [35m#bbb[39m[31m[91m[33m;[39m[31m[91m-webkit-filter[33m:[39m[31m[91m[36mdrop-shadow[39m[31m[91m[36m(7px 8px 0 #000)[39m[31m[91m[33m;[39m[31m[91mfilter[33m:[39m[31m[91m[36mdrop-shadow[39m[31m[91m[36m(7px 8px 0 #000)[39m[31m[91m[33m;[39m[31m[91mmargin-right[33m:[39m[31m[91m10.5px[33m}[39m[31m[91m[33m.dropdown-menu[39m[31m[91m a[33m:[39m[31m[91m[33m:[39m[31m[91mfirst-letter[33m{[39m[31m[91mcolor[33m:[39m[31m[91m[35m#fff[39m[31m[91m[33m}[39m[31m[91m[33m.dropdown-menu[39m[31m[91m a[33m:[39m[31m[91mhover[33m:[39m[31m[91m[33m:[39m[31m[91mfirst-letter[33m{[39m[31m[91mcolor[33m:[39m[31m[91m[35m#000[39m[31m[91m[33m;[39m[31m[91mbackground[33m:[39m[31m[91m[35m#fff[39m[31m[91m[33m}[39m[31m[91m[33m.dropdown-menu-left[39m[31m[91m[33m{[39m[31m[91mright[33m:[39m[31m[91mauto[33m;[39m[31m[91mleft[33m:[39m[31m[91m0[33m}[39m[31m[91m[33m.dropdown-menu-right[39m[31m[91m[33m{[39m[31m[91mright[33m:[39m[31m[91m0[33m;[39m[31m[91mleft[33m:[39m[31m[91mauto[33m}[39m[31m[91m[36m@media[39m[31m[91m[36m [39m[31m[91m[36m(min-width:576px)[39m[31m[91m[33m{[39m[31m[91m[33m.dropdown-menu-sm-left[39m[31m[91m[33m{[39m[31m[91mright[33m:[39m[31m[91mauto[33m;[39m[31m[91mleft[33m:[39m[31m[91m0[33m}[39m[31m[91m[33m.dropdown-menu-sm-right[39m[31m[91m[33m{[39m[31m[91mright[33m:[39m[31m[91m0[33m;[39m[31m[91mleft[33m:[39m[31m[[39m[22m[1m[31m91mauto[33m}[39m[31m[91m[33m}[39m[31m[91m[36m@media[39m[31m[91m[36m [39m[31m[91m[36m(min-width:768px)[39m[31m[91m[33m{[39m[31m[91m[33m.dropdown-menu-md-left[39m[31m[91m[33m{[39m[31m[91mright[33m:[39m[31m[91mauto[33m;[39m[31m[91mleft[33m:[39m[31m[91m0[33m}[39m[31m[91m[33m.dropdown-menu-md-right[39m[31m[91m[33m{[39m[31m[91mright[33m:[39m[31m[91m0[33m;[39m[31m[91mleft[33m:[39m[31m[91mauto[33m}[39m[31m[91m[33m}[39m[31m[91m[36m@media[39m[31m[91m[36m [39m[31m[91m[36m(min-width:960px)[39m[31m[91m[33m{[39m[31m[91m[33m.dropdown-menu-lg-left[39m[31m[91m[33m{[39m[31m[91mright[33m:[39m[31m[91mauto[33m;[39m[31m[91mleft[33m:[39m[31m[91m0[33m}[39m[31m[91m[33m.dropdown-menu-lg-right[39m[31m[91m[33m{[39m[31m[91mright[33m:[39m[31m[91m0[33m;[39m[31m[91mleft[33m:[39m[31m[91mauto[33m}[39m[31m[91m[33m}[39m[31m[91m[36m@media[39m[31m[91m[36m [39m[31m[91m[36m(min-width:1152px)[39m[31m[91m[33m{[39m[31m[91m[33m.dropdown-menu-xl-left[39m[31m[91m[33m{[39m[31m[91mright[33m:[39m[31m[91mauto[33m;[39m[31m[91mleft[33m:[39m[31m[91m0[33m}[39m[31m[91m[33m.dropdown-menu-xl-right[39m[31m[91m[33m{[39m[31m[91mright[33m:[39m[31m[91m0[33m;[39m[31m[91mleft[33m:[39m[31m[91mauto[33m}[39m[31m[91m[33m}[39m[31m[91m[33m.dropup[39m[31m[91m [33m.dropdown-menu[39m[31m[91m[33m{[39m[31m[91mtop[33m:[39m[31m[91mauto[33m;[39m[31m[91mbottom[33m:[39m[31m[91m100%[33m;[39m[31m[91mmargin-top[33m:[39m[31m[91m0[33m;[39m[31m[91mmargin-bottom[33m:[39m[31m[91m0[33m}[39m[31m[91m[33m.dropup[39m[31m[91m [33m.dropdown-toggle[39m[31m[91m[33m{[39m[31m[91mpadding[33m:[39m[31m[91m0 8px[33m}[39m[31m[91m[33m.dropup[39m[31m[91m [33m.dropdown-toggle[39m[31m[91m[33m:[39m[31m[91m[33m:[39m[31m[91mafter[33m{[39m[31m[91mdisplay[33m:[39m[31m[91minline-block[33m;[39m[31m[91mcontent[33m:[39m[31m[91m[32m"\25b2"[39m[31m[91m[33m}[39m[31m[91m[33m.dropup[39m[31m[91m [33m.dropdown-toggle[39m[31m[91m[33m:[39m[31m[91mempty[33m:[39m[31m[91m[33m:[39m[31m[91mafter[33m{[39m[31m[91mmargin-left[33m:[39m[31m[91m0[33m}[39m[31m[91m[33m.dropright[39m[31m[91m [33m.dropdown-menu[39m[31m[91m[33m{[39m[31m[91mtop[33m:[39m[31m[91m0[33m;[39m[31m[91mright[33m:[39m[31m[[39m[22m[1m[31m91mauto[33m;[39m[31m[91mleft[33m:[39m[31m[91m100%[33m;[39m[31m[91mmargin-top[33m:[39m[31m[91m0[33m;[39m[31m[91mmargin-left[33m:[39m[31m[91m0[33m}[39m[31m[91m[33m.dropright[39m[31m[91m [33m.dropdown-toggle[39m[31m[91m[33m{[39m[31m[91mbackground[33m:[39m[31m[91m[36murl[39m[31m[91m[36m(../fonts/arrow-down.svg)[39m[31m[91m 3px 3.6px/4.87px no-repeat [33m.dropright[39m[31m[91m [33m.dropdown-toggle[39m[31m[91m[33m}[39m[31m[91m[33m.dropright[39m[31m[91m [33m.dropdown-toggle[39m[31m[91m [33m:[39m[31m[91m[33m:[39m[31m[91mafter[33m{[39m[31m[91mvertical-align[33m:[39m[31m[91m0[33m}[39m[31m[91m[33m.dropleft[39m[31m[91m [33m.dropdown-menu[39m[31m[91m[33m{[39m[31m[91mtop[33m:[39m[31m[91m0[33m;[39m[31m[91mright[33m:[39m[31m[91m100%[33m;[39m[31m[91mleft[33m:[39m[31m[91mauto[33m;[39m[31m[91mmargin-top[33m:[39m[31m[91m0[33m;[39m[31m[91mmargin-right[33m:[39m[31m[91m0[33m}[39m[31m[91m[33m.dropleft[39m[31m[91m [33m.dropdown-toggle[39m[31m[91m[33m{[39m[31m[91mpadding[33m:[39m[31m[91m0 8px[33m}[39m[31m[91m[33m.dropleft[39m[31m[91m [33m.dropdown-toggle[39m[31m[91m[33m:[39m[31m[91m[33m:[39m[31m[91mafter[33m{[39m[31m[91mdisplay[33m:[39m[31m[91minline-block[33m}[39m[31m[91m[33m.dropleft[39m[31m[91m [33m.dropdown-toggle[39m[31m[91m[33m:[39m[31m[91m[33m:[39m[31m[91mafter[33m{[39m[31m[91mdisplay[33m:[39m[31m[91mnone[33m}[39m[31m[91m[33m.dropleft[39m[31m[91m [33m.dropdown-toggle[39m[31m[91m[33m:[39m[31m[91m[33m:[39m[31m[91mbefore[33m{[39m[31m[91mdisplay[33m:[39m[31m[91minline-block[33m;[39m[31m[91mmargin-right[33m:[39m[31m[91m8px[33m;[39m[31m[91mcontent[33m:[39m[31m[91m[32m"\25c4"[39m[31m[91m[33m}[39m[31m[91m[33m.dropleft[39m[31m[91m [33m.dropdown-toggle[39m[31m[91m[33m:[39m[31m[91mempty[33m:[39m[31m[91m[33m:[39m[31m[91mafter[33m{[39m[31m[91mmargin-left[33m:[39m[31m[91m0[33m}[39m[31m[91m[33m.dropleft[39m[31m[91m [33m.dropdown-toggle[39m[31m[91m[33m:[39m[31m[91m[33m:[39m[31m[91mbefore[33m{[39m[31m[91mvertical-align[33m:[39m[31m[91m0[33m}[39m[31m[91m[33m.dropdown-menu[39m[31m[91m[33m[[39m[31m[91mx-placement^=bottom[33m][39m[31m[91m,.dropdown-menu[33m[[39m[31m[91mx-placement^=left[3[39m[22m[1m[31m3m][39m[31m[91m,.dropdown-menu[33m[[39m[31m[91mx-placement^=right[33m][39m[31m[91m,.dropdown-menu[33m[[39m[31m[91mx-placement^=top[33m][39m[31m[91m[33m{[39m[31m[91mright[33m:[39m[31m[91mauto[33m;[39m[31m[91mbottom[33m:[39m[31m[91mauto[33m}[39m[31m[91m[33m.dropdown-divider[39m[31m[91m[33m{[39m[31m[91mheight[33m:[39m[31m[91m0[33m;[39m[31m[91mmargin[33m:[39m[31m[91m6px -3px 7px -2.5px[33m;[39m[31m[91moverflow[33m:[39m[31m[91mhidden[33m;[39m[31m[91mborder-top[33m:[39m[31m[91m1px solid [35m#000[39m[31m[91m[33m}[39m[31m[91m[33m.dropdown-item[39m[31m[91m[33m{[39m[31m[91mdisplay[33m:[39m[31m[91mblock[33m;[39m[31m[91mwidth[33m:[39m[31m[91m100%[33m;[39m[31m[91mpadding[33m:[39m[31m[91m0 8px[33m;[39m[31m[91mclear[33m:[39m[31m[91mboth[33m;[39m[31m[91mfont-weight[33m:[39m[31m[91m400[33m;[39m[31m[91mcolor[33m:[39m[31m[91m[35m#000[39m[31m[91m[33m;[39m[31m[91mtext-align[33m:[39m[31m[91minherit[33m;[39m[31m[91mwhite-space[33m:[39m[31m[91mnowrap[33m;[39m[31m[91mbackground-color[33m:[39m[31m[91mtransparent[33m;[39m[31m[91mborder[33m:[39m[31m[91m0[33m}[39m[31m[91m[33m.dropdown-item[39m[31m[91m[33m:[39m[31m[91mfocus,.dropdown-item[33m:[39m[31m[91mhover[33m{[39m[31m[91mtext-decoration[33m:[39m[31m[91mnone[33m}[39m[31m[91m[33m.dropdown-item.disabled,.dropdown-item[39m[31m[91m[33m:[39m[31m[91mdisabled[33m{[39m[31m[91mcolor[33m:[39m[31m[91m[35m#555[39m[31m[91m[33m;[39m[31m[91mpointer-events[33m:[39m[31m[91mnone[33m;[39m[31m[91mbackground-color[33m:[39m[31m[91mtransparent[33m}[39m[31m[91m[33m.dropdown-menu.show[39m[31m[91m[33m{[39m[31m[91mdisplay[33m:[39m[31m[91mblock[33m}[39m[31m[91m[33m.dropdown-header[39m[31m[91m[33m{[39m[31m[91mdisplay[33m:[39m[31m[91mblock[33m;[39m[31m[91mpadding[33m:[39m[31m[91m0 8px[33m;[39m[31m[91mmargin-bottom[33m:[39m[31m[91m0[33m;[39m[31m[91mcolor[33m:[39m[31m[91m[35m#bbb[39m[31m[91m[33m;[39m[31m[91mwhite-space[33m:[39m[31m[91mnowrap[33m}[39m[31m[91m[33m.dropdown-item-text[39m[31m[91m[33m{[39m[31m[91mdisplay[33m:[39m[31m[91mblock[33m;[39m[31m[91mpadding[33m:[39m[31m[91m0 8px[33m;[39m[31m[91mcolor[33m:[39m[31m[91m[35m#000[39m[31m[91m[33m}[39m[31m[91m[39m[22m[1m[31m[33m.btn-group,.btn-group-vertical[39m[31m[91m[33m{[39m[31m[91mposition[33m:[39m[31m[91mrelative[33m;[39m[31m[91mmargin[33m:[39m[31m[91m0[33m;[39m[31m[91mdisplay[33m:[39m[31m[91m-ms-inline-flexbox[33m;[39m[31m[91mdisplay[33m:[39m[31m[91minline-flex[33m}[39m[31m[91m[33m.btn-group-vertical>.btn,.btn-group>.btn[39m[31m[91m[33m{[39m[31m[91mposition[33m:[39m[31m[91mrelative[33m;[39m[31m[91m-ms-flex[33m:[39m[31m[91m1 1 auto[33m;[39m[31m[91mflex[33m:[39m[31m[91m1 1 auto[33m}[39m[31m[91m[33m.btn-group-vertical>.btn[39m[31m[91m[33m:[39m[31m[91mhover,.btn-group>.btn[33m:[39m[31m[91mhover[33m{[39m[31m[91mz-index[33m:[39m[31m[91m1[33m}[39m[31m[91m[33m.btn-group-vertical>.btn[39m[31m[91m[33m:[39m[31m[91m[36mnot[39m[31m[91m[36m(.dropdown-toggle)[39m[31m[91m[33m:[39m[31m[91mafter,.btn-group>.btn[33m:[39m[31m[91m[36mnot[39m[31m[91m[36m(.dropdown-toggle)[39m[31m[91m[33m:[39m[31m[91mafter[33m{[39m[31m[91mcontent[33m:[39m[31m[91m[32m""[39m[31m[91m[33m}[39m[31m[91m[33m.btn-group-vertical>.btn[39m[31m[91m[33m:[39m[31m[91mbefore,.btn-group>.btn[33m:[39m[31m[91mbefore[33m{[39m[31m[91mcontent[33m:[39m[31m[91m[32m""[39m[31m[91m[33m}[39m[31m[91m[33m.btn-group-vertical>.btn.active,.btn-group-vertical>.btn[39m[31m[91m[33m:[39m[31m[91mactive,.btn-group-vertical>.btn[33m:[39m[31m[91mfocus,.btn-group>.btn.active,.btn-group>.btn[33m:[39m[31m[91mactive,.btn-group>.btn[33m:[39m[31m[91mfocus[33m{[39m[31m[91mz-index[33m:[39m[31m[91m1[33m}[39m[31m[91m[33m.btn-toolbar[39m[31m[91m[33m{[39m[31m[91mdisplay[33m:[39m[31m[91m-ms-flexbox[33m;[39m[31m[91mdisplay[33m:[39m[31m[91mflex[33m;[39m[31m[91m-ms-flex-wrap[33m:[39m[31m[91mwrap[33m;[39m[31m[91mflex-wrap[33m:[39m[31m[91mwrap[33m;[39m[31m[91m-ms-flex-pack[33m:[39m[31m[91mstart[33m;[39m[31m[91mjustify-content[33m:[39m[31m[91mflex-start[33m}[39m[31m[91m[33m.btn-toolbar[39m[31m[91m [33m.input-group[39m[31m[91m[33m{[39m[31m[91mwidth[33m:[39m[31m[91mauto[33m}[39m[31m[91m[33m.dropdown-toggle-split[39m[31m[91m[33m{[39m[31m[91mpadding-right[33m:[39m[31m[91m0[33m;[39m[31m[91mpadding-left[33m:[39m[31m[91m0[33m}[39m[31m[91m[33m.dropdown-toggle-[39m[22m[1m[31msplit[39m[31m[91m[33m:[39m[31m[91m[33m:[39m[31m[91mafter,.dropright [33m.dropdown-toggle-split[39m[31m[91m[33m:[39m[31m[91m[33m:[39m[31m[91mafter,.dropup [33m.dropdown-toggle-split[39m[31m[91m[33m:[39m[31m[91m[33m:[39m[31m[91mafter[33m{[39m[31m[91mmargin-left[33m:[39m[31m[91m0[33m}[39m[31m[91m[33m.dropleft[39m[31m[91m [33m.dropdown-toggle-split[39m[31m[91m[33m:[39m[31m[91m[33m:[39m[31m[91mbefore[33m{[39m[31m[91mmargin-right[33m:[39m[31m[91m0[33m}[39m[31m[91m[33m.btn-group-sm>.btn+.dropdown-toggle-split,.btn-sm+.dropdown-toggle-split[39m[31m[91m[33m{[39m[31m[91mpadding-right[33m:[39m[31m[91m0[33m;[39m[31m[91mpadding-left[33m:[39m[31m[91m0[33m}[39m[31m[91m[33m.btn-group-lg>.btn+.dropdown-toggle-split,.btn-lg+.dropdown-toggle-split[39m[31m[91m[33m{[39m[31m[91mpadding-right[33m:[39m[31m[91m0[33m;[39m[31m[91mpadding-left[33m:[39m[31m[91m0[33m}[39m[31m[91m[33m.btn-group-vertical[39m[31m[91m[33m{[39m[31m[91m-ms-flex-direction[33m:[39m[31m[91mcolumn[33m;[39m[31m[91mflex-direction[33m:[39m[31m[91mcolumn[33m;[39m[31m[91m-ms-flex-align[33m:[39m[31m[91mstart[33m;[39m[31m[91malign-items[33m:[39m[31m[91mflex-start[33m;[39m[31m[91m-ms-flex-pack[33m:[39m[31m[91mcenter[33m;[39m[31m[91mjustify-content[33m:[39m[31m[91mcenter[33m}[39m[31m[91m[33m.btn-group-vertical>.btn,.btn-group-vertical>.btn-group[39m[31m[91m[33m{[39m[31m[91mwidth[33m:[39m[31m[91m100%[33m}[39m[31m[91m[33m.btn-group-toggle>.btn,.btn-group-toggle>.btn-group>.btn[39m[31m[91m[33m{[39m[31m[91mmargin-bottom[33m:[39m[31m[91m0[33m}[39m[31m[91m[33m.btn-group-toggle>.btn[39m[31m[91m input[33m[[39m[31m[91mtype=checkbox[33m][39m[31m[91m,.btn-group-toggle>.btn input[33m[[39m[31m[91mtype=radio[33m][39m[31m[91m,.btn-group-toggle>.btn-group>.btn input[33m[[39m[31m[91mtype=checkbox[33m][39m[31m[91m,.btn-group-toggle>.btn-group>.btn input[33m[[39m[31m[91mtype=radio[33m][39m[31m[91m[33m{[39m[31m[91mposition[33m:[39m[31m[91mabsolute[33m;[39m[31m[91mclip[33m:[39m[31m[91m[36mrect[39m[31m[91m[36m(0,0,0,0)[39m[31m[91m[33m;[39m[31m[91mpointer-events[33m:[39m[31m[91mnone[33m}[39m[31m[91m[33m.input-group[39m[31m[9[39m[22m[1m[31m1m[33m{[39m[31m[91mposition[33m:[39m[31m[91mrelative[33m;[39m[31m[91mdisplay[33m:[39m[31m[91m-ms-flexbox[33m;[39m[31m[91mdisplay[33m:[39m[31m[91mflex[33m;[39m[31m[91m-ms-flex-wrap[33m:[39m[31m[91mwrap[33m;[39m[31m[91mflex-wrap[33m:[39m[31m[91mwrap[33m;[39m[31m[91m-ms-flex-align[33m:[39m[31m[91mstretch[33m;[39m[31m[91malign-items[33m:[39m[31m[91mstretch[33m;[39m[31m[91mwidth[33m:[39m[31m[91m100%[33m}[39m[31m[91m[33m.input-group>.custom-file,.input-group>.custom-select,.input-group>.form-control,.input-group>.form-control-plaintext[39m[31m[91m[33m{[39m[31m[91mposition[33m:[39m[31m[91mrelative[33m;[39m[31m[91m-ms-flex[33m:[39m[31m[91m1 1 0%[33m;[39m[31m[91mflex[33m:[39m[31m[91m1 1 0%[33m;[39m[31m[91mmin-width[33m:[39m[31m[91m0[33m;[39m[31m[91mmargin-bottom[33m:[39m[31m[91m0[33m}[39m[31m[91m[33m.input-group>.custom-file+.custom-file,.input-group>.custom-file+.custom-select,.input-group>.custom-file+.form-control,.input-group>.custom-select+.custom-file,.input-group>.custom-select+.custom-select,.input-group>.custom-select+.form-control,.input-group>.form-control+.custom-file,.input-group>.form-control+.custom-select,.input-group>.form-control+.form-control,.input-group>.form-control-plaintext+.custom-file,.input-group>.form-control-plaintext+.custom-select,.input-group>.form-control-plaintext+.form-control[39m[31m[91m[33m{[39m[31m[91mmargin-left[33m:[39m[31m[91m0[33m}[39m[31m[91m[33m.input-group>.custom-file[39m[31m[91m [33m.custom-file-input[39m[31m[91m[33m:[39m[31m[91mfocus~.custom-file-label,.input-group>.custom-select[33m:[39m[31m[91mfocus,.input-group>.form-control[33m:[39m[31m[91mfocus[33m{[39m[31m[91mz-index[33m:[39m[31m[91m3[33m}[39m[31m[91m[33m.input-group>.custom-file[39m[31m[91m [33m.custom-file-input[39m[31m[91m[33m:[39m[31m[91mfocus[33m{[39m[31m[91mz-index[33m:[39m[31m[91m4[33m}[39m[31m[91m[33m.input-group>.custom-file[39m[31m[91m[33m{[39m[31m[91mdisplay[33m:[39m[31m[91m-ms-flexbox[33m;[39m[31m[91mdisplay[33m:[39m[31m[91mflex[33m;[39m[31m[91m-ms-flex-align[33m:[39m[31m[91mcenter[33m;[39m[31m[91malign-items[33m[39m[22m[1m[31m:[39m[31m[91mcenter[33m}[39m[31m[91m[33m.input-group-append,.input-group-prepend[39m[31m[91m[33m{[39m[31m[91mdisplay[33m:[39m[31m[91m-ms-flexbox[33m;[39m[31m[91mdisplay[33m:[39m[31m[91mflex[33m}[39m[31m[91m[33m.input-group-append[39m[31m[91m [33m.btn,.input-group-prepend[39m[31m[91m [33m.btn[39m[31m[91m[33m{[39m[31m[91mposition[33m:[39m[31m[91mrelative[33m;[39m[31m[91mz-index[33m:[39m[31m[91m2[33m}[39m[31m[91m[33m.input-group-append[39m[31m[91m [33m.btn[39m[31m[91m[33m:[39m[31m[91mfocus,.input-group-prepend [33m.btn[39m[31m[91m[33m:[39m[31m[91mfocus[33m{[39m[31m[91mz-index[33m:[39m[31m[91m3[33m}[39m[31m[91m[33m.input-group-append[39m[31m[91m [33m.btn+.btn,.input-group-append[39m[31m[91m [33m.btn+.input-group-text,.input-group-append[39m[31m[91m [33m.input-group-text+.btn,.input-group-append[39m[31m[91m [33m.input-group-text+.input-group-text,.input-group-prepend[39m[31m[91m [33m.btn+.btn,.input-group-prepend[39m[31m[91m [33m.btn+.input-group-text,.input-group-prepend[39m[31m[91m [33m.input-group-text+.btn,.input-group-prepend[39m[31m[91m [33m.input-group-text+.input-group-text[39m[31m[91m[33m{[39m[31m[91mmargin-left[33m:[39m[31m[91m0[33m}[39m[31m[91m[33m.input-group-prepend[39m[31m[91m[33m{[39m[31m[91mmargin-right[33m:[39m[31m[91m0[33m}[39m[31m[91m[33m.input-group-append[39m[31m[91m[33m{[39m[31m[91mmargin-left[33m:[39m[31m[91m0[33m}[39m[31m[91m[33m.input-group-text[39m[31m[91m[33m{[39m[31m[91mdisplay[33m:[39m[31m[91m-ms-flexbox[33m;[39m[31m[91mdisplay[33m:[39m[31m[91mflex[33m;[39m[31m[91m-ms-flex-align[33m:[39m[31m[91mcenter[33m;[39m[31m[91malign-items[33m:[39m[31m[91mcenter[33m;[39m[31m[91mpadding[33m:[39m[31m[91m0 0[33m;[39m[31m[91mmargin-bottom[33m:[39m[31m[91m0[33m;[39m[31m[91mfont-size[33m:[39m[31m[91m16px[33m;[39m[31m[91mfont-weight[33m:[39m[31m[91m400[33m;[39m[31m[91mline-height[33m:[39m[31m[91m14px[33m;[39m[31m[91mcolor[33m:[39m[31m[91m[35m#fff[39m[31m[91m[33m;[39m[31m[91mtext-align[33m:[39m[31m[91mcenter[33m;[39m[31m[91mwhite-space[33m:[39m[31m[91mnowrap[33m;[39m[31m[91mbackground-color[33m:[39m[31m[91m[35m#555[39m[31m[91m[33m;[39m[22m[1m[31m[39m[91mborder[33m:[39m[31m[91m0 solid [35m#555[39m[31m[91m[33m}[39m[31m[91m[33m.input-group-text[39m[31m[91m input[33m[[39m[31m[91mtype=checkbox[33m][39m[31m[91m,.input-group-text input[33m[[39m[31m[91mtype=radio[33m][39m[31m[91m[33m{[39m[31m[91mmargin-top[33m:[39m[31m[91m0[33m}[39m[31m[91m[33m.input-group-lg>.custom-select,.input-group-lg>.form-control[39m[31m[91m[33m:[39m[31m[91m[36mnot[39m[31m[91m[36m(textarea)[39m[31m[91m[33m{[39m[31m[91mheight[33m:[39m[31m[91m14px[33m}[39m[31m[91m[33m.input-group-lg>.custom-select,.input-group-lg>.form-control,.input-group-lg>.input-group-append>.btn,.input-group-lg>.input-group-append>.input-group-text,.input-group-lg>.input-group-prepend>.btn,.input-group-lg>.input-group-prepend>.input-group-text[39m[31m[91m[33m{[39m[31m[91mpadding[33m:[39m[31m[91m0 0[33m;[39m[31m[91mfont-size[33m:[39m[31m[91m16px[33m;[39m[31m[91mline-height[33m:[39m[31m[91m14px[33m}[39m[31m[91m[33m.input-group-sm>.custom-select,.input-group-sm>.form-control[39m[31m[91m[33m:[39m[31m[91m[36mnot[39m[31m[91m[36m(textarea)[39m[31m[91m[33m{[39m[31m[91mheight[33m:[39m[31m[91m14px[33m}[39m[31m[91m[33m.input-group-sm>.custom-select,.input-group-sm>.form-control,.input-group-sm>.input-group-append>.btn,.input-group-sm>.input-group-append>.input-group-text,.input-group-sm>.input-group-prepend>.btn,.input-group-sm>.input-group-prepend>.input-group-text[39m[31m[91m[33m{[39m[31m[91mpadding[33m:[39m[31m[91m0 0[33m;[39m[31m[91mfont-size[33m:[39m[31m[91m16px[33m;[39m[31m[91mline-height[33m:[39m[31m[91m14px[33m}[39m[31m[91m[33m.input-group-lg>.custom-select,.input-group-sm>.custom-select[39m[31m[91m[33m{[39m[31m[91mpadding-right[33m:[39m[31m[91m1rem[33m}[39m[31m[91m[33m.custom-control[39m[31m[91m[33m{[39m[31m[91mposition[33m:[39m[31m[91mrelative[33m;[39m[31m[91mdisplay[33m:[39m[31m[91mblock[33m;[39m[31m[91mmin-height[33m:[39m[31m[91m14px[33m;[39m[31m[91mpadding-left[33m:[39m[31m[91m32px[33m}[39m[31m[91m[33m.custom-control-inline[39m[31m[91m[33m{[39m[31m[91mdisplay[33m:[39m[31m[91m-ms-inline-flexbox[33m;[39m[31m[91mdisplay[33m:[39[39m[22m[1m[31mm[91minline-flex[33m;[39m[31m[91mmargin-right[33m:[39m[31m[91m0[33m}[39m[31m[91m[33m.custom-control-input[39m[31m[91m[33m{[39m[31m[91mposition[33m:[39m[31m[91mabsolute[33m;[39m[31m[91mleft[33m:[39m[31m[91m0[33m;[39m[31m[91mz-index[33m:[39m[31m[91m-1[33m;[39m[31m[91mwidth[33m:[39m[31m[91m32px[33m;[39m[31m[91mheight[33m:[39m[31m[91m16px[33m;[39m[31m[91mopacity[33m:[39m[31m[91m0[33m}[39m[31m[91m[33m.custom-control-input[39m[31m[91m[33m:[39m[31m[91mchecked~.custom-control-label[33m:[39m[31m[91m[33m:[39m[31m[91mbefore[33m{[39m[31m[91mcolor[33m:[39m[31m[91m[35m#fff[39m[31m[91m[33m;[39m[31m[91mborder-color[33m:[39m[31m[91m[35m#000[39m[31m[91m[33m}[39m[31m[91m[33m.custom-control-input[39m[31m[91m[33m:[39m[31m[91mfocus[33m:[39m[31m[91m[36mnot[39m[31m[91m[36m(:checked)[39m[31m[91m~.custom-control-label[33m:[39m[31m[91m[33m:[39m[31m[91mbefore[33m{[39m[31m[91mborder-color[33m:[39m[31m[91m[35m#404040[39m[31m[91m[33m}[39m[31m[91m[33m.custom-control-input[39m[31m[91m[33m:[39m[31m[91m[36mnot[39m[31m[91m[36m(:disabled)[39m[31m[91m[33m:[39m[31m[91mactive~.custom-control-label[33m:[39m[31m[91m[33m:[39m[31m[91mbefore[33m{[39m[31m[91mcolor[33m:[39m[31m[91m[35m#fff[39m[31m[91m[33m}[39m[31m[91m[33m.custom-control-input[39m[31m[91m[33m:[39m[31m[91mdisabled~.custom-control-label,.custom-control-input[33m[[39m[31m[91mdisabled[33m][39m[31m[91m~.custom-control-label[33m{[39m[31m[91mcolor[33m:[39m[31m[91m[35m#555[39m[31m[91m[33m}[39m[31m[91m[33m.custom-control-input[39m[31m[91m[33m:[39m[31m[91mdisabled~.custom-control-label[33m:[39m[31m[91m[33m:[39m[31m[91mafter,.custom-control-input[33m:[39m[31m[91mdisabled~.custom-control-label[33m:[39m[31m[91m[33m:[39m[31m[91mbefore,.custom-control-input[33m[[39m[31m[91mdisabled[33m][39m[31m[91m~.custom-control-label[33m:[39m[31m[91m[33m:[39m[31m[91mafter,.custom-control-input[33m[[39m[31m[91mdisabled[33m][39m[31m[91m~.custom-control-label[33m:[39m[31m[91m[33m:[39m[31m[91mbefore[33m{[39m[31m[91mcolor[33m:[39m[31m[91m[35m#555[39m[31m[91m[33m}[39m[31m[91m[33m.custom-control-label[39m[31m[91m[33m{[39m[31m[91mposition[33m:[39m[31m[91mrelat[39m[22m[1m[31mive[33m;[39m[31m[91mmargin-bottom[33m:[39m[31m[91m0[33m;[39m[31m[91mvertical-align[33m:[39m[31m[91mtop[33m}[39m[31m[91m[33m.custom-control-label[39m[31m[91m[33m:[39m[31m[91m[33m:[39m[31m[91mbefore[33m{[39m[31m[91mposition[33m:[39m[31m[91mabsolute[33m;[39m[31m[91mtop[33m:[39m[31m[91m0[33m;[39m[31m[91mleft[33m:[39m[31m[91m-32px[33m;[39m[31m[91mdisplay[33m:[39m[31m[91mblock[33m;[39m[31m[91mwidth[33m:[39m[31m[91m32px[33m;[39m[31m[91mheight[33m:[39m[31m[91m14px[33m;[39m[31m[91mpointer-events[33m:[39m[31m[91mnone[33m;[39m[31m[91mcontent[33m:[39m[31m[91m[32m""[39m[31m[91m[33m;[39m[31m[91mbackground-color[33m:[39m[31m[91m[35m#000084[39m[31m[91m[33m}[39m[31m[91m[33m.custom-control-label[39m[31m[91m[33m:[39m[31m[91m[33m:[39m[31m[91mafter[33m{[39m[31m[91mposition[33m:[39m[31m[91mabsolute[33m;[39m[31m[91mtop[33m:[39m[31m[91m0[33m;[39m[31m[91mleft[33m:[39m[31m[91m-32px[33m;[39m[31m[91mdisplay[33m:[39m[31m[91mblock[33m;[39m[31m[91mwidth[33m:[39m[31m[91m32px[33m;[39m[31m[91mheight[33m:[39m[31m[91m14px[33m;[39m[31m[91mcontent[33m:[39m[31m[91m[32m""[39m[31m[91m[33m}[39m[31m[91m[33m.custom-checkbox[39m[31m[91m [33m.custom-control-label[39m[31m[91m[33m:[39m[31m[91m[33m:[39m[31m[91mafter[33m{[39m[31m[91mcontent[33m:[39m[31m[91m[32m'[ ]'[39m[31m[91m[33m}[39m[31m[91m[33m.custom-checkbox[39m[31m[91m [33m.custom-control-input[39m[31m[91m[33m:[39m[31m[91mchecked~.custom-control-label[33m{[39m[31m[91mcolor[33m:[39m[31m[91m[35m#fff[39m[31m[91m[33m}[39m[31m[91m[33m.custom-checkbox[39m[31m[91m [33m.custom-control-input[39m[31m[91m[33m:[39m[31m[91mchecked~.custom-control-label[33m:[39m[31m[91m[33m:[39m[31m[91mafter[33m{[39m[31m[91mcolor[33m:[39m[31m[91m[35m#fff[39m[31m[91m[33m;[39m[31m[91mcontent[33m:[39m[31m[91m[32m'[X]'[39m[31m[91m[33m}[39m[31m[91m[33m.custom-checkbox[39m[31m[91m [33m.custom-control-input[39m[31m[91m[33m:[39m[31m[91mdisabled[33m:[39m[31m[91mchecked~.custom-control-label[33m:[39m[31m[91m[33m:[39m[31m[91mbefore[33m{[39m[31m[91mcolor[33m:[39m[31m[91m[35m#555[39m[31m[91m[33m}[39m[31m[91m[33m.custom-radio[39m[31m[91m [33m.custom-control-label[39m[31m[91m[33m:[39m[31m[[39m[22m[1m[31m91m[33m:[39m[31m[91mafter[33m{[39m[31m[91mcontent[33m:[39m[31m[91m[32m'( )'[39m[31m[91m[33m}[39m[31m[91m[33m.custom-radio[39m[31m[91m [33m.custom-control-input[39m[31m[91m[33m:[39m[31m[91mchecked~.custom-control-label[33m{[39m[31m[91mcolor[33m:[39m[31m[91m[35m#fff[39m[31m[91m[33m}[39m[31m[91m[33m.custom-radio[39m[31m[91m [33m.custom-control-input[39m[31m[91m[33m:[39m[31m[91mchecked~.custom-control-label[33m:[39m[31m[91m[33m:[39m[31m[91mafter[33m{[39m[31m[91mcolor[33m:[39m[31m[91m[35m#fff[39m[31m[91m[33m;[39m[31m[91mcontent[33m:[39m[31m[91m[32m'(*)'[39m[31m[91m[33m}[39m[31m[91m[33m.custom-radio[39m[31m[91m [33m.custom-control-input[39m[31m[91m[33m:[39m[31m[91mdisabled[33m:[39m[31m[91mchecked~.custom-control-label[33m:[39m[31m[91m[33m:[39m[31m[91mafter[33m{[39m[31m[91mcolor[33m:[39m[31m[91m[35m#555[39m[31m[91m[33m}[39m[31m[91m[33m.custom-switch[39m[31m[91m[33m{[39m[31m[91mpadding-left[33m:[39m[31m[91m32px[33m}[39m[31m[91m[33m.custom-switch[39m[31m[91m [33m.custom-control-label[39m[31m[91m[33m:[39m[31m[91m[33m:[39m[31m[91mbefore[33m{[39m[31m[91mleft[33m:[39m[31m[91m-32px[33m;[39m[31m[91mwidth[33m:[39m[31m[91m32px[33m;[39m[31m[91mpointer-events[33m:[39m[31m[91mall[33m}[39m[31m[91m[33m.custom-switch[39m[31m[91m [33m.custom-control-label[39m[31m[91m[33m:[39m[31m[91m[33m:[39m[31m[91mafter[33m{[39m[31m[91mtop[33m:[39m[31m[91m0[33m;[39m[31m[91mleft[33m:[39m[31m[91m-32px[33m;[39m[31m[91mwidth[33m:[39m[31m[91m32px[33m;[39m[31m[91mheight[33m:[39m[31m[91m14px[33m;[39m[31m[91mcontent[33m:[39m[31m[91m[32m'\2588\2591\2591'[39m[31m[91m[33m}[39m[31m[91m[33m.custom-switch[39m[31m[91m [33m.custom-control-input[39m[31m[91m[33m:[39m[31m[91mchecked~.custom-control-label[33m{[39m[31m[91mcolor[33m:[39m[31m[91m[35m#fff[39m[31m[91m[33m}[39m[31m[91m[33m.custom-switch[39m[31m[91m [33m.custom-control-input[39m[31m[91m[33m:[39m[31m[91mchecked~.custom-control-label[33m:[39m[31m[91m[33m:[39m[31m[91mafter[33m{[39m[31m[91mcontent[33m:[39m[31m[91m[32m'\2591\2591\2588'[39m[31m[91m[33m;[39m[31m[91mcolor[33m:[39m[31m[91m[35m#fff[39m[31m[91m[33m}[39m[31m[91m[33m.custom-switch[39m[31m[91m [39m[22m[1m[31m[33m.custom-control-input[39m[31m[91m[33m:[39m[31m[91mdisabled[33m:[39m[31m[91mchecked~.custom-control-label[33m:[39m[31m[91m[33m:[39m[31m[91mbefore[33m{[39m[31m[91mcolor[33m:[39m[31m[91m[35m#555[39m[31m[91m[33m}[39m[31m[91m[33m.custom-select[39m[31m[91m[33m{[39m[31m[91mdisplay[33m:[39m[31m[91minline-block[33m;[39m[31m[91mwidth[33m:[39m[31m[91m100%[33m;[39m[31m[91mheight[33m:[39m[31m[91m14px[33m;[39m[31m[91mpadding[33m:[39m[31m[91m0[33m;[39m[31m[91mcolor[33m:[39m[31m[91m[35m#000[39m[31m[91m[33m;[39m[31m[91mvertical-align[33m:[39m[31m[91mmiddle[33m;[39m[31m[91mbackground[33m:[39m[31m[91m[36murl[39m[31m[91m[36m(../fonts/arrow-down-black.svg)[39m[31m[91m no-repeat right center,[35m#bbb[39m[31m[91m[33m;[39m[31m[91mborder[33m:[39m[31m[91m0 solid [35m#555[39m[31m[91m[33m;[39m[31m[91m-webkit-appearance[33m:[39m[31m[91mnone[33m;[39m[31m[91m-moz-appearance[33m:[39m[31m[91mnone[33m;[39m[31m[91mappearance[33m:[39m[31m[91mnone[33m}[39m[31m[91m[33m.custom-select[39m[31m[91m[33m:[39m[31m[91mfocus[33m{[39m[31m[91moutline[33m:[39m[31m[91m0[33m}[39m[31m[91m[33m.custom-select[39m[31m[91m[33m:[39m[31m[91mfocus[33m:[39m[31m[91m[33m:[39m[31m[91m-ms-value[33m{[39m[31m[91mcolor[33m:[39m[31m[91m[35m#fff[39m[31m[91m[33m;[39m[31m[91mbackground-color[33m:[39m[31m[91m[35m#000084[39m[31m[91m[33m}[39m[31m[91m[33m.custom-select[39m[31m[91m[33m[[39m[31m[91mmultiple[33m][39m[31m[91m,.custom-select[33m[[39m[31m[91msize[33m][39m[31m[91m[33m:[39m[31m[91m[36mnot[39m[31m[91m[36m([39m[31m[91m[33m[[39m[31m[91msize=[32m"1"[39m[31m[91m[33m][39m[31m[91m[36m)[39m[31m[91m[33m{[39m[31m[91mheight[33m:[39m[31m[91mauto[33m;[39m[31m[91mpadding-right[33m:[39m[31m[91m0[33m;[39m[31m[91mbackground-image[33m:[39m[31m[91mnone[33m}[39m[31m[91m[33m.custom-select[39m[31m[91m[33m:[39m[31m[91mdisabled[33m{[39m[31m[91mcolor[33m:[39m[31m[91m[35m#555[39m[31m[91m[33m;[39m[31m[91mbackground-color[33m:[39m[31m[91m[35m#555[39m[31m[91m[33m}[39m[31m[91m[33m.custom-select[39m[31m[91m[33m:[39m[31m[91m[33m:[39m[31m[91m-ms-expand[33m{[39m[31m[91mdisplay[33m:[39m[31m[91mnone[33m}[39m[31m[91m[33m.custom-select[39m[31m[91m[33m:[39m[22m[1m[31m[39m[31m[91m-moz-focusring[33m{[39m[31m[91mcolor[33m:[39m[31m[91mtransparent[33m;[39m[31m[91mtext-shadow[33m:[39m[31m[91m0 0 0 [35m#000[39m[31m[91m[33m}[39m[31m[91m[33m.custom-select-sm[39m[31m[91m[33m{[39m[31m[91mheight[33m:[39m[31m[91m14px[33m;[39m[31m[91mfont-size[33m:[39m[31m[91m16px[33m}[39m[31m[91m[33m.custom-select-lg[39m[31m[91m[33m{[39m[31m[91mheight[33m:[39m[31m[91m14px[33m;[39m[31m[91mfont-size[33m:[39m[31m[91m16px[33m}[39m[31m[91m[33m.custom-file[39m[31m[91m[33m{[39m[31m[91mposition[33m:[39m[31m[91mrelative[33m;[39m[31m[91mdisplay[33m:[39m[31m[91minline-block[33m;[39m[31m[91mwidth[33m:[39m[31m[91m100%[33m;[39m[31m[91mheight[33m:[39m[31m[91m14px[33m;[39m[31m[91mmargin-bottom[33m:[39m[31m[91m0[33m}[39m[31m[91m[33m.custom-file+.input-group-append>.input-group-text[39m[31m[91m[33m{[39m[31m[91mpadding[33m:[39m[31m[91m0 8px[33m;[39m[31m[91mbackground[33m:[39m[31m[91m[35m#a0a[39m[31m[91m[33m;[39m[31m[91mcursor[33m:[39m[31m[91mpointer[33m}[39m[31m[91m[33m.custom-file+.input-group-append>.input-group-text[39m[31m[91m[33m:[39m[31m[91mhover[33m{[39m[31m[91mbackground[33m:[39m[31m[91m[35m#000[39m[31m[91m[33m;[39m[31m[91mcolor[33m:[39m[31m[91m[35m#f5f[39m[31m[91m[33m}[39m[31m[91m[33m.custom-file-input[39m[31m[91m[33m{[39m[31m[91mposition[33m:[39m[31m[91mrelative[33m;[39m[31m[91mz-index[33m:[39m[31m[91m2[33m;[39m[31m[91mwidth[33m:[39m[31m[91m100%[33m;[39m[31m[91mheight[33m:[39m[31m[91m14px[33m;[39m[31m[91mmargin[33m:[39m[31m[91m0[33m;[39m[31m[91mopacity[33m:[39m[31m[91m0[33m}[39m[31m[91m[33m.custom-file-input[39m[31m[91m[33m:[39m[31m[91mfocus~.custom-file-label[33m{[39m[31m[91mborder-color[33m:[39m[31m[91m[35m#404040[39m[31m[91m[33m;[39m[31m[91mbox-shadow[33m:[39m[31m[91m0 0 0 0 [36mrgba[39m[31m[91m[36m(0,0,0,.25)[39m[31m[91m[33m}[39m[31m[91m[33m.custom-file-input[39m[31m[91m[33m:[39m[31m[91mdisabled~.custom-file-label,.custom-file-input[33m[[39m[31m[91mdisabled[33m][39m[31m[91m~.custom-file-label[33m{[39m[31m[91mbackground-color[33m:[39m[31m[91m[35m#555[39m[31m[91m[33m}[39m[31m[91m[33m.custom-file-input[39m[31m[91m[33m:[39m[31m[91m[36mlang[39m[31m[91[39m[22m[1m[31mm[36m(en)[39m[31m[91m~.custom-file-label[33m:[39m[31m[91m[33m:[39m[31m[91mafter[33m{[39m[31m[91mcontent[33m:[39m[31m[91m[32m"[ Browse ]"[39m[31m[91m[33m}[39m[31m[91m[33m.custom-file-input~.custom-file-label[39m[31m[91m[33m[[39m[31m[91mdata-browse[33m][39m[31m[91m[33m:[39m[31m[91m[33m:[39m[31m[91mafter[33m{[39m[31m[91mcontent[33m:[39m[31m[91m[36mattr[39m[31m[91m[36m(data-browse)[39m[31m[91m[33m}[39m[31m[91m[33m.custom-file-label[39m[31m[91m[33m{[39m[31m[91mposition[33m:[39m[31m[91mabsolute[33m;[39m[31m[91mtop[33m:[39m[31m[91m0[33m;[39m[31m[91mright[33m:[39m[31m[91m0[33m;[39m[31m[91mleft[33m:[39m[31m[91m0[33m;[39m[31m[91mz-index[33m:[39m[31m[91m1[33m;[39m[31m[91mheight[33m:[39m[31m[91m14px[33m;[39m[31m[91mpadding[33m:[39m[31m[91m0 0[33m;[39m[31m[91mfont-weight[33m:[39m[31m[91m400[33m;[39m[31m[91mline-height[33m:[39m[31m[91m14px[33m;[39m[31m[91mcolor[33m:[39m[31m[91m[35m#fff[39m[31m[91m[33m;[39m[31m[91mbackground-color[33m:[39m[31m[91m[35m#000084[39m[31m[91m[33m}[39m[31m[91m[33m.custom-file-label[39m[31m[91m[33m:[39m[31m[91m[33m:[39m[31m[91mafter[33m{[39m[31m[91mposition[33m:[39m[31m[91mabsolute[33m;[39m[31m[91mpadding[33m:[39m[31m[91m0[33m;[39m[31m[91mtop[33m:[39m[31m[91m0[33m;[39m[31m[91mright[33m:[39m[31m[91m0[33m;[39m[31m[91mbottom[33m:[39m[31m[91m0[33m;[39m[31m[91mz-index[33m:[39m[31m[91m3[33m;[39m[31m[91mdisplay[33m:[39m[31m[91mblock[33m;[39m[31m[91mbackground[33m:[39m[31m[91m[35m#bbb[39m[31m[91m[33m;[39m[31m[91mcolor[33m:[39m[31m[91m[35m#000[39m[31m[91m[33m}[39m[31m[91m[33m.custom-range[39m[31m[91m[33m{[39m[31m[91mwidth[33m:[39m[31m[91m100%[33m;[39m[31m[91mheight[33m:[39m[31m[91m7px[33m;[39m[31m[91mpadding[33m:[39m[31m[91m0[33m;[39m[31m[91mbackground-color[33m:[39m[31m[91mtransparent[33m;[39m[31m[91m-webkit-appearance[33m:[39m[31m[91mnone[33m;[39m[31m[91m-moz-appearance[33m:[39m[31m[91mnone[33m;[39m[31m[91mappearance[33m:[39m[31m[91mnone[33m}[39m[31m[91m[33m.custom-range[39m[31m[91m[33m:[39m[31m[91mfocus[33m{[39m[31m[91moutline[33m:[39m[31m[91m0[33m}[39m[31m[91m[33m.custom-range[39m[31m[91m[33m:[39m[31m[91mfocus[33m:[39m[31m[91m[33m:[39m[31m[91m-webkit[39m[22m[1m[31m-slider-thumb[33m{[39m[31m[91mbox-shadow[33m:[39m[31m[91m0[33m}[39m[31m[91m[33m.custom-range[39m[31m[91m[33m:[39m[31m[91mfocus[33m:[39m[31m[91m[33m:[39m[31m[91m-moz-range-thumb[33m{[39m[31m[91mbox-shadow[33m:[39m[31m[91m0[33m}[39m[31m[91m[33m.custom-range[39m[31m[91m[33m:[39m[31m[91mfocus[33m:[39m[31m[91m[33m:[39m[31m[91m-ms-thumb[33m{[39m[31m[91mbox-shadow[33m:[39m[31m[91m0[33m}[39m[31m[91m[33m.custom-range[39m[31m[91m[33m:[39m[31m[91m[33m:[39m[31m[91m-moz-focus-outer[33m{[39m[31m[91mborder[33m:[39m[31m[91m0[33m}[39m[31m[91m[33m.custom-range[39m[31m[91m[33m:[39m[31m[91m[33m:[39m[31m[91m-webkit-slider-thumb[33m{[39m[31m[91mwidth[33m:[39m[31m[91m8px[33m;[39m[31m[91mheight[33m:[39m[31m[91m14px[33m;[39m[31m[91mbackground[33m:[39m[31m[91m[35m#000[39m[31m[91m[33m;[39m[31m[91mmargin[33m:[39m[31m[91m0[33m;[39m[31m[91mborder[33m:[39m[31m[91m0[33m;[39m[31m[91m-webkit-appearance[33m:[39m[31m[91mnone[33m;[39m[31m[91mappearance[33m:[39m[31m[91mnone[33m}[39m[31m[91m[33m.custom-range[39m[31m[91m[33m:[39m[31m[91m[33m:[39m[31m[91m-webkit-slider-runnable-track[33m{[39m[31m[91mwidth[33m:[39m[31m[91m100%[33m;[39m[31m[91mheight[33m:[39m[31m[91m14px[33m;[39m[31m[91mcolor[33m:[39m[31m[91mtransparent[33m;[39m[31m[91mcursor[33m:[39m[31m[91mnone[33m;[39m[31m[91mmargin[33m:[39m[31m[91m0[33m;[39m[31m[91mbackground[33m:[39m[31m[91m[36murl[39m[31m[91m[36m(../fonts/hyphen-black.svg)[39m[31m[91m repeat-x left center,[35m#bbb[39m[31m[91m[33m;[39m[31m[91mborder-color[33m:[39m[31m[91mtransparent[33m}[39m[31m[91m[33m.custom-range[39m[31m[91m[33m:[39m[31m[91m[33m:[39m[31m[91m-moz-range-thumb[33m{[39m[31m[91mwidth[33m:[39m[31m[91m8px[33m;[39m[31m[91mheight[33m:[39m[31m[91m11px[33m;[39m[31m[91mborder[33m:[39m[31m[91m0[33m;[39m[31m[91mmargin[33m:[39m[31m[91m0[33m;[39m[31m[91mpadding[33m:[39m[31m[91m0[33m;[39m[31m[91mbackground[33m:[39m[31m[91m[35m#000[39m[31m[91m[33m;[39m[31m[91mborder-radius[33m:[39m[31m[91m0[33m;[39m[31m[91m-moz-appearance[33m:[39m[31m[91mnone[33m;[39m[31m[91mappearance[33m:[39m[31m[91mnone[33m}[39m[31m[91m[33m.custom-range[39m[31m[91m[33m:[39m[31m[91m[33m:[39m[31m[91m-moz[39m[22m[1m[31m-range-track[33m{[39m[31m[91mwidth[33m:[39m[31m[91m100%[33m;[39m[31m[91mheight[33m:[39m[31m[91m14px[33m;[39m[31m[91mcolor[33m:[39m[31m[91mtransparent[33m;[39m[31m[91mcursor[33m:[39m[31m[91mnone[33m;[39m[31m[91mbackground[33m:[39m[31m[91m[36murl[39m[31m[91m[36m(../fonts/hyphen-black.svg)[39m[31m[91m repeat-x left center,[35m#bbb[39m[31m[91m[33m;[39m[31m[91mborder-color[33m:[39m[31m[91mtransparent[33m}[39m[31m[91m[33m.custom-range[39m[31m[91m[33m:[39m[31m[91m[33m:[39m[31m[91m-ms-thumb[33m{[39m[31m[91mwidth[33m:[39m[31m[91m8px[33m;[39m[31m[91mheight[33m:[39m[31m[91m14px[33m;[39m[31m[91mmargin-top[33m:[39m[31m[91m0[33m;[39m[31m[91mmargin-right[33m:[39m[31m[91m0[33m;[39m[31m[91mmargin-left[33m:[39m[31m[91m0[33m;[39m[31m[91mborder[33m:[39m[31m[91m0[33m;[39m[31m[91mappearance[33m:[39m[31m[91mnone[33m}[39m[31m[91m[33m.custom-range[39m[31m[91m[33m:[39m[31m[91m[33m:[39m[31m[91m-ms-track[33m{[39m[31m[91mwidth[33m:[39m[31m[91m100%[33m;[39m[31m[91mheight[33m:[39m[31m[91m14px[33m;[39m[31m[91mcolor[33m:[39m[31m[91mtransparent[33m;[39m[31m[91mcursor[33m:[39m[31m[91mnone[33m;[39m[31m[91mbackground-color[33m:[39m[31m[91mtransparent[33m;[39m[31m[91mborder-color[33m:[39m[31m[91mtransparent[33m;[39m[31m[91mborder-width[33m:[39m[31m[91m7px[33m}[39m[31m[91m[33m.custom-range[39m[31m[91m[33m:[39m[31m[91m[33m:[39m[31m[91m-ms-fill-lower[33m{[39m[31m[91mbackground-color[33m:[39m[31m[91m[35m#fff[39m[31m[91m[33m}[39m[31m[91m[33m.custom-range[39m[31m[91m[33m:[39m[31m[91m[33m:[39m[31m[91m-ms-fill-upper[33m{[39m[31m[91mmargin-right[33m:[39m[31m[91m15px[33m;[39m[31m[91mbackground-color[33m:[39m[31m[91m[35m#fff[39m[31m[91m[33m}[39m[31m[91m[33m.custom-range[39m[31m[91m[33m:[39m[31m[91mdisabled[33m:[39m[31m[91m[33m:[39m[31m[91m-webkit-slider-thumb[33m{[39m[31m[91mbackground-color[33m:[39m[31m[91m[35m#555[39m[31m[91m[33m}[39m[31m[91m[33m.custom-range[39m[31m[91m[33m:[39m[31m[91mdisabled[33m:[39m[31m[91m[33m:[39m[31m[91m-webkit-slider-runnable-track[33m{[39m[31m[91mcursor[33m:[39m[31m[91mdefault[33m}[39m[31m[91m[33m.custom-range[39m[31m[91m[33m:[39m[31m[91mdisabled[33m:[39m[31m[91m[33m:[39m[22m[1m[31m[39m[91m-moz-range-thumb[33m{[39m[31m[91mbackground-color[33m:[39m[31m[91m[35m#555[39m[31m[91m[33m}[39m[31m[91m[33m.custom-range[39m[31m[91m[33m:[39m[31m[91mdisabled[33m:[39m[31m[91m[33m:[39m[31m[91m-moz-range-track[33m{[39m[31m[91mcursor[33m:[39m[31m[91mdefault[33m}[39m[31m[91m[33m.custom-range[39m[31m[91m[33m:[39m[31m[91mdisabled[33m:[39m[31m[91m[33m:[39m[31m[91m-ms-thumb[33m{[39m[31m[91mbackground-color[33m:[39m[31m[91m[35m#555[39m[31m[91m[33m}[39m[31m[91m[33m.nav[39m[31m[91m[33m{[39m[31m[91mdisplay[33m:[39m[31m[91m-ms-flexbox[33m;[39m[31m[91mdisplay[33m:[39m[31m[91mflex[33m;[39m[31m[91m-ms-flex-wrap[33m:[39m[31m[91mnowrap[33m;[39m[31m[91mflex-wrap[33m:[39m[31m[91mnowrap[33m;[39m[31m[91mpadding-left[33m:[39m[31m[91m0[33m;[39m[31m[91mmargin-bottom[33m:[39m[31m[91m0[33m;[39m[31m[91mlist-style[33m:[39m[31m[91mnone[33m}[39m[31m[91m[33m.nav-link[39m[31m[91m[33m{[39m[31m[91mdisplay[33m:[39m[31m[91mblock[33m;[39m[31m[91mpadding[33m:[39m[31m[91m0 0[33m}[39m[31m[91m[33m.nav-link[39m[31m[91m[33m:[39m[31m[91mfocus,.nav-link[33m:[39m[31m[91mhover[33m{[39m[31m[91mtext-decoration[33m:[39m[31m[91mnone[33m}[39m[31m[91m[33m.nav-link.disabled[39m[31m[91m[33m{[39m[31m[91mcolor[33m:[39m[31m[91m[35m#555[39m[31m[91m[33m;[39m[31m[91mpointer-events[33m:[39m[31m[91mnone[33m;[39m[31m[91mcursor[33m:[39m[31m[91mdefault[33m}[39m[31m[91m[33m.nav-item[39m[31m[91m[33m{[39m[31m[91mpadding[33m:[39m[31m[91m0[33m}[39m[31m[91m[33m.nav-tabs[39m[31m[91m[33m{[39m[31m[91mheight[33m:[39m[31m[91m35px[33m;[39m[31m[91mmargin-left[33m:[39m[31m[91m0[33m;[39m[31m[91mpadding-left[33m:[39m[31m[91m8px[33m;[39m[31m[91mborder-bottom[33m:[39m[31m[91m1px solid [35m#bbb[39m[31m[91m[33m;[39m[31m[91mmargin-bottom[33m:[39m[31m[91m9px[33m}[39m[31m[91m[33m.nav-tabs[39m[31m[91m [33m.nav-item[39m[31m[91m[33m{[39m[31m[91mmargin[33m:[39m[31m[91m0[33m}[39m[31m[91m[33m.nav-tabs[39m[31m[91m [33m.nav-link[39m[31m[91m[33m{[39m[31m[91mborder[33m:[39m[31m[91m[33m.875px[39m[31m[91m solid [35m#bbb[39m[31m[91m[33m;[39m[31m[91mmargin-top[33m:[39m[31m[91m7px[33m;[39m[31m[91mpadding-top[33m:[39m[31m[91m6.125px[33m;[39m[31m[91[39m[22m[1m[31mmpadding-bottom[33m:[39m[31m[91m7px[33m;[39m[31m[91mmargin-bottom[33m:[39m[31m[91m6.125px[33m;[39m[31m[91mborder-left-width[33m:[39m[31m[91m2px[33m;[39m[31m[91mborder-right-width[33m:[39m[31m[91m2px[33m;[39m[31m[91mmargin-left[33m:[39m[31m[91m3.5px[33m;[39m[31m[91mpadding-left[33m:[39m[31m[91m10.5px[33m;[39m[31m[91mpadding-right[33m:[39m[31m[91m11.5px[33m;[39m[31m[91mmargin-right[33m:[39m[31m[91m2.5px[33m;[39m[31m[91mcolor[33m:[39m[31m[91m[35m#bbb[39m[31m[91m[33m;[39m[31m[91mbackground-color[33m:[39m[31m[91m[35m#000084[39m[31m[91m[33m;[39m[31m[91mborder-bottom[33m:[39m[31m[91m0[33m}[39m[31m[91m[33m.nav-tabs[39m[31m[91m [33m.nav-link.disabled[39m[31m[91m[33m{[39m[31m[91mborder[33m:[39m[31m[91m0[33m;[39m[31m[91mpadding-bottom[33m:[39m[31m[91m0[33m;[39m[31m[91mcolor[33m:[39m[31m[91m[35m#555[39m[31m[91m[33m}[39m[31m[91m[33m.nav-tabs[39m[31m[91m [33m.nav-item.show[39m[31m[91m [33m.nav-link,.nav-tabs[39m[31m[91m [33m.nav-link.active[39m[31m[91m[33m{[39m[31m[91moutline[33m:[39m[31m[91m0[33m;[39m[31m[91mcolor[33m:[39m[31m[91m[35m#fff[39m[31m[91m[33m}[39m[31m[91m[33m.nav-tabs[39m[31m[91m [33m.dropdown-menu[39m[31m[91m[33m{[39m[31m[91mmargin-top[33m:[39m[31m[91m-1px[33m;[39m[31m[91mmargin-left[33m:[39m[31m[91m0[33m}[39m[31m[91m[33m.nav-pills[39m[31m[91m [33m.nav-link[39m[31m[91m[33m:[39m[31m[91m[33m:[39m[31m[91mbefore[33m{[39m[31m[91mcontent[33m:[39m[31m[91m[32m'('[39m[31m[91m[33m;[39m[31m[91mmargin-right[33m:[39m[31m[91m8px[33m}[39m[31m[91m[33m.nav-pills[39m[31m[91m [33m.nav-link[39m[31m[91m[33m:[39m[31m[91m[33m:[39m[31m[91mafter[33m{[39m[31m[91mcontent[33m:[39m[31m[91m[32m')'[39m[31m[91m[33m;[39m[31m[91mmargin-left[33m:[39m[31m[91m8px[33m}[39m[31m[91m[33m.nav-pills[39m[31m[91m [33m.nav-link.active,.nav-pills[39m[31m[91m [33m.show>.nav-link[39m[31m[91m[33m{[39m[31m[91mcolor[33m:[39m[31m[91m[35m#fff[39m[31m[91m[33m;[39m[31m[91mbackground-color[33m:[39m[31m[91m[35m#000[39m[31m[91m[33m}[39m[31m[91m[33m.nav-fill[39m[31m[91m [33m.nav-item[39m[31m[91m[33m{[39m[31m[91m-ms-flex[33m:[39m[31m[91m1 1 auto[33m;[39m[31m[91mflex[33m:[39m[31m[91m1 1 auto[33m;[39m[31m[91mtext-[39m[22m[1m[31malign[33m:[39m[31m[91mcenter[33m}[39m[31m[91m[33m.nav-justified[39m[31m[91m [33m.nav-item[39m[31m[91m[33m{[39m[31m[91m-ms-flex-preferred-size[33m:[39m[31m[91m0[33m;[39m[31m[91mflex-basis[33m:[39m[31m[91m0[33m;[39m[31m[91m-ms-flex-positive[33m:[39m[31m[91m1[33m;[39m[31m[91mflex-grow[33m:[39m[31m[91m1[33m;[39m[31m[91mtext-align[33m:[39m[31m[91mcenter[33m}[39m[31m[91m[33m.tab-content>.tab-pane[39m[31m[91m[33m{[39m[31m[91mdisplay[33m:[39m[31m[91mnone[33m}[39m[31m[91m[33m.tab-content>.active[39m[31m[91m[33m{[39m[31m[91mdisplay[33m:[39m[31m[91mblock[33m}[39m[31m[91m[33m.navbar[39m[31m[91m[33m{[39m[31m[91mposition[33m:[39m[31m[91mrelative[33m;[39m[31m[91mdisplay[33m:[39m[31m[91m-ms-flexbox[33m;[39m[31m[91mdisplay[33m:[39m[31m[91mflex[33m;[39m[31m[91m-ms-flex-wrap[33m:[39m[31m[91mwrap[33m;[39m[31m[91mflex-wrap[33m:[39m[31m[91mwrap[33m;[39m[31m[91m-ms-flex-align[33m:[39m[31m[91mcenter[33m;[39m[31m[91malign-items[33m:[39m[31m[91mcenter[33m;[39m[31m[91m-ms-flex-pack[33m:[39m[31m[91mjustify[33m;[39m[31m[91mjustify-content[33m:[39m[31m[91mspace-between[33m;[39m[31m[91mpadding[33m:[39m[31m[91m0[33m}[39m[31m[91m[33m.navbar[39m[31m[91m [33m.container,.navbar[39m[31m[91m [33m.container-fluid,.navbar[39m[31m[91m [33m.container-lg,.navbar[39m[31m[91m [33m.container-md,.navbar[39m[31m[91m [33m.container-sm,.navbar[39m[31m[91m [33m.container-xl[39m[31m[91m[33m{[39m[31m[91mdisplay[33m:[39m[31m[91m-ms-flexbox[33m;[39m[31m[91mdisplay[33m:[39m[31m[91mflex[33m;[39m[31m[91m-ms-flex-wrap[33m:[39m[31m[91mwrap[33m;[39m[31m[91mflex-wrap[33m:[39m[31m[91mwrap[33m;[39m[31m[91m-ms-flex-align[33m:[39m[31m[91mcenter[33m;[39m[31m[91malign-items[33m:[39m[31m[91mcenter[33m;[39m[31m[91m-ms-flex-pack[33m:[39m[31m[91mjustify[33m;[39m[31m[91mjustify-content[33m:[39m[31m[91mspace-between[33m}[39m[31m[91m[33m.navbar-brand[39m[31m[91m[33m{[39m[31m[91mdisplay[33m:[39m[31m[91minline-block[33m;[39m[31m[91mmargin[33m:[39m[31m[91m0[33m;[39m[31m[91mpadding[33m:[39m[31m[91m0 8px[33m;[39m[31m[91mline-height[33m:[39m[31m[91minherit[33m;[39m[31m[91mwhite-space[33m:[39m[31m[91mnowrap[33m;[39m[31m[91mco[39m[22m[1m[31mlor[33m:[39m[31m[91m[35m#000084[39m[31m[91m[33m}[39m[31m[91m[33m.navbar-brand[39m[31m[91m[33m:[39m[31m[91mfocus,.navbar-brand[33m:[39m[31m[91mhover[33m{[39m[31m[91mtext-decoration[33m:[39m[31m[91mnone[33m}[39m[31m[91m[33m.navbar-nav[39m[31m[91m[33m{[39m[31m[91mdisplay[33m:[39m[31m[91m-ms-flexbox[33m;[39m[31m[91mdisplay[33m:[39m[31m[91mflex[33m;[39m[31m[91m-ms-flex-direction[33m:[39m[31m[91mcolumn[33m;[39m[31m[91mflex-direction[33m:[39m[31m[91mcolumn[33m;[39m[31m[91mpadding-left[33m:[39m[31m[91m0[33m;[39m[31m[91mmargin-bottom[33m:[39m[31m[91m0[33m;[39m[31m[91mlist-style[33m:[39m[31m[91mnone[33m}[39m[31m[91m[33m.navbar-nav[39m[31m[91m [33m.nav-link[39m[31m[91m[33m{[39m[31m[91mpadding-right[33m:[39m[31m[91m0[33m;[39m[31m[91mpadding-left[33m:[39m[31m[91m0[33m}[39m[31m[91m[33m.navbar-nav[39m[31m[91m [33m.dropdown-menu[39m[31m[91m[33m{[39m[31m[91mposition[33m:[39m[31m[91mstatic[33m;[39m[31m[91mfloat[33m:[39m[31m[91mnone[33m}[39m[31m[91m[33m.navbar-text[39m[31m[91m[33m{[39m[31m[91mdisplay[33m:[39m[31m[91minline-block[33m;[39m[31m[91mpadding-top[33m:[39m[31m[91m0[33m;[39m[31m[91mpadding-bottom[33m:[39m[31m[91m0[33m}[39m[31m[91m[33m.navbar-collapse[39m[31m[91m[33m{[39m[31m[91m-ms-flex-preferred-size[33m:[39m[31m[91m100%[33m;[39m[31m[91mflex-basis[33m:[39m[31m[91m100%[33m;[39m[31m[91m-ms-flex-positive[33m:[39m[31m[91m1[33m;[39m[31m[91mflex-grow[33m:[39m[31m[91m1[33m;[39m[31m[91m-ms-flex-align[33m:[39m[31m[91mcenter[33m;[39m[31m[91malign-items[33m:[39m[31m[91mcenter[33m}[39m[31m[91m[33m.navbar-toggler[39m[31m[91m[33m{[39m[31m[91mpadding[33m:[39m[31m[91m0 0[33m;[39m[31m[91mfont-size[33m:[39m[31m[91m16px[33m;[39m[31m[91mbackground-color[33m:[39m[31m[91mtransparent[33m;[39m[31m[91mborder[33m:[39m[31m[91m0 solid transparent[33m}[39m[31m[91m[33m.navbar-toggler[39m[31m[91m[33m:[39m[31m[91mfocus,.navbar-toggler[33m:[39m[31m[91mhover[33m{[39m[31m[91mtext-decoration[33m:[39m[31m[91mnone[33m}[39m[31m[91m[33m.navbar-toggler-icon[39m[31m[91m[33m{[39m[31m[91mdisplay[33m:[39m[31m[91minline-block[33m;[39m[31m[91mwidth[33m:[39m[31m[91m16px[33m;[39m[31m[91mheight[33m:[39m[31m[39m[22m[1m[31m[91m14px[33m;[39m[31m[91mvertical-align[33m:[39m[31m[91mmiddle[33m;[39m[31m[91mcontent[33m:[39m[31m[91m[32m""[39m[31m[91m[33m;[39m[31m[91mbackground[33m:[39m[31m[91mno-repeat center center[33m;[39m[31m[91mbackground-size[33m:[39m[31m[91m100% 100%[33m}[39m[31m[91m[36m@media[39m[31m[91m[36m [39m[31m[91m[36m(max-width:575.98px)[39m[31m[91m[33m{[39m[31m[91m[33m.navbar-expand-sm>.container,.navbar-expand-sm>.container-fluid,.navbar-expand-sm>.container-lg,.navbar-expand-sm>.container-md,.navbar-expand-sm>.container-sm,.navbar-expand-sm>.container-xl[39m[31m[91m[33m{[39m[31m[91mpadding-right[33m:[39m[31m[91m0[33m;[39m[31m[91mpadding-left[33m:[39m[31m[91m0[33m}[39m[31m[91m[33m}[39m[31m[91m[36m@media[39m[31m[91m[36m [39m[31m[91m[36m(min-width:576px)[39m[31m[91m[33m{[39m[31m[91m[33m.navbar-expand-sm[39m[31m[91m[33m{[39m[31m[91m-ms-flex-flow[33m:[39m[31m[91mrow nowrap[33m;[39m[31m[91mflex-flow[33m:[39m[31m[91mrow nowrap[33m;[39m[31m[91m-ms-flex-pack[33m:[39m[31m[91mstart[33m;[39m[31m[91mjustify-content[33m:[39m[31m[91mflex-start[33m}[39m[31m[91m[33m.navbar-expand-sm[39m[31m[91m [33m.navbar-nav[39m[31m[91m[33m{[39m[31m[91m-ms-flex-direction[33m:[39m[31m[91mrow[33m;[39m[31m[91mflex-direction[33m:[39m[31m[91mrow[33m}[39m[31m[91m[33m.navbar-expand-sm[39m[31m[91m [33m.navbar-nav[39m[31m[91m [33m.dropdown-menu[39m[31m[91m[33m{[39m[31m[91mposition[33m:[39m[31m[91mabsolute[33m}[39m[31m[91m[33m.navbar-expand-sm[39m[31m[91m [33m.navbar-nav[39m[31m[91m [33m.nav-link[39m[31m[91m[33m{[39m[31m[91mpadding-right[33m:[39m[31m[91m8px[33m;[39m[31m[91mpadding-left[33m:[39m[31m[91m8px[33m}[39m[31m[91m[33m.navbar-expand-sm>.container,.navbar-expand-sm>.container-fluid,.navbar-expand-sm>.container-lg,.navbar-expand-sm>.container-md,.navbar-expand-sm>.container-sm,.navbar-expand-sm>.container-xl[39m[31m[91m[33m{[39m[31m[91m-ms-flex-wrap[33m:[39m[31m[91mnowrap[33m;[39m[31m[91mflex-wrap[33m:[39m[31m[91mnowrap[33m}[39m[31m[91m[33m.navbar-expand-sm[39m[31m[91m [33m.navbar-collapse[39m[31m[91m[33m{[39m[31m[91mdisplay[33m:[39m[31m[91m-ms-flexbox!important[33m;[39m[31m[91[39m[22m[1m[31mmdisplay[33m:[39m[31m[91mflex!important[33m;[39m[31m[91m-ms-flex-preferred-size[33m:[39m[31m[91mauto[33m;[39m[31m[91mflex-basis[33m:[39m[31m[91mauto[33m}[39m[31m[91m[33m.navbar-expand-sm[39m[31m[91m [33m.navbar-toggler[39m[31m[91m[33m{[39m[31m[91mdisplay[33m:[39m[31m[91mnone[33m}[39m[31m[91m[33m}[39m[31m[91m[36m@media[39m[31m[91m[36m [39m[31m[91m[36m(max-width:767.98px)[39m[31m[91m[33m{[39m[31m[91m[33m.navbar-expand-md>.container,.navbar-expand-md>.container-fluid,.navbar-expand-md>.container-lg,.navbar-expand-md>.container-md,.navbar-expand-md>.container-sm,.navbar-expand-md>.container-xl[39m[31m[91m[33m{[39m[31m[91mpadding-right[33m:[39m[31m[91m0[33m;[39m[31m[91mpadding-left[33m:[39m[31m[91m0[33m}[39m[31m[91m[33m}[39m[31m[91m[36m@media[39m[31m[91m[36m [39m[31m[91m[36m(min-width:768px)[39m[31m[91m[33m{[39m[31m[91m[33m.navbar-expand-md[39m[31m[91m[33m{[39m[31m[91m-ms-flex-flow[33m:[39m[31m[91mrow nowrap[33m;[39m[31m[91mflex-flow[33m:[39m[31m[91mrow nowrap[33m;[39m[31m[91m-ms-flex-pack[33m:[39m[31m[91mstart[33m;[39m[31m[91mjustify-content[33m:[39m[31m[91mflex-start[33m}[39m[31m[91m[33m.navbar-expand-md[39m[31m[91m [33m.navbar-nav[39m[31m[91m[33m{[39m[31m[91m-ms-flex-direction[33m:[39m[31m[91mrow[33m;[39m[31m[91mflex-direction[33m:[39m[31m[91mrow[33m}[39m[31m[91m[33m.navbar-expand-md[39m[31m[91m [33m.navbar-nav[39m[31m[91m [33m.dropdown-menu[39m[31m[91m[33m{[39m[31m[91mposition[33m:[39m[31m[91mabsolute[33m}[39m[31m[91m[33m.navbar-expand-md[39m[31m[91m [33m.navbar-nav[39m[31m[91m [33m.nav-link[39m[31m[91m[33m{[39m[31m[91mpadding-right[33m:[39m[31m[91m8px[33m;[39m[31m[91mpadding-left[33m:[39m[31m[91m8px[33m}[39m[31m[91m[33m.navbar-expand-md>.container,.navbar-expand-md>.container-fluid,.navbar-expand-md>.container-lg,.navbar-expand-md>.container-md,.navbar-expand-md>.container-sm,.navbar-expand-md>.container-xl[39m[31m[91m[33m{[39m[31m[91m-ms-flex-wrap[33m:[39m[31m[91mnowrap[33m;[39m[31m[91mflex-wrap[33m:[39m[31m[91mnowrap[33m}[39m[31m[91m[33m.navbar-expand-md[39m[31m[91m [33m.navbar-collapse[39m[31m[91m[33m{[39m[31m[91mdisplay[33m:[[39m[22m[1m[31m39m[91m-ms-flexbox!important[33m;[39m[31m[91mdisplay[33m:[39m[31m[91mflex!important[33m;[39m[31m[91m-ms-flex-preferred-size[33m:[39m[31m[91mauto[33m;[39m[31m[91mflex-basis[33m:[39m[31m[91mauto[33m}[39m[31m[91m[33m.navbar-expand-md[39m[31m[91m [33m.navbar-toggler[39m[31m[91m[33m{[39m[31m[91mdisplay[33m:[39m[31m[91mnone[33m}[39m[31m[91m[33m}[39m[31m[91m[36m@media[39m[31m[91m[36m [39m[31m[91m[36m(max-width:959.98px)[39m[31m[91m[33m{[39m[31m[91m[33m.navbar-expand-lg>.container,.navbar-expand-lg>.container-fluid,.navbar-expand-lg>.container-lg,.navbar-expand-lg>.container-md,.navbar-expand-lg>.container-sm,.navbar-expand-lg>.container-xl[39m[31m[91m[33m{[39m[31m[91mpadding-right[33m:[39m[31m[91m0[33m;[39m[31m[91mpadding-left[33m:[39m[31m[91m0[33m}[39m[31m[91m[33m}[39m[31m[91m[36m@media[39m[31m[91m[36m [39m[31m[91m[36m(min-width:960px)[39m[31m[91m[33m{[39m[31m[91m[33m.navbar-expand-lg[39m[31m[91m[33m{[39m[31m[91m-ms-flex-flow[33m:[39m[31m[91mrow nowrap[33m;[39m[31m[91mflex-flow[33m:[39m[31m[91mrow nowrap[33m;[39m[31m[91m-ms-flex-pack[33m:[39m[31m[91mstart[33m;[39m[31m[91mjustify-content[33m:[39m[31m[91mflex-start[33m}[39m[31m[91m[33m.navbar-expand-lg[39m[31m[91m [33m.navbar-nav[39m[31m[91m[33m{[39m[31m[91m-ms-flex-direction[33m:[39m[31m[91mrow[33m;[39m[31m[91mflex-direction[33m:[39m[31m[91mrow[33m}[39m[31m[91m[33m.navbar-expand-lg[39m[31m[91m [33m.navbar-nav[39m[31m[91m [33m.dropdown-menu[39m[31m[91m[33m{[39m[31m[91mposition[33m:[39m[31m[91mabsolute[33m}[39m[31m[91m[33m.navbar-expand-lg[39m[31m[91m [33m.navbar-nav[39m[31m[91m [33m.nav-link[39m[31m[91m[33m{[39m[31m[91mpadding-right[33m:[39m[31m[91m8px[33m;[39m[31m[91mpadding-left[33m:[39m[31m[91m8px[33m}[39m[31m[91m[33m.navbar-expand-lg>.container,.navbar-expand-lg>.container-fluid,.navbar-expand-lg>.container-lg,.navbar-expand-lg>.container-md,.navbar-expand-lg>.container-sm,.navbar-expand-lg>.container-xl[39m[31m[91m[33m{[39m[31m[91m-ms-flex-wrap[33m:[39m[31m[91mnowrap[33m;[39m[31m[91mflex-wrap[33m:[39m[31m[91mnowrap[33m}[39m[31m[91m[33m.navbar-expand-lg[39m[31m[91m [33m.navbar-colla[39m[22m[1m[31mpse[39m[31m[91m[33m{[39m[31m[91mdisplay[33m:[39m[31m[91m-ms-flexbox!important[33m;[39m[31m[91mdisplay[33m:[39m[31m[91mflex!important[33m;[39m[31m[91m-ms-flex-preferred-size[33m:[39m[31m[91mauto[33m;[39m[31m[91mflex-basis[33m:[39m[31m[91mauto[33m}[39m[31m[91m[33m.navbar-expand-lg[39m[31m[91m [33m.navbar-toggler[39m[31m[91m[33m{[39m[31m[91mdisplay[33m:[39m[31m[91mnone[33m}[39m[31m[91m[33m}[39m[31m[91m[36m@media[39m[31m[91m[36m [39m[31m[91m[36m(max-width:1151.98px)[39m[31m[91m[33m{[39m[31m[91m[33m.navbar-expand-xl>.container,.navbar-expand-xl>.container-fluid,.navbar-expand-xl>.container-lg,.navbar-expand-xl>.container-md,.navbar-expand-xl>.container-sm,.navbar-expand-xl>.container-xl[39m[31m[91m[33m{[39m[31m[91mpadding-right[33m:[39m[31m[91m0[33m;[39m[31m[91mpadding-left[33m:[39m[31m[91m0[33m}[39m[31m[91m[33m}[39m[31m[91m[36m@media[39m[31m[91m[36m [39m[31m[91m[36m(min-width:1152px)[39m[31m[91m[33m{[39m[31m[91m[33m.navbar-expand-xl[39m[31m[91m[33m{[39m[31m[91m-ms-flex-flow[33m:[39m[31m[91mrow nowrap[33m;[39m[31m[91mflex-flow[33m:[39m[31m[91mrow nowrap[33m;[39m[31m[91m-ms-flex-pack[33m:[39m[31m[91mstart[33m;[39m[31m[91mjustify-content[33m:[39m[31m[91mflex-start[33m}[39m[31m[91m[33m.navbar-expand-xl[39m[31m[91m [33m.navbar-nav[39m[31m[91m[33m{[39m[31m[91m-ms-flex-direction[33m:[39m[31m[91mrow[33m;[39m[31m[91mflex-direction[33m:[39m[31m[91mrow[33m}[39m[31m[91m[33m.navbar-expand-xl[39m[31m[91m [33m.navbar-nav[39m[31m[91m [33m.dropdown-menu[39m[31m[91m[33m{[39m[31m[91mposition[33m:[39m[31m[91mabsolute[33m}[39m[31m[91m[33m.navbar-expand-xl[39m[31m[91m [33m.navbar-nav[39m[31m[91m [33m.nav-link[39m[31m[91m[33m{[39m[31m[91mpadding-right[33m:[39m[31m[91m8px[33m;[39m[31m[91mpadding-left[33m:[39m[31m[91m8px[33m}[39m[31m[91m[33m.navbar-expand-xl>.container,.navbar-expand-xl>.container-fluid,.navbar-expand-xl>.container-lg,.navbar-expand-xl>.container-md,.navbar-expand-xl>.container-sm,.navbar-expand-xl>.container-xl[39m[31m[91m[33m{[39m[31m[91m-ms-flex-wrap[33m:[39m[31m[91mnowrap[33m;[39m[31m[91mflex-wrap[33m:[39m[31m[91mnowrap[33m}[39m[31m[91m[33m[39m[22m[1m[31m.navbar-expand-xl[39m[31m[91m [33m.navbar-collapse[39m[31m[91m[33m{[39m[31m[91mdisplay[33m:[39m[31m[91m-ms-flexbox!important[33m;[39m[31m[91mdisplay[33m:[39m[31m[91mflex!important[33m;[39m[31m[91m-ms-flex-preferred-size[33m:[39m[31m[91mauto[33m;[39m[31m[91mflex-basis[33m:[39m[31m[91mauto[33m}[39m[31m[91m[33m.navbar-expand-xl[39m[31m[91m [33m.navbar-toggler[39m[31m[91m[33m{[39m[31m[91mdisplay[33m:[39m[31m[91mnone[33m}[39m[31m[91m[33m}[39m[31m[91m[33m.navbar-expand[39m[31m[91m[33m{[39m[31m[91m-ms-flex-flow[33m:[39m[31m[91mrow nowrap[33m;[39m[31m[91mflex-flow[33m:[39m[31m[91mrow nowrap[33m;[39m[31m[91m-ms-flex-pack[33m:[39m[31m[91mstart[33m;[39m[31m[91mjustify-content[33m:[39m[31m[91mflex-start[33m}[39m[31m[91m[33m.navbar-expand>.container,.navbar-expand>.container-fluid,.navbar-expand>.container-lg,.navbar-expand>.container-md,.navbar-expand>.container-sm,.navbar-expand>.container-xl[39m[31m[91m[33m{[39m[31m[91mpadding-right[33m:[39m[31m[91m0[33m;[39m[31m[91mpadding-left[33m:[39m[31m[91m0[33m}[39m[31m[91m[33m.navbar-expand[39m[31m[91m [33m.navbar-nav[39m[31m[91m[33m{[39m[31m[91m-ms-flex-direction[33m:[39m[31m[91mrow[33m;[39m[31m[91mflex-direction[33m:[39m[31m[91mrow[33m}[39m[31m[91m[33m.navbar-expand[39m[31m[91m [33m.navbar-nav[39m[31m[91m [33m.dropdown-menu[39m[31m[91m[33m{[39m[31m[91mposition[33m:[39m[31m[91mabsolute[33m}[39m[31m[91m[33m.navbar-expand[39m[31m[91m [33m.navbar-nav[39m[31m[91m [33m.nav-link[39m[31m[91m[33m{[39m[31m[91mpadding-right[33m:[39m[31m[91m8px[33m;[39m[31m[91mpadding-left[33m:[39m[31m[91m8px[33m}[39m[31m[91m[33m.navbar-expand>.container,.navbar-expand>.container-fluid,.navbar-expand>.container-lg,.navbar-expand>.container-md,.navbar-expand>.container-sm,.navbar-expand>.container-xl[39m[31m[91m[33m{[39m[31m[91m-ms-flex-wrap[33m:[39m[31m[91mnowrap[33m;[39m[31m[91mflex-wrap[33m:[39m[31m[91mnowrap[33m}[39m[31m[91m[33m.navbar-expand[39m[31m[91m [33m.navbar-collapse[39m[31m[91m[33m{[39m[31m[91mdisplay[33m:[39m[31m[91m-ms-flexbox!important[33m;[39m[31m[91mdisplay[33m:[39m[31m[91mflex!important[33m;[39m[31m[91m-ms-flex[39m[22m[1m[31m-preferred-size[33m:[39m[31m[91mauto[33m;[39m[31m[91mflex-basis[33m:[39m[31m[91mauto[33m}[39m[31m[91m[33m.navbar-expand[39m[31m[91m [33m.navbar-toggler[39m[31m[91m[33m{[39m[31m[91mdisplay[33m:[39m[31m[91mnone[33m}[39m[31m[91m[33m.navbar-light[39m[31m[91m [33m.navbar-brand[39m[31m[91m[33m{[39m[31m[91mcolor[33m:[39m[31m[91m[35m#000[39m[31m[91m[33m}[39m[31m[91m[33m.navbar-light[39m[31m[91m [33m.navbar-brand[39m[31m[91m[33m:[39m[31m[91mfocus,.navbar-light [33m.navbar-brand[39m[31m[91m[33m:[39m[31m[91mhover[33m{[39m[31m[91mcolor[33m:[39m[31m[91m[35m#fff[39m[31m[91m[33m;[39m[31m[91mbackground[33m:[39m[31m[91m[35m#000[39m[31m[91m[33m}[39m[31m[91m[33m.navbar-light[39m[31m[91m [33m.navbar-nav[39m[31m[91m [33m.nav-link[39m[31m[91m[33m{[39m[31m[91mcolor[33m:[39m[31m[91m[35m#000[39m[31m[91m[33m}[39m[31m[91m[33m.navbar-light[39m[31m[91m [33m.navbar-nav[39m[31m[91m [33m.nav-link[39m[31m[91m[33m:[39m[31m[91mfocus,.navbar-light [33m.navbar-nav[39m[31m[91m [33m.nav-link[39m[31m[91m[33m:[39m[31m[91mhover[33m{[39m[31m[91mcolor[33m:[39m[31m[91m[35m#fff[39m[31m[91m[33m;[39m[31m[91mbackground[33m:[39m[31m[91m[35m#000[39m[31m[91m[33m}[39m[31m[91m[33m.navbar-light[39m[31m[91m [33m.navbar-nav[39m[31m[91m [33m.nav-link.disabled[39m[31m[91m[33m{[39m[31m[91mcolor[33m:[39m[31m[91m[35m#bbb[39m[31m[91m[33m}[39m[31m[91m[33m.navbar-light[39m[31m[91m [33m.navbar-nav[39m[31m[91m [33m.active>.nav-link,.navbar-light[39m[31m[91m [33m.navbar-nav[39m[31m[91m [33m.nav-link.active,.navbar-light[39m[31m[91m [33m.navbar-nav[39m[31m[91m [33m.nav-link.show,.navbar-light[39m[31m[91m [33m.navbar-nav[39m[31m[91m [33m.show>.nav-link[39m[31m[91m[33m{[39m[31m[91mcolor[33m:[39m[31m[91m[35m#bbb[39m[31m[91m[33m;[39m[31m[91mbackground[33m:[39m[31m[91m[35m#000[39m[31m[91m[33m}[39m[31m[91m[33m.navbar-light[39m[31m[91m [33m.navbar-toggler[39m[31m[91m[33m{[39m[31m[91mcolor[33m:[39m[31m[91m[35m#000[39m[31m[91m[33m}[39m[31m[91m[33m.navbar-light[39m[31m[91m [33m.navbar-text[39m[31m[91m[33m{[39m[31m[91mcolor[33m:[39m[31m[91m[35m#000[39m[31m[91m[33m}[39m[31m[91m[33m.navbar-light[39m[31m[91m [33m.navbar-text[39[39m[22m[1m[31mm[91m a[33m{[39m[31m[91mcolor[33m:[39m[31m[91m[35m#bbb[39m[31m[91m[33m;[39m[31m[91mbackground[33m:[39m[31m[91m[35m#000[39m[31m[91m[33m}[39m[31m[91m[33m.navbar-light[39m[31m[91m [33m.navbar-text[39m[31m[91m a[33m:[39m[31m[91mfocus,.navbar-light [33m.navbar-text[39m[31m[91m a[33m:[39m[31m[91mhover[33m{[39m[31m[91mcolor[33m:[39m[31m[91m[35m#bbb[39m[31m[91m[33m}[39m[31m[91m[33m.navbar-dark[39m[31m[91m [33m.navbar-brand[39m[31m[91m[33m{[39m[31m[91mcolor[33m:[39m[31m[91m[35m#000[39m[31m[91m[33m}[39m[31m[91m[33m.navbar-dark[39m[31m[91m [33m.navbar-brand[39m[31m[91m[33m:[39m[31m[91mfocus,.navbar-dark [33m.navbar-brand[39m[31m[91m[33m:[39m[31m[91mhover[33m{[39m[31m[91mcolor[33m:[39m[31m[91m[35m#fff[39m[31m[91m[33m;[39m[31m[91mbackground[33m:[39m[31m[91m[35m#000[39m[31m[91m[33m}[39m[31m[91m[33m.navbar-dark[39m[31m[91m [33m.navbar-nav[39m[31m[91m [33m.nav-link[39m[31m[91m[33m{[39m[31m[91mcolor[33m:[39m[31m[91m[35m#000[39m[31m[91m[33m}[39m[31m[91m[33m.navbar-dark[39m[31m[91m [33m.navbar-nav[39m[31m[91m [33m.nav-link[39m[31m[91m[33m:[39m[31m[91mfocus,.navbar-dark [33m.navbar-nav[39m[31m[91m [33m.nav-link[39m[31m[91m[33m:[39m[31m[91mhover[33m{[39m[31m[91mcolor[33m:[39m[31m[91m[35m#bbb[39m[31m[91m[33m;[39m[31m[91mbackground[33m:[39m[31m[91m[35m#000[39m[31m[91m[33m}[39m[31m[91m[33m.navbar-dark[39m[31m[91m [33m.navbar-nav[39m[31m[91m [33m.nav-link.disabled[39m[31m[91m[33m{[39m[31m[91mcolor[33m:[39m[31m[91m[35m#555[39m[31m[91m[33m}[39m[31m[91m[33m.navbar-dark[39m[31m[91m [33m.navbar-nav[39m[31m[91m [33m.active>.nav-link,.navbar-dark[39m[31m[91m [33m.navbar-nav[39m[31m[91m [33m.nav-link.active,.navbar-dark[39m[31m[91m [33m.navbar-nav[39m[31m[91m [33m.nav-link.show,.navbar-dark[39m[31m[91m [33m.navbar-nav[39m[31m[91m [33m.show>.nav-link[39m[31m[91m[33m{[39m[31m[91mcolor[33m:[39m[31m[91m[35m#bbb[39m[31m[91m[33m;[39m[31m[91mbackground[33m:[39m[31m[91m[35m#000[39m[31m[91m[33m}[39m[31m[91m[33m.navbar-dark.bg-dark[39m[31m[91m [33m.nav-link,.navbar-dark.bg-dark[39m[31m[91m [33m.navbar-brand[39m[31m[91m[33m{[39m[31m[91mcolor[33m:[39m[31m[91m[35m#fff[39m[31m[91m[33m}[39m[31m[[39m[22m[1m[31m91m[33m.navbar-dark[39m[31m[91m [33m.navbar-toggler[39m[31m[91m[33m{[39m[31m[91mcolor[33m:[39m[31m[91m[35m#000[39m[31m[91m[33m;[39m[31m[91mborder-color[33m:[39m[31m[91m[35m#fff[39m[31m[91m[33m}[39m[31m[91m[33m.navbar-dark[39m[31m[91m [33m.navbar-text[39m[31m[91m[33m{[39m[31m[91mcolor[33m:[39m[31m[91m[35m#000[39m[31m[91m[33m}[39m[31m[91m[33m.navbar-dark[39m[31m[91m [33m.navbar-text[39m[31m[91m a[33m{[39m[31m[91mcolor[33m:[39m[31m[91m[35m#bbb[39m[31m[91m[33m;[39m[31m[91mbackground[33m:[39m[31m[91m[35m#000[39m[31m[91m[33m}[39m[31m[91m[33m.navbar-dark[39m[31m[91m [33m.navbar-text[39m[31m[91m a[33m:[39m[31m[91mfocus,.navbar-dark [33m.navbar-text[39m[31m[91m a[33m:[39m[31m[91mhover[33m{[39m[31m[91mcolor[33m:[39m[31m[91m[35m#bbb[39m[31m[91m[33m}[39m[31m[91m[33m.card[39m[31m[91m[33m{[39m[31m[91mposition[33m:[39m[31m[91mrelative[33m;[39m[31m[91mdisplay[33m:[39m[31m[91m-ms-flexbox[33m;[39m[31m[91mdisplay[33m:[39m[31m[91mflex[33m;[39m[31m[91m-ms-flex-direction[33m:[39m[31m[91mcolumn[33m;[39m[31m[91mflex-direction[33m:[39m[31m[91mcolumn[33m;[39m[31m[91mmin-width[33m:[39m[31m[91m0[33m;[39m[31m[91mword-wrap[33m:[39m[31m[91mbreak-word[33m;[39m[31m[91mbackground-color[33m:[39m[31m[91m[35m#bbb[39m[31m[91m[33m;[39m[31m[91mbackground-clip[33m:[39m[31m[91mborder-box[33m;[39m[31m[91mborder-radius[33m:[39m[31m[91m0[33m}[39m[31m[91m[33m.card>hr[39m[31m[91m[33m{[39m[31m[91mmargin-right[33m:[39m[31m[91m0[33m;[39m[31m[91mmargin-left[33m:[39m[31m[91m0[33m}[39m[31m[91m[33m.card-body[39m[31m[91m[33m{[39m[31m[91m-ms-flex[33m:[39m[31m[91m1 1 auto[33m;[39m[31m[91mflex[33m:[39m[31m[91m1 1 auto[33m;[39m[31m[91mmin-height[33m:[39m[31m[91m1px[33m;[39m[31m[91mpadding[33m:[39m[31m[91m14px 16px[33m;[39m[31m[91mcolor[33m:[39m[31m[91m[35m#000[39m[31m[91m[33m}[39m[31m[91m[33m.card-title[39m[31m[91m[33m{[39m[31m[91mmargin-bottom[33m:[39m[31m[91m0[33m}[39m[31m[91m[33m.card-subtitle[39m[31m[91m[33m{[39m[31m[91mmargin-top[33m:[39m[31m[91m0[33m;[39m[31m[91mmargin-bottom[33m:[39m[31m[91m0[33m}[39m[31m[91m[33m.card-text[39m[31m[91m[33m:[39m[31m[91mlast-child[33m{[39m[31m[91mmargin-bottom[33m:[39m[31m[[39m[22m[1m[31m91m0[33m}[39m[31m[91m[33m.card-link[39m[31m[91m[33m:[39m[31m[91mhover[33m{[39m[31m[91mtext-decoration[33m:[39m[31m[91mnone[33m}[39m[31m[91m[33m.card-link+.card-link[39m[31m[91m[33m{[39m[31m[91mmargin-left[33m:[39m[31m[91m16px[33m}[39m[31m[91m[33m.card-header[39m[31m[91m[33m{[39m[31m[91mpadding[33m:[39m[31m[91m0 16px[33m;[39m[31m[91mmargin-bottom[33m:[39m[31m[91m0[33m;[39m[31m[91mcolor[33m:[39m[31m[91m[35m#fff[39m[31m[91m[33m;[39m[31m[91mbackground-color[33m:[39m[31m[91m[35m#a0a[39m[31m[91m[33m}[39m[31m[91m[33m.card-header+.list-group[39m[31m[91m [33m.list-group-item[39m[31m[91m[33m:[39m[31m[91mfirst-child[33m{[39m[31m[91mborder-top[33m:[39m[31m[91m0[33m}[39m[31m[91m[33m.card-footer[39m[31m[91m[33m{[39m[31m[91mpadding[33m:[39m[31m[91m0 16px[33m;[39m[31m[91mbackground-color[33m:[39m[31m[91m[35m#a0a[39m[31m[91m[33m}[39m[31m[91m[33m.card-footer.text-muted,.card-header.text-muted[39m[31m[91m[33m{[39m[31m[91mcolor[33m:[39m[31m[91m[35m#000[39m[31m[91m[33m}[39m[31m[91m[33m.card-header-tabs[39m[31m[91m[33m{[39m[31m[91mmargin-right[33m:[39m[31m[91m-16px[33m;[39m[31m[91mmargin-bottom[33m:[39m[31m[91m0[33m;[39m[31m[91mmargin-left[33m:[39m[31m[91m-16px[33m;[39m[31m[91mborder-bottom[33m:[39m[31m[91m0[33m}[39m[31m[91m[33m.card-header-pills[39m[31m[91m[33m{[39m[31m[91mmargin-right[33m:[39m[31m[91m-16px[33m;[39m[31m[91mmargin-left[33m:[39m[31m[91m-16px[33m}[39m[31m[91m[33m.card-img-overlay[39m[31m[91m[33m{[39m[31m[91mposition[33m:[39m[31m[91mabsolute[33m;[39m[31m[91mtop[33m:[39m[31m[91m0[33m;[39m[31m[91mright[33m:[39m[31m[91m0[33m;[39m[31m[91mbottom[33m:[39m[31m[91m0[33m;[39m[31m[91mleft[33m:[39m[31m[91m0[33m;[39m[31m[91mpadding[33m:[39m[31m[91m0[33m}[39m[31m[91m[33m.card-img,.card-img-bottom,.card-img-top[39m[31m[91m[33m{[39m[31m[91m-ms-flex-negative[33m:[39m[31m[91m0[33m;[39m[31m[91mflex-shrink[33m:[39m[31m[91m0[33m;[39m[31m[91mwidth[33m:[39m[31m[91m100%[33m}[39m[31m[91m[33m.card-deck[39m[31m[91m [33m.card[39m[31m[91m[33m{[39m[31m[91mmargin-bottom[33m:[39m[31m[91m8px[33m}[39m[31m[91m[36m@media[39m[31m[91m[36m [39m[31m[91m[36m(min-width:576px)[39m[31m[91m[33m{[39m[31m[39m[22m[1m[31m[91m[33m.card-deck[39m[31m[91m[33m{[39m[31m[91mdisplay[33m:[39m[31m[91m-ms-flexbox[33m;[39m[31m[91mdisplay[33m:[39m[31m[91mflex[33m;[39m[31m[91m-ms-flex-flow[33m:[39m[31m[91mrow wrap[33m;[39m[31m[91mflex-flow[33m:[39m[31m[91mrow wrap[33m;[39m[31m[91mmargin-right[33m:[39m[31m[91m-8px[33m;[39m[31m[91mmargin-left[33m:[39m[31m[91m-8px[33m}[39m[31m[91m[33m.card-deck[39m[31m[91m [33m.card[39m[31m[91m[33m{[39m[31m[91m-ms-flex[33m:[39m[31m[91m1 0 0%[33m;[39m[31m[91mflex[33m:[39m[31m[91m1 0 0%[33m;[39m[31m[91mmargin-right[33m:[39m[31m[91m8px[33m;[39m[31m[91mmargin-bottom[33m:[39m[31m[91m0[33m;[39m[31m[91mmargin-left[33m:[39m[31m[91m8px[33m}[39m[31m[91m[33m}[39m[31m[91m[33m.card-group>.card[39m[31m[91m[33m{[39m[31m[91mmargin-bottom[33m:[39m[31m[91m8px[33m}[39m[31m[91m[36m@media[39m[31m[91m[36m [39m[31m[91m[36m(min-width:576px)[39m[31m[91m[33m{[39m[31m[91m[33m.card-group[39m[31m[91m[33m{[39m[31m[91mdisplay[33m:[39m[31m[91m-ms-flexbox[33m;[39m[31m[91mdisplay[33m:[39m[31m[91mflex[33m;[39m[31m[91m-ms-flex-flow[33m:[39m[31m[91mrow wrap[33m;[39m[31m[91mflex-flow[33m:[39m[31m[91mrow wrap[33m}[39m[31m[91m[33m.card-group>.card[39m[31m[91m[33m{[39m[31m[91m-ms-flex[33m:[39m[31m[91m1 0 0%[33m;[39m[31m[91mflex[33m:[39m[31m[91m1 0 0%[33m;[39m[31m[91mmargin-bottom[33m:[39m[31m[91m0[33m}[39m[31m[91m[33m.card-group>.card+.card[39m[31m[91m[33m{[39m[31m[91mmargin-left[33m:[39m[31m[91m0[33m;[39m[31m[91mborder-left[33m:[39m[31m[91m0[33m}[39m[31m[91m[33m}[39m[31m[91m[33m.card-columns[39m[31m[91m [33m.card[39m[31m[91m[33m{[39m[31m[91mmargin-bottom[33m:[39m[31m[91m0[33m}[39m[31m[91m[36m@media[39m[31m[91m[36m [39m[31m[91m[36m(min-width:576px)[39m[31m[91m[33m{[39m[31m[91m[33m.card-columns[39m[31m[91m[33m{[39m[31m[91m-webkit-column-count[33m:[39m[31m[91m3[33m;[39m[31m[91m-moz-column-count[33m:[39m[31m[91m3[33m;[39m[31m[91mcolumn-count[33m:[39m[31m[91m3[33m;[39m[31m[91m-webkit-column-gap[33m:[39m[31m[91m8px[33m;[39m[31m[91m-moz-column-gap[33m:[39m[31m[91m8px[33m;[39m[31m[91mcolumn-gap[33m:[39m[31m[91m8px[33m;[39m[31m[91morphans[33m:[39m[31m[91m1[33m;[39m[31m[91mwidows[33m:[39m[31m[91m1[[39m[22m[1m[31m33m}[39m[31m[91m[33m.card-columns[39m[31m[91m [33m.card[39m[31m[91m[33m{[39m[31m[91mdisplay[33m:[39m[31m[91minline-block[33m;[39m[31m[91mwidth[33m:[39m[31m[91m100%[33m}[39m[31m[91m[33m}[39m[31m[91m[33m.accordion>.card[39m[31m[91m[33m{[39m[31m[91moverflow[33m:[39m[31m[91mhidden[33m}[39m[31m[91m[33m.accordion>.card[39m[31m[91m[33m:[39m[31m[91m[36mnot[39m[31m[91m[36m(:last-of-type)[39m[31m[91m[33m{[39m[31m[91mborder-bottom[33m:[39m[31m[91m0[33m}[39m[31m[91m[33m.breadcrumb[39m[31m[91m[33m{[39m[31m[91mdisplay[33m:[39m[31m[91m-ms-flexbox[33m;[39m[31m[91mdisplay[33m:[39m[31m[91mflex[33m;[39m[31m[91m-ms-flex-wrap[33m:[39m[31m[91mwrap[33m;[39m[31m[91mflex-wrap[33m:[39m[31m[91mwrap[33m;[39m[31m[91mpadding[33m:[39m[31m[91m0[33m;[39m[31m[91mmargin-bottom[33m:[39m[31m[91m0[33m;[39m[31m[91mmargin-left[33m:[39m[31m[91m0[33m;[39m[31m[91mlist-style[33m:[39m[31m[91mnone[33m;[39m[31m[91mbackground-color[33m:[39m[31m[91m[35m#000[39m[31m[91m[33m}[39m[31m[91m[33m.breadcrumb-item+.breadcrumb-item[39m[31m[91m[33m{[39m[31m[91mpadding-left[33m:[39m[31m[91m8px[33m}[39m[31m[91m[33m.breadcrumb-item+.breadcrumb-item[39m[31m[91m[33m:[39m[31m[91m[33m:[39m[31m[91mbefore[33m{[39m[31m[91mdisplay[33m:[39m[31m[91minline-block[33m;[39m[31m[91mpadding-right[33m:[39m[31m[91m8px[33m;[39m[31m[91mcolor[33m:[39m[31m[91m[35m#bbb[39m[31m[91m[33m;[39m[31m[91mcontent[33m:[39m[31m[91m[32m"/"[39m[31m[91m[33m}[39m[31m[91m[33m.breadcrumb-item+.breadcrumb-item[39m[31m[91m[33m:[39m[31m[91mhover[33m:[39m[31m[91m[33m:[39m[31m[91mbefore[33m{[39m[31m[91mtext-decoration[33m:[39m[31m[91munderline[33m}[39m[31m[91m[33m.breadcrumb-item+.breadcrumb-item[39m[31m[91m[33m:[39m[31m[91mhover[33m:[39m[31m[91m[33m:[39m[31m[91mbefore[33m{[39m[31m[91mtext-decoration[33m:[39m[31m[91mnone[33m}[39m[31m[91m[33m.breadcrumb-item.active[39m[31m[91m[33m{[39m[31m[91mcolor[33m:[39m[31m[91m[35m#bbb[39m[31m[91m[33m}[39m[31m[91m[33m.pagination[39m[31m[91m[33m{[39m[31m[91mdisplay[33m:[39m[31m[91m-ms-flexbox[33m;[39m[31m[91mdisplay[33m:[39m[31m[91mflex[33m;[39m[31m[91mpadding-left[33m:[39m[31m[91m0[33m;[39m[31m[91mmargin-bottom[33m:[39[39m[22m[1m[31mm[91m0[33m;[39m[31m[91mmargin-left[33m:[39m[31m[91m0[33m;[39m[31m[91mlist-style[33m:[39m[31m[91mnone[33m}[39m[31m[91m[33m.page-link[39m[31m[91m[33m{[39m[31m[91mposition[33m:[39m[31m[91mrelative[33m;[39m[31m[91mdisplay[33m:[39m[31m[91mblock[33m;[39m[31m[91mpadding[33m:[39m[31m[91m0 8px[33m;[39m[31m[91mmargin-left[33m:[39m[31m[91m0[33m;[39m[31m[91mcolor[33m:[39m[31m[91m[35m#ff5[39m[31m[91m[33m;[39m[31m[91mbackground-color[33m:[39m[31m[91mtransparent[33m}[39m[31m[91m[33m.page-link[39m[31m[91m[33m:[39m[31m[91mhover[33m{[39m[31m[91mz-index[33m:[39m[31m[91m2[33m;[39m[31m[91mcolor[33m:[39m[31m[91m[35m#bbb[39m[31m[91m[33m;[39m[31m[91mtext-decoration[33m:[39m[31m[91mnone[33m;[39m[31m[91mbackground-color[33m:[39m[31m[91m[35m#000[39m[31m[91m[33m}[39m[31m[91m[33m.page-link[39m[31m[91m[33m:[39m[31m[91mfocus[33m{[39m[31m[91mz-index[33m:[39m[31m[91m3[33m;[39m[31m[91moutline[33m:[39m[31m[91m0[33m;[39m[31m[91mbox-shadow[33m:[39m[31m[91m0 0 0 0 [36mrgba[39m[31m[91m[36m(0,0,0,.25)[39m[31m[91m[33m}[39m[31m[91m[33m.page-item[39m[31m[91m[33m{[39m[31m[91mpadding-left[33m:[39m[31m[91m0[33m}[39m[31m[91m[33m.page-item[39m[31m[91m[33m:[39m[31m[91mfirst-child [33m.page-link[39m[31m[91m[33m{[39m[31m[91mmargin-left[33m:[39m[31m[91m0[33m}[39m[31m[91m[33m.page-item.active[39m[31m[91m [33m.page-link[39m[31m[91m[33m{[39m[31m[91mz-index[33m:[39m[31m[91m3[33m;[39m[31m[91mcolor[33m:[39m[31m[91m[35m#fff[39m[31m[91m[33m;[39m[31m[91mbackground-color[33m:[39m[31m[91m[35m#000[39m[31m[91m[33m}[39m[31m[91m[33m.page-item.disabled[39m[31m[91m [33m.page-link[39m[31m[91m[33m{[39m[31m[91mcolor[33m:[39m[31m[91m[35m#555[39m[31m[91m[33m;[39m[31m[91mpointer-events[33m:[39m[31m[91mnone[33m;[39m[31m[91mcursor[33m:[39m[31m[91mauto[33m}[39m[31m[91m[33m.pagination-lg[39m[31m[91m [33m.page-link[39m[31m[91m[33m{[39m[31m[91mpadding[33m:[39m[31m[91m14px 8px[33m;[39m[31m[91mline-height[33m:[39m[31m[91m14px[33m}[39m[31m[91m[33m.pagination-sm[39m[31m[91m [33m.page-link[39m[31m[91m[33m{[39m[31m[91mpadding[33m:[39m[31m[91m0 0[33m;[39m[31m[91mline-height[33m:[39m[31m[91m14px[33m}[39m[31m[91m[33m.badge[39m[31m[91m[33m{[39m[22m[1m[31m[39m[91mdisplay[33m:[39m[31m[91minline-block[33m;[39m[31m[91mpadding[33m:[39m[31m[91m0 8px[33m;[39m[31m[91mtext-align[33m:[39m[31m[91mcenter[33m;[39m[31m[91mwhite-space[33m:[39m[31m[91mnowrap[33m;[39m[31m[91mvertical-align[33m:[39m[31m[91mbaseline[33m}[39m[31m[91ma.badge[33m:[39m[31m[91mfocus,a.badge[33m:[39m[31m[91mhover[33m{[39m[31m[91mtext-decoration[33m:[39m[31m[91mnone[33m}[39m[31m[91m[33m.badge[39m[31m[91m[33m:[39m[31m[91mempty[33m{[39m[31m[91mdisplay[33m:[39m[31m[91mnone[33m}[39m[31m[91m[33m.btn[39m[31m[91m [33m.badge[39m[31m[91m[33m{[39m[31m[91mposition[33m:[39m[31m[91mrelative[33m;[39m[31m[91mtop[33m:[39m[31m[91m-1px[33m}[39m[31m[91m[33m.badge-primary[39m[31m[91m[33m{[39m[31m[91mcolor[33m:[39m[31m[91m[35m#fff[39m[31m[91m[33m;[39m[31m[91mbackground-color[33m:[39m[31m[91mtransparent[33m}[39m[31m[91m[33m.badge-primary[39m[31m[91m[33m:[39m[31m[91mbefore[33m{[39m[31m[91mcolor[33m:[39m[31m[91m[35m#bbb[39m[31m[91m[33m;[39m[31m[91mcontent[33m:[39m[31m[91m[32m"["[39m[31m[91m[33m}[39m[31m[91m[33m.badge-primary[39m[31m[91m[33m:[39m[31m[91mafter[33m{[39m[31m[91mcolor[33m:[39m[31m[91m[35m#bbb[39m[31m[91m[33m;[39m[31m[91mcontent[33m:[39m[31m[91m[32m"]"[39m[31m[91m[33m}[39m[31m[91ma.badge-primary[33m:[39m[31m[91mfocus,a.badge-primary[33m:[39m[31m[91mhover[33m{[39m[31m[91mcolor[33m:[39m[31m[91m[35m#bbb[39m[31m[91m[33m}[39m[31m[91ma.badge-primary.focus,a.badge-primary[33m:[39m[31m[91mfocus[33m{[39m[31m[91moutline[33m:[39m[31m[91m0[33m}[39m[31m[91m[33m.badge-secondary[39m[31m[91m[33m{[39m[31m[91mcolor[33m:[39m[31m[91m[35m#fff[39m[31m[91m[33m;[39m[31m[91mbackground-color[33m:[39m[31m[91mtransparent[33m}[39m[31m[91m[33m.badge-secondary[39m[31m[91m[33m:[39m[31m[91mbefore[33m{[39m[31m[91mcolor[33m:[39m[31m[91m[35m#bbb[39m[31m[91m[33m;[39m[31m[91mcontent[33m:[39m[31m[91m[32m"["[39m[31m[91m[33m}[39m[31m[91m[33m.badge-secondary[39m[31m[91m[33m:[39m[31m[91mafter[33m{[39m[31m[91mcolor[33m:[39m[31m[91m[35m#bbb[39m[31m[91m[33m;[39m[31m[91mcontent[33m:[39m[31m[91m[32m"]"[39m[31m[91m[33m}[39m[31m[91ma.badge-secondary[33m:[39m[31m[91mfocus,a.badge-secondary[33m:[39m[31m[91mh[39m[22m[1m[31mover[33m{[39m[31m[91mcolor[33m:[39m[31m[91m[35m#bbb[39m[31m[91m[33m}[39m[31m[91ma.badge-secondary.focus,a.badge-secondary[33m:[39m[31m[91mfocus[33m{[39m[31m[91moutline[33m:[39m[31m[91m0[33m}[39m[31m[91m[33m.badge-success[39m[31m[91m[33m{[39m[31m[91mcolor[33m:[39m[31m[91m[35m#5f5[39m[31m[91m[33m;[39m[31m[91mbackground-color[33m:[39m[31m[91mtransparent[33m}[39m[31m[91m[33m.badge-success[39m[31m[91m[33m:[39m[31m[91mbefore[33m{[39m[31m[91mcolor[33m:[39m[31m[91m[35m#0a0[39m[31m[91m[33m;[39m[31m[91mcontent[33m:[39m[31m[91m[32m"["[39m[31m[91m[33m}[39m[31m[91m[33m.badge-success[39m[31m[91m[33m:[39m[31m[91mafter[33m{[39m[31m[91mcolor[33m:[39m[31m[91m[35m#0a0[39m[31m[91m[33m;[39m[31m[91mcontent[33m:[39m[31m[91m[32m"]"[39m[31m[91m[33m}[39m[31m[91ma.badge-success[33m:[39m[31m[91mfocus,a.badge-success[33m:[39m[31m[91mhover[33m{[39m[31m[91mcolor[33m:[39m[31m[91m[35m#fff[39m[31m[91m[33m}[39m[31m[91ma.badge-success.focus,a.badge-success[33m:[39m[31m[91mfocus[33m{[39m[31m[91moutline[33m:[39m[31m[91m0[33m}[39m[31m[91m[33m.badge-info[39m[31m[91m[33m{[39m[31m[91mcolor[33m:[39m[31m[91m[35m#5ff[39m[31m[91m[33m;[39m[31m[91mbackground-color[33m:[39m[31m[91mtransparent[33m}[39m[31m[91m[33m.badge-info[39m[31m[91m[33m:[39m[31m[91mbefore[33m{[39m[31m[91mcolor[33m:[39m[31m[91m[35m#0aa[39m[31m[91m[33m;[39m[31m[91mcontent[33m:[39m[31m[91m[32m"["[39m[31m[91m[33m}[39m[31m[91m[33m.badge-info[39m[31m[91m[33m:[39m[31m[91mafter[33m{[39m[31m[91mcolor[33m:[39m[31m[91m[35m#0aa[39m[31m[91m[33m;[39m[31m[91mcontent[33m:[39m[31m[91m[32m"]"[39m[31m[91m[33m}[39m[31m[91ma.badge-info[33m:[39m[31m[91mfocus,a.badge-info[33m:[39m[31m[91mhover[33m{[39m[31m[91mcolor[33m:[39m[31m[91m[35m#fff[39m[31m[91m[33m}[39m[31m[91ma.badge-info.focus,a.badge-info[33m:[39m[31m[91mfocus[33m{[39m[31m[91moutline[33m:[39m[31m[91m0[33m}[39m[31m[91m[33m.badge-warning[39m[31m[91m[33m{[39m[31m[91mcolor[33m:[39m[31m[91m[35m#ff5[39m[31m[91m[33m;[39m[31m[91mbackground-color[33m:[39m[31m[91mtransparent[33m}[39m[31m[91m[33m.badge-warning[39m[31m[91m[33m:[39m[31m[91mbefore[33m{[39m[31m[91mcolor[33m:[39m[31m[91m[35m#a50[39m[31m[91m[33[39m[22m[1m[31mm;[39m[31m[91mcontent[33m:[39m[31m[91m[32m"["[39m[31m[91m[33m}[39m[31m[91m[33m.badge-warning[39m[31m[91m[33m:[39m[31m[91mafter[33m{[39m[31m[91mcolor[33m:[39m[31m[91m[35m#a50[39m[31m[91m[33m;[39m[31m[91mcontent[33m:[39m[31m[91m[32m"]"[39m[31m[91m[33m}[39m[31m[91ma.badge-warning[33m:[39m[31m[91mfocus,a.badge-warning[33m:[39m[31m[91mhover[33m{[39m[31m[91mcolor[33m:[39m[31m[91m[35m#fff[39m[31m[91m[33m}[39m[31m[91ma.badge-warning.focus,a.badge-warning[33m:[39m[31m[91mfocus[33m{[39m[31m[91moutline[33m:[39m[31m[91m0[33m}[39m[31m[91m[33m.badge-danger[39m[31m[91m[33m{[39m[31m[91mcolor[33m:[39m[31m[91m[35m#f55[39m[31m[91m[33m;[39m[31m[91mbackground-color[33m:[39m[31m[91mtransparent[33m}[39m[31m[91m[33m.badge-danger[39m[31m[91m[33m:[39m[31m[91mbefore[33m{[39m[31m[91mcolor[33m:[39m[31m[91m[35m#a00[39m[31m[91m[33m;[39m[31m[91mcontent[33m:[39m[31m[91m[32m"["[39m[31m[91m[33m}[39m[31m[91m[33m.badge-danger[39m[31m[91m[33m:[39m[31m[91mafter[33m{[39m[31m[91mcolor[33m:[39m[31m[91m[35m#a00[39m[31m[91m[33m;[39m[31m[91mcontent[33m:[39m[31m[91m[32m"]"[39m[31m[91m[33m}[39m[31m[91ma.badge-danger[33m:[39m[31m[91mfocus,a.badge-danger[33m:[39m[31m[91mhover[33m{[39m[31m[91mcolor[33m:[39m[31m[91m[35m#fff[39m[31m[91m[33m}[39m[31m[91ma.badge-danger.focus,a.badge-danger[33m:[39m[31m[91mfocus[33m{[39m[31m[91moutline[33m:[39m[31m[91m0[33m}[39m[31m[91m[33m.badge-light[39m[31m[91m[33m{[39m[31m[91mbackground-color[33m:[39m[31m[91mtransparent[33m}[39m[31m[91m[33m.badge-light[39m[31m[91m[33m:[39m[31m[91mbefore[33m{[39m[31m[91mcolor[33m:[39m[31m[91m[35m#fff[39m[31m[91m[33m;[39m[31m[91mcontent[33m:[39m[31m[91m[32m"["[39m[31m[91m[33m}[39m[31m[91m[33m.badge-light[39m[31m[91m[33m:[39m[31m[91mafter[33m{[39m[31m[91mcolor[33m:[39m[31m[91m[35m#fff[39m[31m[91m[33m;[39m[31m[91mcontent[33m:[39m[31m[91m[32m"]"[39m[31m[91m[33m}[39m[31m[91ma.badge-light[33m:[39m[31m[91mfocus,a.badge-light[33m:[39m[31m[91mhover[33m{[39m[31m[91mcolor[33m:[39m[31m[91m[35m#bbb[39m[31m[91m[33m}[39m[31m[91ma.badge-light.focus,a.badge-light[33m:[39m[31m[91mfocus[33m{[39m[31m[91moutline[33m:[39m[31m[91m0[33m}[39m[31m[91m[33m.badge-da[39m[22m[1m[31mrk[39m[31m[91m[33m{[39m[31m[91mcolor[33m:[39m[31m[91m[35m#555[39m[31m[91m[33m;[39m[31m[91mbackground-color[33m:[39m[31m[91mtransparent[33m}[39m[31m[91m[33m.badge-dark[39m[31m[91m[33m:[39m[31m[91mbefore[33m{[39m[31m[91mcolor[33m:[39m[31m[91m[35m#000[39m[31m[91m[33m;[39m[31m[91mcontent[33m:[39m[31m[91m[32m"["[39m[31m[91m[33m}[39m[31m[91m[33m.badge-dark[39m[31m[91m[33m:[39m[31m[91mafter[33m{[39m[31m[91mcolor[33m:[39m[31m[91m[35m#000[39m[31m[91m[33m;[39m[31m[91mcontent[33m:[39m[31m[91m[32m"]"[39m[31m[91m[33m}[39m[31m[91ma.badge-dark[33m:[39m[31m[91mfocus,a.badge-dark[33m:[39m[31m[91mhover[33m{[39m[31m[91mcolor[33m:[39m[31m[91m[35m#fff[39m[31m[91m[33m}[39m[31m[91ma.badge-dark.focus,a.badge-dark[33m:[39m[31m[91mfocus[33m{[39m[31m[91moutline[33m:[39m[31m[91m0[33m}[39m[31m[91m[33m.badge-pill[39m[31m[91m[33m:[39m[31m[91mbefore[33m{[39m[31m[91mcontent[33m:[39m[31m[91m[32m"("[39m[31m[91m[33m}[39m[31m[91m[33m.badge-pill[39m[31m[91m[33m:[39m[31m[91mafter[33m{[39m[31m[91mcontent[33m:[39m[31m[91m[32m")"[39m[31m[91m[33m}[39m[31m[91m[33m.jumbotron[39m[31m[91m[33m{[39m[31m[91mpadding[33m:[39m[31m[91m28px 16px[33m;[39m[31m[91mmargin-bottom[33m:[39m[31m[91m28px 16px[33m;[39m[31m[91mcolor[33m:[39m[31m[91m[35m#000[39m[31m[91m[33m;[39m[31m[91mbackground-color[33m:[39m[31m[91m[35m#bbb[39m[31m[91m[33m;[39m[31m[91mborder[33m:[39m[31m[91m[33m.875px[39m[31m[91m solid [35m#000[39m[31m[91m[33m;[39m[31m[91mmargin-top[33m:[39m[31m[91m7px[33m;[39m[31m[91mpadding-top[33m:[39m[31m[91m6.125px[33m;[39m[31m[91mpadding-bottom[33m:[39m[31m[91m7px[33m;[39m[31m[91mmargin-bottom[33m:[39m[31m[91m6.125px[33m;[39m[31m[91mborder-left-width[33m:[39m[31m[91m2px[33m;[39m[31m[91mborder-right-width[33m:[39m[31m[91m2px[33m;[39m[31m[91mmargin-left[33m:[39m[31m[91m3.5px[33m;[39m[31m[91mpadding-left[33m:[39m[31m[91m10.5px[33m;[39m[31m[91mpadding-right[33m:[39m[31m[91m11.5px[33m;[39m[31m[91mmargin-right[33m:[39m[31m[91m2.5px[33m;[39m[31m[91mbox-shadow[33m:[39m[31m[91m-3.5px -7px 0 0 [35m#bbb,2.5px[39m[31m[91m 6.125px 0 0 [35m#bbb,-3.5px[39m[31m[91m 6.125px 0 0 [35m#bbb,2.5px[39m[31m[91m -7px 0 0 [35m#bbb[3[39m[22m[1m[31m9m[91m[33m;[39m[31m[91mdisplay[33m:[39m[31m[91minline-block[33m;[39m[31m[91mwidth[33m:[39m[31m[91m[36mcalc[39m[31m[91m[36m(100% - 6px)[39m[31m[91m[33m}[39m[31m[91m[33m.jumbotron[39m[31m[91m [33m.display-4[39m[31m[91m[33m{[39m[31m[91mtext-indent[33m:[39m[31m[91m0[33m;[39m[31m[91mposition[33m:[39m[31m[91mabsolute[33m;[39m[31m[91mpadding[33m:[39m[31m[91m0 11px[33m;[39m[31m[91mtop[33m:[39m[31m[91m-7px[33m;[39m[31m[91mmargin[33m:[39m[31m[91m0[33m;[39m[31m[91mleft[33m:[39m[31m[91m20px[33m;[39m[31m[91mbackground[33m:[39m[31m[91m[35m#bbb[39m[31m[91m[33m;[39m[31m[91mborder-left[33m:[39m[31m[91m3px double [35m#000[39m[31m[91m[33m;[39m[31m[91mborder-right[33m:[39m[31m[91m3px double [35m#000[39m[31m[91m[33m}[39m[31m[91m[33m.jumbotron-fluid[39m[31m[91m[33m{[39m[31m[91mpadding-right[33m:[39m[31m[91m0[33m;[39m[31m[91mpadding-left[33m:[39m[31m[91m0[33m}[39m[31m[91m[33m.alert[39m[31m[91m[33m{[39m[31m[91mposition[33m:[39m[31m[91mrelative[33m;[39m[31m[91mpadding[33m:[39m[31m[91m0 8px 14px[33m;[39m[31m[91mmargin-bottom[33m:[39m[31m[91m0[33m;[39m[31m[91mborder[33m:[39m[31m[91m0 solid transparent[33m;[39m[31m[91mbackground[33m:[39m[31m[91m[35m#bbb[39m[31m[91m[33m;[39m[31m[91mcolor[33m:[39m[31m[91m[35m#000[39m[31m[91m[33m}[39m[31m[91m[33m.alert[39m[31m[91m [33m.alert-link[39m[31m[91m[33m{[39m[31m[91mcolor[33m:[39m[31m[91m[35m#000084[39m[31m[91m[33m}[39m[31m[91m[33m.alert[39m[31m[91m [33m.alert-link[39m[31m[91m[33m:[39m[31m[91mhover[33m{[39m[31m[91mbackground[33m:[39m[31m[91m0 0[33m;[39m[31m[91mcolor[33m:[39m[31m[91m[35m#55f[39m[31m[91m[33m}[39m[31m[91m[33m.alert-heading[39m[31m[91m[33m{[39m[31m[91mcolor[33m:[39m[31m[91minherit[33m}[39m[31m[91m[33m.alert-dismissible[39m[31m[91m [33m.close[39m[31m[91m[33m{[39m[31m[91mposition[33m:[39m[31m[91mabsolute[33m;[39m[31m[91mtop[33m:[39m[31m[91m0[33m;[39m[31m[91mright[33m:[39m[31m[91m0[33m;[39m[31m[91mpadding[33m:[39m[31m[91m0 8px[33m}[39m[31m[91m[33m.alert-primary[39m[31m[91m[33m:[39m[31m[91m[33m:[39m[31m[91mbefore[33m{[39m[31m[91mmargin[33m:[39m[31m[91m0 -8px 14px[33m;[39m[31m[91mpadding[33m:[39m[31m[91m0 8px[33m;[39m[31m[91mdisplay[3[39m[22m[1m[31m3m:[39m[31m[91mblock[33m;[39m[31m[91mtext-transform[33m:[39m[31m[91mcapitalize[33m;[39m[31m[91mcolor[33m:[39m[31m[91m[35m#fff[39m[31m[91m[33m;[39m[31m[91mbackground[33m:[39m[31m[91m[35m#555[39m[31m[91m[33m;[39m[31m[91mcontent[33m:[39m[31m[91m[32m"Alert"[39m[31m[91m[33m}[39m[31m[91m[33m.alert-secondary[39m[31m[91m[33m:[39m[31m[91m[33m:[39m[31m[91mbefore[33m{[39m[31m[91mmargin[33m:[39m[31m[91m0 -8px 14px[33m;[39m[31m[91mpadding[33m:[39m[31m[91m0 8px[33m;[39m[31m[91mdisplay[33m:[39m[31m[91mblock[33m;[39m[31m[91mtext-transform[33m:[39m[31m[91mcapitalize[33m;[39m[31m[91mcolor[33m:[39m[31m[91m[35m#fff[39m[31m[91m[33m;[39m[31m[91mbackground[33m:[39m[31m[91m[35m#555[39m[31m[91m[33m;[39m[31m[91mcontent[33m:[39m[31m[91m[32m"Alert"[39m[31m[91m[33m}[39m[31m[91m[33m.alert-success[39m[31m[91m[33m:[39m[31m[91m[33m:[39m[31m[91mbefore[33m{[39m[31m[91mmargin[33m:[39m[31m[91m0 -8px 14px[33m;[39m[31m[91mpadding[33m:[39m[31m[91m0 8px[33m;[39m[31m[91mdisplay[33m:[39m[31m[91mblock[33m;[39m[31m[91mtext-transform[33m:[39m[31m[91mcapitalize[33m;[39m[31m[91mcolor[33m:[39m[31m[91m[35m#fff[39m[31m[91m[33m;[39m[31m[91mbackground[33m:[39m[31m[91m[35m#0a0[39m[31m[91m[33m;[39m[31m[91mcontent[33m:[39m[31m[91m[32m"success"[39m[31m[91m[33m}[39m[31m[91m[33m.alert-info[39m[31m[91m[33m:[39m[31m[91m[33m:[39m[31m[91mbefore[33m{[39m[31m[91mmargin[33m:[39m[31m[91m0 -8px 14px[33m;[39m[31m[91mpadding[33m:[39m[31m[91m0 8px[33m;[39m[31m[91mdisplay[33m:[39m[31m[91mblock[33m;[39m[31m[91mtext-transform[33m:[39m[31m[91mcapitalize[33m;[39m[31m[91mcolor[33m:[39m[31m[91m[35m#fff[39m[31m[91m[33m;[39m[31m[91mbackground[33m:[39m[31m[91m[35m#0aa[39m[31m[91m[33m;[39m[31m[91mcontent[33m:[39m[31m[91m[32m"info"[39m[31m[91m[33m}[39m[31m[91m[33m.alert-warning[39m[31m[91m[33m:[39m[31m[91m[33m:[39m[31m[91mbefore[33m{[39m[31m[91mmargin[33m:[39m[31m[91m0 -8px 14px[33m;[39m[31m[91mpadding[33m:[39m[31m[91m0 8px[33m;[39m[31m[91mdisplay[33m:[39m[31m[91mblock[33m;[39m[31m[91mtext-transform[33m:[39m[31m[91mcapitalize[33m;[39m[31m[91mcolor[33m:[39m[31m[91m[35m#fff[39m[31m[91m[33m;[39m[31m[91mbackground[33m:[39m[31m[91m[35m#a50[3[39m[22m[1m[31m9m[91m[33m;[39m[31m[91mcontent[33m:[39m[31m[91m[32m"warning"[39m[31m[91m[33m}[39m[31m[91m[33m.alert-danger[39m[31m[91m[33m:[39m[31m[91m[33m:[39m[31m[91mbefore[33m{[39m[31m[91mmargin[33m:[39m[31m[91m0 -8px 14px[33m;[39m[31m[91mpadding[33m:[39m[31m[91m0 8px[33m;[39m[31m[91mdisplay[33m:[39m[31m[91mblock[33m;[39m[31m[91mtext-transform[33m:[39m[31m[91mcapitalize[33m;[39m[31m[91mcolor[33m:[39m[31m[91m[35m#fff[39m[31m[91m[33m;[39m[31m[91mbackground[33m:[39m[31m[91m[35m#a00[39m[31m[91m[33m;[39m[31m[91mcontent[33m:[39m[31m[91m[32m"danger"[39m[31m[91m[33m}[39m[31m[91m[33m.alert-light[39m[31m[91m[33m:[39m[31m[91m[33m:[39m[31m[91mbefore[33m{[39m[31m[91mmargin[33m:[39m[31m[91m0 -8px 14px[33m;[39m[31m[91mpadding[33m:[39m[31m[91m0 8px[33m;[39m[31m[91mdisplay[33m:[39m[31m[91mblock[33m;[39m[31m[91mtext-transform[33m:[39m[31m[91mcapitalize[33m;[39m[31m[91mcolor[33m:[39m[31m[91m[35m#fff[39m[31m[91m[33m;[39m[31m[91mcontent[33m:[39m[31m[91m[32m"Alert"[39m[31m[91m[33m;[39m[31m[91mbackground[33m:[39m[31m[91m[35m#a0a[39m[31m[91m[33m}[39m[31m[91m[33m.alert-dark[39m[31m[91m[33m:[39m[31m[91m[33m:[39m[31m[91mbefore[33m{[39m[31m[91mmargin[33m:[39m[31m[91m0 -8px 14px[33m;[39m[31m[91mpadding[33m:[39m[31m[91m0 8px[33m;[39m[31m[91mdisplay[33m:[39m[31m[91mblock[33m;[39m[31m[91mtext-transform[33m:[39m[31m[91mcapitalize[33m;[39m[31m[91mcolor[33m:[39m[31m[91m[35m#fff[39m[31m[91m[33m;[39m[31m[91mbackground[33m:[39m[31m[91m[35m#000[39m[31m[91m[33m;[39m[31m[91mcontent[33m:[39m[31m[91m[32m"dark"[39m[31m[91m[33m}[39m[31m[91m[33m.progress[39m[31m[91m[33m{[39m[31m[91mdisplay[33m:[39m[31m[91m-ms-flexbox[33m;[39m[31m[91mdisplay[33m:[39m[31m[91mflex[33m;[39m[31m[91mheight[33m:[39m[31m[91m14px[33m;[39m[31m[91mbackground[33m:[39m[31m[91m[36murl[39m[31m[91m[36m(../fonts/shade-50-grayLight.svg)[39m[31m[91m repeat-x left center[33m}[39m[31m[91m[33m.progress-bar[39m[31m[91m[33m{[39m[31m[91mdisplay[33m:[39m[31m[91m-ms-flexbox[33m;[39m[31m[91mdisplay[33m:[39m[31m[91mflex[33m;[39m[31m[91m-ms-flex-direction[33m:[39m[31m[91mcolumn[33m;[39m[31m[91mflex-direction[33m:[39m[31m[91mcolumn[33m;[39m[31m[91m-ms-flex-[39m[22m[1m[31mpack[33m:[39m[31m[91mcenter[33m;[39m[31m[91mjustify-content[33m:[39m[31m[91mcenter[33m;[39m[31m[91moverflow[33m:[39m[31m[91mhidden[33m;[39m[31m[91mcolor[33m:[39m[31m[91m[35m#fff[39m[31m[91m[33m;[39m[31m[91mtext-align[33m:[39m[31m[91mcenter[33m;[39m[31m[91mwhite-space[33m:[39m[31m[91mnowrap[33m;[39m[31m[91mbackground-color[33m:[39m[31m[91m[35m#ff0[39m[31m[91m[33m}[39m[31m[91m[33m.progress-bar-striped[39m[31m[91m[33m{[39m[31m[91mbackground-size[33m:[39m[31m[91m14px 14px[33m}[39m[31m[91m[33m.media[39m[31m[91m[33m{[39m[31m[91mdisplay[33m:[39m[31m[91m-ms-flexbox[33m;[39m[31m[91mdisplay[33m:[39m[31m[91mflex[33m;[39m[31m[91m-ms-flex-align[33m:[39m[31m[91mstart[33m;[39m[31m[91malign-items[33m:[39m[31m[91mflex-start[33m}[39m[31m[91m[33m.media-body[39m[31m[91m[33m{[39m[31m[91m-ms-flex[33m:[39m[31m[91m1[33m;[39m[31m[91mflex[33m:[39m[31m[91m1[33m}[39m[31m[91m[33m.list-group[39m[31m[91m[33m{[39m[31m[91mdisplay[33m:[39m[31m[91m-ms-flexbox[33m;[39m[31m[91mdisplay[33m:[39m[31m[91mflex[33m;[39m[31m[91m-ms-flex-direction[33m:[39m[31m[91mcolumn[33m;[39m[31m[91mflex-direction[33m:[39m[31m[91mcolumn[33m;[39m[31m[91mmargin-bottom[33m:[39m[31m[91m0[33m;[39m[31m[91mborder[33m:[39m[31m[91m[33m.875px[39m[31m[91m solid [35m#bbb[39m[31m[91m[33m;[39m[31m[91mmargin-top[33m:[39m[31m[91m7px[33m;[39m[31m[91mpadding-top[33m:[39m[31m[91m6.125px[33m;[39m[31m[91mpadding-bottom[33m:[39m[31m[91m7px[33m;[39m[31m[91mmargin-bottom[33m:[39m[31m[91m6.125px[33m;[39m[31m[91mborder-left-width[33m:[39m[31m[91m2px[33m;[39m[31m[91mborder-right-width[33m:[39m[31m[91m2px[33m;[39m[31m[91mmargin-left[33m:[39m[31m[91m3.5px[33m;[39m[31m[91mpadding-left[33m:[39m[31m[91m2.5px[33m;[39m[31m[91mpadding-right[33m:[39m[31m[91m3.5px[33m;[39m[31m[91mmargin-right[33m:[39m[31m[91m2.5px[33m;[39m[31m[91mdisplay[33m:[39m[31m[91minline-block[33m;[39m[31m[91mwidth[33m:[39m[31m[91m[36mcalc[39m[31m[91m[36m(100% - 6px)[39m[31m[91m[33m}[39m[31m[91m[33m.list-group-item-action[39m[31m[91m[33m{[39m[31m[91mwidth[33m:[39m[31m[91m100%[33m;[39m[31m[91mcolor[33m:[39m[31m[91m[35m#bbb[39m[31m[91m[33m;[39m[31m[91mtext-align[33m:[39m[31m[39m[22m[1m[31m[91minherit[33m}[39m[31m[91m[33m.list-group-item-action[39m[31m[91m[33m:[39m[31m[91mfocus,.list-group-item-action[33m:[39m[31m[91mhover[33m{[39m[31m[91mz-index[33m:[39m[31m[91m1[33m;[39m[31m[91mcolor[33m:[39m[31m[91m[35m#bbb[39m[31m[91m[33m;[39m[31m[91mtext-decoration[33m:[39m[31m[91mnone[33m;[39m[31m[91mbackground-color[33m:[39m[31m[91m[35m#555[39m[31m[91m[33m}[39m[31m[91m[33m.list-group-item-action[39m[31m[91m[33m:[39m[31m[91mactive[33m{[39m[31m[91mcolor[33m:[39m[31m[91m[35m#bbb[39m[31m[91m[33m;[39m[31m[91mbackground-color[33m:[39m[31m[91m[35m#555[39m[31m[91m[33m}[39m[31m[91m[33m.list-group-item[39m[31m[91m[33m{[39m[31m[91mposition[33m:[39m[31m[91mrelative[33m;[39m[31m[91mdisplay[33m:[39m[31m[91mblock[33m;[39m[31m[91mpadding[33m:[39m[31m[91m14px 8px[33m;[39m[31m[91mbackground-color[33m:[39m[31m[91mtransparent[33m}[39m[31m[91m[33m.list-group-item.disabled,.list-group-item[39m[31m[91m[33m:[39m[31m[91mdisabled[33m{[39m[31m[91mcolor[33m:[39m[31m[91m[35m#555[39m[31m[91m[33m;[39m[31m[91mpointer-events[33m:[39m[31m[91mnone[33m;[39m[31m[91mbackground-color[33m:[39m[31m[91mtransparent[33m}[39m[31m[91m[33m.list-group-item.active[39m[31m[91m[33m{[39m[31m[91mz-index[33m:[39m[31m[91m2[33m;[39m[31m[91mcolor[33m:[39m[31m[91m[35m#fff[39m[31m[91m[33m;[39m[31m[91mbackground-color[33m:[39m[31m[91m[35m#000[39m[31m[91m[33m;[39m[31m[91mborder-color[33m:[39m[31m[91m[35m#000[39m[31m[91m[33m}[39m[31m[91m[33m.list-group-item+.list-group-item[39m[31m[91m[33m{[39m[31m[91mborder-top-width[33m:[39m[31m[91m0[33m}[39m[31m[91m[33m.list-group-item+.list-group-item.active[39m[31m[91m[33m{[39m[31m[91mmargin-top[33m:[39m[31m[91m0[33m;[39m[31m[91mborder-top-width[33m:[39m[31m[91m0[33m}[39m[31m[91m[33m.list-group-horizontal[39m[31m[91m[33m{[39m[31m[91m-ms-flex-direction[33m:[39m[31m[91mrow[33m;[39m[31m[91mflex-direction[33m:[39m[31m[91mrow[33m}[39m[31m[91m[33m.list-group-horizontal[39m[31m[91m [33m.list-group-item.active[39m[31m[91m[33m{[39m[31m[91mmargin-top[33m:[39m[31m[91m0[33m}[39m[31m[91m[33m.list-group-horizontal[39m[31m[91m [33m.list-group-item+.list-group-item[39m[31m[91m[39m[22m[1m[31m[33m{[39m[31m[91mborder-top-width[33m:[39m[31m[91m0[33m;[39m[31m[91mborder-left-width[33m:[39m[31m[91m0[33m}[39m[31m[91m[33m.list-group-horizontal[39m[31m[91m [33m.list-group-item+.list-group-item.active[39m[31m[91m[33m{[39m[31m[91mmargin-left[33m:[39m[31m[91m0[33m;[39m[31m[91mborder-left-width[33m:[39m[31m[91m0[33m}[39m[31m[91m[36m@media[39m[31m[91m[36m [39m[31m[91m[36m(min-width:576px)[39m[31m[91m[33m{[39m[31m[91m[33m.list-group-horizontal-sm[39m[31m[91m[33m{[39m[31m[91m-ms-flex-direction[33m:[39m[31m[91mrow[33m;[39m[31m[91mflex-direction[33m:[39m[31m[91mrow[33m}[39m[31m[91m[33m.list-group-horizontal-sm[39m[31m[91m [33m.list-group-item.active[39m[31m[91m[33m{[39m[31m[91mmargin-top[33m:[39m[31m[91m0[33m}[39m[31m[91m[33m.list-group-horizontal-sm[39m[31m[91m [33m.list-group-item+.list-group-item[39m[31m[91m[33m{[39m[31m[91mborder-top-width[33m:[39m[31m[91m0[33m;[39m[31m[91mborder-left-width[33m:[39m[31m[91m0[33m}[39m[31m[91m[33m.list-group-horizontal-sm[39m[31m[91m [33m.list-group-item+.list-group-item.active[39m[31m[91m[33m{[39m[31m[91mmargin-left[33m:[39m[31m[91m0[33m;[39m[31m[91mborder-left-width[33m:[39m[31m[91m0[33m}[39m[31m[91m[33m}[39m[31m[91m[36m@media[39m[31m[91m[36m [39m[31m[91m[36m(min-width:768px)[39m[31m[91m[33m{[39m[31m[91m[33m.list-group-horizontal-md[39m[31m[91m[33m{[39m[31m[91m-ms-flex-direction[33m:[39m[31m[91mrow[33m;[39m[31m[91mflex-direction[33m:[39m[31m[91mrow[33m}[39m[31m[91m[33m.list-group-horizontal-md[39m[31m[91m [33m.list-group-item.active[39m[31m[91m[33m{[39m[31m[91mmargin-top[33m:[39m[31m[91m0[33m}[39m[31m[91m[33m.list-group-horizontal-md[39m[31m[91m [33m.list-group-item+.list-group-item[39m[31m[91m[33m{[39m[31m[91mborder-top-width[33m:[39m[31m[91m0[33m;[39m[31m[91mborder-left-width[33m:[39m[31m[91m0[33m}[39m[31m[91m[33m.list-group-horizontal-md[39m[31m[91m [33m.list-group-item+.list-group-item.active[39m[31m[91m[33m{[39m[31m[91mmargin-left[33m:[39m[31m[91m0[33m;[39m[31m[91mborder-left-width[33m:[39m[31m[91m0[33m}[39m[31m[91m[33m}[39m[31m[91m[36m@media[39m[31m[91m[36m [39m[31m[91m[36m(min-width:960px)[39m[31m[91[39m[22m[1m[31mm[33m{[39m[31m[91m[33m.list-group-horizontal-lg[39m[31m[91m[33m{[39m[31m[91m-ms-flex-direction[33m:[39m[31m[91mrow[33m;[39m[31m[91mflex-direction[33m:[39m[31m[91mrow[33m}[39m[31m[91m[33m.list-group-horizontal-lg[39m[31m[91m [33m.list-group-item.active[39m[31m[91m[33m{[39m[31m[91mmargin-top[33m:[39m[31m[91m0[33m}[39m[31m[91m[33m.list-group-horizontal-lg[39m[31m[91m [33m.list-group-item+.list-group-item[39m[31m[91m[33m{[39m[31m[91mborder-top-width[33m:[39m[31m[91m0[33m;[39m[31m[91mborder-left-width[33m:[39m[31m[91m0[33m}[39m[31m[91m[33m.list-group-horizontal-lg[39m[31m[91m [33m.list-group-item+.list-group-item.active[39m[31m[91m[33m{[39m[31m[91mmargin-left[33m:[39m[31m[91m0[33m;[39m[31m[91mborder-left-width[33m:[39m[31m[91m0[33m}[39m[31m[91m[33m}[39m[31m[91m[36m@media[39m[31m[91m[36m [39m[31m[91m[36m(min-width:1152px)[39m[31m[91m[33m{[39m[31m[91m[33m.list-group-horizontal-xl[39m[31m[91m[33m{[39m[31m[91m-ms-flex-direction[33m:[39m[31m[91mrow[33m;[39m[31m[91mflex-direction[33m:[39m[31m[91mrow[33m}[39m[31m[91m[33m.list-group-horizontal-xl[39m[31m[91m [33m.list-group-item.active[39m[31m[91m[33m{[39m[31m[91mmargin-top[33m:[39m[31m[91m0[33m}[39m[31m[91m[33m.list-group-horizontal-xl[39m[31m[91m [33m.list-group-item+.list-group-item[39m[31m[91m[33m{[39m[31m[91mborder-top-width[33m:[39m[31m[91m0[33m;[39m[31m[91mborder-left-width[33m:[39m[31m[91m0[33m}[39m[31m[91m[33m.list-group-horizontal-xl[39m[31m[91m [33m.list-group-item+.list-group-item.active[39m[31m[91m[33m{[39m[31m[91mmargin-left[33m:[39m[31m[91m0[33m;[39m[31m[91mborder-left-width[33m:[39m[31m[91m0[33m}[39m[31m[91m[33m}[39m[31m[91m[33m.list-group-flush[39m[31m[91m [33m.list-group-item[39m[31m[91m[33m{[39m[31m[91mborder-right-width[33m:[39m[31m[91m0[33m;[39m[31m[91mborder-left-width[33m:[39m[31m[91m0[33m}[39m[31m[91m[33m.list-group-flush[39m[31m[91m [33m.list-group-item[39m[31m[91m[33m:[39m[31m[91mfirst-child[33m{[39m[31m[91mborder-top-width[33m:[39m[31m[91m0[33m}[39m[31m[91m[33m.list-group-flush[39m[31m[91m[33m:[39m[31m[91mlast-child [33m.list-group-item[39m[31m[91m[33m:[39m[31m[91mlast-child[39m[22m[1m[31m[33m{[39m[31m[91mborder-bottom-width[33m:[39m[31m[91m0[33m}[39m[31m[91m[33m.list-group-item-primary[39m[31m[91m[33m{[39m[31m[91mcolor[33m:[39m[31m[91m[35m#fff[39m[31m[91m[33m;[39m[31m[91mbackground-color[33m:[39m[31m[91m[35m#fff[39m[31m[91m[33m}[39m[31m[91m[33m.list-group-item-primary.list-group-item-action[39m[31m[91m[33m:[39m[31m[91mfocus,.list-group-item-primary.list-group-item-action[33m:[39m[31m[91mhover[33m{[39m[31m[91mcolor[33m:[39m[31m[91m[35m#fff[39m[31m[91m[33m;[39m[31m[91mbackground-color[33m:[39m[31m[91m[35m#fff[39m[31m[91m[33m}[39m[31m[91m[33m.list-group-item-primary.list-group-item-action.active[39m[31m[91m[33m{[39m[31m[91mcolor[33m:[39m[31m[91m[35m#fff[39m[31m[91m[33m;[39m[31m[91mbackground-color[33m:[39m[31m[91m[35m#fff[39m[31m[91m[33m;[39m[31m[91mborder-color[33m:[39m[31m[91m[35m#fff[39m[31m[91m[33m}[39m[31m[91m[33m.list-group-item-secondary[39m[31m[91m[33m{[39m[31m[91mcolor[33m:[39m[31m[91m[35m#fff[39m[31m[91m[33m;[39m[31m[91mbackground-color[33m:[39m[31m[91m[35m#fff[39m[31m[91m[33m}[39m[31m[91m[33m.list-group-item-secondary.list-group-item-action[39m[31m[91m[33m:[39m[31m[91mfocus,.list-group-item-secondary.list-group-item-action[33m:[39m[31m[91mhover[33m{[39m[31m[91mcolor[33m:[39m[31m[91m[35m#fff[39m[31m[91m[33m;[39m[31m[91mbackground-color[33m:[39m[31m[91m[35m#fff[39m[31m[91m[33m}[39m[31m[91m[33m.list-group-item-secondary.list-group-item-action.active[39m[31m[91m[33m{[39m[31m[91mcolor[33m:[39m[31m[91m[35m#fff[39m[31m[91m[33m;[39m[31m[91mbackground-color[33m:[39m[31m[91m[35m#fff[39m[31m[91m[33m;[39m[31m[91mborder-color[33m:[39m[31m[91m[35m#fff[39m[31m[91m[33m}[39m[31m[91m[33m.list-group-item-success[39m[31m[91m[33m{[39m[31m[91mcolor[33m:[39m[31m[91m[35m#5f5[39m[31m[91m[33m;[39m[31m[91mbackground-color[33m:[39m[31m[91m[35m#5f5[39m[31m[91m[33m}[39m[31m[91m[33m.list-group-item-success.list-group-item-action[39m[31m[91m[33m:[39m[31m[91mfocus,.list-group-item-success.list-group-item-action[33m:[39m[31m[91mhover[33m{[39m[31m[91mcolor[33m:[39m[31m[91m[35m#5f5[39m[31m[91m[33m;[39m[31m[91mbackground-color[33m:[39m[31m[91m[35m#5f5[39m[22m[1m[31m[39m[91m[33m}[39m[31m[91m[33m.list-group-item-success.list-group-item-action.active[39m[31m[91m[33m{[39m[31m[91mcolor[33m:[39m[31m[91m[35m#fff[39m[31m[91m[33m;[39m[31m[91mbackground-color[33m:[39m[31m[91m[35m#5f5[39m[31m[91m[33m;[39m[31m[91mborder-color[33m:[39m[31m[91m[35m#5f5[39m[31m[91m[33m}[39m[31m[91m[33m.list-group-item-info[39m[31m[91m[33m{[39m[31m[91mcolor[33m:[39m[31m[91m[35m#5ff[39m[31m[91m[33m;[39m[31m[91mbackground-color[33m:[39m[31m[91m[35m#5ff[39m[31m[91m[33m}[39m[31m[91m[33m.list-group-item-info.list-group-item-action[39m[31m[91m[33m:[39m[31m[91mfocus,.list-group-item-info.list-group-item-action[33m:[39m[31m[91mhover[33m{[39m[31m[91mcolor[33m:[39m[31m[91m[35m#5ff[39m[31m[91m[33m;[39m[31m[91mbackground-color[33m:[39m[31m[91m[35m#5ff[39m[31m[91m[33m}[39m[31m[91m[33m.list-group-item-info.list-group-item-action.active[39m[31m[91m[33m{[39m[31m[91mcolor[33m:[39m[31m[91m[35m#fff[39m[31m[91m[33m;[39m[31m[91mbackground-color[33m:[39m[31m[91m[35m#5ff[39m[31m[91m[33m;[39m[31m[91mborder-color[33m:[39m[31m[91m[35m#5ff[39m[31m[91m[33m}[39m[31m[91m[33m.list-group-item-warning[39m[31m[91m[33m{[39m[31m[91mcolor[33m:[39m[31m[91m[35m#ff5[39m[31m[91m[33m;[39m[31m[91mbackground-color[33m:[39m[31m[91m[35m#ff5[39m[31m[91m[33m}[39m[31m[91m[33m.list-group-item-warning.list-group-item-action[39m[31m[91m[33m:[39m[31m[91mfocus,.list-group-item-warning.list-group-item-action[33m:[39m[31m[91mhover[33m{[39m[31m[91mcolor[33m:[39m[31m[91m[35m#ff5[39m[31m[91m[33m;[39m[31m[91mbackground-color[33m:[39m[31m[91m[35m#ff5[39m[31m[91m[33m}[39m[31m[91m[33m.list-group-item-warning.list-group-item-action.active[39m[31m[91m[33m{[39m[31m[91mcolor[33m:[39m[31m[91m[35m#fff[39m[31m[91m[33m;[39m[31m[91mbackground-color[33m:[39m[31m[91m[35m#ff5[39m[31m[91m[33m;[39m[31m[91mborder-color[33m:[39m[31m[91m[35m#ff5[39m[31m[91m[33m}[39m[31m[91m[33m.list-group-item-danger[39m[31m[91m[33m{[39m[31m[91mcolor[33m:[39m[31m[91m[35m#f55[39m[31m[91m[33m;[39m[31m[91mbackground-color[33m:[39m[31m[91m[35m#f55[39m[31m[91m[33m}[39m[31m[91m[33m.list-group-item-danger.list-group-item-action[39m[31m[9[39m[22m[1m[31m1m[33m:[39m[31m[91mfocus,.list-group-item-danger.list-group-item-action[33m:[39m[31m[91mhover[33m{[39m[31m[91mcolor[33m:[39m[31m[91m[35m#f55[39m[31m[91m[33m;[39m[31m[91mbackground-color[33m:[39m[31m[91m[35m#f55[39m[31m[91m[33m}[39m[31m[91m[33m.list-group-item-danger.list-group-item-action.active[39m[31m[91m[33m{[39m[31m[91mcolor[33m:[39m[31m[91m[35m#fff[39m[31m[91m[33m;[39m[31m[91mbackground-color[33m:[39m[31m[91m[35m#f55[39m[31m[91m[33m;[39m[31m[91mborder-color[33m:[39m[31m[91m[35m#f55[39m[31m[91m[33m}[39m[31m[91m[33m.list-group-item-light.list-group-item-action.active[39m[31m[91m[33m{[39m[31m[91mcolor[33m:[39m[31m[91m[35m#fff[39m[31m[91m[33m}[39m[31m[91m[33m.list-group-item-dark[39m[31m[91m[33m{[39m[31m[91mcolor[33m:[39m[31m[91m[35m#555[39m[31m[91m[33m;[39m[31m[91mbackground-color[33m:[39m[31m[91m[35m#555[39m[31m[91m[33m}[39m[31m[91m[33m.list-group-item-dark.list-group-item-action[39m[31m[91m[33m:[39m[31m[91mfocus,.list-group-item-dark.list-group-item-action[33m:[39m[31m[91mhover[33m{[39m[31m[91mcolor[33m:[39m[31m[91m[35m#555[39m[31m[91m[33m;[39m[31m[91mbackground-color[33m:[39m[31m[91m[35m#555[39m[31m[91m[33m}[39m[31m[91m[33m.list-group-item-dark.list-group-item-action.active[39m[31m[91m[33m{[39m[31m[91mcolor[33m:[39m[31m[91m[35m#fff[39m[31m[91m[33m;[39m[31m[91mbackground-color[33m:[39m[31m[91m[35m#555[39m[31m[91m[33m;[39m[31m[91mborder-color[33m:[39m[31m[91m[35m#555[39m[31m[91m[33m}[39m[31m[91m[33m.close[39m[31m[91m[33m{[39m[31m[91mfloat[33m:[39m[31m[91mright[33m;[39m[31m[91mline-height[33m:[39m[31m[91m1[33m;[39m[31m[91mcolor[33m:[39m[31m[91m[35m#fff[39m[31m[91m[33m}[39m[31m[91m[33m.close[39m[31m[91m[33m:[39m[31m[91mhover[33m{[39m[31m[91mcolor[33m:[39m[31m[91m[35m#fff[39m[31m[91m[33m;[39m[31m[91mtext-decoration[33m:[39m[31m[91mnone[33m}[39m[31m[91mbutton.close[33m{[39m[31m[91mpadding[33m:[39m[31m[91m0 0 0 8px[33m;[39m[31m[91mbackground-color[33m:[39m[31m[91mtransparent[33m;[39m[31m[91mborder[33m:[39m[31m[91m0[33m;[39m[31m[91m-webkit-appearance[33m:[39m[31m[91mnone[33m;[39m[31m[91m-moz-appearance[33m:[39m[31m[91mnone[33m;[39m[31m[91mappearance[39m[22m[1m[31m[33m:[39m[31m[91mnone[33m}[39m[31m[91ma.close.disabled[33m{[39m[31m[91mpointer-events[33m:[39m[31m[91mnone[33m}[39m[31m[91m[33m.toast[39m[31m[91m[33m{[39m[31m[91mmax-width[33m:[39m[31m[91m360px[33m;[39m[31m[91moverflow[33m:[39m[31m[91mhidden[33m;[39m[31m[91mcolor[33m:[39m[31m[91m[35m#000[39m[31m[91m[33m;[39m[31m[91mpadding[33m:[39m[31m[91m0[33m;[39m[31m[91mbackground-color[33m:[39m[31m[91m[35m#bbb[39m[31m[91m[33m;[39m[31m[91mbackground-clip[33m:[39m[31m[91mpadding-box[33m;[39m[31m[91mopacity[33m:[39m[31m[91m0[33m}[39m[31m[91m[33m.toast[39m[31m[91m[33m:[39m[31m[91m[36mnot[39m[31m[91m[36m(:last-child)[39m[31m[91m[33m{[39m[31m[91mmargin-bottom[33m:[39m[31m[91m8px[33m}[39m[31m[91m[33m.toast.showing[39m[31m[91m[33m{[39m[31m[91mopacity[33m:[39m[31m[91m1[33m}[39m[31m[91m[33m.toast.show[39m[31m[91m[33m{[39m[31m[91mdisplay[33m:[39m[31m[91mblock[33m;[39m[31m[91mopacity[33m:[39m[31m[91m1[33m}[39m[31m[91m[33m.toast.hide[39m[31m[91m[33m{[39m[31m[91mdisplay[33m:[39m[31m[91mnone[33m}[39m[31m[91m[33m.toast-header[39m[31m[91m[33m{[39m[31m[91mdisplay[33m:[39m[31m[91m-ms-flexbox[33m;[39m[31m[91mdisplay[33m:[39m[31m[91mflex[33m;[39m[31m[91m-ms-flex-align[33m:[39m[31m[91mcenter[33m;[39m[31m[91malign-items[33m:[39m[31m[91mcenter[33m;[39m[31m[91mpadding[33m:[39m[31m[91m0 8px[33m;[39m[31m[91mcolor[33m:[39m[31m[91m[35m#fff[39m[31m[91m[33m;[39m[31m[91mbackground-color[33m:[39m[31m[91m[35m#a0a[39m[31m[91m[33m}[39m[31m[91m[33m.toast-body[39m[31m[91m[33m{[39m[31m[91mpadding[33m:[39m[31m[91m8px[33m}[39m[31m[91m[33m.modal-open[39m[31m[91m[33m{[39m[31m[91moverflow[33m:[39m[31m[91mhidden[33m}[39m[31m[91m[33m.modal-open[39m[31m[91m [33m.modal[39m[31m[91m[33m{[39m[31m[91moverflow-x[33m:[39m[31m[91mhidden[33m;[39m[31m[91moverflow-y[33m:[39m[31m[91mauto[33m}[39m[31m[91m[33m.modal[39m[31m[91m[33m{[39m[31m[91mposition[33m:[39m[31m[91mfixed[33m;[39m[31m[91mtop[33m:[39m[31m[91m0[33m;[39m[31m[91mleft[33m:[39m[31m[91m0[33m;[39m[31m[91mz-index[33m:[39m[31m[91m1050[33m;[39m[31m[91mdisplay[33m:[39m[31m[91mnone[33m;[39m[31m[91mwidth[33m:[39m[31m[91m100%[33m;[39m[31m[91mheight[33m:[39m[31m[91m100%[33m;[39m[22m[1m[31m[39m[31m[91moverflow[33m:[39m[31m[91mhidden[33m;[39m[31m[91moutline[33m:[39m[31m[91m0[33m;[39m[31m[91m-webkit-filter[33m:[39m[31m[91m[36mdrop-shadow[39m[31m[91m[36m(7px 8px 0 #000)[39m[31m[91m[33m;[39m[31m[91mfilter[33m:[39m[31m[91m[36mdrop-shadow[39m[31m[91m[36m(7px 8px 0 #000)[39m[31m[91m[33m;[39m[31m[91mmargin-right[33m:[39m[31m[91m10.5px[33m;[39m[31m[91mmargin-bottom[33m:[39m[31m[91m14px[33m}[39m[31m[91m[33m.modal[39m[31m[91m [33m.btn[39m[31m[91m[33m{[39m[31m[91m-webkit-filter[33m:[39m[31m[91m[36mdrop-shadow[39m[31m[91m[36m(7px 8px 0 #000)[39m[31m[91m[33m;[39m[31m[91mfilter[33m:[39m[31m[91m[36mdrop-shadow[39m[31m[91m[36m(7px 8px 0 #000)[39m[31m[91m[33m;[39m[31m[91mmargin-right[33m:[39m[31m[91m10.5px[33m;[39m[31m[91mbackground[33m:[39m[31m[91m[35m#fff[39m[31m[91m[33m}[39m[31m[91m[33m.modal[39m[31m[91m [33m.btn[39m[31m[91m[33m:[39m[31m[91m[33m:[39m[31m[91mfirst-letter[33m{[39m[31m[91mcolor[33m:[39m[31m[91m[35m#f55[39m[31m[91m[33m}[39m[31m[91m[33m.modal[39m[31m[91m [33m.btn[39m[31m[91m[33m:[39m[31m[91mhover[33m{[39m[31m[91mcolor[33m:[39m[31m[91m[35m#000[39m[31m[91m[33m}[39m[31m[91m[33m.modal-dialog[39m[31m[91m[33m{[39m[31m[91mposition[33m:[39m[31m[91mrelative[33m;[39m[31m[91mwidth[33m:[39m[31m[91mauto[33m;[39m[31m[91mpointer-events[33m:[39m[31m[91mnone[33m}[39m[31m[91m[33m.modal.fade[39m[31m[91m [33m.modal-dialog[39m[31m[91m[33m{[39m[31m[91m-webkit-transform[33m:[39m[31m[91m[36mtranslate[39m[31m[91m[36m(0,-50px)[39m[31m[91m[33m;[39m[31m[91mtransform[33m:[39m[31m[91m[36mtranslate[39m[31m[91m[36m(0,-50px)[39m[31m[91m[33m}[39m[31m[91m[33m.modal.show[39m[31m[91m [33m.modal-dialog[39m[31m[91m[33m{[39m[31m[91m-webkit-transform[33m:[39m[31m[91mnone[33m;[39m[31m[91mtransform[33m:[39m[31m[91mnone[33m}[39m[31m[91m[33m.modal.modal-static[39m[31m[91m [33m.modal-dialog[39m[31m[91m[33m{[39m[31m[91m-webkit-transform[33m:[39m[31m[91m[36mscale[39m[31m[91m[36m(1.02)[39m[31m[91m[33m;[39m[31m[91mtransform[33m:[39m[31m[91m[36mscale[39m[31m[91m[36m(1.02)[39m[31m[91m[33m}[39m[31m[91m[33m.modal-dialog-scrollable[39m[31m[91m[33m{[39m[31m[91mdisplay[33m:[39m[31m[91m-ms-flexbox[39m[22m[1m[31m[33m;[39m[31m[91mdisplay[33m:[39m[31m[91mflex[33m}[39m[31m[91m[33m.modal-dialog-scrollable[39m[31m[91m [33m.modal-content[39m[31m[91m[33m{[39m[31m[91moverflow[33m:[39m[31m[91mhidden[33m}[39m[31m[91m[33m.modal-dialog-scrollable[39m[31m[91m [33m.modal-footer,.modal-dialog-scrollable[39m[31m[91m [33m.modal-header[39m[31m[91m[33m{[39m[31m[91m-ms-flex-negative[33m:[39m[31m[91m0[33m;[39m[31m[91mflex-shrink[33m:[39m[31m[91m0[33m}[39m[31m[91m[33m.modal-dialog-scrollable[39m[31m[91m [33m.modal-body[39m[31m[91m[33m{[39m[31m[91moverflow-y[33m:[39m[31m[91mauto[33m}[39m[31m[91m[33m.modal-dialog-centered[39m[31m[91m[33m{[39m[31m[91mdisplay[33m:[39m[31m[91m-ms-flexbox[33m;[39m[31m[91mdisplay[33m:[39m[31m[91mflex[33m;[39m[31m[91m-ms-flex-align[33m:[39m[31m[91mcenter[33m;[39m[31m[91malign-items[33m:[39m[31m[91mcenter[33m}[39m[31m[91m[33m.modal-dialog-centered[39m[31m[91m[33m:[39m[31m[91m[33m:[39m[31m[91mbefore[33m{[39m[31m[91mdisplay[33m:[39m[31m[91mblock[33m;[39m[31m[91mcontent[33m:[39m[31m[91m[32m""[39m[31m[91m[33m}[39m[31m[91m[33m.modal-dialog-centered.modal-dialog-scrollable[39m[31m[91m[33m{[39m[31m[91m-ms-flex-direction[33m:[39m[31m[91mcolumn[33m;[39m[31m[91mflex-direction[33m:[39m[31m[91mcolumn[33m;[39m[31m[91m-ms-flex-pack[33m:[39m[31m[91mcenter[33m;[39m[31m[91mjustify-content[33m:[39m[31m[91mcenter[33m;[39m[31m[91mheight[33m:[39m[31m[91m100%[33m}[39m[31m[91m[33m.modal-dialog-centered.modal-dialog-scrollable[39m[31m[91m [33m.modal-content[39m[31m[91m[33m{[39m[31m[91mmax-height[33m:[39m[31m[91mnone[33m}[39m[31m[91m[33m.modal-dialog-centered.modal-dialog-scrollable[39m[31m[91m[33m:[39m[31m[91m[33m:[39m[31m[91mbefore[33m{[39m[31m[91mcontent[33m:[39m[31m[91mnone[33m}[39m[31m[91m[33m.modal-content[39m[31m[91m[33m{[39m[31m[91mposition[33m:[39m[31m[91mrelative[33m;[39m[31m[91mdisplay[33m:[39m[31m[91m-ms-flexbox[33m;[39m[31m[91mdisplay[33m:[39m[31m[91mflex[33m;[39m[31m[91m-ms-flex-direction[33m:[39m[31m[91mcolumn[33m;[39m[31m[91mflex-direction[33m:[39m[31m[91mcolumn[33m;[39m[31m[91mwidth[33m:[39m[31m[91m100%[33m;[39m[31m[91mcolor[33m:[39m[31m[91m[35m#000[39m[31m[39m[22m[1m[31m[91m[33m;[39m[31m[91mpointer-events[33m:[39m[31m[91mauto[33m;[39m[31m[91mbackground-color[33m:[39m[31m[91m[35m#bbb[39m[31m[91m[33m;[39m[31m[91mbackground-clip[33m:[39m[31m[91mpadding-box[33m;[39m[31m[91moutline[33m:[39m[31m[91m0[33m}[39m[31m[91m[33m.modal-backdrop[39m[31m[91m[33m{[39m[31m[91mposition[33m:[39m[31m[91mfixed[33m;[39m[31m[91mtop[33m:[39m[31m[91m0[33m;[39m[31m[91mleft[33m:[39m[31m[91m0[33m;[39m[31m[91mz-index[33m:[39m[31m[91m1040[33m;[39m[31m[91mwidth[33m:[39m[31m[91m100vw[33m;[39m[31m[91mheight[33m:[39m[31m[91m100vh[33m;[39m[31m[91mbackground-color[33m:[39m[31m[91m[35m#000[39m[31m[91m[33m}[39m[31m[91m[33m.modal-backdrop.fade[39m[31m[91m[33m{[39m[31m[91mopacity[33m:[39m[31m[91m0[33m}[39m[31m[91m[33m.modal-header[39m[31m[91m[33m{[39m[31m[91mdisplay[33m:[39m[31m[91m-ms-flexbox[33m;[39m[31m[91mdisplay[33m:[39m[31m[91mflex[33m;[39m[31m[91m-ms-flex-align[33m:[39m[31m[91mstart[33m;[39m[31m[91malign-items[33m:[39m[31m[91mflex-start[33m;[39m[31m[91m-ms-flex-pack[33m:[39m[31m[91mjustify[33m;[39m[31m[91mjustify-content[33m:[39m[31m[91mspace-between[33m;[39m[31m[91mpadding[33m:[39m[31m[91m0 8px[33m;[39m[31m[91mbackground[33m:[39m[31m[91m[35m#a0a[39m[31m[91m[33m;[39m[31m[91mcolor[33m:[39m[31m[91m[35m#fff[39m[31m[91m[33m}[39m[31m[91m[33m.modal-header[39m[31m[91m [33m.h1,.modal-header[39m[31m[91m [33m.h2,.modal-header[39m[31m[91m [33m.h3,.modal-header[39m[31m[91m [33m.h4,.modal-header[39m[31m[91m [33m.h5,.modal-header[39m[31m[91m [33m.h6,.modal-header[39m[31m[91m h1,.modal-header h2,.modal-header h3,.modal-header h4,.modal-header h5,.modal-header h6[33m{[39m[31m[91mborder[33m:[39m[31m[91m0[33m;[39m[31m[91mpadding[33m:[39m[31m[91m0[33m;[39m[31m[91mmargin[33m:[39m[31m[91m0[33m;[39m[31m[91m-webkit-animation[33m:[39m[31m[91mnone[33m;[39m[31m[91manimation[33m:[39m[31m[91mnone[33m}[39m[31m[91m[33m.modal-header[39m[31m[91m [33m.h1[39m[31m[91m[33m:[39m[31m[91m[33m:[39m[31m[91mafter,.modal-header [33m.h1[39m[31m[91m[33m:[39m[31m[91m[33m:[39m[31m[91mbefore,.modal-header [33m.h2[39m[31m[91m[33m:[39m[31m[91m[33m:[39m[31m[91mafter,.modal-header [33m.h2[39m[31m[[39m[22m[1m[31m91m[33m:[39m[31m[91m[33m:[39m[31m[91mbefore,.modal-header [33m.h3[39m[31m[91m[33m:[39m[31m[91m[33m:[39m[31m[91mafter,.modal-header [33m.h3[39m[31m[91m[33m:[39m[31m[91m[33m:[39m[31m[91mbefore,.modal-header [33m.h4[39m[31m[91m[33m:[39m[31m[91m[33m:[39m[31m[91mafter,.modal-header [33m.h4[39m[31m[91m[33m:[39m[31m[91m[33m:[39m[31m[91mbefore,.modal-header [33m.h5[39m[31m[91m[33m:[39m[31m[91m[33m:[39m[31m[91mafter,.modal-header [33m.h5[39m[31m[91m[33m:[39m[31m[91m[33m:[39m[31m[91mbefore,.modal-header [33m.h6[39m[31m[91m[33m:[39m[31m[91m[33m:[39m[31m[91mafter,.modal-header [33m.h6[39m[31m[91m[33m:[39m[31m[91m[33m:[39m[31m[91mbefore,.modal-header h1[33m:[39m[31m[91m[33m:[39m[31m[91mafter,.modal-header h1[33m:[39m[31m[91m[33m:[39m[31m[91mbefore,.modal-header h2[33m:[39m[31m[91m[33m:[39m[31m[91mafter,.modal-header h2[33m:[39m[31m[91m[33m:[39m[31m[91mbefore,.modal-header h3[33m:[39m[31m[91m[33m:[39m[31m[91mafter,.modal-header h3[33m:[39m[31m[91m[33m:[39m[31m[91mbefore,.modal-header h4[33m:[39m[31m[91m[33m:[39m[31m[91mafter,.modal-header h4[33m:[39m[31m[91m[33m:[39m[31m[91mbefore,.modal-header h5[33m:[39m[31m[91m[33m:[39m[31m[91mafter,.modal-header h5[33m:[39m[31m[91m[33m:[39m[31m[91mbefore,.modal-header h6[33m:[39m[31m[91m[33m:[39m[31m[91mafter,.modal-header h6[33m:[39m[31m[91m[33m:[39m[31m[91mbefore[33m{[39m[31m[91mcontent[33m:[39m[31m[91m[32m''[39m[31m[91m[33m}[39m[31m[91m[33m.modal-header[39m[31m[91m [33m.close[39m[31m[91m[33m{[39m[31m[91mpadding[33m:[39m[31m[91m0 8px[33m;[39m[31m[91mmargin[33m:[39m[31m[91m0 -8px 0 auto[33m}[39m[31m[91m[33m.modal-body[39m[31m[91m[33m{[39m[31m[91mposition[33m:[39m[31m[91mrelative[33m;[39m[31m[91m-ms-flex[33m:[39m[31m[91m1 1 auto[33m;[39m[31m[91mflex[33m:[39m[31m[91m1 1 auto[33m;[39m[31m[91mpadding[33m:[39m[31m[91m14px 16px[33m}[39m[31m[91m[33m.modal-footer[39m[31m[91m[33m{[39m[31m[91mdisplay[33m:[39m[31m[91m-ms-flexbox[33m;[39m[31m[91mdisplay[33m:[39m[31m[91mflex[33m;[39m[31m[91m-ms-flex-wrap[33m:[39m[31m[91mwrap[33m;[39m[31m[91mflex-wrap[33m:[39m[31m[91mwrap[33m;[39m[31m[91m-ms-flex-align[33m:[39m[31m[91mcenter[33m;[39m[31m[39m[22m[1m[31m[91malign-items[33m:[39m[31m[91mcenter[33m;[39m[31m[91m-ms-flex-pack[33m:[39m[31m[91mend[33m;[39m[31m[91mjustify-content[33m:[39m[31m[91mflex-end[33m;[39m[31m[91mpadding[33m:[39m[31m[91m0 8px 14px[33m}[39m[31m[91m[33m.modal-footer>*[39m[31m[91m[33m{[39m[31m[91mmargin[33m:[39m[31m[91m0 8px[33m}[39m[31m[91m[33m.modal-scrollbar-measure[39m[31m[91m[33m{[39m[31m[91mposition[33m:[39m[31m[91mabsolute[33m;[39m[31m[91mtop[33m:[39m[31m[91m-9999px[33m;[39m[31m[91mwidth[33m:[39m[31m[91m50px[33m;[39m[31m[91mheight[33m:[39m[31m[91m50px[33m;[39m[31m[91moverflow[33m:[39m[31m[91mscroll[33m}[39m[31m[91m[36m@media[39m[31m[91m[36m [39m[31m[91m[36m(min-width:576px)[39m[31m[91m[33m{[39m[31m[91m[33m.modal-dialog[39m[31m[91m[33m{[39m[31m[91mmax-width[33m:[39m[31m[91m480px[33m}[39m[31m[91m[33m.modal-sm[39m[31m[91m[33m{[39m[31m[91mmax-width[33m:[39m[31m[91m240px[33m}[39m[31m[91m[33m}[39m[31m[91m[36m@media[39m[31m[91m[36m [39m[31m[91m[36m(min-width:960px)[39m[31m[91m[33m{[39m[31m[91m[33m.modal-lg,.modal-xl[39m[31m[91m[33m{[39m[31m[91mmax-width[33m:[39m[31m[91m800px[33m}[39m[31m[91m[33m}[39m[31m[91m[36m@media[39m[31m[91m[36m [39m[31m[91m[36m(min-width:1152px)[39m[31m[91m[33m{[39m[31m[91m[33m.modal-xl[39m[31m[91m[33m{[39m[31m[91mmax-width[33m:[39m[31m[91m1120px[33m}[39m[31m[91m[33m}[39m[31m[91m[33m.tooltip[39m[31m[91m[33m{[39m[31m[91mposition[33m:[39m[31m[91mabsolute[33m;[39m[31m[91mz-index[33m:[39m[31m[91m1070[33m;[39m[31m[91mdisplay[33m:[39m[31m[91mblock[33m;[39m[31m[91mmargin[33m:[39m[31m[91m0[33m;[39m[31m[91mfont-family[33m:[39m[31m[91mDOS,Monaco,Menlo,Consolas,[32m"Courier New"[39m[31m[91m,monospace[33m;[39m[31m[91mfont-style[33m:[39m[31m[91mnormal[33m;[39m[31m[91mfont-weight[33m:[39m[31m[91m400[33m;[39m[31m[91mline-height[33m:[39m[31m[91m14px[33m;[39m[31m[91mtext-align[33m:[39m[31m[91mleft[33m;[39m[31m[91mtext-align[33m:[39m[31m[91mstart[33m;[39m[31m[91mtext-decoration[33m:[39m[31m[91mnone[33m;[39m[31m[91mtext-shadow[33m:[39m[31m[91mnone[33m;[39m[31m[91mtext-transform[33m:[39m[31m[91mnone[33m;[39m[31m[91mletter-spacing[33m:[39m[31m[91mnormal[33m;[39m[31m[91mword-break[33[39m[22m[1m[31mm:[39m[31m[91mnormal[33m;[39m[31m[91mword-spacing[33m:[39m[31m[91mnormal[33m;[39m[31m[91mwhite-space[33m:[39m[31m[91mnormal[33m;[39m[31m[91mline-break[33m:[39m[31m[91mauto[33m;[39m[31m[91mword-wrap[33m:[39m[31m[91mbreak-word[33m;[39m[31m[91mopacity[33m:[39m[31m[91m0[33m}[39m[31m[91m[33m.tooltip.show[39m[31m[91m[33m{[39m[31m[91mopacity[33m:[39m[31m[91m1[33m}[39m[31m[91m[33m.tooltip[39m[31m[91m [33m.arrow[39m[31m[91m[33m{[39m[31m[91mposition[33m:[39m[31m[91mabsolute[33m;[39m[31m[91mdisplay[33m:[39m[31m[91mblock[33m;[39m[31m[91mcolor[33m:[39m[31m[91m[35m#000[39m[31m[91m[33m;[39m[31m[91mwidth[33m:[39m[31m[91m8px[33m;[39m[31m[91mheight[33m:[39m[31m[91m14px[33m}[39m[31m[91m[33m.tooltip[39m[31m[91m [33m.arrow[39m[31m[91m[33m:[39m[31m[91m[33m:[39m[31m[91mbefore[33m{[39m[31m[91mposition[33m:[39m[31m[91mabsolute[33m;[39m[31m[91mcontent[33m:[39m[31m[91m[32m""[39m[31m[91m[33m;[39m[31m[91mborder-color[33m:[39m[31m[91mtransparent[33m;[39m[31m[91mborder-style[33m:[39m[31m[91msolid[33m}[39m[31m[91m[33m.bs-tooltip-auto[39m[31m[91m[33m[[39m[31m[91mx-placement^=top[33m][39m[31m[91m,.bs-tooltip-top[33m{[39m[31m[91mpadding[33m:[39m[31m[91m14px 0[33m}[39m[31m[91m[33m.bs-tooltip-auto[39m[31m[91m[33m[[39m[31m[91mx-placement^=top[33m][39m[31m[91m [33m.arrow,.bs-tooltip-top[39m[31m[91m [33m.arrow[39m[31m[91m[33m{[39m[31m[91mbottom[33m:[39m[31m[91m0[33m}[39m[31m[91m[33m.bs-tooltip-auto[39m[31m[91m[33m[[39m[31m[91mx-placement^=top[33m][39m[31m[91m [33m.arrow[39m[31m[91m[33m:[39m[31m[91m[33m:[39m[31m[91mafter,.bs-tooltip-top [33m.arrow[39m[31m[91m[33m:[39m[31m[91m[33m:[39m[31m[91mafter[33m{[39m[31m[91mcontent[33m:[39m[31m[91m[32m'\25bc'[39m[31m[91m[33m}[39m[31m[91m[33m.bs-tooltip-auto[39m[31m[91m[33m[[39m[31m[91mx-placement^=top[33m][39m[31m[91m [33m.arrow[39m[31m[91m[33m:[39m[31m[91m[33m:[39m[31m[91mbefore,.bs-tooltip-top [33m.arrow[39m[31m[91m[33m:[39m[31m[91m[33m:[39m[31m[91mbefore[33m{[39m[31m[91mtop[33m:[39m[31m[91m0[33m}[39m[31m[91m[33m.bs-tooltip-auto[39m[31m[91m[33m[[39m[31m[91mx-placement^=right[33m][39m[31m[91m,.bs-tooltip-right[33m{[39m[31m[91mpadding[33m:[39m[31m[91m0 8[39m[22m[1m[31mpx[33m}[39m[31m[91m[33m.bs-tooltip-auto[39m[31m[91m[33m[[39m[31m[91mx-placement^=right[33m][39m[31m[91m [33m.arrow,.bs-tooltip-right[39m[31m[91m [33m.arrow[39m[31m[91m[33m{[39m[31m[91mleft[33m:[39m[31m[91m0[33m}[39m[31m[91m[33m.bs-tooltip-auto[39m[31m[91m[33m[[39m[31m[91mx-placement^=right[33m][39m[31m[91m [33m.arrow[39m[31m[91m[33m:[39m[31m[91m[33m:[39m[31m[91mbefore,.bs-tooltip-right [33m.arrow[39m[31m[91m[33m:[39m[31m[91m[33m:[39m[31m[91mbefore[33m{[39m[31m[91mright[33m:[39m[31m[91m0[33m;[39m[31m[91mcontent[33m:[39m[31m[91m[32m'\25c4'[39m[31m[91m[33m}[39m[31m[91m[33m.bs-tooltip-auto[39m[31m[91m[33m[[39m[31m[91mx-placement^=bottom[33m][39m[31m[91m,.bs-tooltip-bottom[33m{[39m[31m[91mpadding[33m:[39m[31m[91m14px 0[33m}[39m[31m[91m[33m.bs-tooltip-auto[39m[31m[91m[33m[[39m[31m[91mx-placement^=bottom[33m][39m[31m[91m [33m.arrow,.bs-tooltip-bottom[39m[31m[91m [33m.arrow[39m[31m[91m[33m{[39m[31m[91mtop[33m:[39m[31m[91m0[33m}[39m[31m[91m[33m.bs-tooltip-auto[39m[31m[91m[33m[[39m[31m[91mx-placement^=bottom[33m][39m[31m[91m [33m.arrow[39m[31m[91m[33m:[39m[31m[91m[33m:[39m[31m[91mafter,.bs-tooltip-bottom [33m.arrow[39m[31m[91m[33m:[39m[31m[91m[33m:[39m[31m[91mafter[33m{[39m[31m[91mcontent[33m:[39m[31m[91m[32m'\25b2'[39m[31m[91m[33m}[39m[31m[91m[33m.bs-tooltip-auto[39m[31m[91m[33m[[39m[31m[91mx-placement^=left[33m][39m[31m[91m,.bs-tooltip-left[33m{[39m[31m[91mpadding[33m:[39m[31m[91m0 8px[33m}[39m[31m[91m[33m.bs-tooltip-auto[39m[31m[91m[33m[[39m[31m[91mx-placement^=left[33m][39m[31m[91m [33m.arrow,.bs-tooltip-left[39m[31m[91m [33m.arrow[39m[31m[91m[33m{[39m[31m[91mright[33m:[39m[31m[91m0[33m}[39m[31m[91m[33m.bs-tooltip-auto[39m[31m[91m[33m[[39m[31m[91mx-placement^=left[33m][39m[31m[91m [33m.arrow[39m[31m[91m[33m:[39m[31m[91m[33m:[39m[31m[91mafter,.bs-tooltip-left [33m.arrow[39m[31m[91m[33m:[39m[31m[91m[33m:[39m[31m[91mafter[33m{[39m[31m[91mcontent[33m:[39m[31m[91m[32m'\25ba'[39m[31m[91m[33m}[39m[31m[91m[33m.tooltip-inner[39m[31m[91m[33m{[39m[31m[91mmax-width[33m:[39m[31m[91m200px[33m;[39m[31m[91mpadding[33m:[39m[31m[91m0 8px[33m;[39m[31m[91mcolor[33m:[39m[31m[[39m[22m[1m[31m91m[35m#fff[39m[31m[91m[33m;[39m[31m[91mtext-align[33m:[39m[31m[91mcenter[33m;[39m[31m[91mbackground-color[33m:[39m[31m[91m[35m#000[39m[31m[91m[33m}[39m[31m[91m[33m.popover[39m[31m[91m[33m{[39m[31m[91mposition[33m:[39m[31m[91mabsolute[33m;[39m[31m[91mtop[33m:[39m[31m[91m0[33m;[39m[31m[91mleft[33m:[39m[31m[91m0[33m;[39m[31m[91mz-index[33m:[39m[31m[91m1060[33m;[39m[31m[91mdisplay[33m:[39m[31m[91mblock[33m;[39m[31m[91mmax-width[33m:[39m[31m[91m280px[33m;[39m[31m[91mfont-family[33m:[39m[31m[91mDOS,Monaco,Menlo,Consolas,[32m"Courier New"[39m[31m[91m,monospace[33m;[39m[31m[91mfont-style[33m:[39m[31m[91mnormal[33m;[39m[31m[91mfont-weight[33m:[39m[31m[91m400[33m;[39m[31m[91mline-height[33m:[39m[31m[91m14px[33m;[39m[31m[91mtext-align[33m:[39m[31m[91mleft[33m;[39m[31m[91mtext-align[33m:[39m[31m[91mstart[33m;[39m[31m[91mtext-decoration[33m:[39m[31m[91mnone[33m;[39m[31m[91mtext-shadow[33m:[39m[31m[91mnone[33m;[39m[31m[91mtext-transform[33m:[39m[31m[91mnone[33m;[39m[31m[91mletter-spacing[33m:[39m[31m[91mnormal[33m;[39m[31m[91mword-break[33m:[39m[31m[91mnormal[33m;[39m[31m[91mword-spacing[33m:[39m[31m[91mnormal[33m;[39m[31m[91mwhite-space[33m:[39m[31m[91mnormal[33m;[39m[31m[91mline-break[33m:[39m[31m[91mauto[33m;[39m[31m[91mword-wrap[33m:[39m[31m[91mbreak-word[33m;[39m[31m[91mbackground-color[33m:[39m[31m[91m[35m#bbb[39m[31m[91m[33m;[39m[31m[91mbackground-clip[33m:[39m[31m[91mpadding-box[33m}[39m[31m[91m[33m.popover[39m[31m[91m [33m.h3,.popover[39m[31m[91m h3[33m{[39m[31m[91mborder[33m:[39m[31m[91m0[33m;[39m[31m[91mpadding[33m:[39m[31m[91m0[33m;[39m[31m[91mmargin[33m:[39m[31m[91m0[33m;[39m[31m[91mbox-shadow[33m:[39m[31m[91m0[33m}[39m[31m[91m[33m.popover[39m[31m[91m [33m.arrow[39m[31m[91m[33m{[39m[31m[91mposition[33m:[39m[31m[91mabsolute[33m;[39m[31m[91mdisplay[33m:[39m[31m[91mblock[33m;[39m[31m[91mwidth[33m:[39m[31m[91m8px[33m;[39m[31m[91mheight[33m:[39m[31m[91m14px[33m;[39m[31m[91mmargin[33m:[39m[31m[91m0[33m;[39m[31m[91mbackground[33m:[39m[31m[91m0 0[33m}[39m[31m[91m[33m.popover[39m[31m[91m [33m.arrow[39m[31m[91m[33m:[39m[31m[91m[33m:[39m[31m[91mafter,.popover [[39m[22m[1m[31m33m.arrow[39m[31m[91m[33m:[39m[31m[91m[33m:[39m[31m[91mbefore[33m{[39m[31m[91mposition[33m:[39m[31m[91mabsolute[33m;[39m[31m[91mdisplay[33m:[39m[31m[91mblock[33m;[39m[31m[91mcontent[33m:[39m[31m[91m[32m""[39m[31m[91m[33m}[39m[31m[91m[33m.bs-popover-auto[39m[31m[91m[33m[[39m[31m[91mx-placement^=top[33m][39m[31m[91m,.bs-popover-top[33m{[39m[31m[91mmargin-bottom[33m:[39m[31m[91m14px[33m}[39m[31m[91m[33m.bs-popover-auto[39m[31m[91m[33m[[39m[31m[91mx-placement^=top[33m][39m[31m[91m>.arrow,.bs-popover-top>.arrow[33m{[39m[31m[91mbottom[33m:[39m[31m[91m-14px[33m}[39m[31m[91m[33m.bs-popover-auto[39m[31m[91m[33m[[39m[31m[91mx-placement^=top[33m][39m[31m[91m>.arrow[33m:[39m[31m[91m[33m:[39m[31m[91mafter,.bs-popover-top>.arrow[33m:[39m[31m[91m[33m:[39m[31m[91mafter[33m{[39m[31m[91mcontent[33m:[39m[31m[91m[32m'\25bc'[39m[31m[91m[33m}[39m[31m[91m[33m.bs-popover-auto[39m[31m[91m[33m[[39m[31m[91mx-placement^=right[33m][39m[31m[91m,.bs-popover-right[33m{[39m[31m[91mmargin-left[33m:[39m[31m[91m8px[33m}[39m[31m[91m[33m.bs-popover-auto[39m[31m[91m[33m[[39m[31m[91mx-placement^=right[33m][39m[31m[91m>.arrow,.bs-popover-right>.arrow[33m{[39m[31m[91mleft[33m:[39m[31m[91m-8px[33m;[39m[31m[91mwidth[33m:[39m[31m[91m8px[33m;[39m[31m[91mheight[33m:[39m[31m[91m14px[33m;[39m[31m[91mmargin[33m:[39m[31m[91m0[33m}[39m[31m[91m[33m.bs-popover-auto[39m[31m[91m[33m[[39m[31m[91mx-placement^=right[33m][39m[31m[91m>.arrow[33m:[39m[31m[91m[33m:[39m[31m[91mafter,.bs-popover-right>.arrow[33m:[39m[31m[91m[33m:[39m[31m[91mafter[33m{[39m[31m[91mcontent[33m:[39m[31m[91m[32m'\25c4'[39m[31m[91m[33m;[39m[31m[91mleft[33m:[39m[31m[91m0[33m}[39m[31m[91m[33m.bs-popover-auto[39m[31m[91m[33m[[39m[31m[91mx-placement^=bottom[33m][39m[31m[91m,.bs-popover-bottom[33m{[39m[31m[91mmargin-top[33m:[39m[31m[91m14px[33m}[39m[31m[91m[33m.bs-popover-auto[39m[31m[91m[33m[[39m[31m[91mx-placement^=bottom[33m][39m[31m[91m>.arrow,.bs-popover-bottom>.arrow[33m{[39m[31m[91mtop[33m:[39m[31m[91m-14px[33m}[39m[31m[91m[33m.bs-popover-auto[39m[31m[91m[33m[[39m[31m[91mx-placement^=bottom[33m][39m[31m[91m>.arrow[33m:[39m[31m[91m[39m[22m[1m[31m[33m:[39m[31m[91mafter,.bs-popover-bottom>.arrow[33m:[39m[31m[91m[33m:[39m[31m[91mafter[33m{[39m[31m[91mcontent[33m:[39m[31m[91m[32m'\25b2'[39m[31m[91m[33m}[39m[31m[91m[33m.bs-popover-auto[39m[31m[91m[33m[[39m[31m[91mx-placement^=bottom[33m][39m[31m[91m [33m.popover-header[39m[31m[91m[33m:[39m[31m[91m[33m:[39m[31m[91mbefore,.bs-popover-bottom [33m.popover-header[39m[31m[91m[33m:[39m[31m[91m[33m:[39m[31m[91mbefore[33m{[39m[31m[91mposition[33m:[39m[31m[91mabsolute[33m;[39m[31m[91mtop[33m:[39m[31m[91m0[33m;[39m[31m[91mleft[33m:[39m[31m[91m50%[33m;[39m[31m[91mdisplay[33m:[39m[31m[91mblock[33m;[39m[31m[91mwidth[33m:[39m[31m[91m8px[33m;[39m[31m[91mmargin-left[33m:[39m[31m[91m-4px[33m;[39m[31m[91mcontent[33m:[39m[31m[91m[32m""[39m[31m[91m[33m}[39m[31m[91m[33m.bs-popover-auto[39m[31m[91m[33m[[39m[31m[91mx-placement^=left[33m][39m[31m[91m,.bs-popover-left[33m{[39m[31m[91mmargin-right[33m:[39m[31m[91m8px[33m}[39m[31m[91m[33m.bs-popover-auto[39m[31m[91m[33m[[39m[31m[91mx-placement^=left[33m][39m[31m[91m>.arrow,.bs-popover-left>.arrow[33m{[39m[31m[91mright[33m:[39m[31m[91m-8px[33m;[39m[31m[91mwidth[33m:[39m[31m[91m8px[33m;[39m[31m[91mheight[33m:[39m[31m[91m14px[33m;[39m[31m[91mmargin[33m:[39m[31m[91m0[33m}[39m[31m[91m[33m.bs-popover-auto[39m[31m[91m[33m[[39m[31m[91mx-placement^=left[33m][39m[31m[91m>.arrow[33m:[39m[31m[91m[33m:[39m[31m[91mafter,.bs-popover-left>.arrow[33m:[39m[31m[91m[33m:[39m[31m[91mafter[33m{[39m[31m[91mcontent[33m:[39m[31m[91m[32m'\25ba'[39m[31m[91m[33m;[39m[31m[91mright[33m:[39m[31m[91m0[33m}[39m[31m[91m[33m.popover-header[39m[31m[91m[33m{[39m[31m[91mpadding[33m:[39m[31m[91m0 8px[33m;[39m[31m[91mmargin-bottom[33m:[39m[31m[91m0[33m;[39m[31m[91mfont-size[33m:[39m[31m[91m16px[33m;[39m[31m[91mcolor[33m:[39m[31m[91m[35m#fff[39m[31m[91m[33m;[39m[31m[91mbackground-color[33m:[39m[31m[91m[35m#a0a[39m[31m[91m[33m}[39m[31m[91m[33m.popover-header[39m[31m[91m[33m:[39m[31m[91mempty[33m{[39m[31m[91mdisplay[33m:[39m[31m[91mnone[33m}[39m[31m[91m[33m.popover-body[39m[31m[91m[33m{[39m[31m[91mpadding[33m:[39m[31m[91m0 8px[33m;[39m[31m[91mcolor[33m:[39m[31m[91m[[39m[22m[1m[31m35m#000[39m[31m[91m[33m}[39m[31m[91m[33m.carousel[39m[31m[91m[33m{[39m[31m[91mposition[33m:[39m[31m[91mrelative[33m}[39m[31m[91m[33m.carousel.pointer-event[39m[31m[91m[33m{[39m[31m[91m-ms-touch-action[33m:[39m[31m[91mpan-y[33m;[39m[31m[91mtouch-action[33m:[39m[31m[91mpan-y[33m}[39m[31m[91m[33m.carousel-inner[39m[31m[91m[33m{[39m[31m[91mposition[33m:[39m[31m[91mrelative[33m;[39m[31m[91mwidth[33m:[39m[31m[91m100%[33m;[39m[31m[91moverflow[33m:[39m[31m[91mhidden[33m}[39m[31m[91m[33m.carousel-inner[39m[31m[91m[33m:[39m[31m[91m[33m:[39m[31m[91mafter[33m{[39m[31m[91mdisplay[33m:[39m[31m[91mblock[33m;[39m[31m[91mclear[33m:[39m[31m[91mboth[33m;[39m[31m[91mcontent[33m:[39m[31m[91m[32m""[39m[31m[91m[33m}[39m[31m[91m[33m.carousel-item[39m[31m[91m[33m{[39m[31m[91mposition[33m:[39m[31m[91mrelative[33m;[39m[31m[91mdisplay[33m:[39m[31m[91mnone[33m;[39m[31m[91mfloat[33m:[39m[31m[91mleft[33m;[39m[31m[91mwidth[33m:[39m[31m[91m100%[33m;[39m[31m[91mmargin-right[33m:[39m[31m[91m-100%[33m;[39m[31m[91m-webkit-backface-visibility[33m:[39m[31m[91mhidden[33m;[39m[31m[91mbackface-visibility[33m:[39m[31m[91mhidden[33m}[39m[31m[91m[33m.carousel-item-next,.carousel-item-prev,.carousel-item.active[39m[31m[91m[33m{[39m[31m[91mdisplay[33m:[39m[31m[91mblock[33m}[39m[31m[91m[33m.active.carousel-item-right,.carousel-item-next[39m[31m[91m[33m:[39m[31m[91m[36mnot[39m[31m[91m[36m(.carousel-item-left)[39m[31m[91m[33m{[39m[31m[91m-webkit-transform[33m:[39m[31m[91m[36mtranslateX[39m[31m[91m[36m(100%)[39m[31m[91m[33m;[39m[31m[91mtransform[33m:[39m[31m[91m[36mtranslateX[39m[31m[91m[36m(100%)[39m[31m[91m[33m}[39m[31m[91m[33m.active.carousel-item-left,.carousel-item-prev[39m[31m[91m[33m:[39m[31m[91m[36mnot[39m[31m[91m[36m(.carousel-item-right)[39m[31m[91m[33m{[39m[31m[91m-webkit-transform[33m:[39m[31m[91m[36mtranslateX[39m[31m[91m[36m(-100%)[39m[31m[91m[33m;[39m[31m[91mtransform[33m:[39m[31m[91m[36mtranslateX[39m[31m[91m[36m(-100%)[39m[31m[91m[33m}[39m[31m[91m[33m.carousel-fade[39m[31m[91m [33m.carousel-item[39m[31m[91m[33m{[39m[31m[91mopacity[33m:[39m[31m[91m0[33m;[39m[31m[91mtransition-prope[39m[22m[1m[31mrty[33m:[39m[31m[91mopacity[33m;[39m[31m[91m-webkit-transform[33m:[39m[31m[91mnone[33m;[39m[31m[91mtransform[33m:[39m[31m[91mnone[33m}[39m[31m[91m[33m.carousel-fade[39m[31m[91m [33m.carousel-item-next.carousel-item-left,.carousel-fade[39m[31m[91m [33m.carousel-item-prev.carousel-item-right,.carousel-fade[39m[31m[91m [33m.carousel-item.active[39m[31m[91m[33m{[39m[31m[91mz-index[33m:[39m[31m[91m1[33m;[39m[31m[91mopacity[33m:[39m[31m[91m1[33m}[39m[31m[91m[33m.carousel-fade[39m[31m[91m [33m.active.carousel-item-left,.carousel-fade[39m[31m[91m [33m.active.carousel-item-right[39m[31m[91m[33m{[39m[31m[91mz-index[33m:[39m[31m[91m0[33m;[39m[31m[91mopacity[33m:[39m[31m[91m0[33m}[39m[31m[91m[33m.carousel-control-next,.carousel-control-prev[39m[31m[91m[33m{[39m[31m[91mposition[33m:[39m[31m[91mabsolute[33m;[39m[31m[91mtop[33m:[39m[31m[91m0[33m;[39m[31m[91mbottom[33m:[39m[31m[91m0[33m;[39m[31m[91mz-index[33m:[39m[31m[91m1[33m;[39m[31m[91mdisplay[33m:[39m[31m[91m-ms-flexbox[33m;[39m[31m[91mdisplay[33m:[39m[31m[91mflex[33m;[39m[31m[91m-ms-flex-align[33m:[39m[31m[91mcenter[33m;[39m[31m[91malign-items[33m:[39m[31m[91mcenter[33m;[39m[31m[91m-ms-flex-pack[33m:[39m[31m[91mcenter[33m;[39m[31m[91mjustify-content[33m:[39m[31m[91mcenter[33m;[39m[31m[91mwidth[33m:[39m[31m[91m15%[33m;[39m[31m[91mcolor[33m:[39m[31m[91m[35m#fff[39m[31m[91m[33m;[39m[31m[91mtext-align[33m:[39m[31m[91mcenter[33m;[39m[31m[91mopacity[33m:[39m[31m[91m[33m.5[39m[31m[91m[33m}[39m[31m[91m[33m.carousel-control-next[39m[31m[91m[33m:[39m[31m[91mfocus,.carousel-control-next[33m:[39m[31m[91mhover,.carousel-control-prev[33m:[39m[31m[91mfocus,.carousel-control-prev[33m:[39m[31m[91mhover[33m{[39m[31m[91mcolor[33m:[39m[31m[91m[35m#fff[39m[31m[91m[33m;[39m[31m[91mtext-decoration[33m:[39m[31m[91mnone[33m;[39m[31m[91moutline[33m:[39m[31m[91m0[33m;[39m[31m[91mopacity[33m:[39m[31m[91m[33m.9[39m[31m[91m[33m}[39m[31m[91m[33m.carousel-control-prev[39m[31m[91m[33m{[39m[31m[91mleft[33m:[39m[31m[91m0[33m}[39m[31m[91m[33m.carousel-control-next[39m[31m[91m[33m{[39m[31m[91mright[33m:[39m[31m[91m0[33m}[39m[31m[91m[33m.c[39m[22m[1m[31marousel-control-next-icon,.carousel-control-prev-icon[39m[31m[91m[33m{[39m[31m[91mdisplay[33m:[39m[31m[91minline-block[33m;[39m[31m[91mwidth[33m:[39m[31m[91m20px[33m;[39m[31m[91mheight[33m:[39m[31m[91m20px[33m;[39m[31m[91mbackground[33m:[39m[31m[91mno-repeat 50%/100% 100%[33m}[39m[31m[91m[33m.carousel-indicators[39m[31m[91m[33m{[39m[31m[91mposition[33m:[39m[31m[91mabsolute[33m;[39m[31m[91mright[33m:[39m[31m[91m0[33m;[39m[31m[91mbottom[33m:[39m[31m[91m0[33m;[39m[31m[91mleft[33m:[39m[31m[91m0[33m;[39m[31m[91mz-index[33m:[39m[31m[91m15[33m;[39m[31m[91mdisplay[33m:[39m[31m[91m-ms-flexbox[33m;[39m[31m[91mdisplay[33m:[39m[31m[91mflex[33m;[39m[31m[91m-ms-flex-pack[33m:[39m[31m[91mcenter[33m;[39m[31m[91mjustify-content[33m:[39m[31m[91mcenter[33m;[39m[31m[91mpadding-left[33m:[39m[31m[91m0[33m;[39m[31m[91mmargin-right[33m:[39m[31m[91m15%[33m;[39m[31m[91mmargin-left[33m:[39m[31m[91m15%[33m;[39m[31m[91mlist-style[33m:[39m[31m[91mnone[33m}[39m[31m[91m[33m.carousel-indicators[39m[31m[91m li[33m{[39m[31m[91mbox-sizing[33m:[39m[31m[91mcontent-box[33m;[39m[31m[91m-ms-flex[33m:[39m[31m[91m0 1 auto[33m;[39m[31m[91mflex[33m:[39m[31m[91m0 1 auto[33m;[39m[31m[91mwidth[33m:[39m[31m[91m30px[33m;[39m[31m[91mheight[33m:[39m[31m[91m3px[33m;[39m[31m[91mmargin-right[33m:[39m[31m[91m3px[33m;[39m[31m[91mmargin-left[33m:[39m[31m[91m3px[33m;[39m[31m[91mtext-indent[33m:[39m[31m[91m-999px[33m;[39m[31m[91mcursor[33m:[39m[31m[91mpointer[33m;[39m[31m[91mbackground-color[33m:[39m[31m[91m[35m#fff[39m[31m[91m[33m;[39m[31m[91mbackground-clip[33m:[39m[31m[91mpadding-box[33m;[39m[31m[91mborder-top[33m:[39m[31m[91m10px solid transparent[33m;[39m[31m[91mborder-bottom[33m:[39m[31m[91m10px solid transparent[33m;[39m[31m[91mopacity[33m:[39m[31m[91m[33m.5[39m[31m[91m[33m}[39m[31m[91m[33m.carousel-indicators[39m[31m[91m [33m.active[39m[31m[91m[33m{[39m[31m[91mopacity[33m:[39m[31m[91m1[33m}[39m[31m[91m[33m.carousel-caption[39m[31m[91m[33m{[39m[31m[91mposition[33m:[39m[31m[91mabsolute[33m;[39m[31m[91mright[33m:[39m[31m[91m15%[33m;[39m[31m[91mbottom[33m:[39m[31m[91m20px[33m;[39m[31m[91mleft[33m:[39m[31m[39m[22m[1m[31m[91m15%[33m;[39m[31m[91mz-index[33m:[39m[31m[91m10[33m;[39m[31m[91mpadding-top[33m:[39m[31m[91m20px[33m;[39m[31m[91mpadding-bottom[33m:[39m[31m[91m20px[33m;[39m[31m[91mcolor[33m:[39m[31m[91m[35m#fff[39m[31m[91m[33m;[39m[31m[91mtext-align[33m:[39m[31m[91mcenter[33m}[39m[31m[91m[36m@-webkit-keyframes[39m[31m[91m spinner-border[33m{[39m[31m[91mto[33m{[39m[31m[91m-webkit-transform[33m:[39m[31m[91m[36mrotate[39m[31m[91m[36m(360deg)[39m[31m[91m[33m;[39m[31m[91mtransform[33m:[39m[31m[91m[36mrotate[39m[31m[91m[36m(360deg)[39m[31m[91m[33m}[39m[31m[91m[33m}[39m[31m[91m[36m@keyframes[39m[31m[91m spinner-border[33m{[39m[31m[91mto[33m{[39m[31m[91m-webkit-transform[33m:[39m[31m[91m[36mrotate[39m[31m[91m[36m(360deg)[39m[31m[91m[33m;[39m[31m[91mtransform[33m:[39m[31m[91m[36mrotate[39m[31m[91m[36m(360deg)[39m[31m[91m[33m}[39m[31m[91m[33m}[39m[31m[91m[33m.spinner-border[39m[31m[91m[33m{[39m[31m[91mdisplay[33m:[39m[31m[91minline-block[33m;[39m[31m[91mwidth[33m:[39m[31m[91m2rem[33m;[39m[31m[91mheight[33m:[39m[31m[91m2rem[33m;[39m[31m[91mvertical-align[33m:[39m[31m[91mtext-bottom[33m;[39m[31m[91mborder[33m:[39m[31m[91m[33m.25em[39m[31m[91m solid currentColor[33m;[39m[31m[91mborder-right-color[33m:[39m[31m[91mtransparent[33m;[39m[31m[91mborder-radius[33m:[39m[31m[91m50%[33m;[39m[31m[91m-webkit-animation[33m:[39m[31m[91mspinner-border [33m.75s[39m[31m[91m linear infinite[33m;[39m[31m[91manimation[33m:[39m[31m[91mspinner-border [33m.75s[39m[31m[91m linear infinite[33m}[39m[31m[91m[33m.spinner-border-sm[39m[31m[91m[33m{[39m[31m[91mwidth[33m:[39m[31m[91m1rem[33m;[39m[31m[91mheight[33m:[39m[31m[91m1rem[33m;[39m[31m[91mborder-width[33m:[39m[31m[91m[33m.2em[39m[31m[91m[33m}[39m[31m[91m[36m@-webkit-keyframes[39m[31m[91m spinner-grow[33m{[39m[31m[91m0%[33m{[39m[31m[91m-webkit-transform[33m:[39m[31m[91m[36mscale[39m[31m[91m[36m(0)[39m[31m[91m[33m;[39m[31m[91mtransform[33m:[39m[31m[91m[36mscale[39m[31m[91m[36m(0)[39m[31m[91m[33m}[39m[31m[91m50%[33m{[39m[31m[91mopacity[33m:[39m[31m[91m1[33m}[39m[31m[91m[33m}[39m[31m[91m[36m@keyframes[39m[31m[91m spinner-grow[33m{[39m[31m[91m0%[33m[39m[22m[1m[31m{[39m[31m[91m-webkit-transform[33m:[39m[31m[91m[36mscale[39m[31m[91m[36m(0)[39m[31m[91m[33m;[39m[31m[91mtransform[33m:[39m[31m[91m[36mscale[39m[31m[91m[36m(0)[39m[31m[91m[33m}[39m[31m[91m50%[33m{[39m[31m[91mopacity[33m:[39m[31m[91m1[33m}[39m[31m[91m[33m}[39m[31m[91m[33m.spinner-grow[39m[31m[91m[33m{[39m[31m[91mdisplay[33m:[39m[31m[91minline-block[33m;[39m[31m[91mwidth[33m:[39m[31m[91m2rem[33m;[39m[31m[91mheight[33m:[39m[31m[91m2rem[33m;[39m[31m[91mvertical-align[33m:[39m[31m[91mtext-bottom[33m;[39m[31m[91mbackground-color[33m:[39m[31m[91mcurrentColor[33m;[39m[31m[91mborder-radius[33m:[39m[31m[91m50%[33m;[39m[31m[91mopacity[33m:[39m[31m[91m0[33m;[39m[31m[91m-webkit-animation[33m:[39m[31m[91mspinner-grow [33m.75s[39m[31m[91m linear infinite[33m;[39m[31m[91manimation[33m:[39m[31m[91mspinner-grow [33m.75s[39m[31m[91m linear infinite[33m}[39m[31m[91m[33m.spinner-grow-sm[39m[31m[91m[33m{[39m[31m[91mwidth[33m:[39m[31m[91m1rem[33m;[39m[31m[91mheight[33m:[39m[31m[91m1rem[33m}[39m[31m[91m[33m.bootstra-cursor[39m[31m[91m[33m{[39m[31m[91mmix-blend-mode[33m:[39m[31m[91mdifference[33m;[39m[31m[91mposition[33m:[39m[31m[91mabsolute[33m;[39m[31m[91mbackground-color[33m:[39m[31m[91m[35m#cbd448[39m[31m[91m[33m;[39m[31m[91mpointer-events[33m:[39m[31m[91mnone[33m;[39m[31m[91mwidth[33m:[39m[31m[91m8px[33m;[39m[31m[91mheight[33m:[39m[31m[91m14px[33m;[39m[31m[91mz-index[33m:[39m[31m[91m20000[33m}[39m[31m[91m[33m.bootstra-enable-cursor[39m[31m[91m *,body.bootstra-enable-cursor[33m{[39m[31m[91mcursor[33m:[39m[31m[91mnone!important[33m}[39m[31m[91m[33m:[39m[31m[91m[33m:[39m[31m[91m-webkit-scrollbar[33m{[39m[31m[91mwidth[33m:[39m[31m[91m8px[33m;[39m[31m[91mbackground[33m:[39m[31m[91m[35m#000[39m[31m[91m[33m}[39m[31m[91m[33m:[39m[31m[91m[33m:[39m[31m[91m-webkit-scrollbar-thumb[33m{[39m[31m[91mbackground[33m:[39m[31m[91m[35m#000[39m[31m[91m[33m}[39m[31m[91m[33m:[39m[31m[91m[33m:[39m[31m[91m-webkit-scrollbar-track[33m{[39m[31m[91mbackground[33m:[39m[31m[91m[36murl[39m[31m[91m[36m(../fonts/shade-50-grayLight.svg)[39m[31m[91m repeat[33m}[39m[31m[91m[33m:[39m[31m[91m[33m:[39m[31m[91m[39m[22m[1m[31m-webkit-scrollbar-button[33m:[39m[31m[91mvertical[33m:[39m[31m[91mdecrement[33m{[39m[31m[91mbackground[33m:[39m[31m[91m[36murl[39m[31m[91m[36m(../fonts/arrow-up-black.svg)[39m[31m[91m no-repeat[33m;[39m[31m[91mbackground-color[33m:[39m[31m[91m[35m#bbb[39m[31m[91m[33m}[39m[31m[91m[33m:[39m[31m[91m[33m:[39m[31m[91m-webkit-scrollbar-button[33m:[39m[31m[91mvertical[33m:[39m[31m[91mincrement[33m{[39m[31m[91mbackground[33m:[39m[31m[91m[36murl[39m[31m[91m[36m(../fonts/arrow-down-black.svg)[39m[31m[91m no-repeat[33m;[39m[31m[91mbackground-color[33m:[39m[31m[91m[35m#bbb[39m[31m[91m[33m}[39m[31m[91m[33m.align-baseline[39m[31m[91m[33m{[39m[31m[91mvertical-align[33m:[39m[31m[91mbaseline!important[33m}[39m[31m[91m[33m.align-top[39m[31m[91m[33m{[39m[31m[91mvertical-align[33m:[39m[31m[91mtop!important[33m}[39m[31m[91m[33m.align-middle[39m[31m[91m[33m{[39m[31m[91mvertical-align[33m:[39m[31m[91mmiddle!important[33m}[39m[31m[91m[33m.align-bottom[39m[31m[91m[33m{[39m[31m[91mvertical-align[33m:[39m[31m[91mbottom!important[33m}[39m[31m[91m[33m.align-text-bottom[39m[31m[91m[33m{[39m[31m[91mvertical-align[33m:[39m[31m[91mtext-bottom!important[33m}[39m[31m[91m[33m.align-text-top[39m[31m[91m[33m{[39m[31m[91mvertical-align[33m:[39m[31m[91mtext-top!important[33m}[39m[31m[91m[33m.bg-primary[39m[31m[91m[33m{[39m[31m[91mbackground-color[33m:[39m[31m[91m[35m#bbb[39m[31m[91m!important[33m}[39m[31m[91ma.bg-primary[33m:[39m[31m[91mfocus,a.bg-primary[33m:[39m[31m[91mhover,button.bg-primary[33m:[39m[31m[91mfocus,button.bg-primary[33m:[39m[31m[91mhover[33m{[39m[31m[91mbackground-color[33m:[39m[31m[91m[35m#bbb[39m[31m[91m!important[33m}[39m[31m[91m[33m.bg-secondary[39m[31m[91m[33m{[39m[31m[91mbackground-color[33m:[39m[31m[91m[35m#bbb[39m[31m[91m!important[33m}[39m[31m[91ma.bg-secondary[33m:[39m[31m[91mfocus,a.bg-secondary[33m:[39m[31m[91mhover,button.bg-secondary[33m:[39m[31m[91mfocus,button.bg-secondary[33m:[39m[31m[91mhover[33m{[39m[31m[91mbackground-color[33m:[39m[31m[91m[35m#bbb[39m[31m[91m!important[33m}[39m[31m[91m[33m.bg-success[39m[31m[91m[33m{[39m[31m[91mbackground-c[39m[22m[1m[31molor[33m:[39m[31m[91m[35m#0a0[39m[31m[91m!important[33m}[39m[31m[91ma.bg-success[33m:[39m[31m[91mfocus,a.bg-success[33m:[39m[31m[91mhover,button.bg-success[33m:[39m[31m[91mfocus,button.bg-success[33m:[39m[31m[91mhover[33m{[39m[31m[91mbackground-color[33m:[39m[31m[91m[35m#0a0[39m[31m[91m!important[33m}[39m[31m[91m[33m.bg-info[39m[31m[91m[33m{[39m[31m[91mbackground-color[33m:[39m[31m[91m[35m#0aa[39m[31m[91m!important[33m}[39m[31m[91ma.bg-info[33m:[39m[31m[91mfocus,a.bg-info[33m:[39m[31m[91mhover,button.bg-info[33m:[39m[31m[91mfocus,button.bg-info[33m:[39m[31m[91mhover[33m{[39m[31m[91mbackground-color[33m:[39m[31m[91m[35m#0aa[39m[31m[91m!important[33m}[39m[31m[91m[33m.bg-warning[39m[31m[91m[33m{[39m[31m[91mbackground-color[33m:[39m[31m[91m[35m#a50[39m[31m[91m!important[33m}[39m[31m[91ma.bg-warning[33m:[39m[31m[91mfocus,a.bg-warning[33m:[39m[31m[91mhover,button.bg-warning[33m:[39m[31m[91mfocus,button.bg-warning[33m:[39m[31m[91mhover[33m{[39m[31m[91mbackground-color[33m:[39m[31m[91m[35m#a50[39m[31m[91m!important[33m}[39m[31m[91m[33m.bg-danger[39m[31m[91m[33m{[39m[31m[91mbackground-color[33m:[39m[31m[91m[35m#a00[39m[31m[91m!important[33m}[39m[31m[91ma.bg-danger[33m:[39m[31m[91mfocus,a.bg-danger[33m:[39m[31m[91mhover,button.bg-danger[33m:[39m[31m[91mfocus,button.bg-danger[33m:[39m[31m[91mhover[33m{[39m[31m[91mbackground-color[33m:[39m[31m[91m[35m#a00[39m[31m[91m!important[33m}[39m[31m[91m[33m.bg-light[39m[31m[91m[33m{[39m[31m[91mbackground-color[33m:[39m[31m[91m[35m#fff[39m[31m[91m!important[33m}[39m[31m[91ma.bg-light[33m:[39m[31m[91mfocus,a.bg-light[33m:[39m[31m[91mhover,button.bg-light[33m:[39m[31m[91mfocus,button.bg-light[33m:[39m[31m[91mhover[33m{[39m[31m[91mbackground-color[33m:[39m[31m[91m[35m#fff[39m[31m[91m!important[33m}[39m[31m[91m[33m.bg-dark[39m[31m[91m[33m{[39m[31m[91mbackground-color[33m:[39m[31m[91m[35m#000[39m[31m[91m!important[33m}[39m[31m[91ma.bg-dark[33m:[39m[31m[91mfocus,a.bg-dark[33m:[39m[31m[91mhover,button.bg-dark[33m:[39m[31m[91mfocus,button.bg-dark[33m:[39m[31m[91mhover[33m{[39m[31m[91mbackground-color[33m:[39m[31m[91m[[39m[22m[1m[31m35m#000[39m[31m[91m!important[33m}[39m[31m[91m[33m.bg-white[39m[31m[91m[33m{[39m[31m[91mbackground-color[33m:[39m[31m[91m[35m#bbb[39m[31m[91m!important[33m}[39m[31m[91m[33m.bg-transparent[39m[31m[91m[33m{[39m[31m[91mbackground-color[33m:[39m[31m[91mtransparent!important[33m}[39m[31m[91m[33m.border,.border-0[39m[31m[91m[33m{[39m[31m[91mborder[33m:[39m[31m[91m0!important[33m}[39m[31m[91m[33m.border-top,.border-top-0[39m[31m[91m[33m{[39m[31m[91mborder-top[33m:[39m[31m[91m0!important[33m}[39m[31m[91m[33m.border-right,.border-right-0[39m[31m[91m[33m{[39m[31m[91mborder-right[33m:[39m[31m[91m0!important[33m}[39m[31m[91m[33m.border-bottom,.border-bottom-0[39m[31m[91m[33m{[39m[31m[91mborder-bottom[33m:[39m[31m[91m0!important[33m}[39m[31m[91m[33m.border-left,.border-left-0[39m[31m[91m[33m{[39m[31m[91mborder-left[33m:[39m[31m[91m0!important[33m}[39m[31m[91m[33m.border-primary[39m[31m[91m[33m{[39m[31m[91mborder-color[33m:[39m[31m[91m[35m#bbb[39m[31m[91m!important[33m}[39m[31m[91m[33m.border-secondary[39m[31m[91m[33m{[39m[31m[91mborder-color[33m:[39m[31m[91m[35m#bbb[39m[31m[91m!important[33m}[39m[31m[91m[33m.border-success[39m[31m[91m[33m{[39m[31m[91mborder-color[33m:[39m[31m[91m[35m#0a0[39m[31m[91m!important[33m}[39m[31m[91m[33m.border-info[39m[31m[91m[33m{[39m[31m[91mborder-color[33m:[39m[31m[91m[35m#0aa[39m[31m[91m!important[33m}[39m[31m[91m[33m.border-warning[39m[31m[91m[33m{[39m[31m[91mborder-color[33m:[39m[31m[91m[35m#a50[39m[31m[91m!important[33m}[39m[31m[91m[33m.border-danger[39m[31m[91m[33m{[39m[31m[91mborder-color[33m:[39m[31m[91m[35m#a00[39m[31m[91m!important[33m}[39m[31m[91m[33m.border-light[39m[31m[91m[33m{[39m[31m[91mborder-color[33m:[39m[31m[91m[35m#fff[39m[31m[91m!important[33m}[39m[31m[91m[33m.border-dark[39m[31m[91m[33m{[39m[31m[91mborder-color[33m:[39m[31m[91m[35m#000[39m[31m[91m!important[33m}[39m[31m[91m[33m.rounded[39m[31m[91m[33m{[39m[31m[91mborder-radius[33m:[39m[31m[91m0!important[33m}[39m[31m[91m[33m.clearfix[39m[31m[91m[33m:[39m[31m[91m[33m:[39m[31m[91mafter[33m{[39m[31m[91mdisplay[33m:[39m[31m[91mblock[33m;[39m[31m[91mclear[33m:[[39m[22m[1m[31m39m[91mboth[33m;[39m[31m[91mcontent[33m:[39m[31m[91m[32m""[39m[31m[91m[33m}[39m[31m[91m[33m.d-none[39m[31m[91m[33m{[39m[31m[91mdisplay[33m:[39m[31m[91mnone!important[33m}[39m[31m[91m[33m.d-inline[39m[31m[91m[33m{[39m[31m[91mdisplay[33m:[39m[31m[91minline!important[33m}[39m[31m[91m[33m.d-inline-block[39m[31m[91m[33m{[39m[31m[91mdisplay[33m:[39m[31m[91minline-block!important[33m}[39m[31m[91m[33m.d-block[39m[31m[91m[33m{[39m[31m[91mdisplay[33m:[39m[31m[91mblock!important[33m}[39m[31m[91m[33m.d-table[39m[31m[91m[33m{[39m[31m[91mdisplay[33m:[39m[31m[91mtable!important[33m}[39m[31m[91m[33m.d-table-row[39m[31m[91m[33m{[39m[31m[91mdisplay[33m:[39m[31m[91mtable-row!important[33m}[39m[31m[91m[33m.d-table-cell[39m[31m[91m[33m{[39m[31m[91mdisplay[33m:[39m[31m[91mtable-cell!important[33m}[39m[31m[91m[33m.d-flex[39m[31m[91m[33m{[39m[31m[91mdisplay[33m:[39m[31m[91m-ms-flexbox!important[33m;[39m[31m[91mdisplay[33m:[39m[31m[91mflex!important[33m}[39m[31m[91m[33m.d-inline-flex[39m[31m[91m[33m{[39m[31m[91mdisplay[33m:[39m[31m[91m-ms-inline-flexbox!important[33m;[39m[31m[91mdisplay[33m:[39m[31m[91minline-flex!important[33m}[39m[31m[91m[36m@media[39m[31m[91m[36m [39m[31m[91m[36m(min-width:576px)[39m[31m[91m[33m{[39m[31m[91m[33m.d-sm-none[39m[31m[91m[33m{[39m[31m[91mdisplay[33m:[39m[31m[91mnone!important[33m}[39m[31m[91m[33m.d-sm-inline[39m[31m[91m[33m{[39m[31m[91mdisplay[33m:[39m[31m[91minline!important[33m}[39m[31m[91m[33m.d-sm-inline-block[39m[31m[91m[33m{[39m[31m[91mdisplay[33m:[39m[31m[91minline-block!important[33m}[39m[31m[91m[33m.d-sm-block[39m[31m[91m[33m{[39m[31m[91mdisplay[33m:[39m[31m[91mblock!important[33m}[39m[31m[91m[33m.d-sm-table[39m[31m[91m[33m{[39m[31m[91mdisplay[33m:[39m[31m[91mtable!important[33m}[39m[31m[91m[33m.d-sm-table-row[39m[31m[91m[33m{[39m[31m[91mdisplay[33m:[39m[31m[91mtable-row!important[33m}[39m[31m[91m[33m.d-sm-table-cell[39m[31m[91m[33m{[39m[31m[91mdisplay[33m:[39m[31m[91mtable-cell!important[33m}[39m[31m[91m[33m.d-sm-flex[39m[31m[91m[33m{[39m[31m[91mdisplay[33m:[39m[31m[91m-ms-flexbox!important[33m;[39m[31m[91mdisplay[33m:[39m[31m[[39m[22m[1m[31m91mflex!important[33m}[39m[31m[91m[33m.d-sm-inline-flex[39m[31m[91m[33m{[39m[31m[91mdisplay[33m:[39m[31m[91m-ms-inline-flexbox!important[33m;[39m[31m[91mdisplay[33m:[39m[31m[91minline-flex!important[33m}[39m[31m[91m[33m}[39m[31m[91m[36m@media[39m[31m[91m[36m [39m[31m[91m[36m(min-width:768px)[39m[31m[91m[33m{[39m[31m[91m[33m.d-md-none[39m[31m[91m[33m{[39m[31m[91mdisplay[33m:[39m[31m[91mnone!important[33m}[39m[31m[91m[33m.d-md-inline[39m[31m[91m[33m{[39m[31m[91mdisplay[33m:[39m[31m[91minline!important[33m}[39m[31m[91m[33m.d-md-inline-block[39m[31m[91m[33m{[39m[31m[91mdisplay[33m:[39m[31m[91minline-block!important[33m}[39m[31m[91m[33m.d-md-block[39m[31m[91m[33m{[39m[31m[91mdisplay[33m:[39m[31m[91mblock!important[33m}[39m[31m[91m[33m.d-md-table[39m[31m[91m[33m{[39m[31m[91mdisplay[33m:[39m[31m[91mtable!important[33m}[39m[31m[91m[33m.d-md-table-row[39m[31m[91m[33m{[39m[31m[91mdisplay[33m:[39m[31m[91mtable-row!important[33m}[39m[31m[91m[33m.d-md-table-cell[39m[31m[91m[33m{[39m[31m[91mdisplay[33m:[39m[31m[91mtable-cell!important[33m}[39m[31m[91m[33m.d-md-flex[39m[31m[91m[33m{[39m[31m[91mdisplay[33m:[39m[31m[91m-ms-flexbox!important[33m;[39m[31m[91mdisplay[33m:[39m[31m[91mflex!important[33m}[39m[31m[91m[33m.d-md-inline-flex[39m[31m[91m[33m{[39m[31m[91mdisplay[33m:[39m[31m[91m-ms-inline-flexbox!important[33m;[39m[31m[91mdisplay[33m:[39m[31m[91minline-flex!important[33m}[39m[31m[91m[33m}[39m[31m[91m[36m@media[39m[31m[91m[36m [39m[31m[91m[36m(min-width:960px)[39m[31m[91m[33m{[39m[31m[91m[33m.d-lg-none[39m[31m[91m[33m{[39m[31m[91mdisplay[33m:[39m[31m[91mnone!important[33m}[39m[31m[91m[33m.d-lg-inline[39m[31m[91m[33m{[39m[31m[91mdisplay[33m:[39m[31m[91minline!important[33m}[39m[31m[91m[33m.d-lg-inline-block[39m[31m[91m[33m{[39m[31m[91mdisplay[33m:[39m[31m[91minline-block!important[33m}[39m[31m[91m[33m.d-lg-block[39m[31m[91m[33m{[39m[31m[91mdisplay[33m:[39m[31m[91mblock!important[33m}[39m[31m[91m[33m.d-lg-table[39m[31m[91m[33m{[39m[31m[91mdisplay[33m:[39m[31m[91mtable!important[33m}[39m[31m[91m[33m.d-lg-table-row[39m[31m[91m[33m{[39m[31m[91mdisplay[33m:[39[39m[22m[1m[31mm[91mtable-row!important[33m}[39m[31m[91m[33m.d-lg-table-cell[39m[31m[91m[33m{[39m[31m[91mdisplay[33m:[39m[31m[91mtable-cell!important[33m}[39m[31m[91m[33m.d-lg-flex[39m[31m[91m[33m{[39m[31m[91mdisplay[33m:[39m[31m[91m-ms-flexbox!important[33m;[39m[31m[91mdisplay[33m:[39m[31m[91mflex!important[33m}[39m[31m[91m[33m.d-lg-inline-flex[39m[31m[91m[33m{[39m[31m[91mdisplay[33m:[39m[31m[91m-ms-inline-flexbox!important[33m;[39m[31m[91mdisplay[33m:[39m[31m[91minline-flex!important[33m}[39m[31m[91m[33m}[39m[31m[91m[36m@media[39m[31m[91m[36m [39m[31m[91m[36m(min-width:1152px)[39m[31m[91m[33m{[39m[31m[91m[33m.d-xl-none[39m[31m[91m[33m{[39m[31m[91mdisplay[33m:[39m[31m[91mnone!important[33m}[39m[31m[91m[33m.d-xl-inline[39m[31m[91m[33m{[39m[31m[91mdisplay[33m:[39m[31m[91minline!important[33m}[39m[31m[91m[33m.d-xl-inline-block[39m[31m[91m[33m{[39m[31m[91mdisplay[33m:[39m[31m[91minline-block!important[33m}[39m[31m[91m[33m.d-xl-block[39m[31m[91m[33m{[39m[31m[91mdisplay[33m:[39m[31m[91mblock!important[33m}[39m[31m[91m[33m.d-xl-table[39m[31m[91m[33m{[39m[31m[91mdisplay[33m:[39m[31m[91mtable!important[33m}[39m[31m[91m[33m.d-xl-table-row[39m[31m[91m[33m{[39m[31m[91mdisplay[33m:[39m[31m[91mtable-row!important[33m}[39m[31m[91m[33m.d-xl-table-cell[39m[31m[91m[33m{[39m[31m[91mdisplay[33m:[39m[31m[91mtable-cell!important[33m}[39m[31m[91m[33m.d-xl-flex[39m[31m[91m[33m{[39m[31m[91mdisplay[33m:[39m[31m[91m-ms-flexbox!important[33m;[39m[31m[91mdisplay[33m:[39m[31m[91mflex!important[33m}[39m[31m[91m[33m.d-xl-inline-flex[39m[31m[91m[33m{[39m[31m[91mdisplay[33m:[39m[31m[91m-ms-inline-flexbox!important[33m;[39m[31m[91mdisplay[33m:[39m[31m[91minline-flex!important[33m}[39m[31m[91m[33m}[39m[31m[91m[36m@media[39m[31m[91m print[33m{[39m[31m[91m[33m.d-print-none[39m[31m[91m[33m{[39m[31m[91mdisplay[33m:[39m[31m[91mnone!important[33m}[39m[31m[91m[33m.d-print-inline[39m[31m[91m[33m{[39m[31m[91mdisplay[33m:[39m[31m[91minline!important[33m}[39m[31m[91m[33m.d-print-inline-block[39m[31m[91m[33m{[39m[31m[91mdisplay[33m:[39m[31m[91minline-block!important[33m}[39m[31m[91m[33m.d-print-block[39m[22m[1m[31m[39m[31m[91m[33m{[39m[31m[91mdisplay[33m:[39m[31m[91mblock!important[33m}[39m[31m[91m[33m.d-print-table[39m[31m[91m[33m{[39m[31m[91mdisplay[33m:[39m[31m[91mtable!important[33m}[39m[31m[91m[33m.d-print-table-row[39m[31m[91m[33m{[39m[31m[91mdisplay[33m:[39m[31m[91mtable-row!important[33m}[39m[31m[91m[33m.d-print-table-cell[39m[31m[91m[33m{[39m[31m[91mdisplay[33m:[39m[31m[91mtable-cell!important[33m}[39m[31m[91m[33m.d-print-flex[39m[31m[91m[33m{[39m[31m[91mdisplay[33m:[39m[31m[91m-ms-flexbox!important[33m;[39m[31m[91mdisplay[33m:[39m[31m[91mflex!important[33m}[39m[31m[91m[33m.d-print-inline-flex[39m[31m[91m[33m{[39m[31m[91mdisplay[33m:[39m[31m[91m-ms-inline-flexbox!important[33m;[39m[31m[91mdisplay[33m:[39m[31m[91minline-flex!important[33m}[39m[31m[91m[33m}[39m[31m[91m[33m.embed-responsive[39m[31m[91m[33m{[39m[31m[91mposition[33m:[39m[31m[91mrelative[33m;[39m[31m[91mdisplay[33m:[39m[31m[91mblock[33m;[39m[31m[91mwidth[33m:[39m[31m[91m100%[33m;[39m[31m[91mpadding[33m:[39m[31m[91m0[33m;[39m[31m[91moverflow[33m:[39m[31m[91mhidden[33m}[39m[31m[91m[33m.embed-responsive[39m[31m[91m[33m:[39m[31m[91m[33m:[39m[31m[91mbefore[33m{[39m[31m[91mdisplay[33m:[39m[31m[91mblock[33m;[39m[31m[91mcontent[33m:[39m[31m[91m[32m""[39m[31m[91m[33m}[39m[31m[91m[33m.embed-responsive[39m[31m[91m [33m.embed-responsive-item,.embed-responsive[39m[31m[91m embed,.embed-responsive iframe,.embed-responsive object,.embed-responsive video[33m{[39m[31m[91mposition[33m:[39m[31m[91mabsolute[33m;[39m[31m[91mtop[33m:[39m[31m[91m0[33m;[39m[31m[91mbottom[33m:[39m[31m[91m0[33m;[39m[31m[91mleft[33m:[39m[31m[91m0[33m;[39m[31m[91mwidth[33m:[39m[31m[91m100%[33m;[39m[31m[91mheight[33m:[39m[31m[91m100%[33m;[39m[31m[91mborder[33m:[39m[31m[91m0[33m}[39m[31m[91m[33m.embed-responsive-21by9[39m[31m[91m[33m:[39m[31m[91m[33m:[39m[31m[91mbefore[33m{[39m[31m[91mpadding-top[33m:[39m[31m[91m42.857143%[33m}[39m[31m[91m[33m.embed-responsive-16by9[39m[31m[91m[33m:[39m[31m[91m[33m:[39m[31m[91mbefore[33m{[39m[31m[91mpadding-top[33m:[39m[31m[91m56.25%[33m}[39m[31m[91m[33m.embed-responsive-4by3[39m[31m[91m[33m:[39m[31m[39m[22m[1m[31m[91m[33m:[39m[31m[91mbefore[33m{[39m[31m[91mpadding-top[33m:[39m[31m[91m75%[33m}[39m[31m[91m[33m.embed-responsive-1by1[39m[31m[91m[33m:[39m[31m[91m[33m:[39m[31m[91mbefore[33m{[39m[31m[91mpadding-top[33m:[39m[31m[91m100%[33m}[39m[31m[91m[33m.flex-row[39m[31m[91m[33m{[39m[31m[91m-ms-flex-direction[33m:[39m[31m[91mrow!important[33m;[39m[31m[91mflex-direction[33m:[39m[31m[91mrow!important[33m}[39m[31m[91m[33m.flex-column[39m[31m[91m[33m{[39m[31m[91m-ms-flex-direction[33m:[39m[31m[91mcolumn!important[33m;[39m[31m[91mflex-direction[33m:[39m[31m[91mcolumn!important[33m}[39m[31m[91m[33m.flex-row-reverse[39m[31m[91m[33m{[39m[31m[91m-ms-flex-direction[33m:[39m[31m[91mrow-reverse!important[33m;[39m[31m[91mflex-direction[33m:[39m[31m[91mrow-reverse!important[33m}[39m[31m[91m[33m.flex-column-reverse[39m[31m[91m[33m{[39m[31m[91m-ms-flex-direction[33m:[39m[31m[91mcolumn-reverse!important[33m;[39m[31m[91mflex-direction[33m:[39m[31m[91mcolumn-reverse!important[33m}[39m[31m[91m[33m.flex-wrap[39m[31m[91m[33m{[39m[31m[91m-ms-flex-wrap[33m:[39m[31m[91mwrap!important[33m;[39m[31m[91mflex-wrap[33m:[39m[31m[91mwrap!important[33m}[39m[31m[91m[33m.flex-nowrap[39m[31m[91m[33m{[39m[31m[91m-ms-flex-wrap[33m:[39m[31m[91mnowrap!important[33m;[39m[31m[91mflex-wrap[33m:[39m[31m[91mnowrap!important[33m}[39m[31m[91m[33m.flex-wrap-reverse[39m[31m[91m[33m{[39m[31m[91m-ms-flex-wrap[33m:[39m[31m[91mwrap-reverse!important[33m;[39m[31m[91mflex-wrap[33m:[39m[31m[91mwrap-reverse!important[33m}[39m[31m[91m[33m.flex-fill[39m[31m[91m[33m{[39m[31m[91m-ms-flex[33m:[39m[31m[91m1 1 auto!important[33m;[39m[31m[91mflex[33m:[39m[31m[91m1 1 auto!important[33m}[39m[31m[91m[33m.flex-grow-0[39m[31m[91m[33m{[39m[31m[91m-ms-flex-positive[33m:[39m[31m[91m0!important[33m;[39m[31m[91mflex-grow[33m:[39m[31m[91m0!important[33m}[39m[31m[91m[33m.flex-grow-1[39m[31m[91m[33m{[39m[31m[91m-ms-flex-positive[33m:[39m[31m[91m1!important[33m;[39m[31m[91mflex-grow[33m:[39m[31m[91m1!important[33m}[39m[31m[91m[33m.flex-shrink-0[39m[31m[91m[33m{[39m[31m[91m-ms-flex-negative[33m:[39m[31m[91m0!important[33m;[39m[31m[[39m[22m[1m[31m91mflex-shrink[33m:[39m[31m[91m0!important[33m}[39m[31m[91m[33m.flex-shrink-1[39m[31m[91m[33m{[39m[31m[91m-ms-flex-negative[33m:[39m[31m[91m1!important[33m;[39m[31m[91mflex-shrink[33m:[39m[31m[91m1!important[33m}[39m[31m[91m[33m.justify-content-start[39m[31m[91m[33m{[39m[31m[91m-ms-flex-pack[33m:[39m[31m[91mstart!important[33m;[39m[31m[91mjustify-content[33m:[39m[31m[91mflex-start!important[33m}[39m[31m[91m[33m.justify-content-end[39m[31m[91m[33m{[39m[31m[91m-ms-flex-pack[33m:[39m[31m[91mend!important[33m;[39m[31m[91mjustify-content[33m:[39m[31m[91mflex-end!important[33m}[39m[31m[91m[33m.justify-content-center[39m[31m[91m[33m{[39m[31m[91m-ms-flex-pack[33m:[39m[31m[91mcenter!important[33m;[39m[31m[91mjustify-content[33m:[39m[31m[91mcenter!important[33m}[39m[31m[91m[33m.justify-content-between[39m[31m[91m[33m{[39m[31m[91m-ms-flex-pack[33m:[39m[31m[91mjustify!important[33m;[39m[31m[91mjustify-content[33m:[39m[31m[91mspace-between!important[33m}[39m[31m[91m[33m.justify-content-around[39m[31m[91m[33m{[39m[31m[91m-ms-flex-pack[33m:[39m[31m[91mdistribute!important[33m;[39m[31m[91mjustify-content[33m:[39m[31m[91mspace-around!important[33m}[39m[31m[91m[33m.align-items-start[39m[31m[91m[33m{[39m[31m[91m-ms-flex-align[33m:[39m[31m[91mstart!important[33m;[39m[31m[91malign-items[33m:[39m[31m[91mflex-start!important[33m}[39m[31m[91m[33m.align-items-end[39m[31m[91m[33m{[39m[31m[91m-ms-flex-align[33m:[39m[31m[91mend!important[33m;[39m[31m[91malign-items[33m:[39m[31m[91mflex-end!important[33m}[39m[31m[91m[33m.align-items-center[39m[31m[91m[33m{[39m[31m[91m-ms-flex-align[33m:[39m[31m[91mcenter!important[33m;[39m[31m[91malign-items[33m:[39m[31m[91mcenter!important[33m}[39m[31m[91m[33m.align-items-baseline[39m[31m[91m[33m{[39m[31m[91m-ms-flex-align[33m:[39m[31m[91mbaseline!important[33m;[39m[31m[91malign-items[33m:[39m[31m[91mbaseline!important[33m}[39m[31m[91m[33m.align-items-stretch[39m[31m[91m[33m{[39m[31m[91m-ms-flex-align[33m:[39m[31m[91mstretch!important[33m;[39m[31m[91malign-items[33m:[39m[31m[91mstretch!important[33m}[39m[31m[91m[33m.align-con[39m[22m[1m[31mtent-start[39m[31m[91m[33m{[39m[31m[91m-ms-flex-line-pack[33m:[39m[31m[91mstart!important[33m;[39m[31m[91malign-content[33m:[39m[31m[91mflex-start!important[33m}[39m[31m[91m[33m.align-content-end[39m[31m[91m[33m{[39m[31m[91m-ms-flex-line-pack[33m:[39m[31m[91mend!important[33m;[39m[31m[91malign-content[33m:[39m[31m[91mflex-end!important[33m}[39m[31m[91m[33m.align-content-center[39m[31m[91m[33m{[39m[31m[91m-ms-flex-line-pack[33m:[39m[31m[91mcenter!important[33m;[39m[31m[91malign-content[33m:[39m[31m[91mcenter!important[33m}[39m[31m[91m[33m.align-content-between[39m[31m[91m[33m{[39m[31m[91m-ms-flex-line-pack[33m:[39m[31m[91mjustify!important[33m;[39m[31m[91malign-content[33m:[39m[31m[91mspace-between!important[33m}[39m[31m[91m[33m.align-content-around[39m[31m[91m[33m{[39m[31m[91m-ms-flex-line-pack[33m:[39m[31m[91mdistribute!important[33m;[39m[31m[91malign-content[33m:[39m[31m[91mspace-around!important[33m}[39m[31m[91m[33m.align-content-stretch[39m[31m[91m[33m{[39m[31m[91m-ms-flex-line-pack[33m:[39m[31m[91mstretch!important[33m;[39m[31m[91malign-content[33m:[39m[31m[91mstretch!important[33m}[39m[31m[91m[33m.align-self-auto[39m[31m[91m[33m{[39m[31m[91m-ms-flex-item-align[33m:[39m[31m[91mauto!important[33m;[39m[31m[91malign-self[33m:[39m[31m[91mauto!important[33m}[39m[31m[91m[33m.align-self-start[39m[31m[91m[33m{[39m[31m[91m-ms-flex-item-align[33m:[39m[31m[91mstart!important[33m;[39m[31m[91malign-self[33m:[39m[31m[91mflex-start!important[33m}[39m[31m[91m[33m.align-self-end[39m[31m[91m[33m{[39m[31m[91m-ms-flex-item-align[33m:[39m[31m[91mend!important[33m;[39m[31m[91malign-self[33m:[39m[31m[91mflex-end!important[33m}[39m[31m[91m[33m.align-self-center[39m[31m[91m[33m{[39m[31m[91m-ms-flex-item-align[33m:[39m[31m[91mcenter!important[33m;[39m[31m[91malign-self[33m:[39m[31m[91mcenter!important[33m}[39m[31m[91m[33m.align-self-baseline[39m[31m[91m[33m{[39m[31m[91m-ms-flex-item-align[33m:[39m[31m[91mbaseline!important[33m;[39m[31m[91malign-self[33m:[39m[31m[91mbaseline!important[33m}[39m[31m[91m[33m.align-self-stretch[39m[31m[91m[33m{[39m[31m[91m-ms[39m[22m[1m[31m-flex-item-align[33m:[39m[31m[91mstretch!important[33m;[39m[31m[91malign-self[33m:[39m[31m[91mstretch!important[33m}[39m[31m[91m[36m@media[39m[31m[91m[36m [39m[31m[91m[36m(min-width:576px)[39m[31m[91m[33m{[39m[31m[91m[33m.flex-sm-row[39m[31m[91m[33m{[39m[31m[91m-ms-flex-direction[33m:[39m[31m[91mrow!important[33m;[39m[31m[91mflex-direction[33m:[39m[31m[91mrow!important[33m}[39m[31m[91m[33m.flex-sm-column[39m[31m[91m[33m{[39m[31m[91m-ms-flex-direction[33m:[39m[31m[91mcolumn!important[33m;[39m[31m[91mflex-direction[33m:[39m[31m[91mcolumn!important[33m}[39m[31m[91m[33m.flex-sm-row-reverse[39m[31m[91m[33m{[39m[31m[91m-ms-flex-direction[33m:[39m[31m[91mrow-reverse!important[33m;[39m[31m[91mflex-direction[33m:[39m[31m[91mrow-reverse!important[33m}[39m[31m[91m[33m.flex-sm-column-reverse[39m[31m[91m[33m{[39m[31m[91m-ms-flex-direction[33m:[39m[31m[91mcolumn-reverse!important[33m;[39m[31m[91mflex-direction[33m:[39m[31m[91mcolumn-reverse!important[33m}[39m[31m[91m[33m.flex-sm-wrap[39m[31m[91m[33m{[39m[31m[91m-ms-flex-wrap[33m:[39m[31m[91mwrap!important[33m;[39m[31m[91mflex-wrap[33m:[39m[31m[91mwrap!important[33m}[39m[31m[91m[33m.flex-sm-nowrap[39m[31m[91m[33m{[39m[31m[91m-ms-flex-wrap[33m:[39m[31m[91mnowrap!important[33m;[39m[31m[91mflex-wrap[33m:[39m[31m[91mnowrap!important[33m}[39m[31m[91m[33m.flex-sm-wrap-reverse[39m[31m[91m[33m{[39m[31m[91m-ms-flex-wrap[33m:[39m[31m[91mwrap-reverse!important[33m;[39m[31m[91mflex-wrap[33m:[39m[31m[91mwrap-reverse!important[33m}[39m[31m[91m[33m.flex-sm-fill[39m[31m[91m[33m{[39m[31m[91m-ms-flex[33m:[39m[31m[91m1 1 auto!important[33m;[39m[31m[91mflex[33m:[39m[31m[91m1 1 auto!important[33m}[39m[31m[91m[33m.flex-sm-grow-0[39m[31m[91m[33m{[39m[31m[91m-ms-flex-positive[33m:[39m[31m[91m0!important[33m;[39m[31m[91mflex-grow[33m:[39m[31m[91m0!important[33m}[39m[31m[91m[33m.flex-sm-grow-1[39m[31m[91m[33m{[39m[31m[91m-ms-flex-positive[33m:[39m[31m[91m1!important[33m;[39m[31m[91mflex-grow[33m:[39m[31m[91m1!important[33m}[39m[31m[91m[33m.flex-sm-shrink-0[39m[31m[91m[33m{[39m[31m[91m-ms-flex-negative[33m:[39m[31m[91m0!import[39m[22m[1m[31mant[33m;[39m[31m[91mflex-shrink[33m:[39m[31m[91m0!important[33m}[39m[31m[91m[33m.flex-sm-shrink-1[39m[31m[91m[33m{[39m[31m[91m-ms-flex-negative[33m:[39m[31m[91m1!important[33m;[39m[31m[91mflex-shrink[33m:[39m[31m[91m1!important[33m}[39m[31m[91m[33m.justify-content-sm-start[39m[31m[91m[33m{[39m[31m[91m-ms-flex-pack[33m:[39m[31m[91mstart!important[33m;[39m[31m[91mjustify-content[33m:[39m[31m[91mflex-start!important[33m}[39m[31m[91m[33m.justify-content-sm-end[39m[31m[91m[33m{[39m[31m[91m-ms-flex-pack[33m:[39m[31m[91mend!important[33m;[39m[31m[91mjustify-content[33m:[39m[31m[91mflex-end!important[33m}[39m[31m[91m[33m.justify-content-sm-center[39m[31m[91m[33m{[39m[31m[91m-ms-flex-pack[33m:[39m[31m[91mcenter!important[33m;[39m[31m[91mjustify-content[33m:[39m[31m[91mcenter!important[33m}[39m[31m[91m[33m.justify-content-sm-between[39m[31m[91m[33m{[39m[31m[91m-ms-flex-pack[33m:[39m[31m[91mjustify!important[33m;[39m[31m[91mjustify-content[33m:[39m[31m[91mspace-between!important[33m}[39m[31m[91m[33m.justify-content-sm-around[39m[31m[91m[33m{[39m[31m[91m-ms-flex-pack[33m:[39m[31m[91mdistribute!important[33m;[39m[31m[91mjustify-content[33m:[39m[31m[91mspace-around!important[33m}[39m[31m[91m[33m.align-items-sm-start[39m[31m[91m[33m{[39m[31m[91m-ms-flex-align[33m:[39m[31m[91mstart!important[33m;[39m[31m[91malign-items[33m:[39m[31m[91mflex-start!important[33m}[39m[31m[91m[33m.align-items-sm-end[39m[31m[91m[33m{[39m[31m[91m-ms-flex-align[33m:[39m[31m[91mend!important[33m;[39m[31m[91malign-items[33m:[39m[31m[91mflex-end!important[33m}[39m[31m[91m[33m.align-items-sm-center[39m[31m[91m[33m{[39m[31m[91m-ms-flex-align[33m:[39m[31m[91mcenter!important[33m;[39m[31m[91malign-items[33m:[39m[31m[91mcenter!important[33m}[39m[31m[91m[33m.align-items-sm-baseline[39m[31m[91m[33m{[39m[31m[91m-ms-flex-align[33m:[39m[31m[91mbaseline!important[33m;[39m[31m[91malign-items[33m:[39m[31m[91mbaseline!important[33m}[39m[31m[91m[33m.align-items-sm-stretch[39m[31m[91m[33m{[39m[31m[91m-ms-flex-align[33m:[39m[31m[91mstretch!important[33m;[39m[31m[91malign-items[33m:[39m[31m[91[39m[22m[1m[31mmstretch!important[33m}[39m[31m[91m[33m.align-content-sm-start[39m[31m[91m[33m{[39m[31m[91m-ms-flex-line-pack[33m:[39m[31m[91mstart!important[33m;[39m[31m[91malign-content[33m:[39m[31m[91mflex-start!important[33m}[39m[31m[91m[33m.align-content-sm-end[39m[31m[91m[33m{[39m[31m[91m-ms-flex-line-pack[33m:[39m[31m[91mend!important[33m;[39m[31m[91malign-content[33m:[39m[31m[91mflex-end!important[33m}[39m[31m[91m[33m.align-content-sm-center[39m[31m[91m[33m{[39m[31m[91m-ms-flex-line-pack[33m:[39m[31m[91mcenter!important[33m;[39m[31m[91malign-content[33m:[39m[31m[91mcenter!important[33m}[39m[31m[91m[33m.align-content-sm-between[39m[31m[91m[33m{[39m[31m[91m-ms-flex-line-pack[33m:[39m[31m[91mjustify!important[33m;[39m[31m[91malign-content[33m:[39m[31m[91mspace-between!important[33m}[39m[31m[91m[33m.align-content-sm-around[39m[31m[91m[33m{[39m[31m[91m-ms-flex-line-pack[33m:[39m[31m[91mdistribute!important[33m;[39m[31m[91malign-content[33m:[39m[31m[91mspace-around!important[33m}[39m[31m[91m[33m.align-content-sm-stretch[39m[31m[91m[33m{[39m[31m[91m-ms-flex-line-pack[33m:[39m[31m[91mstretch!important[33m;[39m[31m[91malign-content[33m:[39m[31m[91mstretch!important[33m}[39m[31m[91m[33m.align-self-sm-auto[39m[31m[91m[33m{[39m[31m[91m-ms-flex-item-align[33m:[39m[31m[91mauto!important[33m;[39m[31m[91malign-self[33m:[39m[31m[91mauto!important[33m}[39m[31m[91m[33m.align-self-sm-start[39m[31m[91m[33m{[39m[31m[91m-ms-flex-item-align[33m:[39m[31m[91mstart!important[33m;[39m[31m[91malign-self[33m:[39m[31m[91mflex-start!important[33m}[39m[31m[91m[33m.align-self-sm-end[39m[31m[91m[33m{[39m[31m[91m-ms-flex-item-align[33m:[39m[31m[91mend!important[33m;[39m[31m[91malign-self[33m:[39m[31m[91mflex-end!important[33m}[39m[31m[91m[33m.align-self-sm-center[39m[31m[91m[33m{[39m[31m[91m-ms-flex-item-align[33m:[39m[31m[91mcenter!important[33m;[39m[31m[91malign-self[33m:[39m[31m[91mcenter!important[33m}[39m[31m[91m[33m.align-self-sm-baseline[39m[31m[91m[33m{[39m[31m[91m-ms-flex-item-align[33m:[39m[31m[91mbaseline!important[33m;[39m[31m[91malign-self[33m:[39m[31m[91mbasel[39m[22m[1m[31mine!important[33m}[39m[31m[91m[33m.align-self-sm-stretch[39m[31m[91m[33m{[39m[31m[91m-ms-flex-item-align[33m:[39m[31m[91mstretch!important[33m;[39m[31m[91malign-self[33m:[39m[31m[91mstretch!important[33m}[39m[31m[91m[33m}[39m[31m[91m[36m@media[39m[31m[91m[36m [39m[31m[91m[36m(min-width:768px)[39m[31m[91m[33m{[39m[31m[91m[33m.flex-md-row[39m[31m[91m[33m{[39m[31m[91m-ms-flex-direction[33m:[39m[31m[91mrow!important[33m;[39m[31m[91mflex-direction[33m:[39m[31m[91mrow!important[33m}[39m[31m[91m[33m.flex-md-column[39m[31m[91m[33m{[39m[31m[91m-ms-flex-direction[33m:[39m[31m[91mcolumn!important[33m;[39m[31m[91mflex-direction[33m:[39m[31m[91mcolumn!important[33m}[39m[31m[91m[33m.flex-md-row-reverse[39m[31m[91m[33m{[39m[31m[91m-ms-flex-direction[33m:[39m[31m[91mrow-reverse!important[33m;[39m[31m[91mflex-direction[33m:[39m[31m[91mrow-reverse!important[33m}[39m[31m[91m[33m.flex-md-column-reverse[39m[31m[91m[33m{[39m[31m[91m-ms-flex-direction[33m:[39m[31m[91mcolumn-reverse!important[33m;[39m[31m[91mflex-direction[33m:[39m[31m[91mcolumn-reverse!important[33m}[39m[31m[91m[33m.flex-md-wrap[39m[31m[91m[33m{[39m[31m[91m-ms-flex-wrap[33m:[39m[31m[91mwrap!important[33m;[39m[31m[91mflex-wrap[33m:[39m[31m[91mwrap!important[33m}[39m[31m[91m[33m.flex-md-nowrap[39m[31m[91m[33m{[39m[31m[91m-ms-flex-wrap[33m:[39m[31m[91mnowrap!important[33m;[39m[31m[91mflex-wrap[33m:[39m[31m[91mnowrap!important[33m}[39m[31m[91m[33m.flex-md-wrap-reverse[39m[31m[91m[33m{[39m[31m[91m-ms-flex-wrap[33m:[39m[31m[91mwrap-reverse!important[33m;[39m[31m[91mflex-wrap[33m:[39m[31m[91mwrap-reverse!important[33m}[39m[31m[91m[33m.flex-md-fill[39m[31m[91m[33m{[39m[31m[91m-ms-flex[33m:[39m[31m[91m1 1 auto!important[33m;[39m[31m[91mflex[33m:[39m[31m[91m1 1 auto!important[33m}[39m[31m[91m[33m.flex-md-grow-0[39m[31m[91m[33m{[39m[31m[91m-ms-flex-positive[33m:[39m[31m[91m0!important[33m;[39m[31m[91mflex-grow[33m:[39m[31m[91m0!important[33m}[39m[31m[91m[33m.flex-md-grow-1[39m[31m[91m[33m{[39m[31m[91m-ms-flex-positive[33m:[39m[31m[91m1!important[33m;[39m[31m[91mflex-grow[33m:[39m[31m[91m1!important[33[39m[22m[1m[31mm}[39m[31m[91m[33m.flex-md-shrink-0[39m[31m[91m[33m{[39m[31m[91m-ms-flex-negative[33m:[39m[31m[91m0!important[33m;[39m[31m[91mflex-shrink[33m:[39m[31m[91m0!important[33m}[39m[31m[91m[33m.flex-md-shrink-1[39m[31m[91m[33m{[39m[31m[91m-ms-flex-negative[33m:[39m[31m[91m1!important[33m;[39m[31m[91mflex-shrink[33m:[39m[31m[91m1!important[33m}[39m[31m[91m[33m.justify-content-md-start[39m[31m[91m[33m{[39m[31m[91m-ms-flex-pack[33m:[39m[31m[91mstart!important[33m;[39m[31m[91mjustify-content[33m:[39m[31m[91mflex-start!important[33m}[39m[31m[91m[33m.justify-content-md-end[39m[31m[91m[33m{[39m[31m[91m-ms-flex-pack[33m:[39m[31m[91mend!important[33m;[39m[31m[91mjustify-content[33m:[39m[31m[91mflex-end!important[33m}[39m[31m[91m[33m.justify-content-md-center[39m[31m[91m[33m{[39m[31m[91m-ms-flex-pack[33m:[39m[31m[91mcenter!important[33m;[39m[31m[91mjustify-content[33m:[39m[31m[91mcenter!important[33m}[39m[31m[91m[33m.justify-content-md-between[39m[31m[91m[33m{[39m[31m[91m-ms-flex-pack[33m:[39m[31m[91mjustify!important[33m;[39m[31m[91mjustify-content[33m:[39m[31m[91mspace-between!important[33m}[39m[31m[91m[33m.justify-content-md-around[39m[31m[91m[33m{[39m[31m[91m-ms-flex-pack[33m:[39m[31m[91mdistribute!important[33m;[39m[31m[91mjustify-content[33m:[39m[31m[91mspace-around!important[33m}[39m[31m[91m[33m.align-items-md-start[39m[31m[91m[33m{[39m[31m[91m-ms-flex-align[33m:[39m[31m[91mstart!important[33m;[39m[31m[91malign-items[33m:[39m[31m[91mflex-start!important[33m}[39m[31m[91m[33m.align-items-md-end[39m[31m[91m[33m{[39m[31m[91m-ms-flex-align[33m:[39m[31m[91mend!important[33m;[39m[31m[91malign-items[33m:[39m[31m[91mflex-end!important[33m}[39m[31m[91m[33m.align-items-md-center[39m[31m[91m[33m{[39m[31m[91m-ms-flex-align[33m:[39m[31m[91mcenter!important[33m;[39m[31m[91malign-items[33m:[39m[31m[91mcenter!important[33m}[39m[31m[91m[33m.align-items-md-baseline[39m[31m[91m[33m{[39m[31m[91m-ms-flex-align[33m:[39m[31m[91mbaseline!important[33m;[39m[31m[91malign-items[33m:[39m[31m[91mbaseline!important[33m}[39m[31m[91m[33m.align-items-md-stretch[39m[31m[91m[33[39m[22m[1m[31mm{[39m[31m[91m-ms-flex-align[33m:[39m[31m[91mstretch!important[33m;[39m[31m[91malign-items[33m:[39m[31m[91mstretch!important[33m}[39m[31m[91m[33m.align-content-md-start[39m[31m[91m[33m{[39m[31m[91m-ms-flex-line-pack[33m:[39m[31m[91mstart!important[33m;[39m[31m[91malign-content[33m:[39m[31m[91mflex-start!important[33m}[39m[31m[91m[33m.align-content-md-end[39m[31m[91m[33m{[39m[31m[91m-ms-flex-line-pack[33m:[39m[31m[91mend!important[33m;[39m[31m[91malign-content[33m:[39m[31m[91mflex-end!important[33m}[39m[31m[91m[33m.align-content-md-center[39m[31m[91m[33m{[39m[31m[91m-ms-flex-line-pack[33m:[39m[31m[91mcenter!important[33m;[39m[31m[91malign-content[33m:[39m[31m[91mcenter!important[33m}[39m[31m[91m[33m.align-content-md-between[39m[31m[91m[33m{[39m[31m[91m-ms-flex-line-pack[33m:[39m[31m[91mjustify!important[33m;[39m[31m[91malign-content[33m:[39m[31m[91mspace-between!important[33m}[39m[31m[91m[33m.align-content-md-around[39m[31m[91m[33m{[39m[31m[91m-ms-flex-line-pack[33m:[39m[31m[91mdistribute!important[33m;[39m[31m[91malign-content[33m:[39m[31m[91mspace-around!important[33m}[39m[31m[91m[33m.align-content-md-stretch[39m[31m[91m[33m{[39m[31m[91m-ms-flex-line-pack[33m:[39m[31m[91mstretch!important[33m;[39m[31m[91malign-content[33m:[39m[31m[91mstretch!important[33m}[39m[31m[91m[33m.align-self-md-auto[39m[31m[91m[33m{[39m[31m[91m-ms-flex-item-align[33m:[39m[31m[91mauto!important[33m;[39m[31m[91malign-self[33m:[39m[31m[91mauto!important[33m}[39m[31m[91m[33m.align-self-md-start[39m[31m[91m[33m{[39m[31m[91m-ms-flex-item-align[33m:[39m[31m[91mstart!important[33m;[39m[31m[91malign-self[33m:[39m[31m[91mflex-start!important[33m}[39m[31m[91m[33m.align-self-md-end[39m[31m[91m[33m{[39m[31m[91m-ms-flex-item-align[33m:[39m[31m[91mend!important[33m;[39m[31m[91malign-self[33m:[39m[31m[91mflex-end!important[33m}[39m[31m[91m[33m.align-self-md-center[39m[31m[91m[33m{[39m[31m[91m-ms-flex-item-align[33m:[39m[31m[91mcenter!important[33m;[39m[31m[91malign-self[33m:[39m[31m[91mcenter!important[33m}[39m[31m[91m[33m.align-self-md-baseline[39m[31m[91m[33m{[39m[31m[91[39m[22m[1m[31mm-ms-flex-item-align[33m:[39m[31m[91mbaseline!important[33m;[39m[31m[91malign-self[33m:[39m[31m[91mbaseline!important[33m}[39m[31m[91m[33m.align-self-md-stretch[39m[31m[91m[33m{[39m[31m[91m-ms-flex-item-align[33m:[39m[31m[91mstretch!important[33m;[39m[31m[91malign-self[33m:[39m[31m[91mstretch!important[33m}[39m[31m[91m[33m}[39m[31m[91m[36m@media[39m[31m[91m[36m [39m[31m[91m[36m(min-width:960px)[39m[31m[91m[33m{[39m[31m[91m[33m.flex-lg-row[39m[31m[91m[33m{[39m[31m[91m-ms-flex-direction[33m:[39m[31m[91mrow!important[33m;[39m[31m[91mflex-direction[33m:[39m[31m[91mrow!important[33m}[39m[31m[91m[33m.flex-lg-column[39m[31m[91m[33m{[39m[31m[91m-ms-flex-direction[33m:[39m[31m[91mcolumn!important[33m;[39m[31m[91mflex-direction[33m:[39m[31m[91mcolumn!important[33m}[39m[31m[91m[33m.flex-lg-row-reverse[39m[31m[91m[33m{[39m[31m[91m-ms-flex-direction[33m:[39m[31m[91mrow-reverse!important[33m;[39m[31m[91mflex-direction[33m:[39m[31m[91mrow-reverse!important[33m}[39m[31m[91m[33m.flex-lg-column-reverse[39m[31m[91m[33m{[39m[31m[91m-ms-flex-direction[33m:[39m[31m[91mcolumn-reverse!important[33m;[39m[31m[91mflex-direction[33m:[39m[31m[91mcolumn-reverse!important[33m}[39m[31m[91m[33m.flex-lg-wrap[39m[31m[91m[33m{[39m[31m[91m-ms-flex-wrap[33m:[39m[31m[91mwrap!important[33m;[39m[31m[91mflex-wrap[33m:[39m[31m[91mwrap!important[33m}[39m[31m[91m[33m.flex-lg-nowrap[39m[31m[91m[33m{[39m[31m[91m-ms-flex-wrap[33m:[39m[31m[91mnowrap!important[33m;[39m[31m[91mflex-wrap[33m:[39m[31m[91mnowrap!important[33m}[39m[31m[91m[33m.flex-lg-wrap-reverse[39m[31m[91m[33m{[39m[31m[91m-ms-flex-wrap[33m:[39m[31m[91mwrap-reverse!important[33m;[39m[31m[91mflex-wrap[33m:[39m[31m[91mwrap-reverse!important[33m}[39m[31m[91m[33m.flex-lg-fill[39m[31m[91m[33m{[39m[31m[91m-ms-flex[33m:[39m[31m[91m1 1 auto!important[33m;[39m[31m[91mflex[33m:[39m[31m[91m1 1 auto!important[33m}[39m[31m[91m[33m.flex-lg-grow-0[39m[31m[91m[33m{[39m[31m[91m-ms-flex-positive[33m:[39m[31m[91m0!important[33m;[39m[31m[91mflex-grow[33m:[39m[31m[91m0!important[33m}[39m[31m[91m[33m.flex-lg-grow-1[39m[31m[91m[33m{[39m[31m[91[39m[22m[1m[31mm-ms-flex-positive[33m:[39m[31m[91m1!important[33m;[39m[31m[91mflex-grow[33m:[39m[31m[91m1!important[33m}[39m[31m[91m[33m.flex-lg-shrink-0[39m[31m[91m[33m{[39m[31m[91m-ms-flex-negative[33m:[39m[31m[91m0!important[33m;[39m[31m[91mflex-shrink[33m:[39m[31m[91m0!important[33m}[39m[31m[91m[33m.flex-lg-shrink-1[39m[31m[91m[33m{[39m[31m[91m-ms-flex-negative[33m:[39m[31m[91m1!important[33m;[39m[31m[91mflex-shrink[33m:[39m[31m[91m1!important[33m}[39m[31m[91m[33m.justify-content-lg-start[39m[31m[91m[33m{[39m[31m[91m-ms-flex-pack[33m:[39m[31m[91mstart!important[33m;[39m[31m[91mjustify-content[33m:[39m[31m[91mflex-start!important[33m}[39m[31m[91m[33m.justify-content-lg-end[39m[31m[91m[33m{[39m[31m[91m-ms-flex-pack[33m:[39m[31m[91mend!important[33m;[39m[31m[91mjustify-content[33m:[39m[31m[91mflex-end!important[33m}[39m[31m[91m[33m.justify-content-lg-center[39m[31m[91m[33m{[39m[31m[91m-ms-flex-pack[33m:[39m[31m[91mcenter!important[33m;[39m[31m[91mjustify-content[33m:[39m[31m[91mcenter!important[33m}[39m[31m[91m[33m.justify-content-lg-between[39m[31m[91m[33m{[39m[31m[91m-ms-flex-pack[33m:[39m[31m[91mjustify!important[33m;[39m[31m[91mjustify-content[33m:[39m[31m[91mspace-between!important[33m}[39m[31m[91m[33m.justify-content-lg-around[39m[31m[91m[33m{[39m[31m[91m-ms-flex-pack[33m:[39m[31m[91mdistribute!important[33m;[39m[31m[91mjustify-content[33m:[39m[31m[91mspace-around!important[33m}[39m[31m[91m[33m.align-items-lg-start[39m[31m[91m[33m{[39m[31m[91m-ms-flex-align[33m:[39m[31m[91mstart!important[33m;[39m[31m[91malign-items[33m:[39m[31m[91mflex-start!important[33m}[39m[31m[91m[33m.align-items-lg-end[39m[31m[91m[33m{[39m[31m[91m-ms-flex-align[33m:[39m[31m[91mend!important[33m;[39m[31m[91malign-items[33m:[39m[31m[91mflex-end!important[33m}[39m[31m[91m[33m.align-items-lg-center[39m[31m[91m[33m{[39m[31m[91m-ms-flex-align[33m:[39m[31m[91mcenter!important[33m;[39m[31m[91malign-items[33m:[39m[31m[91mcenter!important[33m}[39m[31m[91m[33m.align-items-lg-baseline[39m[31m[91m[33m{[39m[31m[91m-ms-flex-align[33m:[39m[31m[91mbaseline!important[33m;[39m[31m[91mal[39m[22m[1m[31mign-items[33m:[39m[31m[91mbaseline!important[33m}[39m[31m[91m[33m.align-items-lg-stretch[39m[31m[91m[33m{[39m[31m[91m-ms-flex-align[33m:[39m[31m[91mstretch!important[33m;[39m[31m[91malign-items[33m:[39m[31m[91mstretch!important[33m}[39m[31m[91m[33m.align-content-lg-start[39m[31m[91m[33m{[39m[31m[91m-ms-flex-line-pack[33m:[39m[31m[91mstart!important[33m;[39m[31m[91malign-content[33m:[39m[31m[91mflex-start!important[33m}[39m[31m[91m[33m.align-content-lg-end[39m[31m[91m[33m{[39m[31m[91m-ms-flex-line-pack[33m:[39m[31m[91mend!important[33m;[39m[31m[91malign-content[33m:[39m[31m[91mflex-end!important[33m}[39m[31m[91m[33m.align-content-lg-center[39m[31m[91m[33m{[39m[31m[91m-ms-flex-line-pack[33m:[39m[31m[91mcenter!important[33m;[39m[31m[91malign-content[33m:[39m[31m[91mcenter!important[33m}[39m[31m[91m[33m.align-content-lg-between[39m[31m[91m[33m{[39m[31m[91m-ms-flex-line-pack[33m:[39m[31m[91mjustify!important[33m;[39m[31m[91malign-content[33m:[39m[31m[91mspace-between!important[33m}[39m[31m[91m[33m.align-content-lg-around[39m[31m[91m[33m{[39m[31m[91m-ms-flex-line-pack[33m:[39m[31m[91mdistribute!important[33m;[39m[31m[91malign-content[33m:[39m[31m[91mspace-around!important[33m}[39m[31m[91m[33m.align-content-lg-stretch[39m[31m[91m[33m{[39m[31m[91m-ms-flex-line-pack[33m:[39m[31m[91mstretch!important[33m;[39m[31m[91malign-content[33m:[39m[31m[91mstretch!important[33m}[39m[31m[91m[33m.align-self-lg-auto[39m[31m[91m[33m{[39m[31m[91m-ms-flex-item-align[33m:[39m[31m[91mauto!important[33m;[39m[31m[91malign-self[33m:[39m[31m[91mauto!important[33m}[39m[31m[91m[33m.align-self-lg-start[39m[31m[91m[33m{[39m[31m[91m-ms-flex-item-align[33m:[39m[31m[91mstart!important[33m;[39m[31m[91malign-self[33m:[39m[31m[91mflex-start!important[33m}[39m[31m[91m[33m.align-self-lg-end[39m[31m[91m[33m{[39m[31m[91m-ms-flex-item-align[33m:[39m[31m[91mend!important[33m;[39m[31m[91malign-self[33m:[39m[31m[91mflex-end!important[33m}[39m[31m[91m[33m.align-self-lg-center[39m[31m[91m[33m{[39m[31m[91m-ms-flex-item-align[33m:[39m[31m[91mcenter!important[33m;[39m[31m[91malign-self[39m[22m[1m[31m[33m:[39m[31m[91mcenter!important[33m}[39m[31m[91m[33m.align-self-lg-baseline[39m[31m[91m[33m{[39m[31m[91m-ms-flex-item-align[33m:[39m[31m[91mbaseline!important[33m;[39m[31m[91malign-self[33m:[39m[31m[91mbaseline!important[33m}[39m[31m[91m[33m.align-self-lg-stretch[39m[31m[91m[33m{[39m[31m[91m-ms-flex-item-align[33m:[39m[31m[91mstretch!important[33m;[39m[31m[91malign-self[33m:[39m[31m[91mstretch!important[33m}[39m[31m[91m[33m}[39m[31m[91m[36m@media[39m[31m[91m[36m [39m[31m[91m[36m(min-width:1152px)[39m[31m[91m[33m{[39m[31m[91m[33m.flex-xl-row[39m[31m[91m[33m{[39m[31m[91m-ms-flex-direction[33m:[39m[31m[91mrow!important[33m;[39m[31m[91mflex-direction[33m:[39m[31m[91mrow!important[33m}[39m[31m[91m[33m.flex-xl-column[39m[31m[91m[33m{[39m[31m[91m-ms-flex-direction[33m:[39m[31m[91mcolumn!important[33m;[39m[31m[91mflex-direction[33m:[39m[31m[91mcolumn!important[33m}[39m[31m[91m[33m.flex-xl-row-reverse[39m[31m[91m[33m{[39m[31m[91m-ms-flex-direction[33m:[39m[31m[91mrow-reverse!important[33m;[39m[31m[91mflex-direction[33m:[39m[31m[91mrow-reverse!important[33m}[39m[31m[91m[33m.flex-xl-column-reverse[39m[31m[91m[33m{[39m[31m[91m-ms-flex-direction[33m:[39m[31m[91mcolumn-reverse!important[33m;[39m[31m[91mflex-direction[33m:[39m[31m[91mcolumn-reverse!important[33m}[39m[31m[91m[33m.flex-xl-wrap[39m[31m[91m[33m{[39m[31m[91m-ms-flex-wrap[33m:[39m[31m[91mwrap!important[33m;[39m[31m[91mflex-wrap[33m:[39m[31m[91mwrap!important[33m}[39m[31m[91m[33m.flex-xl-nowrap[39m[31m[91m[33m{[39m[31m[91m-ms-flex-wrap[33m:[39m[31m[91mnowrap!important[33m;[39m[31m[91mflex-wrap[33m:[39m[31m[91mnowrap!important[33m}[39m[31m[91m[33m.flex-xl-wrap-reverse[39m[31m[91m[33m{[39m[31m[91m-ms-flex-wrap[33m:[39m[31m[91mwrap-reverse!important[33m;[39m[31m[91mflex-wrap[33m:[39m[31m[91mwrap-reverse!important[33m}[39m[31m[91m[33m.flex-xl-fill[39m[31m[91m[33m{[39m[31m[91m-ms-flex[33m:[39m[31m[91m1 1 auto!important[33m;[39m[31m[91mflex[33m:[39m[31m[91m1 1 auto!important[33m}[39m[31m[91m[33m.flex-xl-grow-0[39m[31m[91m[33m{[39m[31m[91m-ms-flex-positive[33m:[39m[31m[91m0!important[33m;[39m[31m[39m[22m[1m[31m[91mflex-grow[33m:[39m[31m[91m0!important[33m}[39m[31m[91m[33m.flex-xl-grow-1[39m[31m[91m[33m{[39m[31m[91m-ms-flex-positive[33m:[39m[31m[91m1!important[33m;[39m[31m[91mflex-grow[33m:[39m[31m[91m1!important[33m}[39m[31m[91m[33m.flex-xl-shrink-0[39m[31m[91m[33m{[39m[31m[91m-ms-flex-negative[33m:[39m[31m[91m0!important[33m;[39m[31m[91mflex-shrink[33m:[39m[31m[91m0!important[33m}[39m[31m[91m[33m.flex-xl-shrink-1[39m[31m[91m[33m{[39m[31m[91m-ms-flex-negative[33m:[39m[31m[91m1!important[33m;[39m[31m[91mflex-shrink[33m:[39m[31m[91m1!important[33m}[39m[31m[91m[33m.justify-content-xl-start[39m[31m[91m[33m{[39m[31m[91m-ms-flex-pack[33m:[39m[31m[91mstart!important[33m;[39m[31m[91mjustify-content[33m:[39m[31m[91mflex-start!important[33m}[39m[31m[91m[33m.justify-content-xl-end[39m[31m[91m[33m{[39m[31m[91m-ms-flex-pack[33m:[39m[31m[91mend!important[33m;[39m[31m[91mjustify-content[33m:[39m[31m[91mflex-end!important[33m}[39m[31m[91m[33m.justify-content-xl-center[39m[31m[91m[33m{[39m[31m[91m-ms-flex-pack[33m:[39m[31m[91mcenter!important[33m;[39m[31m[91mjustify-content[33m:[39m[31m[91mcenter!important[33m}[39m[31m[91m[33m.justify-content-xl-between[39m[31m[91m[33m{[39m[31m[91m-ms-flex-pack[33m:[39m[31m[91mjustify!important[33m;[39m[31m[91mjustify-content[33m:[39m[31m[91mspace-between!important[33m}[39m[31m[91m[33m.justify-content-xl-around[39m[31m[91m[33m{[39m[31m[91m-ms-flex-pack[33m:[39m[31m[91mdistribute!important[33m;[39m[31m[91mjustify-content[33m:[39m[31m[91mspace-around!important[33m}[39m[31m[91m[33m.align-items-xl-start[39m[31m[91m[33m{[39m[31m[91m-ms-flex-align[33m:[39m[31m[91mstart!important[33m;[39m[31m[91malign-items[33m:[39m[31m[91mflex-start!important[33m}[39m[31m[91m[33m.align-items-xl-end[39m[31m[91m[33m{[39m[31m[91m-ms-flex-align[33m:[39m[31m[91mend!important[33m;[39m[31m[91malign-items[33m:[39m[31m[91mflex-end!important[33m}[39m[31m[91m[33m.align-items-xl-center[39m[31m[91m[33m{[39m[31m[91m-ms-flex-align[33m:[39m[31m[91mcenter!important[33m;[39m[31m[91malign-items[33m:[39m[31m[91mcenter!important[33m}[39m[31m[91m[33m.align-items-x[39m[22m[1m[31ml-baseline[39m[31m[91m[33m{[39m[31m[91m-ms-flex-align[33m:[39m[31m[91mbaseline!important[33m;[39m[31m[91malign-items[33m:[39m[31m[91mbaseline!important[33m}[39m[31m[91m[33m.align-items-xl-stretch[39m[31m[91m[33m{[39m[31m[91m-ms-flex-align[33m:[39m[31m[91mstretch!important[33m;[39m[31m[91malign-items[33m:[39m[31m[91mstretch!important[33m}[39m[31m[91m[33m.align-content-xl-start[39m[31m[91m[33m{[39m[31m[91m-ms-flex-line-pack[33m:[39m[31m[91mstart!important[33m;[39m[31m[91malign-content[33m:[39m[31m[91mflex-start!important[33m}[39m[31m[91m[33m.align-content-xl-end[39m[31m[91m[33m{[39m[31m[91m-ms-flex-line-pack[33m:[39m[31m[91mend!important[33m;[39m[31m[91malign-content[33m:[39m[31m[91mflex-end!important[33m}[39m[31m[91m[33m.align-content-xl-center[39m[31m[91m[33m{[39m[31m[91m-ms-flex-line-pack[33m:[39m[31m[91mcenter!important[33m;[39m[31m[91malign-content[33m:[39m[31m[91mcenter!important[33m}[39m[31m[91m[33m.align-content-xl-between[39m[31m[91m[33m{[39m[31m[91m-ms-flex-line-pack[33m:[39m[31m[91mjustify!important[33m;[39m[31m[91malign-content[33m:[39m[31m[91mspace-between!important[33m}[39m[31m[91m[33m.align-content-xl-around[39m[31m[91m[33m{[39m[31m[91m-ms-flex-line-pack[33m:[39m[31m[91mdistribute!important[33m;[39m[31m[91malign-content[33m:[39m[31m[91mspace-around!important[33m}[39m[31m[91m[33m.align-content-xl-stretch[39m[31m[91m[33m{[39m[31m[91m-ms-flex-line-pack[33m:[39m[31m[91mstretch!important[33m;[39m[31m[91malign-content[33m:[39m[31m[91mstretch!important[33m}[39m[31m[91m[33m.align-self-xl-auto[39m[31m[91m[33m{[39m[31m[91m-ms-flex-item-align[33m:[39m[31m[91mauto!important[33m;[39m[31m[91malign-self[33m:[39m[31m[91mauto!important[33m}[39m[31m[91m[33m.align-self-xl-start[39m[31m[91m[33m{[39m[31m[91m-ms-flex-item-align[33m:[39m[31m[91mstart!important[33m;[39m[31m[91malign-self[33m:[39m[31m[91mflex-start!important[33m}[39m[31m[91m[33m.align-self-xl-end[39m[31m[91m[33m{[39m[31m[91m-ms-flex-item-align[33m:[39m[31m[91mend!important[33m;[39m[31m[91malign-self[33m:[39m[31m[91mflex-end!important[33m}[39m[31m[91m[33m.align-self-xl-center[39m[22m[1m[31m[39m[91m[33m{[39m[31m[91m-ms-flex-item-align[33m:[39m[31m[91mcenter!important[33m;[39m[31m[91malign-self[33m:[39m[31m[91mcenter!important[33m}[39m[31m[91m[33m.align-self-xl-baseline[39m[31m[91m[33m{[39m[31m[91m-ms-flex-item-align[33m:[39m[31m[91mbaseline!important[33m;[39m[31m[91malign-self[33m:[39m[31m[91mbaseline!important[33m}[39m[31m[91m[33m.align-self-xl-stretch[39m[31m[91m[33m{[39m[31m[91m-ms-flex-item-align[33m:[39m[31m[91mstretch!important[33m;[39m[31m[91malign-self[33m:[39m[31m[91mstretch!important[33m}[39m[31m[91m[33m}[39m[31m[91m[33m.float-left[39m[31m[91m[33m{[39m[31m[91mfloat[33m:[39m[31m[91mleft!important[33m}[39m[31m[91m[33m.float-right[39m[31m[91m[33m{[39m[31m[91mfloat[33m:[39m[31m[91mright!important[33m}[39m[31m[91m[33m.float-none[39m[31m[91m[33m{[39m[31m[91mfloat[33m:[39m[31m[91mnone!important[33m}[39m[31m[91m[36m@media[39m[31m[91m[36m [39m[31m[91m[36m(min-width:576px)[39m[31m[91m[33m{[39m[31m[91m[33m.float-sm-left[39m[31m[91m[33m{[39m[31m[91mfloat[33m:[39m[31m[91mleft!important[33m}[39m[31m[91m[33m.float-sm-right[39m[31m[91m[33m{[39m[31m[91mfloat[33m:[39m[31m[91mright!important[33m}[39m[31m[91m[33m.float-sm-none[39m[31m[91m[33m{[39m[31m[91mfloat[33m:[39m[31m[91mnone!important[33m}[39m[31m[91m[33m}[39m[31m[91m[36m@media[39m[31m[91m[36m [39m[31m[91m[36m(min-width:768px)[39m[31m[91m[33m{[39m[31m[91m[33m.float-md-left[39m[31m[91m[33m{[39m[31m[91mfloat[33m:[39m[31m[91mleft!important[33m}[39m[31m[91m[33m.float-md-right[39m[31m[91m[33m{[39m[31m[91mfloat[33m:[39m[31m[91mright!important[33m}[39m[31m[91m[33m.float-md-none[39m[31m[91m[33m{[39m[31m[91mfloat[33m:[39m[31m[91mnone!important[33m}[39m[31m[91m[33m}[39m[31m[91m[36m@media[39m[31m[91m[36m [39m[31m[91m[36m(min-width:960px)[39m[31m[91m[33m{[39m[31m[91m[33m.float-lg-left[39m[31m[91m[33m{[39m[31m[91mfloat[33m:[39m[31m[91mleft!important[33m}[39m[31m[91m[33m.float-lg-right[39m[31m[91m[33m{[39m[31m[91mfloat[33m:[39m[31m[91mright!important[33m}[39m[31m[91m[33m.float-lg-none[39m[31m[91m[33m{[39m[31m[91mfloat[33m:[39m[31m[91mnone!important[33m}[39m[31m[91m[33m}[39m[31m[91m[36m@media[39m[31m[39m[22m[1m[31m[91m[36m [39m[31m[91m[36m(min-width:1152px)[39m[31m[91m[33m{[39m[31m[91m[33m.float-xl-left[39m[31m[91m[33m{[39m[31m[91mfloat[33m:[39m[31m[91mleft!important[33m}[39m[31m[91m[33m.float-xl-right[39m[31m[91m[33m{[39m[31m[91mfloat[33m:[39m[31m[91mright!important[33m}[39m[31m[91m[33m.float-xl-none[39m[31m[91m[33m{[39m[31m[91mfloat[33m:[39m[31m[91mnone!important[33m}[39m[31m[91m[33m}[39m[31m[91m[33m.overflow-auto[39m[31m[91m[33m{[39m[31m[91moverflow[33m:[39m[31m[91mauto!important[33m}[39m[31m[91m[33m.overflow-hidden[39m[31m[91m[33m{[39m[31m[91moverflow[33m:[39m[31m[91mhidden!important[33m}[39m[31m[91m[33m.position-static[39m[31m[91m[33m{[39m[31m[91mposition[33m:[39m[31m[91mstatic!important[33m}[39m[31m[91m[33m.position-relative[39m[31m[91m[33m{[39m[31m[91mposition[33m:[39m[31m[91mrelative!important[33m}[39m[31m[91m[33m.position-absolute[39m[31m[91m[33m{[39m[31m[91mposition[33m:[39m[31m[91mabsolute!important[33m}[39m[31m[91m[33m.position-fixed[39m[31m[91m[33m{[39m[31m[91mposition[33m:[39m[31m[91mfixed!important[33m}[39m[31m[91m[33m.position-sticky[39m[31m[91m[33m{[39m[31m[91mposition[33m:[39m[31m[91m-webkit-sticky!important[33m;[39m[31m[91mposition[33m:[39m[31m[91msticky!important[33m}[39m[31m[91m[33m.fixed-top[39m[31m[91m[33m{[39m[31m[91mposition[33m:[39m[31m[91mfixed[33m;[39m[31m[91mtop[33m:[39m[31m[91m0[33m;[39m[31m[91mright[33m:[39m[31m[91m0[33m;[39m[31m[91mleft[33m:[39m[31m[91m0[33m;[39m[31m[91mz-index[33m:[39m[31m[91m1030[33m}[39m[31m[91m[33m.fixed-bottom[39m[31m[91m[33m{[39m[31m[91mposition[33m:[39m[31m[91mfixed[33m;[39m[31m[91mright[33m:[39m[31m[91m0[33m;[39m[31m[91mbottom[33m:[39m[31m[91m0[33m;[39m[31m[91mleft[33m:[39m[31m[91m0[33m;[39m[31m[91mz-index[33m:[39m[31m[91m1030[33m}[39m[31m[91m[36m@supports[39m[31m[91m[36m [39m[31m[91m[36m([39m[31m[91m[36m(position:-webkit-sticky)[39m[31m[91m or[36m [39m[31m[91m[36m(position:sticky)[39m[31m[91m[36m)[39m[31m[91m[33m{[39m[31m[91m[33m.sticky-top[39m[31m[91m[33m{[39m[31m[91mposition[33m:[39m[31m[91m-webkit-sticky[33m;[39m[31m[91mposition[33m:[39m[31m[91msticky[33m;[39m[31m[91mtop[33m:[39m[31m[91m0[33m;[39m[31m[39m[22m[1m[31m[91mz-index[33m:[39m[31m[91m1020[33m}[39m[31m[91m[33m}[39m[31m[91m[33m.sr-only[39m[31m[91m[33m{[39m[31m[91mposition[33m:[39m[31m[91mabsolute[33m;[39m[31m[91mwidth[33m:[39m[31m[91m1px[33m;[39m[31m[91mheight[33m:[39m[31m[91m1px[33m;[39m[31m[91mpadding[33m:[39m[31m[91m0[33m;[39m[31m[91mmargin[33m:[39m[31m[91m-1px[33m;[39m[31m[91moverflow[33m:[39m[31m[91mhidden[33m;[39m[31m[91mclip[33m:[39m[31m[91m[36mrect[39m[31m[91m[36m(0,0,0,0)[39m[31m[91m[33m;[39m[31m[91mwhite-space[33m:[39m[31m[91mnowrap[33m;[39m[31m[91mborder[33m:[39m[31m[91m0[33m}[39m[31m[91m[33m.sr-only-focusable[39m[31m[91m[33m:[39m[31m[91mactive,.sr-only-focusable[33m:[39m[31m[91mfocus[33m{[39m[31m[91mposition[33m:[39m[31m[91mstatic[33m;[39m[31m[91mwidth[33m:[39m[31m[91mauto[33m;[39m[31m[91mheight[33m:[39m[31m[91mauto[33m;[39m[31m[91moverflow[33m:[39m[31m[91mvisible[33m;[39m[31m[91mclip[33m:[39m[31m[91mauto[33m;[39m[31m[91mwhite-space[33m:[39m[31m[91mnormal[33m}[39m[31m[91m[33m.shadow-none[39m[31m[91m[33m{[39m[31m[91mbox-shadow[33m:[39m[31m[91mnone!important[33m}[39m[31m[91m[33m.w-25[39m[31m[91m[33m{[39m[31m[91mwidth[33m:[39m[31m[91m100%!important[33m}[39m[31m[91m[33m.w-50[39m[31m[91m[33m{[39m[31m[91mwidth[33m:[39m[31m[91m100%!important[33m}[39m[31m[91m[33m.w-75[39m[31m[91m[33m{[39m[31m[91mwidth[33m:[39m[31m[91m100%!important[33m}[39m[31m[91m[33m.w-100[39m[31m[91m[33m{[39m[31m[91mwidth[33m:[39m[31m[91m100%!important[33m}[39m[31m[91m[33m.w-auto[39m[31m[91m[33m{[39m[31m[91mwidth[33m:[39m[31m[91mauto!important[33m}[39m[31m[91m[33m.h-25[39m[31m[91m[33m{[39m[31m[91mheight[33m:[39m[31m[91m100%!important[33m}[39m[31m[91m[33m.h-50[39m[31m[91m[33m{[39m[31m[91mheight[33m:[39m[31m[91m100%!important[33m}[39m[31m[91m[33m.h-75[39m[31m[91m[33m{[39m[31m[91mheight[33m:[39m[31m[91m100%!important[33m}[39m[31m[91m[33m.h-100[39m[31m[91m[33m{[39m[31m[91mheight[33m:[39m[31m[91m100%!important[33m}[39m[31m[91m[33m.h-auto[39m[31m[91m[33m{[39m[31m[91mheight[33m:[39m[31m[91mauto!important[33m}[39m[31m[91m[33m.mw-100[39m[31m[91m[33m{[39m[31m[91mmax-width[33m:[39m[31m[91m100%!important[33m}[39m[31m[91m[33m.mh-100[39m[31m[91m[[39m[22m[1m[31m33m{[39m[31m[91mmax-height[33m:[39m[31m[91m100%!important[33m}[39m[31m[91m[33m.min-vw-100[39m[31m[91m[33m{[39m[31m[91mmin-width[33m:[39m[31m[91m100vw!important[33m}[39m[31m[91m[33m.min-vh-100[39m[31m[91m[33m{[39m[31m[91mmin-height[33m:[39m[31m[91m100vh!important[33m}[39m[31m[91m[33m.vw-100[39m[31m[91m[33m{[39m[31m[91mwidth[33m:[39m[31m[91m100vw!important[33m}[39m[31m[91m[33m.vh-100[39m[31m[91m[33m{[39m[31m[91mheight[33m:[39m[31m[91m100vh!important[33m}[39m[31m[91m[33m.stretched-link[39m[31m[91m[33m:[39m[31m[91m[33m:[39m[31m[91mafter[33m{[39m[31m[91mposition[33m:[39m[31m[91mabsolute[33m;[39m[31m[91mtop[33m:[39m[31m[91m0[33m;[39m[31m[91mright[33m:[39m[31m[91m0[33m;[39m[31m[91mbottom[33m:[39m[31m[91m0[33m;[39m[31m[91mleft[33m:[39m[31m[91m0[33m;[39m[31m[91mz-index[33m:[39m[31m[91m1[33m;[39m[31m[91mpointer-events[33m:[39m[31m[91mauto[33m;[39m[31m[91mcontent[33m:[39m[31m[91m[32m""[39m[31m[91m[33m;[39m[31m[91mbackground-color[33m:[39m[31m[91m[36mrgba[39m[31m[91m[36m(0,0,0,0)[39m[31m[91m[33m}[39m[31m[91m[33m.m-0[39m[31m[91m[33m{[39m[31m[91mmargin[33m:[39m[31m[91m0 0!important[33m}[39m[31m[91m[33m.mt-0,.my-0[39m[31m[91m[33m{[39m[31m[91mmargin-top[33m:[39m[31m[91m0!important[33m}[39m[31m[91m[33m.mr-0,.mx-0[39m[31m[91m[33m{[39m[31m[91mmargin-right[33m:[39m[31m[91m0!important[33m}[39m[31m[91m[33m.mb-0,.my-0[39m[31m[91m[33m{[39m[31m[91mmargin-bottom[33m:[39m[31m[91m0!important[33m}[39m[31m[91m[33m.ml-0,.mx-0[39m[31m[91m[33m{[39m[31m[91mmargin-left[33m:[39m[31m[91m0!important[33m}[39m[31m[91m[33m.m-1[39m[31m[91m[33m{[39m[31m[91mmargin[33m:[39m[31m[91m0 0!important[33m}[39m[31m[91m[33m.mt-1,.my-1[39m[31m[91m[33m{[39m[31m[91mmargin-top[33m:[39m[31m[91m0!important[33m}[39m[31m[91m[33m.mr-1,.mx-1[39m[31m[91m[33m{[39m[31m[91mmargin-right[33m:[39m[31m[91m0!important[33m}[39m[31m[91m[33m.mb-1,.my-1[39m[31m[91m[33m{[39m[31m[91mmargin-bottom[33m:[39m[31m[91m0!important[33m}[39m[31m[91m[33m.ml-1,.mx-1[39m[31m[91m[33m{[39m[31m[91mmargin-left[33m:[39m[31m[91m0!important[33m}[39m[31m[91m[33m.m-2[39m[31m[91m[33m{[39m[31m[91mmargin[33m:[39m[31m[91m14px 8px!important[33m}[39m[31m[91[39m[22m[1m[31mm[33m.mt-2,.my-2[39m[31m[91m[33m{[39m[31m[91mmargin-top[33m:[39m[31m[91m14px!important[33m}[39m[31m[91m[33m.mr-2,.mx-2[39m[31m[91m[33m{[39m[31m[91mmargin-right[33m:[39m[31m[91m8px!important[33m}[39m[31m[91m[33m.mb-2,.my-2[39m[31m[91m[33m{[39m[31m[91mmargin-bottom[33m:[39m[31m[91m14px!important[33m}[39m[31m[91m[33m.ml-2,.mx-2[39m[31m[91m[33m{[39m[31m[91mmargin-left[33m:[39m[31m[91m8px!important[33m}[39m[31m[91m[33m.m-3[39m[31m[91m[33m{[39m[31m[91mmargin[33m:[39m[31m[91m14px 8px!important[33m}[39m[31m[91m[33m.mt-3,.my-3[39m[31m[91m[33m{[39m[31m[91mmargin-top[33m:[39m[31m[91m14px!important[33m}[39m[31m[91m[33m.mr-3,.mx-3[39m[31m[91m[33m{[39m[31m[91mmargin-right[33m:[39m[31m[91m8px!important[33m}[39m[31m[91m[33m.mb-3,.my-3[39m[31m[91m[33m{[39m[31m[91mmargin-bottom[33m:[39m[31m[91m14px!important[33m}[39m[31m[91m[33m.ml-3,.mx-3[39m[31m[91m[33m{[39m[31m[91mmargin-left[33m:[39m[31m[91m8px!important[33m}[39m[31m[91m[33m.m-4[39m[31m[91m[33m{[39m[31m[91mmargin[33m:[39m[31m[91m28px 16px!important[33m}[39m[31m[91m[33m.mt-4,.my-4[39m[31m[91m[33m{[39m[31m[91mmargin-top[33m:[39m[31m[91m28px!important[33m}[39m[31m[91m[33m.mr-4,.mx-4[39m[31m[91m[33m{[39m[31m[91mmargin-right[33m:[39m[31m[91m16px!important[33m}[39m[31m[91m[33m.mb-4,.my-4[39m[31m[91m[33m{[39m[31m[91mmargin-bottom[33m:[39m[31m[91m28px!important[33m}[39m[31m[91m[33m.ml-4,.mx-4[39m[31m[91m[33m{[39m[31m[91mmargin-left[33m:[39m[31m[91m16px!important[33m}[39m[31m[91m[33m.m-5[39m[31m[91m[33m{[39m[31m[91mmargin[33m:[39m[31m[91m28px 16px!important[33m}[39m[31m[91m[33m.mt-5,.my-5[39m[31m[91m[33m{[39m[31m[91mmargin-top[33m:[39m[31m[91m28px!important[33m}[39m[31m[91m[33m.mr-5,.mx-5[39m[31m[91m[33m{[39m[31m[91mmargin-right[33m:[39m[31m[91m16px!important[33m}[39m[31m[91m[33m.mb-5,.my-5[39m[31m[91m[33m{[39m[31m[91mmargin-bottom[33m:[39m[31m[91m28px!important[33m}[39m[31m[91m[33m.ml-5,.mx-5[39m[31m[91m[33m{[39m[31m[91mmargin-left[33m:[39m[31m[91m16px!important[33m}[39m[31m[91m[33m.m-6[39m[31m[91m[33m{[39m[31m[91mmargin[33m:[39m[31m[91m42px 24px!important[33m}[39m[31m[91m[33m.mt-6,.my-6[39m[31m[91m[33m{[39m[31m[91mma[39m[22m[1m[31mrgin-top[33m:[39m[31m[91m42px!important[33m}[39m[31m[91m[33m.mr-6,.mx-6[39m[31m[91m[33m{[39m[31m[91mmargin-right[33m:[39m[31m[91m24px!important[33m}[39m[31m[91m[33m.mb-6,.my-6[39m[31m[91m[33m{[39m[31m[91mmargin-bottom[33m:[39m[31m[91m42px!important[33m}[39m[31m[91m[33m.ml-6,.mx-6[39m[31m[91m[33m{[39m[31m[91mmargin-left[33m:[39m[31m[91m24px!important[33m}[39m[31m[91m[33m.p-0[39m[31m[91m[33m{[39m[31m[91mpadding[33m:[39m[31m[91m0 0!important[33m}[39m[31m[91m[33m.pt-0,.py-0[39m[31m[91m[33m{[39m[31m[91mpadding-top[33m:[39m[31m[91m0!important[33m}[39m[31m[91m[33m.pr-0,.px-0[39m[31m[91m[33m{[39m[31m[91mpadding-right[33m:[39m[31m[91m0!important[33m}[39m[31m[91m[33m.pb-0,.py-0[39m[31m[91m[33m{[39m[31m[91mpadding-bottom[33m:[39m[31m[91m0!important[33m}[39m[31m[91m[33m.pl-0,.px-0[39m[31m[91m[33m{[39m[31m[91mpadding-left[33m:[39m[31m[91m0!important[33m}[39m[31m[91m[33m.p-1[39m[31m[91m[33m{[39m[31m[91mpadding[33m:[39m[31m[91m0 0!important[33m}[39m[31m[91m[33m.pt-1,.py-1[39m[31m[91m[33m{[39m[31m[91mpadding-top[33m:[39m[31m[91m0!important[33m}[39m[31m[91m[33m.pr-1,.px-1[39m[31m[91m[33m{[39m[31m[91mpadding-right[33m:[39m[31m[91m0!important[33m}[39m[31m[91m[33m.pb-1,.py-1[39m[31m[91m[33m{[39m[31m[91mpadding-bottom[33m:[39m[31m[91m0!important[33m}[39m[31m[91m[33m.pl-1,.px-1[39m[31m[91m[33m{[39m[31m[91mpadding-left[33m:[39m[31m[91m0!important[33m}[39m[31m[91m[33m.p-2[39m[31m[91m[33m{[39m[31m[91mpadding[33m:[39m[31m[91m14px 8px!important[33m}[39m[31m[91m[33m.pt-2,.py-2[39m[31m[91m[33m{[39m[31m[91mpadding-top[33m:[39m[31m[91m14px!important[33m}[39m[31m[91m[33m.pr-2,.px-2[39m[31m[91m[33m{[39m[31m[91mpadding-right[33m:[39m[31m[91m8px!important[33m}[39m[31m[91m[33m.pb-2,.py-2[39m[31m[91m[33m{[39m[31m[91mpadding-bottom[33m:[39m[31m[91m14px!important[33m}[39m[31m[91m[33m.pl-2,.px-2[39m[31m[91m[33m{[39m[31m[91mpadding-left[33m:[39m[31m[91m8px!important[33m}[39m[31m[91m[33m.p-3[39m[31m[91m[33m{[39m[31m[91mpadding[33m:[39m[31m[91m14px 8px!important[33m}[39m[31m[91m[33m.pt-3,.py-3[39m[31m[91m[33m{[39m[31m[91mpadding-top[33m:[39m[31m[91m14px!important[33m}[39m[31m[91m[33m.pr-[39m[22m[1m[31m3,.px-3[39m[31m[91m[33m{[39m[31m[91mpadding-right[33m:[39m[31m[91m8px!important[33m}[39m[31m[91m[33m.pb-3,.py-3[39m[31m[91m[33m{[39m[31m[91mpadding-bottom[33m:[39m[31m[91m14px!important[33m}[39m[31m[91m[33m.pl-3,.px-3[39m[31m[91m[33m{[39m[31m[91mpadding-left[33m:[39m[31m[91m8px!important[33m}[39m[31m[91m[33m.p-4[39m[31m[91m[33m{[39m[31m[91mpadding[33m:[39m[31m[91m28px 16px!important[33m}[39m[31m[91m[33m.pt-4,.py-4[39m[31m[91m[33m{[39m[31m[91mpadding-top[33m:[39m[31m[91m28px!important[33m}[39m[31m[91m[33m.pr-4,.px-4[39m[31m[91m[33m{[39m[31m[91mpadding-right[33m:[39m[31m[91m16px!important[33m}[39m[31m[91m[33m.pb-4,.py-4[39m[31m[91m[33m{[39m[31m[91mpadding-bottom[33m:[39m[31m[91m28px!important[33m}[39m[31m[91m[33m.pl-4,.px-4[39m[31m[91m[33m{[39m[31m[91mpadding-left[33m:[39m[31m[91m16px!important[33m}[39m[31m[91m[33m.p-5[39m[31m[91m[33m{[39m[31m[91mpadding[33m:[39m[31m[91m28px 16px!important[33m}[39m[31m[91m[33m.pt-5,.py-5[39m[31m[91m[33m{[39m[31m[91mpadding-top[33m:[39m[31m[91m28px!important[33m}[39m[31m[91m[33m.pr-5,.px-5[39m[31m[91m[33m{[39m[31m[91mpadding-right[33m:[39m[31m[91m16px!important[33m}[39m[31m[91m[33m.pb-5,.py-5[39m[31m[91m[33m{[39m[31m[91mpadding-bottom[33m:[39m[31m[91m28px!important[33m}[39m[31m[91m[33m.pl-5,.px-5[39m[31m[91m[33m{[39m[31m[91mpadding-left[33m:[39m[31m[91m16px!important[33m}[39m[31m[91m[33m.p-6[39m[31m[91m[33m{[39m[31m[91mpadding[33m:[39m[31m[91m42px 24px!important[33m}[39m[31m[91m[33m.pt-6,.py-6[39m[31m[91m[33m{[39m[31m[91mpadding-top[33m:[39m[31m[91m42px!important[33m}[39m[31m[91m[33m.pr-6,.px-6[39m[31m[91m[33m{[39m[31m[91mpadding-right[33m:[39m[31m[91m24px!important[33m}[39m[31m[91m[33m.pb-6,.py-6[39m[31m[91m[33m{[39m[31m[91mpadding-bottom[33m:[39m[31m[91m42px!important[33m}[39m[31m[91m[33m.pl-6,.px-6[39m[31m[91m[33m{[39m[31m[91mpadding-left[33m:[39m[31m[91m24px!important[33m}[39m[31m[91m[33m.m-n1[39m[31m[91m[33m{[39m[31m[91mmargin[33m:[39m[31m[91m0!important[33m}[39m[31m[91m[33m.mt-n1,.my-n1[39m[31m[91m[33m{[39m[31m[91mmargin-top[33m:[39m[31m[91m0!important[33m}[39m[31m[91m[33m.mr-n1,.mx-n1[39m[31m[91m[33m{[39m[31m[[39m[22m[1m[31m91mmargin-right[33m:[39m[31m[91m0!important[33m}[39m[31m[91m[33m.mb-n1,.my-n1[39m[31m[91m[33m{[39m[31m[91mmargin-bottom[33m:[39m[31m[91m0!important[33m}[39m[31m[91m[33m.ml-n1,.mx-n1[39m[31m[91m[33m{[39m[31m[91mmargin-left[33m:[39m[31m[91m0!important[33m}[39m[31m[91m[33m.m-n2[39m[31m[91m[33m{[39m[31m[91mmargin[33m:[39m[31m[91m-22px!important[33m}[39m[31m[91m[33m.mt-n2,.my-n2[39m[31m[91m[33m{[39m[31m[91mmargin-top[33m:[39m[31m[91m-14px!important[33m}[39m[31m[91m[33m.mr-n2,.mx-n2[39m[31m[91m[33m{[39m[31m[91mmargin-right[33m:[39m[31m[91m-8px!important[33m}[39m[31m[91m[33m.mb-n2,.my-n2[39m[31m[91m[33m{[39m[31m[91mmargin-bottom[33m:[39m[31m[91m-14px!important[33m}[39m[31m[91m[33m.ml-n2,.mx-n2[39m[31m[91m[33m{[39m[31m[91mmargin-left[33m:[39m[31m[91m-8px!important[33m}[39m[31m[91m[33m.m-n3[39m[31m[91m[33m{[39m[31m[91mmargin[33m:[39m[31m[91m-22px!important[33m}[39m[31m[91m[33m.mt-n3,.my-n3[39m[31m[91m[33m{[39m[31m[91mmargin-top[33m:[39m[31m[91m-14px!important[33m}[39m[31m[91m[33m.mr-n3,.mx-n3[39m[31m[91m[33m{[39m[31m[91mmargin-right[33m:[39m[31m[91m-8px!important[33m}[39m[31m[91m[33m.mb-n3,.my-n3[39m[31m[91m[33m{[39m[31m[91mmargin-bottom[33m:[39m[31m[91m-14px!important[33m}[39m[31m[91m[33m.ml-n3,.mx-n3[39m[31m[91m[33m{[39m[31m[91mmargin-left[33m:[39m[31m[91m-8px!important[33m}[39m[31m[91m[33m.m-n4[39m[31m[91m[33m{[39m[31m[91mmargin[33m:[39m[31m[91m-44px!important[33m}[39m[31m[91m[33m.mt-n4,.my-n4[39m[31m[91m[33m{[39m[31m[91mmargin-top[33m:[39m[31m[91m-28px!important[33m}[39m[31m[91m[33m.mr-n4,.mx-n4[39m[31m[91m[33m{[39m[31m[91mmargin-right[33m:[39m[31m[91m-16px!important[33m}[39m[31m[91m[33m.mb-n4,.my-n4[39m[31m[91m[33m{[39m[31m[91mmargin-bottom[33m:[39m[31m[91m-28px!important[33m}[39m[31m[91m[33m.ml-n4,.mx-n4[39m[31m[91m[33m{[39m[31m[91mmargin-left[33m:[39m[31m[91m-16px!important[33m}[39m[31m[91m[33m.m-n5[39m[31m[91m[33m{[39m[31m[91mmargin[33m:[39m[31m[91m-44px!important[33m}[39m[31m[91m[33m.mt-n5,.my-n5[39m[31m[91m[33m{[39m[31m[91mmargin-top[33m:[39m[31m[91m-28px!important[33m}[39m[31m[91m[33m.mr-n5,.mx-n5[39m[31m[91m[33m{[39m[31m[91mmargin-right[33m[39m[22m[1m[31m:[39m[31m[91m-16px!important[33m}[39m[31m[91m[33m.mb-n5,.my-n5[39m[31m[91m[33m{[39m[31m[91mmargin-bottom[33m:[39m[31m[91m-28px!important[33m}[39m[31m[91m[33m.ml-n5,.mx-n5[39m[31m[91m[33m{[39m[31m[91mmargin-left[33m:[39m[31m[91m-16px!important[33m}[39m[31m[91m[33m.m-n6[39m[31m[91m[33m{[39m[31m[91mmargin[33m:[39m[31m[91m-66px!important[33m}[39m[31m[91m[33m.mt-n6,.my-n6[39m[31m[91m[33m{[39m[31m[91mmargin-top[33m:[39m[31m[91m-42px!important[33m}[39m[31m[91m[33m.mr-n6,.mx-n6[39m[31m[91m[33m{[39m[31m[91mmargin-right[33m:[39m[31m[91m-24px!important[33m}[39m[31m[91m[33m.mb-n6,.my-n6[39m[31m[91m[33m{[39m[31m[91mmargin-bottom[33m:[39m[31m[91m-42px!important[33m}[39m[31m[91m[33m.ml-n6,.mx-n6[39m[31m[91m[33m{[39m[31m[91mmargin-left[33m:[39m[31m[91m-24px!important[33m}[39m[31m[91m[33m.m-auto[39m[31m[91m[33m{[39m[31m[91mmargin[33m:[39m[31m[91mauto!important[33m}[39m[31m[91m[33m.mt-auto,.my-auto[39m[31m[91m[33m{[39m[31m[91mmargin-top[33m:[39m[31m[91mauto!important[33m}[39m[31m[91m[33m.mr-auto,.mx-auto[39m[31m[91m[33m{[39m[31m[91mmargin-right[33m:[39m[31m[91mauto!important[33m}[39m[31m[91m[33m.mb-auto,.my-auto[39m[31m[91m[33m{[39m[31m[91mmargin-bottom[33m:[39m[31m[91mauto!important[33m}[39m[31m[91m[33m.ml-auto,.mx-auto[39m[31m[91m[33m{[39m[31m[91mmargin-left[33m:[39m[31m[91mauto!important[33m}[39m[31m[91m[36m@media[39m[31m[91m[36m [39m[31m[91m[36m(min-width:576px)[39m[31m[91m[33m{[39m[31m[91m[33m.m-sm-0[39m[31m[91m[33m{[39m[31m[91mmargin[33m:[39m[31m[91m0 0!important[33m}[39m[31m[91m[33m.mt-sm-0,.my-sm-0[39m[31m[91m[33m{[39m[31m[91mmargin-top[33m:[39m[31m[91m0!important[33m}[39m[31m[91m[33m.mr-sm-0,.mx-sm-0[39m[31m[91m[33m{[39m[31m[91mmargin-right[33m:[39m[31m[91m0!important[33m}[39m[31m[91m[33m.mb-sm-0,.my-sm-0[39m[31m[91m[33m{[39m[31m[91mmargin-bottom[33m:[39m[31m[91m0!important[33m}[39m[31m[91m[33m.ml-sm-0,.mx-sm-0[39m[31m[91m[33m{[39m[31m[91mmargin-left[33m:[39m[31m[91m0!important[33m}[39m[31m[91m[33m.m-sm-1[39m[31m[91m[33m{[39m[31m[91mmargin[33m:[39m[31m[91m0 0!important[33m}[39m[31m[91m[33m.mt-sm-1,.my-sm-1[39m[31m[91m[33m{[39m[31m[91mmargin-top[33m:[39[39m[22m[1m[31mm[91m0!important[33m}[39m[31m[91m[33m.mr-sm-1,.mx-sm-1[39m[31m[91m[33m{[39m[31m[91mmargin-right[33m:[39m[31m[91m0!important[33m}[39m[31m[91m[33m.mb-sm-1,.my-sm-1[39m[31m[91m[33m{[39m[31m[91mmargin-bottom[33m:[39m[31m[91m0!important[33m}[39m[31m[91m[33m.ml-sm-1,.mx-sm-1[39m[31m[91m[33m{[39m[31m[91mmargin-left[33m:[39m[31m[91m0!important[33m}[39m[31m[91m[33m.m-sm-2[39m[31m[91m[33m{[39m[31m[91mmargin[33m:[39m[31m[91m14px 8px!important[33m}[39m[31m[91m[33m.mt-sm-2,.my-sm-2[39m[31m[91m[33m{[39m[31m[91mmargin-top[33m:[39m[31m[91m14px!important[33m}[39m[31m[91m[33m.mr-sm-2,.mx-sm-2[39m[31m[91m[33m{[39m[31m[91mmargin-right[33m:[39m[31m[91m8px!important[33m}[39m[31m[91m[33m.mb-sm-2,.my-sm-2[39m[31m[91m[33m{[39m[31m[91mmargin-bottom[33m:[39m[31m[91m14px!important[33m}[39m[31m[91m[33m.ml-sm-2,.mx-sm-2[39m[31m[91m[33m{[39m[31m[91mmargin-left[33m:[39m[31m[91m8px!important[33m}[39m[31m[91m[33m.m-sm-3[39m[31m[91m[33m{[39m[31m[91mmargin[33m:[39m[31m[91m14px 8px!important[33m}[39m[31m[91m[33m.mt-sm-3,.my-sm-3[39m[31m[91m[33m{[39m[31m[91mmargin-top[33m:[39m[31m[91m14px!important[33m}[39m[31m[91m[33m.mr-sm-3,.mx-sm-3[39m[31m[91m[33m{[39m[31m[91mmargin-right[33m:[39m[31m[91m8px!important[33m}[39m[31m[91m[33m.mb-sm-3,.my-sm-3[39m[31m[91m[33m{[39m[31m[91mmargin-bottom[33m:[39m[31m[91m14px!important[33m}[39m[31m[91m[33m.ml-sm-3,.mx-sm-3[39m[31m[91m[33m{[39m[31m[91mmargin-left[33m:[39m[31m[91m8px!important[33m}[39m[31m[91m[33m.m-sm-4[39m[31m[91m[33m{[39m[31m[91mmargin[33m:[39m[31m[91m28px 16px!important[33m}[39m[31m[91m[33m.mt-sm-4,.my-sm-4[39m[31m[91m[33m{[39m[31m[91mmargin-top[33m:[39m[31m[91m28px!important[33m}[39m[31m[91m[33m.mr-sm-4,.mx-sm-4[39m[31m[91m[33m{[39m[31m[91mmargin-right[33m:[39m[31m[91m16px!important[33m}[39m[31m[91m[33m.mb-sm-4,.my-sm-4[39m[31m[91m[33m{[39m[31m[91mmargin-bottom[33m:[39m[31m[91m28px!important[33m}[39m[31m[91m[33m.ml-sm-4,.mx-sm-4[39m[31m[91m[33m{[39m[31m[91mmargin-left[33m:[39m[31m[91m16px!important[33m}[39m[31m[91m[33m.m-sm-5[39m[31m[91m[33m{[39m[31m[91mmargin[33m:[39m[31m[91m28px 16px!important[33m}[39m[31m[91m[33m.mt-sm-5,.my-[39m[22m[1m[31msm-5[39m[31m[91m[33m{[39m[31m[91mmargin-top[33m:[39m[31m[91m28px!important[33m}[39m[31m[91m[33m.mr-sm-5,.mx-sm-5[39m[31m[91m[33m{[39m[31m[91mmargin-right[33m:[39m[31m[91m16px!important[33m}[39m[31m[91m[33m.mb-sm-5,.my-sm-5[39m[31m[91m[33m{[39m[31m[91mmargin-bottom[33m:[39m[31m[91m28px!important[33m}[39m[31m[91m[33m.ml-sm-5,.mx-sm-5[39m[31m[91m[33m{[39m[31m[91mmargin-left[33m:[39m[31m[91m16px!important[33m}[39m[31m[91m[33m.m-sm-6[39m[31m[91m[33m{[39m[31m[91mmargin[33m:[39m[31m[91m42px 24px!important[33m}[39m[31m[91m[33m.mt-sm-6,.my-sm-6[39m[31m[91m[33m{[39m[31m[91mmargin-top[33m:[39m[31m[91m42px!important[33m}[39m[31m[91m[33m.mr-sm-6,.mx-sm-6[39m[31m[91m[33m{[39m[31m[91mmargin-right[33m:[39m[31m[91m24px!important[33m}[39m[31m[91m[33m.mb-sm-6,.my-sm-6[39m[31m[91m[33m{[39m[31m[91mmargin-bottom[33m:[39m[31m[91m42px!important[33m}[39m[31m[91m[33m.ml-sm-6,.mx-sm-6[39m[31m[91m[33m{[39m[31m[91mmargin-left[33m:[39m[31m[91m24px!important[33m}[39m[31m[91m[33m.p-sm-0[39m[31m[91m[33m{[39m[31m[91mpadding[33m:[39m[31m[91m0 0!important[33m}[39m[31m[91m[33m.pt-sm-0,.py-sm-0[39m[31m[91m[33m{[39m[31m[91mpadding-top[33m:[39m[31m[91m0!important[33m}[39m[31m[91m[33m.pr-sm-0,.px-sm-0[39m[31m[91m[33m{[39m[31m[91mpadding-right[33m:[39m[31m[91m0!important[33m}[39m[31m[91m[33m.pb-sm-0,.py-sm-0[39m[31m[91m[33m{[39m[31m[91mpadding-bottom[33m:[39m[31m[91m0!important[33m}[39m[31m[91m[33m.pl-sm-0,.px-sm-0[39m[31m[91m[33m{[39m[31m[91mpadding-left[33m:[39m[31m[91m0!important[33m}[39m[31m[91m[33m.p-sm-1[39m[31m[91m[33m{[39m[31m[91mpadding[33m:[39m[31m[91m0 0!important[33m}[39m[31m[91m[33m.pt-sm-1,.py-sm-1[39m[31m[91m[33m{[39m[31m[91mpadding-top[33m:[39m[31m[91m0!important[33m}[39m[31m[91m[33m.pr-sm-1,.px-sm-1[39m[31m[91m[33m{[39m[31m[91mpadding-right[33m:[39m[31m[91m0!important[33m}[39m[31m[91m[33m.pb-sm-1,.py-sm-1[39m[31m[91m[33m{[39m[31m[91mpadding-bottom[33m:[39m[31m[91m0!important[33m}[39m[31m[91m[33m.pl-sm-1,.px-sm-1[39m[31m[91m[33m{[39m[31m[91mpadding-left[33m:[39m[31m[91m0!important[33m}[39m[31m[91m[33m.p-sm-2[39m[31m[91m[33m{[39m[31m[91mpadding[33m:[39m[31m[91m14px 8px!i[39m[22m[1m[31mmportant[33m}[39m[31m[91m[33m.pt-sm-2,.py-sm-2[39m[31m[91m[33m{[39m[31m[91mpadding-top[33m:[39m[31m[91m14px!important[33m}[39m[31m[91m[33m.pr-sm-2,.px-sm-2[39m[31m[91m[33m{[39m[31m[91mpadding-right[33m:[39m[31m[91m8px!important[33m}[39m[31m[91m[33m.pb-sm-2,.py-sm-2[39m[31m[91m[33m{[39m[31m[91mpadding-bottom[33m:[39m[31m[91m14px!important[33m}[39m[31m[91m[33m.pl-sm-2,.px-sm-2[39m[31m[91m[33m{[39m[31m[91mpadding-left[33m:[39m[31m[91m8px!important[33m}[39m[31m[91m[33m.p-sm-3[39m[31m[91m[33m{[39m[31m[91mpadding[33m:[39m[31m[91m14px 8px!important[33m}[39m[31m[91m[33m.pt-sm-3,.py-sm-3[39m[31m[91m[33m{[39m[31m[91mpadding-top[33m:[39m[31m[91m14px!important[33m}[39m[31m[91m[33m.pr-sm-3,.px-sm-3[39m[31m[91m[33m{[39m[31m[91mpadding-right[33m:[39m[31m[91m8px!important[33m}[39m[31m[91m[33m.pb-sm-3,.py-sm-3[39m[31m[91m[33m{[39m[31m[91mpadding-bottom[33m:[39m[31m[91m14px!important[33m}[39m[31m[91m[33m.pl-sm-3,.px-sm-3[39m[31m[91m[33m{[39m[31m[91mpadding-left[33m:[39m[31m[91m8px!important[33m}[39m[31m[91m[33m.p-sm-4[39m[31m[91m[33m{[39m[31m[91mpadding[33m:[39m[31m[91m28px 16px!important[33m}[39m[31m[91m[33m.pt-sm-4,.py-sm-4[39m[31m[91m[33m{[39m[31m[91mpadding-top[33m:[39m[31m[91m28px!important[33m}[39m[31m[91m[33m.pr-sm-4,.px-sm-4[39m[31m[91m[33m{[39m[31m[91mpadding-right[33m:[39m[31m[91m16px!important[33m}[39m[31m[91m[33m.pb-sm-4,.py-sm-4[39m[31m[91m[33m{[39m[31m[91mpadding-bottom[33m:[39m[31m[91m28px!important[33m}[39m[31m[91m[33m.pl-sm-4,.px-sm-4[39m[31m[91m[33m{[39m[31m[91mpadding-left[33m:[39m[31m[91m16px!important[33m}[39m[31m[91m[33m.p-sm-5[39m[31m[91m[33m{[39m[31m[91mpadding[33m:[39m[31m[91m28px 16px!important[33m}[39m[31m[91m[33m.pt-sm-5,.py-sm-5[39m[31m[91m[33m{[39m[31m[91mpadding-top[33m:[39m[31m[91m28px!important[33m}[39m[31m[91m[33m.pr-sm-5,.px-sm-5[39m[31m[91m[33m{[39m[31m[91mpadding-right[33m:[39m[31m[91m16px!important[33m}[39m[31m[91m[33m.pb-sm-5,.py-sm-5[39m[31m[91m[33m{[39m[31m[91mpadding-bottom[33m:[39m[31m[91m28px!important[33m}[39m[31m[91m[33m.pl-sm-5,.px-sm-5[39m[31m[91m[33m{[39m[31m[91mpadding-left[33m:[39m[31m[91m16px!important[33m[39m[22m[1m[31m}[39m[31m[91m[33m.p-sm-6[39m[31m[91m[33m{[39m[31m[91mpadding[33m:[39m[31m[91m42px 24px!important[33m}[39m[31m[91m[33m.pt-sm-6,.py-sm-6[39m[31m[91m[33m{[39m[31m[91mpadding-top[33m:[39m[31m[91m42px!important[33m}[39m[31m[91m[33m.pr-sm-6,.px-sm-6[39m[31m[91m[33m{[39m[31m[91mpadding-right[33m:[39m[31m[91m24px!important[33m}[39m[31m[91m[33m.pb-sm-6,.py-sm-6[39m[31m[91m[33m{[39m[31m[91mpadding-bottom[33m:[39m[31m[91m42px!important[33m}[39m[31m[91m[33m.pl-sm-6,.px-sm-6[39m[31m[91m[33m{[39m[31m[91mpadding-left[33m:[39m[31m[91m24px!important[33m}[39m[31m[91m[33m.m-sm-n1[39m[31m[91m[33m{[39m[31m[91mmargin[33m:[39m[31m[91m0!important[33m}[39m[31m[91m[33m.mt-sm-n1,.my-sm-n1[39m[31m[91m[33m{[39m[31m[91mmargin-top[33m:[39m[31m[91m0!important[33m}[39m[31m[91m[33m.mr-sm-n1,.mx-sm-n1[39m[31m[91m[33m{[39m[31m[91mmargin-right[33m:[39m[31m[91m0!important[33m}[39m[31m[91m[33m.mb-sm-n1,.my-sm-n1[39m[31m[91m[33m{[39m[31m[91mmargin-bottom[33m:[39m[31m[91m0!important[33m}[39m[31m[91m[33m.ml-sm-n1,.mx-sm-n1[39m[31m[91m[33m{[39m[31m[91mmargin-left[33m:[39m[31m[91m0!important[33m}[39m[31m[91m[33m.m-sm-n2[39m[31m[91m[33m{[39m[31m[91mmargin[33m:[39m[31m[91m-22px!important[33m}[39m[31m[91m[33m.mt-sm-n2,.my-sm-n2[39m[31m[91m[33m{[39m[31m[91mmargin-top[33m:[39m[31m[91m-14px!important[33m}[39m[31m[91m[33m.mr-sm-n2,.mx-sm-n2[39m[31m[91m[33m{[39m[31m[91mmargin-right[33m:[39m[31m[91m-8px!important[33m}[39m[31m[91m[33m.mb-sm-n2,.my-sm-n2[39m[31m[91m[33m{[39m[31m[91mmargin-bottom[33m:[39m[31m[91m-14px!important[33m}[39m[31m[91m[33m.ml-sm-n2,.mx-sm-n2[39m[31m[91m[33m{[39m[31m[91mmargin-left[33m:[39m[31m[91m-8px!important[33m}[39m[31m[91m[33m.m-sm-n3[39m[31m[91m[33m{[39m[31m[91mmargin[33m:[39m[31m[91m-22px!important[33m}[39m[31m[91m[33m.mt-sm-n3,.my-sm-n3[39m[31m[91m[33m{[39m[31m[91mmargin-top[33m:[39m[31m[91m-14px!important[33m}[39m[31m[91m[33m.mr-sm-n3,.mx-sm-n3[39m[31m[91m[33m{[39m[31m[91mmargin-right[33m:[39m[31m[91m-8px!important[33m}[39m[31m[91m[33m.mb-sm-n3,.my-sm-n3[39m[31m[91m[33m{[39m[31m[91mmargin-bottom[33m:[39m[31m[91m-14px!important[33m}[39m[31m[91m[33m.ml-sm-n3,.mx-s[39m[22m[1m[31mm-n3[39m[31m[91m[33m{[39m[31m[91mmargin-left[33m:[39m[31m[91m-8px!important[33m}[39m[31m[91m[33m.m-sm-n4[39m[31m[91m[33m{[39m[31m[91mmargin[33m:[39m[31m[91m-44px!important[33m}[39m[31m[91m[33m.mt-sm-n4,.my-sm-n4[39m[31m[91m[33m{[39m[31m[91mmargin-top[33m:[39m[31m[91m-28px!important[33m}[39m[31m[91m[33m.mr-sm-n4,.mx-sm-n4[39m[31m[91m[33m{[39m[31m[91mmargin-right[33m:[39m[31m[91m-16px!important[33m}[39m[31m[91m[33m.mb-sm-n4,.my-sm-n4[39m[31m[91m[33m{[39m[31m[91mmargin-bottom[33m:[39m[31m[91m-28px!important[33m}[39m[31m[91m[33m.ml-sm-n4,.mx-sm-n4[39m[31m[91m[33m{[39m[31m[91mmargin-left[33m:[39m[31m[91m-16px!important[33m}[39m[31m[91m[33m.m-sm-n5[39m[31m[91m[33m{[39m[31m[91mmargin[33m:[39m[31m[91m-44px!important[33m}[39m[31m[91m[33m.mt-sm-n5,.my-sm-n5[39m[31m[91m[33m{[39m[31m[91mmargin-top[33m:[39m[31m[91m-28px!important[33m}[39m[31m[91m[33m.mr-sm-n5,.mx-sm-n5[39m[31m[91m[33m{[39m[31m[91mmargin-right[33m:[39m[31m[91m-16px!important[33m}[39m[31m[91m[33m.mb-sm-n5,.my-sm-n5[39m[31m[91m[33m{[39m[31m[91mmargin-bottom[33m:[39m[31m[91m-28px!important[33m}[39m[31m[91m[33m.ml-sm-n5,.mx-sm-n5[39m[31m[91m[33m{[39m[31m[91mmargin-left[33m:[39m[31m[91m-16px!important[33m}[39m[31m[91m[33m.m-sm-n6[39m[31m[91m[33m{[39m[31m[91mmargin[33m:[39m[31m[91m-66px!important[33m}[39m[31m[91m[33m.mt-sm-n6,.my-sm-n6[39m[31m[91m[33m{[39m[31m[91mmargin-top[33m:[39m[31m[91m-42px!important[33m}[39m[31m[91m[33m.mr-sm-n6,.mx-sm-n6[39m[31m[91m[33m{[39m[31m[91mmargin-right[33m:[39m[31m[91m-24px!important[33m}[39m[31m[91m[33m.mb-sm-n6,.my-sm-n6[39m[31m[91m[33m{[39m[31m[91mmargin-bottom[33m:[39m[31m[91m-42px!important[33m}[39m[31m[91m[33m.ml-sm-n6,.mx-sm-n6[39m[31m[91m[33m{[39m[31m[91mmargin-left[33m:[39m[31m[91m-24px!important[33m}[39m[31m[91m[33m.m-sm-auto[39m[31m[91m[33m{[39m[31m[91mmargin[33m:[39m[31m[91mauto!important[33m}[39m[31m[91m[33m.mt-sm-auto,.my-sm-auto[39m[31m[91m[33m{[39m[31m[91mmargin-top[33m:[39m[31m[91mauto!important[33m}[39m[31m[91m[33m.mr-sm-auto,.mx-sm-auto[39m[31m[91m[33m{[39m[31m[91mmargin-right[33m:[39m[31m[91mauto!important[33m}[39m[31m[91m[33m.mb-sm-auto,.my[39m[22m[1m[31m-sm-auto[39m[31m[91m[33m{[39m[31m[91mmargin-bottom[33m:[39m[31m[91mauto!important[33m}[39m[31m[91m[33m.ml-sm-auto,.mx-sm-auto[39m[31m[91m[33m{[39m[31m[91mmargin-left[33m:[39m[31m[91mauto!important[33m}[39m[31m[91m[33m}[39m[31m[91m[36m@media[39m[31m[91m[36m [39m[31m[91m[36m(min-width:768px)[39m[31m[91m[33m{[39m[31m[91m[33m.m-md-0[39m[31m[91m[33m{[39m[31m[91mmargin[33m:[39m[31m[91m0 0!important[33m}[39m[31m[91m[33m.mt-md-0,.my-md-0[39m[31m[91m[33m{[39m[31m[91mmargin-top[33m:[39m[31m[91m0!important[33m}[39m[31m[91m[33m.mr-md-0,.mx-md-0[39m[31m[91m[33m{[39m[31m[91mmargin-right[33m:[39m[31m[91m0!important[33m}[39m[31m[91m[33m.mb-md-0,.my-md-0[39m[31m[91m[33m{[39m[31m[91mmargin-bottom[33m:[39m[31m[91m0!important[33m}[39m[31m[91m[33m.ml-md-0,.mx-md-0[39m[31m[91m[33m{[39m[31m[91mmargin-left[33m:[39m[31m[91m0!important[33m}[39m[31m[91m[33m.m-md-1[39m[31m[91m[33m{[39m[31m[91mmargin[33m:[39m[31m[91m0 0!important[33m}[39m[31m[91m[33m.mt-md-1,.my-md-1[39m[31m[91m[33m{[39m[31m[91mmargin-top[33m:[39m[31m[91m0!important[33m}[39m[31m[91m[33m.mr-md-1,.mx-md-1[39m[31m[91m[33m{[39m[31m[91mmargin-right[33m:[39m[31m[91m0!important[33m}[39m[31m[91m[33m.mb-md-1,.my-md-1[39m[31m[91m[33m{[39m[31m[91mmargin-bottom[33m:[39m[31m[91m0!important[33m}[39m[31m[91m[33m.ml-md-1,.mx-md-1[39m[31m[91m[33m{[39m[31m[91mmargin-left[33m:[39m[31m[91m0!important[33m}[39m[31m[91m[33m.m-md-2[39m[31m[91m[33m{[39m[31m[91mmargin[33m:[39m[31m[91m14px 8px!important[33m}[39m[31m[91m[33m.mt-md-2,.my-md-2[39m[31m[91m[33m{[39m[31m[91mmargin-top[33m:[39m[31m[91m14px!important[33m}[39m[31m[91m[33m.mr-md-2,.mx-md-2[39m[31m[91m[33m{[39m[31m[91mmargin-right[33m:[39m[31m[91m8px!important[33m}[39m[31m[91m[33m.mb-md-2,.my-md-2[39m[31m[91m[33m{[39m[31m[91mmargin-bottom[33m:[39m[31m[91m14px!important[33m}[39m[31m[91m[33m.ml-md-2,.mx-md-2[39m[31m[91m[33m{[39m[31m[91mmargin-left[33m:[39m[31m[91m8px!important[33m}[39m[31m[91m[33m.m-md-3[39m[31m[91m[33m{[39m[31m[91mmargin[33m:[39m[31m[91m14px 8px!important[33m}[39m[31m[91m[33m.mt-md-3,.my-md-3[39m[31m[91m[33m{[39m[31m[91mmargin-top[33m:[39m[31m[91m14px!important[39m[22m[1m[31m[33m}[39m[31m[91m[33m.mr-md-3,.mx-md-3[39m[31m[91m[33m{[39m[31m[91mmargin-right[33m:[39m[31m[91m8px!important[33m}[39m[31m[91m[33m.mb-md-3,.my-md-3[39m[31m[91m[33m{[39m[31m[91mmargin-bottom[33m:[39m[31m[91m14px!important[33m}[39m[31m[91m[33m.ml-md-3,.mx-md-3[39m[31m[91m[33m{[39m[31m[91mmargin-left[33m:[39m[31m[91m8px!important[33m}[39m[31m[91m[33m.m-md-4[39m[31m[91m[33m{[39m[31m[91mmargin[33m:[39m[31m[91m28px 16px!important[33m}[39m[31m[91m[33m.mt-md-4,.my-md-4[39m[31m[91m[33m{[39m[31m[91mmargin-top[33m:[39m[31m[91m28px!important[33m}[39m[31m[91m[33m.mr-md-4,.mx-md-4[39m[31m[91m[33m{[39m[31m[91mmargin-right[33m:[39m[31m[91m16px!important[33m}[39m[31m[91m[33m.mb-md-4,.my-md-4[39m[31m[91m[33m{[39m[31m[91mmargin-bottom[33m:[39m[31m[91m28px!important[33m}[39m[31m[91m[33m.ml-md-4,.mx-md-4[39m[31m[91m[33m{[39m[31m[91mmargin-left[33m:[39m[31m[91m16px!important[33m}[39m[31m[91m[33m.m-md-5[39m[31m[91m[33m{[39m[31m[91mmargin[33m:[39m[31m[91m28px 16px!important[33m}[39m[31m[91m[33m.mt-md-5,.my-md-5[39m[31m[91m[33m{[39m[31m[91mmargin-top[33m:[39m[31m[91m28px!important[33m}[39m[31m[91m[33m.mr-md-5,.mx-md-5[39m[31m[91m[33m{[39m[31m[91mmargin-right[33m:[39m[31m[91m16px!important[33m}[39m[31m[91m[33m.mb-md-5,.my-md-5[39m[31m[91m[33m{[39m[31m[91mmargin-bottom[33m:[39m[31m[91m28px!important[33m}[39m[31m[91m[33m.ml-md-5,.mx-md-5[39m[31m[91m[33m{[39m[31m[91mmargin-left[33m:[39m[31m[91m16px!important[33m}[39m[31m[91m[33m.m-md-6[39m[31m[91m[33m{[39m[31m[91mmargin[33m:[39m[31m[91m42px 24px!important[33m}[39m[31m[91m[33m.mt-md-6,.my-md-6[39m[31m[91m[33m{[39m[31m[91mmargin-top[33m:[39m[31m[91m42px!important[33m}[39m[31m[91m[33m.mr-md-6,.mx-md-6[39m[31m[91m[33m{[39m[31m[91mmargin-right[33m:[39m[31m[91m24px!important[33m}[39m[31m[91m[33m.mb-md-6,.my-md-6[39m[31m[91m[33m{[39m[31m[91mmargin-bottom[33m:[39m[31m[91m42px!important[33m}[39m[31m[91m[33m.ml-md-6,.mx-md-6[39m[31m[91m[33m{[39m[31m[91mmargin-left[33m:[39m[31m[91m24px!important[33m}[39m[31m[91m[33m.p-md-0[39m[31m[91m[33m{[39m[31m[91mpadding[33m:[39m[31m[91m0 0!important[33m}[39m[31m[91m[33m.pt-md-0,.py-md-0[39m[31m[39m[22m[1m[31m[91m[33m{[39m[31m[91mpadding-top[33m:[39m[31m[91m0!important[33m}[39m[31m[91m[33m.pr-md-0,.px-md-0[39m[31m[91m[33m{[39m[31m[91mpadding-right[33m:[39m[31m[91m0!important[33m}[39m[31m[91m[33m.pb-md-0,.py-md-0[39m[31m[91m[33m{[39m[31m[91mpadding-bottom[33m:[39m[31m[91m0!important[33m}[39m[31m[91m[33m.pl-md-0,.px-md-0[39m[31m[91m[33m{[39m[31m[91mpadding-left[33m:[39m[31m[91m0!important[33m}[39m[31m[91m[33m.p-md-1[39m[31m[91m[33m{[39m[31m[91mpadding[33m:[39m[31m[91m0 0!important[33m}[39m[31m[91m[33m.pt-md-1,.py-md-1[39m[31m[91m[33m{[39m[31m[91mpadding-top[33m:[39m[31m[91m0!important[33m}[39m[31m[91m[33m.pr-md-1,.px-md-1[39m[31m[91m[33m{[39m[31m[91mpadding-right[33m:[39m[31m[91m0!important[33m}[39m[31m[91m[33m.pb-md-1,.py-md-1[39m[31m[91m[33m{[39m[31m[91mpadding-bottom[33m:[39m[31m[91m0!important[33m}[39m[31m[91m[33m.pl-md-1,.px-md-1[39m[31m[91m[33m{[39m[31m[91mpadding-left[33m:[39m[31m[91m0!important[33m}[39m[31m[91m[33m.p-md-2[39m[31m[91m[33m{[39m[31m[91mpadding[33m:[39m[31m[91m14px 8px!important[33m}[39m[31m[91m[33m.pt-md-2,.py-md-2[39m[31m[91m[33m{[39m[31m[91mpadding-top[33m:[39m[31m[91m14px!important[33m}[39m[31m[91m[33m.pr-md-2,.px-md-2[39m[31m[91m[33m{[39m[31m[91mpadding-right[33m:[39m[31m[91m8px!important[33m}[39m[31m[91m[33m.pb-md-2,.py-md-2[39m[31m[91m[33m{[39m[31m[91mpadding-bottom[33m:[39m[31m[91m14px!important[33m}[39m[31m[91m[33m.pl-md-2,.px-md-2[39m[31m[91m[33m{[39m[31m[91mpadding-left[33m:[39m[31m[91m8px!important[33m}[39m[31m[91m[33m.p-md-3[39m[31m[91m[33m{[39m[31m[91mpadding[33m:[39m[31m[91m14px 8px!important[33m}[39m[31m[91m[33m.pt-md-3,.py-md-3[39m[31m[91m[33m{[39m[31m[91mpadding-top[33m:[39m[31m[91m14px!important[33m}[39m[31m[91m[33m.pr-md-3,.px-md-3[39m[31m[91m[33m{[39m[31m[91mpadding-right[33m:[39m[31m[91m8px!important[33m}[39m[31m[91m[33m.pb-md-3,.py-md-3[39m[31m[91m[33m{[39m[31m[91mpadding-bottom[33m:[39m[31m[91m14px!important[33m}[39m[31m[91m[33m.pl-md-3,.px-md-3[39m[31m[91m[33m{[39m[31m[91mpadding-left[33m:[39m[31m[91m8px!important[33m}[39m[31m[91m[33m.p-md-4[39m[31m[91m[33m{[39m[31m[91mpadding[33m:[39m[31m[91m28px 16px!i[39m[22m[1m[31mmportant[33m}[39m[31m[91m[33m.pt-md-4,.py-md-4[39m[31m[91m[33m{[39m[31m[91mpadding-top[33m:[39m[31m[91m28px!important[33m}[39m[31m[91m[33m.pr-md-4,.px-md-4[39m[31m[91m[33m{[39m[31m[91mpadding-right[33m:[39m[31m[91m16px!important[33m}[39m[31m[91m[33m.pb-md-4,.py-md-4[39m[31m[91m[33m{[39m[31m[91mpadding-bottom[33m:[39m[31m[91m28px!important[33m}[39m[31m[91m[33m.pl-md-4,.px-md-4[39m[31m[91m[33m{[39m[31m[91mpadding-left[33m:[39m[31m[91m16px!important[33m}[39m[31m[91m[33m.p-md-5[39m[31m[91m[33m{[39m[31m[91mpadding[33m:[39m[31m[91m28px 16px!important[33m}[39m[31m[91m[33m.pt-md-5,.py-md-5[39m[31m[91m[33m{[39m[31m[91mpadding-top[33m:[39m[31m[91m28px!important[33m}[39m[31m[91m[33m.pr-md-5,.px-md-5[39m[31m[91m[33m{[39m[31m[91mpadding-right[33m:[39m[31m[91m16px!important[33m}[39m[31m[91m[33m.pb-md-5,.py-md-5[39m[31m[91m[33m{[39m[31m[91mpadding-bottom[33m:[39m[31m[91m28px!important[33m}[39m[31m[91m[33m.pl-md-5,.px-md-5[39m[31m[91m[33m{[39m[31m[91mpadding-left[33m:[39m[31m[91m16px!important[33m}[39m[31m[91m[33m.p-md-6[39m[31m[91m[33m{[39m[31m[91mpadding[33m:[39m[31m[91m42px 24px!important[33m}[39m[31m[91m[33m.pt-md-6,.py-md-6[39m[31m[91m[33m{[39m[31m[91mpadding-top[33m:[39m[31m[91m42px!important[33m}[39m[31m[91m[33m.pr-md-6,.px-md-6[39m[31m[91m[33m{[39m[31m[91mpadding-right[33m:[39m[31m[91m24px!important[33m}[39m[31m[91m[33m.pb-md-6,.py-md-6[39m[31m[91m[33m{[39m[31m[91mpadding-bottom[33m:[39m[31m[91m42px!important[33m}[39m[31m[91m[33m.pl-md-6,.px-md-6[39m[31m[91m[33m{[39m[31m[91mpadding-left[33m:[39m[31m[91m24px!important[33m}[39m[31m[91m[33m.m-md-n1[39m[31m[91m[33m{[39m[31m[91mmargin[33m:[39m[31m[91m0!important[33m}[39m[31m[91m[33m.mt-md-n1,.my-md-n1[39m[31m[91m[33m{[39m[31m[91mmargin-top[33m:[39m[31m[91m0!important[33m}[39m[31m[91m[33m.mr-md-n1,.mx-md-n1[39m[31m[91m[33m{[39m[31m[91mmargin-right[33m:[39m[31m[91m0!important[33m}[39m[31m[91m[33m.mb-md-n1,.my-md-n1[39m[31m[91m[33m{[39m[31m[91mmargin-bottom[33m:[39m[31m[91m0!important[33m}[39m[31m[91m[33m.ml-md-n1,.mx-md-n1[39m[31m[91m[33m{[39m[31m[91mmargin-left[33m:[39m[31m[91m0!important[33m}[39m[31m[91m[39m[22m[1m[31m[33m.m-md-n2[39m[31m[91m[33m{[39m[31m[91mmargin[33m:[39m[31m[91m-22px!important[33m}[39m[31m[91m[33m.mt-md-n2,.my-md-n2[39m[31m[91m[33m{[39m[31m[91mmargin-top[33m:[39m[31m[91m-14px!important[33m}[39m[31m[91m[33m.mr-md-n2,.mx-md-n2[39m[31m[91m[33m{[39m[31m[91mmargin-right[33m:[39m[31m[91m-8px!important[33m}[39m[31m[91m[33m.mb-md-n2,.my-md-n2[39m[31m[91m[33m{[39m[31m[91mmargin-bottom[33m:[39m[31m[91m-14px!important[33m}[39m[31m[91m[33m.ml-md-n2,.mx-md-n2[39m[31m[91m[33m{[39m[31m[91mmargin-left[33m:[39m[31m[91m-8px!important[33m}[39m[31m[91m[33m.m-md-n3[39m[31m[91m[33m{[39m[31m[91mmargin[33m:[39m[31m[91m-22px!important[33m}[39m[31m[91m[33m.mt-md-n3,.my-md-n3[39m[31m[91m[33m{[39m[31m[91mmargin-top[33m:[39m[31m[91m-14px!important[33m}[39m[31m[91m[33m.mr-md-n3,.mx-md-n3[39m[31m[91m[33m{[39m[31m[91mmargin-right[33m:[39m[31m[91m-8px!important[33m}[39m[31m[91m[33m.mb-md-n3,.my-md-n3[39m[31m[91m[33m{[39m[31m[91mmargin-bottom[33m:[39m[31m[91m-14px!important[33m}[39m[31m[91m[33m.ml-md-n3,.mx-md-n3[39m[31m[91m[33m{[39m[31m[91mmargin-left[33m:[39m[31m[91m-8px!important[33m}[39m[31m[91m[33m.m-md-n4[39m[31m[91m[33m{[39m[31m[91mmargin[33m:[39m[31m[91m-44px!important[33m}[39m[31m[91m[33m.mt-md-n4,.my-md-n4[39m[31m[91m[33m{[39m[31m[91mmargin-top[33m:[39m[31m[91m-28px!important[33m}[39m[31m[91m[33m.mr-md-n4,.mx-md-n4[39m[31m[91m[33m{[39m[31m[91mmargin-right[33m:[39m[31m[91m-16px!important[33m}[39m[31m[91m[33m.mb-md-n4,.my-md-n4[39m[31m[91m[33m{[39m[31m[91mmargin-bottom[33m:[39m[31m[91m-28px!important[33m}[39m[31m[91m[33m.ml-md-n4,.mx-md-n4[39m[31m[91m[33m{[39m[31m[91mmargin-left[33m:[39m[31m[91m-16px!important[33m}[39m[31m[91m[33m.m-md-n5[39m[31m[91m[33m{[39m[31m[91mmargin[33m:[39m[31m[91m-44px!important[33m}[39m[31m[91m[33m.mt-md-n5,.my-md-n5[39m[31m[91m[33m{[39m[31m[91mmargin-top[33m:[39m[31m[91m-28px!important[33m}[39m[31m[91m[33m.mr-md-n5,.mx-md-n5[39m[31m[91m[33m{[39m[31m[91mmargin-right[33m:[39m[31m[91m-16px!important[33m}[39m[31m[91m[33m.mb-md-n5,.my-md-n5[39m[31m[91m[33m{[39m[31m[91mmargin-bottom[33m:[39m[31m[91m-28px!important[33m}[39m[31m[91m[33m.ml[39m[22m[1m[31m-md-n5,.mx-md-n5[39m[31m[91m[33m{[39m[31m[91mmargin-left[33m:[39m[31m[91m-16px!important[33m}[39m[31m[91m[33m.m-md-n6[39m[31m[91m[33m{[39m[31m[91mmargin[33m:[39m[31m[91m-66px!important[33m}[39m[31m[91m[33m.mt-md-n6,.my-md-n6[39m[31m[91m[33m{[39m[31m[91mmargin-top[33m:[39m[31m[91m-42px!important[33m}[39m[31m[91m[33m.mr-md-n6,.mx-md-n6[39m[31m[91m[33m{[39m[31m[91mmargin-right[33m:[39m[31m[91m-24px!important[33m}[39m[31m[91m[33m.mb-md-n6,.my-md-n6[39m[31m[91m[33m{[39m[31m[91mmargin-bottom[33m:[39m[31m[91m-42px!important[33m}[39m[31m[91m[33m.ml-md-n6,.mx-md-n6[39m[31m[91m[33m{[39m[31m[91mmargin-left[33m:[39m[31m[91m-24px!important[33m}[39m[31m[91m[33m.m-md-auto[39m[31m[91m[33m{[39m[31m[91mmargin[33m:[39m[31m[91mauto!important[33m}[39m[31m[91m[33m.mt-md-auto,.my-md-auto[39m[31m[91m[33m{[39m[31m[91mmargin-top[33m:[39m[31m[91mauto!important[33m}[39m[31m[91m[33m.mr-md-auto,.mx-md-auto[39m[31m[91m[33m{[39m[31m[91mmargin-right[33m:[39m[31m[91mauto!important[33m}[39m[31m[91m[33m.mb-md-auto,.my-md-auto[39m[31m[91m[33m{[39m[31m[91mmargin-bottom[33m:[39m[31m[91mauto!important[33m}[39m[31m[91m[33m.ml-md-auto,.mx-md-auto[39m[31m[91m[33m{[39m[31m[91mmargin-left[33m:[39m[31m[91mauto!important[33m}[39m[31m[91m[33m}[39m[31m[91m[36m@media[39m[31m[91m[36m [39m[31m[91m[36m(min-width:960px)[39m[31m[91m[33m{[39m[31m[91m[33m.m-lg-0[39m[31m[91m[33m{[39m[31m[91mmargin[33m:[39m[31m[91m0 0!important[33m}[39m[31m[91m[33m.mt-lg-0,.my-lg-0[39m[31m[91m[33m{[39m[31m[91mmargin-top[33m:[39m[31m[91m0!important[33m}[39m[31m[91m[33m.mr-lg-0,.mx-lg-0[39m[31m[91m[33m{[39m[31m[91mmargin-right[33m:[39m[31m[91m0!important[33m}[39m[31m[91m[33m.mb-lg-0,.my-lg-0[39m[31m[91m[33m{[39m[31m[91mmargin-bottom[33m:[39m[31m[91m0!important[33m}[39m[31m[91m[33m.ml-lg-0,.mx-lg-0[39m[31m[91m[33m{[39m[31m[91mmargin-left[33m:[39m[31m[91m0!important[33m}[39m[31m[91m[33m.m-lg-1[39m[31m[91m[33m{[39m[31m[91mmargin[33m:[39m[31m[91m0 0!important[33m}[39m[31m[91m[33m.mt-lg-1,.my-lg-1[39m[31m[91m[33m{[39m[31m[91mmargin-top[33m:[39m[31m[91m0!important[33m}[39m[31m[91m[33m.mr-lg-1,.mx-lg-1[39m[31m[91m[33m{[39m[31m[[39m[22m[1m[31m91mmargin-right[33m:[39m[31m[91m0!important[33m}[39m[31m[91m[33m.mb-lg-1,.my-lg-1[39m[31m[91m[33m{[39m[31m[91mmargin-bottom[33m:[39m[31m[91m0!important[33m}[39m[31m[91m[33m.ml-lg-1,.mx-lg-1[39m[31m[91m[33m{[39m[31m[91mmargin-left[33m:[39m[31m[91m0!important[33m}[39m[31m[91m[33m.m-lg-2[39m[31m[91m[33m{[39m[31m[91mmargin[33m:[39m[31m[91m14px 8px!important[33m}[39m[31m[91m[33m.mt-lg-2,.my-lg-2[39m[31m[91m[33m{[39m[31m[91mmargin-top[33m:[39m[31m[91m14px!important[33m}[39m[31m[91m[33m.mr-lg-2,.mx-lg-2[39m[31m[91m[33m{[39m[31m[91mmargin-right[33m:[39m[31m[91m8px!important[33m}[39m[31m[91m[33m.mb-lg-2,.my-lg-2[39m[31m[91m[33m{[39m[31m[91mmargin-bottom[33m:[39m[31m[91m14px!important[33m}[39m[31m[91m[33m.ml-lg-2,.mx-lg-2[39m[31m[91m[33m{[39m[31m[91mmargin-left[33m:[39m[31m[91m8px!important[33m}[39m[31m[91m[33m.m-lg-3[39m[31m[91m[33m{[39m[31m[91mmargin[33m:[39m[31m[91m14px 8px!important[33m}[39m[31m[91m[33m.mt-lg-3,.my-lg-3[39m[31m[91m[33m{[39m[31m[91mmargin-top[33m:[39m[31m[91m14px!important[33m}[39m[31m[91m[33m.mr-lg-3,.mx-lg-3[39m[31m[91m[33m{[39m[31m[91mmargin-right[33m:[39m[31m[91m8px!important[33m}[39m[31m[91m[33m.mb-lg-3,.my-lg-3[39m[31m[91m[33m{[39m[31m[91mmargin-bottom[33m:[39m[31m[91m14px!important[33m}[39m[31m[91m[33m.ml-lg-3,.mx-lg-3[39m[31m[91m[33m{[39m[31m[91mmargin-left[33m:[39m[31m[91m8px!important[33m}[39m[31m[91m[33m.m-lg-4[39m[31m[91m[33m{[39m[31m[91mmargin[33m:[39m[31m[91m28px 16px!important[33m}[39m[31m[91m[33m.mt-lg-4,.my-lg-4[39m[31m[91m[33m{[39m[31m[91mmargin-top[33m:[39m[31m[91m28px!important[33m}[39m[31m[91m[33m.mr-lg-4,.mx-lg-4[39m[31m[91m[33m{[39m[31m[91mmargin-right[33m:[39m[31m[91m16px!important[33m}[39m[31m[91m[33m.mb-lg-4,.my-lg-4[39m[31m[91m[33m{[39m[31m[91mmargin-bottom[33m:[39m[31m[91m28px!important[33m}[39m[31m[91m[33m.ml-lg-4,.mx-lg-4[39m[31m[91m[33m{[39m[31m[91mmargin-left[33m:[39m[31m[91m16px!important[33m}[39m[31m[91m[33m.m-lg-5[39m[31m[91m[33m{[39m[31m[91mmargin[33m:[39m[31m[91m28px 16px!important[33m}[39m[31m[91m[33m.mt-lg-5,.my-lg-5[39m[31m[91m[33m{[39m[31m[91mmargin-top[33m:[39m[31m[91m28px!important[33m}[[39m[22m[1m[31m39m[91m[33m.mr-lg-5,.mx-lg-5[39m[31m[91m[33m{[39m[31m[91mmargin-right[33m:[39m[31m[91m16px!important[33m}[39m[31m[91m[33m.mb-lg-5,.my-lg-5[39m[31m[91m[33m{[39m[31m[91mmargin-bottom[33m:[39m[31m[91m28px!important[33m}[39m[31m[91m[33m.ml-lg-5,.mx-lg-5[39m[31m[91m[33m{[39m[31m[91mmargin-left[33m:[39m[31m[91m16px!important[33m}[39m[31m[91m[33m.m-lg-6[39m[31m[91m[33m{[39m[31m[91mmargin[33m:[39m[31m[91m42px 24px!important[33m}[39m[31m[91m[33m.mt-lg-6,.my-lg-6[39m[31m[91m[33m{[39m[31m[91mmargin-top[33m:[39m[31m[91m42px!important[33m}[39m[31m[91m[33m.mr-lg-6,.mx-lg-6[39m[31m[91m[33m{[39m[31m[91mmargin-right[33m:[39m[31m[91m24px!important[33m}[39m[31m[91m[33m.mb-lg-6,.my-lg-6[39m[31m[91m[33m{[39m[31m[91mmargin-bottom[33m:[39m[31m[91m42px!important[33m}[39m[31m[91m[33m.ml-lg-6,.mx-lg-6[39m[31m[91m[33m{[39m[31m[91mmargin-left[33m:[39m[31m[91m24px!important[33m}[39m[31m[91m[33m.p-lg-0[39m[31m[91m[33m{[39m[31m[91mpadding[33m:[39m[31m[91m0 0!important[33m}[39m[31m[91m[33m.pt-lg-0,.py-lg-0[39m[31m[91m[33m{[39m[31m[91mpadding-top[33m:[39m[31m[91m0!important[33m}[39m[31m[91m[33m.pr-lg-0,.px-lg-0[39m[31m[91m[33m{[39m[31m[91mpadding-right[33m:[39m[31m[91m0!important[33m}[39m[31m[91m[33m.pb-lg-0,.py-lg-0[39m[31m[91m[33m{[39m[31m[91mpadding-bottom[33m:[39m[31m[91m0!important[33m}[39m[31m[91m[33m.pl-lg-0,.px-lg-0[39m[31m[91m[33m{[39m[31m[91mpadding-left[33m:[39m[31m[91m0!important[33m}[39m[31m[91m[33m.p-lg-1[39m[31m[91m[33m{[39m[31m[91mpadding[33m:[39m[31m[91m0 0!important[33m}[39m[31m[91m[33m.pt-lg-1,.py-lg-1[39m[31m[91m[33m{[39m[31m[91mpadding-top[33m:[39m[31m[91m0!important[33m}[39m[31m[91m[33m.pr-lg-1,.px-lg-1[39m[31m[91m[33m{[39m[31m[91mpadding-right[33m:[39m[31m[91m0!important[33m}[39m[31m[91m[33m.pb-lg-1,.py-lg-1[39m[31m[91m[33m{[39m[31m[91mpadding-bottom[33m:[39m[31m[91m0!important[33m}[39m[31m[91m[33m.pl-lg-1,.px-lg-1[39m[31m[91m[33m{[39m[31m[91mpadding-left[33m:[39m[31m[91m0!important[33m}[39m[31m[91m[33m.p-lg-2[39m[31m[91m[33m{[39m[31m[91mpadding[33m:[39m[31m[91m14px 8px!important[33m}[39m[31m[91m[33m.pt-lg-2,.py-lg-2[39m[31m[91m[33m{[39m[31m[91mpaddin[39m[22m[1m[31mg-top[33m:[39m[31m[91m14px!important[33m}[39m[31m[91m[33m.pr-lg-2,.px-lg-2[39m[31m[91m[33m{[39m[31m[91mpadding-right[33m:[39m[31m[91m8px!important[33m}[39m[31m[91m[33m.pb-lg-2,.py-lg-2[39m[31m[91m[33m{[39m[31m[91mpadding-bottom[33m:[39m[31m[91m14px!important[33m}[39m[31m[91m[33m.pl-lg-2,.px-lg-2[39m[31m[91m[33m{[39m[31m[91mpadding-left[33m:[39m[31m[91m8px!important[33m}[39m[31m[91m[33m.p-lg-3[39m[31m[91m[33m{[39m[31m[91mpadding[33m:[39m[31m[91m14px 8px!important[33m}[39m[31m[91m[33m.pt-lg-3,.py-lg-3[39m[31m[91m[33m{[39m[31m[91mpadding-top[33m:[39m[31m[91m14px!important[33m}[39m[31m[91m[33m.pr-lg-3,.px-lg-3[39m[31m[91m[33m{[39m[31m[91mpadding-right[33m:[39m[31m[91m8px!important[33m}[39m[31m[91m[33m.pb-lg-3,.py-lg-3[39m[31m[91m[33m{[39m[31m[91mpadding-bottom[33m:[39m[31m[91m14px!important[33m}[39m[31m[91m[33m.pl-lg-3,.px-lg-3[39m[31m[91m[33m{[39m[31m[91mpadding-left[33m:[39m[31m[91m8px!important[33m}[39m[31m[91m[33m.p-lg-4[39m[31m[91m[33m{[39m[31m[91mpadding[33m:[39m[31m[91m28px 16px!important[33m}[39m[31m[91m[33m.pt-lg-4,.py-lg-4[39m[31m[91m[33m{[39m[31m[91mpadding-top[33m:[39m[31m[91m28px!important[33m}[39m[31m[91m[33m.pr-lg-4,.px-lg-4[39m[31m[91m[33m{[39m[31m[91mpadding-right[33m:[39m[31m[91m16px!important[33m}[39m[31m[91m[33m.pb-lg-4,.py-lg-4[39m[31m[91m[33m{[39m[31m[91mpadding-bottom[33m:[39m[31m[91m28px!important[33m}[39m[31m[91m[33m.pl-lg-4,.px-lg-4[39m[31m[91m[33m{[39m[31m[91mpadding-left[33m:[39m[31m[91m16px!important[33m}[39m[31m[91m[33m.p-lg-5[39m[31m[91m[33m{[39m[31m[91mpadding[33m:[39m[31m[91m28px 16px!important[33m}[39m[31m[91m[33m.pt-lg-5,.py-lg-5[39m[31m[91m[33m{[39m[31m[91mpadding-top[33m:[39m[31m[91m28px!important[33m}[39m[31m[91m[33m.pr-lg-5,.px-lg-5[39m[31m[91m[33m{[39m[31m[91mpadding-right[33m:[39m[31m[91m16px!important[33m}[39m[31m[91m[33m.pb-lg-5,.py-lg-5[39m[31m[91m[33m{[39m[31m[91mpadding-bottom[33m:[39m[31m[91m28px!important[33m}[39m[31m[91m[33m.pl-lg-5,.px-lg-5[39m[31m[91m[33m{[39m[31m[91mpadding-left[33m:[39m[31m[91m16px!important[33m}[39m[31m[91m[33m.p-lg-6[39m[31m[91m[33m{[39m[31m[91mpadding[33m:[39m[31m[91m42px 2[39m[22m[1m[31m4px!important[33m}[39m[31m[91m[33m.pt-lg-6,.py-lg-6[39m[31m[91m[33m{[39m[31m[91mpadding-top[33m:[39m[31m[91m42px!important[33m}[39m[31m[91m[33m.pr-lg-6,.px-lg-6[39m[31m[91m[33m{[39m[31m[91mpadding-right[33m:[39m[31m[91m24px!important[33m}[39m[31m[91m[33m.pb-lg-6,.py-lg-6[39m[31m[91m[33m{[39m[31m[91mpadding-bottom[33m:[39m[31m[91m42px!important[33m}[39m[31m[91m[33m.pl-lg-6,.px-lg-6[39m[31m[91m[33m{[39m[31m[91mpadding-left[33m:[39m[31m[91m24px!important[33m}[39m[31m[91m[33m.m-lg-n1[39m[31m[91m[33m{[39m[31m[91mmargin[33m:[39m[31m[91m0!important[33m}[39m[31m[91m[33m.mt-lg-n1,.my-lg-n1[39m[31m[91m[33m{[39m[31m[91mmargin-top[33m:[39m[31m[91m0!important[33m}[39m[31m[91m[33m.mr-lg-n1,.mx-lg-n1[39m[31m[91m[33m{[39m[31m[91mmargin-right[33m:[39m[31m[91m0!important[33m}[39m[31m[91m[33m.mb-lg-n1,.my-lg-n1[39m[31m[91m[33m{[39m[31m[91mmargin-bottom[33m:[39m[31m[91m0!important[33m}[39m[31m[91m[33m.ml-lg-n1,.mx-lg-n1[39m[31m[91m[33m{[39m[31m[91mmargin-left[33m:[39m[31m[91m0!important[33m}[39m[31m[91m[33m.m-lg-n2[39m[31m[91m[33m{[39m[31m[91mmargin[33m:[39m[31m[91m-22px!important[33m}[39m[31m[91m[33m.mt-lg-n2,.my-lg-n2[39m[31m[91m[33m{[39m[31m[91mmargin-top[33m:[39m[31m[91m-14px!important[33m}[39m[31m[91m[33m.mr-lg-n2,.mx-lg-n2[39m[31m[91m[33m{[39m[31m[91mmargin-right[33m:[39m[31m[91m-8px!important[33m}[39m[31m[91m[33m.mb-lg-n2,.my-lg-n2[39m[31m[91m[33m{[39m[31m[91mmargin-bottom[33m:[39m[31m[91m-14px!important[33m}[39m[31m[91m[33m.ml-lg-n2,.mx-lg-n2[39m[31m[91m[33m{[39m[31m[91mmargin-left[33m:[39m[31m[91m-8px!important[33m}[39m[31m[91m[33m.m-lg-n3[39m[31m[91m[33m{[39m[31m[91mmargin[33m:[39m[31m[91m-22px!important[33m}[39m[31m[91m[33m.mt-lg-n3,.my-lg-n3[39m[31m[91m[33m{[39m[31m[91mmargin-top[33m:[39m[31m[91m-14px!important[33m}[39m[31m[91m[33m.mr-lg-n3,.mx-lg-n3[39m[31m[91m[33m{[39m[31m[91mmargin-right[33m:[39m[31m[91m-8px!important[33m}[39m[31m[91m[33m.mb-lg-n3,.my-lg-n3[39m[31m[91m[33m{[39m[31m[91mmargin-bottom[33m:[39m[31m[91m-14px!important[33m}[39m[31m[91m[33m.ml-lg-n3,.mx-lg-n3[39m[31m[91m[33m{[39m[31m[91mmargin-left[33m:[39m[31m[91m-8px!important[33m}[39m[22m[1m[31m[39m[91m[33m.m-lg-n4[39m[31m[91m[33m{[39m[31m[91mmargin[33m:[39m[31m[91m-44px!important[33m}[39m[31m[91m[33m.mt-lg-n4,.my-lg-n4[39m[31m[91m[33m{[39m[31m[91mmargin-top[33m:[39m[31m[91m-28px!important[33m}[39m[31m[91m[33m.mr-lg-n4,.mx-lg-n4[39m[31m[91m[33m{[39m[31m[91mmargin-right[33m:[39m[31m[91m-16px!important[33m}[39m[31m[91m[33m.mb-lg-n4,.my-lg-n4[39m[31m[91m[33m{[39m[31m[91mmargin-bottom[33m:[39m[31m[91m-28px!important[33m}[39m[31m[91m[33m.ml-lg-n4,.mx-lg-n4[39m[31m[91m[33m{[39m[31m[91mmargin-left[33m:[39m[31m[91m-16px!important[33m}[39m[31m[91m[33m.m-lg-n5[39m[31m[91m[33m{[39m[31m[91mmargin[33m:[39m[31m[91m-44px!important[33m}[39m[31m[91m[33m.mt-lg-n5,.my-lg-n5[39m[31m[91m[33m{[39m[31m[91mmargin-top[33m:[39m[31m[91m-28px!important[33m}[39m[31m[91m[33m.mr-lg-n5,.mx-lg-n5[39m[31m[91m[33m{[39m[31m[91mmargin-right[33m:[39m[31m[91m-16px!important[33m}[39m[31m[91m[33m.mb-lg-n5,.my-lg-n5[39m[31m[91m[33m{[39m[31m[91mmargin-bottom[33m:[39m[31m[91m-28px!important[33m}[39m[31m[91m[33m.ml-lg-n5,.mx-lg-n5[39m[31m[91m[33m{[39m[31m[91mmargin-left[33m:[39m[31m[91m-16px!important[33m}[39m[31m[91m[33m.m-lg-n6[39m[31m[91m[33m{[39m[31m[91mmargin[33m:[39m[31m[91m-66px!important[33m}[39m[31m[91m[33m.mt-lg-n6,.my-lg-n6[39m[31m[91m[33m{[39m[31m[91mmargin-top[33m:[39m[31m[91m-42px!important[33m}[39m[31m[91m[33m.mr-lg-n6,.mx-lg-n6[39m[31m[91m[33m{[39m[31m[91mmargin-right[33m:[39m[31m[91m-24px!important[33m}[39m[31m[91m[33m.mb-lg-n6,.my-lg-n6[39m[31m[91m[33m{[39m[31m[91mmargin-bottom[33m:[39m[31m[91m-42px!important[33m}[39m[31m[91m[33m.ml-lg-n6,.mx-lg-n6[39m[31m[91m[33m{[39m[31m[91mmargin-left[33m:[39m[31m[91m-24px!important[33m}[39m[31m[91m[33m.m-lg-auto[39m[31m[91m[33m{[39m[31m[91mmargin[33m:[39m[31m[91mauto!important[33m}[39m[31m[91m[33m.mt-lg-auto,.my-lg-auto[39m[31m[91m[33m{[39m[31m[91mmargin-top[33m:[39m[31m[91mauto!important[33m}[39m[31m[91m[33m.mr-lg-auto,.mx-lg-auto[39m[31m[91m[33m{[39m[31m[91mmargin-right[33m:[39m[31m[91mauto!important[33m}[39m[31m[91m[33m.mb-lg-auto,.my-lg-auto[39m[31m[91m[33m{[39m[31m[91mmargin-bottom[33m:[39m[31m[91mauto!important[39m[22m[1m[31m[33m}[39m[31m[91m[33m.ml-lg-auto,.mx-lg-auto[39m[31m[91m[33m{[39m[31m[91mmargin-left[33m:[39m[31m[91mauto!important[33m}[39m[31m[91m[33m}[39m[31m[91m[36m@media[39m[31m[91m[36m [39m[31m[91m[36m(min-width:1152px)[39m[31m[91m[33m{[39m[31m[91m[33m.m-xl-0[39m[31m[91m[33m{[39m[31m[91mmargin[33m:[39m[31m[91m0 0!important[33m}[39m[31m[91m[33m.mt-xl-0,.my-xl-0[39m[31m[91m[33m{[39m[31m[91mmargin-top[33m:[39m[31m[91m0!important[33m}[39m[31m[91m[33m.mr-xl-0,.mx-xl-0[39m[31m[91m[33m{[39m[31m[91mmargin-right[33m:[39m[31m[91m0!important[33m}[39m[31m[91m[33m.mb-xl-0,.my-xl-0[39m[31m[91m[33m{[39m[31m[91mmargin-bottom[33m:[39m[31m[91m0!important[33m}[39m[31m[91m[33m.ml-xl-0,.mx-xl-0[39m[31m[91m[33m{[39m[31m[91mmargin-left[33m:[39m[31m[91m0!important[33m}[39m[31m[91m[33m.m-xl-1[39m[31m[91m[33m{[39m[31m[91mmargin[33m:[39m[31m[91m0 0!important[33m}[39m[31m[91m[33m.mt-xl-1,.my-xl-1[39m[31m[91m[33m{[39m[31m[91mmargin-top[33m:[39m[31m[91m0!important[33m}[39m[31m[91m[33m.mr-xl-1,.mx-xl-1[39m[31m[91m[33m{[39m[31m[91mmargin-right[33m:[39m[31m[91m0!important[33m}[39m[31m[91m[33m.mb-xl-1,.my-xl-1[39m[31m[91m[33m{[39m[31m[91mmargin-bottom[33m:[39m[31m[91m0!important[33m}[39m[31m[91m[33m.ml-xl-1,.mx-xl-1[39m[31m[91m[33m{[39m[31m[91mmargin-left[33m:[39m[31m[91m0!important[33m}[39m[31m[91m[33m.m-xl-2[39m[31m[91m[33m{[39m[31m[91mmargin[33m:[39m[31m[91m14px 8px!important[33m}[39m[31m[91m[33m.mt-xl-2,.my-xl-2[39m[31m[91m[33m{[39m[31m[91mmargin-top[33m:[39m[31m[91m14px!important[33m}[39m[31m[91m[33m.mr-xl-2,.mx-xl-2[39m[31m[91m[33m{[39m[31m[91mmargin-right[33m:[39m[31m[91m8px!important[33m}[39m[31m[91m[33m.mb-xl-2,.my-xl-2[39m[31m[91m[33m{[39m[31m[91mmargin-bottom[33m:[39m[31m[91m14px!important[33m}[39m[31m[91m[33m.ml-xl-2,.mx-xl-2[39m[31m[91m[33m{[39m[31m[91mmargin-left[33m:[39m[31m[91m8px!important[33m}[39m[31m[91m[33m.m-xl-3[39m[31m[91m[33m{[39m[31m[91mmargin[33m:[39m[31m[91m14px 8px!important[33m}[39m[31m[91m[33m.mt-xl-3,.my-xl-3[39m[31m[91m[33m{[39m[31m[91mmargin-top[33m:[39m[31m[91m14px!important[33m}[39m[31m[91m[33m.mr-xl-3,.mx-xl-3[39m[31m[91m[33m{[39m[31m[91mmargin-right[[39m[22m[1m[31m33m:[39m[31m[91m8px!important[33m}[39m[31m[91m[33m.mb-xl-3,.my-xl-3[39m[31m[91m[33m{[39m[31m[91mmargin-bottom[33m:[39m[31m[91m14px!important[33m}[39m[31m[91m[33m.ml-xl-3,.mx-xl-3[39m[31m[91m[33m{[39m[31m[91mmargin-left[33m:[39m[31m[91m8px!important[33m}[39m[31m[91m[33m.m-xl-4[39m[31m[91m[33m{[39m[31m[91mmargin[33m:[39m[31m[91m28px 16px!important[33m}[39m[31m[91m[33m.mt-xl-4,.my-xl-4[39m[31m[91m[33m{[39m[31m[91mmargin-top[33m:[39m[31m[91m28px!important[33m}[39m[31m[91m[33m.mr-xl-4,.mx-xl-4[39m[31m[91m[33m{[39m[31m[91mmargin-right[33m:[39m[31m[91m16px!important[33m}[39m[31m[91m[33m.mb-xl-4,.my-xl-4[39m[31m[91m[33m{[39m[31m[91mmargin-bottom[33m:[39m[31m[91m28px!important[33m}[39m[31m[91m[33m.ml-xl-4,.mx-xl-4[39m[31m[91m[33m{[39m[31m[91mmargin-left[33m:[39m[31m[91m16px!important[33m}[39m[31m[91m[33m.m-xl-5[39m[31m[91m[33m{[39m[31m[91mmargin[33m:[39m[31m[91m28px 16px!important[33m}[39m[31m[91m[33m.mt-xl-5,.my-xl-5[39m[31m[91m[33m{[39m[31m[91mmargin-top[33m:[39m[31m[91m28px!important[33m}[39m[31m[91m[33m.mr-xl-5,.mx-xl-5[39m[31m[91m[33m{[39m[31m[91mmargin-right[33m:[39m[31m[91m16px!important[33m}[39m[31m[91m[33m.mb-xl-5,.my-xl-5[39m[31m[91m[33m{[39m[31m[91mmargin-bottom[33m:[39m[31m[91m28px!important[33m}[39m[31m[91m[33m.ml-xl-5,.mx-xl-5[39m[31m[91m[33m{[39m[31m[91mmargin-left[33m:[39m[31m[91m16px!important[33m}[39m[31m[91m[33m.m-xl-6[39m[31m[91m[33m{[39m[31m[91mmargin[33m:[39m[31m[91m42px 24px!important[33m}[39m[31m[91m[33m.mt-xl-6,.my-xl-6[39m[31m[91m[33m{[39m[31m[91mmargin-top[33m:[39m[31m[91m42px!important[33m}[39m[31m[91m[33m.mr-xl-6,.mx-xl-6[39m[31m[91m[33m{[39m[31m[91mmargin-right[33m:[39m[31m[91m24px!important[33m}[39m[31m[91m[33m.mb-xl-6,.my-xl-6[39m[31m[91m[33m{[39m[31m[91mmargin-bottom[33m:[39m[31m[91m42px!important[33m}[39m[31m[91m[33m.ml-xl-6,.mx-xl-6[39m[31m[91m[33m{[39m[31m[91mmargin-left[33m:[39m[31m[91m24px!important[33m}[39m[31m[91m[33m.p-xl-0[39m[31m[91m[33m{[39m[31m[91mpadding[33m:[39m[31m[91m0 0!important[33m}[39m[31m[91m[33m.pt-xl-0,.py-xl-0[39m[31m[91m[33m{[39m[31m[91mpadding-top[33m:[39m[31m[91m0!important[33m}[39m[31m[91m[3[39m[22m[1m[31m3m.pr-xl-0,.px-xl-0[39m[31m[91m[33m{[39m[31m[91mpadding-right[33m:[39m[31m[91m0!important[33m}[39m[31m[91m[33m.pb-xl-0,.py-xl-0[39m[31m[91m[33m{[39m[31m[91mpadding-bottom[33m:[39m[31m[91m0!important[33m}[39m[31m[91m[33m.pl-xl-0,.px-xl-0[39m[31m[91m[33m{[39m[31m[91mpadding-left[33m:[39m[31m[91m0!important[33m}[39m[31m[91m[33m.p-xl-1[39m[31m[91m[33m{[39m[31m[91mpadding[33m:[39m[31m[91m0 0!important[33m}[39m[31m[91m[33m.pt-xl-1,.py-xl-1[39m[31m[91m[33m{[39m[31m[91mpadding-top[33m:[39m[31m[91m0!important[33m}[39m[31m[91m[33m.pr-xl-1,.px-xl-1[39m[31m[91m[33m{[39m[31m[91mpadding-right[33m:[39m[31m[91m0!important[33m}[39m[31m[91m[33m.pb-xl-1,.py-xl-1[39m[31m[91m[33m{[39m[31m[91mpadding-bottom[33m:[39m[31m[91m0!important[33m}[39m[31m[91m[33m.pl-xl-1,.px-xl-1[39m[31m[91m[33m{[39m[31m[91mpadding-left[33m:[39m[31m[91m0!important[33m}[39m[31m[91m[33m.p-xl-2[39m[31m[91m[33m{[39m[31m[91mpadding[33m:[39m[31m[91m14px 8px!important[33m}[39m[31m[91m[33m.pt-xl-2,.py-xl-2[39m[31m[91m[33m{[39m[31m[91mpadding-top[33m:[39m[31m[91m14px!important[33m}[39m[31m[91m[33m.pr-xl-2,.px-xl-2[39m[31m[91m[33m{[39m[31m[91mpadding-right[33m:[39m[31m[91m8px!important[33m}[39m[31m[91m[33m.pb-xl-2,.py-xl-2[39m[31m[91m[33m{[39m[31m[91mpadding-bottom[33m:[39m[31m[91m14px!important[33m}[39m[31m[91m[33m.pl-xl-2,.px-xl-2[39m[31m[91m[33m{[39m[31m[91mpadding-left[33m:[39m[31m[91m8px!important[33m}[39m[31m[91m[33m.p-xl-3[39m[31m[91m[33m{[39m[31m[91mpadding[33m:[39m[31m[91m14px 8px!important[33m}[39m[31m[91m[33m.pt-xl-3,.py-xl-3[39m[31m[91m[33m{[39m[31m[91mpadding-top[33m:[39m[31m[91m14px!important[33m}[39m[31m[91m[33m.pr-xl-3,.px-xl-3[39m[31m[91m[33m{[39m[31m[91mpadding-right[33m:[39m[31m[91m8px!important[33m}[39m[31m[91m[33m.pb-xl-3,.py-xl-3[39m[31m[91m[33m{[39m[31m[91mpadding-bottom[33m:[39m[31m[91m14px!important[33m}[39m[31m[91m[33m.pl-xl-3,.px-xl-3[39m[31m[91m[33m{[39m[31m[91mpadding-left[33m:[39m[31m[91m8px!important[33m}[39m[31m[91m[33m.p-xl-4[39m[31m[91m[33m{[39m[31m[91mpadding[33m:[39m[31m[91m28px 16px!important[33m}[39m[31m[91m[33m.pt-xl-4,.py-xl-4[39m[31m[91m[33m{[39m[31m[91mpaddi[39m[22m[1m[31mng-top[33m:[39m[31m[91m28px!important[33m}[39m[31m[91m[33m.pr-xl-4,.px-xl-4[39m[31m[91m[33m{[39m[31m[91mpadding-right[33m:[39m[31m[91m16px!important[33m}[39m[31m[91m[33m.pb-xl-4,.py-xl-4[39m[31m[91m[33m{[39m[31m[91mpadding-bottom[33m:[39m[31m[91m28px!important[33m}[39m[31m[91m[33m.pl-xl-4,.px-xl-4[39m[31m[91m[33m{[39m[31m[91mpadding-left[33m:[39m[31m[91m16px!important[33m}[39m[31m[91m[33m.p-xl-5[39m[31m[91m[33m{[39m[31m[91mpadding[33m:[39m[31m[91m28px 16px!important[33m}[39m[31m[91m[33m.pt-xl-5,.py-xl-5[39m[31m[91m[33m{[39m[31m[91mpadding-top[33m:[39m[31m[91m28px!important[33m}[39m[31m[91m[33m.pr-xl-5,.px-xl-5[39m[31m[91m[33m{[39m[31m[91mpadding-right[33m:[39m[31m[91m16px!important[33m}[39m[31m[91m[33m.pb-xl-5,.py-xl-5[39m[31m[91m[33m{[39m[31m[91mpadding-bottom[33m:[39m[31m[91m28px!important[33m}[39m[31m[91m[33m.pl-xl-5,.px-xl-5[39m[31m[91m[33m{[39m[31m[91mpadding-left[33m:[39m[31m[91m16px!important[33m}[39m[31m[91m[33m.p-xl-6[39m[31m[91m[33m{[39m[31m[91mpadding[33m:[39m[31m[91m42px 24px!important[33m}[39m[31m[91m[33m.pt-xl-6,.py-xl-6[39m[31m[91m[33m{[39m[31m[91mpadding-top[33m:[39m[31m[91m42px!important[33m}[39m[31m[91m[33m.pr-xl-6,.px-xl-6[39m[31m[91m[33m{[39m[31m[91mpadding-right[33m:[39m[31m[91m24px!important[33m}[39m[31m[91m[33m.pb-xl-6,.py-xl-6[39m[31m[91m[33m{[39m[31m[91mpadding-bottom[33m:[39m[31m[91m42px!important[33m}[39m[31m[91m[33m.pl-xl-6,.px-xl-6[39m[31m[91m[33m{[39m[31m[91mpadding-left[33m:[39m[31m[91m24px!important[33m}[39m[31m[91m[33m.m-xl-n1[39m[31m[91m[33m{[39m[31m[91mmargin[33m:[39m[31m[91m0!important[33m}[39m[31m[91m[33m.mt-xl-n1,.my-xl-n1[39m[31m[91m[33m{[39m[31m[91mmargin-top[33m:[39m[31m[91m0!important[33m}[39m[31m[91m[33m.mr-xl-n1,.mx-xl-n1[39m[31m[91m[33m{[39m[31m[91mmargin-right[33m:[39m[31m[91m0!important[33m}[39m[31m[91m[33m.mb-xl-n1,.my-xl-n1[39m[31m[91m[33m{[39m[31m[91mmargin-bottom[33m:[39m[31m[91m0!important[33m}[39m[31m[91m[33m.ml-xl-n1,.mx-xl-n1[39m[31m[91m[33m{[39m[31m[91mmargin-left[33m:[39m[31m[91m0!important[33m}[39m[31m[91m[33m.m-xl-n2[39m[31m[91m[33m{[39m[31m[91mmargin[33m:[39m[31m[91m-22px!important[39m[22m[1m[31m[33m}[39m[31m[91m[33m.mt-xl-n2,.my-xl-n2[39m[31m[91m[33m{[39m[31m[91mmargin-top[33m:[39m[31m[91m-14px!important[33m}[39m[31m[91m[33m.mr-xl-n2,.mx-xl-n2[39m[31m[91m[33m{[39m[31m[91mmargin-right[33m:[39m[31m[91m-8px!important[33m}[39m[31m[91m[33m.mb-xl-n2,.my-xl-n2[39m[31m[91m[33m{[39m[31m[91mmargin-bottom[33m:[39m[31m[91m-14px!important[33m}[39m[31m[91m[33m.ml-xl-n2,.mx-xl-n2[39m[31m[91m[33m{[39m[31m[91mmargin-left[33m:[39m[31m[91m-8px!important[33m}[39m[31m[91m[33m.m-xl-n3[39m[31m[91m[33m{[39m[31m[91mmargin[33m:[39m[31m[91m-22px!important[33m}[39m[31m[91m[33m.mt-xl-n3,.my-xl-n3[39m[31m[91m[33m{[39m[31m[91mmargin-top[33m:[39m[31m[91m-14px!important[33m}[39m[31m[91m[33m.mr-xl-n3,.mx-xl-n3[39m[31m[91m[33m{[39m[31m[91mmargin-right[33m:[39m[31m[91m-8px!important[33m}[39m[31m[91m[33m.mb-xl-n3,.my-xl-n3[39m[31m[91m[33m{[39m[31m[91mmargin-bottom[33m:[39m[31m[91m-14px!important[33m}[39m[31m[91m[33m.ml-xl-n3,.mx-xl-n3[39m[31m[91m[33m{[39m[31m[91mmargin-left[33m:[39m[31m[91m-8px!important[33m}[39m[31m[91m[33m.m-xl-n4[39m[31m[91m[33m{[39m[31m[91mmargin[33m:[39m[31m[91m-44px!important[33m}[39m[31m[91m[33m.mt-xl-n4,.my-xl-n4[39m[31m[91m[33m{[39m[31m[91mmargin-top[33m:[39m[31m[91m-28px!important[33m}[39m[31m[91m[33m.mr-xl-n4,.mx-xl-n4[39m[31m[91m[33m{[39m[31m[91mmargin-right[33m:[39m[31m[91m-16px!important[33m}[39m[31m[91m[33m.mb-xl-n4,.my-xl-n4[39m[31m[91m[33m{[39m[31m[91mmargin-bottom[33m:[39m[31m[91m-28px!important[33m}[39m[31m[91m[33m.ml-xl-n4,.mx-xl-n4[39m[31m[91m[33m{[39m[31m[91mmargin-left[33m:[39m[31m[91m-16px!important[33m}[39m[31m[91m[33m.m-xl-n5[39m[31m[91m[33m{[39m[31m[91mmargin[33m:[39m[31m[91m-44px!important[33m}[39m[31m[91m[33m.mt-xl-n5,.my-xl-n5[39m[31m[91m[33m{[39m[31m[91mmargin-top[33m:[39m[31m[91m-28px!important[33m}[39m[31m[91m[33m.mr-xl-n5,.mx-xl-n5[39m[31m[91m[33m{[39m[31m[91mmargin-right[33m:[39m[31m[91m-16px!important[33m}[39m[31m[91m[33m.mb-xl-n5,.my-xl-n5[39m[31m[91m[33m{[39m[31m[91mmargin-bottom[33m:[39m[31m[91m-28px!important[33m}[39m[31m[91m[33m.ml-xl-n5,.mx-xl-n5[39m[31m[91m[33m{[39m[31m[91mmargin-left[33m:[39m[31m[91m-16px!im[39m[22m[1m[31mportant[33m}[39m[31m[91m[33m.m-xl-n6[39m[31m[91m[33m{[39m[31m[91mmargin[33m:[39m[31m[91m-66px!important[33m}[39m[31m[91m[33m.mt-xl-n6,.my-xl-n6[39m[31m[91m[33m{[39m[31m[91mmargin-top[33m:[39m[31m[91m-42px!important[33m}[39m[31m[91m[33m.mr-xl-n6,.mx-xl-n6[39m[31m[91m[33m{[39m[31m[91mmargin-right[33m:[39m[31m[91m-24px!important[33m}[39m[31m[91m[33m.mb-xl-n6,.my-xl-n6[39m[31m[91m[33m{[39m[31m[91mmargin-bottom[33m:[39m[31m[91m-42px!important[33m}[39m[31m[91m[33m.ml-xl-n6,.mx-xl-n6[39m[31m[91m[33m{[39m[31m[91mmargin-left[33m:[39m[31m[91m-24px!important[33m}[39m[31m[91m[33m.m-xl-auto[39m[31m[91m[33m{[39m[31m[91mmargin[33m:[39m[31m[91mauto!important[33m}[39m[31m[91m[33m.mt-xl-auto,.my-xl-auto[39m[31m[91m[33m{[39m[31m[91mmargin-top[33m:[39m[31m[91mauto!important[33m}[39m[31m[91m[33m.mr-xl-auto,.mx-xl-auto[39m[31m[91m[33m{[39m[31m[91mmargin-right[33m:[39m[31m[91mauto!important[33m}[39m[31m[91m[33m.mb-xl-auto,.my-xl-auto[39m[31m[91m[33m{[39m[31m[91mmargin-bottom[33m:[39m[31m[91mauto!important[33m}[39m[31m[91m[33m.ml-xl-auto,.mx-xl-auto[39m[31m[91m[33m{[39m[31m[91mmargin-left[33m:[39m[31m[91mauto!important[33m}[39m[31m[91m[33m}[39m[31m[91m[33m.text-monospace[39m[31m[91m[33m{[39m[31m[91mfont-family[33m:[39m[31m[91mDOS,Monaco,Menlo,Consolas,[32m"Courier New"[39m[31m[91m,monospace!important[33m}[39m[31m[91m[33m.text-justify[39m[31m[91m[33m{[39m[31m[91mtext-align[33m:[39m[31m[91mjustify!important[33m}[39m[31m[91m[33m.text-wrap[39m[31m[91m[33m{[39m[31m[91mwhite-space[33m:[39m[31m[91mnormal!important[33m}[39m[31m[91m[33m.text-nowrap[39m[31m[91m[33m{[39m[31m[91mwhite-space[33m:[39m[31m[91mnowrap!important[33m}[39m[31m[91m[33m.text-truncate[39m[31m[91m[33m{[39m[31m[91moverflow[33m:[39m[31m[91mhidden[33m;[39m[31m[91mtext-overflow[33m:[39m[31m[91mellipsis[33m;[39m[31m[91mwhite-space[33m:[39m[31m[91mnowrap[33m}[39m[31m[91m[33m.text-left[39m[31m[91m[33m{[39m[31m[91mtext-align[33m:[39m[31m[91mleft!important[33m}[39m[31m[91m[33m.text-right[39m[31m[91m[33m{[39m[31m[91mtext-align[33m:[39m[31m[91mright!important[33m}[39m[31m[91m[33m.text-center[39m[31m[91m[33m{[39m[31m[39m[22m[1m[31m[91mtext-align[33m:[39m[31m[91mcenter!important[33m}[39m[31m[91m[36m@media[39m[31m[91m[36m [39m[31m[91m[36m(min-width:576px)[39m[31m[91m[33m{[39m[31m[91m[33m.text-sm-left[39m[31m[91m[33m{[39m[31m[91mtext-align[33m:[39m[31m[91mleft!important[33m}[39m[31m[91m[33m.text-sm-right[39m[31m[91m[33m{[39m[31m[91mtext-align[33m:[39m[31m[91mright!important[33m}[39m[31m[91m[33m.text-sm-center[39m[31m[91m[33m{[39m[31m[91mtext-align[33m:[39m[31m[91mcenter!important[33m}[39m[31m[91m[33m}[39m[31m[91m[36m@media[39m[31m[91m[36m [39m[31m[91m[36m(min-width:768px)[39m[31m[91m[33m{[39m[31m[91m[33m.text-md-left[39m[31m[91m[33m{[39m[31m[91mtext-align[33m:[39m[31m[91mleft!important[33m}[39m[31m[91m[33m.text-md-right[39m[31m[91m[33m{[39m[31m[91mtext-align[33m:[39m[31m[91mright!important[33m}[39m[31m[91m[33m.text-md-center[39m[31m[91m[33m{[39m[31m[91mtext-align[33m:[39m[31m[91mcenter!important[33m}[39m[31m[91m[33m}[39m[31m[91m[36m@media[39m[31m[91m[36m [39m[31m[91m[36m(min-width:960px)[39m[31m[91m[33m{[39m[31m[91m[33m.text-lg-left[39m[31m[91m[33m{[39m[31m[91mtext-align[33m:[39m[31m[91mleft!important[33m}[39m[31m[91m[33m.text-lg-right[39m[31m[91m[33m{[39m[31m[91mtext-align[33m:[39m[31m[91mright!important[33m}[39m[31m[91m[33m.text-lg-center[39m[31m[91m[33m{[39m[31m[91mtext-align[33m:[39m[31m[91mcenter!important[33m}[39m[31m[91m[33m}[39m[31m[91m[36m@media[39m[31m[91m[36m [39m[31m[91m[36m(min-width:1152px)[39m[31m[91m[33m{[39m[31m[91m[33m.text-xl-left[39m[31m[91m[33m{[39m[31m[91mtext-align[33m:[39m[31m[91mleft!important[33m}[39m[31m[91m[33m.text-xl-right[39m[31m[91m[33m{[39m[31m[91mtext-align[33m:[39m[31m[91mright!important[33m}[39m[31m[91m[33m.text-xl-center[39m[31m[91m[33m{[39m[31m[91mtext-align[33m:[39m[31m[91mcenter!important[33m}[39m[31m[91m[33m}[39m[31m[91m[33m.text-lowercase[39m[31m[91m[33m{[39m[31m[91mtext-transform[33m:[39m[31m[91mlowercase!important[33m}[39m[31m[91m[33m.text-uppercase[39m[31m[91m[33m{[39m[31m[91mtext-transform[33m:[39m[31m[91muppercase!important[33m}[39m[31m[91m[33m.text-capitalize[39m[31m[91m[33m{[39m[31m[91mtext-transform[33m:[39m[31m[91mcapitalize[39m[22m[1m[31m!important[33m}[39m[31m[91m[33m.font-italic[39m[31m[91m[33m{[39m[31m[91mfont-style[33m:[39m[31m[91mnormal!important[33m}[39m[31m[91m[33m.text-white[39m[31m[91m[33m{[39m[31m[91mcolor[33m:[39m[31m[91m[35m#fff[39m[31m[91m!important[33m}[39m[31m[91m[33m.text-primary[39m[31m[91m[33m{[39m[31m[91mcolor[33m:[39m[31m[91m[35m#fff[39m[31m[91m!important[33m}[39m[31m[91m[33m.text-secondary[39m[31m[91m[33m{[39m[31m[91mcolor[33m:[39m[31m[91m[35m#fff[39m[31m[91m!important[33m}[39m[31m[91m[33m.text-success[39m[31m[91m[33m{[39m[31m[91mcolor[33m:[39m[31m[91m[35m#5f5[39m[31m[91m!important[33m}[39m[31m[91m[33m.text-info[39m[31m[91m[33m{[39m[31m[91mcolor[33m:[39m[31m[91m[35m#5ff[39m[31m[91m!important[33m}[39m[31m[91m[33m.text-warning[39m[31m[91m[33m{[39m[31m[91mcolor[33m:[39m[31m[91m[35m#ff5[39m[31m[91m!important[33m}[39m[31m[91m[33m.text-danger[39m[31m[91m[33m{[39m[31m[91mcolor[33m:[39m[31m[91m[35m#f55[39m[31m[91m!important[33m}[39m[31m[91m[33m.text-dark[39m[31m[91m[33m{[39m[31m[91mcolor[33m:[39m[31m[91m[35m#555[39m[31m[91m!important[33m}[39m[31m[91m[33m.text-body[39m[31m[91m[33m{[39m[31m[91mcolor[33m:[39m[31m[91m[35m#bbb[39m[31m[91m!important[33m}[39m[31m[91m[33m.text-muted[39m[31m[91m[33m{[39m[31m[91mcolor[33m:[39m[31m[91m[35m#555[39m[31m[91m[33m}[39m[31m[91m[33m.text-hide[39m[31m[91m[33m{[39m[31m[91mfont[33m:[39m[31m[91m0/0 a[33m;[39m[31m[91mcolor[33m:[39m[31m[91mtransparent[33m;[39m[31m[91mtext-shadow[33m:[39m[31m[91mnone[33m;[39m[31m[91mbackground-color[33m:[39m[31m[91mtransparent[33m;[39m[31m[91mborder[33m:[39m[31m[91m0[33m}[39m[31m[91m[33m.text-decoration-none[39m[31m[91m[33m{[39m[31m[91mtext-decoration[33m:[39m[31m[91mnone!important[33m}[39m[31m[91m[33m.text-break[39m[31m[91m[33m{[39m[31m[91mword-break[33m:[39m[31m[91mbreak-word!important[33m;[39m[31m[91moverflow-wrap[33m:[39m[31m[91mbreak-word!important[33m}[39m[31m[91m[33m.text-reset[39m[31m[91m[33m{[39m[31m[91mcolor[33m:[39m[31m[91minherit!important[33m}[39m[31m[91m[33m.visible[39m[31m[91m[33m{[39m[31m[91mvisibility[33m:[39m[31m[91mvisible!important[33m}[39m[31m[91m[33m.invisible[39m[31m[91m[33m{[39m[31m[91mvis[39m[22m[1m[31mibility[33m:[39m[31m[91mhidden!important[33m}[39m[31m[91m[36m@media[39m[31m[91m print[33m{[39m[31m[91m*,[33m:[39m[31m[91m[33m:[39m[31m[91mafter,[33m:[39m[31m[91m[33m:[39m[31m[91mbefore[33m{[39m[31m[91mtext-shadow[33m:[39m[31m[91mnone!important[33m;[39m[31m[91mbox-shadow[33m:[39m[31m[91mnone!important[33m}[39m[31m[91ma[33m:[39m[31m[91m[36mnot[39m[31m[91m[36m(.btn)[39m[31m[91m[33m{[39m[31m[91mtext-decoration[33m:[39m[31m[91munderline[33m}[39m[31m[91mabbr[33m[[39m[31m[91mtitle[33m][39m[31m[91m[33m:[39m[31m[91m[33m:[39m[31m[91mafter[33m{[39m[31m[91mcontent[33m:[39m[31m[91m[32m" ("[39m[31m[91m [36mattr[39m[31m[91m[36m(title)[39m[31m[91m [32m")"[39m[31m[91m[33m}[39m[31m[91mpre[33m{[39m[31m[91mwhite-space[33m:[39m[31m[91mpre-wrap!important[33m}[39m[31m[91mblockquote,pre[33m{[39m[31m[91mborder[33m:[39m[31m[91m0 solid [35m#555[39m[31m[91m[33m;[39m[31m[91mpage-break-inside[33m:[39m[31m[91mavoid[33m}[39m[31m[91mthead[33m{[39m[31m[91mdisplay[33m:[39m[31m[91mtable-header-group[33m}[39m[31m[91mimg,tr[33m{[39m[31m[91mpage-break-inside[33m:[39m[31m[91mavoid[33m}[39m[31m[91mh2,h3,p[33m{[39m[31m[91morphans[33m:[39m[31m[91m3[33m;[39m[31m[91mwidows[33m:[39m[31m[91m3[33m}[39m[31m[91mh2,h3[33m{[39m[31m[91mpage-break-after[33m:[39m[31m[91mavoid[33m}[39m[31m[91m[36m@page[39m[31m[91m[33m{[39m[31m[91msize[33m:[39m[31m[91ma3[33m}[39m[31m[91mbody[33m{[39m[31m[91mmin-width[33m:[39m[31m[91m960px!important[33m}[39m[31m[91m[33m.container[39m[31m[91m[33m{[39m[31m[91mmin-width[33m:[39m[31m[91m960px!important[33m}[39m[31m[91m[33m.navbar[39m[31m[91m[33m{[39m[31m[91mdisplay[33m:[39m[31m[91mnone[33m}[39m[31m[91m[33m.badge[39m[31m[91m[33m{[39m[31m[91mborder[33m:[39m[31m[91m0 solid [35m#000[39m[31m[91m[33m}[39m[31m[91m[33m.table[39m[31m[91m[33m{[39m[31m[91mborder-collapse[33m:[39m[31m[91mcollapse!important[33m}[39m[31m[91m[33m.table[39m[31m[91m td,.table th[33m{[39m[31m[91mbackground-color[33m:[39m[31m[91m[35m#fff[39m[31m[91m!important[33m}[39m[31m[91m[33m.table-bordered[39m[31m[91m td,.table-bordered th[33m{[39m[31m[91mborder[33m:[39m[31m[91m1px solid [35m#555[39m[31m[91m!important[33m}[39m[22m[1m[31m[39m[91m[33m.table-dark[39m[31m[91m[33m{[39m[31m[91mcolor[33m:[39m[31m[91minherit[33m}[39m[31m[91m[33m.table-dark[39m[31m[91m tbody+tbody,.table-dark td,.table-dark th,.table-dark thead th[33m{[39m[31m[91mborder-color[33m:[39m[31m[91m[35m#555[39m[31m[91m[33m}[39m[31m[91m[33m.table[39m[31m[91m [33m.thead-dark[39m[31m[91m th[33m{[39m[31m[91mcolor[33m:[39m[31m[91minherit[33m;[39m[31m[91mborder-color[33m:[39m[31m[91m[35m#555[39m[31m[91m[33m}[39m[31m[91m[33m}[39m[31m[91m[39m[31m[0m[39m[22m
[1m[31m[0m[91m [90m   | [39m[31m[91m                                                                                                                                                                                                                                                                                                                                                                                                                                                                                                                                                                                                                                                                                                                                                                                                                                                                                                                                                                                                                                                                                                                                                                                                                                                                                                                                                                                                                                                                                                                                                                   [39m[22m[1m[31m                                                                                                                                                                                                                                                                                                                                                                                                                                                                                                                                                                                                                                                                                                                                                                                                                                                                                                                                                                                                                                                                                                                                                                                                                                                                                                                                                                                                                                                                                                                                                                                                                                                                                                                                                                                                                                                                                                                                                                                                                                                                                [39m[22m[1m[31m                                                                                                                                                                                                                                                                                                                                                                                                                                                                                                                                                                                                                                                                                                                                                                                                                                                                                                                                                                                                                                                                                                                                                                                                                                                                                                                                                                                                                                                                                                                                                                                                                                                                                                                                                                                                                                                                                                                                                                                                                                                                                [39m[22m[1m[31m                                                                                                                                                                                                                                                                                                                                                                                                                                                                                                                                                                                                                                                                                                                                                                                                                                                                                                                                                                                                                                                                                                                                                                                                                                                                                                                                                                                                                                                                                                                                                                                                                                                                                                                                                                                                                                                                                                                                                                                                                                                                                [39m[22m[1m[31m                                                                                                                                                                                                                                                                                                                                                                                                                                                                                                                                                                                                                                                                                                                                                                                                                                                                                                                                                                                                                                                                                                                                                                                                                                                                                                                                                                                                                                                                                                                                                                                                                                                                                                                                                                                                                                                                                                                                                                                                                                                                                [39m[22m[1m[31m                                                                                                                                                                                                                                                                                                                                                                                                                                                                                                                                                                                                                                                                                                                                                                                                                                                                                                                                                                                                                                                                                                                                                                                                                                                                                                                                                                                                                                                                                                                                                                                                                                                                                                                                                                                                                                                                                                                                                                                                                                                                                [39m[22m[1m[31m                                                                                                                                                                                                                                                                                                                                                                                                                                                                                                                                                                                                                                                                                                                                                                                                                                                                                                                                                                                                                                                                                                                                                                                                                                                                                                                                                                                                                                                                                                                                                                                                                                                                                                                                                                                                                                                                                                                                                                                                                                                                                [39m[22m[1m[31m                                                                                                                                                                                                                                                                                                                                                                                                                                                                                                                                                                                                                                                                                                                                                                                                                                                                                                                                                                                                                                                                                                                                                                                                                                                                                                                                                                                                                                                                                                                                                                                                                                                                                                                                                                                                                                                                                                                                                                                                                                                                                [39m[22m[1m[31m                                                                                                                                                                                                                                                                                                                                                                                                                                                                                                                                                                                                                                                                                                                                                                                                                                                                                                                                                                                                                                                                                                                                                                                                                                                                                                                                                                                                                                                                                                                                                                                                                                                                                                                                                                                                                                                                                                                                                                                                                                                                                [39m[22m[1m[31m                                                                                                                                                                                                                                                                                                                                                                                                                                                                                                                                                                                                                                                                                                                                                                                                                                                                                                                                                                                                                                                                                                                                                                                                                                                                                                                                                                                                                                                                                                                                                                                                                                                                                                                                                                                                                                                                                                                                                                                                                                                                                [39m[22m[1m[31m                                                                                                                                                                                                                                                                                                                                                                                                                                                                                                                                                                                                                                                                                                                                                                                                                                                                                                                                                                                                                                                                                                                                                                                                                                                                                                                                                                                                                                                                                                                                                                                                                                                                                                                                                                                                                                                                                                                                                                                                                                                                                [39m[22m[1m[31m                                                                                                                                                                                                                                                                                                                                                                                                                                                                                                                                                                                                                                                                                                                                                                                                                                                                                                                                                                                                                                                                                                                                                                                                                                                                                                                                                                                                                                                                                                                                                                                                                                                                                                                                                                                                                                                                                                                                                                                                                                                                                [39m[22m[1m[31m                                                                                                                                                                                                                                                                                                                                                                                                                                                                                                                                                                                                                                                                                                                                                                                                                                                                                                                                                                                                                                                                                                                                                                                                                                                                                                                                                                                                                                                                                                                                                                                                                                                                                                                                                                                                                                                                                                                                                                                                                                                                                [39m[22m[1m[31m                                                                                                                                                                                                                                                                                                                                                                                                                                                                                                                                                                                                                                                                                                                                                                                                                                                                                                                                                                                                                                                                                                                                                                                                                                                                                                                                                                                                                                                                                                                                                                                                                                                                                                                                                                                                                                                                                                                                                                                                                                                                                [39m[22m[1m[31m                                                                                                                                                                                                                                                                                                                                                                                                                                                                                                                                                                                                                                                                                                                                                                                                                                                                                                                                                                                                                                                                                                                                                                                                                                                                                                                                                                                                                                                                                                                                                                                                                                                                                                                                                                                                                                                                                                                                                                                                                                                                                [39m[22m[1m[31m                                                                                                                                                                                                                                                                                                                                                                                                                                                                                                                                                                                                                                                                                                                                                                                                                                                                                                                                                                                                                                                                                                                                                                                                                                                                                                                                                                                                                                                                                                                                                                                                                                                                                                                                                                                                                                                                                                                                                                                                                                                                                [39m[22m[1m[31m                                                                                                                                                                                                                                                                                                                                                                                                                                                                                                                                                                                                                                                                                                                                                                                                                                                                                                                                                                                                                                                                                                                                                                                                                                                                                                                                                                                                                                                                                                                                                                                                                                                                                                                                                                                                                                                                                                                                                                                                                                                                                [39m[22m[1m[31m                                                                                                                                                                                                                                                                                                                                                                                                                                                                                                                                                                                                                                                                                                                                                                                                                                                                                                                                                                                                                                                                                                                                                                                                                                                                                                                                                                                                                                                                                                                                                                                                                                                                                                                                                                                                                                                                                                                                                                                                                                                                                [39m[22m[1m[31m                                                                                                                                                                                                                                                                                                                                                                                                                                                                                                                                                                                                                                                                                                                                                                                                                                                                                                                                                                                                                                                                                                                                                                                                                                                                                                                                                                                                                                                                                                                                                                                                                                                                                                                                                                                                                                                                                                                                                                                                                                                                                [39m[22m[1m[31m                                                                                                                                                                                                                                                                                                                                                                                                                                                                                                                                                                                                                                                                                                                                                                                                                                                                                                                                                                                                                                                                                                                                                                                                                                                                                                                                                                                                                                                                                                                                                                                                                                                                                                                                                                                                                                                                                                                                                                                                                                                                                [39m[22m[1m[31m                                                                                                                                                                                                                                                                                                                                                                                                                                                                                                                                                                                                                                                                                                                                                                                                                                                                                                                                                                                                                                                                                                                                                                                                                                                                                                                                                                                                                                                                                                                                                                                                                                                                                                                                                                                                                                                                                                                                                                                                                                                                                [39m[22m[1m[31m                                                                                                                                                                                                                                                                                                                                                                                                                                                                                                                                                                                                                                                                                                                                                                                                                                                                                                                                                                                                                                                                                                                                                                                                                                                                                                                                                                                                                                                                                                                                                                                                                                                                                                                                                                                                                                                                                                                                                                                                                                                                                [39m[22m[1m[31m                                                                                                                                                                                                                                                                                                                                                                                                                                                                                                                                                                                                                                                                                                                                                                                                                                                                                                                                                                                                                                                                                                                                                                                                                                                                                                                                                                                                                                                                                                                                                                                                                                                                                                                                                                                                                                                                                                                                                                                                                                                                                [39m[22m[1m[31m                                                                                                                                                                                                                                                                                                                                                                                                                                                                                                                                                                                                                                                                                                                                                                                                                                                                                                                                                                                                                                                                                                                                                                                                                                                                                                                                                                                                                                                                                                                                                                                                                                                                                                                                                                                                                                                                                                                                                                                                                                                                                [39m[22m[1m[31m                                                                                                                                                                                                                                                                                                                                                                                                                                                                                                                                                                                                                                                                                                                                                                                                                                                                                                                                                                                                                                                                                                                                                                                                                                                                                                                                                                                                                                                                                                                                                                                                                                                                                                                                                                                                                                                                                                                                                                                                                                                                                [39m[22m[1m[31m                                                                                                                                                                                                                                                                                                                                                                                                                                                                                                                                                                                                                                                                                                                                                                                                                                                                                                                                                                                                                                                                                                                                                                                                                                                                                                                                                                                                                                                                                                                                                                                                                                                                                                                                                                                                                                                                                                                                                                                                                                                                                [39m[22m[1m[31m                                                                                                                                                                                                                                                                                                                                                                                                                                                                                                                                                                                                                                                                                                                                                                                                                                                                                                                                                                                                                                                                                                                                                                                                                                                                                                                                                                                                                                                                                                                                                                                                                                                                                                                                                                                                                                                                                                                                                                                                                                                                                [39m[22m[1m[31m                                                                                                                                                                                                                                                                                                                                                                                                                                                                                                                                                                                                                                                                                                                                                                                                                                                                                                                                                                                                                                                                                                                                                                                                                                                                                                                                                                                                                                                                                                                                                                                                                                                                                                                                                                                                                                                                                                                                                                                                                                                                                [39m[22m[1m[31m                                                                                                                                                                                                                                                                                                                                                                                                                                                                                                                                                                                                                                                                                                                                                                                                                                                                                                                                                                                                                                                                                                                                                                                                                                                                                                                                                                                                                                                                                                                                                                                                                                                                                                                                                                                                                                                                                                                                                                                                                                                                                [39m[22m[1m[31m                                                                                                                                                                                                                                                                                                                                                                                                                                                                                                                                                                                                                                      [1m[31m^[39m[31m[91m[22m[1m[39m[31m[0m[39m[22m
[1m[31m[0m[91m [90m 7 | [39m[31m[91m[90m/*# sourceMappingURL=bootstrap.min.css.map */[39m[31m[91m[39m[31m[0m[39m[22m
[1m[31m[0m[91m[39m[31m[0m[39m[22m
[1m[31m[0m[91m    at Object.emitError (/Users/zefram/Documents/GitHub/astrodrop-frontend/node_modules/@angular-builders/custom-webpack/node_modules/webpack/lib/NormalModule.js:173:6)[39m[31m[0m[39m[22m
[1m[31m[0m[91m    at Declaration (/Users/zefram/Documents/GitHub/astrodrop-frontend/node_modules/@angular-builders/custom-webpack/node_modules/@angular-devkit/build-angular/src/webpack/plugins/postcss-cli-resources.js:123:28)[39m[31m[0m[39m[22m
[1m[31m[0m[91m    at runMicrotasks (<anonymous>)[39m[31m[0m[39m[22m
[1m[31m[0m[91m    at processTicksAndRejections (node:internal/process/task_queues:96:5)[39m[31m[0m[39m[22m
[1m[31m[0m[91m    at async LazyResult.runAsync (/Users/zefram/Documents/GitHub/astrodrop-frontend/node_modules/@angular-builders/custom-webpack/node_modules/postcss/lib/lazy-result.js:375:15)[39m[31m[0m[39m[22m
[1m[31m[0m[91m    at async Object.loader (/Users/zefram/Documents/GitHub/astrodrop-frontend/node_modules/@angular-builders/custom-webpack/node_modules/postcss-loader/dist/index.js:95:14)[39m[31m[0m[39m[22m
[1m[31m[0m[91m[39m[31m[0m[39m[22m
[1m[31m[0m[91m[39m[31m[0m[39m[22m
- Generating browser application bundles...
[32m✔[39m Browser application bundle generation complete.
[1m[33m[39m[22m
[1m[33m[0m[93mWarning: Emitted no files.[39m[33m[0m[39m[22m
[1m[33m[0m[93m[39m[33m[0m[39m[22m
[1m[33m[0m[93m[39m[33m[0m[39m[22m
[1m[33m[0m[93m[39m[33m[0m[39m[22m
